INFO: Pandarallel will run on 8 workers.
INFO: Pandarallel will use Memory file system to transfer data between the main process and workers.
{"event": "eval_start", "selected": 7, "resume_committed": 0, "committed_errors": 0, "crash_only_resume": false}
2026-08-08 20:15:24.431 | DEBUG    | eval.evaluation.data_loader:extract_dataframe:167 - find markdown_str 
| 电影名称 | 导演 | 上映年份 | 通过该电影所获奖项 |
| --- | --- | --- | --- |
| 《东 ...
2026-08-08 20:15:25.585 | INFO     | eval.evaluation.metric_utils:primary_key_preprocess:246 - primary_key_preprocess result: ```json
{
  "电影名称": "电影名称",
  "导演": "导演",
  "上映年份": "上映年份",
  "通过该电影所获奖项": "梁朝伟通过该电影所获奖项"
}
```
2026-08-08 20:15:25.585 | INFO     | eval.evaluation.evaluation:evaluate_single_query:172 - column map: {'电影名称': '电影名称', '导演': '导演', '上映年份': '上映年份', '通过该电影所获奖项': '梁朝伟通过该电影所获奖项'}
2026-08-08 20:15:25.585 | INFO     | eval.evaluation.evaluation:evaluate_single_query:173 - befor mapping: Index(['电影名称', '导演', '上映年份', '通过该电影所获奖项'], dtype='object')
2026-08-08 20:15:25.586 | INFO     | eval.evaluation.evaluation:evaluate_single_query:175 - after mapping: Index(['电影名称', '导演', '上映年份', '梁朝伟通过该电影所获奖项'], dtype='object')
2026-08-08 20:15:31.729 | INFO     | eval.evaluation.metric_utils:primary_key_preprocess:246 - primary_key_preprocess result: ```json
{
  "《东京攻略》": "东京攻略",
  "《花样年华》": "花样年华",
  "《侠骨仁心》": "侠骨仁心",
  "《同居蜜友》": "同居蜜友",
  "《有情饮水饱》": "有情饮水饱",
  "《天下无双》": "天下无双",
  "《英雄》": "英雄",
  "《无间道》": "无间道",
  "《行运超人》": "行运超人",
  "《地下铁》": "地下铁",
  "《无间道Ⅲ：终极无间》": "无间道3：终极无间",
  "《2046》": "2046",
  "《韩城攻略》": "韩城攻略",
  "《伤城》": "伤城",
  "《色，戒》": "色·戒",
  "《赤壁（上）》": "赤壁（上）",
  "《赤壁（下）：决战天下》": "赤壁（下）",
  "《大魔术师》": "大魔术师",
  "《听风者》": "听风者",
  "《一代宗师》": "一代宗师",
  "《摆渡人》": "摆渡人",
  "《捉妖记2》": "捉妖记2",
  "《欧洲攻略》": "欧洲攻略",
  "《尚气与十环传奇》": "尚气与十环传奇",
  "《风再起时》": "风再起时",
  "《无名》": "无名",
  "《金手指》": "金手指"
}
```
2026-08-08 20:15:31.729 | INFO     | eval.evaluation.evaluation:evaluate_single_query:223 - col: 电影名称, primary_key_map {'《东京攻略》': '东京攻略', '《花样年华》': '花样年华', '《侠骨仁心》': '侠骨仁心', '《同居蜜友》': '同居蜜友', '《有情饮水饱》': '有情饮水饱', '《天下无双》': '天下无双', '《英雄》': '英雄', '《无间道》': '无间道', '《行运超人》': '行运超人', '《地下铁》': '地下铁', '《无间道Ⅲ：终极无间》': '无间道3：终极无间', '《2046》': '2046', '《韩城攻略》': '韩城攻略', '《伤城》': '伤城', '《色，戒》': '色·戒', '《赤壁（上）》': '赤壁（上）', '《赤壁（下）：决战天下》': '赤壁（下）', '《大魔术师》': '大魔术师', '《听风者》': '听风者', '《一代宗师》': '一代宗师', '《摆渡人》': '摆渡人', '《捉妖记2》': '捉妖记2', '《欧洲攻略》': '欧洲攻略', '《尚气与十环传奇》': '尚气与十环传奇', '《风再起时》': '风再起时', '《无名》': '无名', '《金手指》': '金手指'}
2026-08-08 20:15:31.736 | INFO     | eval.evaluation.evaluation:evaluate_single_query:275 - wide2deep_ws_zh_096, df_inner shape: (27, 8), answer_df shape: (29, 4), response_df shape: (28, 5)
2026-08-08 20:15:35.851 | DEBUG    | eval.evaluation.evaluation:evaluate_single_query:321 - wide2deep_ws_zh_096, col 导演, metric_func_name llm_judge, score [1, 1, 1, 1, 1, 1, 1, 1, 1, 1, 1, 1, 1, 1, 1, 1, 1, 1, 1, 1, 1, 1, 1, 1, 1, 1, 1]
2026-08-08 20:15:38.792 | DEBUG    | eval.evaluation.evaluation:evaluate_single_query:321 - wide2deep_ws_zh_096, col 上映年份, metric_func_name llm_judge, score [1, 1, 1, 1, 1, 1, 1, 1, 1, 1, 1, 1, 1, 1, 1, 1, 1, 0, 1, 1, 1, 1, 1, 1, 1, 1, 1]
2026-08-08 20:15:42.721 | DEBUG    | eval.evaluation.evaluation:evaluate_single_query:321 - wide2deep_ws_zh_096, col 梁朝伟通过该电影所获奖项, metric_func_name llm_judge, score [1, 1, 0, 1, 1, 1, 0, 1, 1, 1, 0, 0, 1, 1, 1, 1, 1, 1, 1, 0, 1, 1, 1, 1, 1, 0, 1]
2026-08-08 20:15:42.728 | INFO     | eval.evaluation.evaluation:evaluate_single_query:380 - wide2deep_ws_zh_096, P/R/F1 by unique_columns: 0.9643/0.9310/0.9474
2026-08-08 20:15:42.728 | INFO     | eval.evaluation.evaluation:evaluate_single_query:383 - wide2deep_ws_zh_096, P/R/F1 by row: 0.7143/0.6897/0.7018
2026-08-08 20:15:42.728 | INFO     | eval.evaluation.evaluation:evaluate_single_query:386 - wide2deep_ws_zh_096, P/R/F1 by item: 0.9018/0.8707/0.8860
2026-08-08 20:15:42.730 | INFO     | eval.evaluation.evaluation:evaluate_single_query:398 - wide2deep_ws_zh_096, final table score: 0.0
{"event": "eval_done", "idx": 1, "instance_id": "wide2deep_ws_zh_096", "score": 0.0, "entity_acc": 1.0, "f1_by_row": 0.7017543859649122, "f1_by_item": 0.8859649122807018, "column_f1": 0.9473684210526316, "error": null, "elapsed_seconds": 19.955, "running_n": 1}
{"event": "eval_done", "idx": 2, "instance_id": "wide2deep_ws_en_015", "score": 0.0, "entity_acc": 0.0, "f1_by_row": 0.0, "f1_by_item": 0.0, "column_f1": 0.0, "error": null, "elapsed_seconds": 0.888, "running_n": 2}
{"event": "eval_done", "idx": 3, "instance_id": "wide2deep_ws_en_038", "score": 0.0, "entity_acc": 0.0, "f1_by_row": 0.0, "f1_by_item": 0.0, "column_f1": 0.0, "error": null, "elapsed_seconds": 2.164, "running_n": 3}
{"event": "eval_done", "idx": 4, "instance_id": "wide2deep_ws_en_045", "score": 0.0, "entity_acc": 0.0, "f1_by_row": 0.0, "f1_by_item": 0.0, "column_f1": 0.0, "error": null, "elapsed_seconds": 3.238, "running_n": 4}
2026-08-08 20:15:51.238 | DEBUG    | eval.evaluation.data_loader:extract_dataframe:167 - find markdown_str 
| Country | Capital City | Surface Area (km²) | Population Dens ...
2026-08-08 20:15:56.962 | INFO     | eval.evaluation.metric_utils:primary_key_preprocess:246 - primary_key_preprocess result: ```json
{
  "Algeria": "Algeria",
  "Angola": "Angola",
  "Benin": "Benin",
  "Botswana": "Botswana",
  "Burkina Faso": "Burkina Faso",
  "Burundi": "Burundi",
  "Cabo Verde": "Cape Verde",
  "Cameroon": "Cameroon",
  "Central African Republic": "Central African Republic",
  "Chad": "Chad",
  "Comoros": "Comoros",
  "Côte d'Ivoire": "Côte d'Ivoire",
  "Democratic Republic of the Congo": "Democratic Republic of the Congo",
  "Djibouti": "Djibouti",
  "Egypt": "Egypt",
  "Equatorial Guinea": "Equatorial Guinea",
  "Eritrea": "Eritrea",
  "Ethiopia": "Ethiopia",
  "Gabon": "Gabon",
  "Gambia": "Gambia",
  "Ghana": "Ghana",
  "Guinea": "Guinea",
  "Guinea-Bissau": "Guinea-Bissau",
  "Kenya": "Kenya",
  "Lesotho": "Lesotho",
  "Liberia": "Liberia",
  "Libya": "Libya",
  "Madagascar": "Madagascar",
  "Malawi": "Malawi",
  "Mali": "Mali",
  "Mauritania": "Mauritania",
  "Morocco": "Morocco",
  "Mozambique": "Mozambique",
  "Namibia": "Namibia",
  "Niger": "Niger",
  "Nigeria": "Nigeria",
  "Republic of the Congo": "Congo",
  "Rwanda": "Rwanda",
  "São Tomé and Príncipe": "São Tomé and Príncipe",
  "Senegal": "Senegal",
  "Seychelles": "Seychelles",
  "Sierra Leone": "Sierra Leone",
  "Somalia": "Somalia",
  "South Africa": "South Africa",
  "South Sudan": "South Sudan",
  "Sudan": "Sudan",
  "Tanzania": "Tanzania",
  "Togo": "Togo",
  "Tunisia": "Tunisia",
  "Uganda": "Uganda",
  "Zambia": "Zambia",
  "Zimbabwe": "Zimbabwe"
}
```
2026-08-08 20:15:56.962 | INFO     | eval.evaluation.evaluation:evaluate_single_query:223 - col: country, primary_key_map {'Algeria': 'Algeria', 'Angola': 'Angola', 'Benin': 'Benin', 'Botswana': 'Botswana', 'Burkina Faso': 'Burkina Faso', 'Burundi': 'Burundi', 'Cabo Verde': 'Cape Verde', 'Cameroon': 'Cameroon', 'Central African Republic': 'Central African Republic', 'Chad': 'Chad', 'Comoros': 'Comoros', "Côte d'Ivoire": "Côte d'Ivoire", 'Democratic Republic of the Congo': 'Democratic Republic of the Congo', 'Djibouti': 'Djibouti', 'Egypt': 'Egypt', 'Equatorial Guinea': 'Equatorial Guinea', 'Eritrea': 'Eritrea', 'Ethiopia': 'Ethiopia', 'Gabon': 'Gabon', 'Gambia': 'Gambia', 'Ghana': 'Ghana', 'Guinea': 'Guinea', 'Guinea-Bissau': 'Guinea-Bissau', 'Kenya': 'Kenya', 'Lesotho': 'Lesotho', 'Liberia': 'Liberia', 'Libya': 'Libya', 'Madagascar': 'Madagascar', 'Malawi': 'Malawi', 'Mali': 'Mali', 'Mauritania': 'Mauritania', 'Morocco': 'Morocco', 'Mozambique': 'Mozambique', 'Namibia': 'Namibia', 'Niger': 'Niger', 'Nigeria': 'Nigeria', 'Republic of the Congo': 'Congo', 'Rwanda': 'Rwanda', 'São Tomé and Príncipe': 'São Tomé and Príncipe', 'Senegal': 'Senegal', 'Seychelles': 'Seychelles', 'Sierra Leone': 'Sierra Leone', 'Somalia': 'Somalia', 'South Africa': 'South Africa', 'South Sudan': 'South Sudan', 'Sudan': 'Sudan', 'Tanzania': 'Tanzania', 'Togo': 'Togo', 'Tunisia': 'Tunisia', 'Uganda': 'Uganda', 'Zambia': 'Zambia', 'Zimbabwe': 'Zimbabwe'}
2026-08-08 20:15:56.970 | INFO     | eval.evaluation.evaluation:evaluate_single_query:275 - wide2deep_ws_en_087, df_inner shape: (52, 12), answer_df shape: (52, 6), response_df shape: (53, 7)
2026-08-08 20:16:02.696 | DEBUG    | eval.evaluation.evaluation:evaluate_single_query:321 - wide2deep_ws_en_087, col capitalcity, metric_func_name llm_judge, score [1, 1, 1, 1, 1, 1, 1, 1, 1, 1, 1, 1, 1, 1, 1, 1, 1, 1, 1, 1, 1, 1, 1, 1, 1, 1, 1, 1, 1, 1, 1, 1, 1, 1, 1, 1, 0, 1, 1, 1, 1, 1, 1, 1, 1, 1, 1, 1, 1, 1, 1, 1]
2026-08-08 20:16:02.696 | DEBUG    | eval.evaluation.evaluation:metric_call:77 - metric_func_name number_near score 1.0 msg number near in range 10.0%, response: 2381741.0, target: 2381741.0
2026-08-08 20:16:02.697 | DEBUG    | eval.evaluation.evaluation:metric_call:77 - metric_func_name number_near score 1.0 msg number near in range 10.0%, response: 1001450.0, target: 1001450.0
2026-08-08 20:16:02.697 | DEBUG    | eval.evaluation.evaluation:metric_call:77 - metric_func_name number_near score 1.0 msg number near in range 10.0%, response: 1136240.0, target: 1136240.0
2026-08-08 20:16:02.697 | DEBUG    | eval.evaluation.evaluation:metric_call:77 - metric_func_name number_near score 1.0 msg number near in range 10.0%, response: 1246700.0, target: 1246700.0
2026-08-08 20:16:02.697 | DEBUG    | eval.evaluation.evaluation:metric_call:77 - metric_func_name number_near score 1.0 msg number near in range 10.0%, response: 114760.0, target: 114760.0
2026-08-08 20:16:02.697 | DEBUG    | eval.evaluation.evaluation:metric_call:77 - metric_func_name number_near score 1.0 msg number near in range 10.0%, response: 581730.0, target: 581730.0
2026-08-08 20:16:02.697 | DEBUG    | eval.evaluation.evaluation:metric_call:77 - metric_func_name number_near score 1.0 msg number near in range 10.0%, response: 274220.0, target: 274200.0
2026-08-08 20:16:02.697 | DEBUG    | eval.evaluation.evaluation:metric_call:77 - metric_func_name number_near score 1.0 msg number near in range 10.0%, response: 27830.0, target: 27830.0
2026-08-08 20:16:02.697 | DEBUG    | eval.evaluation.evaluation:metric_call:77 - metric_func_name number_near score 1.0 msg number near in range 10.0%, response: 28050.0, target: 28050.0
2026-08-08 20:16:02.697 | DEBUG    | eval.evaluation.evaluation:metric_call:77 - metric_func_name number_near score 1.0 msg number near in range 10.0%, response: 56790.0, target: 56790.0
2026-08-08 20:16:02.697 | DEBUG    | eval.evaluation.evaluation:metric_call:77 - metric_func_name number_near score 1.0 msg number near in range 10.0%, response: 121630.0, target: 121630.0
2026-08-08 20:16:02.697 | DEBUG    | eval.evaluation.evaluation:metric_call:77 - metric_func_name number_near score 1.0 msg number near in range 10.0%, response: 4030.0, target: 4030.0
2026-08-08 20:16:02.697 | DEBUG    | eval.evaluation.evaluation:metric_call:77 - metric_func_name number_near score 1.0 msg number near in range 10.0%, response: 11300.0, target: 11300.0
2026-08-08 20:16:02.697 | DEBUG    | eval.evaluation.evaluation:metric_call:77 - metric_func_name number_near score 1.0 msg number near in range 10.0%, response: 342000.0, target: 342000.0
2026-08-08 20:16:02.697 | DEBUG    | eval.evaluation.evaluation:metric_call:77 - metric_func_name number_near score 1.0 msg number near in range 10.0%, response: 2344860.0, target: 2344860.0
2026-08-08 20:16:02.697 | DEBUG    | eval.evaluation.evaluation:metric_call:77 - metric_func_name number_near score 1.0 msg number near in range 10.0%, response: 23200.0, target: 23200.0
2026-08-08 20:16:02.697 | DEBUG    | eval.evaluation.evaluation:metric_call:77 - metric_func_name number_near score 1.0 msg number near in range 10.0%, response: 245860.0, target: 245860.0
2026-08-08 20:16:02.697 | DEBUG    | eval.evaluation.evaluation:metric_call:77 - metric_func_name number_near score 1.0 msg number near in range 10.0%, response: 36130.0, target: 36130.0
2026-08-08 20:16:02.697 | DEBUG    | eval.evaluation.evaluation:metric_call:77 - metric_func_name number_near score 1.0 msg number near in range 10.0%, response: 238530.0, target: 238533.0
2026-08-08 20:16:02.697 | DEBUG    | eval.evaluation.evaluation:metric_call:77 - metric_func_name number_near score 1.0 msg number near in range 10.0%, response: 267670.0, target: 267670.0
2026-08-08 20:16:02.697 | DEBUG    | eval.evaluation.evaluation:metric_call:77 - metric_func_name number_near score 1.0 msg number near in range 10.0%, response: 390760.0, target: 390760.0
2026-08-08 20:16:02.697 | DEBUG    | eval.evaluation.evaluation:metric_call:77 - metric_func_name number_near score 1.0 msg number near in range 10.0%, response: 475440.0, target: 475440.0
2026-08-08 20:16:02.697 | DEBUG    | eval.evaluation.evaluation:metric_call:77 - metric_func_name number_near score 1.0 msg number near in range 10.0%, response: 1861.0, target: 1861.0
2026-08-08 20:16:02.697 | DEBUG    | eval.evaluation.evaluation:metric_call:77 - metric_func_name number_near score 1.0 msg number near in range 10.0%, response: 322460.0, target: 322460.0
2026-08-08 20:16:02.697 | DEBUG    | eval.evaluation.evaluation:metric_call:77 - metric_func_name number_near score 1.0 msg number near in range 10.0%, response: 580370.0, target: 580370.0
2026-08-08 20:16:02.697 | DEBUG    | eval.evaluation.evaluation:metric_call:77 - metric_func_name number_near score 1.0 msg number near in range 10.0%, response: 30360.0, target: 30360.0
2026-08-08 20:16:02.697 | DEBUG    | eval.evaluation.evaluation:metric_call:77 - metric_func_name number_near score 1.0 msg number near in range 10.0%, response: 111370.0, target: 111370.0
2026-08-08 20:16:02.697 | DEBUG    | eval.evaluation.evaluation:metric_call:77 - metric_func_name number_near score 1.0 msg number near in range 10.0%, response: 1759540.0, target: 1759540.0
2026-08-08 20:16:02.697 | DEBUG    | eval.evaluation.evaluation:metric_call:77 - metric_func_name number_near score 1.0 msg number near in range 10.0%, response: 26340.0, target: 26340.0
2026-08-08 20:16:02.697 | DEBUG    | eval.evaluation.evaluation:metric_call:77 - metric_func_name number_near score 1.0 msg number near in range 10.0%, response: 587295.0, target: 587295.0
2026-08-08 20:16:02.698 | DEBUG    | eval.evaluation.evaluation:metric_call:77 - metric_func_name number_near score 1.0 msg number near in range 10.0%, response: 118480.0, target: 118480.0
2026-08-08 20:16:02.698 | DEBUG    | eval.evaluation.evaluation:metric_call:77 - metric_func_name number_near score 1.0 msg number near in range 10.0%, response: 1240190.0, target: 1240190.0
2026-08-08 20:16:02.698 | DEBUG    | eval.evaluation.evaluation:metric_call:77 - metric_func_name number_near score 1.0 msg number near in range 10.0%, response: 1030700.0, target: 1030700.0
2026-08-08 20:16:02.698 | DEBUG    | eval.evaluation.evaluation:metric_call:77 - metric_func_name number_near score 1.0 msg number near in range 10.0%, response: 446550.0, target: 446550.0
2026-08-08 20:16:02.698 | DEBUG    | eval.evaluation.evaluation:metric_call:77 - metric_func_name number_near score 1.0 msg number near in range 10.0%, response: 799380.0, target: 799380.0
2026-08-08 20:16:02.698 | DEBUG    | eval.evaluation.evaluation:metric_call:77 - metric_func_name number_near score 1.0 msg number near in range 10.0%, response: 824290.0, target: 824290.0
2026-08-08 20:16:02.698 | DEBUG    | eval.evaluation.evaluation:metric_call:77 - metric_func_name number_near score 1.0 msg number near in range 10.0%, response: 1219090.0, target: 1219090.0
2026-08-08 20:16:02.698 | DEBUG    | eval.evaluation.evaluation:metric_call:77 - metric_func_name number_near score 1.0 msg number near in range 10.0%, response: 644330.0, target: 646883.0
2026-08-08 20:16:02.698 | DEBUG    | eval.evaluation.evaluation:metric_call:77 - metric_func_name number_near score 1.0 msg number near in range 10.0%, response: 1267000.0, target: 1267000.0
2026-08-08 20:16:02.698 | DEBUG    | eval.evaluation.evaluation:metric_call:77 - metric_func_name number_near score 1.0 msg number near in range 10.0%, response: 923770.0, target: 923770.0
2026-08-08 20:16:02.698 | DEBUG    | eval.evaluation.evaluation:metric_call:77 - metric_func_name number_near score 1.0 msg number near in range 10.0%, response: 72300.0, target: 72300.0
2026-08-08 20:16:02.698 | DEBUG    | eval.evaluation.evaluation:metric_call:77 - metric_func_name number_near score 1.0 msg number near in range 10.0%, response: 196710.0, target: 196710.0
2026-08-08 20:16:02.698 | DEBUG    | eval.evaluation.evaluation:metric_call:77 - metric_func_name number_near score 1.0 msg number near in range 10.0%, response: 460.0, target: 460.0
2026-08-08 20:16:02.698 | DEBUG    | eval.evaluation.evaluation:metric_call:77 - metric_func_name number_near score 1.0 msg number near in range 10.0%, response: 960.0, target: 960.0
2026-08-08 20:16:02.698 | DEBUG    | eval.evaluation.evaluation:metric_call:77 - metric_func_name number_near score 1.0 msg number near in range 10.0%, response: 1879358.0, target: 1878000.0
2026-08-08 20:16:02.698 | DEBUG    | eval.evaluation.evaluation:metric_call:77 - metric_func_name number_near score 1.0 msg number near in range 10.0%, response: 637660.0, target: 637660.0
2026-08-08 20:16:02.698 | DEBUG    | eval.evaluation.evaluation:metric_call:77 - metric_func_name number_near score 1.0 msg number near in range 10.0%, response: 947300.0, target: 947300.0
2026-08-08 20:16:02.698 | DEBUG    | eval.evaluation.evaluation:metric_call:77 - metric_func_name number_near score 1.0 msg number near in range 10.0%, response: 163610.0, target: 163610.0
2026-08-08 20:16:02.698 | DEBUG    | eval.evaluation.evaluation:metric_call:77 - metric_func_name number_near score 1.0 msg number near in range 10.0%, response: 241550.0, target: 241550.0
2026-08-08 20:16:02.698 | DEBUG    | eval.evaluation.evaluation:metric_call:77 - metric_func_name number_near score 1.0 msg number near in range 10.0%, response: 752610.0, target: 752610.0
2026-08-08 20:16:02.698 | DEBUG    | eval.evaluation.evaluation:metric_call:77 - metric_func_name number_near score 1.0 msg number near in range 10.0%, response: 1284000.0, target: 1284000.0
2026-08-08 20:16:02.698 | DEBUG    | eval.evaluation.evaluation:metric_call:77 - metric_func_name number_near score 1.0 msg number near in range 10.0%, response: 622980.0, target: 622980.0
2026-08-08 20:16:02.699 | DEBUG    | eval.evaluation.evaluation:evaluate_single_query:321 - wide2deep_ws_en_087, col surfacearea(km²), metric_func_name number_near, score [1.0, 1.0, 1.0, 1.0, 1.0, 1.0, 1.0, 1.0, 1.0, 1.0, 1.0, 1.0, 1.0, 1.0, 1.0, 1.0, 1.0, 1.0, 1.0, 1.0, 1.0, 1.0, 1.0, 1.0, 1.0, 1.0, 1.0, 1.0, 1.0, 1.0, 1.0, 1.0, 1.0, 1.0, 1.0, 1.0, 1.0, 1.0, 1.0, 1.0, 1.0, 1.0, 1.0, 1.0, 1.0, 1.0, 1.0, 1.0, 1.0, 1.0, 1.0, 1.0]
2026-08-08 20:16:02.699 | DEBUG    | eval.evaluation.evaluation:metric_call:77 - metric_func_name number_near score 1.0 msg number near in range 10.0%, response: 19.0, target: 19.0
2026-08-08 20:16:02.699 | DEBUG    | eval.evaluation.evaluation:metric_call:77 - metric_func_name number_near score 1.0 msg number near in range 10.0%, response: 112.0, target: 113.0
2026-08-08 20:16:02.699 | DEBUG    | eval.evaluation.evaluation:metric_call:77 - metric_func_name number_near score 1.0 msg number near in range 10.0%, response: 116.0, target: 111.0
2026-08-08 20:16:02.699 | DEBUG    | eval.evaluation.evaluation:metric_call:77 - metric_func_name number_near score 1.0 msg number near in range 10.0%, response: 29.0, target: 29.0
2026-08-08 20:16:02.699 | DEBUG    | eval.evaluation.evaluation:metric_call:77 - metric_func_name number_near score 1.0 msg number near in range 10.0%, response: 122.0, target: 122.0
2026-08-08 20:16:02.699 | DEBUG    | eval.evaluation.evaluation:metric_call:77 - metric_func_name number_near score 1.0 msg number near in range 10.0%, response: 4.0, target: 4.0
2026-08-08 20:16:02.699 | DEBUG    | eval.evaluation.evaluation:metric_call:77 - metric_func_name number_near score 1.0 msg number near in range 10.0%, response: 84.0, target: 82.0
2026-08-08 20:16:02.699 | DEBUG    | eval.evaluation.evaluation:metric_call:77 - metric_func_name number_near score 1.0 msg number near in range 10.0%, response: 497.0, target: 519.0
2026-08-08 20:16:02.699 | DEBUG    | eval.evaluation.evaluation:metric_call:77 - metric_func_name number_near score 1.0 msg number near in range 10.0%, response: 60.0, target: 64.0
2026-08-08 20:16:02.700 | DEBUG    | eval.evaluation.evaluation:metric_call:77 - metric_func_name number_near score 1.0 msg number near in range 10.0%, response: 169.0, target: 167.0
2026-08-08 20:16:02.700 | DEBUG    | eval.evaluation.evaluation:metric_call:77 - metric_func_name number_near score 0.0 msg number not near, response: 35.0, target: 28.0
2026-08-08 20:16:02.700 | DEBUG    | eval.evaluation.evaluation:metric_call:77 - metric_func_name number_near score 1.0 msg number near in range 10.0%, response: 130.0, target: 129.0
2026-08-08 20:16:02.700 | DEBUG    | eval.evaluation.evaluation:metric_call:77 - metric_func_name number_near score 1.0 msg number near in range 10.0%, response: 258.0, target: 261.0
2026-08-08 20:16:02.700 | DEBUG    | eval.evaluation.evaluation:metric_call:77 - metric_func_name number_near score 1.0 msg number near in range 10.0%, response: 18.0, target: 18.0
2026-08-08 20:16:02.700 | DEBUG    | eval.evaluation.evaluation:metric_call:77 - metric_func_name number_near score 1.0 msg number near in range 10.0%, response: 45.0, target: 45.0
2026-08-08 20:16:02.700 | DEBUG    | eval.evaluation.evaluation:metric_call:77 - metric_func_name number_near score 1.0 msg number near in range 10.0%, response: 50.0, target: 49.0
2026-08-08 20:16:02.700 | DEBUG    | eval.evaluation.evaluation:metric_call:77 - metric_func_name number_near score 1.0 msg number near in range 10.0%, response: 59.0, target: 57.0
2026-08-08 20:16:02.700 | DEBUG    | eval.evaluation.evaluation:metric_call:77 - metric_func_name number_near score 1.0 msg number near in range 10.0%, response: 75.0, target: 75.0
2026-08-08 20:16:02.700 | DEBUG    | eval.evaluation.evaluation:metric_call:77 - metric_func_name number_near score 1.0 msg number near in range 10.0%, response: 145.0, target: 146.0
2026-08-08 20:16:02.700 | DEBUG    | eval.evaluation.evaluation:metric_call:77 - metric_func_name number_near score 1.0 msg number near in range 10.0%, response: 9.0, target: 9.0
2026-08-08 20:16:02.700 | DEBUG    | eval.evaluation.evaluation:metric_call:77 - metric_func_name number_near score 1.0 msg number near in range 10.0%, response: 42.0, target: 42.0
2026-08-08 20:16:02.700 | DEBUG    | eval.evaluation.evaluation:metric_call:77 - metric_func_name number_near score 1.0 msg number near in range 10.0%, response: 60.0, target: 58.0
2026-08-08 20:16:02.700 | DEBUG    | eval.evaluation.evaluation:metric_call:77 - metric_func_name number_near score 1.0 msg number near in range 10.0%, response: 457.0, target: 448.0
2026-08-08 20:16:02.700 | DEBUG    | eval.evaluation.evaluation:metric_call:77 - metric_func_name number_near score 1.0 msg number near in range 10.0%, response: 92.0, target: 96.0
2026-08-08 20:16:02.700 | DEBUG    | eval.evaluation.evaluation:metric_call:77 - metric_func_name number_near score 1.0 msg number near in range 10.0%, response: 96.0, target: 95.0
2026-08-08 20:16:02.700 | DEBUG    | eval.evaluation.evaluation:metric_call:77 - metric_func_name number_near score 1.0 msg number near in range 10.0%, response: 76.0, target: 75.0
2026-08-08 20:16:02.700 | DEBUG    | eval.evaluation.evaluation:metric_call:77 - metric_func_name number_near score 1.0 msg number near in range 10.0%, response: 57.0, target: 56.0
2026-08-08 20:16:02.700 | DEBUG    | eval.evaluation.evaluation:metric_call:77 - metric_func_name number_near score 1.0 msg number near in range 10.0%, response: 4.0, target: 4.0
2026-08-08 20:16:02.700 | DEBUG    | eval.evaluation.evaluation:metric_call:77 - metric_func_name number_near score 1.0 msg number near in range 10.0%, response: 566.0, target: 553.0
2026-08-08 20:16:02.700 | DEBUG    | eval.evaluation.evaluation:metric_call:77 - metric_func_name number_near score 1.0 msg number near in range 10.0%, response: 52.0, target: 52.0
2026-08-08 20:16:02.700 | DEBUG    | eval.evaluation.evaluation:metric_call:77 - metric_func_name number_near score 1.0 msg number near in range 10.0%, response: 216.0, target: 218.0
2026-08-08 20:16:02.700 | DEBUG    | eval.evaluation.evaluation:metric_call:77 - metric_func_name number_near score 1.0 msg number near in range 10.0%, response: 19.0, target: 19.0
2026-08-08 20:16:02.700 | DEBUG    | eval.evaluation.evaluation:metric_call:77 - metric_func_name number_near score 1.0 msg number near in range 10.0%, response: 5.0, target: 5.0
2026-08-08 20:16:02.700 | DEBUG    | eval.evaluation.evaluation:metric_call:77 - metric_func_name number_near score 1.0 msg number near in range 10.0%, response: 84.0, target: 84.0
2026-08-08 20:16:02.700 | DEBUG    | eval.evaluation.evaluation:metric_call:77 - metric_func_name number_near score 1.0 msg number near in range 10.0%, response: 42.0, target: 42.0
2026-08-08 20:16:02.700 | DEBUG    | eval.evaluation.evaluation:metric_call:77 - metric_func_name number_near score 0.0 msg number not near, response: 3.0, target: 4.0
2026-08-08 20:16:02.700 | DEBUG    | eval.evaluation.evaluation:metric_call:77 - metric_func_name number_near score 1.0 msg number near in range 10.0%, response: 51.0, target: 51.0
2026-08-08 20:16:02.701 | DEBUG    | eval.evaluation.evaluation:metric_call:77 - metric_func_name number_near score 1.0 msg number near in range 10.0%, response: 18.0, target: 17.0
2026-08-08 20:16:02.701 | DEBUG    | eval.evaluation.evaluation:metric_call:77 - metric_func_name number_near score 1.0 msg number near in range 10.0%, response: 21.0, target: 20.0
2026-08-08 20:16:02.701 | DEBUG    | eval.evaluation.evaluation:metric_call:77 - metric_func_name number_near score 1.0 msg number near in range 10.0%, response: 246.0, target: 245.0
2026-08-08 20:16:02.701 | DEBUG    | eval.evaluation.evaluation:metric_call:77 - metric_func_name number_near score 1.0 msg number near in range 10.0%, response: 121.0, target: 115.0
2026-08-08 20:16:02.701 | DEBUG    | eval.evaluation.evaluation:metric_call:77 - metric_func_name number_near score 1.0 msg number near in range 10.0%, response: 93.0, target: 92.0
2026-08-08 20:16:02.701 | DEBUG    | eval.evaluation.evaluation:metric_call:77 - metric_func_name number_near score 1.0 msg number near in range 10.0%, response: 263.0, target: 261.0
2026-08-08 20:16:02.701 | DEBUG    | eval.evaluation.evaluation:metric_call:77 - metric_func_name number_near score 1.0 msg number near in range 10.0%, response: 239.0, target: 236.0
2026-08-08 20:16:02.701 | DEBUG    | eval.evaluation.evaluation:metric_call:77 - metric_func_name number_near score 1.0 msg number near in range 10.0%, response: 27.0, target: 26.0
2026-08-08 20:16:02.701 | DEBUG    | eval.evaluation.evaluation:metric_call:77 - metric_func_name number_near score 1.0 msg number near in range 10.0%, response: 30.0, target: 28.0
2026-08-08 20:16:02.701 | DEBUG    | eval.evaluation.evaluation:metric_call:77 - metric_func_name number_near score 1.0 msg number near in range 10.0%, response: 73.0, target: 73.0
2026-08-08 20:16:02.701 | DEBUG    | eval.evaluation.evaluation:metric_call:77 - metric_func_name number_near score 1.0 msg number near in range 10.0%, response: 79.0, target: 78.0
2026-08-08 20:16:02.701 | DEBUG    | eval.evaluation.evaluation:metric_call:77 - metric_func_name number_near score 1.0 msg number near in range 10.0%, response: 250.0, target: 236.0
2026-08-08 20:16:02.701 | DEBUG    | eval.evaluation.evaluation:metric_call:77 - metric_func_name number_near score 1.0 msg number near in range 10.0%, response: 28.0, target: 27.0
2026-08-08 20:16:02.701 | DEBUG    | eval.evaluation.evaluation:metric_call:77 - metric_func_name number_near score 1.0 msg number near in range 10.0%, response: 15.0, target: 15.0
2026-08-08 20:16:02.701 | DEBUG    | eval.evaluation.evaluation:metric_call:77 - metric_func_name number_near score 0.0 msg number not near, response: 9.0, target: 8.0
2026-08-08 20:16:02.702 | DEBUG    | eval.evaluation.evaluation:evaluate_single_query:321 - wide2deep_ws_en_087, col populationdensity(people/km²oflandarea), metric_func_name number_near, score [1.0, 1.0, 1.0, 1.0, 1.0, 1.0, 1.0, 1.0, 1.0, 1.0, 0.0, 1.0, 1.0, 1.0, 1.0, 1.0, 1.0, 1.0, 1.0, 1.0, 1.0, 1.0, 1.0, 1.0, 1.0, 1.0, 1.0, 1.0, 1.0, 1.0, 1.0, 1.0, 1.0, 1.0, 1.0, 0.0, 1.0, 1.0, 1.0, 1.0, 1.0, 1.0, 1.0, 1.0, 1.0, 1.0, 1.0, 1.0, 1.0, 1.0, 1.0, 0.0]
2026-08-08 20:16:02.702 | DEBUG    | eval.evaluation.evaluation:metric_call:77 - metric_func_name number_near score 1.0 msg number near in range 10.0%, response: 46164.0, target: 46160.0
2026-08-08 20:16:02.704 | DEBUG    | eval.evaluation.evaluation:metric_call:77 - metric_func_name number_near score 1.0 msg number near in range 10.0%, response: 114536.0, target: 114540.0
2026-08-08 20:16:02.704 | DEBUG    | eval.evaluation.evaluation:metric_call:77 - metric_func_name number_near score 1.0 msg number near in range 10.0%, response: 128692.0, target: 128690.0
2026-08-08 20:16:02.704 | DEBUG    | eval.evaluation.evaluation:metric_call:77 - metric_func_name number_near score 1.0 msg number near in range 10.0%, response: 36750.0, target: 36750.0
2026-08-08 20:16:02.704 | DEBUG    | eval.evaluation.evaluation:metric_call:77 - metric_func_name number_near score 1.0 msg number near in range 10.0%, response: 14111.0, target: 14110.0
2026-08-08 20:16:02.704 | DEBUG    | eval.evaluation.evaluation:metric_call:77 - metric_func_name number_near score 1.0 msg number near in range 10.0%, response: 2675.0, target: 2480.0
2026-08-08 20:16:02.704 | DEBUG    | eval.evaluation.evaluation:metric_call:77 - metric_func_name number_near score 1.0 msg number near in range 10.0%, response: 23025.0, target: 23030.0
2026-08-08 20:16:02.704 | DEBUG    | eval.evaluation.evaluation:metric_call:77 - metric_func_name number_near score 1.0 msg number near in range 10.0%, response: 13689.0, target: 13690.0
2026-08-08 20:16:02.704 | DEBUG    | eval.evaluation.evaluation:metric_call:77 - metric_func_name number_near score 1.0 msg number near in range 10.0%, response: 1847.0, target: 1850.0
2026-08-08 20:16:02.704 | DEBUG    | eval.evaluation.evaluation:metric_call:77 - metric_func_name number_near score 1.0 msg number near in range 10.0%, response: 9305.0, target: 9300.0
2026-08-08 20:16:02.704 | DEBUG    | eval.evaluation.evaluation:metric_call:77 - metric_func_name number_near score 1.0 msg number near in range 10.0%, response: 3470.0, target: 3470.0
2026-08-08 20:16:02.704 | DEBUG    | eval.evaluation.evaluation:metric_call:77 - metric_func_name number_near score 1.0 msg number near in range 10.0%, response: 522.0, target: 520.0
2026-08-08 20:16:02.704 | DEBUG    | eval.evaluation.evaluation:metric_call:77 - metric_func_name number_near score 1.0 msg number near in range 10.0%, response: 2697.0, target: 2700.0
2026-08-08 20:16:02.704 | DEBUG    | eval.evaluation.evaluation:metric_call:77 - metric_func_name number_near score 1.0 msg number near in range 10.0%, response: 6182.0, target: 6180.0
2026-08-08 20:16:02.704 | DEBUG    | eval.evaluation.evaluation:metric_call:77 - metric_func_name number_near score 1.0 msg number near in range 10.0%, response: 105790.0, target: 105790.0
2026-08-08 20:16:02.704 | DEBUG    | eval.evaluation.evaluation:metric_call:77 - metric_func_name number_near score 1.0 msg number near in range 10.0%, response: 1152.0, target: 1150.0
2026-08-08 20:16:02.704 | DEBUG    | eval.evaluation.evaluation:metric_call:77 - metric_func_name number_near score 1.0 msg number near in range 10.0%, response: 14406.0, target: 14410.0
2026-08-08 20:16:02.704 | DEBUG    | eval.evaluation.evaluation:metric_call:77 - metric_func_name number_near score 1.0 msg number near in range 10.0%, response: 2151.0, target: 2150.0
2026-08-08 20:16:02.704 | DEBUG    | eval.evaluation.evaluation:metric_call:77 - metric_func_name number_near score 1.0 msg number near in range 10.0%, response: 33788.0, target: 33790.0
2026-08-08 20:16:02.704 | DEBUG    | eval.evaluation.evaluation:metric_call:77 - metric_func_name number_near score 1.0 msg number near in range 10.0%, response: 2485.0, target: 2480.0
2026-08-08 20:16:02.704 | DEBUG    | eval.evaluation.evaluation:metric_call:77 - metric_func_name number_near score 1.0 msg number near in range 10.0%, response: 16341.0, target: 16340.0
2026-08-08 20:16:02.704 | DEBUG    | eval.evaluation.evaluation:metric_call:77 - metric_func_name number_near score 1.0 msg number near in range 10.0%, response: 28649.0, target: 28370.0
2026-08-08 20:16:02.704 | DEBUG    | eval.evaluation.evaluation:metric_call:77 - metric_func_name number_near score 1.0 msg number near in range 10.0%, response: 852.0, target: 850.0
2026-08-08 20:16:02.704 | DEBUG    | eval.evaluation.evaluation:metric_call:77 - metric_func_name number_near score 1.0 msg number near in range 10.0%, response: 31166.0, target: 31170.0
2026-08-08 20:16:02.704 | DEBUG    | eval.evaluation.evaluation:metric_call:77 - metric_func_name number_near score 1.0 msg number near in range 10.0%, response: 55101.0, target: 55340.0
2026-08-08 20:16:02.705 | DEBUG    | eval.evaluation.evaluation:metric_call:77 - metric_func_name number_near score 1.0 msg number near in range 10.0%, response: 2311.0, target: 2310.0
2026-08-08 20:16:02.705 | DEBUG    | eval.evaluation.evaluation:metric_call:77 - metric_func_name number_near score 1.0 msg number near in range 10.0%, response: 5493.0, target: 5490.0
2026-08-08 20:16:02.705 | DEBUG    | eval.evaluation.evaluation:metric_call:77 - metric_func_name number_near score 1.0 msg number near in range 10.0%, response: 7306.0, target: 7310.0
2026-08-08 20:16:02.705 | DEBUG    | eval.evaluation.evaluation:metric_call:77 - metric_func_name number_near score 1.0 msg number near in range 10.0%, response: 14095.0, target: 13950.0
2026-08-08 20:16:02.705 | DEBUG    | eval.evaluation.evaluation:metric_call:77 - metric_func_name number_near score 1.0 msg number near in range 10.0%, response: 31196.0, target: 31200.0
2026-08-08 20:16:02.705 | DEBUG    | eval.evaluation.evaluation:metric_call:77 - metric_func_name number_near score 1.0 msg number near in range 10.0%, response: 21104.0, target: 21100.0
2026-08-08 20:16:02.705 | DEBUG    | eval.evaluation.evaluation:metric_call:77 - metric_func_name number_near score 1.0 msg number near in range 10.0%, response: 23294.0, target: 23770.0
2026-08-08 20:16:02.705 | DEBUG    | eval.evaluation.evaluation:metric_call:77 - metric_func_name number_near score 1.0 msg number near in range 10.0%, response: 5023.0, target: 5020.0
2026-08-08 20:16:02.705 | DEBUG    | eval.evaluation.evaluation:metric_call:77 - metric_func_name number_near score 1.0 msg number near in range 10.0%, response: 37713.0, target: 37710.0
2026-08-08 20:16:02.705 | DEBUG    | eval.evaluation.evaluation:metric_call:77 - metric_func_name number_near score 1.0 msg number near in range 10.0%, response: 33897.0, target: 33640.0
2026-08-08 20:16:02.705 | DEBUG    | eval.evaluation.evaluation:metric_call:77 - metric_func_name number_near score 1.0 msg number near in range 10.0%, response: 3023.0, target: 2960.0
2026-08-08 20:16:02.705 | DEBUG    | eval.evaluation.evaluation:metric_call:77 - metric_func_name number_near score 1.0 msg number near in range 10.0%, response: 63212.0, target: 63210.0
2026-08-08 20:16:02.705 | DEBUG    | eval.evaluation.evaluation:metric_call:77 - metric_func_name number_near score 1.0 msg number near in range 10.0%, response: 11088.0, target: 11480.0
2026-08-08 20:16:02.705 | DEBUG    | eval.evaluation.evaluation:metric_call:77 - metric_func_name number_near score 1.0 msg number near in range 10.0%, response: 27203.0, target: 26160.0
2026-08-08 20:16:02.705 | DEBUG    | eval.evaluation.evaluation:metric_call:77 - metric_func_name number_near score 1.0 msg number near in range 10.0%, response: 227883.0, target: 227880.0
2026-08-08 20:16:02.705 | DEBUG    | eval.evaluation.evaluation:metric_call:77 - metric_func_name number_near score 1.0 msg number near in range 10.0%, response: 8461.0, target: 8460.0
2026-08-08 20:16:02.705 | DEBUG    | eval.evaluation.evaluation:metric_call:77 - metric_func_name number_near score 1.0 msg number near in range 10.0%, response: 18077.0, target: 18080.0
2026-08-08 20:16:02.705 | DEBUG    | eval.evaluation.evaluation:metric_call:77 - metric_func_name number_near score 1.0 msg number near in range 10.0%, response: 120.0, target: 120.0
2026-08-08 20:16:02.705 | DEBUG    | eval.evaluation.evaluation:metric_call:77 - metric_func_name number_near score 1.0 msg number near in range 10.0%, response: 231.0, target: 230.0
2026-08-08 20:16:02.705 | DEBUG    | eval.evaluation.evaluation:metric_call:77 - metric_func_name number_near score 1.0 msg number near in range 10.0%, response: 50449.0, target: 50040.0
2026-08-08 20:16:02.705 | DEBUG    | eval.evaluation.evaluation:metric_call:77 - metric_func_name number_near score 1.0 msg number near in range 10.0%, response: 18359.0, target: 18360.0
2026-08-08 20:16:02.705 | DEBUG    | eval.evaluation.evaluation:metric_call:77 - metric_func_name number_near score 1.0 msg number near in range 10.0%, response: 66618.0, target: 66620.0
2026-08-08 20:16:02.705 | DEBUG    | eval.evaluation.evaluation:metric_call:77 - metric_func_name number_near score 1.0 msg number near in range 10.0%, response: 12458.0, target: 12200.0
2026-08-08 20:16:02.705 | DEBUG    | eval.evaluation.evaluation:metric_call:77 - metric_func_name number_near score 1.0 msg number near in range 10.0%, response: 48656.0, target: 48660.0
2026-08-08 20:16:02.705 | DEBUG    | eval.evaluation.evaluation:metric_call:77 - metric_func_name number_near score 1.0 msg number near in range 10.0%, response: 20724.0, target: 20720.0
2026-08-08 20:16:02.705 | DEBUG    | eval.evaluation.evaluation:metric_call:77 - metric_func_name number_near score 1.0 msg number near in range 10.0%, response: 19320.0, target: 19320.0
2026-08-08 20:16:02.705 | DEBUG    | eval.evaluation.evaluation:metric_call:77 - metric_func_name number_near score 0.0 msg number not near, response: 5742.0, target: 5150.0
2026-08-08 20:16:02.706 | DEBUG    | eval.evaluation.evaluation:evaluate_single_query:321 - wide2deep_ws_en_087, col totalpopulation(thousands), metric_func_name number_near, score [1.0, 1.0, 1.0, 1.0, 1.0, 1.0, 1.0, 1.0, 1.0, 1.0, 1.0, 1.0, 1.0, 1.0, 1.0, 1.0, 1.0, 1.0, 1.0, 1.0, 1.0, 1.0, 1.0, 1.0, 1.0, 1.0, 1.0, 1.0, 1.0, 1.0, 1.0, 1.0, 1.0, 1.0, 1.0, 1.0, 1.0, 1.0, 1.0, 1.0, 1.0, 1.0, 1.0, 1.0, 1.0, 1.0, 1.0, 1.0, 1.0, 1.0, 1.0, 0.0]
2026-08-08 20:16:02.706 | DEBUG    | eval.evaluation.evaluation:metric_call:77 - metric_func_name number_near score 0.0 msg number not near, response: 49.7, target: 40.3
2026-08-08 20:16:02.706 | DEBUG    | eval.evaluation.evaluation:metric_call:77 - metric_func_name number_near score 1.0 msg number near in range 10.0%, response: 31.9, target: 31.6
2026-08-08 20:16:02.706 | DEBUG    | eval.evaluation.evaluation:metric_call:77 - metric_func_name number_near score 0.0 msg number not near, response: 20.3, target: 13.1
2026-08-08 20:16:02.706 | DEBUG    | eval.evaluation.evaluation:metric_call:77 - metric_func_name number_near score 1.0 msg number near in range 10.0%, response: 65.4, target: 64.1
2026-08-08 20:16:02.706 | DEBUG    | eval.evaluation.evaluation:metric_call:77 - metric_func_name number_near score 1.0 msg number near in range 10.0%, response: 41.8, target: 46.0
2026-08-08 20:16:02.706 | DEBUG    | eval.evaluation.evaluation:metric_call:77 - metric_func_name number_near score 0.0 msg number not near, response: 72.5, target: 63.2
2026-08-08 20:16:02.707 | DEBUG    | eval.evaluation.evaluation:metric_call:77 - metric_func_name number_near score 0.0 msg number not near, response: 43.8, target: 51.0
2026-08-08 20:16:02.707 | DEBUG    | eval.evaluation.evaluation:metric_call:77 - metric_func_name number_near score 0.0 msg number not near, response: 22.5, target: 51.3
2026-08-08 20:16:02.707 | DEBUG    | eval.evaluation.evaluation:metric_call:77 - metric_func_name number_near score 0.0 msg number not near, response: 87.0, target: 69.7
2026-08-08 20:16:02.707 | DEBUG    | eval.evaluation.evaluation:metric_call:77 - metric_func_name number_near score 0.0 msg number not near, response: 67.7, target: 52.1
2026-08-08 20:16:02.707 | DEBUG    | eval.evaluation.evaluation:metric_call:77 - metric_func_name number_near score 0.0 msg number not convertable, response: None, target: 28.6
2026-08-08 20:16:02.707 | DEBUG    | eval.evaluation.evaluation:metric_call:77 - metric_func_name number_near score 0.0 msg number not near, response: 61.2, target: 41.2
2026-08-08 20:16:02.707 | DEBUG    | eval.evaluation.evaluation:metric_call:77 - metric_func_name number_near score 0.0 msg number not near, response: 46.8, target: 63.2
2026-08-08 20:16:02.707 | DEBUG    | eval.evaluation.evaluation:metric_call:77 - metric_func_name number_near score 0.0 msg number not near, response: 100.7, target: 85.6
2026-08-08 20:16:02.707 | DEBUG    | eval.evaluation.evaluation:metric_call:77 - metric_func_name number_near score 0.0 msg number not near, response: 65.1, target: 42.2
2026-08-08 20:16:02.707 | DEBUG    | eval.evaluation.evaluation:metric_call:77 - metric_func_name number_near score 0.0 msg number not near, response: 113.3, target: 205.8
2026-08-08 20:16:02.707 | DEBUG    | eval.evaluation.evaluation:metric_call:77 - metric_func_name number_near score 0.0 msg number not near, response: 79.0, target: 63.6
2026-08-08 20:16:02.707 | DEBUG    | eval.evaluation.evaluation:metric_call:77 - metric_func_name number_near score 0.0 msg number not near, response: 38.5, target: 34.4
2026-08-08 20:16:02.707 | DEBUG    | eval.evaluation.evaluation:metric_call:77 - metric_func_name number_near score 0.0 msg number not near, response: 60.9, target: 40.2
2026-08-08 20:16:02.707 | DEBUG    | eval.evaluation.evaluation:metric_call:77 - metric_func_name number_near score 1.0 msg number near in range 10.0%, response: 78.3, target: 71.2
2026-08-08 20:16:02.707 | DEBUG    | eval.evaluation.evaluation:metric_call:77 - metric_func_name number_near score 1.0 msg number near in range 10.0%, response: 48.7, target: 46.7
2026-08-08 20:16:02.707 | DEBUG    | eval.evaluation.evaluation:metric_call:77 - metric_func_name number_near score 0.0 msg number not near, response: 32.4, target: 26.5
2026-08-08 20:16:02.707 | DEBUG    | eval.evaluation.evaluation:metric_call:77 - metric_func_name number_near score 0.0 msg number not near, response: 47.9, target: 28.8
2026-08-08 20:16:02.707 | DEBUG    | eval.evaluation.evaluation:metric_call:77 - metric_func_name number_near score 0.0 msg number not near, response: 60.4, target: 49.6
2026-08-08 20:16:02.707 | DEBUG    | eval.evaluation.evaluation:metric_call:77 - metric_func_name number_near score 0.0 msg number not near, response: 31.0, target: 23.9
2026-08-08 20:16:02.707 | DEBUG    | eval.evaluation.evaluation:metric_call:77 - metric_func_name number_near score 0.0 msg number not near, response: 102.7, target: 120.4
2026-08-08 20:16:02.707 | DEBUG    | eval.evaluation.evaluation:metric_call:77 - metric_func_name number_near score 1.0 msg number near in range 10.0%, response: 74.4, target: 71.6
2026-08-08 20:16:02.707 | DEBUG    | eval.evaluation.evaluation:metric_call:77 - metric_func_name number_near score 0.0 msg number not near, response: 90.2, target: 81.7
2026-08-08 20:16:02.707 | DEBUG    | eval.evaluation.evaluation:metric_call:77 - metric_func_name number_near score 0.0 msg number not near, response: 53.7, target: 44.9
2026-08-08 20:16:02.707 | DEBUG    | eval.evaluation.evaluation:metric_call:77 - metric_func_name number_near score 1.0 msg number near in range 10.0%, response: 53.2, target: 50.4
2026-08-08 20:16:02.707 | DEBUG    | eval.evaluation.evaluation:metric_call:77 - metric_func_name number_near score 0.0 msg number not near, response: 41.5, target: 32.3
2026-08-08 20:16:02.707 | DEBUG    | eval.evaluation.evaluation:metric_call:77 - metric_func_name number_near score 0.0 msg number not near, response: 49.0, target: 58.9
2026-08-08 20:16:02.707 | DEBUG    | eval.evaluation.evaluation:metric_call:77 - metric_func_name number_near score 1.0 msg number near in range 10.0%, response: 84.0, target: 86.5
2026-08-08 20:16:02.707 | DEBUG    | eval.evaluation.evaluation:metric_call:77 - metric_func_name number_near score 1.0 msg number near in range 10.0%, response: 70.8, target: 76.4
2026-08-08 20:16:02.707 | DEBUG    | eval.evaluation.evaluation:metric_call:77 - metric_func_name number_near score 1.0 msg number near in range 10.0%, response: 87.2, target: 87.7
2026-08-08 20:16:02.707 | DEBUG    | eval.evaluation.evaluation:metric_call:77 - metric_func_name number_near score 0.0 msg number not near, response: 77.6, target: 103.0
2026-08-08 20:16:02.707 | DEBUG    | eval.evaluation.evaluation:metric_call:77 - metric_func_name number_near score 0.0 msg number not near, response: 53.4, target: 63.5
2026-08-08 20:16:02.707 | DEBUG    | eval.evaluation.evaluation:metric_call:77 - metric_func_name number_near score 0.0 msg number not convertable, response: None, target: 47.5
2026-08-08 20:16:02.707 | DEBUG    | eval.evaluation.evaluation:metric_call:77 - metric_func_name number_near score 0.0 msg number not near, response: 32.4, target: 26.1
2026-08-08 20:16:02.708 | DEBUG    | eval.evaluation.evaluation:metric_call:77 - metric_func_name number_near score 0.0 msg number not near, response: 22.6, target: 28.8
2026-08-08 20:16:02.708 | DEBUG    | eval.evaluation.evaluation:metric_call:77 - metric_func_name number_near score 1.0 msg number near in range 10.0%, response: 48.6, target: 50.7
2026-08-08 20:16:02.708 | DEBUG    | eval.evaluation.evaluation:metric_call:77 - metric_func_name number_near score 0.0 msg number not near, response: 63.5, target: 53.1
2026-08-08 20:16:02.708 | DEBUG    | eval.evaluation.evaluation:metric_call:77 - metric_func_name number_near score 1.0 msg number near in range 10.0%, response: 88.0, target: 93.0
2026-08-08 20:16:02.708 | DEBUG    | eval.evaluation.evaluation:metric_call:77 - metric_func_name number_near score 0.0 msg number not near, response: 50.0, target: 30.6
2026-08-08 20:16:02.708 | DEBUG    | eval.evaluation.evaluation:metric_call:77 - metric_func_name number_near score 0.0 msg number not near, response: 4.8, target: 11.3
2026-08-08 20:16:02.708 | DEBUG    | eval.evaluation.evaluation:metric_call:77 - metric_func_name number_near score 0.0 msg number not convertable, response: None, target: 45.0
2026-08-08 20:16:02.708 | DEBUG    | eval.evaluation.evaluation:metric_call:77 - metric_func_name number_near score 0.0 msg number not near, response: 33.7, target: 26.6
2026-08-08 20:16:02.708 | DEBUG    | eval.evaluation.evaluation:metric_call:77 - metric_func_name number_near score 0.0 msg number not near, response: 80.4, target: 93.7
2026-08-08 20:16:02.708 | DEBUG    | eval.evaluation.evaluation:metric_call:77 - metric_func_name number_near score 1.0 msg number near in range 10.0%, response: 34.8, target: 37.6
2026-08-08 20:16:02.708 | DEBUG    | eval.evaluation.evaluation:metric_call:77 - metric_func_name number_near score 1.0 msg number near in range 10.0%, response: 68.1, target: 74.5
2026-08-08 20:16:02.708 | DEBUG    | eval.evaluation.evaluation:metric_call:77 - metric_func_name number_near score 1.0 msg number near in range 10.0%, response: 49.7, target: 45.6
2026-08-08 20:16:02.708 | DEBUG    | eval.evaluation.evaluation:metric_call:77 - metric_func_name number_near score 0.0 msg number not near, response: 31.6, target: 25.0
2026-08-08 20:16:02.709 | DEBUG    | eval.evaluation.evaluation:evaluate_single_query:321 - wide2deep_ws_en_087, col merchandisetrade(%ofgdp), metric_func_name number_near, score [0.0, 1.0, 0.0, 1.0, 1.0, 0.0, 0.0, 0.0, 0.0, 0.0, 0.0, 0.0, 0.0, 0.0, 0.0, 0.0, 0.0, 0.0, 0.0, 1.0, 1.0, 0.0, 0.0, 0.0, 0.0, 0.0, 1.0, 0.0, 0.0, 1.0, 0.0, 0.0, 1.0, 1.0, 1.0, 0.0, 0.0, 0.0, 0.0, 0.0, 1.0, 0.0, 1.0, 0.0, 0.0, 0.0, 0.0, 0.0, 1.0, 1.0, 1.0, 0.0]
2026-08-08 20:16:02.714 | INFO     | eval.evaluation.evaluation:evaluate_single_query:380 - wide2deep_ws_en_087, P/R/F1 by unique_columns: 0.9811/1.0000/0.9905
2026-08-08 20:16:02.714 | INFO     | eval.evaluation.evaluation:evaluate_single_query:383 - wide2deep_ws_en_087, P/R/F1 by row: 0.2830/0.2885/0.2857
2026-08-08 20:16:02.714 | INFO     | eval.evaluation.evaluation:evaluate_single_query:386 - wide2deep_ws_en_087, P/R/F1 by item: 0.8491/0.8654/0.8571
2026-08-08 20:16:02.720 | INFO     | eval.evaluation.evaluation:evaluate_single_query:398 - wide2deep_ws_en_087, final table score: 0.0
{"event": "eval_done", "idx": 5, "instance_id": "wide2deep_ws_en_087", "score": 0.0, "entity_acc": 1.0, "f1_by_row": 0.28571428571428564, "f1_by_item": 0.8571428571428571, "column_f1": 0.9904761904761905, "error": null, "elapsed_seconds": 13.634, "running_n": 5}
2026-08-08 20:16:04.472 | DEBUG    | eval.evaluation.data_loader:extract_dataframe:167 - find markdown_str 
| 年度 | 杰出人物 | 颁奖辞 |
| --- | --- | --- |
| 2002年 | 郑培民<br>张荣锁<br ...
2026-08-08 20:16:06.824 | INFO     | eval.evaluation.metric_utils:primary_key_preprocess:246 - primary_key_preprocess result: ```json
{
  "2002年": "2002年",
  "2003年": "2003年",
  "2004年": "2004年",
  "2005年": "2005年",
  "2006年": "2006年",
  "2007年": "2007年",
  "2008年": "2008年",
  "2009年": "2009年",
  "2010年": "2010年",
  "2011年": "2011年",
  "2012年": "2012年",
  "2013年": "2013年",
  "2014年": "2014年",
  "2015年": "2015年",
  "2016年": "2016年",
  "2017年": "2017年",
  "2018年": "2018年",
  "2019年": "2019年",
  "2020年": "2020年",
  "2021年": "2021年",
  "2022年": "2022年",
  "2023年": "2023年"
}
```
2026-08-08 20:16:06.824 | INFO     | eval.evaluation.evaluation:evaluate_single_query:223 - col: 年度, primary_key_map {'2002年': '2002年', '2003年': '2003年', '2004年': '2004年', '2005年': '2005年', '2006年': '2006年', '2007年': '2007年', '2008年': '2008年', '2009年': '2009年', '2010年': '2010年', '2011年': '2011年', '2012年': '2012年', '2013年': '2013年', '2014年': '2014年', '2015年': '2015年', '2016年': '2016年', '2017年': '2017年', '2018年': '2018年', '2019年': '2019年', '2020年': '2020年', '2021年': '2021年', '2022年': '2022年', '2023年': '2023年'}
2026-08-08 20:16:31.465 | INFO     | eval.evaluation.metric_utils:primary_key_preprocess:246 - primary_key_preprocess result: ```json
{
  "郑培民": "郑培民",
  "张荣锁": "张荣锁",
  "王选": "王选",
  "刘姝威": "刘姝威",
  "张瑞敏": "张瑞敏",
  "张前东": "张前东",
  "黄昆": "黄昆",
  "姚明": "姚明",
  "赵新民": "赵新民",
  "濮存昕": "濮存昕",
  "杨利伟": "杨利伟",
  "钟南山": "钟南山",
  "陈忠和": "陈忠和",
  "尾山宏": "尾山宏",
  "梁雨润": "梁雨润",
  "巴金": "巴金",
  "高耀洁": "高耀洁",
  "达吾提·阿西木": "达吾提·阿西木",
  "成龙": "成龙",
  "衡阳武警消防兵": "衡阳武警消防兵",
  "牛玉儒": "牛玉儒",
  "梁万俊": "梁万俊",
  "刘翔": "刘翔",
  "明正彬": "明正彬",
  "任长霞": "任长霞",
  "孙必干": "孙必干",
  "田世国": "田世国",
  "徐本禹": "徐本禹",
  "袁隆平": "袁隆平",
  "桂希恩": "桂希恩",
  "魏青刚": "魏青刚",
  "丛飞": "丛飞",
  "黄伯云": "黄伯云",
  "李春燕": "李春燕",
  "洪战辉": "洪战辉",
  "陈健": "陈健",
  "邰丽华": "邰丽华",
  "杨业功": "杨业功",
  "王顺友": "王顺友",
  "费俊龙、聂海胜": "费俊龙、聂海胜",
  "丁晓兵": "丁晓兵",
  "华益慰": "华益慰",
  "叶笃正": "叶笃正",
  "王百姓": "王百姓",
  "季羡林": "季羡林",
  "孔祥瑞": "孔祥瑞",
  "黄舸": "黄舸",
  "霍英东": "霍英东",
  "林秀贞": "林秀贞",
  "青岛爱心群体": "微尘",
  "钱学森": "钱学森",
  "闵恩泽": "闵恩泽",
  "方永刚": "方永刚",
  "谢延信": "谢延信",
  "钟期荣、胡鸿烈": "钟期荣、胡鸿烈",
  "陈晓兰": "陈晓兰",
  "罗映珍": "罗映珍",
  "李剑英": "李剑英",
  "孟祥斌": "孟祥斌",
  "李丽": "李丽",
  "唐山十三位农民": "唐山十三农民（宋志永、杨国明、杨东、王加祥、王得良、宋志先、王宝国、王宝中、曹秀军、尹福、宋久富、杨国平、王金龙）",
  "武文斌": "武文斌",
  "张艺谋奥运导演团队": "张艺谋奥运团队",
  "金晶": "金晶",
  "吉吉": "吉吉",
  "神舟七号航天员团队": "神舟七号航天员（翟志刚、刘伯明、景海鹏）",
  "李桂林、陆建芬": "李桂林、陆建芬",
  "韩惠民": "韩惠民",
  "经大忠": "经大忠",
  "李隆": "李隆",
  "卓琳": "卓琳",
  "朱邦月": "朱邦月",
  "阿里帕·阿力马洪": "阿里帕·阿力马洪",
  "孙炎明": "孙炎明",
  "张正祥": "张正祥",
  "陈玉蓉": "陈玉蓉",
  "萨布利亚·坦贝肯": "萨布利亚·坦贝肯（德国）",
  "宋文骢": "宋文骢",
  "沈浩": "沈浩",
  "钱伟长": "钱伟长",
  "孙水林、孙东林": "孙水林、孙东林",
  "才哇": "才哇",
  "郭明义": "郭明义",
  "王伟": "王伟",
  "王万青": "王万青",
  "王茂华、谭良才": "王茂华、谭良才",
  "何祥美": "何祥美",
  "刘丽": "刘丽",
  "朱光亚": "朱光亚",
  "胡忠、谢晓君": "胡忠、谢晓君",
  "吴孟超": "吴孟超",
  "刘伟": "刘伟",
  "杨善洲": "杨善洲",
  "阿里木": "阿里木",
  "张平宜": "张平宜",
  "孟佩杰": "孟佩杰",
  "吴菊萍": "吴菊萍",
  "刘金国": "刘金国",
  "林俊德": "林俊德",
  "陈斌强": "陈斌强",
  "何玥": "何玥",
  "陈家顺": "陈家顺",
  "高淑珍": "高淑珍",
  "张丽莉": "张丽莉",
  "李文波": "李文波",
  "高秉涵": "高秉涵",
  "周月华、艾起": "周月华、艾起",
  "罗阳": "罗阳",
  "黄旭华": "黄旭华",
  "刘盛兰": "刘盛兰",
  "陈俊贵": "陈俊贵",
  "段爱平": "段爱平",
  "沈克泉、沈昌健": "沈克泉、沈昌健",
  "格桑德吉": "格桑德吉",
  "胡佩兰": "胡佩兰",
  "张耀华（姚厚芝）": "姚厚芝",
  "方俊明": "方俊明",
  "龚全珍": "龚全珍",
  "于敏": "于敏",
  "朱敏才、孙丽娜": "朱敏才、孙丽娜",
  "赵久富": "赵久富",
  "张纪清": "张纪清",
  "陶艳波": "陶艳波",
  "木拉提·西日甫江": "木拉提·西日甫江",
  "肖卿福": "肖卿福",
  "朱晓晖": "朱晓晖",
  "师昌绪": "师昌绪",
  "陇海大院": "陇海大院",
  "吴锦泉": "吴锦泉",
  "张宝艳、秦艳友": "张宝艳、秦艳友",
  "郎平": "郎平",
  "屠呦呦": "屠呦呦",
  "阎肃": "阎肃",
  "徐立平": "徐立平",
  "莫振高": "莫振高",
  "官东": "官东",
  "买买提江·吾买尔": "买买提江·吾买尔",
  "王宽": "王宽",
  "孙家栋": "孙家栋",
  "张超": "张超",
  "李万君": "李万君",
  "梁益建": "梁益建",
  "郭小平": "郭小平",
  "阿布列林·阿布列孜": "阿布列林·阿不列孜",
  "潘建伟": "潘建伟",
  "王锋": "王锋",
  "支月英": "支月英",
  "秦玥飞": "秦玥飞",
  "卢永根": "卢永根",
  "廖俊波": "廖俊波",
  "杨科璋": "杨科璋",
  "卓嘎、央宗": "卓嘎、央宗",
  "刘锐": "刘锐",
  "黄大发": "黄大发",
  "谢海华": "谢海华",
  "王珏": "王珏",
  "黄大年": "黄大年",
  "卢丽安": "卢丽安",
  "杜富国": "杜富国",
  "吕保民": "吕保民",
  "马旭": "马旭",
  "刘传健": "刘传健",
  "其美多吉": "其美多吉",
  "王继才、王仕花": "王继才、王仕花",
  "张渠伟": "张渠伟",
  "张玉滚": "张玉滚",
  "程开甲": "程开甲",
  "钟扬": "钟扬",
  "樊锦诗": "樊锦诗",
  "四川木里森林扑火勇士": "四川森林消防员",
  "顾方舟": "顾方舟",
  "朱丽华": "朱丽华",
  "张富清": "张富清",
  "杜岚、尤端阳": "杜岚、尤端阳",
  "伍淑清": "伍淑清",
  "黄文秀": "黄文秀",
  "潘维廉": "潘维廉",
  "中国女排": "中国女排",
  "张定宇": "张定宇",
  "陈陆": "陈陆",
  "张桂梅": "张桂梅",
  "万佐成、熊庚香": "万佐成、熊庚香",
  "王海": "王海",
  "汪勇": "汪勇",
  "谢军": "谢军",
  "叶嘉莹": "叶嘉莹",
  "毛相林": "毛相林",
  "国测一大队": "国测一大队",
  "杨振宁": "杨振宁",
  "张顺东、李国秀": "张顺东、李国秀夫妇",
  "苏炳添": "苏炳添",
  "朱彦夫": "朱彦夫",
  "顾诵芬": "顾诵芬",
  "陈贝儿": "陈贝儿",
  "吴天一": "吴天一",
  "江梦南": "江梦南",
  "彭士禄": "彭士禄",
  "中国航天追梦人": "中国航天人",
  "钱七虎": "钱七虎",
  "邓小岚": "邓小岚",
  "杨宁": "杨宁",
  "沈忠芳": "沈忠芳",
  "徐淙祥": "徐淙祥",
  "“银发知播”群体": "“银发知播”群体",
  "徐梦桃": "徐梦桃",
  "陈清泉": "陈清泉",
  "陆鸿": "陆鸿",
  "林占熺": "林占熺",
  "俞鸿儒": "俞鸿儒",
  "刘玲琍": "刘玲琍",
  "孟二梅": "孟二梅",
  "张雨霏": "张雨霏",
  "杨华德": "杨华德",
  "牛犇": "牛犇",
  "穆言灵": "穆言灵",
  "张连钢": "张连钢",
  "萧凯恩": "萧凯恩",
  "空军航空兵某团飞行二大队": "空军航空兵某团飞行二大队"
}
```
2026-08-08 20:16:31.465 | INFO     | eval.evaluation.evaluation:evaluate_single_query:223 - col: 杰出人物, primary_key_map {'郑培民': '郑培民', '张荣锁': '张荣锁', '王选': '王选', '刘姝威': '刘姝威', '张瑞敏': '张瑞敏', '张前东': '张前东', '黄昆': '黄昆', '姚明': '姚明', '赵新民': '赵新民', '濮存昕': '濮存昕', '杨利伟': '杨利伟', '钟南山': '钟南山', '陈忠和': '陈忠和', '尾山宏': '尾山宏', '梁雨润': '梁雨润', '巴金': '巴金', '高耀洁': '高耀洁', '达吾提·阿西木': '达吾提·阿西木', '成龙': '成龙', '衡阳武警消防兵': '衡阳武警消防兵', '牛玉儒': '牛玉儒', '梁万俊': '梁万俊', '刘翔': '刘翔', '明正彬': '明正彬', '任长霞': '任长霞', '孙必干': '孙必干', '田世国': '田世国', '徐本禹': '徐本禹', '袁隆平': '袁隆平', '桂希恩': '桂希恩', '魏青刚': '魏青刚', '丛飞': '丛飞', '黄伯云': '黄伯云', '李春燕': '李春燕', '洪战辉': '洪战辉', '陈健': '陈健', '邰丽华': '邰丽华', '杨业功': '杨业功', '王顺友': '王顺友', '费俊龙、聂海胜': '费俊龙、聂海胜', '丁晓兵': '丁晓兵', '华益慰': '华益慰', '叶笃正': '叶笃正', '王百姓': '王百姓', '季羡林': '季羡林', '孔祥瑞': '孔祥瑞', '黄舸': '黄舸', '霍英东': '霍英东', '林秀贞': '林秀贞', '青岛爱心群体': '微尘', '钱学森': '钱学森', '闵恩泽': '闵恩泽', '方永刚': '方永刚', '谢延信': '谢延信', '钟期荣、胡鸿烈': '钟期荣、胡鸿烈', '陈晓兰': '陈晓兰', '罗映珍': '罗映珍', '李剑英': '李剑英', '孟祥斌': '孟祥斌', '李丽': '李丽', '唐山十三位农民': '唐山十三农民（宋志永、杨国明、杨东、王加祥、王得良、宋志先、王宝国、王宝中、曹秀军、尹福、宋久富、杨国平、王金龙）', '武文斌': '武文斌', '张艺谋奥运导演团队': '张艺谋奥运团队', '金晶': '金晶', '吉吉': '吉吉', '神舟七号航天员团队': '神舟七号航天员（翟志刚、刘伯明、景海鹏）', '李桂林、陆建芬': '李桂林、陆建芬', '韩惠民': '韩惠民', '经大忠': '经大忠', '李隆': '李隆', '卓琳': '卓琳', '朱邦月': '朱邦月', '阿里帕·阿力马洪': '阿里帕·阿力马洪', '孙炎明': '孙炎明', '张正祥': '张正祥', '陈玉蓉': '陈玉蓉', '萨布利亚·坦贝肯': '萨布利亚·坦贝肯（德国）', '宋文骢': '宋文骢', '沈浩': '沈浩', '钱伟长': '钱伟长', '孙水林、孙东林': '孙水林、孙东林', '才哇': '才哇', '郭明义': '郭明义', '王伟': '王伟', '王万青': '王万青', '王茂华、谭良才': '王茂华、谭良才', '何祥美': '何祥美', '刘丽': '刘丽', '朱光亚': '朱光亚', '胡忠、谢晓君': '胡忠、谢晓君', '吴孟超': '吴孟超', '刘伟': '刘伟', '杨善洲': '杨善洲', '阿里木': '阿里木', '张平宜': '张平宜', '孟佩杰': '孟佩杰', '吴菊萍': '吴菊萍', '刘金国': '刘金国', '林俊德': '林俊德', '陈斌强': '陈斌强', '何玥': '何玥', '陈家顺': '陈家顺', '高淑珍': '高淑珍', '张丽莉': '张丽莉', '李文波': '李文波', '高秉涵': '高秉涵', '周月华、艾起': '周月华、艾起', '罗阳': '罗阳', '黄旭华': '黄旭华', '刘盛兰': '刘盛兰', '陈俊贵': '陈俊贵', '段爱平': '段爱平', '沈克泉、沈昌健': '沈克泉、沈昌健', '格桑德吉': '格桑德吉', '胡佩兰': '胡佩兰', '张耀华（姚厚芝）': '姚厚芝', '方俊明': '方俊明', '龚全珍': '龚全珍', '于敏': '于敏', '朱敏才、孙丽娜': '朱敏才、孙丽娜', '赵久富': '赵久富', '张纪清': '张纪清', '陶艳波': '陶艳波', '木拉提·西日甫江': '木拉提·西日甫江', '肖卿福': '肖卿福', '朱晓晖': '朱晓晖', '师昌绪': '师昌绪', '陇海大院': '陇海大院', '吴锦泉': '吴锦泉', '张宝艳、秦艳友': '张宝艳、秦艳友', '郎平': '郎平', '屠呦呦': '屠呦呦', '阎肃': '阎肃', '徐立平': '徐立平', '莫振高': '莫振高', '官东': '官东', '买买提江·吾买尔': '买买提江·吾买尔', '王宽': '王宽', '孙家栋': '孙家栋', '张超': '张超', '李万君': '李万君', '梁益建': '梁益建', '郭小平': '郭小平', '阿布列林·阿布列孜': '阿布列林·阿不列孜', '潘建伟': '潘建伟', '王锋': '王锋', '支月英': '支月英', '秦玥飞': '秦玥飞', '卢永根': '卢永根', '廖俊波': '廖俊波', '杨科璋': '杨科璋', '卓嘎、央宗': '卓嘎、央宗', '刘锐': '刘锐', '黄大发': '黄大发', '谢海华': '谢海华', '王珏': '王珏', '黄大年': '黄大年', '卢丽安': '卢丽安', '杜富国': '杜富国', '吕保民': '吕保民', '马旭': '马旭', '刘传健': '刘传健', '其美多吉': '其美多吉', '王继才、王仕花': '王继才、王仕花', '张渠伟': '张渠伟', '张玉滚': '张玉滚', '程开甲': '程开甲', '钟扬': '钟扬', '樊锦诗': '樊锦诗', '四川木里森林扑火勇士': '四川森林消防员', '顾方舟': '顾方舟', '朱丽华': '朱丽华', '张富清': '张富清', '杜岚、尤端阳': '杜岚、尤端阳', '伍淑清': '伍淑清', '黄文秀': '黄文秀', '潘维廉': '潘维廉', '中国女排': '中国女排', '张定宇': '张定宇', '陈陆': '陈陆', '张桂梅': '张桂梅', '万佐成、熊庚香': '万佐成、熊庚香', '王海': '王海', '汪勇': '汪勇', '谢军': '谢军', '叶嘉莹': '叶嘉莹', '毛相林': '毛相林', '国测一大队': '国测一大队', '杨振宁': '杨振宁', '张顺东、李国秀': '张顺东、李国秀夫妇', '苏炳添': '苏炳添', '朱彦夫': '朱彦夫', '顾诵芬': '顾诵芬', '陈贝儿': '陈贝儿', '吴天一': '吴天一', '江梦南': '江梦南', '彭士禄': '彭士禄', '中国航天追梦人': '中国航天人', '钱七虎': '钱七虎', '邓小岚': '邓小岚', '杨宁': '杨宁', '沈忠芳': '沈忠芳', '徐淙祥': '徐淙祥', '“银发知播”群体': '“银发知播”群体', '徐梦桃': '徐梦桃', '陈清泉': '陈清泉', '陆鸿': '陆鸿', '林占熺': '林占熺', '俞鸿儒': '俞鸿儒', '刘玲琍': '刘玲琍', '孟二梅': '孟二梅', '张雨霏': '张雨霏', '杨华德': '杨华德', '牛犇': '牛犇', '穆言灵': '穆言灵', '张连钢': '张连钢', '萧凯恩': '萧凯恩', '空军航空兵某团飞行二大队': '空军航空兵某团飞行二大队'}
2026-08-08 20:16:31.473 | INFO     | eval.evaluation.evaluation:evaluate_single_query:275 - wide2deep_ws_zh_020, df_inner shape: (0, 6), answer_df shape: (223, 3), response_df shape: (22, 5)
2026-08-08 20:16:33.606 | DEBUG    | eval.evaluation.evaluation:evaluate_single_query:321 - wide2deep_ws_zh_020, col 颁奖辞, metric_func_name llm_judge, score []
2026-08-08 20:16:33.611 | INFO     | eval.evaluation.evaluation:evaluate_single_query:380 - wide2deep_ws_zh_020, P/R/F1 by unique_columns: 0.0000/0.0000/0.0000
2026-08-08 20:16:33.612 | INFO     | eval.evaluation.evaluation:evaluate_single_query:383 - wide2deep_ws_zh_020, P/R/F1 by row: 0.0000/0.0000/0.0000
2026-08-08 20:16:33.612 | INFO     | eval.evaluation.evaluation:evaluate_single_query:386 - wide2deep_ws_zh_020, P/R/F1 by item: 0.0000/0.0000/0.0000
2026-08-08 20:16:33.612 | INFO     | eval.evaluation.evaluation:evaluate_single_query:398 - wide2deep_ws_zh_020, final table score: 0.0
{"event": "eval_done", "idx": 6, "instance_id": "wide2deep_ws_zh_020", "score": 0.0, "entity_acc": 1.0, "f1_by_row": 0.0, "f1_by_item": 0.0, "column_f1": 0.0, "error": null, "elapsed_seconds": 30.876, "running_n": 6}
{"event": "eval_done", "idx": 7, "instance_id": "wide2deep_ws_zh_037", "score": 0.0, "entity_acc": 0.0, "f1_by_row": 0.0, "f1_by_item": 0.0, "column_f1": 0.0, "error": null, "elapsed_seconds": 1.599, "running_n": 7}
SUMMARY {"n": 7, "valid_n": 7, "errors": 0, "complete": true, "judge_calls_current_process": 17, "score": 0.0, "entity_acc": 0.42857142857142855, "precision_by_row": 0.1424720831728918, "recall_by_row": 0.13973095869647595, "f1_by_row": 0.14106695309702827, "precision_by_item": 0.2501203311513285, "recall_by_item": 0.2480106100795756, "f1_by_item": 0.24901539563193698, "column_precision": 0.27791682710820176, "column_recall": 0.27586206896551724, "column_f1": 0.27683494450411744}
