INFO: Pandarallel will run on 8 workers.
INFO: Pandarallel will use Memory file system to transfer data between the main process and workers.
{"event": "eval_start", "selected": 6, "resume_committed": 0, "committed_errors": 0, "crash_only_resume": false}
2026-08-08 20:15:25.250 | DEBUG    | eval.evaluation.data_loader:extract_dataframe:167 - find markdown_str 
| High School | States | STEM High Schools ranking | National R ...
2026-08-08 20:15:32.943 | INFO     | eval.evaluation.metric_utils:primary_key_preprocess:246 - primary_key_preprocess result: ```json
{
  "High Technology High School": "High Technology High School",
  "BASIS Scottsdale": "BASIS Scottsdale",
  "Thomas Jefferson High School for Science and Technology": "Thomas Jefferson High School for Science and Technology ",
  "The Early College at Guilford": "The Early College at Guilford",
  "BASIS Chandler": "BASIS Chandler",
  "School for the Talented and Gifted": "The School for the Talented and Gifted (TAG)",
  "Tesla STEM High School": "Tesla STEM High School",
  "Walter Payton College Preparatory High School": "Payton College Preparatory High School",
  "BASIS Peoria": "BASIS Peoria",
  "Academic Magnet High School": "Academic Magnet High School",
  "Gwinnett School of Mathematics, Science and Technology": "Gwinnett School of Mathematics, Science and Technology",
  "Whitney High School": "Whitney High School",
  "Bronx High School of Science": "Bronx High School of Science",
  "Stuyvesant High School": "Stuyvesant High School",
  "Bergen County Academies": "Bergen County Academies",
  "Biotechnology High School": "Biotechnology High School",
  "Middlesex County Academy for Science, Mathematics and Engineering Technologies": "Edison Academy Magnet School",
  "School of Science and Engineering": "Science and Engineering Magnet School (SEM)",
  "University High School": "University High School (Irvine)",
  "BASIS Tucson North": "BASIS Tucson North",
  "Poolesville High School": "Poolesville High School"
}
```
2026-08-08 20:15:32.943 | INFO     | eval.evaluation.evaluation:evaluate_single_query:223 - col: highschool, primary_key_map {'High Technology High School': 'High Technology High School', 'BASIS Scottsdale': 'BASIS Scottsdale', 'Thomas Jefferson High School for Science and Technology': 'Thomas Jefferson High School for Science and Technology ', 'The Early College at Guilford': 'The Early College at Guilford', 'BASIS Chandler': 'BASIS Chandler', 'School for the Talented and Gifted': 'The School for the Talented and Gifted (TAG)', 'Tesla STEM High School': 'Tesla STEM High School', 'Walter Payton College Preparatory High School': 'Payton College Preparatory High School', 'BASIS Peoria': 'BASIS Peoria', 'Academic Magnet High School': 'Academic Magnet High School', 'Gwinnett School of Mathematics, Science and Technology': 'Gwinnett School of Mathematics, Science and Technology', 'Whitney High School': 'Whitney High School', 'Bronx High School of Science': 'Bronx High School of Science', 'Stuyvesant High School': 'Stuyvesant High School', 'Bergen County Academies': 'Bergen County Academies', 'Biotechnology High School': 'Biotechnology High School', 'Middlesex County Academy for Science, Mathematics and Engineering Technologies': 'Edison Academy Magnet School', 'School of Science and Engineering': 'Science and Engineering Magnet School (SEM)', 'University High School': 'University High School (Irvine)', 'BASIS Tucson North': 'BASIS Tucson North', 'Poolesville High School': 'Poolesville High School'}
2026-08-08 20:15:32.954 | INFO     | eval.evaluation.evaluation:evaluate_single_query:275 - wide2deep_ws_en_051, df_inner shape: (21, 14), answer_df shape: (50, 7), response_df shape: (50, 8)
2026-08-08 20:15:37.149 | DEBUG    | eval.evaluation.evaluation:evaluate_single_query:321 - wide2deep_ws_en_051, col states, metric_func_name llm_judge, score [1, 1, 1, 1, 1, 1, 1, 1, 1, 1, 1, 1, 1, 1, 1, 1, 1, 1, 1, 1, 0]
2026-08-08 20:15:37.149 | DEBUG    | eval.evaluation.evaluation:metric_call:77 - metric_func_name exact_match score 1.0 msg exact match, response: 1, target: 1
2026-08-08 20:15:37.149 | DEBUG    | eval.evaluation.evaluation:metric_call:77 - metric_func_name exact_match score 0.0 msg exact not match, response: 12, target: 2
2026-08-08 20:15:37.149 | DEBUG    | eval.evaluation.evaluation:metric_call:77 - metric_func_name exact_match score 0.0 msg exact not match, response: 5, target: 3
2026-08-08 20:15:37.150 | DEBUG    | eval.evaluation.evaluation:metric_call:77 - metric_func_name exact_match score 1.0 msg exact match, response: 4, target: 4
2026-08-08 20:15:37.150 | DEBUG    | eval.evaluation.evaluation:metric_call:77 - metric_func_name exact_match score 0.0 msg exact not match, response: 3, target: 5
2026-08-08 20:15:37.150 | DEBUG    | eval.evaluation.evaluation:metric_call:77 - metric_func_name exact_match score 0.0 msg exact not match, response: 26, target: 6
2026-08-08 20:15:37.150 | DEBUG    | eval.evaluation.evaluation:metric_call:77 - metric_func_name exact_match score 0.0 msg exact not match, response: 43, target: 7
2026-08-08 20:15:37.150 | DEBUG    | eval.evaluation.evaluation:metric_call:77 - metric_func_name exact_match score 0.0 msg exact not match, response: 19, target: 8
2026-08-08 20:15:37.150 | DEBUG    | eval.evaluation.evaluation:metric_call:77 - metric_func_name exact_match score 0.0 msg exact not match, response: 2, target: 9
2026-08-08 20:15:37.150 | DEBUG    | eval.evaluation.evaluation:metric_call:77 - metric_func_name exact_match score 0.0 msg exact not match, response: 7, target: 10
2026-08-08 20:15:37.150 | DEBUG    | eval.evaluation.evaluation:metric_call:77 - metric_func_name exact_match score 0.0 msg exact not match, response: 16, target: 11
2026-08-08 20:15:37.150 | DEBUG    | eval.evaluation.evaluation:metric_call:77 - metric_func_name exact_match score 0.0 msg exact not match, response: 23, target: 14
2026-08-08 20:15:37.150 | DEBUG    | eval.evaluation.evaluation:metric_call:77 - metric_func_name exact_match score 0.0 msg exact not match, response: 25, target: 15
2026-08-08 20:15:37.150 | DEBUG    | eval.evaluation.evaluation:metric_call:77 - metric_func_name exact_match score 0.0 msg exact not match, response: 13, target: 16
2026-08-08 20:15:37.150 | DEBUG    | eval.evaluation.evaluation:metric_call:77 - metric_func_name exact_match score 0.0 msg exact not match, response: 24, target: 18
2026-08-08 20:15:37.150 | DEBUG    | eval.evaluation.evaluation:metric_call:77 - metric_func_name exact_match score 0.0 msg exact not match, response: 6, target: 21
2026-08-08 20:15:37.150 | DEBUG    | eval.evaluation.evaluation:metric_call:77 - metric_func_name exact_match score 0.0 msg exact not match, response: 22, target: 24
2026-08-08 20:15:37.150 | DEBUG    | eval.evaluation.evaluation:metric_call:77 - metric_func_name exact_match score 0.0 msg exact not match, response: 45, target: 32
2026-08-08 20:15:37.150 | DEBUG    | eval.evaluation.evaluation:metric_call:77 - metric_func_name exact_match score 1.0 msg exact match, response: 37, target: 37
2026-08-08 20:15:37.150 | DEBUG    | eval.evaluation.evaluation:metric_call:77 - metric_func_name exact_match score 0.0 msg exact not match, response: 9, target: 41
2026-08-08 20:15:37.150 | DEBUG    | eval.evaluation.evaluation:metric_call:77 - metric_func_name exact_match score 0.0 msg exact not match, response: 41, target: 43
2026-08-08 20:15:37.151 | DEBUG    | eval.evaluation.evaluation:evaluate_single_query:321 - wide2deep_ws_en_051, col stemhighschoolsranking, metric_func_name exact_match, score [1.0, 0.0, 0.0, 1.0, 0.0, 0.0, 0.0, 0.0, 0.0, 0.0, 0.0, 0.0, 0.0, 0.0, 0.0, 0.0, 0.0, 0.0, 1.0, 0.0, 0.0]
2026-08-08 20:15:37.151 | DEBUG    | eval.evaluation.evaluation:metric_call:77 - metric_func_name exact_match score 0.0 msg exact not match, response: 24.0, target: 24
2026-08-08 20:15:37.151 | DEBUG    | eval.evaluation.evaluation:metric_call:77 - metric_func_name exact_match score 0.0 msg exact not match, response: 11.0, target: 1
2026-08-08 20:15:37.151 | DEBUG    | eval.evaluation.evaluation:metric_call:77 - metric_func_name exact_match score 0.0 msg exact not match, response: nan, target: 84
2026-08-08 20:15:37.151 | DEBUG    | eval.evaluation.evaluation:metric_call:77 - metric_func_name exact_match score 0.0 msg exact not match, response: 1.0, target: 16
2026-08-08 20:15:37.151 | DEBUG    | eval.evaluation.evaluation:metric_call:77 - metric_func_name exact_match score 0.0 msg exact not match, response: 14.0, target: 14
2026-08-08 20:15:37.151 | DEBUG    | eval.evaluation.evaluation:metric_call:77 - metric_func_name exact_match score 0.0 msg exact not match, response: nan, target: 42
2026-08-08 20:15:37.151 | DEBUG    | eval.evaluation.evaluation:metric_call:77 - metric_func_name exact_match score 0.0 msg exact not match, response: nan, target: 33
2026-08-08 20:15:37.151 | DEBUG    | eval.evaluation.evaluation:metric_call:77 - metric_func_name exact_match score 0.0 msg exact not match, response: nan, target: 11
2026-08-08 20:15:37.151 | DEBUG    | eval.evaluation.evaluation:metric_call:77 - metric_func_name exact_match score 0.0 msg exact not match, response: 15.0, target: 32
2026-08-08 20:15:37.151 | DEBUG    | eval.evaluation.evaluation:metric_call:77 - metric_func_name exact_match score 0.0 msg exact not match, response: 3.0, target: 3
2026-08-08 20:15:37.151 | DEBUG    | eval.evaluation.evaluation:metric_call:77 - metric_func_name exact_match score 0.0 msg exact not match, response: 9.0, target: 9
2026-08-08 20:15:37.152 | DEBUG    | eval.evaluation.evaluation:metric_call:77 - metric_func_name exact_match score 0.0 msg exact not match, response: nan, target: 26
2026-08-08 20:15:37.152 | DEBUG    | eval.evaluation.evaluation:metric_call:77 - metric_func_name exact_match score 0.0 msg exact not match, response: nan, target: 72
2026-08-08 20:15:37.152 | DEBUG    | eval.evaluation.evaluation:metric_call:77 - metric_func_name exact_match score 0.0 msg exact not match, response: 7.0, target: 7
2026-08-08 20:15:37.152 | DEBUG    | eval.evaluation.evaluation:metric_call:77 - metric_func_name exact_match score 0.0 msg exact not match, response: nan, target: 62
2026-08-08 20:15:37.152 | DEBUG    | eval.evaluation.evaluation:metric_call:77 - metric_func_name exact_match score 0.0 msg exact not match, response: 6.0, target: 6
2026-08-08 20:15:37.152 | DEBUG    | eval.evaluation.evaluation:metric_call:77 - metric_func_name exact_match score 0.0 msg exact not match, response: nan, target: 37
2026-08-08 20:15:37.152 | DEBUG    | eval.evaluation.evaluation:metric_call:77 - metric_func_name exact_match score 0.0 msg exact not match, response: nan, target: 172
2026-08-08 20:15:37.152 | DEBUG    | eval.evaluation.evaluation:metric_call:77 - metric_func_name exact_match score 0.0 msg exact not match, response: nan, target: 29
2026-08-08 20:15:37.152 | DEBUG    | eval.evaluation.evaluation:metric_call:77 - metric_func_name exact_match score 0.0 msg exact not match, response: 5.0, target: 5
2026-08-08 20:15:37.152 | DEBUG    | eval.evaluation.evaluation:metric_call:77 - metric_func_name exact_match score 0.0 msg exact not match, response: nan, target: 356
2026-08-08 20:15:37.153 | DEBUG    | eval.evaluation.evaluation:evaluate_single_query:321 - wide2deep_ws_en_051, col nationalrankings, metric_func_name exact_match, score [0.0, 0.0, 0.0, 0.0, 0.0, 0.0, 0.0, 0.0, 0.0, 0.0, 0.0, 0.0, 0.0, 0.0, 0.0, 0.0, 0.0, 0.0, 0.0, 0.0, 0.0]
2026-08-08 20:15:41.779 | DEBUG    | eval.evaluation.evaluation:evaluate_single_query:321 - wide2deep_ws_en_051, col staterankings, metric_func_name llm_judge, score [1, 0, 0, 1, 1, 0, 0, 0, 0, 1, 1, 0, 0, 1, 0, 1, 0, 0, 0, 1, 0]
2026-08-08 20:15:44.651 | DEBUG    | eval.evaluation.evaluation:evaluate_single_query:321 - wide2deep_ws_en_051, col servedgrades, metric_func_name llm_judge, score [1, 1, 1, 1, 1, 1, 1, 1, 0, 1, 1, 1, 1, 1, 1, 1, 1, 1, 1, 1, 0]
2026-08-08 20:15:44.651 | DEBUG    | eval.evaluation.evaluation:metric_call:77 - metric_func_name number_near score 0.0 msg number not convertable, response: None, target: 6.0
2026-08-08 20:15:44.651 | DEBUG    | eval.evaluation.evaluation:metric_call:77 - metric_func_name number_near score 0.0 msg number not convertable, response: None, target: 21.0
2026-08-08 20:15:44.651 | DEBUG    | eval.evaluation.evaluation:metric_call:77 - metric_func_name number_near score 0.0 msg number not convertable, response: None, target: 31.0
2026-08-08 20:15:44.651 | DEBUG    | eval.evaluation.evaluation:metric_call:77 - metric_func_name number_near score 0.0 msg number not convertable, response: None, target: 8.0
2026-08-08 20:15:44.651 | DEBUG    | eval.evaluation.evaluation:metric_call:77 - metric_func_name number_near score 0.0 msg number not convertable, response: None, target: 23.0
2026-08-08 20:15:44.651 | DEBUG    | eval.evaluation.evaluation:metric_call:77 - metric_func_name number_near score 0.0 msg number not convertable, response: None, target: 4.0
2026-08-08 20:15:44.651 | DEBUG    | eval.evaluation.evaluation:metric_call:77 - metric_func_name number_near score 0.0 msg number not convertable, response: None, target: 28.0
2026-08-08 20:15:44.651 | DEBUG    | eval.evaluation.evaluation:metric_call:77 - metric_func_name number_near score 0.0 msg number not convertable, response: None, target: 18.0
2026-08-08 20:15:44.651 | DEBUG    | eval.evaluation.evaluation:metric_call:77 - metric_func_name number_near score 0.0 msg number not convertable, response: None, target: 31.0
2026-08-08 20:15:44.651 | DEBUG    | eval.evaluation.evaluation:metric_call:77 - metric_func_name number_near score 0.0 msg number not convertable, response: None, target: 12.0
2026-08-08 20:15:44.651 | DEBUG    | eval.evaluation.evaluation:metric_call:77 - metric_func_name number_near score 0.0 msg number not convertable, response: None, target: 22.0
2026-08-08 20:15:44.652 | DEBUG    | eval.evaluation.evaluation:metric_call:77 - metric_func_name number_near score 0.0 msg number not convertable, response: None, target: 31.0
2026-08-08 20:15:44.652 | DEBUG    | eval.evaluation.evaluation:metric_call:77 - metric_func_name number_near score 0.0 msg number not convertable, response: None, target: 3.0
2026-08-08 20:15:44.652 | DEBUG    | eval.evaluation.evaluation:metric_call:77 - metric_func_name number_near score 0.0 msg number not convertable, response: None, target: 21.0
2026-08-08 20:15:44.652 | DEBUG    | eval.evaluation.evaluation:metric_call:77 - metric_func_name number_near score 0.0 msg number not convertable, response: None, target: 14.0
2026-08-08 20:15:44.652 | DEBUG    | eval.evaluation.evaluation:metric_call:77 - metric_func_name number_near score 0.0 msg number not convertable, response: None, target: 28.0
2026-08-08 20:15:44.652 | DEBUG    | eval.evaluation.evaluation:metric_call:77 - metric_func_name number_near score 0.0 msg number not convertable, response: None, target: 20.0
2026-08-08 20:15:44.652 | DEBUG    | eval.evaluation.evaluation:metric_call:77 - metric_func_name number_near score 0.0 msg number not convertable, response: None, target: 28.0
2026-08-08 20:15:44.652 | DEBUG    | eval.evaluation.evaluation:metric_call:77 - metric_func_name number_near score 0.0 msg number not convertable, response: None, target: 31.0
2026-08-08 20:15:44.652 | DEBUG    | eval.evaluation.evaluation:metric_call:77 - metric_func_name number_near score 0.0 msg number not convertable, response: None, target: 24.0
2026-08-08 20:15:44.652 | DEBUG    | eval.evaluation.evaluation:metric_call:77 - metric_func_name number_near score 0.0 msg number not convertable, response: None, target: 23.0
2026-08-08 20:15:44.653 | DEBUG    | eval.evaluation.evaluation:evaluate_single_query:321 - wide2deep_ws_en_051, col apcourses, metric_func_name number_near, score [0.0, 0.0, 0.0, 0.0, 0.0, 0.0, 0.0, 0.0, 0.0, 0.0, 0.0, 0.0, 0.0, 0.0, 0.0, 0.0, 0.0, 0.0, 0.0, 0.0, 0.0]
2026-08-08 20:15:44.661 | INFO     | eval.evaluation.evaluation:evaluate_single_query:380 - wide2deep_ws_en_051, P/R/F1 by unique_columns: 0.4200/0.4200/0.4200
2026-08-08 20:15:44.662 | INFO     | eval.evaluation.evaluation:evaluate_single_query:383 - wide2deep_ws_en_051, P/R/F1 by row: 0.0000/0.0000/0.0000
2026-08-08 20:15:44.662 | INFO     | eval.evaluation.evaluation:evaluate_single_query:386 - wide2deep_ws_en_051, P/R/F1 by item: 0.2029/0.2029/0.2029
2026-08-08 20:15:44.666 | INFO     | eval.evaluation.evaluation:evaluate_single_query:398 - wide2deep_ws_en_051, final table score: 0.0
{"event": "eval_done", "idx": 1, "instance_id": "wide2deep_ws_en_051", "score": 0.0, "entity_acc": 1.0, "f1_by_row": 0.0, "f1_by_item": 0.20285714285714285, "column_f1": 0.41999999999999993, "error": null, "elapsed_seconds": 21.306, "running_n": 1}
{"event": "eval_done", "idx": 2, "instance_id": "wide2deep_ws_en_076", "score": 0.0, "entity_acc": 0.0, "f1_by_row": 0.0, "f1_by_item": 0.0, "column_f1": 0.0, "error": null, "elapsed_seconds": 1.848, "running_n": 2}
{"event": "eval_done", "idx": 3, "instance_id": "wide2deep_ws_en_078", "score": 0.0, "entity_acc": 0.0, "f1_by_row": 0.0, "f1_by_item": 0.0, "column_f1": 0.0, "error": null, "elapsed_seconds": 1.388, "running_n": 3}
2026-08-08 20:15:51.345 | DEBUG    | eval.evaluation.data_loader:extract_dataframe:167 - find markdown_str 
| Name | Position | Tenure Start Date | Tenure End Date | Nomin ...
2026-08-08 20:15:54.288 | INFO     | eval.evaluation.metric_utils:primary_key_preprocess:246 - primary_key_preprocess result: ```json
{
  "Warren E. Burger": "Warren E. Burger",
  "Harry A. Blackmun": "Harry A. Blackmun",
  "Lewis F. Powell Jr.": "Lewis F. Powell Jr.",
  "William H. Rehnquist": "William Rehnquist",
  "John Paul Stevens": "John Paul Stevens",
  "Sandra Day O'Connor": "Sandra Day O’Connor",
  "Antonin Scalia": "Antonin Scalia",
  "Anthony M. Kennedy": "Anthony Kennedy",
  "David H. Souter": "David Souter",
  "Clarence Thomas": "Clarence Thomas",
  "Ruth Bader Ginsburg": "Ruth Bader Ginsburg",
  "Stephen G. Breyer": "Stephen Breyer",
  "John G. Roberts Jr.": "John Roberts Jr.",
  "Samuel A. Alito Jr.": "Samuel Alito Jr.",
  "Sonia Sotomayor": "Sonia Sotomayor",
  "Elena Kagan": "Elena Kagan",
  "Neil M. Gorsuch": "Neil Gorsuch",
  "Brett M. Kavanaugh": "Brett Kavanaugh",
  "Amy Coney Barrett": "Amy Coney Barrett",
  "Ketanji Brown Jackson": "Ketanji Brown Jackson"
}
```
2026-08-08 20:15:54.288 | INFO     | eval.evaluation.evaluation:evaluate_single_query:223 - col: name, primary_key_map {'Warren E. Burger': 'Warren E. Burger', 'Harry A. Blackmun': 'Harry A. Blackmun', 'Lewis F. Powell Jr.': 'Lewis F. Powell Jr.', 'William H. Rehnquist': 'William Rehnquist', 'John Paul Stevens': 'John Paul Stevens', "Sandra Day O'Connor": 'Sandra Day O’Connor', 'Antonin Scalia': 'Antonin Scalia', 'Anthony M. Kennedy': 'Anthony Kennedy', 'David H. Souter': 'David Souter', 'Clarence Thomas': 'Clarence Thomas', 'Ruth Bader Ginsburg': 'Ruth Bader Ginsburg', 'Stephen G. Breyer': 'Stephen Breyer', 'John G. Roberts Jr.': 'John Roberts Jr.', 'Samuel A. Alito Jr.': 'Samuel Alito Jr.', 'Sonia Sotomayor': 'Sonia Sotomayor', 'Elena Kagan': 'Elena Kagan', 'Neil M. Gorsuch': 'Neil Gorsuch', 'Brett M. Kavanaugh': 'Brett Kavanaugh', 'Amy Coney Barrett': 'Amy Coney Barrett', 'Ketanji Brown Jackson': 'Ketanji Brown Jackson'}
2026-08-08 20:15:56.812 | INFO     | eval.evaluation.metric_utils:primary_key_preprocess:246 - primary_key_preprocess result: ```json
{
  "Chief Justice": "Chief Justice",
  "Associate Justice": "Associate Justice"
}
```
2026-08-08 20:15:56.812 | INFO     | eval.evaluation.evaluation:evaluate_single_query:223 - col: position, primary_key_map {'Chief Justice': 'Chief Justice', 'Associate Justice': 'Associate Justice'}
2026-08-08 20:15:56.818 | INFO     | eval.evaluation.evaluation:evaluate_single_query:275 - wide2deep_ws_en_100, df_inner shape: (21, 16), answer_df shape: (21, 8), response_df shape: (21, 10)
2026-08-08 20:15:56.819 | DEBUG    | eval.evaluation.evaluation:metric_call:77 - metric_func_name exact_match score 1.0 msg exact match, response: 1969-06-23, target: 1969-06-23
2026-08-08 20:15:56.819 | DEBUG    | eval.evaluation.evaluation:metric_call:77 - metric_func_name exact_match score 1.0 msg exact match, response: 1970-06-09, target: 1970-06-09
2026-08-08 20:15:56.819 | DEBUG    | eval.evaluation.evaluation:metric_call:77 - metric_func_name exact_match score 1.0 msg exact match, response: 1972-01-07, target: 1972-01-07
2026-08-08 20:15:56.820 | DEBUG    | eval.evaluation.evaluation:metric_call:77 - metric_func_name exact_match score 1.0 msg exact match, response: 1972-01-07, target: 1972-01-07
2026-08-08 20:15:56.820 | DEBUG    | eval.evaluation.evaluation:metric_call:77 - metric_func_name exact_match score 1.0 msg exact match, response: 1975-12-19, target: 1975-12-19
2026-08-08 20:15:56.820 | DEBUG    | eval.evaluation.evaluation:metric_call:77 - metric_func_name exact_match score 1.0 msg exact match, response: 1981-09-25, target: 1981-09-25
2026-08-08 20:15:56.820 | DEBUG    | eval.evaluation.evaluation:metric_call:77 - metric_func_name exact_match score 1.0 msg exact match, response: 1986-09-26, target: 1986-09-26
2026-08-08 20:15:56.820 | DEBUG    | eval.evaluation.evaluation:metric_call:77 - metric_func_name exact_match score 1.0 msg exact match, response: 1986-09-26, target: 1986-09-26
2026-08-08 20:15:56.820 | DEBUG    | eval.evaluation.evaluation:metric_call:77 - metric_func_name exact_match score 1.0 msg exact match, response: 1988-02-18, target: 1988-02-18
2026-08-08 20:15:56.820 | DEBUG    | eval.evaluation.evaluation:metric_call:77 - metric_func_name exact_match score 1.0 msg exact match, response: 1990-10-09, target: 1990-10-09
2026-08-08 20:15:56.820 | DEBUG    | eval.evaluation.evaluation:metric_call:77 - metric_func_name exact_match score 1.0 msg exact match, response: 1991-10-23, target: 1991-10-23
2026-08-08 20:15:56.820 | DEBUG    | eval.evaluation.evaluation:metric_call:77 - metric_func_name exact_match score 1.0 msg exact match, response: 1993-08-10, target: 1993-08-10
2026-08-08 20:15:56.820 | DEBUG    | eval.evaluation.evaluation:metric_call:77 - metric_func_name exact_match score 1.0 msg exact match, response: 1994-08-03, target: 1994-08-03
2026-08-08 20:15:56.820 | DEBUG    | eval.evaluation.evaluation:metric_call:77 - metric_func_name exact_match score 1.0 msg exact match, response: 2005-09-29, target: 2005-09-29
2026-08-08 20:15:56.820 | DEBUG    | eval.evaluation.evaluation:metric_call:77 - metric_func_name exact_match score 1.0 msg exact match, response: 2006-01-31, target: 2006-01-31
2026-08-08 20:15:56.820 | DEBUG    | eval.evaluation.evaluation:metric_call:77 - metric_func_name exact_match score 1.0 msg exact match, response: 2009-08-08, target: 2009-08-08
2026-08-08 20:15:56.820 | DEBUG    | eval.evaluation.evaluation:metric_call:77 - metric_func_name exact_match score 1.0 msg exact match, response: 2010-08-07, target: 2010-08-07
2026-08-08 20:15:56.820 | DEBUG    | eval.evaluation.evaluation:metric_call:77 - metric_func_name exact_match score 1.0 msg exact match, response: 2017-04-10, target: 2017-04-10
2026-08-08 20:15:56.820 | DEBUG    | eval.evaluation.evaluation:metric_call:77 - metric_func_name exact_match score 1.0 msg exact match, response: 2018-10-06, target: 2018-10-06
2026-08-08 20:15:56.820 | DEBUG    | eval.evaluation.evaluation:metric_call:77 - metric_func_name exact_match score 1.0 msg exact match, response: 2020-10-27, target: 2020-10-27
2026-08-08 20:15:56.820 | DEBUG    | eval.evaluation.evaluation:metric_call:77 - metric_func_name exact_match score 1.0 msg exact match, response: 2022-06-30, target: 2022-06-30
2026-08-08 20:15:56.821 | DEBUG    | eval.evaluation.evaluation:evaluate_single_query:321 - wide2deep_ws_en_100, col tenurestartdate, metric_func_name exact_match, score [1.0, 1.0, 1.0, 1.0, 1.0, 1.0, 1.0, 1.0, 1.0, 1.0, 1.0, 1.0, 1.0, 1.0, 1.0, 1.0, 1.0, 1.0, 1.0, 1.0, 1.0]
2026-08-08 20:15:56.821 | DEBUG    | eval.evaluation.evaluation:metric_call:77 - metric_func_name exact_match score 1.0 msg exact match, response: 1986-09-26, target: 1986-09-26
2026-08-08 20:15:56.821 | DEBUG    | eval.evaluation.evaluation:metric_call:77 - metric_func_name exact_match score 1.0 msg exact match, response: 1994-08-03, target: 1994-08-03
2026-08-08 20:15:56.821 | DEBUG    | eval.evaluation.evaluation:metric_call:77 - metric_func_name exact_match score 1.0 msg exact match, response: 1987-06-26, target: 1987-06-26
2026-08-08 20:15:56.821 | DEBUG    | eval.evaluation.evaluation:metric_call:77 - metric_func_name exact_match score 1.0 msg exact match, response: 1986-09-26, target: 1986-09-26
2026-08-08 20:15:56.821 | DEBUG    | eval.evaluation.evaluation:metric_call:77 - metric_func_name exact_match score 1.0 msg exact match, response: 2010-06-29, target: 2010-06-29
2026-08-08 20:15:56.821 | DEBUG    | eval.evaluation.evaluation:metric_call:77 - metric_func_name exact_match score 1.0 msg exact match, response: 2006-01-31, target: 2006-01-31
2026-08-08 20:15:56.821 | DEBUG    | eval.evaluation.evaluation:metric_call:77 - metric_func_name exact_match score 1.0 msg exact match, response: 2005-09-03, target: 2005-09-03
2026-08-08 20:15:56.821 | DEBUG    | eval.evaluation.evaluation:metric_call:77 - metric_func_name exact_match score 1.0 msg exact match, response: 2016-02-13, target: 2016-02-13
2026-08-08 20:15:56.821 | DEBUG    | eval.evaluation.evaluation:metric_call:77 - metric_func_name exact_match score 1.0 msg exact match, response: 2018-07-31, target: 2018-07-31
2026-08-08 20:15:56.821 | DEBUG    | eval.evaluation.evaluation:metric_call:77 - metric_func_name exact_match score 1.0 msg exact match, response: 2009-06-29, target: 2009-06-29
2026-08-08 20:15:56.821 | DEBUG    | eval.evaluation.evaluation:metric_call:77 - metric_func_name exact_match score 1.0 msg exact match, response: nan, target: nan
2026-08-08 20:15:56.822 | DEBUG    | eval.evaluation.evaluation:metric_call:77 - metric_func_name exact_match score 1.0 msg exact match, response: 2020-09-18, target: 2020-09-18
2026-08-08 20:15:56.822 | DEBUG    | eval.evaluation.evaluation:metric_call:77 - metric_func_name exact_match score 1.0 msg exact match, response: 2022-06-30, target: 2022-06-30
2026-08-08 20:15:56.822 | DEBUG    | eval.evaluation.evaluation:metric_call:77 - metric_func_name exact_match score 1.0 msg exact match, response: nan, target: nan
2026-08-08 20:15:56.822 | DEBUG    | eval.evaluation.evaluation:metric_call:77 - metric_func_name exact_match score 1.0 msg exact match, response: nan, target: nan
2026-08-08 20:15:56.822 | DEBUG    | eval.evaluation.evaluation:metric_call:77 - metric_func_name exact_match score 1.0 msg exact match, response: nan, target: nan
2026-08-08 20:15:56.822 | DEBUG    | eval.evaluation.evaluation:metric_call:77 - metric_func_name exact_match score 1.0 msg exact match, response: nan, target: nan
2026-08-08 20:15:56.822 | DEBUG    | eval.evaluation.evaluation:metric_call:77 - metric_func_name exact_match score 1.0 msg exact match, response: nan, target: nan
2026-08-08 20:15:56.822 | DEBUG    | eval.evaluation.evaluation:metric_call:77 - metric_func_name exact_match score 1.0 msg exact match, response: nan, target: nan
2026-08-08 20:15:56.822 | DEBUG    | eval.evaluation.evaluation:metric_call:77 - metric_func_name exact_match score 1.0 msg exact match, response: nan, target: nan
2026-08-08 20:15:56.822 | DEBUG    | eval.evaluation.evaluation:metric_call:77 - metric_func_name exact_match score 1.0 msg exact match, response: nan, target: nan
2026-08-08 20:15:56.822 | DEBUG    | eval.evaluation.evaluation:evaluate_single_query:321 - wide2deep_ws_en_100, col tenureenddate, metric_func_name exact_match, score [1.0, 1.0, 1.0, 1.0, 1.0, 1.0, 1.0, 1.0, 1.0, 1.0, 1.0, 1.0, 1.0, 1.0, 1.0, 1.0, 1.0, 1.0, 1.0, 1.0, 1.0]
2026-08-08 20:15:59.472 | DEBUG    | eval.evaluation.evaluation:evaluate_single_query:321 - wide2deep_ws_en_100, col nominatingpresident, metric_func_name llm_judge, score [1, 1, 1, 1, 1, 1, 1, 1, 1, 1, 1, 1, 1, 1, 1, 1, 1, 1, 1, 1, 1]
2026-08-08 20:16:02.367 | DEBUG    | eval.evaluation.evaluation:evaluate_single_query:321 - wide2deep_ws_en_100, col president’sparty, metric_func_name llm_judge, score [1, 1, 1, 1, 1, 1, 1, 1, 1, 1, 1, 1, 1, 1, 1, 1, 1, 1, 1, 1, 1]
2026-08-08 20:16:02.367 | DEBUG    | eval.evaluation.evaluation:metric_call:77 - metric_func_name exact_match score 1.0 msg exact match, response: conservative, target: conservative
2026-08-08 20:16:02.367 | DEBUG    | eval.evaluation.evaluation:metric_call:77 - metric_func_name exact_match score 1.0 msg exact match, response: liberal, target: liberal
2026-08-08 20:16:02.367 | DEBUG    | eval.evaluation.evaluation:metric_call:77 - metric_func_name exact_match score 1.0 msg exact match, response: conservative, target: conservative
2026-08-08 20:16:02.368 | DEBUG    | eval.evaluation.evaluation:metric_call:77 - metric_func_name exact_match score 1.0 msg exact match, response: conservative, target: conservative
2026-08-08 20:16:02.368 | DEBUG    | eval.evaluation.evaluation:metric_call:77 - metric_func_name exact_match score 1.0 msg exact match, response: liberal, target: liberal
2026-08-08 20:16:02.368 | DEBUG    | eval.evaluation.evaluation:metric_call:77 - metric_func_name exact_match score 1.0 msg exact match, response: conservative, target: conservative
2026-08-08 20:16:02.368 | DEBUG    | eval.evaluation.evaluation:metric_call:77 - metric_func_name exact_match score 1.0 msg exact match, response: conservative, target: conservative
2026-08-08 20:16:02.368 | DEBUG    | eval.evaluation.evaluation:metric_call:77 - metric_func_name exact_match score 1.0 msg exact match, response: conservative, target: conservative
2026-08-08 20:16:02.368 | DEBUG    | eval.evaluation.evaluation:metric_call:77 - metric_func_name exact_match score 1.0 msg exact match, response: conservative, target: conservative
2026-08-08 20:16:02.368 | DEBUG    | eval.evaluation.evaluation:metric_call:77 - metric_func_name exact_match score 1.0 msg exact match, response: liberal, target: liberal
2026-08-08 20:16:02.368 | DEBUG    | eval.evaluation.evaluation:metric_call:77 - metric_func_name exact_match score 1.0 msg exact match, response: conservative, target: conservative
2026-08-08 20:16:02.368 | DEBUG    | eval.evaluation.evaluation:metric_call:77 - metric_func_name exact_match score 1.0 msg exact match, response: liberal, target: liberal
2026-08-08 20:16:02.368 | DEBUG    | eval.evaluation.evaluation:metric_call:77 - metric_func_name exact_match score 1.0 msg exact match, response: liberal, target: liberal
2026-08-08 20:16:02.368 | DEBUG    | eval.evaluation.evaluation:metric_call:77 - metric_func_name exact_match score 1.0 msg exact match, response: conservative, target: conservative
2026-08-08 20:16:02.368 | DEBUG    | eval.evaluation.evaluation:metric_call:77 - metric_func_name exact_match score 1.0 msg exact match, response: conservative, target: conservative
2026-08-08 20:16:02.368 | DEBUG    | eval.evaluation.evaluation:metric_call:77 - metric_func_name exact_match score 1.0 msg exact match, response: liberal, target: liberal
2026-08-08 20:16:02.368 | DEBUG    | eval.evaluation.evaluation:metric_call:77 - metric_func_name exact_match score 1.0 msg exact match, response: liberal, target: liberal
2026-08-08 20:16:02.368 | DEBUG    | eval.evaluation.evaluation:metric_call:77 - metric_func_name exact_match score 1.0 msg exact match, response: conservative, target: conservative
2026-08-08 20:16:02.368 | DEBUG    | eval.evaluation.evaluation:metric_call:77 - metric_func_name exact_match score 1.0 msg exact match, response: conservative, target: conservative
2026-08-08 20:16:02.368 | DEBUG    | eval.evaluation.evaluation:metric_call:77 - metric_func_name exact_match score 1.0 msg exact match, response: conservative, target: conservative
2026-08-08 20:16:02.368 | DEBUG    | eval.evaluation.evaluation:metric_call:77 - metric_func_name exact_match score 1.0 msg exact match, response: liberal, target: liberal
2026-08-08 20:16:02.369 | DEBUG    | eval.evaluation.evaluation:evaluate_single_query:321 - wide2deep_ws_en_100, col ideologicalleaning, metric_func_name exact_match, score [1.0, 1.0, 1.0, 1.0, 1.0, 1.0, 1.0, 1.0, 1.0, 1.0, 1.0, 1.0, 1.0, 1.0, 1.0, 1.0, 1.0, 1.0, 1.0, 1.0, 1.0]
2026-08-08 20:16:09.199 | DEBUG    | eval.evaluation.evaluation:evaluate_single_query:321 - wide2deep_ws_en_100, col previousposition, metric_func_name llm_judge, score [0, 1, 1, 1, 1, 0, 1, 1, 1, 1, 1, 1, 1, 1, 1, 1, 1, 1, 1, 1, 1]
2026-08-08 20:16:09.204 | INFO     | eval.evaluation.evaluation:evaluate_single_query:380 - wide2deep_ws_en_100, P/R/F1 by unique_columns: 1.0000/1.0000/1.0000
2026-08-08 20:16:09.204 | INFO     | eval.evaluation.evaluation:evaluate_single_query:383 - wide2deep_ws_en_100, P/R/F1 by row: 0.9048/0.9048/0.9048
2026-08-08 20:16:09.204 | INFO     | eval.evaluation.evaluation:evaluate_single_query:386 - wide2deep_ws_en_100, P/R/F1 by item: 0.9881/0.9881/0.9881
2026-08-08 20:16:09.208 | INFO     | eval.evaluation.evaluation:evaluate_single_query:398 - wide2deep_ws_en_100, final table score: 0.0
{"event": "eval_done", "idx": 4, "instance_id": "wide2deep_ws_en_100", "score": 0.0, "entity_acc": 1.0, "f1_by_row": 0.9047619047619048, "f1_by_item": 0.9880952380952381, "column_f1": 1.0, "error": null, "elapsed_seconds": 21.254, "running_n": 4}
{"event": "eval_done", "idx": 5, "instance_id": "wide2deep_ws_zh_041", "score": 0.0, "entity_acc": 0.0, "f1_by_row": 0.0, "f1_by_item": 0.0, "column_f1": 0.0, "error": null, "elapsed_seconds": 1.203, "running_n": 5}
2026-08-08 20:16:12.840 | DEBUG    | eval.evaluation.data_loader:extract_dataframe:167 - find markdown_str 
| 开售日期 | 手机品牌 | 手机型号 | 折叠后最小屏幕尺寸 | 打开后最大屏幕尺寸 | 电池大小 | 内存种类 |
|  ...
2026-08-08 20:16:15.657 | INFO     | eval.evaluation.metric_utils:primary_key_preprocess:246 - primary_key_preprocess result: ```json
{
  "开售日期": "开售日期",
  "手机品牌": "手机品牌",
  "手机型号": "手机型号",
  "折叠后最小屏幕尺寸": "折叠后最小屏幕尺寸",
  "打开后最大屏幕尺寸": "打开后最大屏幕尺寸",
  "电池大小": "电池大小",
  "内存种类": "内存种类（rom）"
}
```
2026-08-08 20:16:15.657 | INFO     | eval.evaluation.evaluation:evaluate_single_query:172 - column map: {'开售日期': '开售日期', '手机品牌': '手机品牌', '手机型号': '手机型号', '折叠后最小屏幕尺寸': '折叠后最小屏幕尺寸', '打开后最大屏幕尺寸': '打开后最大屏幕尺寸', '电池大小': '电池大小', '内存种类': '内存种类（rom）'}
2026-08-08 20:16:15.657 | INFO     | eval.evaluation.evaluation:evaluate_single_query:173 - befor mapping: Index(['开售日期', '手机品牌', '手机型号', '折叠后最小屏幕尺寸', '打开后最大屏幕尺寸', '电池大小', '内存种类'], dtype='object')
2026-08-08 20:16:15.658 | INFO     | eval.evaluation.evaluation:evaluate_single_query:175 - after mapping: Index(['开售日期', '手机品牌', '手机型号', '折叠后最小屏幕尺寸', '打开后最大屏幕尺寸', '电池大小', '内存种类（rom）'], dtype='object')
2026-08-08 20:16:20.126 | INFO     | eval.evaluation.metric_utils:primary_key_preprocess:246 - primary_key_preprocess result: ```json
{
  "MIX FOLD": "Xiaomi MIX FOLD",
  "Find N": "OPPO Find N",
  "X Fold": "vivo X Fold",
  "X Fold+": "vivo X Fold+",
  "MIX Fold 2": "Xiaomi MIX Fold 2",
  "Find N2": "OPPO Find N2",
  "Find N2 Flip": "OPPO Find N2 Flip",
  "X Fold2": "vivo X Fold2",
  "Magic V2": "荣耀Magic V2",
  "MIX Fold 3": "Xiaomi MIX Fold 3",
  "Find N3 Flip": "OPPO Find N3 Flip",
  "Find N3": "OPPO Find N3",
  "Magic Vs2": "荣耀Magic Vs2",
  "X Fold3": "vivo X Fold3",
  "X Fold3 Pro": "vivo X Fold3 Pro",
  "nubia Flip": "努比亚Flip",
  "Magic V Flip": "荣耀Magic V Flip",
  "Magic V3": "荣耀Magic V3",
  "MIX Fold 4": "Xiaomi MIX Fold 4",
  "MIX Flip": "Xiaomi MIX Flip",
  "nubia Flip 2": "努比亚Flip 2",
  "Find N5": "OPPO Find N5"
}
```
2026-08-08 20:16:20.126 | INFO     | eval.evaluation.evaluation:evaluate_single_query:223 - col: 手机型号, primary_key_map {'MIX FOLD': 'Xiaomi MIX FOLD', 'Find N': 'OPPO Find N', 'X Fold': 'vivo X Fold', 'X Fold+': 'vivo X Fold+', 'MIX Fold 2': 'Xiaomi MIX Fold 2', 'Find N2': 'OPPO Find N2', 'Find N2 Flip': 'OPPO Find N2 Flip', 'X Fold2': 'vivo X Fold2', 'Magic V2': '荣耀Magic V2', 'MIX Fold 3': 'Xiaomi MIX Fold 3', 'Find N3 Flip': 'OPPO Find N3 Flip', 'Find N3': 'OPPO Find N3', 'Magic Vs2': '荣耀Magic Vs2', 'X Fold3': 'vivo X Fold3', 'X Fold3 Pro': 'vivo X Fold3 Pro', 'nubia Flip': '努比亚Flip', 'Magic V Flip': '荣耀Magic V Flip', 'Magic V3': '荣耀Magic V3', 'MIX Fold 4': 'Xiaomi MIX Fold 4', 'MIX Flip': 'Xiaomi MIX Flip', 'nubia Flip 2': '努比亚Flip 2', 'Find N5': 'OPPO Find N5'}
2026-08-08 20:16:20.133 | INFO     | eval.evaluation.evaluation:evaluate_single_query:275 - wide2deep_ws_zh_100, df_inner shape: (22, 14), answer_df shape: (49, 7), response_df shape: (46, 8)
2026-08-08 20:16:20.134 | DEBUG    | eval.evaluation.evaluation:metric_call:77 - metric_func_name exact_match score 1.0 msg exact match, response: 2023-07-20, target: 2023-07-20
2026-08-08 20:16:20.134 | DEBUG    | eval.evaluation.evaluation:metric_call:77 - metric_func_name exact_match score 0.0 msg exact not match, response: 2023-11-10, target: 2023-10-17
2026-08-08 20:16:20.134 | DEBUG    | eval.evaluation.evaluation:metric_call:77 - metric_func_name exact_match score 1.0 msg exact match, response: 2024-07-19, target: 2024-07-19
2026-08-08 20:16:20.134 | DEBUG    | eval.evaluation.evaluation:metric_call:77 - metric_func_name exact_match score 0.0 msg exact not match, response: 2024-07-19, target: 2024-06-21
2026-08-08 20:16:20.134 | DEBUG    | eval.evaluation.evaluation:metric_call:77 - metric_func_name exact_match score 1.0 msg exact match, response: 2021-04-16, target: 2021-04-16
2026-08-08 20:16:20.134 | DEBUG    | eval.evaluation.evaluation:metric_call:77 - metric_func_name exact_match score 1.0 msg exact match, response: 2022-08-16, target: 2022-08-16
2026-08-08 20:16:20.134 | DEBUG    | eval.evaluation.evaluation:metric_call:77 - metric_func_name exact_match score 1.0 msg exact match, response: 2023-08-16, target: 2023-08-16
2026-08-08 20:16:20.134 | DEBUG    | eval.evaluation.evaluation:metric_call:77 - metric_func_name exact_match score 1.0 msg exact match, response: 2024-07-23, target: 2024-07-23
2026-08-08 20:16:20.134 | DEBUG    | eval.evaluation.evaluation:metric_call:77 - metric_func_name exact_match score 1.0 msg exact match, response: 2024-07-23, target: 2024-07-23
2026-08-08 20:16:20.134 | DEBUG    | eval.evaluation.evaluation:metric_call:77 - metric_func_name exact_match score 0.0 msg exact not match, response: 2022-07-15, target: 2022-09-29
2026-08-08 20:16:20.134 | DEBUG    | eval.evaluation.evaluation:metric_call:77 - metric_func_name exact_match score 1.0 msg exact match, response: 2022-04-22, target: 2022-04-22
2026-08-08 20:16:20.134 | DEBUG    | eval.evaluation.evaluation:metric_call:77 - metric_func_name exact_match score 1.0 msg exact match, response: 2023-04-28, target: 2023-04-28
2026-08-08 20:16:20.134 | DEBUG    | eval.evaluation.evaluation:metric_call:77 - metric_func_name exact_match score 0.0 msg exact not match, response: 2023-12-08, target: 2024-04-03
2026-08-08 20:16:20.134 | DEBUG    | eval.evaluation.evaluation:metric_call:77 - metric_func_name exact_match score 0.0 msg exact not match, response: 2023-12-08, target: 2024-04-03
2026-08-08 20:16:20.134 | DEBUG    | eval.evaluation.evaluation:metric_call:77 - metric_func_name exact_match score 1.0 msg exact match, response: 2021-12-23, target: 2021-12-23
2026-08-08 20:16:20.134 | DEBUG    | eval.evaluation.evaluation:metric_call:77 - metric_func_name exact_match score 0.0 msg exact not match, response: 2022-12-15, target: 2022-12-23
2026-08-08 20:16:20.134 | DEBUG    | eval.evaluation.evaluation:metric_call:77 - metric_func_name exact_match score 1.0 msg exact match, response: 2023-10-27, target: 2023-10-27
2026-08-08 20:16:20.134 | DEBUG    | eval.evaluation.evaluation:metric_call:77 - metric_func_name exact_match score 0.0 msg exact not match, response: 2025-02-28, target: 2025-02-26
2026-08-08 20:16:20.134 | DEBUG    | eval.evaluation.evaluation:metric_call:77 - metric_func_name exact_match score 0.0 msg exact not match, response: 2023-09-01, target: 2023-09-08
2026-08-08 20:16:20.134 | DEBUG    | eval.evaluation.evaluation:metric_call:77 - metric_func_name exact_match score 1.0 msg exact match, response: 2022-12-30, target: 2022-12-30
2026-08-08 20:16:20.134 | DEBUG    | eval.evaluation.evaluation:metric_call:77 - metric_func_name exact_match score 0.0 msg exact not match, response: 2024-04-23, target: 2024-04-16
2026-08-08 20:16:20.134 | DEBUG    | eval.evaluation.evaluation:metric_call:77 - metric_func_name exact_match score 0.0 msg exact not match, response: 2025-02-20, target: 2025-03-04
2026-08-08 20:16:20.135 | DEBUG    | eval.evaluation.evaluation:evaluate_single_query:321 - wide2deep_ws_zh_100, col 开售日期, metric_func_name exact_match, score [1.0, 0.0, 1.0, 0.0, 1.0, 1.0, 1.0, 1.0, 1.0, 0.0, 1.0, 1.0, 0.0, 0.0, 1.0, 0.0, 1.0, 0.0, 0.0, 1.0, 0.0, 0.0]
2026-08-08 20:16:22.625 | DEBUG    | eval.evaluation.evaluation:evaluate_single_query:321 - wide2deep_ws_zh_100, col 手机品牌, metric_func_name llm_judge, score [1, 1, 1, 1, 1, 1, 1, 1, 1, 1, 1, 1, 1, 1, 1, 1, 1, 1, 1, 1, 1, 1]
2026-08-08 20:16:26.519 | DEBUG    | eval.evaluation.evaluation:evaluate_single_query:321 - wide2deep_ws_zh_100, col 折叠后最小屏幕尺寸, metric_func_name llm_judge, score [1, 1, 1, 1, 1, 1, 1, 1, 1, 1, 1, 1, 1, 1, 1, 1, 1, 1, 1, 1, 1, 1]
2026-08-08 20:16:29.981 | DEBUG    | eval.evaluation.evaluation:evaluate_single_query:321 - wide2deep_ws_zh_100, col 打开后最大屏幕尺寸, metric_func_name llm_judge, score [1, 1, 1, 1, 1, 1, 1, 1, 1, 1, 1, 1, 1, 1, 1, 1, 1, 1, 1, 1, 1, 1]
2026-08-08 20:16:33.358 | DEBUG    | eval.evaluation.evaluation:evaluate_single_query:321 - wide2deep_ws_zh_100, col 电池大小, metric_func_name llm_judge, score [0, 0, 0, 0, 0, 0, 0, 0, 0, 0, 0, 0, 0, 0, 0, 0, 0, 1, 0, 0, 0, 0]
2026-08-08 20:16:37.902 | DEBUG    | eval.evaluation.evaluation:evaluate_single_query:321 - wide2deep_ws_zh_100, col 内存种类（rom）, metric_func_name llm_judge, score [1, 1, 1, 1, 1, 1, 1, 1, 1, 1, 1, 1, 1, 1, 1, 1, 1, 1, 1, 1, 1, 0]
2026-08-08 20:16:37.907 | INFO     | eval.evaluation.evaluation:evaluate_single_query:380 - wide2deep_ws_zh_100, P/R/F1 by unique_columns: 0.4783/0.4490/0.4632
2026-08-08 20:16:37.907 | INFO     | eval.evaluation.evaluation:evaluate_single_query:383 - wide2deep_ws_zh_100, P/R/F1 by row: 0.0000/0.0000/0.0000
2026-08-08 20:16:37.907 | INFO     | eval.evaluation.evaluation:evaluate_single_query:386 - wide2deep_ws_zh_100, P/R/F1 by item: 0.3789/0.3557/0.3669
2026-08-08 20:16:37.909 | INFO     | eval.evaluation.evaluation:evaluate_single_query:398 - wide2deep_ws_zh_100, final table score: 0.0
{"event": "eval_done", "idx": 6, "instance_id": "wide2deep_ws_zh_100", "score": 0.0, "entity_acc": 1.0, "f1_by_row": 0.0, "f1_by_item": 0.36691729323308275, "column_f1": 0.46315789473684216, "error": null, "elapsed_seconds": 27.462, "running_n": 6}
SUMMARY {"n": 6, "valid_n": 6, "errors": 0, "complete": true, "judge_calls_current_process": 22, "score": 0.0, "entity_acc": 0.5, "precision_by_row": 0.15079365079365079, "recall_by_row": 0.15079365079365079, "f1_by_row": 0.15079365079365079, "precision_by_item": 0.2616390614216701, "recall_by_item": 0.25777291869128605, "f1_by_item": 0.2596449456975773, "column_precision": 0.3163768115942029, "column_recall": 0.3114965986394558, "column_f1": 0.313859649122807}
