INFO: Pandarallel will run on 8 workers.
INFO: Pandarallel will use Memory file system to transfer data between the main process and workers.
{"event": "eval_start", "selected": 7, "resume_committed": 0, "committed_errors": 0, "crash_only_resume": false}
{"event": "eval_done", "idx": 1, "instance_id": "deep2wide_result_68_胡润中国500强", "score": 0.0, "entity_acc": 0.0, "f1_by_row": 0.0, "f1_by_item": 0.0, "column_f1": 0.0, "error": null, "elapsed_seconds": 5.547, "running_n": 1}
2026-08-08 20:15:29.480 | DEBUG    | eval.evaluation.data_loader:extract_dataframe:167 - find markdown_str 
| 简称 | 中文全名 | 英文全名 | 举行周期 |
| --- | --- | --- | --- |
| CVPR |  ...
2026-08-08 20:15:31.712 | INFO     | eval.evaluation.metric_utils:primary_key_preprocess:246 - primary_key_preprocess result: ```json
{
  "CVPR": "CVPR",
  "ICCV": "ICCV",
  "ECCV": "ECCV"
}
```
2026-08-08 20:15:31.713 | INFO     | eval.evaluation.evaluation:evaluate_single_query:223 - col: 简称, primary_key_map {'CVPR': 'CVPR', 'ICCV': 'ICCV', 'ECCV': 'ECCV'}
2026-08-08 20:15:31.720 | INFO     | eval.evaluation.evaluation:evaluate_single_query:275 - deep2wide_result_69_ICCV, df_inner shape: (3, 8), answer_df shape: (3, 4), response_df shape: (3, 5)
2026-08-08 20:15:34.296 | DEBUG    | eval.evaluation.evaluation:evaluate_single_query:321 - deep2wide_result_69_ICCV, col 中文全名, metric_func_name llm_judge, score [1, 1, 1]
2026-08-08 20:15:35.895 | DEBUG    | eval.evaluation.evaluation:evaluate_single_query:321 - deep2wide_result_69_ICCV, col 英文全名, metric_func_name llm_judge, score [1, 1, 1]
2026-08-08 20:15:35.895 | DEBUG    | eval.evaluation.evaluation:metric_call:77 - metric_func_name exact_match score 0.0 msg exact not match, response: 每两年一次（奇数年）, target: 两年一次
2026-08-08 20:15:35.896 | DEBUG    | eval.evaluation.evaluation:metric_call:77 - metric_func_name exact_match score 0.0 msg exact not match, response: 每年一次, target: 一年一次
2026-08-08 20:15:35.896 | DEBUG    | eval.evaluation.evaluation:metric_call:77 - metric_func_name exact_match score 0.0 msg exact not match, response: 每两年一次（偶数年）, target: 两年一次
2026-08-08 20:15:35.896 | DEBUG    | eval.evaluation.evaluation:evaluate_single_query:321 - deep2wide_result_69_ICCV, col 举行周期, metric_func_name exact_match, score [0.0, 0.0, 0.0]
2026-08-08 20:15:35.901 | INFO     | eval.evaluation.evaluation:evaluate_single_query:380 - deep2wide_result_69_ICCV, P/R/F1 by unique_columns: 1.0000/1.0000/1.0000
2026-08-08 20:15:35.901 | INFO     | eval.evaluation.evaluation:evaluate_single_query:383 - deep2wide_result_69_ICCV, P/R/F1 by row: 0.0000/0.0000/0.0000
2026-08-08 20:15:35.901 | INFO     | eval.evaluation.evaluation:evaluate_single_query:386 - deep2wide_result_69_ICCV, P/R/F1 by item: 0.7500/0.7500/0.7500
2026-08-08 20:15:35.903 | INFO     | eval.evaluation.evaluation:evaluate_single_query:398 - deep2wide_result_69_ICCV, final table score: 0.0
{"event": "eval_done", "idx": 2, "instance_id": "deep2wide_result_69_ICCV", "score": 0.0, "entity_acc": 1.0, "f1_by_row": 0.0, "f1_by_item": 0.75, "column_f1": 1.0, "error": null, "elapsed_seconds": 7.487, "running_n": 2}
2026-08-08 20:15:42.029 | DEBUG    | eval.evaluation.data_loader:extract_dataframe:167 - find markdown_str 
| 姓名 | 任期 | 出生年份 | 祖籍 |
| --- | --- | --- | --- |
| 陈克潜 | 1982年 ...
2026-08-08 20:15:48.199 | INFO     | eval.evaluation.metric_utils:primary_key_preprocess:246 - primary_key_preprocess result: ```json
{
  "陈克潜": "陈克潜",
  "钱培德": "钱培德",
  "朱秀林": "朱秀林",
  "熊思东": "熊思东",
  "张晓宏": "张晓宏"
}
```
2026-08-08 20:15:48.200 | INFO     | eval.evaluation.evaluation:evaluate_single_query:223 - col: 姓名, primary_key_map {'陈克潜': '陈克潜', '钱培德': '钱培德', '朱秀林': '朱秀林', '熊思东': '熊思东', '张晓宏': '张晓宏'}
2026-08-08 20:15:48.206 | INFO     | eval.evaluation.evaluation:evaluate_single_query:275 - deep2wide_result_70_苏州大学, df_inner shape: (5, 8), answer_df shape: (9, 4), response_df shape: (7, 5)
2026-08-08 20:15:51.668 | DEBUG    | eval.evaluation.evaluation:evaluate_single_query:321 - deep2wide_result_70_苏州大学, col 任期, metric_func_name llm_judge, score [0, 0, 1, 1, 0]
2026-08-08 20:15:51.668 | DEBUG    | eval.evaluation.evaluation:metric_call:77 - metric_func_name number_near score 1.0 msg number near in range 5.0%, response: 1926.0, target: 1926.0
2026-08-08 20:15:51.668 | DEBUG    | eval.evaluation.evaluation:metric_call:77 - metric_func_name number_near score 1.0 msg number near in range 5.0%, response: 1934.0, target: 1947.0
2026-08-08 20:15:51.668 | DEBUG    | eval.evaluation.evaluation:metric_call:77 - metric_func_name number_near score 1.0 msg number near in range 5.0%, response: 1951.0, target: 1955.0
2026-08-08 20:15:51.668 | DEBUG    | eval.evaluation.evaluation:metric_call:77 - metric_func_name number_near score 1.0 msg number near in range 5.0%, response: 1962.0, target: 1962.0
2026-08-08 20:15:51.668 | DEBUG    | eval.evaluation.evaluation:metric_call:77 - metric_func_name number_near score 1.0 msg number near in range 5.0%, response: 1967.0, target: 1967.0
2026-08-08 20:15:51.669 | DEBUG    | eval.evaluation.evaluation:evaluate_single_query:321 - deep2wide_result_70_苏州大学, col 出生年份, metric_func_name number_near, score [1.0, 1.0, 1.0, 1.0, 1.0]
2026-08-08 20:15:53.829 | DEBUG    | eval.evaluation.evaluation:evaluate_single_query:321 - deep2wide_result_70_苏州大学, col 祖籍, metric_func_name llm_judge, score [0, 1, 0, 1, 0]
2026-08-08 20:15:53.835 | INFO     | eval.evaluation.evaluation:evaluate_single_query:380 - deep2wide_result_70_苏州大学, P/R/F1 by unique_columns: 0.7143/0.5556/0.6250
2026-08-08 20:15:53.835 | INFO     | eval.evaluation.evaluation:evaluate_single_query:383 - deep2wide_result_70_苏州大学, P/R/F1 by row: 0.1429/0.1111/0.1250
2026-08-08 20:15:53.835 | INFO     | eval.evaluation.evaluation:evaluate_single_query:386 - deep2wide_result_70_苏州大学, P/R/F1 by item: 0.5000/0.3889/0.4375
2026-08-08 20:15:53.836 | INFO     | eval.evaluation.evaluation:evaluate_single_query:398 - deep2wide_result_70_苏州大学, final table score: 0.0
{"event": "eval_done", "idx": 3, "instance_id": "deep2wide_result_70_苏州大学", "score": 0.0, "entity_acc": 1.0, "f1_by_row": 0.125, "f1_by_item": 0.43750000000000006, "column_f1": 0.6250000000000001, "error": null, "elapsed_seconds": 17.91, "running_n": 3}
{"event": "eval_done", "idx": 4, "instance_id": "deep2wide_result_73_开曼群岛", "score": 0.0, "entity_acc": 0.0, "f1_by_row": 0.0, "f1_by_item": 0.0, "column_f1": 0.0, "error": null, "elapsed_seconds": 2.212, "running_n": 4}
{"event": "eval_done", "idx": 5, "instance_id": "deep2wide_result_74_约翰·弗兰克海默", "score": 0.0, "entity_acc": 0.0, "f1_by_row": 0.0, "f1_by_item": 0.0, "column_f1": 0.0, "error": null, "elapsed_seconds": 0.941, "running_n": 5}
2026-08-08 20:15:58.143 | DEBUG    | eval.evaluation.data_loader:extract_dataframe:167 - find markdown_str 
| 中文名称 | 英文名称 | 校训 |
| --- | --- | --- |
| 斯坦福大学 | Stanford Uni ...
2026-08-08 20:15:59.742 | INFO     | eval.evaluation.metric_utils:primary_key_preprocess:246 - primary_key_preprocess result: ```json
{
  "斯坦福大学": "斯坦福大学",
  "圣克拉拉大学": "圣塔克拉拉大学",
  "圣何塞州立大学": "圣何塞州立大学"
}
```
2026-08-08 20:15:59.742 | INFO     | eval.evaluation.evaluation:evaluate_single_query:223 - col: 中文名称, primary_key_map {'斯坦福大学': '斯坦福大学', '圣克拉拉大学': '圣塔克拉拉大学', '圣何塞州立大学': '圣何塞州立大学'}
2026-08-08 20:15:59.748 | INFO     | eval.evaluation.evaluation:evaluate_single_query:275 - deep2wide_result_75_硅谷, df_inner shape: (3, 6), answer_df shape: (5, 3), response_df shape: (4, 4)
2026-08-08 20:15:59.749 | DEBUG    | eval.evaluation.evaluation:metric_call:77 - metric_func_name exact_match score 1.0 msg exact match, response: stanforduniversity, target: stanforduniversity
2026-08-08 20:15:59.749 | DEBUG    | eval.evaluation.evaluation:metric_call:77 - metric_func_name exact_match score 1.0 msg exact match, response: santaclarauniversity, target: santaclarauniversity
2026-08-08 20:15:59.749 | DEBUG    | eval.evaluation.evaluation:metric_call:77 - metric_func_name exact_match score 0.0 msg exact not match, response: sanjoséstateuniversity, target: sanjosestateuniversity
2026-08-08 20:15:59.749 | DEBUG    | eval.evaluation.evaluation:evaluate_single_query:321 - deep2wide_result_75_硅谷, col 英文名称, metric_func_name exact_match, score [1.0, 1.0, 0.0]
2026-08-08 20:16:03.095 | DEBUG    | eval.evaluation.evaluation:evaluate_single_query:321 - deep2wide_result_75_硅谷, col 校训, metric_func_name llm_judge, score [1, 1, 1]
2026-08-08 20:16:03.099 | INFO     | eval.evaluation.evaluation:evaluate_single_query:380 - deep2wide_result_75_硅谷, P/R/F1 by unique_columns: 0.7500/0.6000/0.6667
2026-08-08 20:16:03.099 | INFO     | eval.evaluation.evaluation:evaluate_single_query:383 - deep2wide_result_75_硅谷, P/R/F1 by row: 0.5000/0.4000/0.4444
2026-08-08 20:16:03.099 | INFO     | eval.evaluation.evaluation:evaluate_single_query:386 - deep2wide_result_75_硅谷, P/R/F1 by item: 0.6667/0.5333/0.5926
2026-08-08 20:16:03.100 | INFO     | eval.evaluation.evaluation:evaluate_single_query:398 - deep2wide_result_75_硅谷, final table score: 0.0
{"event": "eval_done", "idx": 6, "instance_id": "deep2wide_result_75_硅谷", "score": 0.0, "entity_acc": 1.0, "f1_by_row": 0.4444444444444445, "f1_by_item": 0.5925925925925926, "column_f1": 0.6666666666666665, "error": null, "elapsed_seconds": 6.058, "running_n": 6}
{"event": "eval_done", "idx": 7, "instance_id": "deep2wide_result_76_跟着贝尔去冒险", "score": 0.0, "entity_acc": 0.0, "f1_by_row": 0.0, "f1_by_item": 0.0, "column_f1": 0.0, "error": null, "elapsed_seconds": 0.991, "running_n": 7}
SUMMARY {"n": 7, "valid_n": 7, "errors": 0, "complete": true, "judge_calls_current_process": 15, "score": 0.0, "entity_acc": 0.42857142857142855, "precision_by_row": 0.09183673469387754, "recall_by_row": 0.073015873015873, "f1_by_row": 0.08134920634920635, "precision_by_item": 0.2738095238095238, "recall_by_item": 0.2388888888888889, "f1_by_item": 0.2542989417989418, "column_precision": 0.3520408163265306, "column_recall": 0.3079365079365079, "column_f1": 0.3273809523809524}
