INFO: Pandarallel will run on 8 workers.
INFO: Pandarallel will use Memory file system to transfer data between the main process and workers.
{"event": "eval_start", "selected": 6, "resume_committed": 0, "committed_errors": 0, "crash_only_resume": false}
{"event": "eval_done", "idx": 1, "instance_id": "wide2deep_ws_zh_073", "score": 0.0, "entity_acc": 0.0, "f1_by_row": 0.0, "f1_by_item": 0.0, "column_f1": 0.0, "error": null, "elapsed_seconds": 2.771, "running_n": 1}
{"event": "eval_done", "idx": 2, "instance_id": "wide2deep_ws_en_036", "score": 0.0, "entity_acc": 0.0, "f1_by_row": 0.0, "f1_by_item": 0.0, "column_f1": 0.0, "error": null, "elapsed_seconds": 2.213, "running_n": 2}
2026-08-08 20:15:29.298 | DEBUG    | eval.evaluation.data_loader:extract_dataframe:167 - find markdown_str 
| Country | Year | Per Capita Health Expenditure (EUR) | Life E ...
2026-08-08 20:15:30.847 | INFO     | eval.evaluation.metric_utils:primary_key_preprocess:246 - primary_key_preprocess result: ```json
{
  "Denmark": "Denmark",
  "Finland": "Finland",
  "Iceland": "Iceland",
  "Norway": "Norway",
  "Sweden": "Sweden"
}
```
2026-08-08 20:15:30.848 | INFO     | eval.evaluation.evaluation:evaluate_single_query:223 - col: country, primary_key_map {'Denmark': 'Denmark', 'Finland': 'Finland', 'Iceland': 'Iceland', 'Norway': 'Norway', 'Sweden': 'Sweden'}
2026-08-08 20:15:32.242 | INFO     | eval.evaluation.metric_utils:primary_key_preprocess:246 - primary_key_preprocess result: ```json
{
  "2020": "2020",
  "2021": "2021",
  "2022": "2022",
  "2023": "2023"
}
```
2026-08-08 20:15:32.242 | INFO     | eval.evaluation.evaluation:evaluate_single_query:223 - col: year, primary_key_map {'2020': '2020', '2021': '2021', '2022': '2022', '2023': '2023'}
2026-08-08 20:15:32.253 | INFO     | eval.evaluation.evaluation:evaluate_single_query:275 - wide2deep_ws_en_063, df_inner shape: (20, 12), answer_df shape: (20, 6), response_df shape: (20, 8)
2026-08-08 20:15:32.256 | DEBUG    | eval.evaluation.evaluation:metric_call:77 - metric_func_name number_near score 0.0 msg number not convertable, response: None, target: 5640.0
2026-08-08 20:15:32.256 | DEBUG    | eval.evaluation.evaluation:metric_call:77 - metric_func_name number_near score 0.0 msg number not convertable, response: None, target: 6447.0
2026-08-08 20:15:32.256 | DEBUG    | eval.evaluation.evaluation:metric_call:77 - metric_func_name number_near score 0.0 msg number not convertable, response: None, target: 5576.0
2026-08-08 20:15:32.257 | DEBUG    | eval.evaluation.evaluation:metric_call:77 - metric_func_name number_near score 0.0 msg number not convertable, response: None, target: 5555.0
2026-08-08 20:15:32.257 | DEBUG    | eval.evaluation.evaluation:metric_call:77 - metric_func_name number_near score 0.0 msg number not convertable, response: None, target: 4090.0
2026-08-08 20:15:32.257 | DEBUG    | eval.evaluation.evaluation:metric_call:77 - metric_func_name number_near score 0.0 msg number not convertable, response: None, target: 4544.0
2026-08-08 20:15:32.257 | DEBUG    | eval.evaluation.evaluation:metric_call:77 - metric_func_name number_near score 0.0 msg number not convertable, response: None, target: 4234.0
2026-08-08 20:15:32.257 | DEBUG    | eval.evaluation.evaluation:metric_call:77 - metric_func_name number_near score 1.0 msg number equal, response: NULL, target: NULL
2026-08-08 20:15:32.257 | DEBUG    | eval.evaluation.evaluation:metric_call:77 - metric_func_name number_near score 0.0 msg number not convertable, response: None, target: 4916.0
2026-08-08 20:15:32.257 | DEBUG    | eval.evaluation.evaluation:metric_call:77 - metric_func_name number_near score 0.0 msg number not convertable, response: None, target: 5806.0
2026-08-08 20:15:32.257 | DEBUG    | eval.evaluation.evaluation:metric_call:77 - metric_func_name number_near score 0.0 msg number not convertable, response: None, target: 5917.0
2026-08-08 20:15:32.257 | DEBUG    | eval.evaluation.evaluation:metric_call:77 - metric_func_name number_near score 0.0 msg number not convertable, response: None, target: 6215.0
2026-08-08 20:15:32.257 | DEBUG    | eval.evaluation.evaluation:metric_call:77 - metric_func_name number_near score 0.0 msg number not convertable, response: None, target: 6758.0
2026-08-08 20:15:32.257 | DEBUG    | eval.evaluation.evaluation:metric_call:77 - metric_func_name number_near score 0.0 msg number not convertable, response: None, target: 7914.0
2026-08-08 20:15:32.257 | DEBUG    | eval.evaluation.evaluation:metric_call:77 - metric_func_name number_near score 0.0 msg number not convertable, response: None, target: 8507.0
2026-08-08 20:15:32.257 | DEBUG    | eval.evaluation.evaluation:metric_call:77 - metric_func_name number_near score 1.0 msg number equal, response: NULL, target: NULL
2026-08-08 20:15:32.257 | DEBUG    | eval.evaluation.evaluation:metric_call:77 - metric_func_name number_near score 0.0 msg number not convertable, response: None, target: 5181.0
2026-08-08 20:15:32.257 | DEBUG    | eval.evaluation.evaluation:metric_call:77 - metric_func_name number_near score 0.0 msg number not convertable, response: None, target: 5905.0
2026-08-08 20:15:32.257 | DEBUG    | eval.evaluation.evaluation:metric_call:77 - metric_func_name number_near score 0.0 msg number not convertable, response: None, target: 5129.0
2026-08-08 20:15:32.257 | DEBUG    | eval.evaluation.evaluation:metric_call:77 - metric_func_name number_near score 0.0 msg number not convertable, response: None, target: 5310.0
2026-08-08 20:15:32.258 | DEBUG    | eval.evaluation.evaluation:evaluate_single_query:321 - wide2deep_ws_en_063, col percapitahealthexpenditure(eur), metric_func_name number_near, score [0.0, 0.0, 0.0, 0.0, 0.0, 0.0, 0.0, 1.0, 0.0, 0.0, 0.0, 0.0, 0.0, 0.0, 0.0, 1.0, 0.0, 0.0, 0.0, 0.0]
2026-08-08 20:15:32.258 | DEBUG    | eval.evaluation.evaluation:metric_call:77 - metric_func_name number_near score 1.0 msg number near in range 5.0%, response: 81.6, target: 82.0
2026-08-08 20:15:32.258 | DEBUG    | eval.evaluation.evaluation:metric_call:77 - metric_func_name number_near score 1.0 msg number near in range 5.0%, response: 81.4, target: 81.0
2026-08-08 20:15:32.258 | DEBUG    | eval.evaluation.evaluation:metric_call:77 - metric_func_name number_near score 1.0 msg number near in range 5.0%, response: 81.3, target: 81.3
2026-08-08 20:15:32.258 | DEBUG    | eval.evaluation.evaluation:metric_call:77 - metric_func_name number_near score 1.0 msg number near in range 5.0%, response: 81.9, target: 81.85
2026-08-08 20:15:32.258 | DEBUG    | eval.evaluation.evaluation:metric_call:77 - metric_func_name number_near score 1.0 msg number near in range 5.0%, response: 82.1, target: 82.0
2026-08-08 20:15:32.258 | DEBUG    | eval.evaluation.evaluation:metric_call:77 - metric_func_name number_near score 1.0 msg number near in range 5.0%, response: 81.9, target: 82.0
2026-08-08 20:15:32.259 | DEBUG    | eval.evaluation.evaluation:metric_call:77 - metric_func_name number_near score 1.0 msg number near in range 5.0%, response: 81.2, target: 81.0
2026-08-08 20:15:32.259 | DEBUG    | eval.evaluation.evaluation:metric_call:77 - metric_func_name number_near score 1.0 msg number near in range 5.0%, response: 81.7, target: 81.69
2026-08-08 20:15:32.259 | DEBUG    | eval.evaluation.evaluation:metric_call:77 - metric_func_name number_near score 1.0 msg number near in range 5.0%, response: 83.1, target: 83.0
2026-08-08 20:15:32.259 | DEBUG    | eval.evaluation.evaluation:metric_call:77 - metric_func_name number_near score 1.0 msg number near in range 5.0%, response: 83.1, target: 83.0
2026-08-08 20:15:32.259 | DEBUG    | eval.evaluation.evaluation:metric_call:77 - metric_func_name number_near score 1.0 msg number near in range 5.0%, response: 82.2, target: 82.0
2026-08-08 20:15:32.259 | DEBUG    | eval.evaluation.evaluation:metric_call:77 - metric_func_name number_near score 1.0 msg number near in range 5.0%, response: 82.6, target: 82.61
2026-08-08 20:15:32.259 | DEBUG    | eval.evaluation.evaluation:metric_call:77 - metric_func_name number_near score 1.0 msg number near in range 5.0%, response: 83.2, target: 83.0
2026-08-08 20:15:32.259 | DEBUG    | eval.evaluation.evaluation:metric_call:77 - metric_func_name number_near score 1.0 msg number near in range 5.0%, response: 83.2, target: 83.0
2026-08-08 20:15:32.259 | DEBUG    | eval.evaluation.evaluation:metric_call:77 - metric_func_name number_near score 1.0 msg number near in range 5.0%, response: 82.6, target: 82.51
2026-08-08 20:15:32.259 | DEBUG    | eval.evaluation.evaluation:metric_call:77 - metric_func_name number_near score 1.0 msg number near in range 5.0%, response: 83.1, target: 83.11
2026-08-08 20:15:32.259 | DEBUG    | eval.evaluation.evaluation:metric_call:77 - metric_func_name number_near score 1.0 msg number near in range 5.0%, response: 82.4, target: 82.0
2026-08-08 20:15:32.259 | DEBUG    | eval.evaluation.evaluation:metric_call:77 - metric_func_name number_near score 1.0 msg number near in range 5.0%, response: 83.2, target: 83.0
2026-08-08 20:15:32.259 | DEBUG    | eval.evaluation.evaluation:metric_call:77 - metric_func_name number_near score 1.0 msg number near in range 5.0%, response: 83.1, target: 83.06
2026-08-08 20:15:32.259 | DEBUG    | eval.evaluation.evaluation:metric_call:77 - metric_func_name number_near score 1.0 msg number near in range 5.0%, response: 83.1, target: 83.31
2026-08-08 20:15:32.260 | DEBUG    | eval.evaluation.evaluation:evaluate_single_query:321 - wide2deep_ws_en_063, col lifeexpectancy(years), metric_func_name number_near, score [1.0, 1.0, 1.0, 1.0, 1.0, 1.0, 1.0, 1.0, 1.0, 1.0, 1.0, 1.0, 1.0, 1.0, 1.0, 1.0, 1.0, 1.0, 1.0, 1.0]
2026-08-08 20:15:32.260 | DEBUG    | eval.evaluation.evaluation:metric_call:77 - metric_func_name number_near score 0.0 msg number not convertable, response: None, target: 8.96
2026-08-08 20:15:32.260 | DEBUG    | eval.evaluation.evaluation:metric_call:77 - metric_func_name number_near score 0.0 msg number not convertable, response: None, target: 9.05
2026-08-08 20:15:32.260 | DEBUG    | eval.evaluation.evaluation:metric_call:77 - metric_func_name number_near score 0.0 msg number not convertable, response: None, target: 7.96
2026-08-08 20:15:32.260 | DEBUG    | eval.evaluation.evaluation:metric_call:77 - metric_func_name number_near score 1.0 msg number equal, response: NULL, target: NULL
2026-08-08 20:15:32.260 | DEBUG    | eval.evaluation.evaluation:metric_call:77 - metric_func_name number_near score 0.0 msg number not convertable, response: None, target: 7.83
2026-08-08 20:15:32.260 | DEBUG    | eval.evaluation.evaluation:metric_call:77 - metric_func_name number_near score 0.0 msg number not convertable, response: None, target: 8.0
2026-08-08 20:15:32.260 | DEBUG    | eval.evaluation.evaluation:metric_call:77 - metric_func_name number_near score 0.0 msg number not convertable, response: None, target: 7.89
2026-08-08 20:15:32.260 | DEBUG    | eval.evaluation.evaluation:metric_call:77 - metric_func_name number_near score 1.0 msg number equal, response: NULL, target: NULL
2026-08-08 20:15:32.260 | DEBUG    | eval.evaluation.evaluation:metric_call:77 - metric_func_name number_near score 0.0 msg number not convertable, response: None, target: 8.08
2026-08-08 20:15:32.260 | DEBUG    | eval.evaluation.evaluation:metric_call:77 - metric_func_name number_near score 0.0 msg number not convertable, response: None, target: 8.2
2026-08-08 20:15:32.260 | DEBUG    | eval.evaluation.evaluation:metric_call:77 - metric_func_name number_near score 0.0 msg number not convertable, response: None, target: 7.86
2026-08-08 20:15:32.260 | DEBUG    | eval.evaluation.evaluation:metric_call:77 - metric_func_name number_near score 1.0 msg number equal, response: NULL, target: NULL
2026-08-08 20:15:32.260 | DEBUG    | eval.evaluation.evaluation:metric_call:77 - metric_func_name number_near score 0.0 msg number not convertable, response: None, target: 9.82
2026-08-08 20:15:32.260 | DEBUG    | eval.evaluation.evaluation:metric_call:77 - metric_func_name number_near score 0.0 msg number not convertable, response: None, target: 8.43
2026-08-08 20:15:32.261 | DEBUG    | eval.evaluation.evaluation:metric_call:77 - metric_func_name number_near score 0.0 msg number not convertable, response: None, target: 6.81
2026-08-08 20:15:32.261 | DEBUG    | eval.evaluation.evaluation:metric_call:77 - metric_func_name number_near score 1.0 msg number equal, response: NULL, target: NULL
2026-08-08 20:15:32.261 | DEBUG    | eval.evaluation.evaluation:metric_call:77 - metric_func_name number_near score 0.0 msg number not convertable, response: None, target: 9.77
2026-08-08 20:15:32.261 | DEBUG    | eval.evaluation.evaluation:metric_call:77 - metric_func_name number_near score 0.0 msg number not convertable, response: None, target: 9.56
2026-08-08 20:15:32.261 | DEBUG    | eval.evaluation.evaluation:metric_call:77 - metric_func_name number_near score 0.0 msg number not convertable, response: None, target: 9.02
2026-08-08 20:15:32.261 | DEBUG    | eval.evaluation.evaluation:metric_call:77 - metric_func_name number_near score 1.0 msg number equal, response: NULL, target: NULL
2026-08-08 20:15:32.261 | DEBUG    | eval.evaluation.evaluation:evaluate_single_query:321 - wide2deep_ws_en_063, col domesticgovernmenthealthexpenditure(%ofgdp), metric_func_name number_near, score [0.0, 0.0, 0.0, 1.0, 0.0, 0.0, 0.0, 1.0, 0.0, 0.0, 0.0, 1.0, 0.0, 0.0, 0.0, 1.0, 0.0, 0.0, 0.0, 1.0]
2026-08-08 20:15:32.262 | DEBUG    | eval.evaluation.evaluation:metric_call:77 - metric_func_name number_near score 0.0 msg number not convertable, response: None, target: 13.38
2026-08-08 20:15:32.262 | DEBUG    | eval.evaluation.evaluation:metric_call:77 - metric_func_name number_near score 0.0 msg number not convertable, response: None, target: 12.7
2026-08-08 20:15:32.262 | DEBUG    | eval.evaluation.evaluation:metric_call:77 - metric_func_name number_near score 0.0 msg number not convertable, response: None, target: 13.03
2026-08-08 20:15:32.262 | DEBUG    | eval.evaluation.evaluation:metric_call:77 - metric_func_name number_near score 0.0 msg number not convertable, response: None, target: 13.84
2026-08-08 20:15:32.262 | DEBUG    | eval.evaluation.evaluation:metric_call:77 - metric_func_name number_near score 0.0 msg number not convertable, response: None, target: 16.47
2026-08-08 20:15:32.262 | DEBUG    | eval.evaluation.evaluation:metric_call:77 - metric_func_name number_near score 0.0 msg number not convertable, response: None, target: 16.66
2026-08-08 20:15:32.262 | DEBUG    | eval.evaluation.evaluation:metric_call:77 - metric_func_name number_near score 0.0 msg number not convertable, response: None, target: 16.1
2026-08-08 20:15:32.262 | DEBUG    | eval.evaluation.evaluation:metric_call:77 - metric_func_name number_near score 1.0 msg number equal, response: NULL, target: NULL
2026-08-08 20:15:32.262 | DEBUG    | eval.evaluation.evaluation:metric_call:77 - metric_func_name number_near score 0.0 msg number not convertable, response: None, target: 14.87
2026-08-08 20:15:32.262 | DEBUG    | eval.evaluation.evaluation:metric_call:77 - metric_func_name number_near score 0.0 msg number not convertable, response: None, target: 14.54
2026-08-08 20:15:32.262 | DEBUG    | eval.evaluation.evaluation:metric_call:77 - metric_func_name number_near score 0.0 msg number not convertable, response: None, target: 13.67
2026-08-08 20:15:32.262 | DEBUG    | eval.evaluation.evaluation:metric_call:77 - metric_func_name number_near score 0.0 msg number not convertable, response: None, target: 14.38
2026-08-08 20:15:32.262 | DEBUG    | eval.evaluation.evaluation:metric_call:77 - metric_func_name number_near score 0.0 msg number not convertable, response: None, target: 13.79
2026-08-08 20:15:32.262 | DEBUG    | eval.evaluation.evaluation:metric_call:77 - metric_func_name number_near score 0.0 msg number not convertable, response: None, target: 13.85
2026-08-08 20:15:32.262 | DEBUG    | eval.evaluation.evaluation:metric_call:77 - metric_func_name number_near score 0.0 msg number not convertable, response: None, target: 14.08
2026-08-08 20:15:32.262 | DEBUG    | eval.evaluation.evaluation:metric_call:77 - metric_func_name number_near score 1.0 msg number equal, response: NULL, target: NULL
2026-08-08 20:15:32.262 | DEBUG    | eval.evaluation.evaluation:metric_call:77 - metric_func_name number_near score 0.0 msg number not convertable, response: None, target: 12.83
2026-08-08 20:15:32.262 | DEBUG    | eval.evaluation.evaluation:metric_call:77 - metric_func_name number_near score 0.0 msg number not convertable, response: None, target: 12.8
2026-08-08 20:15:32.262 | DEBUG    | eval.evaluation.evaluation:metric_call:77 - metric_func_name number_near score 0.0 msg number not convertable, response: None, target: 12.87
2026-08-08 20:15:32.262 | DEBUG    | eval.evaluation.evaluation:metric_call:77 - metric_func_name number_near score 0.0 msg number not convertable, response: None, target: 12.68
2026-08-08 20:15:32.263 | DEBUG    | eval.evaluation.evaluation:evaluate_single_query:321 - wide2deep_ws_en_063, col out-of-pocketexpenditure(%ofcurrenthealthexpenditure), metric_func_name number_near, score [0.0, 0.0, 0.0, 0.0, 0.0, 0.0, 0.0, 1.0, 0.0, 0.0, 0.0, 0.0, 0.0, 0.0, 0.0, 1.0, 0.0, 0.0, 0.0, 0.0]
2026-08-08 20:15:32.270 | INFO     | eval.evaluation.evaluation:evaluate_single_query:380 - wide2deep_ws_en_063, P/R/F1 by unique_columns: 1.0000/1.0000/1.0000
2026-08-08 20:15:32.270 | INFO     | eval.evaluation.evaluation:evaluate_single_query:383 - wide2deep_ws_en_063, P/R/F1 by row: 0.1000/0.1000/0.1000
2026-08-08 20:15:32.270 | INFO     | eval.evaluation.evaluation:evaluate_single_query:386 - wide2deep_ws_en_063, P/R/F1 by item: 0.5750/0.5750/0.5750
2026-08-08 20:15:32.275 | INFO     | eval.evaluation.evaluation:evaluate_single_query:398 - wide2deep_ws_en_063, final table score: 0.0
{"event": "eval_done", "idx": 3, "instance_id": "wide2deep_ws_en_063", "score": 0.0, "entity_acc": 1.0, "f1_by_row": 0.10000000000000002, "f1_by_item": 0.575, "column_f1": 1.0, "error": null, "elapsed_seconds": 3.976, "running_n": 3}
2026-08-08 20:15:34.880 | DEBUG    | eval.evaluation.data_loader:extract_dataframe:167 - find markdown_str 
| 时间(年份) | 赛事地点 | 赛事名称 | 组别结果 |
| --- | --- | --- | --- |
| 200 ...
2026-08-08 20:15:37.580 | INFO     | eval.evaluation.metric_utils:primary_key_preprocess:246 - primary_key_preprocess result: ```json
{
  "2006": "2006",
  "2007": "2007",
  "2008": "2008",
  "2009": "2009",
  "2010": "2010",
  "2011": "2011",
  "2012": "2012",
  "2013": "2013",
  "2014": "2014",
  "2015": "2015",
  "2016": "2016",
  "2017": "2017",
  "2018": "2018",
  "2019": "2019",
  "2021": "2021",
  "2022": "2022",
  "2024": "2024"
}
```
2026-08-08 20:15:37.580 | INFO     | eval.evaluation.evaluation:evaluate_single_query:223 - col: 时间(年份), primary_key_map {'2006': '2006', '2007': '2007', '2008': '2008', '2009': '2009', '2010': '2010', '2011': '2011', '2012': '2012', '2013': '2013', '2014': '2014', '2015': '2015', '2016': '2016', '2017': '2017', '2018': '2018', '2019': '2019', '2021': '2021', '2022': '2022', '2024': '2024'}
2026-08-08 20:15:40.423 | INFO     | eval.evaluation.metric_utils:primary_key_preprocess:246 - primary_key_preprocess result: ```json
{
  "不来梅": "不莱梅",
  "马格德堡": "马格德堡",
  "广州": "广州",
  "林茨": "林茨",
  "莫斯科": "莫斯科",
  "迪拜": "迪拜",
  "鹿特丹": "鹿特丹",
  "多特蒙德": "多特蒙德",
  "伦敦": "伦敦",
  "利物浦": "利物浦",
  "东京": "东京",
  "苏州": "苏州",
  "哈尔姆斯塔德": "哈尔姆斯塔德",
  "吉隆坡": "吉隆坡",
  "里约热内卢": "里约",
  "杜塞尔多夫": "杜塞尔多夫",
  "布达佩斯": "布达佩斯",
  "成都": "成都",
  "釜山": "釜山",
  "澳门": "澳门",
  "巴黎": "巴黎"
}
```
2026-08-08 20:15:40.424 | INFO     | eval.evaluation.evaluation:evaluate_single_query:223 - col: 赛事地点, primary_key_map {'不来梅': '不莱梅', '马格德堡': '马格德堡', '广州': '广州', '林茨': '林茨', '莫斯科': '莫斯科', '迪拜': '迪拜', '鹿特丹': '鹿特丹', '多特蒙德': '多特蒙德', '伦敦': '伦敦', '利物浦': '利物浦', '东京': '东京', '苏州': '苏州', '哈尔姆斯塔德': '哈尔姆斯塔德', '吉隆坡': '吉隆坡', '里约热内卢': '里约', '杜塞尔多夫': '杜塞尔多夫', '布达佩斯': '布达佩斯', '成都': '成都', '釜山': '釜山', '澳门': '澳门', '巴黎': '巴黎'}
2026-08-08 20:15:42.884 | INFO     | eval.evaluation.metric_utils:primary_key_preprocess:246 - primary_key_preprocess result: ```json
{
  "男子团体冠军": "男团冠军",
  "男子双打冠军": "男双冠军",
  "男子单打冠军": "男单冠军"
}
```
2026-08-08 20:15:42.884 | INFO     | eval.evaluation.evaluation:evaluate_single_query:223 - col: 组别结果, primary_key_map {'男子团体冠军': '男团冠军', '男子双打冠军': '男双冠军', '男子单打冠军': '男单冠军'}
2026-08-08 20:15:45.742 | INFO     | eval.evaluation.metric_utils:primary_key_preprocess:246 - primary_key_preprocess result: ```json
{
  "世锦赛": "世锦赛",
  "世界杯": "世界杯",
  "奥运会": "奥运会"
}
```
2026-08-08 20:15:45.742 | INFO     | eval.evaluation.evaluation:evaluate_single_query:223 - col: 赛事名称, primary_key_map {'世锦赛': '世锦赛', '世界杯': '世界杯', '奥运会': '奥运会'}
2026-08-08 20:15:45.750 | INFO     | eval.evaluation.evaluation:evaluate_single_query:275 - wide2deep_ws_zh_009, df_inner shape: (30, 8), answer_df shape: (31, 4), response_df shape: (31, 8)
2026-08-08 20:15:45.758 | INFO     | eval.evaluation.evaluation:evaluate_single_query:380 - wide2deep_ws_zh_009, P/R/F1 by unique_columns: 0.9677/0.9677/0.9677
2026-08-08 20:15:45.758 | INFO     | eval.evaluation.evaluation:evaluate_single_query:383 - wide2deep_ws_zh_009, P/R/F1 by row: 0.9677/0.9677/0.9677
2026-08-08 20:15:45.758 | INFO     | eval.evaluation.evaluation:evaluate_single_query:386 - wide2deep_ws_zh_009, P/R/F1 by item: 0.9677/0.9677/0.9677
2026-08-08 20:15:45.762 | INFO     | eval.evaluation.evaluation:evaluate_single_query:398 - wide2deep_ws_zh_009, final table score: 0.0
{"event": "eval_done", "idx": 4, "instance_id": "wide2deep_ws_zh_009", "score": 0.0, "entity_acc": 1.0, "f1_by_row": 0.967741935483871, "f1_by_item": 0.967741935483871, "column_f1": 0.967741935483871, "error": null, "elapsed_seconds": 13.471, "running_n": 4}
{"event": "eval_done", "idx": 5, "instance_id": "wide2deep_ws_zh_021", "score": 0.0, "entity_acc": 0.0, "f1_by_row": 0.0, "f1_by_item": 0.0, "column_f1": 0.0, "error": null, "elapsed_seconds": 2.118, "running_n": 5}
2026-08-08 20:15:51.002 | DEBUG    | eval.evaluation.data_loader:extract_dataframe:167 - find markdown_str 
| Date | Location | Meet | Event | Time | Standing | Gold | Sil ...
2026-08-08 20:15:55.309 | INFO     | eval.evaluation.metric_utils:primary_key_preprocess:246 - primary_key_preprocess result: ```json
{
  "1:54.58": "1:54.58",
  "1:54.35": "1:54.35",
  "1:56.04": "1:56.04",
  "51.10": "0:51.10",
  "4:09.09": "4:09.09",
  "4:08.26": "4:08.26",
  "1:45.32": "1:45.32",
  "1:54.04": "1:54.04",
  "1:57.14": "1:57.14",
  "51.25": "0:51.25",
  "1:45.20": "1:45.20",
  "1:56.68": "1:56.68",
  "51.65": "0:51.65",
  "1:43.86": "1:43.86",
  "1:52.09": "1:52.09",
  "1:54.98": "1:54.98",
  "50.77": "0:50.77",
  "4:06.22": "4:06.22",
  "4:03.84": "4:03.84",
  "1:42.96": "1:42.96",
  "1:52.03": "1:52.03",
  "1:54.23": "1:54.23",
  "50.58": "0:50.58",
  "1:43.22": "1:43.22",
  "1:51.51": "1:51.51",
  "49.82": "0:49.82",
  "1:44.79": "1:44.79",
  "1:53.34": "1:53.34",
  "1:54.16": "1:54.16",
  "50.71": "0:50.71",
  "1:53.01": "1:53.01",
  "1:54.27": "1:54.27",
  "51.21": "0:51.21",
  "1:53.36": "1:53.36",
  "1:54.66": "1:54.66",
  "51.14": "0:51.14"
}
```
2026-08-08 20:15:55.309 | INFO     | eval.evaluation.evaluation:evaluate_single_query:223 - col: time, primary_key_map {'1:54.58': '1:54.58', '1:54.35': '1:54.35', '1:56.04': '1:56.04', '51.10': '0:51.10', '4:09.09': '4:09.09', '4:08.26': '4:08.26', '1:45.32': '1:45.32', '1:54.04': '1:54.04', '1:57.14': '1:57.14', '51.25': '0:51.25', '1:45.20': '1:45.20', '1:56.68': '1:56.68', '51.65': '0:51.65', '1:43.86': '1:43.86', '1:52.09': '1:52.09', '1:54.98': '1:54.98', '50.77': '0:50.77', '4:06.22': '4:06.22', '4:03.84': '4:03.84', '1:42.96': '1:42.96', '1:52.03': '1:52.03', '1:54.23': '1:54.23', '50.58': '0:50.58', '1:43.22': '1:43.22', '1:51.51': '1:51.51', '49.82': '0:49.82', '1:44.79': '1:44.79', '1:53.34': '1:53.34', '1:54.16': '1:54.16', '50.71': '0:50.71', '1:53.01': '1:53.01', '1:54.27': '1:54.27', '51.21': '0:51.21', '1:53.36': '1:53.36', '1:54.66': '1:54.66', '51.14': '0:51.14'}
2026-08-08 20:15:55.317 | INFO     | eval.evaluation.evaluation:evaluate_single_query:275 - wide2deep_ws_en_016, df_inner shape: (36, 18), answer_df shape: (36, 9), response_df shape: (36, 10)
2026-08-08 20:15:58.740 | DEBUG    | eval.evaluation.evaluation:evaluate_single_query:321 - wide2deep_ws_en_016, col date, metric_func_name llm_judge, score [1, 1, 1, 1, 1, 1, 1, 1, 1, 1, 1, 1, 1, 1, 1, 1, 1, 1, 0, 1, 1, 1, 1, 1, 1, 1, 1, 1, 1, 1, 1, 1, 1, 1, 1, 1]
2026-08-08 20:15:58.741 | DEBUG    | eval.evaluation.evaluation:metric_call:77 - metric_func_name exact_match score 1.0 msg exact match, response: athens,greece, target: athens,greece
2026-08-08 20:15:58.741 | DEBUG    | eval.evaluation.evaluation:metric_call:77 - metric_func_name exact_match score 1.0 msg exact match, response: athens,greece, target: athens,greece
2026-08-08 20:15:58.741 | DEBUG    | eval.evaluation.evaluation:metric_call:77 - metric_func_name exact_match score 1.0 msg exact match, response: athens,greece, target: athens,greece
2026-08-08 20:15:58.741 | DEBUG    | eval.evaluation.evaluation:metric_call:77 - metric_func_name exact_match score 1.0 msg exact match, response: athens,greece, target: athens,greece
2026-08-08 20:15:58.741 | DEBUG    | eval.evaluation.evaluation:metric_call:77 - metric_func_name exact_match score 1.0 msg exact match, response: athens,greece, target: athens,greece
2026-08-08 20:15:58.741 | DEBUG    | eval.evaluation.evaluation:metric_call:77 - metric_func_name exact_match score 1.0 msg exact match, response: beijing,china, target: beijing,china
2026-08-08 20:15:58.741 | DEBUG    | eval.evaluation.evaluation:metric_call:77 - metric_func_name exact_match score 1.0 msg exact match, response: beijing,china, target: beijing,china
2026-08-08 20:15:58.741 | DEBUG    | eval.evaluation.evaluation:metric_call:77 - metric_func_name exact_match score 1.0 msg exact match, response: beijing,china, target: beijing,china
2026-08-08 20:15:58.741 | DEBUG    | eval.evaluation.evaluation:metric_call:77 - metric_func_name exact_match score 1.0 msg exact match, response: beijing,china, target: beijing,china
2026-08-08 20:15:58.741 | DEBUG    | eval.evaluation.evaluation:metric_call:77 - metric_func_name exact_match score 1.0 msg exact match, response: beijing,china, target: beijing,china
2026-08-08 20:15:58.741 | DEBUG    | eval.evaluation.evaluation:metric_call:77 - metric_func_name exact_match score 0.0 msg exact not match, response: london,unitedkingdom, target: london,uk
2026-08-08 20:15:58.741 | DEBUG    | eval.evaluation.evaluation:metric_call:77 - metric_func_name exact_match score 0.0 msg exact not match, response: london,unitedkingdom, target: london,uk
2026-08-08 20:15:58.741 | DEBUG    | eval.evaluation.evaluation:metric_call:77 - metric_func_name exact_match score 0.0 msg exact not match, response: london,unitedkingdom, target: london,uk
2026-08-08 20:15:58.741 | DEBUG    | eval.evaluation.evaluation:metric_call:77 - metric_func_name exact_match score 1.0 msg exact match, response: riodejaneiro,brazil, target: riodejaneiro,brazil
2026-08-08 20:15:58.741 | DEBUG    | eval.evaluation.evaluation:metric_call:77 - metric_func_name exact_match score 1.0 msg exact match, response: riodejaneiro,brazil, target: riodejaneiro,brazil
2026-08-08 20:15:58.741 | DEBUG    | eval.evaluation.evaluation:metric_call:77 - metric_func_name exact_match score 1.0 msg exact match, response: riodejaneiro,brazil, target: riodejaneiro,brazil
2026-08-08 20:15:58.741 | DEBUG    | eval.evaluation.evaluation:metric_call:77 - metric_func_name exact_match score 1.0 msg exact match, response: fukuoka,japan, target: fukuoka,japan
2026-08-08 20:15:58.741 | DEBUG    | eval.evaluation.evaluation:metric_call:77 - metric_func_name exact_match score 1.0 msg exact match, response: barcelona,spain, target: barcelona,spain
2026-08-08 20:15:58.741 | DEBUG    | eval.evaluation.evaluation:metric_call:77 - metric_func_name exact_match score 1.0 msg exact match, response: barcelona,spain, target: barcelona,spain
2026-08-08 20:15:58.741 | DEBUG    | eval.evaluation.evaluation:metric_call:77 - metric_func_name exact_match score 1.0 msg exact match, response: barcelona,spain, target: barcelona,spain
2026-08-08 20:15:58.741 | DEBUG    | eval.evaluation.evaluation:metric_call:77 - metric_func_name exact_match score 1.0 msg exact match, response: barcelona,spain, target: barcelona,spain
2026-08-08 20:15:58.741 | DEBUG    | eval.evaluation.evaluation:metric_call:77 - metric_func_name exact_match score 1.0 msg exact match, response: montreal,canada, target: montreal,canada
2026-08-08 20:15:58.741 | DEBUG    | eval.evaluation.evaluation:metric_call:77 - metric_func_name exact_match score 1.0 msg exact match, response: montreal,canada, target: montreal,canada
2026-08-08 20:15:58.741 | DEBUG    | eval.evaluation.evaluation:metric_call:77 - metric_func_name exact_match score 1.0 msg exact match, response: montreal,canada, target: montreal,canada
2026-08-08 20:15:58.741 | DEBUG    | eval.evaluation.evaluation:metric_call:77 - metric_func_name exact_match score 1.0 msg exact match, response: melbourne,australia, target: melbourne,australia
2026-08-08 20:15:58.742 | DEBUG    | eval.evaluation.evaluation:metric_call:77 - metric_func_name exact_match score 1.0 msg exact match, response: melbourne,australia, target: melbourne,australia
2026-08-08 20:15:58.742 | DEBUG    | eval.evaluation.evaluation:metric_call:77 - metric_func_name exact_match score 1.0 msg exact match, response: melbourne,australia, target: melbourne,australia
2026-08-08 20:15:58.742 | DEBUG    | eval.evaluation.evaluation:metric_call:77 - metric_func_name exact_match score 1.0 msg exact match, response: melbourne,australia, target: melbourne,australia
2026-08-08 20:15:58.742 | DEBUG    | eval.evaluation.evaluation:metric_call:77 - metric_func_name exact_match score 1.0 msg exact match, response: melbourne,australia, target: melbourne,australia
2026-08-08 20:15:58.742 | DEBUG    | eval.evaluation.evaluation:metric_call:77 - metric_func_name exact_match score 1.0 msg exact match, response: rome,italy, target: rome,italy
2026-08-08 20:15:58.742 | DEBUG    | eval.evaluation.evaluation:metric_call:77 - metric_func_name exact_match score 1.0 msg exact match, response: rome,italy, target: rome,italy
2026-08-08 20:15:58.742 | DEBUG    | eval.evaluation.evaluation:metric_call:77 - metric_func_name exact_match score 1.0 msg exact match, response: rome,italy, target: rome,italy
2026-08-08 20:15:58.742 | DEBUG    | eval.evaluation.evaluation:metric_call:77 - metric_func_name exact_match score 1.0 msg exact match, response: shanghai,china, target: shanghai,china
2026-08-08 20:15:58.742 | DEBUG    | eval.evaluation.evaluation:metric_call:77 - metric_func_name exact_match score 1.0 msg exact match, response: shanghai,china, target: shanghai,china
2026-08-08 20:15:58.742 | DEBUG    | eval.evaluation.evaluation:metric_call:77 - metric_func_name exact_match score 1.0 msg exact match, response: shanghai,china, target: shanghai,china
2026-08-08 20:15:58.742 | DEBUG    | eval.evaluation.evaluation:metric_call:77 - metric_func_name exact_match score 1.0 msg exact match, response: shanghai,china, target: shanghai,china
2026-08-08 20:15:58.743 | DEBUG    | eval.evaluation.evaluation:evaluate_single_query:321 - wide2deep_ws_en_016, col location, metric_func_name exact_match, score [1.0, 1.0, 1.0, 1.0, 1.0, 1.0, 1.0, 1.0, 1.0, 1.0, 0.0, 0.0, 0.0, 1.0, 1.0, 1.0, 1.0, 1.0, 1.0, 1.0, 1.0, 1.0, 1.0, 1.0, 1.0, 1.0, 1.0, 1.0, 1.0, 1.0, 1.0, 1.0, 1.0, 1.0, 1.0, 1.0]
2026-08-08 20:16:05.321 | DEBUG    | eval.evaluation.evaluation:evaluate_single_query:321 - wide2deep_ws_en_016, col meet, metric_func_name llm_judge, score [1, 1, 1, 1, 1, 1, 1, 1, 1, 1, 1, 1, 1, 1, 1, 1, 0, 0, 0, 0, 0, 0, 0, 0, 0, 0, 0, 0, 0, 0, 0, 0, 0, 0, 0, 0]
2026-08-08 20:16:08.787 | DEBUG    | eval.evaluation.evaluation:evaluate_single_query:321 - wide2deep_ws_en_016, col event, metric_func_name llm_judge, score [1, 1, 1, 1, 1, 1, 1, 1, 1, 1, 1, 1, 1, 1, 1, 1, 1, 1, 1, 1, 1, 1, 1, 1, 1, 1, 1, 1, 1, 1, 1, 1, 1, 1, 1, 1]
2026-08-08 20:16:08.787 | DEBUG    | eval.evaluation.evaluation:metric_call:77 - metric_func_name exact_match score 1.0 msg exact match, response: 1, target: 1
2026-08-08 20:16:08.787 | DEBUG    | eval.evaluation.evaluation:metric_call:77 - metric_func_name exact_match score 1.0 msg exact match, response: 3, target: 3
2026-08-08 20:16:08.787 | DEBUG    | eval.evaluation.evaluation:metric_call:77 - metric_func_name exact_match score 1.0 msg exact match, response: 1, target: 1
2026-08-08 20:16:08.788 | DEBUG    | eval.evaluation.evaluation:metric_call:77 - metric_func_name exact_match score 1.0 msg exact match, response: 1, target: 1
2026-08-08 20:16:08.788 | DEBUG    | eval.evaluation.evaluation:metric_call:77 - metric_func_name exact_match score 1.0 msg exact match, response: 1, target: 1
2026-08-08 20:16:08.788 | DEBUG    | eval.evaluation.evaluation:metric_call:77 - metric_func_name exact_match score 1.0 msg exact match, response: 1, target: 1
2026-08-08 20:16:08.788 | DEBUG    | eval.evaluation.evaluation:metric_call:77 - metric_func_name exact_match score 1.0 msg exact match, response: 1, target: 1
2026-08-08 20:16:08.788 | DEBUG    | eval.evaluation.evaluation:metric_call:77 - metric_func_name exact_match score 1.0 msg exact match, response: 1, target: 1
2026-08-08 20:16:08.788 | DEBUG    | eval.evaluation.evaluation:metric_call:77 - metric_func_name exact_match score 1.0 msg exact match, response: 1, target: 1
2026-08-08 20:16:08.788 | DEBUG    | eval.evaluation.evaluation:metric_call:77 - metric_func_name exact_match score 1.0 msg exact match, response: 1, target: 1
2026-08-08 20:16:08.788 | DEBUG    | eval.evaluation.evaluation:metric_call:77 - metric_func_name exact_match score 1.0 msg exact match, response: 2, target: 2
2026-08-08 20:16:08.788 | DEBUG    | eval.evaluation.evaluation:metric_call:77 - metric_func_name exact_match score 1.0 msg exact match, response: 1, target: 1
2026-08-08 20:16:08.788 | DEBUG    | eval.evaluation.evaluation:metric_call:77 - metric_func_name exact_match score 1.0 msg exact match, response: 1, target: 1
2026-08-08 20:16:08.788 | DEBUG    | eval.evaluation.evaluation:metric_call:77 - metric_func_name exact_match score 1.0 msg exact match, response: 1, target: 1
2026-08-08 20:16:08.788 | DEBUG    | eval.evaluation.evaluation:metric_call:77 - metric_func_name exact_match score 1.0 msg exact match, response: 1, target: 1
2026-08-08 20:16:08.788 | DEBUG    | eval.evaluation.evaluation:metric_call:77 - metric_func_name exact_match score 1.0 msg exact match, response: 2, target: 2
2026-08-08 20:16:08.788 | DEBUG    | eval.evaluation.evaluation:metric_call:77 - metric_func_name exact_match score 1.0 msg exact match, response: 1, target: 1
2026-08-08 20:16:08.788 | DEBUG    | eval.evaluation.evaluation:metric_call:77 - metric_func_name exact_match score 0.0 msg exact not match, response: 2, target: 1
2026-08-08 20:16:08.788 | DEBUG    | eval.evaluation.evaluation:metric_call:77 - metric_func_name exact_match score 1.0 msg exact match, response: 1, target: 1
2026-08-08 20:16:08.788 | DEBUG    | eval.evaluation.evaluation:metric_call:77 - metric_func_name exact_match score 1.0 msg exact match, response: 2, target: 2
2026-08-08 20:16:08.788 | DEBUG    | eval.evaluation.evaluation:metric_call:77 - metric_func_name exact_match score 1.0 msg exact match, response: 1, target: 1
2026-08-08 20:16:08.788 | DEBUG    | eval.evaluation.evaluation:metric_call:77 - metric_func_name exact_match score 1.0 msg exact match, response: 1, target: 1
2026-08-08 20:16:08.788 | DEBUG    | eval.evaluation.evaluation:metric_call:77 - metric_func_name exact_match score 1.0 msg exact match, response: 1, target: 1
2026-08-08 20:16:08.788 | DEBUG    | eval.evaluation.evaluation:metric_call:77 - metric_func_name exact_match score 1.0 msg exact match, response: 2, target: 2
2026-08-08 20:16:08.788 | DEBUG    | eval.evaluation.evaluation:metric_call:77 - metric_func_name exact_match score 1.0 msg exact match, response: 1, target: 1
2026-08-08 20:16:08.788 | DEBUG    | eval.evaluation.evaluation:metric_call:77 - metric_func_name exact_match score 1.0 msg exact match, response: 1, target: 1
2026-08-08 20:16:08.788 | DEBUG    | eval.evaluation.evaluation:metric_call:77 - metric_func_name exact_match score 1.0 msg exact match, response: 1, target: 1
2026-08-08 20:16:08.789 | DEBUG    | eval.evaluation.evaluation:metric_call:77 - metric_func_name exact_match score 1.0 msg exact match, response: 1, target: 1
2026-08-08 20:16:08.789 | DEBUG    | eval.evaluation.evaluation:metric_call:77 - metric_func_name exact_match score 1.0 msg exact match, response: 1, target: 1
2026-08-08 20:16:08.789 | DEBUG    | eval.evaluation.evaluation:metric_call:77 - metric_func_name exact_match score 1.0 msg exact match, response: 2, target: 2
2026-08-08 20:16:08.789 | DEBUG    | eval.evaluation.evaluation:metric_call:77 - metric_func_name exact_match score 1.0 msg exact match, response: 1, target: 1
2026-08-08 20:16:08.789 | DEBUG    | eval.evaluation.evaluation:metric_call:77 - metric_func_name exact_match score 1.0 msg exact match, response: 1, target: 1
2026-08-08 20:16:08.789 | DEBUG    | eval.evaluation.evaluation:metric_call:77 - metric_func_name exact_match score 1.0 msg exact match, response: 2, target: 2
2026-08-08 20:16:08.789 | DEBUG    | eval.evaluation.evaluation:metric_call:77 - metric_func_name exact_match score 1.0 msg exact match, response: 1, target: 1
2026-08-08 20:16:08.789 | DEBUG    | eval.evaluation.evaluation:metric_call:77 - metric_func_name exact_match score 1.0 msg exact match, response: 2, target: 2
2026-08-08 20:16:08.789 | DEBUG    | eval.evaluation.evaluation:metric_call:77 - metric_func_name exact_match score 1.0 msg exact match, response: 1, target: 1
2026-08-08 20:16:08.789 | DEBUG    | eval.evaluation.evaluation:evaluate_single_query:321 - wide2deep_ws_en_016, col standing, metric_func_name exact_match, score [1.0, 1.0, 1.0, 1.0, 1.0, 1.0, 1.0, 1.0, 1.0, 1.0, 1.0, 1.0, 1.0, 1.0, 1.0, 1.0, 1.0, 0.0, 1.0, 1.0, 1.0, 1.0, 1.0, 1.0, 1.0, 1.0, 1.0, 1.0, 1.0, 1.0, 1.0, 1.0, 1.0, 1.0, 1.0, 1.0]
2026-08-08 20:16:14.560 | DEBUG    | eval.evaluation.evaluation:evaluate_single_query:321 - wide2deep_ws_en_016, col gold, metric_func_name llm_judge, score [1, 1, 1, 1, 1, 1, 1, 1, 1, 1, 1, 1, 1, 1, 1, 1, 1, 0, 1, 1, 1, 1, 1, 1, 1, 1, 1, 1, 1, 1, 1, 1, 1, 1, 1, 1]
2026-08-08 20:16:19.612 | DEBUG    | eval.evaluation.evaluation:evaluate_single_query:321 - wide2deep_ws_en_016, col silver, metric_func_name llm_judge, score [1, 1, 1, 1, 1, 1, 1, 1, 1, 1, 1, 1, 1, 1, 1, 1, 1, 0, 1, 1, 1, 1, 1, 1, 1, 1, 1, 1, 1, 1, 0, 1, 1, 1, 1, 1]
2026-08-08 20:16:25.021 | DEBUG    | eval.evaluation.evaluation:evaluate_single_query:321 - wide2deep_ws_en_016, col bronze, metric_func_name llm_judge, score [1, 1, 1, 0, 1, 1, 1, 1, 1, 1, 1, 1, 1, 1, 1, 1, 1, 1, 1, 1, 1, 1, 1, 1, 1, 1, 1, 1, 1, 1, 0, 1, 1, 1, 1, 0]
2026-08-08 20:16:25.028 | INFO     | eval.evaluation.evaluation:evaluate_single_query:380 - wide2deep_ws_en_016, P/R/F1 by unique_columns: 1.0000/1.0000/1.0000
2026-08-08 20:16:25.028 | INFO     | eval.evaluation.evaluation:evaluate_single_query:383 - wide2deep_ws_en_016, P/R/F1 by row: 0.3333/0.3333/0.3333
2026-08-08 20:16:25.028 | INFO     | eval.evaluation.evaluation:evaluate_single_query:386 - wide2deep_ws_en_016, P/R/F1 by item: 0.9043/0.9043/0.9043
2026-08-08 20:16:25.032 | INFO     | eval.evaluation.evaluation:evaluate_single_query:398 - wide2deep_ws_en_016, final table score: 0.0
{"event": "eval_done", "idx": 6, "instance_id": "wide2deep_ws_en_016", "score": 0.0, "entity_acc": 1.0, "f1_by_row": 0.3333333333333333, "f1_by_item": 0.904320987654321, "column_f1": 1.0, "error": null, "elapsed_seconds": 37.117, "running_n": 6}
SUMMARY {"n": 6, "valid_n": 6, "errors": 0, "complete": true, "judge_calls_current_process": 19, "score": 0.0, "entity_acc": 0.5, "precision_by_row": 0.2335125448028674, "recall_by_row": 0.2335125448028674, "f1_by_row": 0.2335125448028674, "precision_by_item": 0.407843820523032, "recall_by_item": 0.407843820523032, "f1_by_item": 0.407843820523032, "column_precision": 0.4946236559139785, "column_recall": 0.4946236559139785, "column_f1": 0.4946236559139785}
