INFO: Pandarallel will run on 8 workers.
INFO: Pandarallel will use Memory file system to transfer data between the main process and workers.
{"event": "eval_start", "selected": 7, "resume_committed": 0, "committed_errors": 0, "crash_only_resume": false}
2026-08-08 20:15:25.782 | DEBUG    | eval.evaluation.data_loader:extract_dataframe:167 - find markdown_str 
| 个人展览 | 展览地点 | 展览城市 | 展览时间 |
| --- | --- | --- | --- |
| 苏笑柏：无 ...
2026-08-08 20:15:27.477 | INFO     | eval.evaluation.metric_utils:primary_key_preprocess:246 - primary_key_preprocess result: ```json
{
  "苏笑柏：绘画与存在": "繪畫與存在",
  "苏笑柏个展": "苏笑柏个展"
}
```
2026-08-08 20:15:27.478 | INFO     | eval.evaluation.evaluation:evaluate_single_query:223 - col: 个人展览, primary_key_map {'苏笑柏：绘画与存在': '繪畫與存在', '苏笑柏个展': '苏笑柏个展'}
2026-08-08 20:15:27.547 | INFO     | eval.evaluation.evaluation:evaluate_single_query:275 - deep2wide_result_1_苏笑柏, df_inner shape: (2, 8), answer_df shape: (29, 4), response_df shape: (5, 5)
2026-08-08 20:15:29.284 | DEBUG    | eval.evaluation.evaluation:evaluate_single_query:321 - deep2wide_result_1_苏笑柏, col 展览地点, metric_func_name llm_judge, score [0, 0]
2026-08-08 20:15:32.188 | DEBUG    | eval.evaluation.evaluation:evaluate_single_query:321 - deep2wide_result_1_苏笑柏, col 展览城市, metric_func_name llm_judge, score [0, 1]
2026-08-08 20:15:32.192 | DEBUG    | eval.evaluation.evaluation:metric_call:77 - metric_func_name date_near score 0.0 msg date not near, response: 2015-08-01 00:00:00, target: 2011-08-01 00:00:00
2026-08-08 20:15:32.194 | DEBUG    | eval.evaluation.evaluation:metric_call:77 - metric_func_name date_near score 0.0 msg date not near, response: 2016-08-01 00:00:00, target: 2014-08-01 00:00:00
2026-08-08 20:15:32.195 | DEBUG    | eval.evaluation.evaluation:evaluate_single_query:321 - deep2wide_result_1_苏笑柏, col 展览时间, metric_func_name date_near, score [0.0, 0.0]
2026-08-08 20:15:32.201 | INFO     | eval.evaluation.evaluation:evaluate_single_query:380 - deep2wide_result_1_苏笑柏, P/R/F1 by unique_columns: 0.4000/0.0690/0.1176
2026-08-08 20:15:32.201 | INFO     | eval.evaluation.evaluation:evaluate_single_query:383 - deep2wide_result_1_苏笑柏, P/R/F1 by row: 0.0000/0.0000/0.0000
2026-08-08 20:15:32.201 | INFO     | eval.evaluation.evaluation:evaluate_single_query:386 - deep2wide_result_1_苏笑柏, P/R/F1 by item: 0.1500/0.0259/0.0441
2026-08-08 20:15:32.203 | INFO     | eval.evaluation.evaluation:evaluate_single_query:398 - deep2wide_result_1_苏笑柏, final table score: 0.0
{"event": "eval_done", "idx": 1, "instance_id": "deep2wide_result_1_苏笑柏", "score": 0.0, "entity_acc": 1.0, "f1_by_row": 0.0, "f1_by_item": 0.04411764705882353, "column_f1": 0.1176470588235294, "error": null, "elapsed_seconds": 8.925, "running_n": 1}
{"event": "eval_done", "idx": 2, "instance_id": "deep2wide_result_2_成都", "score": 0.0, "entity_acc": 0.0, "f1_by_row": 0.0, "f1_by_item": 0.0, "column_f1": 0.0, "error": null, "elapsed_seconds": 1.239, "running_n": 2}
2026-08-08 20:15:34.342 | DEBUG    | eval.evaluation.data_loader:extract_dataframe:167 - find markdown_str 
| 年份 | 院校 | 专业组 | 投档线总分 | 本段人数 | 累计人数 |
| --- | --- | --- | --- ...
2026-08-08 20:15:37.071 | INFO     | eval.evaluation.metric_utils:primary_key_preprocess:246 - primary_key_preprocess result: ```json
{}
```
2026-08-08 20:15:37.071 | INFO     | eval.evaluation.evaluation:evaluate_single_query:223 - col: 年份, primary_key_map {}
2026-08-08 20:15:40.316 | INFO     | eval.evaluation.metric_utils:primary_key_preprocess:246 - primary_key_preprocess result: ```json
{}
```
2026-08-08 20:15:40.316 | INFO     | eval.evaluation.evaluation:evaluate_single_query:223 - col: 院校, primary_key_map {}
2026-08-08 20:15:42.381 | INFO     | eval.evaluation.metric_utils:primary_key_preprocess:246 - primary_key_preprocess result: ```json
{
  "未知": "未知"
}
```
2026-08-08 20:15:42.381 | INFO     | eval.evaluation.evaluation:evaluate_single_query:223 - col: 专业组, primary_key_map {'未知': '未知'}
2026-08-08 20:15:42.397 | INFO     | eval.evaluation.evaluation:evaluate_single_query:275 - deep2wide_result_3_北京, df_inner shape: (0, 12), answer_df shape: (1355, 6), response_df shape: (1, 9)
2026-08-08 20:15:42.401 | ERROR    | eval.evaluation.evaluation:evaluate_single_query:401 - evaluator error: 
Traceback (most recent call last):
  File "/home/azureuser/workspace-gzy/zyf/deep/external/Marco-Search-Agent/Marco-DeepResearch-Family/DeepWideSearch/eval/evaluation/evaluation.py", line 315, in evaluate_single_query
    df_inner_score[f"{col}_{metric_func_name}"] = (
    ~~~~~~~~~~~~~~^^^^^^^^^^^^^^^^^^^^^^^^^^^^^
  File "/home/azureuser/workspace-gzy/zyf/deep/.venv-eval/lib/python3.12/site-packages/pandas/core/frame.py", line 4312, in __setitem__
    self._set_item_frame_value(key, value)
  File "/home/azureuser/workspace-gzy/zyf/deep/.venv-eval/lib/python3.12/site-packages/pandas/core/frame.py", line 4470, in _set_item_frame_value
    raise ValueError(
ValueError: Cannot set a DataFrame with multiple columns to the single column 投档线总分_number_near

{"event": "eval_done", "idx": 3, "instance_id": "deep2wide_result_3_北京", "score": null, "entity_acc": null, "f1_by_row": null, "f1_by_item": null, "column_f1": null, "error": "RuntimeError: official evaluator reported an internal error", "elapsed_seconds": 8.922, "running_n": 3}
2026-08-08 20:15:46.202 | DEBUG    | eval.evaluation.data_loader:extract_dataframe:167 - find markdown_str 
| 法规名称 | 制定机关 | 时效性 | 公布日期 | 共几章几条 |
| --- | --- | --- | --- |  ...
2026-08-08 20:15:50.010 | INFO     | eval.evaluation.metric_utils:primary_key_preprocess:246 - primary_key_preprocess result: ```json
{
  "四川省数据条例": "四川省数据条例",
  "四川省行政执法监督条例": "四川省行政执法监督条例",
  "四川省实施《中华人民共和国妇女权益保障法》办法": "四川省实施《中华人民共和国妇女权益保障法》办法"
}
```
2026-08-08 20:15:50.010 | INFO     | eval.evaluation.evaluation:evaluate_single_query:223 - col: 法规名称, primary_key_map {'四川省数据条例': '四川省数据条例', '四川省行政执法监督条例': '四川省行政执法监督条例', '四川省实施《中华人民共和国妇女权益保障法》办法': '四川省实施《中华人民共和国妇女权益保障法》办法'}
2026-08-08 20:15:50.044 | INFO     | eval.evaluation.evaluation:evaluate_single_query:275 - deep2wide_result_4_四川省阿坝藏族羌族自治州茂县, df_inner shape: (0, 10), answer_df shape: (27, 5), response_df shape: (3, 6)
2026-08-08 20:15:52.287 | DEBUG    | eval.evaluation.evaluation:evaluate_single_query:321 - deep2wide_result_4_四川省阿坝藏族羌族自治州茂县, col 制定机关, metric_func_name llm_judge, score []
2026-08-08 20:15:52.288 | ERROR    | eval.evaluation.evaluation:evaluate_single_query:401 - evaluator error: 
Traceback (most recent call last):
  File "/home/azureuser/workspace-gzy/zyf/deep/external/Marco-Search-Agent/Marco-DeepResearch-Family/DeepWideSearch/eval/evaluation/evaluation.py", line 315, in evaluate_single_query
    df_inner_score[f"{col}_{metric_func_name}"] = (
    ~~~~~~~~~~~~~~^^^^^^^^^^^^^^^^^^^^^^^^^^^^^
  File "/home/azureuser/workspace-gzy/zyf/deep/.venv-eval/lib/python3.12/site-packages/pandas/core/frame.py", line 4312, in __setitem__
    self._set_item_frame_value(key, value)
  File "/home/azureuser/workspace-gzy/zyf/deep/.venv-eval/lib/python3.12/site-packages/pandas/core/frame.py", line 4470, in _set_item_frame_value
    raise ValueError(
ValueError: Cannot set a DataFrame with multiple columns to the single column 时效性_exact_match

{"event": "eval_done", "idx": 4, "instance_id": "deep2wide_result_4_四川省阿坝藏族羌族自治州茂县", "score": null, "entity_acc": null, "f1_by_row": null, "f1_by_item": null, "column_f1": null, "error": "RuntimeError: official evaluator reported an internal error", "elapsed_seconds": 9.87, "running_n": 4}
2026-08-08 20:15:53.526 | DEBUG    | eval.evaluation.data_loader:extract_dataframe:167 - find markdown_str 
| 时间 | 赛事名称 | 级别 | 项目 | 赛事成绩 | 1/16赛-对手 | 1/16赛比分 | 1/16赛胜负 | 1 ...
2026-08-08 20:15:56.577 | INFO     | eval.evaluation.metric_utils:primary_key_preprocess:246 - primary_key_preprocess result: ```json
{
  "时间": "时间",
  "赛事名称": "赛事名称",
  "级别": "级别",
  "项目": "项目",
  "赛事成绩": "赛事成绩",
  "1/16赛-对手": "1/16赛-对手",
  "1/16赛比分": "1/16赛-比分",
  "1/16赛胜负": "1/16赛-胜负",
  "1/8赛对手": "1/8赛-对手",
  "1/8赛比分": "1/8赛-比分",
  "1/8赛胜负": "1/8赛-胜负",
  "1/4赛对手": "1/4赛-对手",
  "1/4赛比分": "1/4赛-比分",
  "1/4赛胜负": "1/4赛-胜负",
  "半决赛对手": "半决赛-对手",
  "半决赛比分": "半决赛-比分",
  "半决赛胜负": "半决赛-胜负",
  "决赛对手": "决赛-对手",
  "决赛比分": "决赛-比分",
  "决赛胜负": "决赛-胜负"
}
```
2026-08-08 20:15:56.577 | INFO     | eval.evaluation.evaluation:evaluate_single_query:172 - column map: {'时间': '时间', '赛事名称': '赛事名称', '级别': '级别', '项目': '项目', '赛事成绩': '赛事成绩', '1/16赛-对手': '1/16赛-对手', '1/16赛比分': '1/16赛-比分', '1/16赛胜负': '1/16赛-胜负', '1/8赛对手': '1/8赛-对手', '1/8赛比分': '1/8赛-比分', '1/8赛胜负': '1/8赛-胜负', '1/4赛对手': '1/4赛-对手', '1/4赛比分': '1/4赛-比分', '1/4赛胜负': '1/4赛-胜负', '半决赛对手': '半决赛-对手', '半决赛比分': '半决赛-比分', '半决赛胜负': '半决赛-胜负', '决赛对手': '决赛-对手', '决赛比分': '决赛-比分', '决赛胜负': '决赛-胜负'}
2026-08-08 20:15:56.578 | INFO     | eval.evaluation.evaluation:evaluate_single_query:173 - befor mapping: Index(['时间', '赛事名称', '级别', '项目', '赛事成绩', '1/16赛-对手', '1/16赛比分', '1/16赛胜负',
       '1/8赛对手', '1/8赛比分', '1/8赛胜负', '1/4赛对手', '1/4赛比分', '1/4赛胜负', '半决赛对手',
       '半决赛比分', '半决赛胜负', '决赛对手', '决赛比分', '决赛胜负'],
      dtype='object')
2026-08-08 20:15:56.579 | INFO     | eval.evaluation.evaluation:evaluate_single_query:175 - after mapping: Index(['时间', '赛事名称', '级别', '项目', '赛事成绩', '1/16赛-对手', '1/16赛-比分', '1/16赛-胜负',
       '1/8赛-对手', '1/8赛-比分', '1/8赛-胜负', '1/4赛-对手', '1/4赛-比分', '1/4赛-胜负',
       '半决赛-对手', '半决赛-比分', '半决赛-胜负', '决赛-对手', '决赛-比分', '决赛-胜负'],
      dtype='object')
2026-08-08 20:16:10.991 | INFO     | eval.evaluation.metric_utils:primary_key_preprocess:246 - primary_key_preprocess result: ```json
{
  "世界羽联超级系列赛总决赛": "2011年世界羽联超级系列赛总决赛",
  "世界羽毛球锦标赛": "2017年世界羽毛球锦标赛",
  "伦敦奥运会羽毛球比赛": "2012年伦敦奥运会羽毛球赛",
  "仁川亚洲运动会羽毛球比赛": "第十七届亚运会羽毛球赛｜单项",
  "里约奥运会羽毛球比赛": "2016年里约奥运会羽毛球赛",
  "全英羽毛球公开赛": "2017年全英羽毛球公开赛",
  "马来西亚羽毛球公开赛": "2018年马来西亚羽毛球公开赛"
}
```
2026-08-08 20:16:10.992 | INFO     | eval.evaluation.evaluation:evaluate_single_query:223 - col: 赛事名称, primary_key_map {'世界羽联超级系列赛总决赛': '2011年世界羽联超级系列赛总决赛', '世界羽毛球锦标赛': '2017年世界羽毛球锦标赛', '伦敦奥运会羽毛球比赛': '2012年伦敦奥运会羽毛球赛', '仁川亚洲运动会羽毛球比赛': '第十七届亚运会羽毛球赛｜单项', '里约奥运会羽毛球比赛': '2016年里约奥运会羽毛球赛', '全英羽毛球公开赛': '2017年全英羽毛球公开赛', '马来西亚羽毛球公开赛': '2018年马来西亚羽毛球公开赛'}
2026-08-08 20:16:12.624 | INFO     | eval.evaluation.evaluation:evaluate_single_query:275 - deep2wide_result_5_林丹, df_inner shape: (0, 39), answer_df shape: (132, 20), response_df shape: (11, 21)
2026-08-08 20:16:12.626 | ERROR    | eval.evaluation.evaluation:evaluate_single_query:401 - evaluator error: 
Traceback (most recent call last):
  File "/home/azureuser/workspace-gzy/zyf/deep/external/Marco-Search-Agent/Marco-DeepResearch-Family/DeepWideSearch/eval/evaluation/evaluation.py", line 315, in evaluate_single_query
    df_inner_score[f"{col}_{metric_func_name}"] = (
    ~~~~~~~~~~~~~~^^^^^^^^^^^^^^^^^^^^^^^^^^^^^
  File "/home/azureuser/workspace-gzy/zyf/deep/.venv-eval/lib/python3.12/site-packages/pandas/core/frame.py", line 4312, in __setitem__
    self._set_item_frame_value(key, value)
  File "/home/azureuser/workspace-gzy/zyf/deep/.venv-eval/lib/python3.12/site-packages/pandas/core/frame.py", line 4470, in _set_item_frame_value
    raise ValueError(
ValueError: Cannot set a DataFrame with multiple columns to the single column 级别_exact_match

{"event": "eval_done", "idx": 5, "instance_id": "deep2wide_result_5_林丹", "score": null, "entity_acc": null, "f1_by_row": null, "f1_by_item": null, "column_f1": null, "error": "RuntimeError: official evaluator reported an internal error", "elapsed_seconds": 20.323, "running_n": 5}
{"event": "eval_done", "idx": 6, "instance_id": "deep2wide_result_6_刘玉栋", "score": 0.0, "entity_acc": 0.0, "f1_by_row": 0.0, "f1_by_item": 0.0, "column_f1": 0.0, "error": null, "elapsed_seconds": 3.073, "running_n": 6}
{"event": "eval_done", "idx": 7, "instance_id": "deep2wide_result_7_阎芳", "score": 0.0, "entity_acc": 0.0, "f1_by_row": 0.0, "f1_by_item": 0.0, "column_f1": 0.0, "error": null, "elapsed_seconds": 3.851, "running_n": 7}
SUMMARY {"n": 7, "valid_n": 4, "errors": 3, "complete": false, "judge_calls_current_process": 17, "score": 0.0, "entity_acc": 0.25, "precision_by_row": 0.0, "recall_by_row": 0.0, "f1_by_row": 0.0, "precision_by_item": 0.0375, "recall_by_item": 0.00646551724137931, "f1_by_item": 0.011029411764705883, "column_precision": 0.1, "column_recall": 0.017241379310344827, "column_f1": 0.02941176470588235}
