INFO: Pandarallel will run on 8 workers.
INFO: Pandarallel will use Memory file system to transfer data between the main process and workers.
{"event": "eval_start", "selected": 6, "resume_committed": 0, "committed_errors": 0, "crash_only_resume": false}
2026-08-07 18:18:03.687 | DEBUG    | eval.evaluation.data_loader:extract_dataframe:167 - find markdown_str 
| High School | States | STEM High Schools ranking | National R ...
2026-08-07 18:18:14.528 | INFO     | eval.evaluation.metric_utils:primary_key_preprocess:246 - primary_key_preprocess result: ```json
{
  "High Technology High School": "High Technology High School",
  "BASIS Peoria": "BASIS Peoria",
  "BASIS Chandler": "BASIS Chandler",
  "The Early College at Guilford": "The Early College at Guilford",
  "Thomas Jefferson High School for Science and Technology": "Thomas Jefferson High School for Science and Technology ",
  "Edison Academy Magnet School": "Edison Academy Magnet School",
  "BASIS Scottsdale": "BASIS Scottsdale",
  "BASIS Tucson North": "BASIS Tucson North",
  "Gwinnett School of Mathematics, Science and Technology": "Gwinnett School of Mathematics, Science and Technology",
  "Tesla STEM High School": "Tesla STEM High School",
  "School for the Talented and Gifted": "The School for the Talented and Gifted (TAG)",
  "Bergen County Academies": "Bergen County Academies",
  "Whitney High School": "Whitney High School",
  "Academic Magnet High School": "Academic Magnet High School",
  "Payton College Preparatory High School": "Payton College Preparatory High School",
  "Stuyvesant High School": "Stuyvesant High School",
  "Bronx High School of Science": "Bronx High School of Science",
  "School of Science and Engineering": "Science and Engineering Magnet School (SEM)",
  "Biotechnology High School": "Biotechnology High School",
  "Poolesville High School": "Poolesville High School",
  "Lynbrook High School": "Lynbrook High School",
  "Saratoga High School": "Saratoga High School"
}
```
2026-08-07 18:18:14.529 | INFO     | eval.evaluation.evaluation:evaluate_single_query:223 - col: highschool, primary_key_map {'High Technology High School': 'High Technology High School', 'BASIS Peoria': 'BASIS Peoria', 'BASIS Chandler': 'BASIS Chandler', 'The Early College at Guilford': 'The Early College at Guilford', 'Thomas Jefferson High School for Science and Technology': 'Thomas Jefferson High School for Science and Technology ', 'Edison Academy Magnet School': 'Edison Academy Magnet School', 'BASIS Scottsdale': 'BASIS Scottsdale', 'BASIS Tucson North': 'BASIS Tucson North', 'Gwinnett School of Mathematics, Science and Technology': 'Gwinnett School of Mathematics, Science and Technology', 'Tesla STEM High School': 'Tesla STEM High School', 'School for the Talented and Gifted': 'The School for the Talented and Gifted (TAG)', 'Bergen County Academies': 'Bergen County Academies', 'Whitney High School': 'Whitney High School', 'Academic Magnet High School': 'Academic Magnet High School', 'Payton College Preparatory High School': 'Payton College Preparatory High School', 'Stuyvesant High School': 'Stuyvesant High School', 'Bronx High School of Science': 'Bronx High School of Science', 'School of Science and Engineering': 'Science and Engineering Magnet School (SEM)', 'Biotechnology High School': 'Biotechnology High School', 'Poolesville High School': 'Poolesville High School', 'Lynbrook High School': 'Lynbrook High School', 'Saratoga High School': 'Saratoga High School'}
2026-08-07 18:18:14.539 | INFO     | eval.evaluation.evaluation:evaluate_single_query:275 - wide2deep_ws_en_051, df_inner shape: (22, 14), answer_df shape: (50, 7), response_df shape: (54, 8)
2026-08-07 18:18:19.550 | DEBUG    | eval.evaluation.evaluation:evaluate_single_query:321 - wide2deep_ws_en_051, col states, metric_func_name llm_judge, score [1, 1, 1, 1, 1, 1, 1, 1, 1, 1, 1, 1, 1, 1, 1, 1, 1, 1, 1, 1, 1, 1]
2026-08-07 18:18:19.550 | DEBUG    | eval.evaluation.evaluation:metric_call:77 - metric_func_name exact_match score 1.0 msg exact match, response: 1, target: 1
2026-08-07 18:18:19.551 | DEBUG    | eval.evaluation.evaluation:metric_call:77 - metric_func_name exact_match score 1.0 msg exact match, response: 2, target: 2
2026-08-07 18:18:19.551 | DEBUG    | eval.evaluation.evaluation:metric_call:77 - metric_func_name exact_match score 1.0 msg exact match, response: 3, target: 3
2026-08-07 18:18:19.551 | DEBUG    | eval.evaluation.evaluation:metric_call:77 - metric_func_name exact_match score 1.0 msg exact match, response: 4, target: 4
2026-08-07 18:18:19.551 | DEBUG    | eval.evaluation.evaluation:metric_call:77 - metric_func_name exact_match score 1.0 msg exact match, response: 5, target: 5
2026-08-07 18:18:19.551 | DEBUG    | eval.evaluation.evaluation:metric_call:77 - metric_func_name exact_match score 1.0 msg exact match, response: 6, target: 6
2026-08-07 18:18:19.551 | DEBUG    | eval.evaluation.evaluation:metric_call:77 - metric_func_name exact_match score 0.0 msg exact not match, response: 8, target: 7
2026-08-07 18:18:19.551 | DEBUG    | eval.evaluation.evaluation:metric_call:77 - metric_func_name exact_match score 0.0 msg exact not match, response: 19, target: 8
2026-08-07 18:18:19.551 | DEBUG    | eval.evaluation.evaluation:metric_call:77 - metric_func_name exact_match score 0.0 msg exact not match, response: 7, target: 9
2026-08-07 18:18:19.551 | DEBUG    | eval.evaluation.evaluation:metric_call:77 - metric_func_name exact_match score 0.0 msg exact not match, response: 13, target: 10
2026-08-07 18:18:19.551 | DEBUG    | eval.evaluation.evaluation:metric_call:77 - metric_func_name exact_match score 0.0 msg exact not match, response: 16, target: 11
2026-08-07 18:18:19.551 | DEBUG    | eval.evaluation.evaluation:metric_call:77 - metric_func_name exact_match score 0.0 msg exact not match, response: 49, target: 12
2026-08-07 18:18:19.551 | DEBUG    | eval.evaluation.evaluation:metric_call:77 - metric_func_name exact_match score 0.0 msg exact not match, response: 24, target: 14
2026-08-07 18:18:19.551 | DEBUG    | eval.evaluation.evaluation:metric_call:77 - metric_func_name exact_match score 0.0 msg exact not match, response: 32, target: 15
2026-08-07 18:18:19.551 | DEBUG    | eval.evaluation.evaluation:metric_call:77 - metric_func_name exact_match score 0.0 msg exact not match, response: 21, target: 16
2026-08-07 18:18:19.551 | DEBUG    | eval.evaluation.evaluation:metric_call:77 - metric_func_name exact_match score 0.0 msg exact not match, response: 16, target: 18
2026-08-07 18:18:19.551 | DEBUG    | eval.evaluation.evaluation:metric_call:77 - metric_func_name exact_match score 0.0 msg exact not match, response: 14, target: 21
2026-08-07 18:18:19.551 | DEBUG    | eval.evaluation.evaluation:metric_call:77 - metric_func_name exact_match score 0.0 msg exact not match, response: 48, target: 22
2026-08-07 18:18:19.551 | DEBUG    | eval.evaluation.evaluation:metric_call:77 - metric_func_name exact_match score 0.0 msg exact not match, response: 29, target: 24
2026-08-07 18:18:19.551 | DEBUG    | eval.evaluation.evaluation:metric_call:77 - metric_func_name exact_match score 0.0 msg exact not match, response: 38, target: 32
2026-08-07 18:18:19.551 | DEBUG    | eval.evaluation.evaluation:metric_call:77 - metric_func_name exact_match score 0.0 msg exact not match, response: 30, target: 37
2026-08-07 18:18:19.551 | DEBUG    | eval.evaluation.evaluation:metric_call:77 - metric_func_name exact_match score 0.0 msg exact not match, response: 22, target: 41
2026-08-07 18:18:19.552 | DEBUG    | eval.evaluation.evaluation:evaluate_single_query:321 - wide2deep_ws_en_051, col stemhighschoolsranking, metric_func_name exact_match, score [1.0, 1.0, 1.0, 1.0, 1.0, 1.0, 0.0, 0.0, 0.0, 0.0, 0.0, 0.0, 0.0, 0.0, 0.0, 0.0, 0.0, 0.0, 0.0, 0.0, 0.0, 0.0]
2026-08-07 18:18:19.552 | DEBUG    | eval.evaluation.evaluation:metric_call:77 - metric_func_name exact_match score 0.0 msg exact not match, response: 16.0, target: 24
2026-08-07 18:18:19.552 | DEBUG    | eval.evaluation.evaluation:metric_call:77 - metric_func_name exact_match score 0.0 msg exact not match, response: 1.0, target: 1
2026-08-07 18:18:19.552 | DEBUG    | eval.evaluation.evaluation:metric_call:77 - metric_func_name exact_match score 0.0 msg exact not match, response: nan, target: 84
2026-08-07 18:18:19.552 | DEBUG    | eval.evaluation.evaluation:metric_call:77 - metric_func_name exact_match score 0.0 msg exact not match, response: 19.0, target: 16
2026-08-07 18:18:19.552 | DEBUG    | eval.evaluation.evaluation:metric_call:77 - metric_func_name exact_match score 0.0 msg exact not match, response: 14.0, target: 14
2026-08-07 18:18:19.552 | DEBUG    | eval.evaluation.evaluation:metric_call:77 - metric_func_name exact_match score 0.0 msg exact not match, response: nan, target: 42
2026-08-07 18:18:19.552 | DEBUG    | eval.evaluation.evaluation:metric_call:77 - metric_func_name exact_match score 0.0 msg exact not match, response: 11.0, target: 33
2026-08-07 18:18:19.553 | DEBUG    | eval.evaluation.evaluation:metric_call:77 - metric_func_name exact_match score 0.0 msg exact not match, response: nan, target: 11
2026-08-07 18:18:19.553 | DEBUG    | eval.evaluation.evaluation:metric_call:77 - metric_func_name exact_match score 0.0 msg exact not match, response: 17.0, target: 32
2026-08-07 18:18:19.553 | DEBUG    | eval.evaluation.evaluation:metric_call:77 - metric_func_name exact_match score 0.0 msg exact not match, response: 3.0, target: 3
2026-08-07 18:18:19.553 | DEBUG    | eval.evaluation.evaluation:metric_call:77 - metric_func_name exact_match score 0.0 msg exact not match, response: 9.0, target: 9
2026-08-07 18:18:19.553 | DEBUG    | eval.evaluation.evaluation:metric_call:77 - metric_func_name exact_match score 0.0 msg exact not match, response: nan, target: 82
2026-08-07 18:18:19.553 | DEBUG    | eval.evaluation.evaluation:metric_call:77 - metric_func_name exact_match score 0.0 msg exact not match, response: nan, target: 26
2026-08-07 18:18:19.553 | DEBUG    | eval.evaluation.evaluation:metric_call:77 - metric_func_name exact_match score 0.0 msg exact not match, response: nan, target: 72
2026-08-07 18:18:19.553 | DEBUG    | eval.evaluation.evaluation:metric_call:77 - metric_func_name exact_match score 0.0 msg exact not match, response: 7.0, target: 7
2026-08-07 18:18:19.553 | DEBUG    | eval.evaluation.evaluation:metric_call:77 - metric_func_name exact_match score 0.0 msg exact not match, response: nan, target: 62
2026-08-07 18:18:19.553 | DEBUG    | eval.evaluation.evaluation:metric_call:77 - metric_func_name exact_match score 0.0 msg exact not match, response: 6.0, target: 6
2026-08-07 18:18:19.553 | DEBUG    | eval.evaluation.evaluation:metric_call:77 - metric_func_name exact_match score 0.0 msg exact not match, response: nan, target: 141
2026-08-07 18:18:19.553 | DEBUG    | eval.evaluation.evaluation:metric_call:77 - metric_func_name exact_match score 0.0 msg exact not match, response: nan, target: 37
2026-08-07 18:18:19.553 | DEBUG    | eval.evaluation.evaluation:metric_call:77 - metric_func_name exact_match score 0.0 msg exact not match, response: nan, target: 172
2026-08-07 18:18:19.553 | DEBUG    | eval.evaluation.evaluation:metric_call:77 - metric_func_name exact_match score 0.0 msg exact not match, response: nan, target: 29
2026-08-07 18:18:19.553 | DEBUG    | eval.evaluation.evaluation:metric_call:77 - metric_func_name exact_match score 0.0 msg exact not match, response: 5.0, target: 5
2026-08-07 18:18:19.554 | DEBUG    | eval.evaluation.evaluation:evaluate_single_query:321 - wide2deep_ws_en_051, col nationalrankings, metric_func_name exact_match, score [0.0, 0.0, 0.0, 0.0, 0.0, 0.0, 0.0, 0.0, 0.0, 0.0, 0.0, 0.0, 0.0, 0.0, 0.0, 0.0, 0.0, 0.0, 0.0, 0.0, 0.0, 0.0]
2026-08-07 18:18:21.962 | DEBUG    | eval.evaluation.evaluation:evaluate_single_query:321 - wide2deep_ws_en_051, col staterankings, metric_func_name llm_judge, score [1, 1, 0, 1, 1, 0, 0, 0, 0, 1, 1, 0, 0, 0, 1, 0, 1, 0, 0, 0, 0, 1]
2026-08-07 18:18:26.225 | DEBUG    | eval.evaluation.evaluation:evaluate_single_query:321 - wide2deep_ws_en_051, col servedgrades, metric_func_name llm_judge, score [1, 1, 1, 1, 1, 1, 1, 1, 0, 1, 1, 1, 1, 1, 1, 1, 1, 1, 1, 1, 1, 1]
2026-08-07 18:18:26.225 | DEBUG    | eval.evaluation.evaluation:metric_call:77 - metric_func_name number_near score 0.0 msg number not convertable, response: None, target: 6.0
2026-08-07 18:18:26.225 | DEBUG    | eval.evaluation.evaluation:metric_call:77 - metric_func_name number_near score 0.0 msg number not convertable, response: None, target: 21.0
2026-08-07 18:18:26.225 | DEBUG    | eval.evaluation.evaluation:metric_call:77 - metric_func_name number_near score 0.0 msg number not convertable, response: None, target: 31.0
2026-08-07 18:18:26.225 | DEBUG    | eval.evaluation.evaluation:metric_call:77 - metric_func_name number_near score 0.0 msg number not convertable, response: None, target: 8.0
2026-08-07 18:18:26.225 | DEBUG    | eval.evaluation.evaluation:metric_call:77 - metric_func_name number_near score 0.0 msg number not convertable, response: None, target: 23.0
2026-08-07 18:18:26.225 | DEBUG    | eval.evaluation.evaluation:metric_call:77 - metric_func_name number_near score 0.0 msg number not convertable, response: None, target: 4.0
2026-08-07 18:18:26.225 | DEBUG    | eval.evaluation.evaluation:metric_call:77 - metric_func_name number_near score 0.0 msg number not convertable, response: None, target: 28.0
2026-08-07 18:18:26.225 | DEBUG    | eval.evaluation.evaluation:metric_call:77 - metric_func_name number_near score 0.0 msg number not convertable, response: None, target: 18.0
2026-08-07 18:18:26.226 | DEBUG    | eval.evaluation.evaluation:metric_call:77 - metric_func_name number_near score 0.0 msg number not convertable, response: None, target: 31.0
2026-08-07 18:18:26.226 | DEBUG    | eval.evaluation.evaluation:metric_call:77 - metric_func_name number_near score 0.0 msg number not convertable, response: None, target: 12.0
2026-08-07 18:18:26.226 | DEBUG    | eval.evaluation.evaluation:metric_call:77 - metric_func_name number_near score 0.0 msg number not convertable, response: None, target: 22.0
2026-08-07 18:18:26.226 | DEBUG    | eval.evaluation.evaluation:metric_call:77 - metric_func_name number_near score 0.0 msg number not convertable, response: None, target: 17.0
2026-08-07 18:18:26.226 | DEBUG    | eval.evaluation.evaluation:metric_call:77 - metric_func_name number_near score 0.0 msg number not convertable, response: None, target: 31.0
2026-08-07 18:18:26.226 | DEBUG    | eval.evaluation.evaluation:metric_call:77 - metric_func_name number_near score 0.0 msg number not convertable, response: None, target: 3.0
2026-08-07 18:18:26.226 | DEBUG    | eval.evaluation.evaluation:metric_call:77 - metric_func_name number_near score 0.0 msg number not convertable, response: None, target: 21.0
2026-08-07 18:18:26.226 | DEBUG    | eval.evaluation.evaluation:metric_call:77 - metric_func_name number_near score 0.0 msg number not convertable, response: None, target: 14.0
2026-08-07 18:18:26.226 | DEBUG    | eval.evaluation.evaluation:metric_call:77 - metric_func_name number_near score 0.0 msg number not convertable, response: None, target: 28.0
2026-08-07 18:18:26.226 | DEBUG    | eval.evaluation.evaluation:metric_call:77 - metric_func_name number_near score 0.0 msg number not convertable, response: None, target: 23.0
2026-08-07 18:18:26.226 | DEBUG    | eval.evaluation.evaluation:metric_call:77 - metric_func_name number_near score 0.0 msg number not convertable, response: None, target: 20.0
2026-08-07 18:18:26.226 | DEBUG    | eval.evaluation.evaluation:metric_call:77 - metric_func_name number_near score 0.0 msg number not convertable, response: None, target: 28.0
2026-08-07 18:18:26.226 | DEBUG    | eval.evaluation.evaluation:metric_call:77 - metric_func_name number_near score 0.0 msg number not convertable, response: None, target: 31.0
2026-08-07 18:18:26.226 | DEBUG    | eval.evaluation.evaluation:metric_call:77 - metric_func_name number_near score 0.0 msg number not convertable, response: None, target: 24.0
2026-08-07 18:18:26.227 | DEBUG    | eval.evaluation.evaluation:evaluate_single_query:321 - wide2deep_ws_en_051, col apcourses, metric_func_name number_near, score [0.0, 0.0, 0.0, 0.0, 0.0, 0.0, 0.0, 0.0, 0.0, 0.0, 0.0, 0.0, 0.0, 0.0, 0.0, 0.0, 0.0, 0.0, 0.0, 0.0, 0.0, 0.0]
2026-08-07 18:18:26.235 | INFO     | eval.evaluation.evaluation:evaluate_single_query:380 - wide2deep_ws_en_051, P/R/F1 by unique_columns: 0.4074/0.4400/0.4231
2026-08-07 18:18:26.235 | INFO     | eval.evaluation.evaluation:evaluate_single_query:383 - wide2deep_ws_en_051, P/R/F1 by row: 0.0000/0.0000/0.0000
2026-08-07 18:18:26.235 | INFO     | eval.evaluation.evaluation:evaluate_single_query:386 - wide2deep_ws_en_051, P/R/F1 by item: 0.2116/0.2286/0.2198
2026-08-07 18:18:26.239 | INFO     | eval.evaluation.evaluation:evaluate_single_query:398 - wide2deep_ws_en_051, final table score: 0.0
{"event": "eval_done", "idx": 1, "instance_id": "wide2deep_ws_en_051", "score": 0.0, "entity_acc": 1.0, "f1_by_row": 0.0, "f1_by_item": 0.21978021978021978, "column_f1": 0.4230769230769231, "error": null, "elapsed_seconds": 25.735, "running_n": 1}
{"event": "eval_done", "idx": 2, "instance_id": "wide2deep_ws_en_076", "score": 0.0, "entity_acc": 0.0, "f1_by_row": 0.0, "f1_by_item": 0.0, "column_f1": 0.0, "error": null, "elapsed_seconds": 2.628, "running_n": 2}
2026-08-07 18:18:30.930 | DEBUG    | eval.evaluation.data_loader:extract_dataframe:167 - find markdown_str 
| Award Year | Name | Published Work | Year of First Publicatio ...
2026-08-07 18:18:40.201 | INFO     | eval.evaluation.metric_utils:primary_key_preprocess:246 - primary_key_preprocess result: ```json
{
  "Antikrists mirakler": "Antikrists mirakler",
  "Fior di Sardegna": "Fior di Sardegna",
  "Den lykkelige alder": "The Happy Age",
  "Desolación": "Desolación",
  "In den Wohnungen des Todes": "In den Wohnungen des Todes",
  "Face to Face": "Face to Face",
  "Dlatego żyjemy": "Dlatego żyjemy",
  "Lisas Schatten": "Lisas Schatten",
  "Martha Quest": "Martha Quest",
  "Der Mensch ist ein großer Fasan auf der Welt": "Der Mensch ist ein großer Fasan auf der Welt",
  "Dance of the Happy Shades": "Dance of the Happy Shades",
  "Последние свидетели": "Последние свидетели: сто недетских колыбельных",
  "E.E.": "E.E.",
  "Ce qu'ils disent ou rien": "Ce qu'ils disent ou rien",
  "검은 사슴": "검은 사슴"
}
```
2026-08-07 18:18:40.201 | INFO     | eval.evaluation.evaluation:evaluate_single_query:223 - col: publishedwork, primary_key_map {'Antikrists mirakler': 'Antikrists mirakler', 'Fior di Sardegna': 'Fior di Sardegna', 'Den lykkelige alder': 'The Happy Age', 'Desolación': 'Desolación', 'In den Wohnungen des Todes': 'In den Wohnungen des Todes', 'Face to Face': 'Face to Face', 'Dlatego żyjemy': 'Dlatego żyjemy', 'Lisas Schatten': 'Lisas Schatten', 'Martha Quest': 'Martha Quest', 'Der Mensch ist ein großer Fasan auf der Welt': 'Der Mensch ist ein großer Fasan auf der Welt', 'Dance of the Happy Shades': 'Dance of the Happy Shades', 'Последние свидетели': 'Последние свидетели: сто недетских колыбельных', 'E.E.': 'E.E.', "Ce qu'ils disent ou rien": "Ce qu'ils disent ou rien", '검은 사슴': '검은 사슴'}
2026-08-07 18:18:40.207 | INFO     | eval.evaluation.evaluation:evaluate_single_query:275 - wide2deep_ws_en_078, df_inner shape: (15, 8), answer_df shape: (54, 4), response_df shape: (18, 5)
2026-08-07 18:18:40.207 | DEBUG    | eval.evaluation.evaluation:metric_call:77 - metric_func_name exact_match score 1.0 msg exact match, response: 1909, target: 1909
2026-08-07 18:18:40.207 | DEBUG    | eval.evaluation.evaluation:metric_call:77 - metric_func_name exact_match score 1.0 msg exact match, response: 1926, target: 1926
2026-08-07 18:18:40.207 | DEBUG    | eval.evaluation.evaluation:metric_call:77 - metric_func_name exact_match score 1.0 msg exact match, response: 1928, target: 1928
2026-08-07 18:18:40.207 | DEBUG    | eval.evaluation.evaluation:metric_call:77 - metric_func_name exact_match score 1.0 msg exact match, response: 1945, target: 1945
2026-08-07 18:18:40.207 | DEBUG    | eval.evaluation.evaluation:metric_call:77 - metric_func_name exact_match score 1.0 msg exact match, response: 1966, target: 1966
2026-08-07 18:18:40.207 | DEBUG    | eval.evaluation.evaluation:metric_call:77 - metric_func_name exact_match score 1.0 msg exact match, response: 1991, target: 1991
2026-08-07 18:18:40.207 | DEBUG    | eval.evaluation.evaluation:metric_call:77 - metric_func_name exact_match score 1.0 msg exact match, response: 1996, target: 1996
2026-08-07 18:18:40.207 | DEBUG    | eval.evaluation.evaluation:metric_call:77 - metric_func_name exact_match score 1.0 msg exact match, response: 2004, target: 2004
2026-08-07 18:18:40.208 | DEBUG    | eval.evaluation.evaluation:metric_call:77 - metric_func_name exact_match score 1.0 msg exact match, response: 2007, target: 2007
2026-08-07 18:18:40.208 | DEBUG    | eval.evaluation.evaluation:metric_call:77 - metric_func_name exact_match score 1.0 msg exact match, response: 2009, target: 2009
2026-08-07 18:18:40.208 | DEBUG    | eval.evaluation.evaluation:metric_call:77 - metric_func_name exact_match score 1.0 msg exact match, response: 2013, target: 2013
2026-08-07 18:18:40.208 | DEBUG    | eval.evaluation.evaluation:metric_call:77 - metric_func_name exact_match score 1.0 msg exact match, response: 2015, target: 2015
2026-08-07 18:18:40.208 | DEBUG    | eval.evaluation.evaluation:metric_call:77 - metric_func_name exact_match score 1.0 msg exact match, response: 2018, target: 2018
2026-08-07 18:18:40.208 | DEBUG    | eval.evaluation.evaluation:metric_call:77 - metric_func_name exact_match score 1.0 msg exact match, response: 2022, target: 2022
2026-08-07 18:18:40.208 | DEBUG    | eval.evaluation.evaluation:metric_call:77 - metric_func_name exact_match score 1.0 msg exact match, response: 2024, target: 2024
2026-08-07 18:18:40.209 | DEBUG    | eval.evaluation.evaluation:evaluate_single_query:321 - wide2deep_ws_en_078, col awardyear, metric_func_name exact_match, score [1.0, 1.0, 1.0, 1.0, 1.0, 1.0, 1.0, 1.0, 1.0, 1.0, 1.0, 1.0, 1.0, 1.0, 1.0]
2026-08-07 18:18:43.226 | DEBUG    | eval.evaluation.evaluation:evaluate_single_query:321 - wide2deep_ws_en_078, col name, metric_func_name llm_judge, score [1, 1, 1, 1, 1, 1, 1, 1, 1, 1, 1, 1, 1, 1, 1]
2026-08-07 18:18:43.227 | DEBUG    | eval.evaluation.evaluation:metric_call:77 - metric_func_name exact_match score 1.0 msg exact match, response: 1897, target: 1897
2026-08-07 18:18:43.227 | DEBUG    | eval.evaluation.evaluation:metric_call:77 - metric_func_name exact_match score 0.0 msg exact not match, response: 1892, target: 1891
2026-08-07 18:18:43.227 | DEBUG    | eval.evaluation.evaluation:metric_call:77 - metric_func_name exact_match score 1.0 msg exact match, response: 1908, target: 1908
2026-08-07 18:18:43.227 | DEBUG    | eval.evaluation.evaluation:metric_call:77 - metric_func_name exact_match score 1.0 msg exact match, response: 1922, target: 1922
2026-08-07 18:18:43.227 | DEBUG    | eval.evaluation.evaluation:metric_call:77 - metric_func_name exact_match score 1.0 msg exact match, response: 1947, target: 1947
2026-08-07 18:18:43.227 | DEBUG    | eval.evaluation.evaluation:metric_call:77 - metric_func_name exact_match score 1.0 msg exact match, response: 1949, target: 1949
2026-08-07 18:18:43.227 | DEBUG    | eval.evaluation.evaluation:metric_call:77 - metric_func_name exact_match score 1.0 msg exact match, response: 1952, target: 1952
2026-08-07 18:18:43.227 | DEBUG    | eval.evaluation.evaluation:metric_call:77 - metric_func_name exact_match score 1.0 msg exact match, response: 1967, target: 1967
2026-08-07 18:18:43.227 | DEBUG    | eval.evaluation.evaluation:metric_call:77 - metric_func_name exact_match score 1.0 msg exact match, response: 1952, target: 1952
2026-08-07 18:18:43.227 | DEBUG    | eval.evaluation.evaluation:metric_call:77 - metric_func_name exact_match score 1.0 msg exact match, response: 1986, target: 1986
2026-08-07 18:18:43.227 | DEBUG    | eval.evaluation.evaluation:metric_call:77 - metric_func_name exact_match score 1.0 msg exact match, response: 1968, target: 1968
2026-08-07 18:18:43.227 | DEBUG    | eval.evaluation.evaluation:metric_call:77 - metric_func_name exact_match score 1.0 msg exact match, response: 1985, target: 1985
2026-08-07 18:18:43.227 | DEBUG    | eval.evaluation.evaluation:metric_call:77 - metric_func_name exact_match score 1.0 msg exact match, response: 1995, target: 1995
2026-08-07 18:18:43.227 | DEBUG    | eval.evaluation.evaluation:metric_call:77 - metric_func_name exact_match score 1.0 msg exact match, response: 1977, target: 1977
2026-08-07 18:18:43.227 | DEBUG    | eval.evaluation.evaluation:metric_call:77 - metric_func_name exact_match score 1.0 msg exact match, response: 1998, target: 1998
2026-08-07 18:18:43.228 | DEBUG    | eval.evaluation.evaluation:evaluate_single_query:321 - wide2deep_ws_en_078, col yearoffirstpublication, metric_func_name exact_match, score [1.0, 0.0, 1.0, 1.0, 1.0, 1.0, 1.0, 1.0, 1.0, 1.0, 1.0, 1.0, 1.0, 1.0, 1.0]
2026-08-07 18:18:43.233 | INFO     | eval.evaluation.evaluation:evaluate_single_query:380 - wide2deep_ws_en_078, P/R/F1 by unique_columns: 0.8333/0.2778/0.4167
2026-08-07 18:18:43.233 | INFO     | eval.evaluation.evaluation:evaluate_single_query:383 - wide2deep_ws_en_078, P/R/F1 by row: 0.7778/0.2593/0.3889
2026-08-07 18:18:43.233 | INFO     | eval.evaluation.evaluation:evaluate_single_query:386 - wide2deep_ws_en_078, P/R/F1 by item: 0.8194/0.2731/0.4097
2026-08-07 18:18:43.235 | INFO     | eval.evaluation.evaluation:evaluate_single_query:398 - wide2deep_ws_en_078, final table score: 0.0
{"event": "eval_done", "idx": 3, "instance_id": "wide2deep_ws_en_078", "score": 0.0, "entity_acc": 1.0, "f1_by_row": 0.3888888888888889, "f1_by_item": 0.4097222222222222, "column_f1": 0.4166666666666667, "error": null, "elapsed_seconds": 14.326, "running_n": 3}
2026-08-07 18:18:44.200 | DEBUG    | eval.evaluation.data_loader:extract_dataframe:167 - find markdown_str 
| Name | Position | Tenure Start Date | Tenure End Date | Nomin ...
2026-08-07 18:18:47.465 | INFO     | eval.evaluation.metric_utils:primary_key_preprocess:246 - primary_key_preprocess result: ```json
{
  "Warren E. Burger": "Warren E. Burger",
  "Harry A. Blackmun": "Harry A. Blackmun",
  "Lewis F. Powell Jr.": "Lewis F. Powell Jr.",
  "William H. Rehnquist": "William Rehnquist",
  "John Paul Stevens": "John Paul Stevens",
  "Sandra Day O’Connor": "Sandra Day O’Connor",
  "Antonin Scalia": "Antonin Scalia",
  "Anthony M. Kennedy": "Anthony Kennedy",
  "David H. Souter": "David Souter",
  "Clarence Thomas": "Clarence Thomas",
  "Ruth Bader Ginsburg": "Ruth Bader Ginsburg",
  "Stephen G. Breyer": "Stephen Breyer",
  "John G. Roberts Jr.": "John Roberts Jr.",
  "Samuel A. Alito Jr.": "Samuel Alito Jr.",
  "Sonia Sotomayor": "Sonia Sotomayor",
  "Elena Kagan": "Elena Kagan",
  "Neil M. Gorsuch": "Neil Gorsuch",
  "Brett M. Kavanaugh": "Brett Kavanaugh",
  "Amy Coney Barrett": "Amy Coney Barrett",
  "Ketanji Brown Jackson": "Ketanji Brown Jackson"
}
```
2026-08-07 18:18:47.465 | INFO     | eval.evaluation.evaluation:evaluate_single_query:223 - col: name, primary_key_map {'Warren E. Burger': 'Warren E. Burger', 'Harry A. Blackmun': 'Harry A. Blackmun', 'Lewis F. Powell Jr.': 'Lewis F. Powell Jr.', 'William H. Rehnquist': 'William Rehnquist', 'John Paul Stevens': 'John Paul Stevens', 'Sandra Day O’Connor': 'Sandra Day O’Connor', 'Antonin Scalia': 'Antonin Scalia', 'Anthony M. Kennedy': 'Anthony Kennedy', 'David H. Souter': 'David Souter', 'Clarence Thomas': 'Clarence Thomas', 'Ruth Bader Ginsburg': 'Ruth Bader Ginsburg', 'Stephen G. Breyer': 'Stephen Breyer', 'John G. Roberts Jr.': 'John Roberts Jr.', 'Samuel A. Alito Jr.': 'Samuel Alito Jr.', 'Sonia Sotomayor': 'Sonia Sotomayor', 'Elena Kagan': 'Elena Kagan', 'Neil M. Gorsuch': 'Neil Gorsuch', 'Brett M. Kavanaugh': 'Brett Kavanaugh', 'Amy Coney Barrett': 'Amy Coney Barrett', 'Ketanji Brown Jackson': 'Ketanji Brown Jackson'}
2026-08-07 18:18:50.009 | INFO     | eval.evaluation.metric_utils:primary_key_preprocess:246 - primary_key_preprocess result: ```json
{
  "Chief Justice": "Chief Justice",
  "Associate Justice": "Associate Justice"
}
```
2026-08-07 18:18:50.010 | INFO     | eval.evaluation.evaluation:evaluate_single_query:223 - col: position, primary_key_map {'Chief Justice': 'Chief Justice', 'Associate Justice': 'Associate Justice'}
2026-08-07 18:18:50.017 | INFO     | eval.evaluation.evaluation:evaluate_single_query:275 - wide2deep_ws_en_100, df_inner shape: (20, 16), answer_df shape: (21, 8), response_df shape: (20, 10)
2026-08-07 18:18:50.018 | DEBUG    | eval.evaluation.evaluation:metric_call:77 - metric_func_name exact_match score 1.0 msg exact match, response: 1969-06-23, target: 1969-06-23
2026-08-07 18:18:50.018 | DEBUG    | eval.evaluation.evaluation:metric_call:77 - metric_func_name exact_match score 1.0 msg exact match, response: 1970-06-09, target: 1970-06-09
2026-08-07 18:18:50.018 | DEBUG    | eval.evaluation.evaluation:metric_call:77 - metric_func_name exact_match score 1.0 msg exact match, response: 1972-01-07, target: 1972-01-07
2026-08-07 18:18:50.018 | DEBUG    | eval.evaluation.evaluation:metric_call:77 - metric_func_name exact_match score 1.0 msg exact match, response: 1972-01-07, target: 1972-01-07
2026-08-07 18:18:50.018 | DEBUG    | eval.evaluation.evaluation:metric_call:77 - metric_func_name exact_match score 1.0 msg exact match, response: 1975-12-19, target: 1975-12-19
2026-08-07 18:18:50.018 | DEBUG    | eval.evaluation.evaluation:metric_call:77 - metric_func_name exact_match score 1.0 msg exact match, response: 1981-09-25, target: 1981-09-25
2026-08-07 18:18:50.018 | DEBUG    | eval.evaluation.evaluation:metric_call:77 - metric_func_name exact_match score 1.0 msg exact match, response: 1986-09-26, target: 1986-09-26
2026-08-07 18:18:50.018 | DEBUG    | eval.evaluation.evaluation:metric_call:77 - metric_func_name exact_match score 1.0 msg exact match, response: 1988-02-18, target: 1988-02-18
2026-08-07 18:18:50.018 | DEBUG    | eval.evaluation.evaluation:metric_call:77 - metric_func_name exact_match score 1.0 msg exact match, response: 1990-10-09, target: 1990-10-09
2026-08-07 18:18:50.018 | DEBUG    | eval.evaluation.evaluation:metric_call:77 - metric_func_name exact_match score 1.0 msg exact match, response: 1991-10-23, target: 1991-10-23
2026-08-07 18:18:50.018 | DEBUG    | eval.evaluation.evaluation:metric_call:77 - metric_func_name exact_match score 1.0 msg exact match, response: 1993-08-10, target: 1993-08-10
2026-08-07 18:18:50.018 | DEBUG    | eval.evaluation.evaluation:metric_call:77 - metric_func_name exact_match score 1.0 msg exact match, response: 1994-08-03, target: 1994-08-03
2026-08-07 18:18:50.018 | DEBUG    | eval.evaluation.evaluation:metric_call:77 - metric_func_name exact_match score 1.0 msg exact match, response: 2005-09-29, target: 2005-09-29
2026-08-07 18:18:50.018 | DEBUG    | eval.evaluation.evaluation:metric_call:77 - metric_func_name exact_match score 1.0 msg exact match, response: 2006-01-31, target: 2006-01-31
2026-08-07 18:18:50.018 | DEBUG    | eval.evaluation.evaluation:metric_call:77 - metric_func_name exact_match score 1.0 msg exact match, response: 2009-08-08, target: 2009-08-08
2026-08-07 18:18:50.018 | DEBUG    | eval.evaluation.evaluation:metric_call:77 - metric_func_name exact_match score 1.0 msg exact match, response: 2010-08-07, target: 2010-08-07
2026-08-07 18:18:50.018 | DEBUG    | eval.evaluation.evaluation:metric_call:77 - metric_func_name exact_match score 1.0 msg exact match, response: 2017-04-10, target: 2017-04-10
2026-08-07 18:18:50.018 | DEBUG    | eval.evaluation.evaluation:metric_call:77 - metric_func_name exact_match score 1.0 msg exact match, response: 2018-10-06, target: 2018-10-06
2026-08-07 18:18:50.018 | DEBUG    | eval.evaluation.evaluation:metric_call:77 - metric_func_name exact_match score 1.0 msg exact match, response: 2020-10-27, target: 2020-10-27
2026-08-07 18:18:50.018 | DEBUG    | eval.evaluation.evaluation:metric_call:77 - metric_func_name exact_match score 1.0 msg exact match, response: 2022-06-30, target: 2022-06-30
2026-08-07 18:18:50.019 | DEBUG    | eval.evaluation.evaluation:evaluate_single_query:321 - wide2deep_ws_en_100, col tenurestartdate, metric_func_name exact_match, score [1.0, 1.0, 1.0, 1.0, 1.0, 1.0, 1.0, 1.0, 1.0, 1.0, 1.0, 1.0, 1.0, 1.0, 1.0, 1.0, 1.0, 1.0, 1.0, 1.0]
2026-08-07 18:18:50.019 | DEBUG    | eval.evaluation.evaluation:metric_call:77 - metric_func_name exact_match score 1.0 msg exact match, response: 1986-09-26, target: 1986-09-26
2026-08-07 18:18:50.019 | DEBUG    | eval.evaluation.evaluation:metric_call:77 - metric_func_name exact_match score 1.0 msg exact match, response: 1994-08-03, target: 1994-08-03
2026-08-07 18:18:50.019 | DEBUG    | eval.evaluation.evaluation:metric_call:77 - metric_func_name exact_match score 1.0 msg exact match, response: 1987-06-26, target: 1987-06-26
2026-08-07 18:18:50.019 | DEBUG    | eval.evaluation.evaluation:metric_call:77 - metric_func_name exact_match score 1.0 msg exact match, response: 1986-09-26, target: 1986-09-26
2026-08-07 18:18:50.020 | DEBUG    | eval.evaluation.evaluation:metric_call:77 - metric_func_name exact_match score 1.0 msg exact match, response: 2010-06-29, target: 2010-06-29
2026-08-07 18:18:50.020 | DEBUG    | eval.evaluation.evaluation:metric_call:77 - metric_func_name exact_match score 1.0 msg exact match, response: 2006-01-31, target: 2006-01-31
2026-08-07 18:18:50.020 | DEBUG    | eval.evaluation.evaluation:metric_call:77 - metric_func_name exact_match score 1.0 msg exact match, response: 2016-02-13, target: 2016-02-13
2026-08-07 18:18:50.020 | DEBUG    | eval.evaluation.evaluation:metric_call:77 - metric_func_name exact_match score 1.0 msg exact match, response: 2018-07-31, target: 2018-07-31
2026-08-07 18:18:50.020 | DEBUG    | eval.evaluation.evaluation:metric_call:77 - metric_func_name exact_match score 1.0 msg exact match, response: 2009-06-29, target: 2009-06-29
2026-08-07 18:18:50.020 | DEBUG    | eval.evaluation.evaluation:metric_call:77 - metric_func_name exact_match score 1.0 msg exact match, response: nan, target: nan
2026-08-07 18:18:50.020 | DEBUG    | eval.evaluation.evaluation:metric_call:77 - metric_func_name exact_match score 1.0 msg exact match, response: 2020-09-18, target: 2020-09-18
2026-08-07 18:18:50.020 | DEBUG    | eval.evaluation.evaluation:metric_call:77 - metric_func_name exact_match score 1.0 msg exact match, response: 2022-06-30, target: 2022-06-30
2026-08-07 18:18:50.020 | DEBUG    | eval.evaluation.evaluation:metric_call:77 - metric_func_name exact_match score 1.0 msg exact match, response: nan, target: nan
2026-08-07 18:18:50.020 | DEBUG    | eval.evaluation.evaluation:metric_call:77 - metric_func_name exact_match score 1.0 msg exact match, response: nan, target: nan
2026-08-07 18:18:50.020 | DEBUG    | eval.evaluation.evaluation:metric_call:77 - metric_func_name exact_match score 1.0 msg exact match, response: nan, target: nan
2026-08-07 18:18:50.020 | DEBUG    | eval.evaluation.evaluation:metric_call:77 - metric_func_name exact_match score 1.0 msg exact match, response: nan, target: nan
2026-08-07 18:18:50.020 | DEBUG    | eval.evaluation.evaluation:metric_call:77 - metric_func_name exact_match score 1.0 msg exact match, response: nan, target: nan
2026-08-07 18:18:50.020 | DEBUG    | eval.evaluation.evaluation:metric_call:77 - metric_func_name exact_match score 1.0 msg exact match, response: nan, target: nan
2026-08-07 18:18:50.020 | DEBUG    | eval.evaluation.evaluation:metric_call:77 - metric_func_name exact_match score 1.0 msg exact match, response: nan, target: nan
2026-08-07 18:18:50.020 | DEBUG    | eval.evaluation.evaluation:metric_call:77 - metric_func_name exact_match score 1.0 msg exact match, response: nan, target: nan
2026-08-07 18:18:50.021 | DEBUG    | eval.evaluation.evaluation:evaluate_single_query:321 - wide2deep_ws_en_100, col tenureenddate, metric_func_name exact_match, score [1.0, 1.0, 1.0, 1.0, 1.0, 1.0, 1.0, 1.0, 1.0, 1.0, 1.0, 1.0, 1.0, 1.0, 1.0, 1.0, 1.0, 1.0, 1.0, 1.0]
2026-08-07 18:18:54.082 | DEBUG    | eval.evaluation.evaluation:evaluate_single_query:321 - wide2deep_ws_en_100, col nominatingpresident, metric_func_name llm_judge, score [1, 1, 1, 1, 1, 1, 1, 1, 1, 1, 1, 1, 1, 1, 1, 1, 1, 1, 1, 1]
2026-08-07 18:18:57.812 | DEBUG    | eval.evaluation.evaluation:evaluate_single_query:321 - wide2deep_ws_en_100, col president’sparty, metric_func_name llm_judge, score [1, 1, 1, 1, 1, 1, 1, 1, 1, 1, 1, 1, 1, 1, 1, 1, 1, 1, 1, 1]
2026-08-07 18:18:57.812 | DEBUG    | eval.evaluation.evaluation:metric_call:77 - metric_func_name exact_match score 1.0 msg exact match, response: conservative, target: conservative
2026-08-07 18:18:57.812 | DEBUG    | eval.evaluation.evaluation:metric_call:77 - metric_func_name exact_match score 1.0 msg exact match, response: liberal, target: liberal
2026-08-07 18:18:57.812 | DEBUG    | eval.evaluation.evaluation:metric_call:77 - metric_func_name exact_match score 1.0 msg exact match, response: conservative, target: conservative
2026-08-07 18:18:57.813 | DEBUG    | eval.evaluation.evaluation:metric_call:77 - metric_func_name exact_match score 1.0 msg exact match, response: conservative, target: conservative
2026-08-07 18:18:57.813 | DEBUG    | eval.evaluation.evaluation:metric_call:77 - metric_func_name exact_match score 1.0 msg exact match, response: liberal, target: liberal
2026-08-07 18:18:57.813 | DEBUG    | eval.evaluation.evaluation:metric_call:77 - metric_func_name exact_match score 1.0 msg exact match, response: conservative, target: conservative
2026-08-07 18:18:57.813 | DEBUG    | eval.evaluation.evaluation:metric_call:77 - metric_func_name exact_match score 1.0 msg exact match, response: conservative, target: conservative
2026-08-07 18:18:57.813 | DEBUG    | eval.evaluation.evaluation:metric_call:77 - metric_func_name exact_match score 1.0 msg exact match, response: conservative, target: conservative
2026-08-07 18:18:57.813 | DEBUG    | eval.evaluation.evaluation:metric_call:77 - metric_func_name exact_match score 1.0 msg exact match, response: liberal, target: liberal
2026-08-07 18:18:57.813 | DEBUG    | eval.evaluation.evaluation:metric_call:77 - metric_func_name exact_match score 1.0 msg exact match, response: conservative, target: conservative
2026-08-07 18:18:57.813 | DEBUG    | eval.evaluation.evaluation:metric_call:77 - metric_func_name exact_match score 1.0 msg exact match, response: liberal, target: liberal
2026-08-07 18:18:57.813 | DEBUG    | eval.evaluation.evaluation:metric_call:77 - metric_func_name exact_match score 1.0 msg exact match, response: liberal, target: liberal
2026-08-07 18:18:57.813 | DEBUG    | eval.evaluation.evaluation:metric_call:77 - metric_func_name exact_match score 1.0 msg exact match, response: conservative, target: conservative
2026-08-07 18:18:57.813 | DEBUG    | eval.evaluation.evaluation:metric_call:77 - metric_func_name exact_match score 1.0 msg exact match, response: conservative, target: conservative
2026-08-07 18:18:57.813 | DEBUG    | eval.evaluation.evaluation:metric_call:77 - metric_func_name exact_match score 1.0 msg exact match, response: liberal, target: liberal
2026-08-07 18:18:57.813 | DEBUG    | eval.evaluation.evaluation:metric_call:77 - metric_func_name exact_match score 1.0 msg exact match, response: liberal, target: liberal
2026-08-07 18:18:57.813 | DEBUG    | eval.evaluation.evaluation:metric_call:77 - metric_func_name exact_match score 1.0 msg exact match, response: conservative, target: conservative
2026-08-07 18:18:57.813 | DEBUG    | eval.evaluation.evaluation:metric_call:77 - metric_func_name exact_match score 1.0 msg exact match, response: conservative, target: conservative
2026-08-07 18:18:57.813 | DEBUG    | eval.evaluation.evaluation:metric_call:77 - metric_func_name exact_match score 1.0 msg exact match, response: conservative, target: conservative
2026-08-07 18:18:57.813 | DEBUG    | eval.evaluation.evaluation:metric_call:77 - metric_func_name exact_match score 1.0 msg exact match, response: liberal, target: liberal
2026-08-07 18:18:57.814 | DEBUG    | eval.evaluation.evaluation:evaluate_single_query:321 - wide2deep_ws_en_100, col ideologicalleaning, metric_func_name exact_match, score [1.0, 1.0, 1.0, 1.0, 1.0, 1.0, 1.0, 1.0, 1.0, 1.0, 1.0, 1.0, 1.0, 1.0, 1.0, 1.0, 1.0, 1.0, 1.0, 1.0]
2026-08-07 18:19:02.840 | DEBUG    | eval.evaluation.evaluation:evaluate_single_query:321 - wide2deep_ws_en_100, col previousposition, metric_func_name llm_judge, score [1, 1, 0, 1, 1, 0, 1, 1, 1, 1, 1, 1, 1, 1, 1, 1, 1, 1, 1, 1]
2026-08-07 18:19:02.853 | INFO     | eval.evaluation.evaluation:evaluate_single_query:380 - wide2deep_ws_en_100, P/R/F1 by unique_columns: 1.0000/0.9524/0.9756
2026-08-07 18:19:02.854 | INFO     | eval.evaluation.evaluation:evaluate_single_query:383 - wide2deep_ws_en_100, P/R/F1 by row: 0.9000/0.8571/0.8780
2026-08-07 18:19:02.854 | INFO     | eval.evaluation.evaluation:evaluate_single_query:386 - wide2deep_ws_en_100, P/R/F1 by item: 0.9875/0.9405/0.9634
2026-08-07 18:19:02.859 | INFO     | eval.evaluation.evaluation:evaluate_single_query:398 - wide2deep_ws_en_100, final table score: 0.0
{"event": "eval_done", "idx": 4, "instance_id": "wide2deep_ws_en_100", "score": 0.0, "entity_acc": 1.0, "f1_by_row": 0.8780487804878048, "f1_by_item": 0.9634146341463415, "column_f1": 0.975609756097561, "error": null, "elapsed_seconds": 19.609, "running_n": 4}
2026-08-07 18:19:05.002 | DEBUG    | eval.evaluation.data_loader:extract_dataframe:167 - find markdown_str 
| 招聘单位 | 招聘岗位 | 招聘人数 | 报考年龄 | 进面比例 | 报名时间 |
| --- | --- | --- | ...
2026-08-07 18:19:07.453 | INFO     | eval.evaluation.metric_utils:primary_key_preprocess:246 - primary_key_preprocess result: ```json
{}
```
2026-08-07 18:19:07.454 | INFO     | eval.evaluation.evaluation:evaluate_single_query:223 - col: 招聘单位, primary_key_map {}
2026-08-07 18:19:07.461 | INFO     | eval.evaluation.evaluation:evaluate_single_query:275 - wide2deep_ws_zh_041, df_inner shape: (0, 12), answer_df shape: (28, 6), response_df shape: (1, 7)
2026-08-07 18:19:09.397 | DEBUG    | eval.evaluation.evaluation:evaluate_single_query:321 - wide2deep_ws_zh_041, col 招聘岗位, metric_func_name llm_judge, score []
2026-08-07 18:19:09.401 | ERROR    | eval.evaluation.evaluation:evaluate_single_query:401 - evaluator error: 
Traceback (most recent call last):
  File "/home/azureuser/workspace-gzy/zyf/deep/external/Marco-Search-Agent/Marco-DeepResearch-Family/DeepWideSearch/eval/evaluation/evaluation.py", line 315, in evaluate_single_query
    df_inner_score[f"{col}_{metric_func_name}"] = (
    ~~~~~~~~~~~~~~^^^^^^^^^^^^^^^^^^^^^^^^^^^^^
  File "/home/azureuser/workspace-gzy/zyf/deep/.venv-eval/lib/python3.12/site-packages/pandas/core/frame.py", line 4312, in __setitem__
    self._set_item_frame_value(key, value)
  File "/home/azureuser/workspace-gzy/zyf/deep/.venv-eval/lib/python3.12/site-packages/pandas/core/frame.py", line 4470, in _set_item_frame_value
    raise ValueError(
ValueError: Cannot set a DataFrame with multiple columns to the single column 招聘人数_exact_match

{"event": "eval_done", "idx": 5, "instance_id": "wide2deep_ws_zh_041", "score": null, "entity_acc": null, "f1_by_row": null, "f1_by_item": null, "column_f1": null, "error": "RuntimeError: official evaluator reported an internal error", "elapsed_seconds": 6.524, "running_n": 5}
2026-08-07 18:19:14.015 | DEBUG    | eval.evaluation.data_loader:extract_dataframe:167 - find markdown_str 
| 开售日期 | 手机品牌 | 手机型号 | 折叠后最小屏幕尺寸 | 打开后最大屏幕尺寸 | 电池大小 | 内存种类 |
|  ...
2026-08-07 18:19:17.031 | INFO     | eval.evaluation.metric_utils:primary_key_preprocess:246 - primary_key_preprocess result: ```json
{
  "开售日期": "开售日期",
  "手机品牌": "手机品牌",
  "手机型号": "手机型号",
  "折叠后最小屏幕尺寸": "折叠后最小屏幕尺寸",
  "打开后最大屏幕尺寸": "打开后最大屏幕尺寸",
  "电池大小": "电池大小",
  "内存种类": "内存种类（rom）"
}
```
2026-08-07 18:19:17.031 | INFO     | eval.evaluation.evaluation:evaluate_single_query:172 - column map: {'开售日期': '开售日期', '手机品牌': '手机品牌', '手机型号': '手机型号', '折叠后最小屏幕尺寸': '折叠后最小屏幕尺寸', '打开后最大屏幕尺寸': '打开后最大屏幕尺寸', '电池大小': '电池大小', '内存种类': '内存种类（rom）'}
2026-08-07 18:19:17.032 | INFO     | eval.evaluation.evaluation:evaluate_single_query:173 - befor mapping: Index(['开售日期', '手机品牌', '手机型号', '折叠后最小屏幕尺寸', '打开后最大屏幕尺寸', '电池大小', '内存种类'], dtype='object')
2026-08-07 18:19:17.032 | INFO     | eval.evaluation.evaluation:evaluate_single_query:175 - after mapping: Index(['开售日期', '手机品牌', '手机型号', '折叠后最小屏幕尺寸', '打开后最大屏幕尺寸', '电池大小', '内存种类（rom）'], dtype='object')
2026-08-07 18:19:22.868 | INFO     | eval.evaluation.metric_utils:primary_key_preprocess:246 - primary_key_preprocess result: ```json
{
  "MIX FOLD": "Xiaomi MIX FOLD",
  "Find N": "OPPO Find N",
  "Magic V": "荣耀Magic V",
  "X Fold": "vivo X Fold",
  "MIX Fold 2": "Xiaomi MIX Fold 2",
  "X Fold+": "vivo X Fold+",
  "Pocket S": "HUAWEI Pocket S",
  "Magic Vs": "荣耀Magic Vs",
  "Find N2": "OPPO Find N2",
  "Find N2 Flip": "OPPO Find N2 Flip",
  "Mate X3": "HUAWEI Mate X3",
  "X Fold2": "vivo X Fold2",
  "Magic V2": "荣耀Magic V2",
  "MIX Fold 3": "Xiaomi MIX Fold 3",
  "Find N3 Flip": "OPPO Find N3 Flip",
  "Mate X5": "HUAWEI Mate X5",
  "Magic Vs2": "荣耀Magic Vs2",
  "Find N3": "OPPO Find N3",
  "Pocket 2": "HUAWEI Pocket 2",
  "X Fold3": "vivo X Fold3",
  "Magic V Flip": "荣耀Magic V Flip",
  "Magic V3": "荣耀Magic V3",
  "MIX Flip": "Xiaomi MIX Flip",
  "Mate XT 非凡大师": "HUAWEI Mate XT 非凡大师",
  "Find N5": "OPPO Find N5",
  "X Flip": "vivo X Flip"
}
```
2026-08-07 18:19:22.868 | INFO     | eval.evaluation.evaluation:evaluate_single_query:223 - col: 手机型号, primary_key_map {'MIX FOLD': 'Xiaomi MIX FOLD', 'Find N': 'OPPO Find N', 'Magic V': '荣耀Magic V', 'X Fold': 'vivo X Fold', 'MIX Fold 2': 'Xiaomi MIX Fold 2', 'X Fold+': 'vivo X Fold+', 'Pocket S': 'HUAWEI Pocket S', 'Magic Vs': '荣耀Magic Vs', 'Find N2': 'OPPO Find N2', 'Find N2 Flip': 'OPPO Find N2 Flip', 'Mate X3': 'HUAWEI Mate X3', 'X Fold2': 'vivo X Fold2', 'Magic V2': '荣耀Magic V2', 'MIX Fold 3': 'Xiaomi MIX Fold 3', 'Find N3 Flip': 'OPPO Find N3 Flip', 'Mate X5': 'HUAWEI Mate X5', 'Magic Vs2': '荣耀Magic Vs2', 'Find N3': 'OPPO Find N3', 'Pocket 2': 'HUAWEI Pocket 2', 'X Fold3': 'vivo X Fold3', 'Magic V Flip': '荣耀Magic V Flip', 'Magic V3': '荣耀Magic V3', 'MIX Flip': 'Xiaomi MIX Flip', 'Mate XT 非凡大师': 'HUAWEI Mate XT 非凡大师', 'Find N5': 'OPPO Find N5', 'X Flip': 'vivo X Flip'}
2026-08-07 18:19:22.876 | INFO     | eval.evaluation.evaluation:evaluate_single_query:275 - wide2deep_ws_zh_100, df_inner shape: (26, 14), answer_df shape: (49, 7), response_df shape: (41, 8)
2026-08-07 18:19:22.876 | DEBUG    | eval.evaluation.evaluation:metric_call:77 - metric_func_name exact_match score 1.0 msg exact match, response: 2022-11-10, target: 2022-11-10
2026-08-07 18:19:22.876 | DEBUG    | eval.evaluation.evaluation:metric_call:77 - metric_func_name exact_match score 1.0 msg exact match, response: 2023-04-07, target: 2023-04-07
2026-08-07 18:19:22.876 | DEBUG    | eval.evaluation.evaluation:metric_call:77 - metric_func_name exact_match score 0.0 msg exact not match, response: 2023-09-15, target: 2023-09-14
2026-08-07 18:19:22.876 | DEBUG    | eval.evaluation.evaluation:metric_call:77 - metric_func_name exact_match score 1.0 msg exact match, response: 2024-09-20, target: 2024-09-20
2026-08-07 18:19:22.876 | DEBUG    | eval.evaluation.evaluation:metric_call:77 - metric_func_name exact_match score 1.0 msg exact match, response: 2024-03-01, target: 2024-03-01
2026-08-07 18:19:22.877 | DEBUG    | eval.evaluation.evaluation:metric_call:77 - metric_func_name exact_match score 1.0 msg exact match, response: 2022-01-18, target: 2022-01-18
2026-08-07 18:19:22.877 | DEBUG    | eval.evaluation.evaluation:metric_call:77 - metric_func_name exact_match score 0.0 msg exact not match, response: 2022-12-02, target: 2022-11-30
2026-08-07 18:19:22.877 | DEBUG    | eval.evaluation.evaluation:metric_call:77 - metric_func_name exact_match score 1.0 msg exact match, response: 2023-07-20, target: 2023-07-20
2026-08-07 18:19:22.877 | DEBUG    | eval.evaluation.evaluation:metric_call:77 - metric_func_name exact_match score 0.0 msg exact not match, response: 2023-10-12, target: 2023-10-17
2026-08-07 18:19:22.877 | DEBUG    | eval.evaluation.evaluation:metric_call:77 - metric_func_name exact_match score 0.0 msg exact not match, response: 2024-07-12, target: 2024-07-19
2026-08-07 18:19:22.877 | DEBUG    | eval.evaluation.evaluation:metric_call:77 - metric_func_name exact_match score 1.0 msg exact match, response: 2024-06-21, target: 2024-06-21
2026-08-07 18:19:22.877 | DEBUG    | eval.evaluation.evaluation:metric_call:77 - metric_func_name exact_match score 1.0 msg exact match, response: 2021-04-16, target: 2021-04-16
2026-08-07 18:19:22.877 | DEBUG    | eval.evaluation.evaluation:metric_call:77 - metric_func_name exact_match score 1.0 msg exact match, response: 2022-08-16, target: 2022-08-16
2026-08-07 18:19:22.877 | DEBUG    | eval.evaluation.evaluation:metric_call:77 - metric_func_name exact_match score 1.0 msg exact match, response: 2023-08-16, target: 2023-08-16
2026-08-07 18:19:22.877 | DEBUG    | eval.evaluation.evaluation:metric_call:77 - metric_func_name exact_match score 1.0 msg exact match, response: 2024-07-23, target: 2024-07-23
2026-08-07 18:19:22.877 | DEBUG    | eval.evaluation.evaluation:metric_call:77 - metric_func_name exact_match score 1.0 msg exact match, response: 2022-09-29, target: 2022-09-29
2026-08-07 18:19:22.877 | DEBUG    | eval.evaluation.evaluation:metric_call:77 - metric_func_name exact_match score 1.0 msg exact match, response: 2023-04-28, target: 2023-04-28
2026-08-07 18:19:22.877 | DEBUG    | eval.evaluation.evaluation:metric_call:77 - metric_func_name exact_match score 1.0 msg exact match, response: 2022-04-22, target: 2022-04-22
2026-08-07 18:19:22.877 | DEBUG    | eval.evaluation.evaluation:metric_call:77 - metric_func_name exact_match score 0.0 msg exact not match, response: 2023-04-20, target: 2023-04-28
2026-08-07 18:19:22.877 | DEBUG    | eval.evaluation.evaluation:metric_call:77 - metric_func_name exact_match score 1.0 msg exact match, response: 2024-04-03, target: 2024-04-03
2026-08-07 18:19:22.877 | DEBUG    | eval.evaluation.evaluation:metric_call:77 - metric_func_name exact_match score 1.0 msg exact match, response: 2021-12-23, target: 2021-12-23
2026-08-07 18:19:22.877 | DEBUG    | eval.evaluation.evaluation:metric_call:77 - metric_func_name exact_match score 0.0 msg exact not match, response: 2022-12-15, target: 2022-12-23
2026-08-07 18:19:22.877 | DEBUG    | eval.evaluation.evaluation:metric_call:77 - metric_func_name exact_match score 1.0 msg exact match, response: 2023-10-27, target: 2023-10-27
2026-08-07 18:19:22.877 | DEBUG    | eval.evaluation.evaluation:metric_call:77 - metric_func_name exact_match score 0.0 msg exact not match, response: 2025-02-28, target: 2025-02-26
2026-08-07 18:19:22.877 | DEBUG    | eval.evaluation.evaluation:metric_call:77 - metric_func_name exact_match score 1.0 msg exact match, response: 2023-09-08, target: 2023-09-08
2026-08-07 18:19:22.877 | DEBUG    | eval.evaluation.evaluation:metric_call:77 - metric_func_name exact_match score 1.0 msg exact match, response: 2022-12-30, target: 2022-12-30
2026-08-07 18:19:22.878 | DEBUG    | eval.evaluation.evaluation:evaluate_single_query:321 - wide2deep_ws_zh_100, col 开售日期, metric_func_name exact_match, score [1.0, 1.0, 0.0, 1.0, 1.0, 1.0, 0.0, 1.0, 0.0, 0.0, 1.0, 1.0, 1.0, 1.0, 1.0, 1.0, 1.0, 1.0, 0.0, 1.0, 1.0, 0.0, 1.0, 0.0, 1.0, 1.0]
2026-08-07 18:19:26.433 | DEBUG    | eval.evaluation.evaluation:evaluate_single_query:321 - wide2deep_ws_zh_100, col 手机品牌, metric_func_name llm_judge, score [1, 1, 1, 1, 1, 1, 1, 1, 1, 1, 1, 1, 1, 1, 1, 1, 1, 1, 1, 1, 1, 1, 1, 1, 1, 1]
2026-08-07 18:19:30.770 | DEBUG    | eval.evaluation.evaluation:evaluate_single_query:321 - wide2deep_ws_zh_100, col 折叠后最小屏幕尺寸, metric_func_name llm_judge, score [1, 1, 1, 1, 1, 1, 1, 1, 1, 1, 1, 1, 1, 1, 1, 1, 1, 1, 1, 1, 1, 1, 1, 1, 1, 1]
2026-08-07 18:19:34.386 | DEBUG    | eval.evaluation.evaluation:evaluate_single_query:321 - wide2deep_ws_zh_100, col 打开后最大屏幕尺寸, metric_func_name llm_judge, score [1, 1, 1, 1, 1, 1, 1, 1, 1, 1, 1, 1, 1, 1, 1, 1, 1, 1, 1, 1, 1, 1, 1, 1, 1, 1]
2026-08-07 18:19:37.485 | DEBUG    | eval.evaluation.evaluation:evaluate_single_query:321 - wide2deep_ws_zh_100, col 电池大小, metric_func_name llm_judge, score [0, 1, 1, 0, 1, 0, 0, 0, 1, 1, 1, 0, 0, 1, 0, 0, 1, 0, 0, 1, 0, 0, 0, 0, 1, 0]
2026-08-07 18:19:41.980 | DEBUG    | eval.evaluation.evaluation:evaluate_single_query:321 - wide2deep_ws_zh_100, col 内存种类（rom）, metric_func_name llm_judge, score [1, 1, 1, 1, 1, 1, 1, 0, 1, 1, 1, 1, 1, 1, 1, 1, 1, 1, 1, 1, 1, 1, 1, 1, 1, 1]
2026-08-07 18:19:41.987 | INFO     | eval.evaluation.evaluation:evaluate_single_query:380 - wide2deep_ws_zh_100, P/R/F1 by unique_columns: 0.6341/0.5306/0.5778
2026-08-07 18:19:41.987 | INFO     | eval.evaluation.evaluation:evaluate_single_query:383 - wide2deep_ws_zh_100, P/R/F1 by row: 0.1707/0.1429/0.1556
2026-08-07 18:19:41.988 | INFO     | eval.evaluation.evaluation:evaluate_single_query:386 - wide2deep_ws_zh_100, P/R/F1 by item: 0.5505/0.4606/0.5016
2026-08-07 18:19:41.990 | INFO     | eval.evaluation.evaluation:evaluate_single_query:398 - wide2deep_ws_zh_100, final table score: 0.0
{"event": "eval_done", "idx": 6, "instance_id": "wide2deep_ws_zh_100", "score": 0.0, "entity_acc": 1.0, "f1_by_row": 0.15555555555555559, "f1_by_item": 0.5015873015873016, "column_f1": 0.5777777777777778, "error": null, "elapsed_seconds": 32.572, "running_n": 6}
SUMMARY {"n": 6, "valid_n": 5, "errors": 1, "complete": false, "judge_calls_current_process": 26, "score": 0.0, "entity_acc": 0.8, "precision_by_row": 0.36970189701897016, "recall_by_row": 0.2518518518518518, "f1_by_row": 0.28449864498644983, "precision_by_item": 0.513821460833656, "recall_by_item": 0.3805674333225354, "f1_by_item": 0.41890087554721706, "column_precision": 0.574977416440831, "column_recall": 0.4401541950113379, "column_f1": 0.47862622472378574}
