INFO: Pandarallel will run on 8 workers.
INFO: Pandarallel will use Memory file system to transfer data between the main process and workers.
{"event": "eval_start", "selected": 7, "resume_committed": 0, "committed_errors": 0, "crash_only_resume": false}
2026-08-07 18:18:02.958 | DEBUG    | eval.evaluation.data_loader:extract_dataframe:167 - find markdown_str 
| 时间 | 风格 | 时期 | 艺术类型 | 绘画媒材 | 收藏类型和艺术品名称 |
| --- | --- | --- | ...
2026-08-07 18:18:06.750 | INFO     | eval.evaluation.metric_utils:primary_key_preprocess:246 - primary_key_preprocess result: ```json
{
  "时间": "时间",
  "风格": "风格",
  "时期": "时期",
  "艺术类型": "艺术类型",
  "绘画媒材": "绘画媒材"
}
```
2026-08-07 18:18:06.750 | INFO     | eval.evaluation.evaluation:evaluate_single_query:172 - column map: {'时间': '时间', '风格': '风格', '时期': '时期', '艺术类型': '艺术类型', '绘画媒材': '绘画媒材'}
2026-08-07 18:18:06.751 | INFO     | eval.evaluation.evaluation:evaluate_single_query:173 - befor mapping: Index(['时间', '风格', '时期', '艺术类型', '绘画媒材', '收藏类型和艺术品名称'], dtype='object')
2026-08-07 18:18:06.752 | INFO     | eval.evaluation.evaluation:evaluate_single_query:175 - after mapping: Index(['时间', '风格', '时期', '艺术类型', '绘画媒材', '收藏类型和艺术品名称'], dtype='object')
2026-08-07 18:18:06.752 | INFO     | eval.evaluation.evaluation:evaluate_single_query:179 - instance_id: deep2wide_result_8_保罗高更, msg: required_columns ['时间', '风格', '时期', '艺术类型', '绘画媒材', '收藏类型', '艺术品名称'] != response_df Index(['时间', '风格', '时期', '艺术类型', '绘画媒材', '收藏类型和艺术品名称'], dtype='object')
{"event": "eval_done", "idx": 1, "instance_id": "deep2wide_result_8_保罗高更", "score": 0.0, "entity_acc": 1.0, "f1_by_row": 0.0, "f1_by_item": 0.0, "column_f1": 0.0, "error": null, "elapsed_seconds": 5.66, "running_n": 1}
{"event": "eval_done", "idx": 2, "instance_id": "deep2wide_result_9_凌洁", "score": 0.0, "entity_acc": 0.0, "f1_by_row": 0.0, "f1_by_item": 0.0, "column_f1": 0.0, "error": null, "elapsed_seconds": 2.585, "running_n": 2}
2026-08-07 18:18:11.770 | DEBUG    | eval.evaluation.data_loader:extract_dataframe:167 - find markdown_str 
| 俱乐部名称 | 执教时间 | 俱乐部主场馆 |
| --- | --- | --- |
| 格雷米奥（Grêmio） |  ...
2026-08-07 18:18:15.873 | INFO     | eval.evaluation.metric_utils:primary_key_preprocess:246 - primary_key_preprocess result: ```json
{
  "格雷米奥（Grêmio）": "格雷米奥足球俱乐部",
  "科林蒂安（Corinthians）": "科林蒂安足球俱乐部",
  "米内罗竞技（Atlético Mineiro）": "米内罗竞技足球俱乐部",
  "帕尔梅拉斯（Palmeiras）": "帕尔梅拉斯足球俱乐部",
  "艾因（Al Ain）": "阿联酋阿尔艾因足球俱乐部",
  "巴西国际（Internacional）": "巴西国际足球俱乐部",
  "阿布扎比统一（Al Wahda）": "阿联酋瓦赫达足球俱乐部"
}
```
2026-08-07 18:18:15.873 | INFO     | eval.evaluation.evaluation:evaluate_single_query:223 - col: 俱乐部名称, primary_key_map {'格雷米奥（Grêmio）': '格雷米奥足球俱乐部', '科林蒂安（Corinthians）': '科林蒂安足球俱乐部', '米内罗竞技（Atlético Mineiro）': '米内罗竞技足球俱乐部', '帕尔梅拉斯（Palmeiras）': '帕尔梅拉斯足球俱乐部', '艾因（Al Ain）': '阿联酋阿尔艾因足球俱乐部', '巴西国际（Internacional）': '巴西国际足球俱乐部', '阿布扎比统一（Al Wahda）': '阿联酋瓦赫达足球俱乐部'}
2026-08-07 18:18:18.319 | INFO     | eval.evaluation.evaluation:evaluate_single_query:275 - deep2wide_result_10_蒂特, df_inner shape: (7, 6), answer_df shape: (7, 3), response_df shape: (8, 4)
2026-08-07 18:18:18.420 | DEBUG    | eval.evaluation.evaluation:metric_call:77 - metric_func_name date_near score 0.0 msg date not convertable, response: -, 2001 – -, 2003, target: 23-08-07
2026-08-07 18:18:18.537 | DEBUG    | eval.evaluation.evaluation:metric_call:77 - metric_func_name date_near score 1.0 msg date near, response: -, 2004 – -, 2005, target: 2004年5月—2005年2月
2026-08-07 18:18:18.552 | DEBUG    | eval.evaluation.evaluation:metric_call:77 - metric_func_name date_near score 0.0 msg date not convertable, response: 2005-08-01, target: 2005年3月—7月
2026-08-07 18:18:18.568 | DEBUG    | eval.evaluation.evaluation:metric_call:77 - metric_func_name date_near score 0.0 msg date not convertable, response: 2006-08-01, target: 2006年5月—11月
2026-08-07 18:18:18.578 | DEBUG    | eval.evaluation.evaluation:metric_call:77 - metric_func_name date_near score 0.0 msg date not convertable, response: 2007-08-01, target: 2008年上半年
2026-08-07 18:18:18.693 | DEBUG    | eval.evaluation.evaluation:metric_call:77 - metric_func_name date_near score 1.0 msg date near, response: -, 2008 – -, 2009, target: 2008年6月—2009年10月
2026-08-07 18:18:18.695 | DEBUG    | eval.evaluation.evaluation:metric_call:77 - metric_func_name date_near score 0.0 msg date not near, response: 2010-08-01 00:00:00, target: 2010-10-09 00:00:00
2026-08-07 18:18:18.696 | DEBUG    | eval.evaluation.evaluation:evaluate_single_query:321 - deep2wide_result_10_蒂特, col 执教时间, metric_func_name date_near, score [0.0, 1.0, 0.0, 0.0, 0.0, 1.0, 0.0]
2026-08-07 18:18:24.903 | DEBUG    | eval.evaluation.evaluation:evaluate_single_query:321 - deep2wide_result_10_蒂特, col 俱乐部主场馆, metric_func_name llm_judge, score [1, 0, 1, 0, 0, 1, 1]
2026-08-07 18:18:24.913 | INFO     | eval.evaluation.evaluation:evaluate_single_query:380 - deep2wide_result_10_蒂特, P/R/F1 by unique_columns: 0.8750/1.0000/0.9333
2026-08-07 18:18:24.913 | INFO     | eval.evaluation.evaluation:evaluate_single_query:383 - deep2wide_result_10_蒂特, P/R/F1 by row: 0.1250/0.1429/0.1333
2026-08-07 18:18:24.913 | INFO     | eval.evaluation.evaluation:evaluate_single_query:386 - deep2wide_result_10_蒂特, P/R/F1 by item: 0.5417/0.6190/0.5778
2026-08-07 18:18:24.915 | INFO     | eval.evaluation.evaluation:evaluate_single_query:398 - deep2wide_result_10_蒂特, final table score: 0.0
{"event": "eval_done", "idx": 3, "instance_id": "deep2wide_result_10_蒂特", "score": 0.0, "entity_acc": 1.0, "f1_by_row": 0.13333333333333333, "f1_by_item": 0.5777777777777778, "column_f1": 0.9333333333333333, "error": null, "elapsed_seconds": 15.543, "running_n": 3}
{"event": "eval_done", "idx": 4, "instance_id": "deep2wide_result_11_印毅俊", "score": 0.0, "entity_acc": 0.0, "f1_by_row": 0.0, "f1_by_item": 0.0, "column_f1": 0.0, "error": null, "elapsed_seconds": 1.393, "running_n": 4}
2026-08-07 18:18:27.425 | DEBUG    | eval.evaluation.data_loader:extract_dataframe:167 - find markdown_str 
| 时间 | 作品 | 领衔主演 | 集数 |
| --- | --- | --- | --- |
| -, 1988 | 《 ...
2026-08-07 18:18:30.511 | INFO     | eval.evaluation.metric_utils:primary_key_preprocess:246 - primary_key_preprocess result: ```json
{
  "《康熙微服私访记2》": "《康熙微服私访记第二部》",
  "《康熙微服私访记3》": "《康熙微服私访记第三部》",
  "《康熙微服私访记4》": "《康熙微服私访记第四部》",
  "《少年嘉庆》": "《少年嘉庆》",
  "《济公新传》": "《济公新传》",
  "不如跳舞": "《不如跳舞》",
  "中国1945之重庆风云": "《中国1945之重庆风云》",
  "半路父子": "《半路父子》",
  "爱的追踪": "《爱的追踪》"
}
```
2026-08-07 18:18:30.511 | INFO     | eval.evaluation.evaluation:evaluate_single_query:223 - col: 作品, primary_key_map {'《康熙微服私访记2》': '《康熙微服私访记第二部》', '《康熙微服私访记3》': '《康熙微服私访记第三部》', '《康熙微服私访记4》': '《康熙微服私访记第四部》', '《少年嘉庆》': '《少年嘉庆》', '《济公新传》': '《济公新传》', '不如跳舞': '《不如跳舞》', '中国1945之重庆风云': '《中国1945之重庆风云》', '半路父子': '《半路父子》', '爱的追踪': '《爱的追踪》'}
2026-08-07 18:18:30.563 | INFO     | eval.evaluation.evaluation:evaluate_single_query:275 - deep2wide_result_13_张国立, df_inner shape: (9, 8), answer_df shape: (25, 4), response_df shape: (16, 5)
2026-08-07 18:18:30.566 | DEBUG    | eval.evaluation.evaluation:metric_call:77 - metric_func_name date_near score 0.0 msg date not near, response: 2016-08-01 00:00:00, target: 2007-10-08 00:00:00
2026-08-07 18:18:30.569 | DEBUG    | eval.evaluation.evaluation:metric_call:77 - metric_func_name date_near score 0.0 msg date not near, response: 2014-08-01 00:00:00, target: 2007-12-08 00:00:00
2026-08-07 18:18:30.571 | DEBUG    | eval.evaluation.evaluation:metric_call:77 - metric_func_name date_near score 0.0 msg date not near, response: 2011-08-01 00:00:00, target: 2007-08-15 00:00:00
2026-08-07 18:18:30.574 | DEBUG    | eval.evaluation.evaluation:metric_call:77 - metric_func_name date_near score 0.0 msg date not near, response: 2010-08-01 00:00:00, target: 2007-08-16 00:00:00
2026-08-07 18:18:30.576 | DEBUG    | eval.evaluation.evaluation:metric_call:77 - metric_func_name date_near score 0.0 msg date not near, response: 2006-08-01 00:00:00, target: 2007-08-20 00:00:00
2026-08-07 18:18:30.578 | DEBUG    | eval.evaluation.evaluation:metric_call:77 - metric_func_name date_near score 0.0 msg date not near, response: 2005-08-01 00:00:00, target: 2007-08-21 00:00:00
2026-08-07 18:18:30.581 | DEBUG    | eval.evaluation.evaluation:metric_call:77 - metric_func_name date_near score 0.0 msg date not near, response: 2002-08-01 00:00:00, target: 2007-08-24 00:00:00
2026-08-07 18:18:30.583 | DEBUG    | eval.evaluation.evaluation:metric_call:77 - metric_func_name date_near score 0.0 msg date not near, response: 2000-08-01 00:00:00, target: 2007-08-26 00:00:00
2026-08-07 18:18:30.585 | DEBUG    | eval.evaluation.evaluation:metric_call:77 - metric_func_name date_near score 0.0 msg date not near, response: 1999-08-01 00:00:00, target: 2007-08-27 00:00:00
2026-08-07 18:18:30.586 | DEBUG    | eval.evaluation.evaluation:evaluate_single_query:321 - deep2wide_result_13_张国立, col 时间, metric_func_name date_near, score [0.0, 0.0, 0.0, 0.0, 0.0, 0.0, 0.0, 0.0, 0.0]
2026-08-07 18:18:34.903 | DEBUG    | eval.evaluation.evaluation:evaluate_single_query:321 - deep2wide_result_13_张国立, col 领衔主演, metric_func_name llm_judge, score [1, 1, 1, 1, 1, 1, 1, 1, 1]
2026-08-07 18:18:34.903 | DEBUG    | eval.evaluation.evaluation:metric_call:77 - metric_func_name number_near score 1.0 msg number near in range 5.0%, response: 36.0, target: 36.0
2026-08-07 18:18:34.903 | DEBUG    | eval.evaluation.evaluation:metric_call:77 - metric_func_name number_near score 1.0 msg number near in range 5.0%, response: 36.0, target: 36.0
2026-08-07 18:18:34.903 | DEBUG    | eval.evaluation.evaluation:metric_call:77 - metric_func_name number_near score 1.0 msg number near in range 5.0%, response: 30.0, target: 30.0
2026-08-07 18:18:34.903 | DEBUG    | eval.evaluation.evaluation:metric_call:77 - metric_func_name number_near score 1.0 msg number near in range 5.0%, response: 30.0, target: 30.0
2026-08-07 18:18:34.903 | DEBUG    | eval.evaluation.evaluation:metric_call:77 - metric_func_name number_near score 1.0 msg number near in range 5.0%, response: 30.0, target: 30.0
2026-08-07 18:18:34.903 | DEBUG    | eval.evaluation.evaluation:metric_call:77 - metric_func_name number_near score 1.0 msg number near in range 5.0%, response: 32.0, target: 32.0
2026-08-07 18:18:34.903 | DEBUG    | eval.evaluation.evaluation:metric_call:77 - metric_func_name number_near score 1.0 msg number near in range 5.0%, response: 28.0, target: 28.0
2026-08-07 18:18:34.903 | DEBUG    | eval.evaluation.evaluation:metric_call:77 - metric_func_name number_near score 1.0 msg number near in range 5.0%, response: 26.0, target: 26.0
2026-08-07 18:18:34.903 | DEBUG    | eval.evaluation.evaluation:metric_call:77 - metric_func_name number_near score 1.0 msg number near in range 5.0%, response: 30.0, target: 30.0
2026-08-07 18:18:34.904 | DEBUG    | eval.evaluation.evaluation:evaluate_single_query:321 - deep2wide_result_13_张国立, col 集数, metric_func_name number_near, score [1.0, 1.0, 1.0, 1.0, 1.0, 1.0, 1.0, 1.0, 1.0]
2026-08-07 18:18:34.909 | INFO     | eval.evaluation.evaluation:evaluate_single_query:380 - deep2wide_result_13_张国立, P/R/F1 by unique_columns: 0.5625/0.3600/0.4390
2026-08-07 18:18:34.909 | INFO     | eval.evaluation.evaluation:evaluate_single_query:383 - deep2wide_result_13_张国立, P/R/F1 by row: 0.0000/0.0000/0.0000
2026-08-07 18:18:34.909 | INFO     | eval.evaluation.evaluation:evaluate_single_query:386 - deep2wide_result_13_张国立, P/R/F1 by item: 0.4219/0.2700/0.3293
2026-08-07 18:18:34.911 | INFO     | eval.evaluation.evaluation:evaluate_single_query:398 - deep2wide_result_13_张国立, final table score: 0.0
{"event": "eval_done", "idx": 5, "instance_id": "deep2wide_result_13_张国立", "score": 0.0, "entity_acc": 1.0, "f1_by_row": 0.0, "f1_by_item": 0.32926829268292684, "column_f1": 0.43902439024390244, "error": null, "elapsed_seconds": 8.563, "running_n": 5}
2026-08-07 18:18:42.592 | DEBUG    | eval.evaluation.data_loader:extract_dataframe:167 - find markdown_str 
| 电视剧名称 | 开播时间 | 角色名 |
| --- | --- | --- |
| 匆匆那年：好久不见 | Dec 28 ...
2026-08-07 18:18:48.069 | INFO     | eval.evaluation.metric_utils:primary_key_preprocess:246 - primary_key_preprocess result: ```json
{
  "一起同过窗": "2016",
  "那片星空那片海第二季": "2017",
  "开封奇谈": "2017",
  "一起同过窗第二季": "2017",
  "重明卫：大明机密": "2018",
  "皓镧传": "2019",
  "我的单板女孩": "2019",
  "反转人生": "2017",
  "且听凤鸣": "2020",
  "我女朋友的男朋友": "2017",
  "我的小确幸": "2021"
}
```
2026-08-07 18:18:48.069 | INFO     | eval.evaluation.evaluation:evaluate_single_query:223 - col: 电视剧名称, primary_key_map {'一起同过窗': '2016', '那片星空那片海第二季': '2017', '开封奇谈': '2017', '一起同过窗第二季': '2017', '重明卫：大明机密': '2018', '皓镧传': '2019', '我的单板女孩': '2019', '反转人生': '2017', '且听凤鸣': '2020', '我女朋友的男朋友': '2017', '我的小确幸': '2021'}
2026-08-07 18:18:48.146 | INFO     | eval.evaluation.evaluation:evaluate_single_query:275 - deep2wide_result_14_李川, df_inner shape: (11, 6), answer_df shape: (8, 3), response_df shape: (14, 4)
2026-08-07 18:18:48.155 | DEBUG    | eval.evaluation.evaluation:metric_call:77 - metric_func_name date_near score 0.0 msg date not convertable, response: 2016-07-15, target: 《一起同过窗》
2026-08-07 18:18:48.162 | DEBUG    | eval.evaluation.evaluation:metric_call:77 - metric_func_name date_near score 0.0 msg date not convertable, response: 2017-10-02, target: 《那片星空那片海第二季》
2026-08-07 18:18:48.169 | DEBUG    | eval.evaluation.evaluation:metric_call:77 - metric_func_name date_near score 0.0 msg date not convertable, response: 2017-10-30, target: 《那片星空那片海第二季》
2026-08-07 18:18:48.176 | DEBUG    | eval.evaluation.evaluation:metric_call:77 - metric_func_name date_near score 0.0 msg date not convertable, response: 2017-11-30, target: 《那片星空那片海第二季》
2026-08-07 18:18:48.184 | DEBUG    | eval.evaluation.evaluation:metric_call:77 - metric_func_name date_near score 0.0 msg date not convertable, response: 2022-05-05, target: 《那片星空那片海第二季》
2026-08-07 18:18:48.191 | DEBUG    | eval.evaluation.evaluation:metric_call:77 - metric_func_name date_near score 0.0 msg date not convertable, response: 2017-05-25, target: 《那片星空那片海第二季》
2026-08-07 18:18:48.198 | DEBUG    | eval.evaluation.evaluation:metric_call:77 - metric_func_name date_near score 0.0 msg date not convertable, response: 2018-12-11, target: 《重明卫：大明机密》
2026-08-07 18:18:48.204 | DEBUG    | eval.evaluation.evaluation:metric_call:77 - metric_func_name date_near score 0.0 msg date not convertable, response: 2019-01-19, target: 《皓镧传》
2026-08-07 18:18:48.211 | DEBUG    | eval.evaluation.evaluation:metric_call:77 - metric_func_name date_near score 0.0 msg date not convertable, response: 2019-07-31, target: 《皓镧传》
2026-08-07 18:18:48.217 | DEBUG    | eval.evaluation.evaluation:metric_call:77 - metric_func_name date_near score 0.0 msg date not convertable, response: 2020-08-10, target: 《蓬莱间》
2026-08-07 18:18:48.224 | DEBUG    | eval.evaluation.evaluation:metric_call:77 - metric_func_name date_near score 0.0 msg date not convertable, response: 2021-01-13, target: 《我的小确幸》
2026-08-07 18:18:48.225 | DEBUG    | eval.evaluation.evaluation:evaluate_single_query:321 - deep2wide_result_14_李川, col 开播时间, metric_func_name date_near, score [0.0, 0.0, 0.0, 0.0, 0.0, 0.0, 0.0, 0.0, 0.0, 0.0, 0.0]
2026-08-07 18:18:52.847 | DEBUG    | eval.evaluation.evaluation:evaluate_single_query:321 - deep2wide_result_14_李川, col 角色名, metric_func_name llm_judge, score [1, 1, 0, 0, 0, 0, 1, 1, 0, 0, 1]
2026-08-07 18:18:52.853 | INFO     | eval.evaluation.evaluation:evaluate_single_query:380 - deep2wide_result_14_李川, P/R/F1 by unique_columns: 0.7857/1.3750/1.0000
2026-08-07 18:18:52.855 | INFO     | eval.evaluation.evaluation:evaluate_single_query:383 - deep2wide_result_14_李川, P/R/F1 by row: 0.0000/0.0000/0.0000
2026-08-07 18:18:52.856 | INFO     | eval.evaluation.evaluation:evaluate_single_query:386 - deep2wide_result_14_李川, P/R/F1 by item: 0.3810/0.6667/0.4848
2026-08-07 18:18:52.857 | INFO     | eval.evaluation.evaluation:evaluate_single_query:398 - deep2wide_result_14_李川, final table score: 0.0
{"event": "eval_done", "idx": 6, "instance_id": "deep2wide_result_14_李川", "score": null, "entity_acc": null, "f1_by_row": null, "f1_by_item": null, "column_f1": null, "error": "RuntimeError: official evaluator returned out-of-range metrics: {'column_recall': np.float64(1.375)}", "elapsed_seconds": 17.929, "running_n": 6}
2026-08-07 18:18:58.006 | DEBUG    | eval.evaluation.data_loader:extract_dataframe:167 - find markdown_str 
| 电影名称 | 上映时间 | 饰演角色 | 导演 | 主演 |
| --- | --- | --- | --- | ---  ...
2026-08-07 18:19:02.645 | INFO     | eval.evaluation.metric_utils:primary_key_preprocess:246 - primary_key_preprocess result: ```json
{
  "老男孩猛龙过江": "老男孩之猛龙过江",
  "情圣": "情圣",
  "唐人街探案2": "唐人街探案2",
  "天气预爆": "天气预爆",
  "人潮汹涌": "人潮汹涌",
  "我的姐姐": "我的姐姐",
  "唐人街探案3": "唐人街探案3",
  "误杀2": "误杀2",
  "志愿军：雄兵出击": "志愿军：雄兵出击",
  "解密": "解密",
  "祝你幸福！": "祝你幸福！",
  "出入平安": "出入平安",
  "浴火之路": "浴火之路",
  "误杀3": "误杀3"
}
```
2026-08-07 18:19:02.645 | INFO     | eval.evaluation.evaluation:evaluate_single_query:223 - col: 电影名称, primary_key_map {'老男孩猛龙过江': '老男孩之猛龙过江', '情圣': '情圣', '唐人街探案2': '唐人街探案2', '天气预爆': '天气预爆', '人潮汹涌': '人潮汹涌', '我的姐姐': '我的姐姐', '唐人街探案3': '唐人街探案3', '误杀2': '误杀2', '志愿军：雄兵出击': '志愿军：雄兵出击', '解密': '解密', '祝你幸福！': '祝你幸福！', '出入平安': '出入平安', '浴火之路': '浴火之路', '误杀3': '误杀3'}
2026-08-07 18:19:02.726 | INFO     | eval.evaluation.evaluation:evaluate_single_query:275 - deep2wide_result_15_肖央, df_inner shape: (14, 10), answer_df shape: (35, 5), response_df shape: (19, 6)
2026-08-07 18:19:02.729 | DEBUG    | eval.evaluation.evaluation:metric_call:77 - metric_func_name date_near score 1.0 msg date near, response: 2024-12-28 00:00:00, target: 2024-12-28 00:00:00
2026-08-07 18:19:02.731 | DEBUG    | eval.evaluation.evaluation:metric_call:77 - metric_func_name date_near score 1.0 msg date near, response: 2024-10-01 00:00:00, target: 2024-10-01 00:00:00
2026-08-07 18:19:02.733 | DEBUG    | eval.evaluation.evaluation:metric_call:77 - metric_func_name date_near score 1.0 msg date near, response: 2024-09-30 00:00:00, target: 2024-09-30 00:00:00
2026-08-07 18:19:02.736 | DEBUG    | eval.evaluation.evaluation:metric_call:77 - metric_func_name date_near score 1.0 msg date near, response: 2024-09-15 00:00:00, target: 2024-09-15 00:00:00
2026-08-07 18:19:02.738 | DEBUG    | eval.evaluation.evaluation:metric_call:77 - metric_func_name date_near score 1.0 msg date near, response: 2024-08-03 00:00:00, target: 2024-08-03 00:00:00
2026-08-07 18:19:02.740 | DEBUG    | eval.evaluation.evaluation:metric_call:77 - metric_func_name date_near score 1.0 msg date near, response: 2023-09-28 00:00:00, target: 2023-10-01 00:00:00
2026-08-07 18:19:02.742 | DEBUG    | eval.evaluation.evaluation:metric_call:77 - metric_func_name date_near score 1.0 msg date near, response: 2021-12-17 00:00:00, target: 2021-12-17 00:00:00
2026-08-07 18:19:02.744 | DEBUG    | eval.evaluation.evaluation:metric_call:77 - metric_func_name date_near score 1.0 msg date near, response: 2021-04-02 00:00:00, target: 2021-04-02 00:00:00
2026-08-07 18:19:02.746 | DEBUG    | eval.evaluation.evaluation:metric_call:77 - metric_func_name date_near score 1.0 msg date near, response: 2021-02-12 00:00:00, target: 2021-02-12 00:00:00
2026-08-07 18:19:02.748 | DEBUG    | eval.evaluation.evaluation:metric_call:77 - metric_func_name date_near score 1.0 msg date near, response: 2021-02-12 00:00:00, target: 2021-02-12 00:00:00
2026-08-07 18:19:02.750 | DEBUG    | eval.evaluation.evaluation:metric_call:77 - metric_func_name date_near score 1.0 msg date near, response: 2018-12-21 00:00:00, target: 2018-12-21 00:00:00
2026-08-07 18:19:02.752 | DEBUG    | eval.evaluation.evaluation:metric_call:77 - metric_func_name date_near score 1.0 msg date near, response: 2018-02-16 00:00:00, target: 2018-02-16 00:00:00
2026-08-07 18:19:02.754 | DEBUG    | eval.evaluation.evaluation:metric_call:77 - metric_func_name date_near score 1.0 msg date near, response: 2016-12-30 00:00:00, target: 2016-12-30 00:00:00
2026-08-07 18:19:02.756 | DEBUG    | eval.evaluation.evaluation:metric_call:77 - metric_func_name date_near score 1.0 msg date near, response: 2014-07-10 00:00:00, target: 2014-07-10 00:00:00
2026-08-07 18:19:02.757 | DEBUG    | eval.evaluation.evaluation:evaluate_single_query:321 - deep2wide_result_15_肖央, col 上映时间, metric_func_name date_near, score [1.0, 1.0, 1.0, 1.0, 1.0, 1.0, 1.0, 1.0, 1.0, 1.0, 1.0, 1.0, 1.0, 1.0]
2026-08-07 18:19:10.867 | DEBUG    | eval.evaluation.evaluation:evaluate_single_query:321 - deep2wide_result_15_肖央, col 饰演角色, metric_func_name llm_judge, score [1, 0, 1, 1, 1, 1, 1, 0, 1, 1, 1, 1, 1, 1]
2026-08-07 18:19:14.707 | DEBUG    | eval.evaluation.evaluation:evaluate_single_query:321 - deep2wide_result_15_肖央, col 导演, metric_func_name llm_judge, score [1, 1, 1, 1, 1, 1, 1, 1, 1, 1, 1, 1, 1, 1]
2026-08-07 18:19:20.852 | DEBUG    | eval.evaluation.evaluation:evaluate_single_query:321 - deep2wide_result_15_肖央, col 主演, metric_func_name llm_judge, score [1, 1, 0, 0, 1, 1, 1, 1, 1, 0, 0, 1, 1, 0]
2026-08-07 18:19:20.858 | INFO     | eval.evaluation.evaluation:evaluate_single_query:380 - deep2wide_result_15_肖央, P/R/F1 by unique_columns: 0.7368/0.4000/0.5185
2026-08-07 18:19:20.858 | INFO     | eval.evaluation.evaluation:evaluate_single_query:383 - deep2wide_result_15_肖央, P/R/F1 by row: 0.3684/0.2000/0.2593
2026-08-07 18:19:20.858 | INFO     | eval.evaluation.evaluation:evaluate_single_query:386 - deep2wide_result_15_肖央, P/R/F1 by item: 0.6632/0.3600/0.4667
2026-08-07 18:19:20.860 | INFO     | eval.evaluation.evaluation:evaluate_single_query:398 - deep2wide_result_15_肖央, final table score: 0.0
{"event": "eval_done", "idx": 7, "instance_id": "deep2wide_result_15_肖央", "score": 0.0, "entity_acc": 1.0, "f1_by_row": 0.25925925925925924, "f1_by_item": 0.4666666666666667, "column_f1": 0.5185185185185185, "error": null, "elapsed_seconds": 27.98, "running_n": 7}
SUMMARY {"n": 7, "valid_n": 6, "errors": 1, "complete": false, "judge_calls_current_process": 18, "score": 0.0, "entity_acc": 0.6666666666666666, "precision_by_row": 0.08223684210526315, "recall_by_row": 0.05714285714285714, "f1_by_row": 0.0654320987654321, "precision_by_item": 0.27111659356725143, "recall_by_item": 0.20817460317460315, "f1_by_item": 0.2289521228545619, "column_precision": 0.362390350877193, "column_recall": 0.29333333333333333, "column_f1": 0.3151460403492924}
