INFO: Pandarallel will run on 8 workers.
INFO: Pandarallel will use Memory file system to transfer data between the main process and workers.
{"event": "eval_start", "selected": 7, "resume_committed": 0, "committed_errors": 0, "crash_only_resume": false}
2026-08-07 18:18:04.523 | DEBUG    | eval.evaluation.data_loader:extract_dataframe:167 - find markdown_str 
| 场景名称 | 具体事项 | 实施方式 | 牵头部门 | 配合部门 | 完成时限 |
| --- | --- | --- | ...
2026-08-07 18:18:13.660 | INFO     | eval.evaluation.metric_utils:primary_key_preprocess:246 - primary_key_preprocess result: ```json
{
  "合格境外投资者资格审批": "合格境外投资者资格审批",
  "相关税收优惠政策宣传辅导": "现行相关税收优惠政策宣传辅导",
  "企业投资项目备案、核准、变更及延期": "企业投资（含外商投资）项目核准/备案",
  "企业营业执照信息核验": "企业营业执照信息核验",
  "建筑垃圾消纳处置相关许可": "城市建筑垃圾处置核准",
  "创业补贴申领": "创业补贴申领",
  "内地居民婚姻登记": "内地居民婚姻登记",
  "外国人来华工作许可签发、变更、延期或注销": "外国人来华工作许可签发/变更/延期",
  "个人身份信息核验": "个人身份信息核验",
  "报废机动车回收证明信息核查": "报废机动车回收证明信息核查",
  "企业职工基本养老保险遗属待遇申领": "遗属待遇申领"
}
```
2026-08-07 18:18:13.660 | INFO     | eval.evaluation.evaluation:evaluate_single_query:223 - col: 具体事项, primary_key_map {'合格境外投资者资格审批': '合格境外投资者资格审批', '相关税收优惠政策宣传辅导': '现行相关税收优惠政策宣传辅导', '企业投资项目备案、核准、变更及延期': '企业投资（含外商投资）项目核准/备案', '企业营业执照信息核验': '企业营业执照信息核验', '建筑垃圾消纳处置相关许可': '城市建筑垃圾处置核准', '创业补贴申领': '创业补贴申领', '内地居民婚姻登记': '内地居民婚姻登记', '外国人来华工作许可签发、变更、延期或注销': '外国人来华工作许可签发/变更/延期', '个人身份信息核验': '个人身份信息核验', '报废机动车回收证明信息核查': '报废机动车回收证明信息核查', '企业职工基本养老保险遗属待遇申领': '遗属待遇申领'}
2026-08-07 18:18:13.669 | INFO     | eval.evaluation.evaluation:evaluate_single_query:275 - wide2deep_ws_zh_062, df_inner shape: (11, 12), answer_df shape: (128, 6), response_df shape: (17, 7)
2026-08-07 18:18:16.401 | DEBUG    | eval.evaluation.evaluation:evaluate_single_query:321 - wide2deep_ws_zh_062, col 场景名称, metric_func_name llm_judge, score [1, 1, 1, 1, 1, 1, 1, 1, 1, 1, 1]
2026-08-07 18:18:16.402 | DEBUG    | eval.evaluation.evaluation:metric_call:77 - metric_func_name exact_match score 0.0 msg exact not match, response: 新建；跨部门集成办理, target: 新建
2026-08-07 18:18:16.402 | DEBUG    | eval.evaluation.evaluation:metric_call:77 - metric_func_name exact_match score 0.0 msg exact not match, response: 新建；政策集成服务, target: 新建
2026-08-07 18:18:16.402 | DEBUG    | eval.evaluation.evaluation:metric_call:77 - metric_func_name exact_match score 0.0 msg exact not match, response: 优化；一网申报、并联审批, target: 新建
2026-08-07 18:18:16.402 | DEBUG    | eval.evaluation.evaluation:metric_call:77 - metric_func_name exact_match score 0.0 msg exact not match, response: 优化；数据共享核验, target: 新建
2026-08-07 18:18:16.402 | DEBUG    | eval.evaluation.evaluation:metric_call:77 - metric_func_name exact_match score 0.0 msg exact not match, response: 优化；一表申请、并联审批, target: 新建
2026-08-07 18:18:16.402 | DEBUG    | eval.evaluation.evaluation:metric_call:77 - metric_func_name exact_match score 0.0 msg exact not match, response: 新建；一次申请、并联办理, target: 优化
2026-08-07 18:18:16.402 | DEBUG    | eval.evaluation.evaluation:metric_call:77 - metric_func_name exact_match score 0.0 msg exact not match, response: 新建；婚姻登记与户籍业务联办, target: 优化
2026-08-07 18:18:16.402 | DEBUG    | eval.evaluation.evaluation:metric_call:77 - metric_func_name exact_match score 0.0 msg exact not match, response: 优化；多证联办、信息共享, target: 新建
2026-08-07 18:18:16.402 | DEBUG    | eval.evaluation.evaluation:metric_call:77 - metric_func_name exact_match score 0.0 msg exact not match, response: 新建；数据共享核验, target: 新建
2026-08-07 18:18:16.402 | DEBUG    | eval.evaluation.evaluation:metric_call:77 - metric_func_name exact_match score 0.0 msg exact not match, response: 新建；数据共享核验, target: 新建
2026-08-07 18:18:16.402 | DEBUG    | eval.evaluation.evaluation:metric_call:77 - metric_func_name exact_match score 0.0 msg exact not match, response: 优化；数据共享、协同办理, target: 优化
2026-08-07 18:18:16.403 | DEBUG    | eval.evaluation.evaluation:evaluate_single_query:321 - wide2deep_ws_zh_062, col 实施方式, metric_func_name exact_match, score [0.0, 0.0, 0.0, 0.0, 0.0, 0.0, 0.0, 0.0, 0.0, 0.0, 0.0]
2026-08-07 18:18:16.403 | DEBUG    | eval.evaluation.evaluation:metric_call:77 - metric_func_name exact_match score 0.0 msg exact not match, response: 市委金融办, target: 北京证监局
2026-08-07 18:18:16.403 | DEBUG    | eval.evaluation.evaluation:metric_call:77 - metric_func_name exact_match score 1.0 msg exact match, response: 市科委、中关村管委会, target: 市科委、中关村管委会
2026-08-07 18:18:16.403 | DEBUG    | eval.evaluation.evaluation:metric_call:77 - metric_func_name exact_match score 1.0 msg exact match, response: 市发展改革委, target: 市发展改革委
2026-08-07 18:18:16.403 | DEBUG    | eval.evaluation.evaluation:metric_call:77 - metric_func_name exact_match score 0.0 msg exact not match, response: 市公安局公安交通管理局, target: 市公安局
2026-08-07 18:18:16.403 | DEBUG    | eval.evaluation.evaluation:metric_call:77 - metric_func_name exact_match score 1.0 msg exact match, response: 市住房城乡建设委, target: 市住房城乡建设委
2026-08-07 18:18:16.403 | DEBUG    | eval.evaluation.evaluation:metric_call:77 - metric_func_name exact_match score 1.0 msg exact match, response: 市人力资源社会保障局, target: 市人力资源社会保障局
2026-08-07 18:18:16.403 | DEBUG    | eval.evaluation.evaluation:metric_call:77 - metric_func_name exact_match score 1.0 msg exact match, response: 市民政局, target: 市民政局
2026-08-07 18:18:16.403 | DEBUG    | eval.evaluation.evaluation:metric_call:77 - metric_func_name exact_match score 1.0 msg exact match, response: 市科委、中关村管委会, target: 市科委、中关村管委会
2026-08-07 18:18:16.403 | DEBUG    | eval.evaluation.evaluation:metric_call:77 - metric_func_name exact_match score 1.0 msg exact match, response: 市商务局, target: 市商务局
2026-08-07 18:18:16.403 | DEBUG    | eval.evaluation.evaluation:metric_call:77 - metric_func_name exact_match score 1.0 msg exact match, response: 市商务局, target: 市商务局
2026-08-07 18:18:16.403 | DEBUG    | eval.evaluation.evaluation:metric_call:77 - metric_func_name exact_match score 0.0 msg exact not match, response: 市民政局, target: 市公安局、市卫生健康委
2026-08-07 18:18:16.404 | DEBUG    | eval.evaluation.evaluation:evaluate_single_query:321 - wide2deep_ws_zh_062, col 牵头部门, metric_func_name exact_match, score [0.0, 1.0, 1.0, 0.0, 1.0, 1.0, 1.0, 1.0, 1.0, 1.0, 0.0]
2026-08-07 18:18:22.434 | DEBUG    | eval.evaluation.evaluation:evaluate_single_query:321 - wide2deep_ws_zh_062, col 配合部门, metric_func_name llm_judge, score [0, 0, 0, 0, 0, 0, 1, 0, 0, 0, 0]
2026-08-07 18:18:22.434 | DEBUG    | eval.evaluation.evaluation:metric_call:77 - metric_func_name exact_match score 0.0 msg exact not match, response: 2025年12月底前, target: 2025年8月底
2026-08-07 18:18:22.434 | DEBUG    | eval.evaluation.evaluation:metric_call:77 - metric_func_name exact_match score 0.0 msg exact not match, response: 2025年12月底前, target: 2025年7月底
2026-08-07 18:18:22.434 | DEBUG    | eval.evaluation.evaluation:metric_call:77 - metric_func_name exact_match score 0.0 msg exact not match, response: 2025年12月底前, target: 2025年7月底
2026-08-07 18:18:22.434 | DEBUG    | eval.evaluation.evaluation:metric_call:77 - metric_func_name exact_match score 0.0 msg exact not match, response: 2025年12月底前, target: 2025年7月底
2026-08-07 18:18:22.434 | DEBUG    | eval.evaluation.evaluation:metric_call:77 - metric_func_name exact_match score 0.0 msg exact not match, response: 2025年12月底前, target: 2025年7月底
2026-08-07 18:18:22.434 | DEBUG    | eval.evaluation.evaluation:metric_call:77 - metric_func_name exact_match score 0.0 msg exact not match, response: 2025年12月底前, target: 2025年7月底
2026-08-07 18:18:22.434 | DEBUG    | eval.evaluation.evaluation:metric_call:77 - metric_func_name exact_match score 0.0 msg exact not match, response: 2025年12月底前, target: 2025年7月底
2026-08-07 18:18:22.435 | DEBUG    | eval.evaluation.evaluation:metric_call:77 - metric_func_name exact_match score 0.0 msg exact not match, response: 2025年12月底前, target: 2025年8月底
2026-08-07 18:18:22.435 | DEBUG    | eval.evaluation.evaluation:metric_call:77 - metric_func_name exact_match score 0.0 msg exact not match, response: 2025年12月底前, target: 2025年7月底
2026-08-07 18:18:22.435 | DEBUG    | eval.evaluation.evaluation:metric_call:77 - metric_func_name exact_match score 0.0 msg exact not match, response: 2025年12月底前, target: 2025年7月底
2026-08-07 18:18:22.435 | DEBUG    | eval.evaluation.evaluation:metric_call:77 - metric_func_name exact_match score 0.0 msg exact not match, response: 2025年12月底前, target: 2025年7月底
2026-08-07 18:18:22.435 | DEBUG    | eval.evaluation.evaluation:evaluate_single_query:321 - wide2deep_ws_zh_062, col 完成时限, metric_func_name exact_match, score [0.0, 0.0, 0.0, 0.0, 0.0, 0.0, 0.0, 0.0, 0.0, 0.0, 0.0]
2026-08-07 18:18:22.443 | INFO     | eval.evaluation.evaluation:evaluate_single_query:380 - wide2deep_ws_zh_062, P/R/F1 by unique_columns: 0.6471/0.0859/0.1517
2026-08-07 18:18:22.443 | INFO     | eval.evaluation.evaluation:evaluate_single_query:383 - wide2deep_ws_zh_062, P/R/F1 by row: 0.0000/0.0000/0.0000
2026-08-07 18:18:22.443 | INFO     | eval.evaluation.evaluation:evaluate_single_query:386 - wide2deep_ws_zh_062, P/R/F1 by item: 0.3039/0.0404/0.0713
2026-08-07 18:18:22.446 | INFO     | eval.evaluation.evaluation:evaluate_single_query:398 - wide2deep_ws_zh_062, final table score: 0.0
{"event": "eval_done", "idx": 1, "instance_id": "wide2deep_ws_zh_062", "score": 0.0, "entity_acc": 1.0, "f1_by_row": 0.0, "f1_by_item": 0.07126436781609197, "column_f1": 0.15172413793103448, "error": null, "elapsed_seconds": 21.923, "running_n": 1}
2026-08-07 18:18:23.734 | DEBUG    | eval.evaluation.data_loader:extract_dataframe:167 - find markdown_str 
| 期刊名称 | 论文名称 | 论文关键词 | 论文作者 |
| --- | --- | --- | --- |
| 体育科学 ...
2026-08-07 18:18:27.124 | INFO     | eval.evaluation.metric_utils:primary_key_preprocess:246 - primary_key_preprocess result: ```json
{}
```
2026-08-07 18:18:27.124 | INFO     | eval.evaluation.evaluation:evaluate_single_query:223 - col: 论文名称, primary_key_map {}
2026-08-07 18:18:27.130 | INFO     | eval.evaluation.evaluation:evaluate_single_query:275 - wide2deep_ws_zh_098, df_inner shape: (0, 8), answer_df shape: (208, 4), response_df shape: (1, 5)
2026-08-07 18:18:28.381 | DEBUG    | eval.evaluation.evaluation:evaluate_single_query:321 - wide2deep_ws_zh_098, col 期刊名称, metric_func_name llm_judge, score []
2026-08-07 18:18:29.669 | DEBUG    | eval.evaluation.evaluation:evaluate_single_query:321 - wide2deep_ws_zh_098, col 论文关键词, metric_func_name llm_judge, score []
2026-08-07 18:18:33.369 | DEBUG    | eval.evaluation.evaluation:evaluate_single_query:321 - wide2deep_ws_zh_098, col 论文作者, metric_func_name llm_judge, score []
2026-08-07 18:18:33.374 | INFO     | eval.evaluation.evaluation:evaluate_single_query:380 - wide2deep_ws_zh_098, P/R/F1 by unique_columns: 0.0000/0.0000/0.0000
2026-08-07 18:18:33.374 | INFO     | eval.evaluation.evaluation:evaluate_single_query:383 - wide2deep_ws_zh_098, P/R/F1 by row: 0.0000/0.0000/0.0000
2026-08-07 18:18:33.375 | INFO     | eval.evaluation.evaluation:evaluate_single_query:386 - wide2deep_ws_zh_098, P/R/F1 by item: 0.0000/0.0000/0.0000
2026-08-07 18:18:33.375 | INFO     | eval.evaluation.evaluation:evaluate_single_query:398 - wide2deep_ws_zh_098, final table score: 0.0
{"event": "eval_done", "idx": 2, "instance_id": "wide2deep_ws_zh_098", "score": 0.0, "entity_acc": 1.0, "f1_by_row": 0.0, "f1_by_item": 0.0, "column_f1": 0.0, "error": null, "elapsed_seconds": 10.911, "running_n": 2}
{"event": "eval_done", "idx": 3, "instance_id": "deep2wide_result_22_橄榄树", "score": 0.0, "entity_acc": 0.0, "f1_by_row": 0.0, "f1_by_item": 0.0, "column_f1": 0.0, "error": null, "elapsed_seconds": 2.905, "running_n": 3}
2026-08-07 18:18:39.908 | DEBUG    | eval.evaluation.data_loader:extract_dataframe:167 - find markdown_str 
| 名称 | 面积 | 政府驻地首府 |
| --- | --- | --- |
| 安达卢西亚自治区 | 87,599平方公 ...
2026-08-07 18:18:43.088 | INFO     | eval.evaluation.metric_utils:primary_key_preprocess:246 - primary_key_preprocess result: ```json
{
  "名称": "名称",
  "面积": "面积",
  "政府驻地首府": "政府驻地/首府"
}
```
2026-08-07 18:18:43.088 | INFO     | eval.evaluation.evaluation:evaluate_single_query:172 - column map: {'名称': '名称', '面积': '面积', '政府驻地首府': '政府驻地/首府'}
2026-08-07 18:18:43.088 | INFO     | eval.evaluation.evaluation:evaluate_single_query:173 - befor mapping: Index(['名称', '面积', '政府驻地首府'], dtype='object')
2026-08-07 18:18:43.089 | INFO     | eval.evaluation.evaluation:evaluate_single_query:175 - after mapping: Index(['名称', '面积', '政府驻地/首府'], dtype='object')
2026-08-07 18:18:47.332 | INFO     | eval.evaluation.metric_utils:primary_key_preprocess:246 - primary_key_preprocess result: ```json
{
  "安达卢西亚自治区": "安达卢西亚自治区",
  "阿拉贡自治区": "阿拉贡自治区",
  "阿斯图里亚斯自治区": "阿斯图里亚斯自治区",
  "巴利阿里群岛自治区": "巴利阿里群岛",
  "巴斯克自治区": "巴斯克自治区",
  "加那利群岛自治区": "加那利群岛",
  "坎塔布里亚自治区": "坎塔布里亚自治区",
  "卡斯蒂利亚-莱昂自治区": "卡斯蒂利亚－莱昂",
  "卡斯蒂利亚-拉曼恰自治区": "卡斯蒂利亚-拉曼恰自治区",
  "加泰罗尼亚自治区": "加泰罗尼亚",
  "埃斯特雷马杜拉自治区": "埃斯特雷马杜拉自治区",
  "加利西亚自治区": "加利西亚自治区",
  "拉里奥哈自治区": "拉里奥哈自治区",
  "马德里自治区": "马德里自治区",
  "穆尔西亚自治区": "穆尔西亚省",
  "纳瓦拉自治区": "纳瓦拉自治区",
  "瓦伦西亚自治区": "巴伦西亚省"
}
```
2026-08-07 18:18:47.333 | INFO     | eval.evaluation.evaluation:evaluate_single_query:223 - col: 名称, primary_key_map {'安达卢西亚自治区': '安达卢西亚自治区', '阿拉贡自治区': '阿拉贡自治区', '阿斯图里亚斯自治区': '阿斯图里亚斯自治区', '巴利阿里群岛自治区': '巴利阿里群岛', '巴斯克自治区': '巴斯克自治区', '加那利群岛自治区': '加那利群岛', '坎塔布里亚自治区': '坎塔布里亚自治区', '卡斯蒂利亚-莱昂自治区': '卡斯蒂利亚－莱昂', '卡斯蒂利亚-拉曼恰自治区': '卡斯蒂利亚-拉曼恰自治区', '加泰罗尼亚自治区': '加泰罗尼亚', '埃斯特雷马杜拉自治区': '埃斯特雷马杜拉自治区', '加利西亚自治区': '加利西亚自治区', '拉里奥哈自治区': '拉里奥哈自治区', '马德里自治区': '马德里自治区', '穆尔西亚自治区': '穆尔西亚省', '纳瓦拉自治区': '纳瓦拉自治区', '瓦伦西亚自治区': '巴伦西亚省'}
2026-08-07 18:18:47.339 | INFO     | eval.evaluation.evaluation:evaluate_single_query:275 - deep2wide_result_40_西班牙, df_inner shape: (17, 6), answer_df shape: (17, 3), response_df shape: (17, 4)
2026-08-07 18:18:47.339 | DEBUG    | eval.evaluation.evaluation:metric_call:77 - metric_func_name number_near score 1.0 msg number near in range 5.0%, response: 87599.0, target: 87268.0
2026-08-07 18:18:47.339 | DEBUG    | eval.evaluation.evaluation:metric_call:77 - metric_func_name number_near score 1.0 msg number near in range 5.0%, response: 47720.0, target: 47720.0
2026-08-07 18:18:47.340 | DEBUG    | eval.evaluation.evaluation:metric_call:77 - metric_func_name number_near score 0.0 msg number not convertable, response: 10604.0, target: None
2026-08-07 18:18:47.340 | DEBUG    | eval.evaluation.evaluation:metric_call:77 - metric_func_name number_near score 1.0 msg number near in range 5.0%, response: 4992.0, target: 5014.0
2026-08-07 18:18:47.340 | DEBUG    | eval.evaluation.evaluation:metric_call:77 - metric_func_name number_near score 1.0 msg number near in range 5.0%, response: 7234.0, target: 7233.0
2026-08-07 18:18:47.340 | DEBUG    | eval.evaluation.evaluation:metric_call:77 - metric_func_name number_near score 1.0 msg number near in range 5.0%, response: 7447.0, target: 7273.0
2026-08-07 18:18:47.340 | DEBUG    | eval.evaluation.evaluation:metric_call:77 - metric_func_name number_near score 0.0 msg number not convertable, response: 5321.0, target: None
2026-08-07 18:18:47.340 | DEBUG    | eval.evaluation.evaluation:metric_call:77 - metric_func_name number_near score 1.0 msg number near in range 5.0%, response: 94226.0, target: 94223.0
2026-08-07 18:18:47.340 | DEBUG    | eval.evaluation.evaluation:metric_call:77 - metric_func_name number_near score 1.0 msg number near in range 5.0%, response: 79463.0, target: 79409.0
2026-08-07 18:18:47.340 | DEBUG    | eval.evaluation.evaluation:metric_call:77 - metric_func_name number_near score 1.0 msg number near in range 5.0%, response: 32108.0, target: 32108.0
2026-08-07 18:18:47.340 | DEBUG    | eval.evaluation.evaluation:metric_call:77 - metric_func_name number_near score 1.0 msg number near in range 5.0%, response: 41635.0, target: 41634.0
2026-08-07 18:18:47.340 | DEBUG    | eval.evaluation.evaluation:metric_call:77 - metric_func_name number_near score 1.0 msg number near in range 5.0%, response: 29574.0, target: 29574.0
2026-08-07 18:18:47.340 | DEBUG    | eval.evaluation.evaluation:metric_call:77 - metric_func_name number_near score 0.0 msg number not near, response: 8028.0, target: 607.0
2026-08-07 18:18:47.340 | DEBUG    | eval.evaluation.evaluation:metric_call:77 - metric_func_name number_near score 1.0 msg number near in range 5.0%, response: 11314.0, target: 11314.0
2026-08-07 18:18:47.340 | DEBUG    | eval.evaluation.evaluation:metric_call:77 - metric_func_name number_near score 0.0 msg number not convertable, response: 10391.0, target: None
2026-08-07 18:18:47.340 | DEBUG    | eval.evaluation.evaluation:metric_call:77 - metric_func_name number_near score 1.0 msg number near in range 5.0%, response: 5045.0, target: 5045.0
2026-08-07 18:18:47.340 | DEBUG    | eval.evaluation.evaluation:metric_call:77 - metric_func_name number_near score 0.0 msg number not near, response: 23255.0, target: 10.563
2026-08-07 18:18:47.341 | DEBUG    | eval.evaluation.evaluation:evaluate_single_query:321 - deep2wide_result_40_西班牙, col 面积, metric_func_name number_near, score [1.0, 1.0, 0.0, 1.0, 1.0, 1.0, 0.0, 1.0, 1.0, 1.0, 1.0, 1.0, 0.0, 1.0, 0.0, 1.0, 0.0]
2026-08-07 18:18:47.341 | DEBUG    | eval.evaluation.evaluation:metric_call:77 - metric_func_name exact_match score 1.0 msg exact match, response: 塞维利亚, target: 塞维利亚
2026-08-07 18:18:47.341 | DEBUG    | eval.evaluation.evaluation:metric_call:77 - metric_func_name exact_match score 1.0 msg exact match, response: 萨拉戈萨, target: 萨拉戈萨
2026-08-07 18:18:47.341 | DEBUG    | eval.evaluation.evaluation:metric_call:77 - metric_func_name exact_match score 1.0 msg exact match, response: 奥维耶多, target: 奥维耶多
2026-08-07 18:18:47.341 | DEBUG    | eval.evaluation.evaluation:metric_call:77 - metric_func_name exact_match score 1.0 msg exact match, response: 帕尔马, target: 帕尔马
2026-08-07 18:18:47.341 | DEBUG    | eval.evaluation.evaluation:metric_call:77 - metric_func_name exact_match score 1.0 msg exact match, response: 维多利亚-加斯泰斯, target: 维多利亚-加斯泰斯
2026-08-07 18:18:47.341 | DEBUG    | eval.evaluation.evaluation:metric_call:77 - metric_func_name exact_match score 0.0 msg exact not match, response: 圣克鲁斯-德特内里费、拉斯帕尔马斯-德大加那利, target: 圣克鲁斯-德特内里费、拉斯帕尔马斯
2026-08-07 18:18:47.341 | DEBUG    | eval.evaluation.evaluation:metric_call:77 - metric_func_name exact_match score 1.0 msg exact match, response: 桑坦德, target: 桑坦德
2026-08-07 18:18:47.341 | DEBUG    | eval.evaluation.evaluation:metric_call:77 - metric_func_name exact_match score 1.0 msg exact match, response: 巴利亚多利德, target: 巴利亚多利德
2026-08-07 18:18:47.341 | DEBUG    | eval.evaluation.evaluation:metric_call:77 - metric_func_name exact_match score 0.0 msg exact not match, response: 托莱多, target: 托莱多市
2026-08-07 18:18:47.341 | DEBUG    | eval.evaluation.evaluation:metric_call:77 - metric_func_name exact_match score 1.0 msg exact match, response: 巴塞罗那, target: 巴塞罗那
2026-08-07 18:18:47.341 | DEBUG    | eval.evaluation.evaluation:metric_call:77 - metric_func_name exact_match score 1.0 msg exact match, response: 梅里达, target: 梅里达
2026-08-07 18:18:47.341 | DEBUG    | eval.evaluation.evaluation:metric_call:77 - metric_func_name exact_match score 0.0 msg exact not match, response: 圣地亚哥-德孔波斯特拉, target: 圣地亚哥德孔波斯特拉
2026-08-07 18:18:47.341 | DEBUG    | eval.evaluation.evaluation:metric_call:77 - metric_func_name exact_match score 1.0 msg exact match, response: 马德里, target: 马德里
2026-08-07 18:18:47.341 | DEBUG    | eval.evaluation.evaluation:metric_call:77 - metric_func_name exact_match score 1.0 msg exact match, response: 穆尔西亚, target: 穆尔西亚
2026-08-07 18:18:47.341 | DEBUG    | eval.evaluation.evaluation:metric_call:77 - metric_func_name exact_match score 1.0 msg exact match, response: 潘普洛纳, target: 潘普洛纳
2026-08-07 18:18:47.342 | DEBUG    | eval.evaluation.evaluation:metric_call:77 - metric_func_name exact_match score 1.0 msg exact match, response: 洛格罗尼奥, target: 洛格罗尼奥
2026-08-07 18:18:47.342 | DEBUG    | eval.evaluation.evaluation:metric_call:77 - metric_func_name exact_match score 0.0 msg exact not match, response: 瓦伦西亚, target: 巴伦西亚
2026-08-07 18:18:47.342 | DEBUG    | eval.evaluation.evaluation:evaluate_single_query:321 - deep2wide_result_40_西班牙, col 政府驻地/首府, metric_func_name exact_match, score [1.0, 1.0, 1.0, 1.0, 1.0, 0.0, 1.0, 1.0, 0.0, 1.0, 1.0, 0.0, 1.0, 1.0, 1.0, 1.0, 0.0]
2026-08-07 18:18:47.346 | INFO     | eval.evaluation.evaluation:evaluate_single_query:380 - deep2wide_result_40_西班牙, P/R/F1 by unique_columns: 1.0000/1.0000/1.0000
2026-08-07 18:18:47.346 | INFO     | eval.evaluation.evaluation:evaluate_single_query:383 - deep2wide_result_40_西班牙, P/R/F1 by row: 0.5294/0.5294/0.5294
2026-08-07 18:18:47.346 | INFO     | eval.evaluation.evaluation:evaluate_single_query:386 - deep2wide_result_40_西班牙, P/R/F1 by item: 0.8235/0.8235/0.8235
2026-08-07 18:18:47.347 | INFO     | eval.evaluation.evaluation:evaluate_single_query:398 - deep2wide_result_40_西班牙, final table score: 0.0
{"event": "eval_done", "idx": 4, "instance_id": "deep2wide_result_40_西班牙", "score": 0.0, "entity_acc": 1.0, "f1_by_row": 0.5294117647058824, "f1_by_item": 0.8235294117647058, "column_f1": 1.0, "error": null, "elapsed_seconds": 11.034, "running_n": 4}
2026-08-07 18:18:49.779 | DEBUG    | eval.evaluation.data_loader:extract_dataframe:167 - find markdown_str 
| 姓名 | 字 | 籍贯 |
| --- | --- | --- |
| 华佗 | 元化 | 沛国谯县（今安徽亳州） |
| ...
2026-08-07 18:18:51.577 | INFO     | eval.evaluation.metric_utils:primary_key_preprocess:246 - primary_key_preprocess result: ```json
{
  "华佗": "华佗",
  "董奉": "董奉",
  "张仲景": "张仲景"
}
```
2026-08-07 18:18:51.577 | INFO     | eval.evaluation.evaluation:evaluate_single_query:223 - col: 姓名, primary_key_map {'华佗': '华佗', '董奉': '董奉', '张仲景': '张仲景'}
2026-08-07 18:18:51.582 | INFO     | eval.evaluation.evaluation:evaluate_single_query:275 - deep2wide_result_42_建安三神医, df_inner shape: (3, 6), answer_df shape: (3, 3), response_df shape: (3, 4)
2026-08-07 18:18:54.762 | DEBUG    | eval.evaluation.evaluation:evaluate_single_query:321 - deep2wide_result_42_建安三神医, col 字, metric_func_name llm_judge, score [1, 1, 1]
2026-08-07 18:18:59.139 | DEBUG    | eval.evaluation.evaluation:evaluate_single_query:321 - deep2wide_result_42_建安三神医, col 籍贯, metric_func_name llm_judge, score [0, 1, 1]
2026-08-07 18:18:59.143 | INFO     | eval.evaluation.evaluation:evaluate_single_query:380 - deep2wide_result_42_建安三神医, P/R/F1 by unique_columns: 1.0000/1.0000/1.0000
2026-08-07 18:18:59.143 | INFO     | eval.evaluation.evaluation:evaluate_single_query:383 - deep2wide_result_42_建安三神医, P/R/F1 by row: 0.6667/0.6667/0.6667
2026-08-07 18:18:59.143 | INFO     | eval.evaluation.evaluation:evaluate_single_query:386 - deep2wide_result_42_建安三神医, P/R/F1 by item: 0.8889/0.8889/0.8889
2026-08-07 18:18:59.144 | INFO     | eval.evaluation.evaluation:evaluate_single_query:398 - deep2wide_result_42_建安三神医, final table score: 0.0
{"event": "eval_done", "idx": 5, "instance_id": "deep2wide_result_42_建安三神医", "score": 0.0, "entity_acc": 1.0, "f1_by_row": 0.6666666666666666, "f1_by_item": 0.8888888888888888, "column_f1": 1.0, "error": null, "elapsed_seconds": 11.781, "running_n": 5}
2026-08-07 18:19:04.156 | DEBUG    | eval.evaluation.data_loader:extract_dataframe:167 - find markdown_str 
| 姓名 | 参加年份 | 奖项 |
| --- | --- | --- |
| 刘潇 | 2013年 | 金牌 |
| 谢柏 ...
2026-08-07 18:19:06.900 | INFO     | eval.evaluation.metric_utils:primary_key_preprocess:246 - primary_key_preprocess result: ```json
{
  "刘潇": "刘潇",
  "谢柏庭": "谢柏庭"
}
```
2026-08-07 18:19:06.900 | INFO     | eval.evaluation.evaluation:evaluate_single_query:223 - col: 姓名, primary_key_map {'刘潇': '刘潇', '谢柏庭': '谢柏庭'}
2026-08-07 18:19:07.010 | INFO     | eval.evaluation.evaluation:evaluate_single_query:275 - deep2wide_result_48_乐清市知临中学, df_inner shape: (2, 6), answer_df shape: (6, 3), response_df shape: (2, 4)
2026-08-07 18:19:07.020 | DEBUG    | eval.evaluation.evaluation:metric_call:77 - metric_func_name date_near score 1.0 msg date near, response: 2007-07-08 00:00:00, target: 2007-07-08 00:00:00
2026-08-07 18:19:07.022 | DEBUG    | eval.evaluation.evaluation:metric_call:77 - metric_func_name date_near score 1.0 msg date near, response: 2007-08-13 00:00:00, target: 2007-08-13 00:00:00
2026-08-07 18:19:07.022 | DEBUG    | eval.evaluation.evaluation:evaluate_single_query:321 - deep2wide_result_48_乐清市知临中学, col 参加年份, metric_func_name date_near, score [1.0, 1.0]
2026-08-07 18:19:07.023 | DEBUG    | eval.evaluation.evaluation:metric_call:77 - metric_func_name exact_match score 1.0 msg exact match, response: 金牌, target: 金牌
2026-08-07 18:19:07.023 | DEBUG    | eval.evaluation.evaluation:metric_call:77 - metric_func_name exact_match score 1.0 msg exact match, response: 金牌, target: 金牌
2026-08-07 18:19:07.023 | DEBUG    | eval.evaluation.evaluation:evaluate_single_query:321 - deep2wide_result_48_乐清市知临中学, col 奖项, metric_func_name exact_match, score [1.0, 1.0]
2026-08-07 18:19:07.034 | INFO     | eval.evaluation.evaluation:evaluate_single_query:380 - deep2wide_result_48_乐清市知临中学, P/R/F1 by unique_columns: 1.0000/0.3333/0.5000
2026-08-07 18:19:07.035 | INFO     | eval.evaluation.evaluation:evaluate_single_query:383 - deep2wide_result_48_乐清市知临中学, P/R/F1 by row: 1.0000/0.3333/0.5000
2026-08-07 18:19:07.035 | INFO     | eval.evaluation.evaluation:evaluate_single_query:386 - deep2wide_result_48_乐清市知临中学, P/R/F1 by item: 1.0000/0.3333/0.5000
2026-08-07 18:19:07.036 | INFO     | eval.evaluation.evaluation:evaluate_single_query:398 - deep2wide_result_48_乐清市知临中学, final table score: 0.0
{"event": "eval_done", "idx": 6, "instance_id": "deep2wide_result_48_乐清市知临中学", "score": 0.0, "entity_acc": 1.0, "f1_by_row": 0.5, "f1_by_item": 0.5, "column_f1": 0.5, "error": null, "elapsed_seconds": 7.879, "running_n": 6}
{"event": "eval_done", "idx": 7, "instance_id": "deep2wide_result_51_安提帕特王朝", "score": 0.0, "entity_acc": 0.0, "f1_by_row": 0.0, "f1_by_item": 0.0, "column_f1": 0.0, "error": null, "elapsed_seconds": 2.215, "running_n": 7}
SUMMARY {"n": 7, "valid_n": 7, "errors": 0, "complete": true, "judge_calls_current_process": 20, "score": 0.0, "entity_acc": 0.7142857142857143, "precision_by_row": 0.3137254901960785, "recall_by_row": 0.21848739495798317, "f1_by_row": 0.242296918767507, "precision_by_item": 0.43090569561157793, "recall_by_item": 0.29801660247432304, "f1_by_item": 0.3262403812099552, "column_precision": 0.5210084033613446, "column_recall": 0.34561011904761907, "column_f1": 0.3788177339901478}
