INFO: Pandarallel will run on 8 workers.
INFO: Pandarallel will use Memory file system to transfer data between the main process and workers.
{"event": "eval_start", "selected": 7, "resume_committed": 0, "committed_errors": 0, "crash_only_resume": false}
2026-08-07 12:43:48.667 | DEBUG    | eval.evaluation.data_loader:extract_dataframe:167 - find markdown_str 
| 名称 | 面积 | 评定时间 |
| --- | --- | --- |
| 青海隆宝国家级自然保护区 | 10,000公 ...
2026-08-07 12:43:53.177 | INFO     | eval.evaluation.metric_utils:primary_key_preprocess:246 - primary_key_preprocess result: ```json
{
  "青海隆宝国家级自然保护区": "隆宝国家级自然保护区",
  "青海湖国家级自然保护区": "青海湖国家级自然保护区",
  "青海可可西里国家级自然保护区": "青海可可西里国家级自然保护区",
  "青海循化孟达国家级自然保护区": "青海孟达国家级自然保护区",
  "青海柴达木梭梭林国家级自然保护区": "青海柴达木梭梭林国家级自然保护区",
  "青海三江源国家级自然保护区": "青海三江源国家级自然保护区",
  "青海大通北川河源区国家级自然保护区": "青海大通北川河源区国家级自然保护区"
}
```
2026-08-07 12:43:53.177 | INFO     | eval.evaluation.evaluation:evaluate_single_query:223 - col: 名称, primary_key_map {'青海隆宝国家级自然保护区': '隆宝国家级自然保护区', '青海湖国家级自然保护区': '青海湖国家级自然保护区', '青海可可西里国家级自然保护区': '青海可可西里国家级自然保护区', '青海循化孟达国家级自然保护区': '青海孟达国家级自然保护区', '青海柴达木梭梭林国家级自然保护区': '青海柴达木梭梭林国家级自然保护区', '青海三江源国家级自然保护区': '青海三江源国家级自然保护区', '青海大通北川河源区国家级自然保护区': '青海大通北川河源区国家级自然保护区'}
2026-08-07 12:43:55.553 | INFO     | eval.evaluation.evaluation:evaluate_single_query:275 - deep2wide_result_77_青海省, df_inner shape: (7, 6), answer_df shape: (7, 3), response_df shape: (11, 4)
2026-08-07 12:43:55.554 | DEBUG    | eval.evaluation.evaluation:metric_call:77 - metric_func_name number_near score 1.0 msg number near in range 5.0%, response: 17290.0, target: 17290.0
2026-08-07 12:43:55.554 | DEBUG    | eval.evaluation.evaluation:metric_call:77 - metric_func_name number_near score 1.0 msg number near in range 5.0%, response: 495200.0, target: 495200.0
2026-08-07 12:43:55.554 | DEBUG    | eval.evaluation.evaluation:metric_call:77 - metric_func_name number_near score 0.0 msg number not near, response: 4500000.0, target: 45000.0
2026-08-07 12:43:55.554 | DEBUG    | eval.evaluation.evaluation:metric_call:77 - metric_func_name number_near score 1.0 msg number near in range 5.0%, response: 10000.0, target: 10000.0
2026-08-07 12:43:55.554 | DEBUG    | eval.evaluation.evaluation:metric_call:77 - metric_func_name number_near score 0.0 msg number not near, response: 15230000.0, target: 1523.0
2026-08-07 12:43:55.555 | DEBUG    | eval.evaluation.evaluation:metric_call:77 - metric_func_name number_near score 0.0 msg number not near, response: 36780.0, target: 3105.0
2026-08-07 12:43:55.555 | DEBUG    | eval.evaluation.evaluation:metric_call:77 - metric_func_name number_near score 1.0 msg number near in range 5.0%, response: 107870.0, target: 107870.0
2026-08-07 12:43:55.555 | DEBUG    | eval.evaluation.evaluation:evaluate_single_query:321 - deep2wide_result_77_青海省, col 面积, metric_func_name number_near, score [1.0, 1.0, 0.0, 1.0, 0.0, 0.0, 1.0]
2026-08-07 12:43:55.607 | DEBUG    | eval.evaluation.evaluation:metric_call:77 - metric_func_name date_near score 0.0 msg date not convertable, response: 2000-08-01, target: 36617
2026-08-07 12:43:55.656 | DEBUG    | eval.evaluation.evaluation:metric_call:77 - metric_func_name date_near score 0.0 msg date not convertable, response: 1997-08-01, target: 35765
2026-08-07 12:43:55.706 | DEBUG    | eval.evaluation.evaluation:metric_call:77 - metric_func_name date_near score 0.0 msg date not convertable, response: 1997-08-01, target: 35765
2026-08-07 12:43:55.756 | DEBUG    | eval.evaluation.evaluation:metric_call:77 - metric_func_name date_near score 0.0 msg date not convertable, response: 1986-08-01, target: 31625
2026-08-07 12:43:55.807 | DEBUG    | eval.evaluation.evaluation:metric_call:77 - metric_func_name date_near score 0.0 msg date not convertable, response: 2003-08-01, target: 36729
2026-08-07 12:43:55.857 | DEBUG    | eval.evaluation.evaluation:metric_call:77 - metric_func_name date_near score 0.0 msg date not convertable, response: 2000-08-01, target: 41456
2026-08-07 12:43:55.907 | DEBUG    | eval.evaluation.evaluation:metric_call:77 - metric_func_name date_near score 0.0 msg date not convertable, response: 2008-08-01, target: 41633
2026-08-07 12:43:55.908 | DEBUG    | eval.evaluation.evaluation:evaluate_single_query:321 - deep2wide_result_77_青海省, col 评定时间, metric_func_name date_near, score [0.0, 0.0, 0.0, 0.0, 0.0, 0.0, 0.0]
2026-08-07 12:43:55.913 | INFO     | eval.evaluation.evaluation:evaluate_single_query:380 - deep2wide_result_77_青海省, P/R/F1 by unique_columns: 0.6364/1.0000/0.7778
2026-08-07 12:43:55.913 | INFO     | eval.evaluation.evaluation:evaluate_single_query:383 - deep2wide_result_77_青海省, P/R/F1 by row: 0.0000/0.0000/0.0000
2026-08-07 12:43:55.913 | INFO     | eval.evaluation.evaluation:evaluate_single_query:386 - deep2wide_result_77_青海省, P/R/F1 by item: 0.3333/0.5238/0.4074
2026-08-07 12:43:55.915 | INFO     | eval.evaluation.evaluation:evaluate_single_query:398 - deep2wide_result_77_青海省, final table score: 0.0
{"event": "eval_done", "idx": 1, "instance_id": "deep2wide_result_77_青海省", "score": 0.0, "entity_acc": 1.0, "f1_by_row": 0.0, "f1_by_item": 0.40740740740740733, "column_f1": 0.7777777777777778, "error": null, "elapsed_seconds": 13.556, "running_n": 1}
2026-08-07 12:43:59.843 | DEBUG    | eval.evaluation.data_loader:extract_dataframe:167 - find markdown_str 
| 名称 | 评定时间 | 地址 |
| --- | --- | --- |
| 韶关市曹溪文化旅游景区 | -, 2005  ...
2026-08-07 12:44:04.924 | INFO     | eval.evaluation.metric_utils:primary_key_preprocess:246 - primary_key_preprocess result: ```json
{
  "韶关市曹溪文化旅游景区": "曹溪温泉假日度假村",
  "韶关市广东大峡谷景区": "广东大峡谷景区",
  "韶关市珠玑古巷·梅关古道景区": "珠玑巷.梅关古道景区",
  "韶关市新丰云天海温泉原始森林度假村景区": "新丰云天海原始森林度假村景区",
  "韶关市乳源丽宫国际旅游度假区": "丽宫旅游区",
  "韶关市云门山生态文化旅游区": "云门山生态文化旅游区",
  "韶关市经律论文化旅游小镇景区": "经律论文化旅游小镇景区",
  "韶关市古佛洞天景区": "古佛洞天景区",
  "韶关市东华山风景区": "东华山风景区",
  "韶关市满堂客家大围景区": "始兴县满堂客家大围景区",
  "韶关市帽子峰旅游景区": "南雄市帽子峰旅游景区"
}
```
2026-08-07 12:44:04.925 | INFO     | eval.evaluation.evaluation:evaluate_single_query:223 - col: 名称, primary_key_map {'韶关市曹溪文化旅游景区': '曹溪温泉假日度假村', '韶关市广东大峡谷景区': '广东大峡谷景区', '韶关市珠玑古巷·梅关古道景区': '珠玑巷.梅关古道景区', '韶关市新丰云天海温泉原始森林度假村景区': '新丰云天海原始森林度假村景区', '韶关市乳源丽宫国际旅游度假区': '丽宫旅游区', '韶关市云门山生态文化旅游区': '云门山生态文化旅游区', '韶关市经律论文化旅游小镇景区': '经律论文化旅游小镇景区', '韶关市古佛洞天景区': '古佛洞天景区', '韶关市东华山风景区': '东华山风景区', '韶关市满堂客家大围景区': '始兴县满堂客家大围景区', '韶关市帽子峰旅游景区': '南雄市帽子峰旅游景区'}
2026-08-07 12:44:04.959 | INFO     | eval.evaluation.evaluation:evaluate_single_query:275 - deep2wide_result_78_韶关市, df_inner shape: (11, 6), answer_df shape: (12, 3), response_df shape: (12, 4)
2026-08-07 12:44:04.963 | DEBUG    | eval.evaluation.evaluation:metric_call:77 - metric_func_name date_near score 0.0 msg date not near, response: 2005-08-01 00:00:00, target: 2007-08-20 00:00:00
2026-08-07 12:44:04.965 | DEBUG    | eval.evaluation.evaluation:metric_call:77 - metric_func_name date_near score 0.0 msg date not near, response: 2005-08-01 00:00:00, target: 2007-08-17 00:00:00
2026-08-07 12:44:04.967 | DEBUG    | eval.evaluation.evaluation:metric_call:77 - metric_func_name date_near score 0.0 msg date not near, response: 2018-08-01 00:00:00, target: 2007-08-16 00:00:00
2026-08-07 12:44:04.969 | DEBUG    | eval.evaluation.evaluation:metric_call:77 - metric_func_name date_near score 0.0 msg date not near, response: 2020-08-01 00:00:00, target: 2007-08-15 00:00:00
2026-08-07 12:44:04.971 | DEBUG    | eval.evaluation.evaluation:metric_call:77 - metric_func_name date_near score 0.0 msg date not near, response: 2010-08-01 00:00:00, target: 2007-08-15 00:00:00
2026-08-07 12:44:04.974 | DEBUG    | eval.evaluation.evaluation:metric_call:77 - metric_func_name date_near score 0.0 msg date not near, response: 2009-08-01 00:00:00, target: 2007-08-14 00:00:00
2026-08-07 12:44:04.976 | DEBUG    | eval.evaluation.evaluation:metric_call:77 - metric_func_name date_near score 0.0 msg date not near, response: 2010-08-01 00:00:00, target: 2007-12-08 00:00:00
2026-08-07 12:44:04.978 | DEBUG    | eval.evaluation.evaluation:metric_call:77 - metric_func_name date_near score 0.0 msg date not near, response: 2018-08-01 00:00:00, target: 2007-10-08 00:00:00
2026-08-07 12:44:04.980 | DEBUG    | eval.evaluation.evaluation:metric_call:77 - metric_func_name date_near score 0.0 msg date not near, response: 2020-08-01 00:00:00, target: 2007-08-08 00:00:00
2026-08-07 12:44:04.982 | DEBUG    | eval.evaluation.evaluation:metric_call:77 - metric_func_name date_near score 0.0 msg date not near, response: 2020-08-01 00:00:00, target: 2007-06-08 00:00:00
2026-08-07 12:44:04.985 | DEBUG    | eval.evaluation.evaluation:metric_call:77 - metric_func_name date_near score 0.0 msg date not near, response: 2020-08-01 00:00:00, target: 2007-03-08 00:00:00
2026-08-07 12:44:04.986 | DEBUG    | eval.evaluation.evaluation:evaluate_single_query:321 - deep2wide_result_78_韶关市, col 评定时间, metric_func_name date_near, score [0.0, 0.0, 0.0, 0.0, 0.0, 0.0, 0.0, 0.0, 0.0, 0.0, 0.0]
2026-08-07 12:44:10.636 | DEBUG    | eval.evaluation.evaluation:evaluate_single_query:321 - deep2wide_result_78_韶关市, col 地址, metric_func_name llm_judge, score [1, 1, 1, 1, 1, 1, 1, 0, 1, 1, 1]
2026-08-07 12:44:10.641 | INFO     | eval.evaluation.evaluation:evaluate_single_query:380 - deep2wide_result_78_韶关市, P/R/F1 by unique_columns: 0.9167/0.9167/0.9167
2026-08-07 12:44:10.641 | INFO     | eval.evaluation.evaluation:evaluate_single_query:383 - deep2wide_result_78_韶关市, P/R/F1 by row: 0.0000/0.0000/0.0000
2026-08-07 12:44:10.641 | INFO     | eval.evaluation.evaluation:evaluate_single_query:386 - deep2wide_result_78_韶关市, P/R/F1 by item: 0.5833/0.5833/0.5833
2026-08-07 12:44:10.643 | INFO     | eval.evaluation.evaluation:evaluate_single_query:398 - deep2wide_result_78_韶关市, final table score: 0.0
{"event": "eval_done", "idx": 2, "instance_id": "deep2wide_result_78_韶关市", "score": 0.0, "entity_acc": 1.0, "f1_by_row": 0.0, "f1_by_item": 0.5833333333333334, "column_f1": 0.9166666666666666, "error": null, "elapsed_seconds": 14.709, "running_n": 2}
2026-08-07 12:44:13.702 | DEBUG    | eval.evaluation.data_loader:extract_dataframe:167 - find markdown_str 
| 名称 | 创办时间 | 院校代码 |
| --- | --- | --- |
| 北京大学 | Jul 03, 1898  ...
2026-08-07 12:44:16.582 | INFO     | eval.evaluation.metric_utils:primary_key_preprocess:246 - primary_key_preprocess result: ```json
{
  "北京大学": "北京大学",
  "中国人民大学": "中国人民大学",
  "清华大学": "清华大学",
  "北京航空航天大学": "北京航空航天大学",
  "北京理工大学": "北京理工大学",
  "中国农业大学": "中国农业大学",
  "北京师范大学": "北京师范大学",
  "中央民族大学": "中央民族大学"
}
```
2026-08-07 12:44:16.582 | INFO     | eval.evaluation.evaluation:evaluate_single_query:223 - col: 名称, primary_key_map {'北京大学': '北京大学', '中国人民大学': '中国人民大学', '清华大学': '清华大学', '北京航空航天大学': '北京航空航天大学', '北京理工大学': '北京理工大学', '中国农业大学': '中国农业大学', '北京师范大学': '北京师范大学', '中央民族大学': '中央民族大学'}
2026-08-07 12:44:16.662 | INFO     | eval.evaluation.evaluation:evaluate_single_query:275 - deep2wide_result_79_北京, df_inner shape: (8, 6), answer_df shape: (9, 3), response_df shape: (8, 4)
2026-08-07 12:44:16.666 | DEBUG    | eval.evaluation.evaluation:metric_call:77 - metric_func_name date_near score 1.0 msg date near, response: 1898-07-03 00:00:00, target: 1898-07-03 00:00:00
2026-08-07 12:44:16.669 | DEBUG    | eval.evaluation.evaluation:metric_call:77 - metric_func_name date_near score 0.0 msg date not near, response: 1937-08-01 00:00:00, target: 1989-08-07 00:00:00
2026-08-07 12:44:16.671 | DEBUG    | eval.evaluation.evaluation:metric_call:77 - metric_func_name date_near score 0.0 msg date not near, response: 1911-04-29 00:00:00, target: 4109-08-01 00:00:00
2026-08-07 12:44:16.758 | DEBUG    | eval.evaluation.evaluation:metric_call:77 - metric_func_name date_near score 0.0 msg date not convertable, response: 1902-12-17, target: 124-08-07
2026-08-07 12:44:16.761 | DEBUG    | eval.evaluation.evaluation:metric_call:77 - metric_func_name date_near score 0.0 msg date not near, response: 1940-08-01 00:00:00, target: 1986-08-07 00:00:00
2026-08-07 12:44:16.813 | DEBUG    | eval.evaluation.evaluation:metric_call:77 - metric_func_name date_near score 0.0 msg date not convertable, response: 1952-10-25, target: 19292
2026-08-07 12:44:16.815 | DEBUG    | eval.evaluation.evaluation:metric_call:77 - metric_func_name date_near score 0.0 msg date not near, response: 1941-08-01 00:00:00, target: 1975-08-07 00:00:00
2026-08-07 12:44:16.896 | DEBUG    | eval.evaluation.evaluation:metric_call:77 - metric_func_name date_near score 0.0 msg date not convertable, response: 1905-08-01, target: 121-08-07
2026-08-07 12:44:16.898 | DEBUG    | eval.evaluation.evaluation:evaluate_single_query:321 - deep2wide_result_79_北京, col 创办时间, metric_func_name date_near, score [1.0, 0.0, 0.0, 0.0, 0.0, 0.0, 0.0, 0.0]
2026-08-07 12:44:16.898 | DEBUG    | eval.evaluation.evaluation:metric_call:77 - metric_func_name number_near score 1.0 msg number near in range 5.0%, response: 10001.0, target: 10001.0
2026-08-07 12:44:16.898 | DEBUG    | eval.evaluation.evaluation:metric_call:77 - metric_func_name number_near score 1.0 msg number near in range 5.0%, response: 10002.0, target: 10002.0
2026-08-07 12:44:16.898 | DEBUG    | eval.evaluation.evaluation:metric_call:77 - metric_func_name number_near score 1.0 msg number near in range 5.0%, response: 10003.0, target: 10003.0
2026-08-07 12:44:16.898 | DEBUG    | eval.evaluation.evaluation:metric_call:77 - metric_func_name number_near score 1.0 msg number near in range 5.0%, response: 10027.0, target: 10027.0
2026-08-07 12:44:16.898 | DEBUG    | eval.evaluation.evaluation:metric_call:77 - metric_func_name number_near score 1.0 msg number near in range 5.0%, response: 10007.0, target: 10007.0
2026-08-07 12:44:16.898 | DEBUG    | eval.evaluation.evaluation:metric_call:77 - metric_func_name number_near score 1.0 msg number near in range 5.0%, response: 10006.0, target: 10006.0
2026-08-07 12:44:16.899 | DEBUG    | eval.evaluation.evaluation:metric_call:77 - metric_func_name number_near score 1.0 msg number near in range 5.0%, response: 10052.0, target: 10052.0
2026-08-07 12:44:16.899 | DEBUG    | eval.evaluation.evaluation:metric_call:77 - metric_func_name number_near score 1.0 msg number near in range 5.0%, response: 10019.0, target: 10019.0
2026-08-07 12:44:16.899 | DEBUG    | eval.evaluation.evaluation:evaluate_single_query:321 - deep2wide_result_79_北京, col 院校代码, metric_func_name number_near, score [1.0, 1.0, 1.0, 1.0, 1.0, 1.0, 1.0, 1.0]
2026-08-07 12:44:16.904 | INFO     | eval.evaluation.evaluation:evaluate_single_query:380 - deep2wide_result_79_北京, P/R/F1 by unique_columns: 1.0000/0.8889/0.9412
2026-08-07 12:44:16.904 | INFO     | eval.evaluation.evaluation:evaluate_single_query:383 - deep2wide_result_79_北京, P/R/F1 by row: 0.1250/0.1111/0.1176
2026-08-07 12:44:16.904 | INFO     | eval.evaluation.evaluation:evaluate_single_query:386 - deep2wide_result_79_北京, P/R/F1 by item: 0.7083/0.6296/0.6667
2026-08-07 12:44:16.905 | INFO     | eval.evaluation.evaluation:evaluate_single_query:398 - deep2wide_result_79_北京, final table score: 0.0
{"event": "eval_done", "idx": 3, "instance_id": "deep2wide_result_79_北京", "score": 0.0, "entity_acc": 1.0, "f1_by_row": 0.11764705882352941, "f1_by_item": 0.6666666666666667, "column_f1": 0.9411764705882353, "error": null, "elapsed_seconds": 6.245, "running_n": 3}
{"event": "eval_done", "idx": 4, "instance_id": "deep2wide_result_80_安徽萧县", "score": 0.0, "entity_acc": 0.0, "f1_by_row": 0.0, "f1_by_item": 0.0, "column_f1": 0.0, "error": null, "elapsed_seconds": 3.215, "running_n": 4}
{"event": "eval_done", "idx": 5, "instance_id": "deep2wide_result_83_Cameroon", "score": 0.0, "entity_acc": 0.0, "f1_by_row": 0.0, "f1_by_item": 0.0, "column_f1": 0.0, "error": null, "elapsed_seconds": 2.906, "running_n": 5}
2026-08-07 12:44:25.750 | DEBUG    | eval.evaluation.data_loader:extract_dataframe:167 - find markdown_str 
| Program Name | Length | Annual International Tuition Fees | I ...
2026-08-07 12:44:28.483 | INFO     | eval.evaluation.metric_utils:primary_key_preprocess:246 - primary_key_preprocess result: ```json
{
  "programname": "programname",
  "length": "length",
  "annualinternationaltuitionfees": "annualinternationaltutionfees",
  "ieltsscorerequirement": "ieltsscorerequirement",
  "compulsorymoduletitles": "compulsorymoduletitles",
  "credits": "credits"
}
```
2026-08-07 12:44:28.483 | INFO     | eval.evaluation.evaluation:evaluate_single_query:172 - column map: {'programname': 'programname', 'length': 'length', 'annualinternationaltuitionfees': 'annualinternationaltutionfees', 'ieltsscorerequirement': 'ieltsscorerequirement', 'compulsorymoduletitles': 'compulsorymoduletitles', 'credits': 'credits'}
2026-08-07 12:44:28.484 | INFO     | eval.evaluation.evaluation:evaluate_single_query:173 - befor mapping: Index(['programname', 'length', 'annualinternationaltuitionfees',
       'ieltsscorerequirement', 'compulsorymoduletitles', 'credits'],
      dtype='object')
2026-08-07 12:44:28.485 | INFO     | eval.evaluation.evaluation:evaluate_single_query:175 - after mapping: Index(['programname', 'length', 'annualinternationaltutionfees',
       'ieltsscorerequirement', 'compulsorymoduletitles', 'credits'],
      dtype='object')
2026-08-07 12:44:32.908 | INFO     | eval.evaluation.metric_utils:primary_key_preprocess:246 - primary_key_preprocess result: ```json
{
  "MA Brands, Communication and Culture": "MA Brands, Communication & Culture",
  "MA Cultural Studies": "MA Cultural Studies",
  "MA Digital Media": "MA Digital Media",
  "MA Film and Screen Studies": "MA Film & Screen Studies",
  "MA Gender, Media and Culture": "MA Gender, Media & Culture",
  "MA Journalism": "MA Journalism",
  "MA Media and Communications": "MA Media and Communications",
  "MA Political Communications": "MA Political Communications",
  "MA Promotional Media: Public Relations, Advertising and Marketing": "MA Promotional Media: Public Relations, Advertising and Marketing",
  "MA Race, Media and Social Justice": "MA Race, Media and Social Justice"
}
```
2026-08-07 12:44:32.908 | INFO     | eval.evaluation.evaluation:evaluate_single_query:223 - col: programname, primary_key_map {'MA Brands, Communication and Culture': 'MA Brands, Communication & Culture', 'MA Cultural Studies': 'MA Cultural Studies', 'MA Digital Media': 'MA Digital Media', 'MA Film and Screen Studies': 'MA Film & Screen Studies', 'MA Gender, Media and Culture': 'MA Gender, Media & Culture', 'MA Journalism': 'MA Journalism', 'MA Media and Communications': 'MA Media and Communications', 'MA Political Communications': 'MA Political Communications', 'MA Promotional Media: Public Relations, Advertising and Marketing': 'MA Promotional Media: Public Relations, Advertising and Marketing', 'MA Race, Media and Social Justice': 'MA Race, Media and Social Justice'}
2026-08-07 12:44:32.916 | INFO     | eval.evaluation.evaluation:evaluate_single_query:275 - wide2deep_ws_en_009, df_inner shape: (10, 12), answer_df shape: (22, 6), response_df shape: (14, 7)
2026-08-07 12:44:36.943 | DEBUG    | eval.evaluation.evaluation:evaluate_single_query:321 - wide2deep_ws_en_009, col length, metric_func_name llm_judge, score [1, 1, 1, 1, 1, 1, 1, 1, 1, 1]
2026-08-07 12:44:36.944 | DEBUG    | eval.evaluation.evaluation:metric_call:77 - metric_func_name exact_match score 0.0 msg exact not match, response: /, target: £22,000
2026-08-07 12:44:36.944 | DEBUG    | eval.evaluation.evaluation:metric_call:77 - metric_func_name exact_match score 0.0 msg exact not match, response: /, target: £21,000
2026-08-07 12:44:36.944 | DEBUG    | eval.evaluation.evaluation:metric_call:77 - metric_func_name exact_match score 0.0 msg exact not match, response: /, target: £22,000
2026-08-07 12:44:36.944 | DEBUG    | eval.evaluation.evaluation:metric_call:77 - metric_func_name exact_match score 0.0 msg exact not match, response: /, target: £22,000
2026-08-07 12:44:36.944 | DEBUG    | eval.evaluation.evaluation:metric_call:77 - metric_func_name exact_match score 0.0 msg exact not match, response: /, target: £22,000
2026-08-07 12:44:36.944 | DEBUG    | eval.evaluation.evaluation:metric_call:77 - metric_func_name exact_match score 0.0 msg exact not match, response: /, target: £25,450
2026-08-07 12:44:36.945 | DEBUG    | eval.evaluation.evaluation:metric_call:77 - metric_func_name exact_match score 0.0 msg exact not match, response: £23,000, target: £22,000
2026-08-07 12:44:36.945 | DEBUG    | eval.evaluation.evaluation:metric_call:77 - metric_func_name exact_match score 0.0 msg exact not match, response: /, target: £22,000
2026-08-07 12:44:36.945 | DEBUG    | eval.evaluation.evaluation:metric_call:77 - metric_func_name exact_match score 0.0 msg exact not match, response: /, target: £22,000
2026-08-07 12:44:36.945 | DEBUG    | eval.evaluation.evaluation:metric_call:77 - metric_func_name exact_match score 0.0 msg exact not match, response: /, target: £22,000
2026-08-07 12:44:36.946 | DEBUG    | eval.evaluation.evaluation:evaluate_single_query:321 - wide2deep_ws_en_009, col annualinternationaltutionfees, metric_func_name exact_match, score [0.0, 0.0, 0.0, 0.0, 0.0, 0.0, 0.0, 0.0, 0.0, 0.0]
2026-08-07 12:44:40.739 | DEBUG    | eval.evaluation.evaluation:evaluate_single_query:321 - wide2deep_ws_en_009, col ieltsscorerequirement, metric_func_name llm_judge, score [1, 1, 1, 1, 1, 0, 1, 1, 1, 1]
2026-08-07 12:44:44.937 | DEBUG    | eval.evaluation.evaluation:evaluate_single_query:321 - wide2deep_ws_en_009, col compulsorymoduletitles, metric_func_name llm_judge, score [0, 0, 0, 0, 0, 0, 0, 0, 0, 0]
2026-08-07 12:44:48.091 | DEBUG    | eval.evaluation.evaluation:evaluate_single_query:321 - wide2deep_ws_en_009, col credits, metric_func_name llm_judge, score [0, 0, 0, 0, 0, 0, 0, 0, 0, 0]
2026-08-07 12:44:48.097 | INFO     | eval.evaluation.evaluation:evaluate_single_query:380 - wide2deep_ws_en_009, P/R/F1 by unique_columns: 0.7143/0.4545/0.5556
2026-08-07 12:44:48.097 | INFO     | eval.evaluation.evaluation:evaluate_single_query:383 - wide2deep_ws_en_009, P/R/F1 by row: 0.0000/0.0000/0.0000
2026-08-07 12:44:48.097 | INFO     | eval.evaluation.evaluation:evaluate_single_query:386 - wide2deep_ws_en_009, P/R/F1 by item: 0.3452/0.2197/0.2685
2026-08-07 12:44:48.099 | INFO     | eval.evaluation.evaluation:evaluate_single_query:398 - wide2deep_ws_en_009, final table score: 0.0
{"event": "eval_done", "idx": 6, "instance_id": "wide2deep_ws_en_009", "score": 0.0, "entity_acc": 1.0, "f1_by_row": 0.0, "f1_by_item": 0.2685185185185185, "column_f1": 0.5555555555555556, "error": null, "elapsed_seconds": 25.017, "running_n": 6}
2026-08-07 12:44:49.685 | DEBUG    | eval.evaluation.data_loader:extract_dataframe:167 - find markdown_str 
| Year | Champion | Host Stadium | Host City | Nielsen HHLD Rat ...
2026-08-07 12:44:52.488 | INFO     | eval.evaluation.metric_utils:primary_key_preprocess:246 - primary_key_preprocess result: ```json
{
  "2001": "2001",
  "2002": "2002",
  "2003": "2003",
  "2004": "2004",
  "2005": "2005",
  "2006": "2006",
  "2007": "2007",
  "2008": "2008",
  "2009": "2009",
  "2010": "2010",
  "2011": "2011",
  "2012": "2012",
  "2013": "2013",
  "2014": "2014",
  "2015": "2015",
  "2016": "2016",
  "2017": "2017",
  "2018": "2018",
  "2019": "2019",
  "2020": "2020",
  "2021": "2021",
  "2022": "2022",
  "2023": "2023",
  "2024": "2024",
  "2025": "2025"
}
```
2026-08-07 12:44:52.488 | INFO     | eval.evaluation.evaluation:evaluate_single_query:223 - col: year, primary_key_map {'2001': '2001', '2002': '2002', '2003': '2003', '2004': '2004', '2005': '2005', '2006': '2006', '2007': '2007', '2008': '2008', '2009': '2009', '2010': '2010', '2011': '2011', '2012': '2012', '2013': '2013', '2014': '2014', '2015': '2015', '2016': '2016', '2017': '2017', '2018': '2018', '2019': '2019', '2020': '2020', '2021': '2021', '2022': '2022', '2023': '2023', '2024': '2024', '2025': '2025'}
2026-08-07 12:44:52.496 | INFO     | eval.evaluation.evaluation:evaluate_single_query:275 - wide2deep_ws_en_024, df_inner shape: (25, 14), answer_df shape: (25, 7), response_df shape: (25, 8)
2026-08-07 12:44:52.497 | DEBUG    | eval.evaluation.evaluation:metric_call:77 - metric_func_name exact_match score 1.0 msg exact match, response: baltimoreravens, target: baltimoreravens
2026-08-07 12:44:52.498 | DEBUG    | eval.evaluation.evaluation:metric_call:77 - metric_func_name exact_match score 1.0 msg exact match, response: newenglandpatriots, target: newenglandpatriots
2026-08-07 12:44:52.498 | DEBUG    | eval.evaluation.evaluation:metric_call:77 - metric_func_name exact_match score 1.0 msg exact match, response: tampabaybuccaneers, target: tampabaybuccaneers
2026-08-07 12:44:52.498 | DEBUG    | eval.evaluation.evaluation:metric_call:77 - metric_func_name exact_match score 1.0 msg exact match, response: newenglandpatriots, target: newenglandpatriots
2026-08-07 12:44:52.498 | DEBUG    | eval.evaluation.evaluation:metric_call:77 - metric_func_name exact_match score 1.0 msg exact match, response: newenglandpatriots, target: newenglandpatriots
2026-08-07 12:44:52.498 | DEBUG    | eval.evaluation.evaluation:metric_call:77 - metric_func_name exact_match score 1.0 msg exact match, response: pittsburghsteelers, target: pittsburghsteelers
2026-08-07 12:44:52.498 | DEBUG    | eval.evaluation.evaluation:metric_call:77 - metric_func_name exact_match score 1.0 msg exact match, response: indianapoliscolts, target: indianapoliscolts
2026-08-07 12:44:52.498 | DEBUG    | eval.evaluation.evaluation:metric_call:77 - metric_func_name exact_match score 1.0 msg exact match, response: newyorkgiants, target: newyorkgiants
2026-08-07 12:44:52.498 | DEBUG    | eval.evaluation.evaluation:metric_call:77 - metric_func_name exact_match score 1.0 msg exact match, response: pittsburghsteelers, target: pittsburghsteelers
2026-08-07 12:44:52.498 | DEBUG    | eval.evaluation.evaluation:metric_call:77 - metric_func_name exact_match score 1.0 msg exact match, response: neworleanssaints, target: neworleanssaints
2026-08-07 12:44:52.498 | DEBUG    | eval.evaluation.evaluation:metric_call:77 - metric_func_name exact_match score 1.0 msg exact match, response: greenbaypackers, target: greenbaypackers
2026-08-07 12:44:52.498 | DEBUG    | eval.evaluation.evaluation:metric_call:77 - metric_func_name exact_match score 1.0 msg exact match, response: newyorkgiants, target: newyorkgiants
2026-08-07 12:44:52.498 | DEBUG    | eval.evaluation.evaluation:metric_call:77 - metric_func_name exact_match score 1.0 msg exact match, response: baltimoreravens, target: baltimoreravens
2026-08-07 12:44:52.498 | DEBUG    | eval.evaluation.evaluation:metric_call:77 - metric_func_name exact_match score 1.0 msg exact match, response: seattleseahawks, target: seattleseahawks
2026-08-07 12:44:52.498 | DEBUG    | eval.evaluation.evaluation:metric_call:77 - metric_func_name exact_match score 1.0 msg exact match, response: newenglandpatriots, target: newenglandpatriots
2026-08-07 12:44:52.498 | DEBUG    | eval.evaluation.evaluation:metric_call:77 - metric_func_name exact_match score 1.0 msg exact match, response: denverbroncos, target: denverbroncos
2026-08-07 12:44:52.498 | DEBUG    | eval.evaluation.evaluation:metric_call:77 - metric_func_name exact_match score 1.0 msg exact match, response: newenglandpatriots, target: newenglandpatriots
2026-08-07 12:44:52.498 | DEBUG    | eval.evaluation.evaluation:metric_call:77 - metric_func_name exact_match score 1.0 msg exact match, response: philadelphiaeagles, target: philadelphiaeagles
2026-08-07 12:44:52.498 | DEBUG    | eval.evaluation.evaluation:metric_call:77 - metric_func_name exact_match score 1.0 msg exact match, response: newenglandpatriots, target: newenglandpatriots
2026-08-07 12:44:52.498 | DEBUG    | eval.evaluation.evaluation:metric_call:77 - metric_func_name exact_match score 1.0 msg exact match, response: kansascitychiefs, target: kansascitychiefs
2026-08-07 12:44:52.499 | DEBUG    | eval.evaluation.evaluation:metric_call:77 - metric_func_name exact_match score 1.0 msg exact match, response: tampabaybuccaneers, target: tampabaybuccaneers
2026-08-07 12:44:52.499 | DEBUG    | eval.evaluation.evaluation:metric_call:77 - metric_func_name exact_match score 1.0 msg exact match, response: losangelesrams, target: losangelesrams
2026-08-07 12:44:52.499 | DEBUG    | eval.evaluation.evaluation:metric_call:77 - metric_func_name exact_match score 1.0 msg exact match, response: kansascitychiefs, target: kansascitychiefs
2026-08-07 12:44:52.499 | DEBUG    | eval.evaluation.evaluation:metric_call:77 - metric_func_name exact_match score 1.0 msg exact match, response: kansascitychiefs, target: kansascitychiefs
2026-08-07 12:44:52.499 | DEBUG    | eval.evaluation.evaluation:metric_call:77 - metric_func_name exact_match score 1.0 msg exact match, response: philadelphiaeagles, target: philadelphiaeagles
2026-08-07 12:44:52.499 | DEBUG    | eval.evaluation.evaluation:evaluate_single_query:321 - wide2deep_ws_en_024, col champion, metric_func_name exact_match, score [1.0, 1.0, 1.0, 1.0, 1.0, 1.0, 1.0, 1.0, 1.0, 1.0, 1.0, 1.0, 1.0, 1.0, 1.0, 1.0, 1.0, 1.0, 1.0, 1.0, 1.0, 1.0, 1.0, 1.0, 1.0]
2026-08-07 12:44:52.500 | DEBUG    | eval.evaluation.evaluation:metric_call:77 - metric_func_name exact_match score 1.0 msg exact match, response: raymondjamesstadium, target: raymondjamesstadium
2026-08-07 12:44:52.500 | DEBUG    | eval.evaluation.evaluation:metric_call:77 - metric_func_name exact_match score 1.0 msg exact match, response: louisianasuperdome, target: louisianasuperdome
2026-08-07 12:44:52.500 | DEBUG    | eval.evaluation.evaluation:metric_call:77 - metric_func_name exact_match score 1.0 msg exact match, response: qualcommstadium, target: qualcommstadium
2026-08-07 12:44:52.500 | DEBUG    | eval.evaluation.evaluation:metric_call:77 - metric_func_name exact_match score 1.0 msg exact match, response: reliantstadium, target: reliantstadium
2026-08-07 12:44:52.500 | DEBUG    | eval.evaluation.evaluation:metric_call:77 - metric_func_name exact_match score 1.0 msg exact match, response: alltelstadium, target: alltelstadium
2026-08-07 12:44:52.500 | DEBUG    | eval.evaluation.evaluation:metric_call:77 - metric_func_name exact_match score 1.0 msg exact match, response: fordfield, target: fordfield
2026-08-07 12:44:52.500 | DEBUG    | eval.evaluation.evaluation:metric_call:77 - metric_func_name exact_match score 1.0 msg exact match, response: dolphinstadium, target: dolphinstadium
2026-08-07 12:44:52.500 | DEBUG    | eval.evaluation.evaluation:metric_call:77 - metric_func_name exact_match score 1.0 msg exact match, response: universityofphoenixstadium, target: universityofphoenixstadium
2026-08-07 12:44:52.500 | DEBUG    | eval.evaluation.evaluation:metric_call:77 - metric_func_name exact_match score 1.0 msg exact match, response: raymondjamesstadium, target: raymondjamesstadium
2026-08-07 12:44:52.500 | DEBUG    | eval.evaluation.evaluation:metric_call:77 - metric_func_name exact_match score 1.0 msg exact match, response: sunlifestadium, target: sunlifestadium
2026-08-07 12:44:52.500 | DEBUG    | eval.evaluation.evaluation:metric_call:77 - metric_func_name exact_match score 1.0 msg exact match, response: cowboysstadium, target: cowboysstadium
2026-08-07 12:44:52.500 | DEBUG    | eval.evaluation.evaluation:metric_call:77 - metric_func_name exact_match score 1.0 msg exact match, response: lucasoilstadium, target: lucasoilstadium
2026-08-07 12:44:52.500 | DEBUG    | eval.evaluation.evaluation:metric_call:77 - metric_func_name exact_match score 1.0 msg exact match, response: mercedes-benzsuperdome, target: mercedes-benzsuperdome
2026-08-07 12:44:52.500 | DEBUG    | eval.evaluation.evaluation:metric_call:77 - metric_func_name exact_match score 1.0 msg exact match, response: metlifestadium, target: metlifestadium
2026-08-07 12:44:52.500 | DEBUG    | eval.evaluation.evaluation:metric_call:77 - metric_func_name exact_match score 1.0 msg exact match, response: universityofphoenixstadium, target: universityofphoenixstadium
2026-08-07 12:44:52.500 | DEBUG    | eval.evaluation.evaluation:metric_call:77 - metric_func_name exact_match score 1.0 msg exact match, response: levi'sstadium, target: levi'sstadium
2026-08-07 12:44:52.500 | DEBUG    | eval.evaluation.evaluation:metric_call:77 - metric_func_name exact_match score 1.0 msg exact match, response: nrgstadium, target: nrgstadium
2026-08-07 12:44:52.500 | DEBUG    | eval.evaluation.evaluation:metric_call:77 - metric_func_name exact_match score 1.0 msg exact match, response: u.s.bankstadium, target: u.s.bankstadium
2026-08-07 12:44:52.500 | DEBUG    | eval.evaluation.evaluation:metric_call:77 - metric_func_name exact_match score 1.0 msg exact match, response: mercedes-benzstadium, target: mercedes-benzstadium
2026-08-07 12:44:52.501 | DEBUG    | eval.evaluation.evaluation:metric_call:77 - metric_func_name exact_match score 1.0 msg exact match, response: hardrockstadium, target: hardrockstadium
2026-08-07 12:44:52.501 | DEBUG    | eval.evaluation.evaluation:metric_call:77 - metric_func_name exact_match score 1.0 msg exact match, response: raymondjamesstadium, target: raymondjamesstadium
2026-08-07 12:44:52.501 | DEBUG    | eval.evaluation.evaluation:metric_call:77 - metric_func_name exact_match score 1.0 msg exact match, response: sofistadium, target: sofistadium
2026-08-07 12:44:52.501 | DEBUG    | eval.evaluation.evaluation:metric_call:77 - metric_func_name exact_match score 1.0 msg exact match, response: statefarmstadium, target: statefarmstadium
2026-08-07 12:44:52.501 | DEBUG    | eval.evaluation.evaluation:metric_call:77 - metric_func_name exact_match score 1.0 msg exact match, response: allegiantstadium, target: allegiantstadium
2026-08-07 12:44:52.501 | DEBUG    | eval.evaluation.evaluation:metric_call:77 - metric_func_name exact_match score 1.0 msg exact match, response: caesarssuperdome, target: caesarssuperdome
2026-08-07 12:44:52.501 | DEBUG    | eval.evaluation.evaluation:evaluate_single_query:321 - wide2deep_ws_en_024, col hoststadium, metric_func_name exact_match, score [1.0, 1.0, 1.0, 1.0, 1.0, 1.0, 1.0, 1.0, 1.0, 1.0, 1.0, 1.0, 1.0, 1.0, 1.0, 1.0, 1.0, 1.0, 1.0, 1.0, 1.0, 1.0, 1.0, 1.0, 1.0]
2026-08-07 12:44:52.502 | DEBUG    | eval.evaluation.evaluation:metric_call:77 - metric_func_name exact_match score 1.0 msg exact match, response: tampa, target: tampa
2026-08-07 12:44:52.502 | DEBUG    | eval.evaluation.evaluation:metric_call:77 - metric_func_name exact_match score 1.0 msg exact match, response: neworleans, target: neworleans
2026-08-07 12:44:52.502 | DEBUG    | eval.evaluation.evaluation:metric_call:77 - metric_func_name exact_match score 1.0 msg exact match, response: sandiego, target: sandiego
2026-08-07 12:44:52.502 | DEBUG    | eval.evaluation.evaluation:metric_call:77 - metric_func_name exact_match score 1.0 msg exact match, response: houston, target: houston
2026-08-07 12:44:52.502 | DEBUG    | eval.evaluation.evaluation:metric_call:77 - metric_func_name exact_match score 1.0 msg exact match, response: jacksonville, target: jacksonville
2026-08-07 12:44:52.502 | DEBUG    | eval.evaluation.evaluation:metric_call:77 - metric_func_name exact_match score 1.0 msg exact match, response: detroit, target: detroit
2026-08-07 12:44:52.502 | DEBUG    | eval.evaluation.evaluation:metric_call:77 - metric_func_name exact_match score 1.0 msg exact match, response: miamigardens, target: miamigardens
2026-08-07 12:44:52.502 | DEBUG    | eval.evaluation.evaluation:metric_call:77 - metric_func_name exact_match score 1.0 msg exact match, response: glendale, target: glendale
2026-08-07 12:44:52.502 | DEBUG    | eval.evaluation.evaluation:metric_call:77 - metric_func_name exact_match score 1.0 msg exact match, response: tampa, target: tampa
2026-08-07 12:44:52.502 | DEBUG    | eval.evaluation.evaluation:metric_call:77 - metric_func_name exact_match score 1.0 msg exact match, response: miamigardens, target: miamigardens
2026-08-07 12:44:52.502 | DEBUG    | eval.evaluation.evaluation:metric_call:77 - metric_func_name exact_match score 1.0 msg exact match, response: arlington, target: arlington
2026-08-07 12:44:52.502 | DEBUG    | eval.evaluation.evaluation:metric_call:77 - metric_func_name exact_match score 1.0 msg exact match, response: indianapolis, target: indianapolis
2026-08-07 12:44:52.502 | DEBUG    | eval.evaluation.evaluation:metric_call:77 - metric_func_name exact_match score 1.0 msg exact match, response: neworleans, target: neworleans
2026-08-07 12:44:52.502 | DEBUG    | eval.evaluation.evaluation:metric_call:77 - metric_func_name exact_match score 1.0 msg exact match, response: eastrutherford, target: eastrutherford
2026-08-07 12:44:52.502 | DEBUG    | eval.evaluation.evaluation:metric_call:77 - metric_func_name exact_match score 1.0 msg exact match, response: glendale, target: glendale
2026-08-07 12:44:52.502 | DEBUG    | eval.evaluation.evaluation:metric_call:77 - metric_func_name exact_match score 1.0 msg exact match, response: santaclara, target: santaclara
2026-08-07 12:44:52.502 | DEBUG    | eval.evaluation.evaluation:metric_call:77 - metric_func_name exact_match score 1.0 msg exact match, response: houston, target: houston
2026-08-07 12:44:52.502 | DEBUG    | eval.evaluation.evaluation:metric_call:77 - metric_func_name exact_match score 1.0 msg exact match, response: minneapolis, target: minneapolis
2026-08-07 12:44:52.502 | DEBUG    | eval.evaluation.evaluation:metric_call:77 - metric_func_name exact_match score 1.0 msg exact match, response: atlanta, target: atlanta
2026-08-07 12:44:52.502 | DEBUG    | eval.evaluation.evaluation:metric_call:77 - metric_func_name exact_match score 1.0 msg exact match, response: miamigardens, target: miamigardens
2026-08-07 12:44:52.503 | DEBUG    | eval.evaluation.evaluation:metric_call:77 - metric_func_name exact_match score 1.0 msg exact match, response: tampa, target: tampa
2026-08-07 12:44:52.503 | DEBUG    | eval.evaluation.evaluation:metric_call:77 - metric_func_name exact_match score 1.0 msg exact match, response: inglewood, target: inglewood
2026-08-07 12:44:52.503 | DEBUG    | eval.evaluation.evaluation:metric_call:77 - metric_func_name exact_match score 1.0 msg exact match, response: glendale, target: glendale
2026-08-07 12:44:52.503 | DEBUG    | eval.evaluation.evaluation:metric_call:77 - metric_func_name exact_match score 0.0 msg exact not match, response: lasvegas, target: paradise
2026-08-07 12:44:52.503 | DEBUG    | eval.evaluation.evaluation:metric_call:77 - metric_func_name exact_match score 1.0 msg exact match, response: neworleans, target: neworleans
2026-08-07 12:44:52.503 | DEBUG    | eval.evaluation.evaluation:evaluate_single_query:321 - wide2deep_ws_en_024, col hostcity, metric_func_name exact_match, score [1.0, 1.0, 1.0, 1.0, 1.0, 1.0, 1.0, 1.0, 1.0, 1.0, 1.0, 1.0, 1.0, 1.0, 1.0, 1.0, 1.0, 1.0, 1.0, 1.0, 1.0, 1.0, 1.0, 0.0, 1.0]
2026-08-07 12:44:52.504 | DEBUG    | eval.evaluation.evaluation:metric_call:77 - metric_func_name number_near score 1.0 msg number near in range 5.0%, response: 40.4, target: 40.4
2026-08-07 12:44:52.504 | DEBUG    | eval.evaluation.evaluation:metric_call:77 - metric_func_name number_near score 1.0 msg number near in range 5.0%, response: 40.4, target: 40.4
2026-08-07 12:44:52.504 | DEBUG    | eval.evaluation.evaluation:metric_call:77 - metric_func_name number_near score 1.0 msg number near in range 5.0%, response: 40.7, target: 40.7
2026-08-07 12:44:52.504 | DEBUG    | eval.evaluation.evaluation:metric_call:77 - metric_func_name number_near score 1.0 msg number near in range 5.0%, response: 41.4, target: 41.4
2026-08-07 12:44:52.504 | DEBUG    | eval.evaluation.evaluation:metric_call:77 - metric_func_name number_near score 1.0 msg number near in range 5.0%, response: 41.1, target: 41.1
2026-08-07 12:44:52.504 | DEBUG    | eval.evaluation.evaluation:metric_call:77 - metric_func_name number_near score 1.0 msg number near in range 5.0%, response: 41.6, target: 41.6
2026-08-07 12:44:52.504 | DEBUG    | eval.evaluation.evaluation:metric_call:77 - metric_func_name number_near score 1.0 msg number near in range 5.0%, response: 42.6, target: 42.6
2026-08-07 12:44:52.504 | DEBUG    | eval.evaluation.evaluation:metric_call:77 - metric_func_name number_near score 1.0 msg number near in range 5.0%, response: 43.1, target: 43.3
2026-08-07 12:44:52.504 | DEBUG    | eval.evaluation.evaluation:metric_call:77 - metric_func_name number_near score 1.0 msg number near in range 5.0%, response: 42.0, target: 42.0
2026-08-07 12:44:52.504 | DEBUG    | eval.evaluation.evaluation:metric_call:77 - metric_func_name number_near score 1.0 msg number near in range 5.0%, response: 45.0, target: 45.0
2026-08-07 12:44:52.504 | DEBUG    | eval.evaluation.evaluation:metric_call:77 - metric_func_name number_near score 1.0 msg number near in range 5.0%, response: 46.0, target: 46.0
2026-08-07 12:44:52.504 | DEBUG    | eval.evaluation.evaluation:metric_call:77 - metric_func_name number_near score 1.0 msg number near in range 5.0%, response: 47.0, target: 47.1
2026-08-07 12:44:52.504 | DEBUG    | eval.evaluation.evaluation:metric_call:77 - metric_func_name number_near score 1.0 msg number near in range 5.0%, response: 46.4, target: 46.4
2026-08-07 12:44:52.504 | DEBUG    | eval.evaluation.evaluation:metric_call:77 - metric_func_name number_near score 1.0 msg number near in range 5.0%, response: 46.7, target: 46.7
2026-08-07 12:44:52.504 | DEBUG    | eval.evaluation.evaluation:metric_call:77 - metric_func_name number_near score 1.0 msg number near in range 5.0%, response: 47.5, target: 47.5
2026-08-07 12:44:52.504 | DEBUG    | eval.evaluation.evaluation:metric_call:77 - metric_func_name number_near score 1.0 msg number near in range 5.0%, response: 46.6, target: 46.6
2026-08-07 12:44:52.504 | DEBUG    | eval.evaluation.evaluation:metric_call:77 - metric_func_name number_near score 1.0 msg number near in range 5.0%, response: 45.3, target: 45.3
2026-08-07 12:44:52.504 | DEBUG    | eval.evaluation.evaluation:metric_call:77 - metric_func_name number_near score 1.0 msg number near in range 5.0%, response: 43.1, target: 43.1
2026-08-07 12:44:52.504 | DEBUG    | eval.evaluation.evaluation:metric_call:77 - metric_func_name number_near score 1.0 msg number near in range 5.0%, response: 41.1, target: 41.4
2026-08-07 12:44:52.505 | DEBUG    | eval.evaluation.evaluation:metric_call:77 - metric_func_name number_near score 1.0 msg number near in range 5.0%, response: 41.6, target: 42.0
2026-08-07 12:44:52.505 | DEBUG    | eval.evaluation.evaluation:metric_call:77 - metric_func_name number_near score 1.0 msg number near in range 5.0%, response: 38.2, target: 38.4
2026-08-07 12:44:52.505 | DEBUG    | eval.evaluation.evaluation:metric_call:77 - metric_func_name number_near score 1.0 msg number near in range 5.0%, response: 36.9, target: 37.9
2026-08-07 12:44:52.505 | DEBUG    | eval.evaluation.evaluation:metric_call:77 - metric_func_name number_near score 1.0 msg number near in range 5.0%, response: 40.0, target: 40.7
2026-08-07 12:44:52.505 | DEBUG    | eval.evaluation.evaluation:metric_call:77 - metric_func_name number_near score 1.0 msg number near in range 5.0%, response: 43.5, target: 43.5
2026-08-07 12:44:52.505 | DEBUG    | eval.evaluation.evaluation:metric_call:77 - metric_func_name number_near score 0.0 msg number not convertable, response: None, target: 41.7
2026-08-07 12:44:52.505 | DEBUG    | eval.evaluation.evaluation:evaluate_single_query:321 - wide2deep_ws_en_024, col nielsenhhldrating, metric_func_name number_near, score [1.0, 1.0, 1.0, 1.0, 1.0, 1.0, 1.0, 1.0, 1.0, 1.0, 1.0, 1.0, 1.0, 1.0, 1.0, 1.0, 1.0, 1.0, 1.0, 1.0, 1.0, 1.0, 1.0, 1.0, 0.0]
2026-08-07 12:44:52.506 | DEBUG    | eval.evaluation.evaluation:metric_call:77 - metric_func_name number_near score 1.0 msg number near in range 5.0%, response: 84.34, target: 84.3
2026-08-07 12:44:52.506 | DEBUG    | eval.evaluation.evaluation:metric_call:77 - metric_func_name number_near score 1.0 msg number near in range 5.0%, response: 86.8, target: 86.8
2026-08-07 12:44:52.506 | DEBUG    | eval.evaluation.evaluation:metric_call:77 - metric_func_name number_near score 1.0 msg number near in range 5.0%, response: 88.64, target: 88.6
2026-08-07 12:44:52.506 | DEBUG    | eval.evaluation.evaluation:metric_call:77 - metric_func_name number_near score 1.0 msg number near in range 5.0%, response: 89.8, target: 89.8
2026-08-07 12:44:52.506 | DEBUG    | eval.evaluation.evaluation:metric_call:77 - metric_func_name number_near score 1.0 msg number near in range 5.0%, response: 86.07, target: 86.0
2026-08-07 12:44:52.506 | DEBUG    | eval.evaluation.evaluation:metric_call:77 - metric_func_name number_near score 1.0 msg number near in range 5.0%, response: 90.75, target: 90.7
2026-08-07 12:44:52.506 | DEBUG    | eval.evaluation.evaluation:metric_call:77 - metric_func_name number_near score 1.0 msg number near in range 5.0%, response: 93.18, target: 93.2
2026-08-07 12:44:52.506 | DEBUG    | eval.evaluation.evaluation:metric_call:77 - metric_func_name number_near score 1.0 msg number near in range 5.0%, response: 97.45, target: 97.5
2026-08-07 12:44:52.506 | DEBUG    | eval.evaluation.evaluation:metric_call:77 - metric_func_name number_near score 1.0 msg number near in range 5.0%, response: 98.73, target: 98.7
2026-08-07 12:44:52.506 | DEBUG    | eval.evaluation.evaluation:metric_call:77 - metric_func_name number_near score 1.0 msg number near in range 5.0%, response: 106.48, target: 106.5
2026-08-07 12:44:52.506 | DEBUG    | eval.evaluation.evaluation:metric_call:77 - metric_func_name number_near score 1.0 msg number near in range 5.0%, response: 111.01, target: 111.0
2026-08-07 12:44:52.506 | DEBUG    | eval.evaluation.evaluation:metric_call:77 - metric_func_name number_near score 1.0 msg number near in range 5.0%, response: 111.35, target: 111.3
2026-08-07 12:44:52.506 | DEBUG    | eval.evaluation.evaluation:metric_call:77 - metric_func_name number_near score 1.0 msg number near in range 5.0%, response: 108.69, target: 108.7
2026-08-07 12:44:52.506 | DEBUG    | eval.evaluation.evaluation:metric_call:77 - metric_func_name number_near score 1.0 msg number near in range 5.0%, response: 112.19, target: 111.5
2026-08-07 12:44:52.506 | DEBUG    | eval.evaluation.evaluation:metric_call:77 - metric_func_name number_near score 1.0 msg number near in range 5.0%, response: 114.44, target: 114.4
2026-08-07 12:44:52.506 | DEBUG    | eval.evaluation.evaluation:metric_call:77 - metric_func_name number_near score 1.0 msg number near in range 5.0%, response: 111.86, target: 111.9
2026-08-07 12:44:52.506 | DEBUG    | eval.evaluation.evaluation:metric_call:77 - metric_func_name number_near score 1.0 msg number near in range 5.0%, response: 111.32, target: 111.3
2026-08-07 12:44:52.506 | DEBUG    | eval.evaluation.evaluation:metric_call:77 - metric_func_name number_near score 1.0 msg number near in range 5.0%, response: 103.39, target: 103.4
2026-08-07 12:44:52.506 | DEBUG    | eval.evaluation.evaluation:metric_call:77 - metric_func_name number_near score 1.0 msg number near in range 5.0%, response: 98.19, target: 98.2
2026-08-07 12:44:52.507 | DEBUG    | eval.evaluation.evaluation:metric_call:77 - metric_func_name number_near score 1.0 msg number near in range 5.0%, response: 100.45, target: 102.1
2026-08-07 12:44:52.507 | DEBUG    | eval.evaluation.evaluation:metric_call:77 - metric_func_name number_near score 1.0 msg number near in range 5.0%, response: 91.63, target: 96.4
2026-08-07 12:44:52.507 | DEBUG    | eval.evaluation.evaluation:metric_call:77 - metric_func_name number_near score 0.0 msg number not near, response: 99.18, target: 112.3
2026-08-07 12:44:52.507 | DEBUG    | eval.evaluation.evaluation:metric_call:77 - metric_func_name number_near score 1.0 msg number near in range 5.0%, response: 115.1, target: 115.1
2026-08-07 12:44:52.507 | DEBUG    | eval.evaluation.evaluation:metric_call:77 - metric_func_name number_near score 1.0 msg number near in range 5.0%, response: 123.7, target: 123.7
2026-08-07 12:44:52.507 | DEBUG    | eval.evaluation.evaluation:metric_call:77 - metric_func_name number_near score 1.0 msg number near in range 5.0%, response: 127.7, target: 127.7
2026-08-07 12:44:52.507 | DEBUG    | eval.evaluation.evaluation:evaluate_single_query:321 - wide2deep_ws_en_024, col viewership(million), metric_func_name number_near, score [1.0, 1.0, 1.0, 1.0, 1.0, 1.0, 1.0, 1.0, 1.0, 1.0, 1.0, 1.0, 1.0, 1.0, 1.0, 1.0, 1.0, 1.0, 1.0, 1.0, 1.0, 0.0, 1.0, 1.0, 1.0]
2026-08-07 12:44:58.086 | DEBUG    | eval.evaluation.evaluation:evaluate_single_query:321 - wide2deep_ws_en_024, col half-timeshowsponsors, metric_func_name llm_judge, score [1, 1, 1, 0, 1, 1, 1, 1, 1, 1, 1, 1, 1, 1, 1, 1, 1, 1, 1, 0, 1, 1, 1, 1, 1]
2026-08-07 12:44:58.091 | INFO     | eval.evaluation.evaluation:evaluate_single_query:380 - wide2deep_ws_en_024, P/R/F1 by unique_columns: 1.0000/1.0000/1.0000
2026-08-07 12:44:58.091 | INFO     | eval.evaluation.evaluation:evaluate_single_query:383 - wide2deep_ws_en_024, P/R/F1 by row: 0.8000/0.8000/0.8000
2026-08-07 12:44:58.091 | INFO     | eval.evaluation.evaluation:evaluate_single_query:386 - wide2deep_ws_en_024, P/R/F1 by item: 0.9714/0.9714/0.9714
2026-08-07 12:44:58.096 | INFO     | eval.evaluation.evaluation:evaluate_single_query:398 - wide2deep_ws_en_024, final table score: 0.0
{"event": "eval_done", "idx": 7, "instance_id": "wide2deep_ws_en_024", "score": 0.0, "entity_acc": 1.0, "f1_by_row": 0.8000000000000002, "f1_by_item": 0.9714285714285714, "column_f1": 1.0, "error": null, "elapsed_seconds": 9.978, "running_n": 7}
SUMMARY {"n": 7, "valid_n": 7, "errors": 0, "complete": true, "judge_calls_current_process": 19, "score": 0.0, "entity_acc": 0.7142857142857143, "precision_by_row": 0.13214285714285715, "recall_by_row": 0.13015873015873017, "f1_by_row": 0.13109243697478995, "precision_by_item": 0.42023809523809524, "recall_by_item": 0.4182711468425754, "f1_by_item": 0.41390778533635675, "column_precision": 0.6096165739022882, "column_recall": 0.6085858585858587, "column_f1": 0.5987394957983193}
