INFO: Pandarallel will run on 8 workers.
INFO: Pandarallel will use Memory file system to transfer data between the main process and workers.
{"event": "eval_start", "selected": 7, "resume_committed": 0, "committed_errors": 0, "crash_only_resume": false}
{"event": "eval_done", "idx": 1, "instance_id": "deep2wide_result_19_四川省", "score": 0.0, "entity_acc": 0.0, "f1_by_row": 0.0, "f1_by_item": 0.0, "column_f1": 0.0, "error": null, "elapsed_seconds": 4.151, "running_n": 1}
{"event": "eval_done", "idx": 2, "instance_id": "deep2wide_result_26_陈奕迅", "score": 0.0, "entity_acc": 0.0, "f1_by_row": 0.0, "f1_by_item": 0.0, "column_f1": 0.0, "error": null, "elapsed_seconds": 1.175, "running_n": 2}
2026-08-07 12:44:01.390 | DEBUG    | eval.evaluation.data_loader:extract_dataframe:167 - find markdown_str 
| 中文名称 | 配音角色 | 原作者 | 原版名称 |
| --- | --- | --- | --- |
| 玻璃假面 | ...
2026-08-07 12:44:06.276 | INFO     | eval.evaluation.metric_utils:primary_key_preprocess:246 - primary_key_preprocess result: ```json
{
  "玻璃假面": "玻璃假面",
  "索斯机械兽V": "机兽创世纪",
  "韋駄天翔": "韦驮天翔"
}
```
2026-08-07 12:44:06.276 | INFO     | eval.evaluation.evaluation:evaluate_single_query:223 - col: 中文名称, primary_key_map {'玻璃假面': '玻璃假面', '索斯机械兽V': '机兽创世纪', '韋駄天翔': '韦驮天翔'}
2026-08-07 12:44:06.285 | INFO     | eval.evaluation.evaluation:evaluate_single_query:275 - deep2wide_result_39_根本圭子, df_inner shape: (3, 8), answer_df shape: (10, 4), response_df shape: (3, 5)
2026-08-07 12:44:09.057 | DEBUG    | eval.evaluation.evaluation:evaluate_single_query:321 - deep2wide_result_39_根本圭子, col 配音角色, metric_func_name llm_judge, score [0, 0, 0]
2026-08-07 12:44:12.151 | DEBUG    | eval.evaluation.evaluation:evaluate_single_query:321 - deep2wide_result_39_根本圭子, col 原作者, metric_func_name llm_judge, score [0, 1, 0]
2026-08-07 12:44:16.310 | DEBUG    | eval.evaluation.evaluation:evaluate_single_query:321 - deep2wide_result_39_根本圭子, col 原版名称, metric_func_name llm_judge, score [1, 1, 1]
2026-08-07 12:44:16.319 | INFO     | eval.evaluation.evaluation:evaluate_single_query:380 - deep2wide_result_39_根本圭子, P/R/F1 by unique_columns: 1.0000/0.3000/0.4615
2026-08-07 12:44:16.319 | INFO     | eval.evaluation.evaluation:evaluate_single_query:383 - deep2wide_result_39_根本圭子, P/R/F1 by row: 0.0000/0.0000/0.0000
2026-08-07 12:44:16.319 | INFO     | eval.evaluation.evaluation:evaluate_single_query:386 - deep2wide_result_39_根本圭子, P/R/F1 by item: 0.5833/0.1750/0.2692
2026-08-07 12:44:16.321 | INFO     | eval.evaluation.evaluation:evaluate_single_query:398 - deep2wide_result_39_根本圭子, final table score: 0.0
{"event": "eval_done", "idx": 3, "instance_id": "deep2wide_result_39_根本圭子", "score": 0.0, "entity_acc": 1.0, "f1_by_row": 0.0, "f1_by_item": 0.2692307692307692, "column_f1": 0.4615384615384615, "error": null, "elapsed_seconds": 28.7, "running_n": 3}
2026-08-07 12:44:17.243 | DEBUG    | eval.evaluation.data_loader:extract_dataframe:167 - find markdown_str 
| 名称 | 营业收入百万美元 | 所属国家 |
| --- | --- | --- |
| 沃尔玛（Walmart） | 6 ...
2026-08-07 12:44:20.263 | INFO     | eval.evaluation.metric_utils:primary_key_preprocess:246 - primary_key_preprocess result: ```json
{
  "名称": "名称",
  "营业收入百万美元": "营业收入（百万美元）",
  "所属国家": "所属国家"
}
```
2026-08-07 12:44:20.263 | INFO     | eval.evaluation.evaluation:evaluate_single_query:172 - column map: {'名称': '名称', '营业收入百万美元': '营业收入（百万美元）', '所属国家': '所属国家'}
2026-08-07 12:44:20.264 | INFO     | eval.evaluation.evaluation:evaluate_single_query:173 - befor mapping: Index(['名称', '营业收入百万美元', '所属国家'], dtype='object')
2026-08-07 12:44:20.265 | INFO     | eval.evaluation.evaluation:evaluate_single_query:175 - after mapping: Index(['名称', '营业收入（百万美元）', '所属国家'], dtype='object')
2026-08-07 12:44:23.794 | INFO     | eval.evaluation.metric_utils:primary_key_preprocess:246 - primary_key_preprocess result: ```json
{
  "沃尔玛（Walmart）": "沃尔玛公司",
  "亚马逊（Amazon）": "亚马逊",
  "国家电网有限公司（State Grid）": "国家电网有限公司",
  "沙特阿美（Saudi Aramco）": "沙特阿拉伯国家石油公司",
  "中国石油化工集团有限公司（Sinopec Group）": "中国石油化工集团有限公司",
  "中国石油天然气集团有限公司（China National Petroleum）": "中国石油天然气集团有限公司",
  "联合健康集团（UnitedHealth Group）": "联合健康集团",
  "苹果公司（Apple）": "苹果公司",
  "CVS Health": "CVS Health",
  "伯克希尔－哈撒韦（Berkshire Hathaway）": "伯克希尔·哈撒韦公司"
}
```
2026-08-07 12:44:23.795 | INFO     | eval.evaluation.evaluation:evaluate_single_query:223 - col: 名称, primary_key_map {'沃尔玛（Walmart）': '沃尔玛公司', '亚马逊（Amazon）': '亚马逊', '国家电网有限公司（State Grid）': '国家电网有限公司', '沙特阿美（Saudi Aramco）': '沙特阿拉伯国家石油公司', '中国石油化工集团有限公司（Sinopec Group）': '中国石油化工集团有限公司', '中国石油天然气集团有限公司（China National Petroleum）': '中国石油天然气集团有限公司', '联合健康集团（UnitedHealth Group）': '联合健康集团', '苹果公司（Apple）': '苹果公司', 'CVS Health': 'CVS Health', '伯克希尔－哈撒韦（Berkshire Hathaway）': '伯克希尔·哈撒韦公司'}
2026-08-07 12:44:23.801 | INFO     | eval.evaluation.evaluation:evaluate_single_query:275 - deep2wide_result_43_《财富》世界500强, df_inner shape: (10, 6), answer_df shape: (10, 3), response_df shape: (10, 4)
2026-08-07 12:44:23.803 | DEBUG    | eval.evaluation.evaluation:metric_call:77 - metric_func_name number_near score 1.0 msg number near in range 5.0%, response: 680985.0, target: 680985.0
2026-08-07 12:44:23.803 | DEBUG    | eval.evaluation.evaluation:metric_call:77 - metric_func_name number_near score 1.0 msg number near in range 5.0%, response: 637959.0, target: 637959.0
2026-08-07 12:44:23.803 | DEBUG    | eval.evaluation.evaluation:metric_call:77 - metric_func_name number_near score 1.0 msg number near in range 5.0%, response: 548414.0, target: 548414.4
2026-08-07 12:44:23.803 | DEBUG    | eval.evaluation.evaluation:metric_call:77 - metric_func_name number_near score 1.0 msg number near in range 5.0%, response: 480162.0, target: 480193.5
2026-08-07 12:44:23.803 | DEBUG    | eval.evaluation.evaluation:metric_call:77 - metric_func_name number_near score 1.0 msg number near in range 5.0%, response: 421714.0, target: 412645.3
2026-08-07 12:44:23.803 | DEBUG    | eval.evaluation.evaluation:metric_call:77 - metric_func_name number_near score 0.0 msg number not near, response: 429700.0, target: 407490.1
2026-08-07 12:44:23.803 | DEBUG    | eval.evaluation.evaluation:metric_call:77 - metric_func_name number_near score 1.0 msg number near in range 5.0%, response: 400278.0, target: 400278.0
2026-08-07 12:44:23.803 | DEBUG    | eval.evaluation.evaluation:metric_call:77 - metric_func_name number_near score 1.0 msg number near in range 5.0%, response: 391035.0, target: 391035.0
2026-08-07 12:44:23.803 | DEBUG    | eval.evaluation.evaluation:metric_call:77 - metric_func_name number_near score 1.0 msg number near in range 5.0%, response: 372809.0, target: 372809.0
2026-08-07 12:44:23.803 | DEBUG    | eval.evaluation.evaluation:metric_call:77 - metric_func_name number_near score 1.0 msg number near in range 5.0%, response: 371433.0, target: 371433.0
2026-08-07 12:44:23.804 | DEBUG    | eval.evaluation.evaluation:evaluate_single_query:321 - deep2wide_result_43_《财富》世界500强, col 营业收入（百万美元）, metric_func_name number_near, score [1.0, 1.0, 1.0, 1.0, 1.0, 0.0, 1.0, 1.0, 1.0, 1.0]
2026-08-07 12:44:23.804 | DEBUG    | eval.evaluation.evaluation:metric_call:77 - metric_func_name exact_match score 1.0 msg exact match, response: 美国, target: 美国
2026-08-07 12:44:23.804 | DEBUG    | eval.evaluation.evaluation:metric_call:77 - metric_func_name exact_match score 1.0 msg exact match, response: 美国, target: 美国
2026-08-07 12:44:23.804 | DEBUG    | eval.evaluation.evaluation:metric_call:77 - metric_func_name exact_match score 1.0 msg exact match, response: 中国, target: 中国
2026-08-07 12:44:23.804 | DEBUG    | eval.evaluation.evaluation:metric_call:77 - metric_func_name exact_match score 1.0 msg exact match, response: 沙特阿拉伯, target: 沙特阿拉伯
2026-08-07 12:44:23.804 | DEBUG    | eval.evaluation.evaluation:metric_call:77 - metric_func_name exact_match score 1.0 msg exact match, response: 中国, target: 中国
2026-08-07 12:44:23.804 | DEBUG    | eval.evaluation.evaluation:metric_call:77 - metric_func_name exact_match score 1.0 msg exact match, response: 中国, target: 中国
2026-08-07 12:44:23.805 | DEBUG    | eval.evaluation.evaluation:metric_call:77 - metric_func_name exact_match score 1.0 msg exact match, response: 美国, target: 美国
2026-08-07 12:44:23.805 | DEBUG    | eval.evaluation.evaluation:metric_call:77 - metric_func_name exact_match score 1.0 msg exact match, response: 美国, target: 美国
2026-08-07 12:44:23.805 | DEBUG    | eval.evaluation.evaluation:metric_call:77 - metric_func_name exact_match score 1.0 msg exact match, response: 美国, target: 美国
2026-08-07 12:44:23.805 | DEBUG    | eval.evaluation.evaluation:metric_call:77 - metric_func_name exact_match score 1.0 msg exact match, response: 美国, target: 美国
2026-08-07 12:44:23.805 | DEBUG    | eval.evaluation.evaluation:evaluate_single_query:321 - deep2wide_result_43_《财富》世界500强, col 所属国家, metric_func_name exact_match, score [1.0, 1.0, 1.0, 1.0, 1.0, 1.0, 1.0, 1.0, 1.0, 1.0]
2026-08-07 12:44:23.809 | INFO     | eval.evaluation.evaluation:evaluate_single_query:380 - deep2wide_result_43_《财富》世界500强, P/R/F1 by unique_columns: 1.0000/1.0000/1.0000
2026-08-07 12:44:23.809 | INFO     | eval.evaluation.evaluation:evaluate_single_query:383 - deep2wide_result_43_《财富》世界500强, P/R/F1 by row: 0.9000/0.9000/0.9000
2026-08-07 12:44:23.809 | INFO     | eval.evaluation.evaluation:evaluate_single_query:386 - deep2wide_result_43_《财富》世界500强, P/R/F1 by item: 0.9667/0.9667/0.9667
2026-08-07 12:44:23.811 | INFO     | eval.evaluation.evaluation:evaluate_single_query:398 - deep2wide_result_43_《财富》世界500强, final table score: 0.0
{"event": "eval_done", "idx": 4, "instance_id": "deep2wide_result_43_《财富》世界500强", "score": 0.0, "entity_acc": 1.0, "f1_by_row": 0.9, "f1_by_item": 0.9666666666666667, "column_f1": 1.0, "error": null, "elapsed_seconds": 7.47, "running_n": 4}
2026-08-07 12:44:29.399 | DEBUG    | eval.evaluation.data_loader:extract_dataframe:167 - find markdown_str 
| 排名 | 公司名称 | 总部所在地 | 处方药年销售额 | 年研发投入 |
| --- | --- | --- | --- ...
2026-08-07 12:44:32.316 | INFO     | eval.evaluation.metric_utils:primary_key_preprocess:246 - primary_key_preprocess result: ```json
{
  "辉瑞（Pfizer）": "辉瑞(Pfizer)",
  "艾伯维（AbbVie）": "艾伯维(AbbVie)",
  "强生（Johnson & Johnson）": "强生(Johnson & Johnson)",
  "默沙东（Merck & Co.／MSD）": "默沙东(Merck & Co.，在北美为默克公司)",
  "诺华（Novartis）": "诺华(Novartis)",
  "罗氏（Roche）": "罗氏(Roche)",
  "百时美施贵宝（Bristol Myers Squibb）": "百时美施贵宝(Bristol-Myers Squibb)",
  "赛诺菲（Sanofi）": "赛诺菲(Sanofi)",
  "阿斯利康（AstraZeneca）": "阿斯利康(AstraZeneca)",
  "葛兰素史克（GSK）": "葛兰素史克(GSK)"
}
```
2026-08-07 12:44:32.316 | INFO     | eval.evaluation.evaluation:evaluate_single_query:223 - col: 公司名称, primary_key_map {'辉瑞（Pfizer）': '辉瑞(Pfizer)', '艾伯维（AbbVie）': '艾伯维(AbbVie)', '强生（Johnson & Johnson）': '强生(Johnson & Johnson)', '默沙东（Merck & Co.／MSD）': '默沙东(Merck & Co.，在北美为默克公司)', '诺华（Novartis）': '诺华(Novartis)', '罗氏（Roche）': '罗氏(Roche)', '百时美施贵宝（Bristol Myers Squibb）': '百时美施贵宝(Bristol-Myers Squibb)', '赛诺菲（Sanofi）': '赛诺菲(Sanofi)', '阿斯利康（AstraZeneca）': '阿斯利康(AstraZeneca)', '葛兰素史克（GSK）': '葛兰素史克(GSK)'}
2026-08-07 12:44:32.324 | INFO     | eval.evaluation.evaluation:evaluate_single_query:275 - deep2wide_result_44_全球制药50强, df_inner shape: (10, 10), answer_df shape: (10, 5), response_df shape: (10, 6)
2026-08-07 12:44:32.324 | DEBUG    | eval.evaluation.evaluation:metric_call:77 - metric_func_name number_near score 1.0 msg number near in range 5.0%, response: 1.0, target: 1.0
2026-08-07 12:44:32.324 | DEBUG    | eval.evaluation.evaluation:metric_call:77 - metric_func_name number_near score 1.0 msg number near in range 5.0%, response: 2.0, target: 2.0
2026-08-07 12:44:32.324 | DEBUG    | eval.evaluation.evaluation:metric_call:77 - metric_func_name number_near score 1.0 msg number near in range 5.0%, response: 3.0, target: 3.0
2026-08-07 12:44:32.324 | DEBUG    | eval.evaluation.evaluation:metric_call:77 - metric_func_name number_near score 0.0 msg number not near, response: 5.0, target: 4.0
2026-08-07 12:44:32.325 | DEBUG    | eval.evaluation.evaluation:metric_call:77 - metric_func_name number_near score 0.0 msg number not near, response: 4.0, target: 5.0
2026-08-07 12:44:32.325 | DEBUG    | eval.evaluation.evaluation:metric_call:77 - metric_func_name number_near score 1.0 msg number near in range 5.0%, response: 6.0, target: 6.0
2026-08-07 12:44:32.325 | DEBUG    | eval.evaluation.evaluation:metric_call:77 - metric_func_name number_near score 1.0 msg number near in range 5.0%, response: 7.0, target: 7.0
2026-08-07 12:44:32.325 | DEBUG    | eval.evaluation.evaluation:metric_call:77 - metric_func_name number_near score 0.0 msg number not near, response: 9.0, target: 8.0
2026-08-07 12:44:32.325 | DEBUG    | eval.evaluation.evaluation:metric_call:77 - metric_func_name number_near score 0.0 msg number not near, response: 8.0, target: 9.0
2026-08-07 12:44:32.325 | DEBUG    | eval.evaluation.evaluation:metric_call:77 - metric_func_name number_near score 1.0 msg number near in range 5.0%, response: 10.0, target: 10.0
2026-08-07 12:44:32.326 | DEBUG    | eval.evaluation.evaluation:evaluate_single_query:321 - deep2wide_result_44_全球制药50强, col 排名, metric_func_name number_near, score [1.0, 1.0, 1.0, 0.0, 0.0, 1.0, 1.0, 0.0, 0.0, 1.0]
2026-08-07 12:44:32.326 | DEBUG    | eval.evaluation.evaluation:metric_call:77 - metric_func_name exact_match score 0.0 msg exact not match, response: 美国纽约州纽约市, target: 美国
2026-08-07 12:44:32.326 | DEBUG    | eval.evaluation.evaluation:metric_call:77 - metric_func_name exact_match score 0.0 msg exact not match, response: 美国伊利诺伊州北芝加哥, target: 美国
2026-08-07 12:44:32.326 | DEBUG    | eval.evaluation.evaluation:metric_call:77 - metric_func_name exact_match score 0.0 msg exact not match, response: 美国新泽西州新不伦瑞克, target: 美国
2026-08-07 12:44:32.326 | DEBUG    | eval.evaluation.evaluation:metric_call:77 - metric_func_name exact_match score 0.0 msg exact not match, response: 瑞士巴塞尔, target: 瑞士
2026-08-07 12:44:32.326 | DEBUG    | eval.evaluation.evaluation:metric_call:77 - metric_func_name exact_match score 0.0 msg exact not match, response: 美国新泽西州拉威, target: 美国
2026-08-07 12:44:32.326 | DEBUG    | eval.evaluation.evaluation:metric_call:77 - metric_func_name exact_match score 0.0 msg exact not match, response: 瑞士巴塞尔, target: 瑞士
2026-08-07 12:44:32.327 | DEBUG    | eval.evaluation.evaluation:metric_call:77 - metric_func_name exact_match score 0.0 msg exact not match, response: 美国纽约州纽约市, target: 美国
2026-08-07 12:44:32.327 | DEBUG    | eval.evaluation.evaluation:metric_call:77 - metric_func_name exact_match score 0.0 msg exact not match, response: 英国剑桥, target: 英国
2026-08-07 12:44:32.327 | DEBUG    | eval.evaluation.evaluation:metric_call:77 - metric_func_name exact_match score 0.0 msg exact not match, response: 法国巴黎, target: 法国
2026-08-07 12:44:32.327 | DEBUG    | eval.evaluation.evaluation:metric_call:77 - metric_func_name exact_match score 0.0 msg exact not match, response: 英国伦敦, target: 英国
2026-08-07 12:44:32.327 | DEBUG    | eval.evaluation.evaluation:evaluate_single_query:321 - deep2wide_result_44_全球制药50强, col 总部所在地, metric_func_name exact_match, score [0.0, 0.0, 0.0, 0.0, 0.0, 0.0, 0.0, 0.0, 0.0, 0.0]
2026-08-07 12:44:32.328 | DEBUG    | eval.evaluation.evaluation:metric_call:77 - metric_func_name number_near score 1.0 msg number near in range 5.0%, response: 913.0, target: 913.03
2026-08-07 12:44:32.328 | DEBUG    | eval.evaluation.evaluation:metric_call:77 - metric_func_name number_near score 1.0 msg number near in range 5.0%, response: 561.68, target: 561.79
2026-08-07 12:44:32.328 | DEBUG    | eval.evaluation.evaluation:metric_call:77 - metric_func_name number_near score 1.0 msg number near in range 5.0%, response: 501.79, target: 501.79
2026-08-07 12:44:32.328 | DEBUG    | eval.evaluation.evaluation:metric_call:77 - metric_func_name number_near score 0.0 msg number not near, response: 447.8, target: 500.79
2026-08-07 12:44:32.328 | DEBUG    | eval.evaluation.evaluation:metric_call:77 - metric_func_name number_near score 0.0 msg number not near, response: 468.11, target: 496.27
2026-08-07 12:44:32.328 | DEBUG    | eval.evaluation.evaluation:metric_call:77 - metric_func_name number_near score 0.0 msg number not near, response: 446.12, target: 479.09
2026-08-07 12:44:32.328 | DEBUG    | eval.evaluation.evaluation:metric_call:77 - metric_func_name number_near score 0.0 msg number not near, response: 405.7, target: 454.17
2026-08-07 12:44:32.328 | DEBUG    | eval.evaluation.evaluation:metric_call:77 - metric_func_name number_near score 0.0 msg number not near, response: 353.62, target: 429.98
2026-08-07 12:44:32.328 | DEBUG    | eval.evaluation.evaluation:metric_call:77 - metric_func_name number_near score 1.0 msg number near in range 5.0%, response: 387.25, target: 403.53
2026-08-07 12:44:32.328 | DEBUG    | eval.evaluation.evaluation:metric_call:77 - metric_func_name number_near score 0.0 msg number not near, response: 296.35, target: 382.54
2026-08-07 12:44:32.329 | DEBUG    | eval.evaluation.evaluation:evaluate_single_query:321 - deep2wide_result_44_全球制药50强, col 处方药年销售额, metric_func_name number_near, score [1.0, 1.0, 1.0, 0.0, 0.0, 0.0, 0.0, 0.0, 1.0, 0.0]
2026-08-07 12:44:32.329 | DEBUG    | eval.evaluation.evaluation:metric_call:77 - metric_func_name number_near score 0.0 msg number not near, response: 114.28, target: 123.81
2026-08-07 12:44:32.329 | DEBUG    | eval.evaluation.evaluation:metric_call:77 - metric_func_name number_near score 1.0 msg number near in range 5.0%, response: 65.1, target: 64.35
2026-08-07 12:44:32.329 | DEBUG    | eval.evaluation.evaluation:metric_call:77 - metric_func_name number_near score 1.0 msg number near in range 5.0%, response: 146.03, target: 141.4
2026-08-07 12:44:32.329 | DEBUG    | eval.evaluation.evaluation:metric_call:77 - metric_func_name number_near score 0.0 msg number not near, response: 100.02, target: 90.88
2026-08-07 12:44:32.329 | DEBUG    | eval.evaluation.evaluation:metric_call:77 - metric_func_name number_near score 0.0 msg number not near, response: 135.48, target: 118.42
2026-08-07 12:44:32.329 | DEBUG    | eval.evaluation.evaluation:metric_call:77 - metric_func_name number_near score 1.0 msg number near in range 5.0%, response: 140.51, target: 147.81
2026-08-07 12:44:32.329 | DEBUG    | eval.evaluation.evaluation:metric_call:77 - metric_func_name number_near score 0.0 msg number not near, response: 95.09, target: 100.16
2026-08-07 12:44:32.329 | DEBUG    | eval.evaluation.evaluation:metric_call:77 - metric_func_name number_near score 1.0 msg number near in range 5.0%, response: 97.62, target: 95.0
2026-08-07 12:44:32.329 | DEBUG    | eval.evaluation.evaluation:metric_call:77 - metric_func_name number_near score 1.0 msg number near in range 5.0%, response: 71.82, target: 71.56
2026-08-07 12:44:32.329 | DEBUG    | eval.evaluation.evaluation:metric_call:77 - metric_func_name number_near score 0.0 msg number not near, response: 68.71, target: 63.37
2026-08-07 12:44:32.330 | DEBUG    | eval.evaluation.evaluation:evaluate_single_query:321 - deep2wide_result_44_全球制药50强, col 年研发投入, metric_func_name number_near, score [0.0, 1.0, 1.0, 0.0, 0.0, 1.0, 0.0, 1.0, 1.0, 0.0]
2026-08-07 12:44:32.336 | INFO     | eval.evaluation.evaluation:evaluate_single_query:380 - deep2wide_result_44_全球制药50强, P/R/F1 by unique_columns: 1.0000/1.0000/1.0000
2026-08-07 12:44:32.336 | INFO     | eval.evaluation.evaluation:evaluate_single_query:383 - deep2wide_result_44_全球制药50强, P/R/F1 by row: 0.0000/0.0000/0.0000
2026-08-07 12:44:32.336 | INFO     | eval.evaluation.evaluation:evaluate_single_query:386 - deep2wide_result_44_全球制药50强, P/R/F1 by item: 0.5000/0.5000/0.5000
2026-08-07 12:44:32.338 | INFO     | eval.evaluation.evaluation:evaluate_single_query:398 - deep2wide_result_44_全球制药50强, final table score: 0.0
{"event": "eval_done", "idx": 5, "instance_id": "deep2wide_result_44_全球制药50强", "score": 0.0, "entity_acc": 1.0, "f1_by_row": 0.0, "f1_by_item": 0.5, "column_f1": 1.0, "error": null, "elapsed_seconds": 8.511, "running_n": 5}
{"event": "eval_done", "idx": 6, "instance_id": "deep2wide_result_46_肠炎宁片", "score": 0.0, "entity_acc": 0.0, "f1_by_row": 0.0, "f1_by_item": 0.0, "column_f1": 0.0, "error": null, "elapsed_seconds": 5.561, "running_n": 6}
2026-08-07 12:44:44.345 | DEBUG    | eval.evaluation.data_loader:extract_dataframe:167 - find markdown_str 
| 中文名字 | 英文名字 | 配音 | 性别 |
| --- | --- | --- | --- |
| 苍崎青子 | Ao ...
2026-08-07 12:44:47.827 | INFO     | eval.evaluation.metric_utils:primary_key_preprocess:246 - primary_key_preprocess result: ```json
{
  "苍崎青子": "苍崎青子",
  "久远寺有珠": "久远寺有珠",
  "静希草十郎": "静希草十郎",
  "久万梨金鹿": "久万梨金鹿",
  "槻司鸢丸": "槻司鸢丸",
  "木乃美芳助": "木乃美芳助",
  "苍崎橙子": "苍崎橙子",
  "鲁格·贝奥武夫": "鲁格·贝奥武夫",
  "文柄咏梨": "文柄咏梨",
  "周濑唯架": "周濑唯架",
  "周濑律架": "周濑律架"
}
```
2026-08-07 12:44:47.827 | INFO     | eval.evaluation.evaluation:evaluate_single_query:223 - col: 中文名字, primary_key_map {'苍崎青子': '苍崎青子', '久远寺有珠': '久远寺有珠', '静希草十郎': '静希草十郎', '久万梨金鹿': '久万梨金鹿', '槻司鸢丸': '槻司鸢丸', '木乃美芳助': '木乃美芳助', '苍崎橙子': '苍崎橙子', '鲁格·贝奥武夫': '鲁格·贝奥武夫', '文柄咏梨': '文柄咏梨', '周濑唯架': '周濑唯架', '周濑律架': '周濑律架'}
2026-08-07 12:44:47.833 | INFO     | eval.evaluation.evaluation:evaluate_single_query:275 - deep2wide_result_55_魔法使之夜, df_inner shape: (11, 8), answer_df shape: (11, 4), response_df shape: (11, 5)
2026-08-07 12:44:52.563 | DEBUG    | eval.evaluation.evaluation:evaluate_single_query:321 - deep2wide_result_55_魔法使之夜, col 英文名字, metric_func_name llm_judge, score [1, 1, 1, 1, 1, 1, 1, 1, 1, 1, 1]
2026-08-07 12:44:58.716 | DEBUG    | eval.evaluation.evaluation:evaluate_single_query:321 - deep2wide_result_55_魔法使之夜, col 配音, metric_func_name llm_judge, score [1, 1, 1, 1, 1, 0, 1, 1, 1, 1, 1]
2026-08-07 12:44:58.716 | DEBUG    | eval.evaluation.evaluation:metric_call:77 - metric_func_name exact_match score 1.0 msg exact match, response: 女, target: 女
2026-08-07 12:44:58.717 | DEBUG    | eval.evaluation.evaluation:metric_call:77 - metric_func_name exact_match score 1.0 msg exact match, response: 女, target: 女
2026-08-07 12:44:58.717 | DEBUG    | eval.evaluation.evaluation:metric_call:77 - metric_func_name exact_match score 1.0 msg exact match, response: 男, target: 男
2026-08-07 12:44:58.717 | DEBUG    | eval.evaluation.evaluation:metric_call:77 - metric_func_name exact_match score 1.0 msg exact match, response: 女, target: 女
2026-08-07 12:44:58.717 | DEBUG    | eval.evaluation.evaluation:metric_call:77 - metric_func_name exact_match score 1.0 msg exact match, response: 男, target: 男
2026-08-07 12:44:58.717 | DEBUG    | eval.evaluation.evaluation:metric_call:77 - metric_func_name exact_match score 1.0 msg exact match, response: 男, target: 男
2026-08-07 12:44:58.717 | DEBUG    | eval.evaluation.evaluation:metric_call:77 - metric_func_name exact_match score 1.0 msg exact match, response: 女, target: 女
2026-08-07 12:44:58.717 | DEBUG    | eval.evaluation.evaluation:metric_call:77 - metric_func_name exact_match score 0.0 msg exact not match, response: 男, target: 非雄非雌
2026-08-07 12:44:58.717 | DEBUG    | eval.evaluation.evaluation:metric_call:77 - metric_func_name exact_match score 1.0 msg exact match, response: 男, target: 男
2026-08-07 12:44:58.717 | DEBUG    | eval.evaluation.evaluation:metric_call:77 - metric_func_name exact_match score 1.0 msg exact match, response: 女, target: 女
2026-08-07 12:44:58.717 | DEBUG    | eval.evaluation.evaluation:metric_call:77 - metric_func_name exact_match score 1.0 msg exact match, response: 女, target: 女
2026-08-07 12:44:58.718 | DEBUG    | eval.evaluation.evaluation:evaluate_single_query:321 - deep2wide_result_55_魔法使之夜, col 性别, metric_func_name exact_match, score [1.0, 1.0, 1.0, 1.0, 1.0, 1.0, 1.0, 0.0, 1.0, 1.0, 1.0]
2026-08-07 12:44:58.723 | INFO     | eval.evaluation.evaluation:evaluate_single_query:380 - deep2wide_result_55_魔法使之夜, P/R/F1 by unique_columns: 1.0000/1.0000/1.0000
2026-08-07 12:44:58.723 | INFO     | eval.evaluation.evaluation:evaluate_single_query:383 - deep2wide_result_55_魔法使之夜, P/R/F1 by row: 0.8182/0.8182/0.8182
2026-08-07 12:44:58.724 | INFO     | eval.evaluation.evaluation:evaluate_single_query:386 - deep2wide_result_55_魔法使之夜, P/R/F1 by item: 0.9545/0.9545/0.9545
2026-08-07 12:44:58.725 | INFO     | eval.evaluation.evaluation:evaluate_single_query:398 - deep2wide_result_55_魔法使之夜, final table score: 0.0
{"event": "eval_done", "idx": 7, "instance_id": "deep2wide_result_55_魔法使之夜", "score": 0.0, "entity_acc": 1.0, "f1_by_row": 0.8181818181818182, "f1_by_item": 0.9545454545454546, "column_f1": 1.0, "error": null, "elapsed_seconds": 20.776, "running_n": 7}
SUMMARY {"n": 7, "valid_n": 7, "errors": 0, "complete": true, "judge_calls_current_process": 17, "score": 0.0, "entity_acc": 0.5714285714285714, "precision_by_row": 0.24545454545454545, "recall_by_row": 0.24545454545454545, "f1_by_row": 0.24545454545454545, "precision_by_item": 0.4292207792207793, "recall_by_item": 0.3708874458874459, "f1_by_item": 0.38434898434898435, "column_precision": 0.5714285714285714, "column_recall": 0.4714285714285714, "column_f1": 0.4945054945054945}
