INFO: Pandarallel will run on 8 workers.
INFO: Pandarallel will use Memory file system to transfer data between the main process and workers.
{"event": "eval_start", "selected": 7, "resume_committed": 0, "committed_errors": 0, "crash_only_resume": false}
{"event": "eval_done", "idx": 1, "instance_id": "deep2wide_result_58_《近月少女的礼仪》", "score": 0.0, "entity_acc": 0.0, "f1_by_row": 0.0, "f1_by_item": 0.0, "column_f1": 0.0, "error": null, "elapsed_seconds": 3.176, "running_n": 1}
{"event": "eval_done", "idx": 2, "instance_id": "deep2wide_result_59_《魔女之泉》", "score": 0.0, "entity_acc": 0.0, "f1_by_row": 0.0, "f1_by_item": 0.0, "column_f1": 0.0, "error": null, "elapsed_seconds": 1.161, "running_n": 2}
2026-08-07 12:43:49.840 | DEBUG    | eval.evaluation.data_loader:extract_dataframe:167 - find markdown_str 
| 中文名称 | 外文名称 | 移动速度 |
| --- | --- | --- |
| 普通僵尸 | Zombie | 普通 ...
2026-08-07 12:43:55.674 | INFO     | eval.evaluation.metric_utils:primary_key_preprocess:246 - primary_key_preprocess result: ```json
{
  "普通僵尸": "普通僵尸",
  "旗帜僵尸": "旗子僵尸",
  "路障僵尸": "路障僵尸",
  "撑杆跳僵尸": "撑杆僵尸",
  "铁桶僵尸": "铁桶僵尸",
  "读报僵尸": "报纸僵尸",
  "铁栅门僵尸": "铁门僵尸",
  "橄榄球僵尸": "橄榄球僵尸",
  "舞王僵尸": "舞王僵尸",
  "伴舞僵尸": "伴舞僵尸",
  "鸭子救生圈僵尸": "鸭子救生圈僵尸",
  "潜水僵尸": "潜水僵尸",
  "冰车僵尸": "雪橇车僵尸",
  "海豚骑士僵尸": "海豚骑士僵尸",
  "玩偶匣僵尸": "小丑僵尸",
  "气球僵尸": "气球僵尸",
  "矿工僵尸": "矿工僵尸",
  "跳跳僵尸": "蹦蹦僵尸",
  "僵尸雪人": "僵尸雪人",
  "蹦极僵尸": "蹦极僵尸",
  "扶梯僵尸": "梯子僵尸",
  "投石车僵尸": "投石车僵尸",
  "伽刚特尔": "巨人僵尸",
  "小鬼僵尸": "小鬼僵尸",
  "僵王博士": "埃德加·乔治·僵王博士"
}
```
2026-08-07 12:43:55.674 | INFO     | eval.evaluation.evaluation:evaluate_single_query:223 - col: 中文名称, primary_key_map {'普通僵尸': '普通僵尸', '旗帜僵尸': '旗子僵尸', '路障僵尸': '路障僵尸', '撑杆跳僵尸': '撑杆僵尸', '铁桶僵尸': '铁桶僵尸', '读报僵尸': '报纸僵尸', '铁栅门僵尸': '铁门僵尸', '橄榄球僵尸': '橄榄球僵尸', '舞王僵尸': '舞王僵尸', '伴舞僵尸': '伴舞僵尸', '鸭子救生圈僵尸': '鸭子救生圈僵尸', '潜水僵尸': '潜水僵尸', '冰车僵尸': '雪橇车僵尸', '海豚骑士僵尸': '海豚骑士僵尸', '玩偶匣僵尸': '小丑僵尸', '气球僵尸': '气球僵尸', '矿工僵尸': '矿工僵尸', '跳跳僵尸': '蹦蹦僵尸', '僵尸雪人': '僵尸雪人', '蹦极僵尸': '蹦极僵尸', '扶梯僵尸': '梯子僵尸', '投石车僵尸': '投石车僵尸', '伽刚特尔': '巨人僵尸', '小鬼僵尸': '小鬼僵尸', '僵王博士': '埃德加·乔治·僵王博士'}
2026-08-07 12:43:55.682 | INFO     | eval.evaluation.evaluation:evaluate_single_query:275 - deep2wide_result_61_植物大战僵尸, df_inner shape: (25, 6), answer_df shape: (33, 3), response_df shape: (26, 4)
2026-08-07 12:43:59.396 | DEBUG    | eval.evaluation.evaluation:evaluate_single_query:321 - deep2wide_result_61_植物大战僵尸, col 外文名称, metric_func_name llm_judge, score [1, 1, 1, 1, 1, 1, 1, 1, 1, 1, 1, 1, 1, 1, 1, 1, 1, 1, 1, 1, 1, 1, 1, 1, 0]
2026-08-07 12:43:59.397 | DEBUG    | eval.evaluation.evaluation:metric_call:77 - metric_func_name number_near score 1.0 msg number near in range 5.0%, response: 4.7, target: 4.7
2026-08-07 12:43:59.397 | DEBUG    | eval.evaluation.evaluation:metric_call:77 - metric_func_name number_near score 0.0 msg number not near, response: 4.7, target: 3.7
2026-08-07 12:43:59.397 | DEBUG    | eval.evaluation.evaluation:metric_call:77 - metric_func_name number_near score 1.0 msg number near in range 5.0%, response: 4.7, target: 4.7
2026-08-07 12:43:59.397 | DEBUG    | eval.evaluation.evaluation:metric_call:77 - metric_func_name number_near score 1.0 msg number near in range 5.0%, response: 2.5, target: 2.5
2026-08-07 12:43:59.397 | DEBUG    | eval.evaluation.evaluation:metric_call:77 - metric_func_name number_near score 1.0 msg number near in range 5.0%, response: 4.7, target: 4.7
2026-08-07 12:43:59.397 | DEBUG    | eval.evaluation.evaluation:metric_call:77 - metric_func_name number_near score 0.0 msg number not near, response: 1.8, target: 4.7
2026-08-07 12:43:59.397 | DEBUG    | eval.evaluation.evaluation:metric_call:77 - metric_func_name number_near score 1.0 msg number near in range 5.0%, response: 2.5, target: 2.5
2026-08-07 12:43:59.397 | DEBUG    | eval.evaluation.evaluation:metric_call:77 - metric_func_name number_near score 0.0 msg number not near, response: 2.5, target: 1.2
2026-08-07 12:43:59.397 | DEBUG    | eval.evaluation.evaluation:metric_call:77 - metric_func_name number_near score 0.0 msg number not near, response: 4.7, target: 5.5
2026-08-07 12:43:59.397 | DEBUG    | eval.evaluation.evaluation:metric_call:77 - metric_func_name number_near score 1.0 msg number near in range 5.0%, response: 4.7, target: 4.7
2026-08-07 12:43:59.397 | DEBUG    | eval.evaluation.evaluation:metric_call:77 - metric_func_name number_near score 0.0 msg number not near, response: 4.7, target: 4.0
2026-08-07 12:43:59.397 | DEBUG    | eval.evaluation.evaluation:metric_call:77 - metric_func_name number_near score 0.0 msg number not convertable, response: None, target: 3.0
2026-08-07 12:43:59.397 | DEBUG    | eval.evaluation.evaluation:metric_call:77 - metric_func_name number_near score 0.0 msg number not convertable, response: None, target: 0.8
2026-08-07 12:43:59.397 | DEBUG    | eval.evaluation.evaluation:metric_call:77 - metric_func_name number_near score 0.0 msg number not near, response: 4.7, target: 2.5
2026-08-07 12:43:59.398 | DEBUG    | eval.evaluation.evaluation:metric_call:77 - metric_func_name number_near score 0.0 msg number not near, response: 2.5, target: 1.2
2026-08-07 12:43:59.398 | DEBUG    | eval.evaluation.evaluation:metric_call:77 - metric_func_name number_near score 0.0 msg number not convertable, response: None, target: 5.0
2026-08-07 12:43:59.398 | DEBUG    | eval.evaluation.evaluation:metric_call:77 - metric_func_name number_near score 0.0 msg number not near, response: 4.7, target: 2.5
2026-08-07 12:43:59.398 | DEBUG    | eval.evaluation.evaluation:metric_call:77 - metric_func_name number_near score 1.0 msg number near in range 5.0%, response: 4.7, target: 4.7
2026-08-07 12:43:59.398 | DEBUG    | eval.evaluation.evaluation:metric_call:77 - metric_func_name number_near score 0.0 msg number not near, response: 4.7, target: 1.9
2026-08-07 12:43:59.398 | DEBUG    | eval.evaluation.evaluation:metric_call:77 - metric_func_name number_near score 1.0 msg number equal, response: NULL, target: NULL
2026-08-07 12:43:59.398 | DEBUG    | eval.evaluation.evaluation:metric_call:77 - metric_func_name number_near score 1.0 msg number equal, response: NULL, target: NULL
2026-08-07 12:43:59.398 | DEBUG    | eval.evaluation.evaluation:metric_call:77 - metric_func_name number_near score 0.0 msg number not near, response: 2.5, target: 1.9
2026-08-07 12:43:59.398 | DEBUG    | eval.evaluation.evaluation:metric_call:77 - metric_func_name number_near score 0.0 msg number not near, response: 2.5, target: 2.0
2026-08-07 12:43:59.398 | DEBUG    | eval.evaluation.evaluation:metric_call:77 - metric_func_name number_near score 0.0 msg number not convertable, response: 4.7, target: None
2026-08-07 12:43:59.398 | DEBUG    | eval.evaluation.evaluation:metric_call:77 - metric_func_name number_near score 0.0 msg number not near, response: 2.5, target: 33.0
2026-08-07 12:43:59.399 | DEBUG    | eval.evaluation.evaluation:evaluate_single_query:321 - deep2wide_result_61_植物大战僵尸, col 移动速度, metric_func_name number_near, score [1.0, 0.0, 1.0, 1.0, 1.0, 0.0, 1.0, 0.0, 0.0, 1.0, 0.0, 0.0, 0.0, 0.0, 0.0, 0.0, 0.0, 1.0, 0.0, 1.0, 1.0, 0.0, 0.0, 0.0, 0.0]
2026-08-07 12:43:59.405 | INFO     | eval.evaluation.evaluation:evaluate_single_query:380 - deep2wide_result_61_植物大战僵尸, P/R/F1 by unique_columns: 0.9615/0.7576/0.8475
2026-08-07 12:43:59.405 | INFO     | eval.evaluation.evaluation:evaluate_single_query:383 - deep2wide_result_61_植物大战僵尸, P/R/F1 by row: 0.3462/0.2727/0.3051
2026-08-07 12:43:59.405 | INFO     | eval.evaluation.evaluation:evaluate_single_query:386 - deep2wide_result_61_植物大战僵尸, P/R/F1 by item: 0.7436/0.5859/0.6554
2026-08-07 12:43:59.407 | INFO     | eval.evaluation.evaluation:evaluate_single_query:398 - deep2wide_result_61_植物大战僵尸, final table score: 0.0
{"event": "eval_done", "idx": 3, "instance_id": "deep2wide_result_61_植物大战僵尸", "score": 0.0, "entity_acc": 1.0, "f1_by_row": 0.3050847457627119, "f1_by_item": 0.655367231638418, "column_f1": 0.8474576271186441, "error": null, "elapsed_seconds": 12.625, "running_n": 3}
2026-08-07 12:44:02.779 | DEBUG    | eval.evaluation.data_loader:extract_dataframe:167 - find markdown_str 
| 名称 | 地址 | 创办时间 |
| --- | --- | --- |
| 布朗大学 | 美国罗得岛州普罗维登斯市，邮编 ...
2026-08-07 12:44:05.002 | INFO     | eval.evaluation.metric_utils:primary_key_preprocess:246 - primary_key_preprocess result: ```json
{
  "布朗大学": "布朗大学",
  "哥伦比亚大学": "哥伦比亚大学",
  "康奈尔大学": "康奈尔大学",
  "达特茅斯学院": "达特茅斯学院",
  "哈佛大学": "哈佛大学",
  "宾夕法尼亚大学": "宾夕法尼亚大学",
  "普林斯顿大学": "普林斯顿大学",
  "耶鲁大学": "耶鲁大学"
}
```
2026-08-07 12:44:05.002 | INFO     | eval.evaluation.evaluation:evaluate_single_query:223 - col: 名称, primary_key_map {'布朗大学': '布朗大学', '哥伦比亚大学': '哥伦比亚大学', '康奈尔大学': '康奈尔大学', '达特茅斯学院': '达特茅斯学院', '哈佛大学': '哈佛大学', '宾夕法尼亚大学': '宾夕法尼亚大学', '普林斯顿大学': '普林斯顿大学', '耶鲁大学': '耶鲁大学'}
2026-08-07 12:44:05.137 | INFO     | eval.evaluation.evaluation:evaluate_single_query:275 - deep2wide_result_63_常春藤联盟, df_inner shape: (8, 6), answer_df shape: (8, 3), response_df shape: (8, 4)
2026-08-07 12:44:08.552 | DEBUG    | eval.evaluation.evaluation:evaluate_single_query:321 - deep2wide_result_63_常春藤联盟, col 地址, metric_func_name llm_judge, score [1, 1, 1, 1, 1, 1, 1, 1]
2026-08-07 12:44:10.562 | DEBUG    | eval.evaluation.evaluation:metric_call:77 - metric_func_name date_near score 0.0 msg date not convertable, response: 1636-08-01, target: 390-08-07
2026-08-07 12:44:10.566 | DEBUG    | eval.evaluation.evaluation:metric_call:77 - metric_func_name date_near score 1.0 msg date near, response: 1701-10-09 00:00:00, target: 1701-10-09 00:00:00
2026-08-07 12:44:10.568 | DEBUG    | eval.evaluation.evaluation:metric_call:77 - metric_func_name date_near score 0.0 msg date not near, response: 1754-08-01 00:00:00, target: 1754-05-25 00:00:00
2026-08-07 12:44:10.658 | DEBUG    | eval.evaluation.evaluation:metric_call:77 - metric_func_name date_near score 0.0 msg date not convertable, response: 1740-08-01, target: 286-08-07
2026-08-07 12:44:10.660 | DEBUG    | eval.evaluation.evaluation:metric_call:77 - metric_func_name date_near score 1.0 msg date near, response: 1865-04-27 00:00:00, target: 1865-04-27 00:00:00
2026-08-07 12:44:10.745 | DEBUG    | eval.evaluation.evaluation:metric_call:77 - metric_func_name date_near score 0.0 msg date not convertable, response: 1746-10-22, target: 280-08-07
2026-08-07 12:44:10.748 | DEBUG    | eval.evaluation.evaluation:metric_call:77 - metric_func_name date_near score 0.0 msg date not near, response: 1764-08-01 00:00:00, target: 1764-09-15 00:00:00
2026-08-07 12:44:10.750 | DEBUG    | eval.evaluation.evaluation:metric_call:77 - metric_func_name date_near score 1.0 msg date near, response: 1769-12-13 00:00:00, target: 1769-12-13 00:00:00
2026-08-07 12:44:10.752 | DEBUG    | eval.evaluation.evaluation:evaluate_single_query:321 - deep2wide_result_63_常春藤联盟, col 创办时间, metric_func_name date_near, score [0.0, 1.0, 0.0, 0.0, 1.0, 0.0, 0.0, 1.0]
2026-08-07 12:44:10.758 | INFO     | eval.evaluation.evaluation:evaluate_single_query:380 - deep2wide_result_63_常春藤联盟, P/R/F1 by unique_columns: 1.0000/1.0000/1.0000
2026-08-07 12:44:10.758 | INFO     | eval.evaluation.evaluation:evaluate_single_query:383 - deep2wide_result_63_常春藤联盟, P/R/F1 by row: 0.3750/0.3750/0.3750
2026-08-07 12:44:10.758 | INFO     | eval.evaluation.evaluation:evaluate_single_query:386 - deep2wide_result_63_常春藤联盟, P/R/F1 by item: 0.7917/0.7917/0.7917
2026-08-07 12:44:10.759 | INFO     | eval.evaluation.evaluation:evaluate_single_query:398 - deep2wide_result_63_常春藤联盟, final table score: 0.0
{"event": "eval_done", "idx": 4, "instance_id": "deep2wide_result_63_常春藤联盟", "score": 0.0, "entity_acc": 1.0, "f1_by_row": 0.375, "f1_by_item": 0.7916666666666666, "column_f1": 1.0, "error": null, "elapsed_seconds": 11.331, "running_n": 4}
2026-08-07 12:44:18.008 | DEBUG    | eval.evaluation.data_loader:extract_dataframe:167 - find markdown_str 
| 名字 | 出生日期 | 军衔 | 祖籍 |
| --- | --- | --- | --- |
| 王诤 | May 16 ...
2026-08-07 12:44:21.129 | INFO     | eval.evaluation.metric_utils:primary_key_preprocess:246 - primary_key_preprocess result: ```json
{}
```
2026-08-07 12:44:21.129 | INFO     | eval.evaluation.evaluation:evaluate_single_query:223 - col: 名字, primary_key_map {}
2026-08-07 12:44:21.174 | INFO     | eval.evaluation.evaluation:evaluate_single_query:275 - deep2wide_result_64_哈尔滨工业大学, df_inner shape: (0, 8), answer_df shape: (12, 4), response_df shape: (14, 5)
2026-08-07 12:44:21.175 | DEBUG    | eval.evaluation.evaluation:metric_call:77 - metric_func_name date_near score 1.0 msg date near, response: nan, target: nan
2026-08-07 12:44:21.175 | DEBUG    | eval.evaluation.evaluation:evaluate_single_query:321 - deep2wide_result_64_哈尔滨工业大学, col 出生日期, metric_func_name date_near, score []
2026-08-07 12:44:21.178 | ERROR    | eval.evaluation.evaluation:evaluate_single_query:401 - evaluator error: 
Traceback (most recent call last):
  File "/home/azureuser/workspace-gzy/zyf/deep/external/Marco-Search-Agent/Marco-DeepResearch-Family/DeepWideSearch/eval/evaluation/evaluation.py", line 315, in evaluate_single_query
    df_inner_score[f"{col}_{metric_func_name}"] = (
    ~~~~~~~~~~~~~~^^^^^^^^^^^^^^^^^^^^^^^^^^^^^
  File "/home/azureuser/workspace-gzy/zyf/deep/.venv-eval/lib/python3.12/site-packages/pandas/core/frame.py", line 4312, in __setitem__
    self._set_item_frame_value(key, value)
  File "/home/azureuser/workspace-gzy/zyf/deep/.venv-eval/lib/python3.12/site-packages/pandas/core/frame.py", line 4470, in _set_item_frame_value
    raise ValueError(
ValueError: Cannot set a DataFrame with multiple columns to the single column 军衔_exact_match

{"event": "eval_done", "idx": 5, "instance_id": "deep2wide_result_64_哈尔滨工业大学", "score": null, "entity_acc": null, "f1_by_row": null, "f1_by_item": null, "column_f1": null, "error": "RuntimeError: official evaluator reported an internal error", "elapsed_seconds": 10.404, "running_n": 5}
{"event": "eval_done", "idx": 6, "instance_id": "deep2wide_result_66_中国科学技术大学", "score": 0.0, "entity_acc": 0.0, "f1_by_row": 0.0, "f1_by_item": 0.0, "column_f1": 0.0, "error": null, "elapsed_seconds": 2.816, "running_n": 6}
2026-08-07 12:44:25.796 | DEBUG    | eval.evaluation.data_loader:extract_dataframe:167 - find markdown_str 
| 时间 | 荣誉表彰 | 授予单位 | 任教单位 | 社会任职 |
| --- | --- | --- | --- | -- ...
2026-08-07 12:44:29.453 | INFO     | eval.evaluation.metric_utils:primary_key_preprocess:246 - primary_key_preprocess result: ```json
{
  "Julius Edgar Lilienfeld Prize（朱利叶斯·埃德加·利林菲尔德奖）": "朱利叶斯·埃德加·利连菲尔德奖"
}
```
2026-08-07 12:44:29.453 | INFO     | eval.evaluation.evaluation:evaluate_single_query:223 - col: 荣誉表彰, primary_key_map {'Julius Edgar Lilienfeld Prize（朱利叶斯·埃德加·利林菲尔德奖）': '朱利叶斯·埃德加·利连菲尔德奖'}
2026-08-07 12:44:29.475 | INFO     | eval.evaluation.evaluation:evaluate_single_query:275 - deep2wide_result_67_基普·索恩, df_inner shape: (1, 10), answer_df shape: (7, 5), response_df shape: (4, 6)
2026-08-07 12:44:29.478 | DEBUG    | eval.evaluation.evaluation:metric_call:77 - metric_func_name date_near score 0.0 msg date not near, response: 1996-08-01 00:00:00, target: 2007-08-30 00:00:00
2026-08-07 12:44:29.479 | DEBUG    | eval.evaluation.evaluation:evaluate_single_query:321 - deep2wide_result_67_基普·索恩, col 时间, metric_func_name date_near, score [0.0]
2026-08-07 12:44:31.772 | DEBUG    | eval.evaluation.evaluation:evaluate_single_query:321 - deep2wide_result_67_基普·索恩, col 授予单位, metric_func_name llm_judge, score [1]
2026-08-07 12:44:34.443 | DEBUG    | eval.evaluation.evaluation:evaluate_single_query:321 - deep2wide_result_67_基普·索恩, col 任教单位, metric_func_name llm_judge, score [1]
2026-08-07 12:44:37.946 | DEBUG    | eval.evaluation.evaluation:evaluate_single_query:321 - deep2wide_result_67_基普·索恩, col 社会任职, metric_func_name llm_judge, score [0]
2026-08-07 12:44:37.951 | INFO     | eval.evaluation.evaluation:evaluate_single_query:380 - deep2wide_result_67_基普·索恩, P/R/F1 by unique_columns: 0.2500/0.1429/0.1818
2026-08-07 12:44:37.951 | INFO     | eval.evaluation.evaluation:evaluate_single_query:383 - deep2wide_result_67_基普·索恩, P/R/F1 by row: 0.0000/0.0000/0.0000
2026-08-07 12:44:37.951 | INFO     | eval.evaluation.evaluation:evaluate_single_query:386 - deep2wide_result_67_基普·索恩, P/R/F1 by item: 0.1500/0.0857/0.1091
2026-08-07 12:44:37.952 | INFO     | eval.evaluation.evaluation:evaluate_single_query:398 - deep2wide_result_67_基普·索恩, final table score: 0.0
{"event": "eval_done", "idx": 7, "instance_id": "deep2wide_result_67_基普·索恩", "score": 0.0, "entity_acc": 1.0, "f1_by_row": 0.0, "f1_by_item": 0.10909090909090909, "column_f1": 0.18181818181818182, "error": null, "elapsed_seconds": 13.918, "running_n": 7}
SUMMARY {"n": 7, "valid_n": 6, "errors": 1, "complete": false, "judge_calls_current_process": 16, "score": 0.0, "entity_acc": 0.5, "precision_by_row": 0.1201923076923077, "recall_by_row": 0.10795454545454546, "f1_by_row": 0.11334745762711866, "precision_by_item": 0.2808760683760684, "recall_by_item": 0.24387325637325638, "f1_by_item": 0.25935413456599893, "column_precision": 0.3685897435897436, "column_recall": 0.3167388167388167, "column_f1": 0.33821263482280434}
