INFO: Pandarallel will run on 8 workers.
INFO: Pandarallel will use Memory file system to transfer data between the main process and workers.
{"event": "eval_start", "selected": 7, "resume_committed": 0, "committed_errors": 0, "crash_only_resume": false}
2026-08-07 12:43:52.982 | DEBUG    | eval.evaluation.data_loader:extract_dataframe:167 - find markdown_str 
| 区域名称 | 省份 | 认定年份 |
| --- | --- | --- |
| 长白山旅游度假区 | 吉林省 | 201 ...
2026-08-07 12:44:15.836 | INFO     | eval.evaluation.metric_utils:primary_key_preprocess:246 - primary_key_preprocess result: ```json
{
  "长白山旅游度假区": "长白山旅游度假区",
  "汤山温泉旅游度假区": "汤山温泉旅游度假区",
  "天目湖旅游度假区": "天目湖旅游度假区",
  "阳澄湖半岛旅游度假区": "阳澄湖半岛旅游度假区",
  "东钱湖旅游度假区": "东钱湖旅游度假区",
  "太湖旅游度假区": "太湖旅游度假区",
  "湘湖旅游度假区": "浙江湘湖旅游度假区",
  "凤凰岛旅游度假区": "凤凰岛旅游度假区",
  "海阳旅游度假区": "海阳旅游度假区",
  "尧山温泉旅游度假区": "尧山温泉旅游度假区",
  "武当太极湖旅游度假区": "武当山太极湖旅游度假区",
  "灰汤温泉旅游度假区": "灰汤温泉旅游度假区",
  "仙女山旅游度假区": "仙女山旅游度假区",
  "邛海旅游度假区": "邛海旅游度假区",
  "阳宗海旅游度假区": "阳宗海旅游度假区",
  "亚龙湾旅游度假区": "三亚市亚龙湾旅游度假区",
  "松花湖旅游度假区": "松花湖旅游度假区",
  "明月山温泉风景名胜区": "宜春市明月山温汤旅游度假区",
  "阳朔遇龙河旅游度假区": "桂林阳朔遇龙河旅游度假区",
  "成都天府青城康养休闲旅游度假区": "成都天府青城康养休闲旅游度假区",
  "西双版纳旅游度假区": "西双版纳旅游度假区",
  "河源巴伐利亚庄园": "河源巴伐利亚庄园",
  "无锡宜兴阳羡生态旅游度假区": "无锡市宜兴阳羡国家旅游度假区",
  "烟台蓬莱旅游度假区": "烟台市蓬莱旅游度假区",
  "崇礼冰雪旅游度假区": "崇礼冰雪旅游度假区",
  "亚布力滑雪旅游度假区": "亚布力滑雪旅游度假区",
  "上海佘山国家旅游度假区": "上海佘山国家旅游度假区",
  "常州太湖湾旅游度假区": "常州太湖湾旅游度假区",
  "德清莫干山国际旅游度假区": "德清莫干山国际旅游度假区",
  "淳安千岛湖旅游度假区": "淳安千岛湖旅游度假区",
  "上饶市三清山金沙旅游度假区": "上饶市三清山金沙旅游度假区",
  "日照山海天旅游度假区": "日照山海天旅游度假区",
  "常德柳叶湖旅游度假区": "常德柳叶湖旅游度假区",
  "重庆丰都南天湖旅游度假区": "重庆丰都南天湖旅游度假区",
  "峨眉山市峨秀湖旅游度假区": "峨眉山市峨秀湖旅游度假区",
  "六盘水市野玉海山地旅游度假区": "六盘水市野玉海山地旅游度假区",
  "大理古城旅游度假区": "大理古城旅游度假区",
  "宝鸡市太白山温泉旅游度假区": "宝鸡市太白山温泉旅游度假区",
  "那拉提旅游度假区": "那拉提旅游度假区",
  "秦皇岛市北戴河度假区": "河北省秦皇岛市北戴河度假区",
  "上海国际旅游度假区": "上海市上海国际旅游度假区",
  "常熟虞山文化旅游度假区": "江苏省常熟虞山文化旅游度假区",
  "泰顺廊桥—氡泉旅游度假区": "浙江省泰顺廊桥-氡泉旅游度假区",
  "鉴湖旅游度假区": "浙江省鉴湖旅游度假区",
  "新余市仙女湖七夕文化旅游度假区": "江西省新余市仙女湖七夕文化旅游度假区",
  "赣州市大余县丫山旅游度假区": "江西省赣州市大余县丫山旅游度假区",
  "烟台金沙滩旅游度假区": "山东省烟台金沙滩旅游度假区",
  "荣成好运角旅游度假区": "山东省荣成好运角旅游度假区",
  "三门峡市天鹅湖旅游度假区": "河南省三门峡市天鹅湖旅游度假区",
  "神农架木鱼旅游度假区": "湖北省神农架木鱼旅游度假区",
  "岳阳洞庭湖旅游度假区": "湖南省岳阳洞庭湖旅游度假区",
  "大新明仕旅游度假区": "广西壮族自治区大新明仕旅游度假区",
  "宜宾蜀南竹海旅游度假区": "四川省宜宾蜀南竹海旅游度假区",
  "商洛市牛背梁旅游度假区": "陕西省商洛市牛背梁旅游度假区",
  "北京密云古北水镇国际休闲旅游度假区": "密云古北水镇国际休闲旅游度假区",
  "阿尔山旅游度假区": "兴安盟阿尔山旅游度假区",
  "长白山华美胜地旅游度假区": "长白山华美胜地旅游度假区",
  "湖州市安吉县灵峰旅游度假区": "湖州市安吉灵峰旅游度假区",
  "黄山市黟县国际乡村旅游度假区": "黄山黟县国际乡村旅游度假区",
  "青岛市凤凰岛旅游度假区": "凤凰岛旅游度假区",
  "郑州市银基国际旅游度假区": "郑州银基国际旅游度假区",
  "桂林市雁山旅游度假区": "桂林雁山旅游度假区",
  "三亚市亚龙湾旅游度假区": "三亚市亚龙湾旅游度假区",
  "重庆市武隆仙女山旅游度假区": "仙女山旅游度假区"
}
```
2026-08-07 12:44:15.837 | INFO     | eval.evaluation.evaluation:evaluate_single_query:223 - col: 区域名称, primary_key_map {'长白山旅游度假区': '长白山旅游度假区', '汤山温泉旅游度假区': '汤山温泉旅游度假区', '天目湖旅游度假区': '天目湖旅游度假区', '阳澄湖半岛旅游度假区': '阳澄湖半岛旅游度假区', '东钱湖旅游度假区': '东钱湖旅游度假区', '太湖旅游度假区': '太湖旅游度假区', '湘湖旅游度假区': '浙江湘湖旅游度假区', '凤凰岛旅游度假区': '凤凰岛旅游度假区', '海阳旅游度假区': '海阳旅游度假区', '尧山温泉旅游度假区': '尧山温泉旅游度假区', '武当太极湖旅游度假区': '武当山太极湖旅游度假区', '灰汤温泉旅游度假区': '灰汤温泉旅游度假区', '仙女山旅游度假区': '仙女山旅游度假区', '邛海旅游度假区': '邛海旅游度假区', '阳宗海旅游度假区': '阳宗海旅游度假区', '亚龙湾旅游度假区': '三亚市亚龙湾旅游度假区', '松花湖旅游度假区': '松花湖旅游度假区', '明月山温泉风景名胜区': '宜春市明月山温汤旅游度假区', '阳朔遇龙河旅游度假区': '桂林阳朔遇龙河旅游度假区', '成都天府青城康养休闲旅游度假区': '成都天府青城康养休闲旅游度假区', '西双版纳旅游度假区': '西双版纳旅游度假区', '河源巴伐利亚庄园': '河源巴伐利亚庄园', '无锡宜兴阳羡生态旅游度假区': '无锡市宜兴阳羡国家旅游度假区', '烟台蓬莱旅游度假区': '烟台市蓬莱旅游度假区', '崇礼冰雪旅游度假区': '崇礼冰雪旅游度假区', '亚布力滑雪旅游度假区': '亚布力滑雪旅游度假区', '上海佘山国家旅游度假区': '上海佘山国家旅游度假区', '常州太湖湾旅游度假区': '常州太湖湾旅游度假区', '德清莫干山国际旅游度假区': '德清莫干山国际旅游度假区', '淳安千岛湖旅游度假区': '淳安千岛湖旅游度假区', '上饶市三清山金沙旅游度假区': '上饶市三清山金沙旅游度假区', '日照山海天旅游度假区': '日照山海天旅游度假区', '常德柳叶湖旅游度假区': '常德柳叶湖旅游度假区', '重庆丰都南天湖旅游度假区': '重庆丰都南天湖旅游度假区', '峨眉山市峨秀湖旅游度假区': '峨眉山市峨秀湖旅游度假区', '六盘水市野玉海山地旅游度假区': '六盘水市野玉海山地旅游度假区', '大理古城旅游度假区': '大理古城旅游度假区', '宝鸡市太白山温泉旅游度假区': '宝鸡市太白山温泉旅游度假区', '那拉提旅游度假区': '那拉提旅游度假区', '秦皇岛市北戴河度假区': '河北省秦皇岛市北戴河度假区', '上海国际旅游度假区': '上海市上海国际旅游度假区', '常熟虞山文化旅游度假区': '江苏省常熟虞山文化旅游度假区', '泰顺廊桥—氡泉旅游度假区': '浙江省泰顺廊桥-氡泉旅游度假区', '鉴湖旅游度假区': '浙江省鉴湖旅游度假区', '新余市仙女湖七夕文化旅游度假区': '江西省新余市仙女湖七夕文化旅游度假区', '赣州市大余县丫山旅游度假区': '江西省赣州市大余县丫山旅游度假区', '烟台金沙滩旅游度假区': '山东省烟台金沙滩旅游度假区', '荣成好运角旅游度假区': '山东省荣成好运角旅游度假区', '三门峡市天鹅湖旅游度假区': '河南省三门峡市天鹅湖旅游度假区', '神农架木鱼旅游度假区': '湖北省神农架木鱼旅游度假区', '岳阳洞庭湖旅游度假区': '湖南省岳阳洞庭湖旅游度假区', '大新明仕旅游度假区': '广西壮族自治区大新明仕旅游度假区', '宜宾蜀南竹海旅游度假区': '四川省宜宾蜀南竹海旅游度假区', '商洛市牛背梁旅游度假区': '陕西省商洛市牛背梁旅游度假区', '北京密云古北水镇国际休闲旅游度假区': '密云古北水镇国际休闲旅游度假区', '阿尔山旅游度假区': '兴安盟阿尔山旅游度假区', '长白山华美胜地旅游度假区': '长白山华美胜地旅游度假区', '湖州市安吉县灵峰旅游度假区': '湖州市安吉灵峰旅游度假区', '黄山市黟县国际乡村旅游度假区': '黄山黟县国际乡村旅游度假区', '青岛市凤凰岛旅游度假区': '凤凰岛旅游度假区', '郑州市银基国际旅游度假区': '郑州银基国际旅游度假区', '桂林市雁山旅游度假区': '桂林雁山旅游度假区', '三亚市亚龙湾旅游度假区': '三亚市亚龙湾旅游度假区', '重庆市武隆仙女山旅游度假区': '仙女山旅游度假区'}
2026-08-07 12:44:15.845 | INFO     | eval.evaluation.evaluation:evaluate_single_query:275 - wide2deep_ws_zh_038, df_inner shape: (63, 6), answer_df shape: (85, 3), response_df shape: (85, 4)
2026-08-07 12:44:20.669 | DEBUG    | eval.evaluation.evaluation:evaluate_single_query:321 - wide2deep_ws_zh_038, col 省份, metric_func_name llm_judge, score [1, 1, 1, 1, 1, 1, 1, 1, 1, 1, 1, 1, 1, 1, 1, 1, 1, 1, 1, 1, 1, 1, 1, 1, 1, 1, 1, 1, 1, 1, 1, 1, 1, 1, 1, 1, 1, 1, 1, 1, 1, 1, 1, 1, 1, 1, 1, 1, 1, 1, 1, 1, 1, 1, 1, 1, 1, 1, 1, 1, 1, 1, 1]
2026-08-07 12:44:20.670 | DEBUG    | eval.evaluation.evaluation:metric_call:77 - metric_func_name number_near score 1.0 msg number near in range 0.0%, response: 2020.0, target: 2020.0
2026-08-07 12:44:20.670 | DEBUG    | eval.evaluation.evaluation:metric_call:77 - metric_func_name number_near score 1.0 msg number near in range 0.0%, response: 2020.0, target: 2020.0
2026-08-07 12:44:20.670 | DEBUG    | eval.evaluation.evaluation:metric_call:77 - metric_func_name number_near score 1.0 msg number near in range 0.0%, response: 2015.0, target: 2015.0
2026-08-07 12:44:20.670 | DEBUG    | eval.evaluation.evaluation:metric_call:77 - metric_func_name number_near score 1.0 msg number near in range 0.0%, response: 2020.0, target: 2020.0
2026-08-07 12:44:20.670 | DEBUG    | eval.evaluation.evaluation:metric_call:77 - metric_func_name number_near score 1.0 msg number near in range 0.0%, response: 2020.0, target: 2020.0
2026-08-07 12:44:20.670 | DEBUG    | eval.evaluation.evaluation:metric_call:77 - metric_func_name number_near score 1.0 msg number near in range 0.0%, response: 2015.0, target: 2015.0
2026-08-07 12:44:20.670 | DEBUG    | eval.evaluation.evaluation:metric_call:77 - metric_func_name number_near score 0.0 msg number not near, response: 2019.0, target: 2018.0
2026-08-07 12:44:20.670 | DEBUG    | eval.evaluation.evaluation:metric_call:77 - metric_func_name number_near score 1.0 msg number near in range 0.0%, response: 2015.0, target: 2015.0
2026-08-07 12:44:20.670 | DEBUG    | eval.evaluation.evaluation:metric_call:77 - metric_func_name number_near score 1.0 msg number near in range 0.0%, response: 2015.0, target: 2015.0
2026-08-07 12:44:20.670 | DEBUG    | eval.evaluation.evaluation:metric_call:77 - metric_func_name number_near score 1.0 msg number near in range 0.0%, response: 2020.0, target: 2020.0
2026-08-07 12:44:20.670 | DEBUG    | eval.evaluation.evaluation:metric_call:77 - metric_func_name number_near score 1.0 msg number near in range 0.0%, response: 2015.0, target: 2015.0
2026-08-07 12:44:20.671 | DEBUG    | eval.evaluation.evaluation:metric_call:77 - metric_func_name number_near score 1.0 msg number near in range 0.0%, response: 2015.0, target: 2015.0
2026-08-07 12:44:20.671 | DEBUG    | eval.evaluation.evaluation:metric_call:77 - metric_func_name number_near score 1.0 msg number near in range 0.0%, response: 2015.0, target: 2015.0
2026-08-07 12:44:20.671 | DEBUG    | eval.evaluation.evaluation:metric_call:77 - metric_func_name number_near score 0.0 msg number not near, response: 2024.0, target: 2018.0
2026-08-07 12:44:20.671 | DEBUG    | eval.evaluation.evaluation:metric_call:77 - metric_func_name number_near score 1.0 msg number near in range 0.0%, response: 2020.0, target: 2020.0
2026-08-07 12:44:20.671 | DEBUG    | eval.evaluation.evaluation:metric_call:77 - metric_func_name number_near score 1.0 msg number near in range 0.0%, response: 2020.0, target: 2020.0
2026-08-07 12:44:20.671 | DEBUG    | eval.evaluation.evaluation:metric_call:77 - metric_func_name number_near score 1.0 msg number near in range 0.0%, response: 2020.0, target: 2020.0
2026-08-07 12:44:20.671 | DEBUG    | eval.evaluation.evaluation:metric_call:77 - metric_func_name number_near score 0.0 msg number not near, response: 2017.0, target: 2018.0
2026-08-07 12:44:20.671 | DEBUG    | eval.evaluation.evaluation:metric_call:77 - metric_func_name number_near score 1.0 msg number near in range 0.0%, response: 2015.0, target: 2015.0
2026-08-07 12:44:20.671 | DEBUG    | eval.evaluation.evaluation:metric_call:77 - metric_func_name number_near score 0.0 msg number not near, response: 2024.0, target: 2015.0
2026-08-07 12:44:20.671 | DEBUG    | eval.evaluation.evaluation:metric_call:77 - metric_func_name number_near score 0.0 msg number not near, response: 2019.0, target: 2018.0
2026-08-07 12:44:20.671 | DEBUG    | eval.evaluation.evaluation:metric_call:77 - metric_func_name number_near score 1.0 msg number near in range 0.0%, response: 2015.0, target: 2015.0
2026-08-07 12:44:20.671 | DEBUG    | eval.evaluation.evaluation:metric_call:77 - metric_func_name number_near score 1.0 msg number near in range 0.0%, response: 2020.0, target: 2020.0
2026-08-07 12:44:20.671 | DEBUG    | eval.evaluation.evaluation:metric_call:77 - metric_func_name number_near score 1.0 msg number near in range 0.0%, response: 2015.0, target: 2015.0
2026-08-07 12:44:20.671 | DEBUG    | eval.evaluation.evaluation:metric_call:77 - metric_func_name number_near score 1.0 msg number near in range 0.0%, response: 2015.0, target: 2015.0
2026-08-07 12:44:20.671 | DEBUG    | eval.evaluation.evaluation:metric_call:77 - metric_func_name number_near score 1.0 msg number near in range 0.0%, response: 2015.0, target: 2015.0
2026-08-07 12:44:20.671 | DEBUG    | eval.evaluation.evaluation:metric_call:77 - metric_func_name number_near score 1.0 msg number near in range 0.0%, response: 2020.0, target: 2020.0
2026-08-07 12:44:20.671 | DEBUG    | eval.evaluation.evaluation:metric_call:77 - metric_func_name number_near score 1.0 msg number near in range 0.0%, response: 2019.0, target: 2019.0
2026-08-07 12:44:20.671 | DEBUG    | eval.evaluation.evaluation:metric_call:77 - metric_func_name number_near score 0.0 msg number not near, response: 2017.0, target: 2019.0
2026-08-07 12:44:20.671 | DEBUG    | eval.evaluation.evaluation:metric_call:77 - metric_func_name number_near score 0.0 msg number not near, response: 2015.0, target: 2018.0
2026-08-07 12:44:20.671 | DEBUG    | eval.evaluation.evaluation:metric_call:77 - metric_func_name number_near score 0.0 msg number not near, response: 2024.0, target: 2018.0
2026-08-07 12:44:20.672 | DEBUG    | eval.evaluation.evaluation:metric_call:77 - metric_func_name number_near score 1.0 msg number near in range 0.0%, response: 2015.0, target: 2015.0
2026-08-07 12:44:20.672 | DEBUG    | eval.evaluation.evaluation:metric_call:77 - metric_func_name number_near score 0.0 msg number not near, response: 2024.0, target: 2015.0
2026-08-07 12:44:20.672 | DEBUG    | eval.evaluation.evaluation:metric_call:77 - metric_func_name number_near score 1.0 msg number near in range 0.0%, response: 2020.0, target: 2020.0
2026-08-07 12:44:20.672 | DEBUG    | eval.evaluation.evaluation:metric_call:77 - metric_func_name number_near score 1.0 msg number near in range 0.0%, response: 2015.0, target: 2015.0
2026-08-07 12:44:20.672 | DEBUG    | eval.evaluation.evaluation:metric_call:77 - metric_func_name number_near score 0.0 msg number not near, response: 2017.0, target: 2019.0
2026-08-07 12:44:20.672 | DEBUG    | eval.evaluation.evaluation:metric_call:77 - metric_func_name number_near score 1.0 msg number near in range 0.0%, response: 2020.0, target: 2020.0
2026-08-07 12:44:20.672 | DEBUG    | eval.evaluation.evaluation:metric_call:77 - metric_func_name number_near score 1.0 msg number near in range 0.0%, response: 2020.0, target: 2020.0
2026-08-07 12:44:20.672 | DEBUG    | eval.evaluation.evaluation:metric_call:77 - metric_func_name number_near score 1.0 msg number near in range 0.0%, response: 2015.0, target: 2015.0
2026-08-07 12:44:20.672 | DEBUG    | eval.evaluation.evaluation:metric_call:77 - metric_func_name number_near score 0.0 msg number not near, response: 2017.0, target: 2015.0
2026-08-07 12:44:20.672 | DEBUG    | eval.evaluation.evaluation:metric_call:77 - metric_func_name number_near score 1.0 msg number near in range 0.0%, response: 2020.0, target: 2020.0
2026-08-07 12:44:20.672 | DEBUG    | eval.evaluation.evaluation:metric_call:77 - metric_func_name number_near score 1.0 msg number near in range 0.0%, response: 2020.0, target: 2020.0
2026-08-07 12:44:20.672 | DEBUG    | eval.evaluation.evaluation:metric_call:77 - metric_func_name number_near score 0.0 msg number not near, response: 2022.0, target: 2023.0
2026-08-07 12:44:20.672 | DEBUG    | eval.evaluation.evaluation:metric_call:77 - metric_func_name number_near score 0.0 msg number not near, response: 2022.0, target: 2023.0
2026-08-07 12:44:20.672 | DEBUG    | eval.evaluation.evaluation:metric_call:77 - metric_func_name number_near score 0.0 msg number not near, response: 2022.0, target: 2023.0
2026-08-07 12:44:20.672 | DEBUG    | eval.evaluation.evaluation:metric_call:77 - metric_func_name number_near score 0.0 msg number not near, response: 2022.0, target: 2023.0
2026-08-07 12:44:20.672 | DEBUG    | eval.evaluation.evaluation:metric_call:77 - metric_func_name number_near score 0.0 msg number not near, response: 2022.0, target: 2023.0
2026-08-07 12:44:20.672 | DEBUG    | eval.evaluation.evaluation:metric_call:77 - metric_func_name number_near score 0.0 msg number not near, response: 2022.0, target: 2023.0
2026-08-07 12:44:20.672 | DEBUG    | eval.evaluation.evaluation:metric_call:77 - metric_func_name number_near score 0.0 msg number not near, response: 2022.0, target: 2023.0
2026-08-07 12:44:20.672 | DEBUG    | eval.evaluation.evaluation:metric_call:77 - metric_func_name number_near score 0.0 msg number not near, response: 2022.0, target: 2023.0
2026-08-07 12:44:20.673 | DEBUG    | eval.evaluation.evaluation:metric_call:77 - metric_func_name number_near score 0.0 msg number not near, response: 2022.0, target: 2023.0
2026-08-07 12:44:20.673 | DEBUG    | eval.evaluation.evaluation:metric_call:77 - metric_func_name number_near score 0.0 msg number not near, response: 2022.0, target: 2023.0
2026-08-07 12:44:20.673 | DEBUG    | eval.evaluation.evaluation:metric_call:77 - metric_func_name number_near score 0.0 msg number not near, response: 2022.0, target: 2023.0
2026-08-07 12:44:20.673 | DEBUG    | eval.evaluation.evaluation:metric_call:77 - metric_func_name number_near score 0.0 msg number not near, response: 2022.0, target: 2023.0
2026-08-07 12:44:20.673 | DEBUG    | eval.evaluation.evaluation:metric_call:77 - metric_func_name number_near score 0.0 msg number not near, response: 2022.0, target: 2023.0
2026-08-07 12:44:20.673 | DEBUG    | eval.evaluation.evaluation:metric_call:77 - metric_func_name number_near score 0.0 msg number not near, response: 2022.0, target: 2023.0
2026-08-07 12:44:20.673 | DEBUG    | eval.evaluation.evaluation:metric_call:77 - metric_func_name number_near score 0.0 msg number not near, response: 2022.0, target: 2023.0
2026-08-07 12:44:20.673 | DEBUG    | eval.evaluation.evaluation:metric_call:77 - metric_func_name number_near score 1.0 msg number near in range 0.0%, response: 2024.0, target: 2024.0
2026-08-07 12:44:20.673 | DEBUG    | eval.evaluation.evaluation:metric_call:77 - metric_func_name number_near score 1.0 msg number near in range 0.0%, response: 2024.0, target: 2024.0
2026-08-07 12:44:20.673 | DEBUG    | eval.evaluation.evaluation:metric_call:77 - metric_func_name number_near score 1.0 msg number near in range 0.0%, response: 2024.0, target: 2024.0
2026-08-07 12:44:20.673 | DEBUG    | eval.evaluation.evaluation:metric_call:77 - metric_func_name number_near score 1.0 msg number near in range 0.0%, response: 2024.0, target: 2024.0
2026-08-07 12:44:20.673 | DEBUG    | eval.evaluation.evaluation:metric_call:77 - metric_func_name number_near score 1.0 msg number near in range 0.0%, response: 2024.0, target: 2024.0
2026-08-07 12:44:20.673 | DEBUG    | eval.evaluation.evaluation:metric_call:77 - metric_func_name number_near score 1.0 msg number near in range 0.0%, response: 2024.0, target: 2024.0
2026-08-07 12:44:20.674 | DEBUG    | eval.evaluation.evaluation:evaluate_single_query:321 - wide2deep_ws_zh_038, col 认定年份, metric_func_name number_near, score [1.0, 1.0, 1.0, 1.0, 1.0, 1.0, 0.0, 1.0, 1.0, 1.0, 1.0, 1.0, 1.0, 0.0, 1.0, 1.0, 1.0, 0.0, 1.0, 0.0, 0.0, 1.0, 1.0, 1.0, 1.0, 1.0, 1.0, 1.0, 0.0, 0.0, 0.0, 1.0, 0.0, 1.0, 1.0, 0.0, 1.0, 1.0, 1.0, 0.0, 1.0, 1.0, 0.0, 0.0, 0.0, 0.0, 0.0, 0.0, 0.0, 0.0, 0.0, 0.0, 0.0, 0.0, 0.0, 0.0, 0.0, 1.0, 1.0, 1.0, 1.0, 1.0, 1.0]
2026-08-07 12:44:20.682 | INFO     | eval.evaluation.evaluation:evaluate_single_query:380 - wide2deep_ws_zh_038, P/R/F1 by unique_columns: 0.7412/0.7412/0.7412
2026-08-07 12:44:20.682 | INFO     | eval.evaluation.evaluation:evaluate_single_query:383 - wide2deep_ws_zh_038, P/R/F1 by row: 0.4353/0.4353/0.4353
2026-08-07 12:44:20.682 | INFO     | eval.evaluation.evaluation:evaluate_single_query:386 - wide2deep_ws_zh_038, P/R/F1 by item: 0.6392/0.6392/0.6392
2026-08-07 12:44:20.686 | INFO     | eval.evaluation.evaluation:evaluate_single_query:398 - wide2deep_ws_zh_038, final table score: 0.0
{"event": "eval_done", "idx": 1, "instance_id": "wide2deep_ws_zh_038", "score": 0.0, "entity_acc": 1.0, "f1_by_row": 0.4352941176470588, "f1_by_item": 0.6392156862745098, "column_f1": 0.7411764705882353, "error": null, "elapsed_seconds": 37.959, "running_n": 1}
2026-08-07 12:44:22.978 | DEBUG    | eval.evaluation.data_loader:extract_dataframe:167 - find markdown_str 
| 演员名称 | 播出年份 | 影视名称 | 角色名 | 搭档演员 | 播放平台 |
| --- | --- | --- |  ...
2026-08-07 12:44:28.601 | INFO     | eval.evaluation.metric_utils:primary_key_preprocess:246 - primary_key_preprocess result: ```json
{
  "杨幂": "杨幂",
  "刘诗诗": "刘诗诗",
  "唐嫣": "唐嫣",
  "赵丽颖": "赵丽颖",
  "刘亦菲": "刘亦菲"
}
```
2026-08-07 12:44:28.601 | INFO     | eval.evaluation.evaluation:evaluate_single_query:223 - col: 演员名称, primary_key_map {'杨幂': '杨幂', '刘诗诗': '刘诗诗', '唐嫣': '唐嫣', '赵丽颖': '赵丽颖', '刘亦菲': '刘亦菲'}
2026-08-07 12:44:34.784 | INFO     | eval.evaluation.metric_utils:primary_key_preprocess:246 - primary_key_preprocess result: ```json
{
  "《红粉世家》": "红粉世家",
  "《古剑奇谭》": "古剑奇谭",
  "《微时代》": "微时代",
  "《分手大师》": "分手大师",
  "《小时代3：刺金时代》": "小时代3：刺金时代",
  "《哈尔滨一九四四》": "哈尔滨一九四四",
  "《狐妖小红娘月红篇》": "狐妖小红娘·月红篇",
  "《没有一顿火锅解决不了的事》": "没有一顿火锅解决不了的事",
  "《步步惊情》": "步步惊情",
  "《犀利仁师》": "犀利仁师",
  "《风中奇缘》": "风中奇缘",
  "《深夜前的五分钟》": "深夜前的五分钟",
  "《金玉良缘》": "金玉良缘",
  "《格子间女人》": "格子间女人",
  "《露水红颜》": "露水红颜",
  "《妻子的秘密》": "妻子的秘密",
  "《杉杉来了》": "杉杉来了",
  "《与凤行》": "与凤行",
  "《第二十条》": "第二十条",
  "《乔妍的心事》": "乔妍的心事",
  "《五月之恋》": "五月之恋",
  "《恋爱大赢家》": "恋爱大赢家",
  "《四大名捕大结局》": "四大名捕大结局",
  "《玫瑰的故事》": "玫瑰的故事"
}
```
2026-08-07 12:44:34.785 | INFO     | eval.evaluation.evaluation:evaluate_single_query:223 - col: 影视名称, primary_key_map {'《红粉世家》': '红粉世家', '《古剑奇谭》': '古剑奇谭', '《微时代》': '微时代', '《分手大师》': '分手大师', '《小时代3：刺金时代》': '小时代3：刺金时代', '《哈尔滨一九四四》': '哈尔滨一九四四', '《狐妖小红娘月红篇》': '狐妖小红娘·月红篇', '《没有一顿火锅解决不了的事》': '没有一顿火锅解决不了的事', '《步步惊情》': '步步惊情', '《犀利仁师》': '犀利仁师', '《风中奇缘》': '风中奇缘', '《深夜前的五分钟》': '深夜前的五分钟', '《金玉良缘》': '金玉良缘', '《格子间女人》': '格子间女人', '《露水红颜》': '露水红颜', '《妻子的秘密》': '妻子的秘密', '《杉杉来了》': '杉杉来了', '《与凤行》': '与凤行', '《第二十条》': '第二十条', '《乔妍的心事》': '乔妍的心事', '《五月之恋》': '五月之恋', '《恋爱大赢家》': '恋爱大赢家', '《四大名捕大结局》': '四大名捕大结局', '《玫瑰的故事》': '玫瑰的故事'}
2026-08-07 12:44:34.794 | INFO     | eval.evaluation.evaluation:evaluate_single_query:275 - wide2deep_ws_zh_048, df_inner shape: (25, 12), answer_df shape: (35, 6), response_df shape: (33, 8)
2026-08-07 12:44:34.795 | DEBUG    | eval.evaluation.evaluation:metric_call:77 - metric_func_name exact_match score 1.0 msg exact match, response: 2014年, target: 2014年
2026-08-07 12:44:34.795 | DEBUG    | eval.evaluation.evaluation:metric_call:77 - metric_func_name exact_match score 1.0 msg exact match, response: 2014年, target: 2014年
2026-08-07 12:44:34.795 | DEBUG    | eval.evaluation.evaluation:metric_call:77 - metric_func_name exact_match score 1.0 msg exact match, response: 2014年, target: 2014年
2026-08-07 12:44:34.795 | DEBUG    | eval.evaluation.evaluation:metric_call:77 - metric_func_name exact_match score 1.0 msg exact match, response: 2014年, target: 2014年
2026-08-07 12:44:34.795 | DEBUG    | eval.evaluation.evaluation:metric_call:77 - metric_func_name exact_match score 1.0 msg exact match, response: 2014年, target: 2014年
2026-08-07 12:44:34.795 | DEBUG    | eval.evaluation.evaluation:metric_call:77 - metric_func_name exact_match score 1.0 msg exact match, response: 2014年, target: 2014年
2026-08-07 12:44:34.795 | DEBUG    | eval.evaluation.evaluation:metric_call:77 - metric_func_name exact_match score 1.0 msg exact match, response: 2014年, target: 2014年
2026-08-07 12:44:34.795 | DEBUG    | eval.evaluation.evaluation:metric_call:77 - metric_func_name exact_match score 1.0 msg exact match, response: 2004年, target: 2004年
2026-08-07 12:44:34.795 | DEBUG    | eval.evaluation.evaluation:metric_call:77 - metric_func_name exact_match score 1.0 msg exact match, response: 2014年, target: 2014年
2026-08-07 12:44:34.795 | DEBUG    | eval.evaluation.evaluation:metric_call:77 - metric_func_name exact_match score 1.0 msg exact match, response: 2014年, target: 2014年
2026-08-07 12:44:34.795 | DEBUG    | eval.evaluation.evaluation:metric_call:77 - metric_func_name exact_match score 1.0 msg exact match, response: 2014年, target: 2014年
2026-08-07 12:44:34.795 | DEBUG    | eval.evaluation.evaluation:metric_call:77 - metric_func_name exact_match score 1.0 msg exact match, response: 2014年, target: 2014年
2026-08-07 12:44:34.795 | DEBUG    | eval.evaluation.evaluation:metric_call:77 - metric_func_name exact_match score 1.0 msg exact match, response: 2024年, target: 2024年
2026-08-07 12:44:34.795 | DEBUG    | eval.evaluation.evaluation:metric_call:77 - metric_func_name exact_match score 1.0 msg exact match, response: 2024年, target: 2024年
2026-08-07 12:44:34.796 | DEBUG    | eval.evaluation.evaluation:metric_call:77 - metric_func_name exact_match score 1.0 msg exact match, response: 2024年, target: 2024年
2026-08-07 12:44:34.796 | DEBUG    | eval.evaluation.evaluation:metric_call:77 - metric_func_name exact_match score 1.0 msg exact match, response: 2004年, target: 2004年
2026-08-07 12:44:34.796 | DEBUG    | eval.evaluation.evaluation:metric_call:77 - metric_func_name exact_match score 1.0 msg exact match, response: 2004年, target: 2004年
2026-08-07 12:44:34.796 | DEBUG    | eval.evaluation.evaluation:metric_call:77 - metric_func_name exact_match score 1.0 msg exact match, response: 2014年, target: 2014年
2026-08-07 12:44:34.796 | DEBUG    | eval.evaluation.evaluation:metric_call:77 - metric_func_name exact_match score 1.0 msg exact match, response: 2014年, target: 2014年
2026-08-07 12:44:34.796 | DEBUG    | eval.evaluation.evaluation:metric_call:77 - metric_func_name exact_match score 1.0 msg exact match, response: 2024年, target: 2024年
2026-08-07 12:44:34.796 | DEBUG    | eval.evaluation.evaluation:metric_call:77 - metric_func_name exact_match score 1.0 msg exact match, response: 2014年, target: 2014年
2026-08-07 12:44:34.796 | DEBUG    | eval.evaluation.evaluation:metric_call:77 - metric_func_name exact_match score 1.0 msg exact match, response: 2014年, target: 2014年
2026-08-07 12:44:34.796 | DEBUG    | eval.evaluation.evaluation:metric_call:77 - metric_func_name exact_match score 1.0 msg exact match, response: 2024年, target: 2024年
2026-08-07 12:44:34.796 | DEBUG    | eval.evaluation.evaluation:metric_call:77 - metric_func_name exact_match score 1.0 msg exact match, response: 2024年, target: 2024年
2026-08-07 12:44:34.796 | DEBUG    | eval.evaluation.evaluation:metric_call:77 - metric_func_name exact_match score 1.0 msg exact match, response: 2024年, target: 2024年
2026-08-07 12:44:34.797 | DEBUG    | eval.evaluation.evaluation:evaluate_single_query:321 - wide2deep_ws_zh_048, col 播出年份, metric_func_name exact_match, score [1.0, 1.0, 1.0, 1.0, 1.0, 1.0, 1.0, 1.0, 1.0, 1.0, 1.0, 1.0, 1.0, 1.0, 1.0, 1.0, 1.0, 1.0, 1.0, 1.0, 1.0, 1.0, 1.0, 1.0, 1.0]
2026-08-07 12:44:38.763 | DEBUG    | eval.evaluation.evaluation:evaluate_single_query:321 - wide2deep_ws_zh_048, col 角色名, metric_func_name llm_judge, score [1, 1, 0, 0, 1, 1, 1, 1, 1, 1, 0, 1, 1, 1, 1, 1, 1, 1, 1, 1, 1, 1, 1, 1, 1]
2026-08-07 12:44:43.561 | DEBUG    | eval.evaluation.evaluation:evaluate_single_query:321 - wide2deep_ws_zh_048, col 搭档演员, metric_func_name llm_judge, score [1, 1, 1, 1, 1, 1, 1, 1, 1, 1, 1, 1, 1, 1, 1, 0, 1, 1, 1, 1, 1, 1, 1, 1, 1]
2026-08-07 12:44:48.121 | DEBUG    | eval.evaluation.evaluation:evaluate_single_query:321 - wide2deep_ws_zh_048, col 播放平台, metric_func_name llm_judge, score [1, 0, 1, 1, 1, 0, 1, 0, 1, 1, 1, 1, 0, 1, 1, 1, 1, 1, 1, 1, 1, 1, 1, 1, 1]
2026-08-07 12:44:48.126 | INFO     | eval.evaluation.evaluation:evaluate_single_query:380 - wide2deep_ws_zh_048, P/R/F1 by unique_columns: 0.7576/0.7143/0.7353
2026-08-07 12:44:48.126 | INFO     | eval.evaluation.evaluation:evaluate_single_query:383 - wide2deep_ws_zh_048, P/R/F1 by row: 0.5152/0.4857/0.5000
2026-08-07 12:44:48.126 | INFO     | eval.evaluation.evaluation:evaluate_single_query:386 - wide2deep_ws_zh_048, P/R/F1 by item: 0.7172/0.6762/0.6961
2026-08-07 12:44:48.129 | INFO     | eval.evaluation.evaluation:evaluate_single_query:398 - wide2deep_ws_zh_048, final table score: 0.0
{"event": "eval_done", "idx": 2, "instance_id": "wide2deep_ws_zh_048", "score": 0.0, "entity_acc": 1.0, "f1_by_row": 0.5, "f1_by_item": 0.696078431372549, "column_f1": 0.7352941176470589, "error": null, "elapsed_seconds": 27.426, "running_n": 2}
2026-08-07 12:44:49.498 | DEBUG    | eval.evaluation.data_loader:extract_dataframe:167 - find markdown_str 
| 调整年份 | 调整生效日期 | 调整前的一年期LPR | 调整后的一年期LPR | 调整前的五年期LPR | 调整后的五年 ...
2026-08-07 12:44:51.154 | INFO     | eval.evaluation.metric_utils:primary_key_preprocess:246 - primary_key_preprocess result: ```json
{
  "2020年": "2020",
  "2021年": "2021",
  "2022年": "2022",
  "2023年": "2023",
  "2024年": "2024",
  "2025年": "2025"
}
```
2026-08-07 12:44:51.154 | INFO     | eval.evaluation.evaluation:evaluate_single_query:223 - col: 调整年份, primary_key_map {'2020年': '2020', '2021年': '2021', '2022年': '2022', '2023年': '2023', '2024年': '2024', '2025年': '2025'}
2026-08-07 12:44:57.045 | INFO     | eval.evaluation.metric_utils:primary_key_preprocess:246 - primary_key_preprocess result: ```json
{
  "2020年01月06日": "1月6日",
  "2020年02月03日": "2月3日",
  "2020年02月20日": "2月20日",
  "2020年03月30日": "3月30日",
  "2020年04月15日": "4月15日",
  "2020年04月20日": "4月20日",
  "2020年05月15日": "5月15日",
  "2021年07月15日": "7月15日",
  "2021年12月15日": "12月15日",
  "2021年12月20日": "12月20日",
  "2022年01月17日": "1月17日",
  "2022年01月20日": "1月20日",
  "2022年04月25日": "4月25日",
  "2022年05月20日": "5月20日",
  "2022年08月15日": "8月15日",
  "2022年08月22日": "8月22日",
  "2022年12月05日": "12月5日",
  "2023年03月27日": "3月27日",
  "2023年06月13日": "6月13日",
  "2023年06月20日": "6月20日",
  "2023年08月15日": "8月15日",
  "2023年08月21日": "8月21日",
  "2023年09月15日": "9月15日",
  "2024年02月05日": "2月5日",
  "2024年02月20日": "2月20日",
  "2024年07月22日": "7月22日",
  "2024年09月27日": "9月27日",
  "2024年10月21日": "10月21日",
  "2025年05月08日": "5月8日",
  "2025年05月15日": "5月15日",
  "2025年05月20日": "5月20日"
}
```
2026-08-07 12:44:57.045 | INFO     | eval.evaluation.evaluation:evaluate_single_query:223 - col: 调整生效日期, primary_key_map {'2020年01月06日': '1月6日', '2020年02月03日': '2月3日', '2020年02月20日': '2月20日', '2020年03月30日': '3月30日', '2020年04月15日': '4月15日', '2020年04月20日': '4月20日', '2020年05月15日': '5月15日', '2021年07月15日': '7月15日', '2021年12月15日': '12月15日', '2021年12月20日': '12月20日', '2022年01月17日': '1月17日', '2022年01月20日': '1月20日', '2022年04月25日': '4月25日', '2022年05月20日': '5月20日', '2022年08月15日': '8月15日', '2022年08月22日': '8月22日', '2022年12月05日': '12月5日', '2023年03月27日': '3月27日', '2023年06月13日': '6月13日', '2023年06月20日': '6月20日', '2023年08月15日': '8月15日', '2023年08月21日': '8月21日', '2023年09月15日': '9月15日', '2024年02月05日': '2月5日', '2024年02月20日': '2月20日', '2024年07月22日': '7月22日', '2024年09月27日': '9月27日', '2024年10月21日': '10月21日', '2025年05月08日': '5月8日', '2025年05月15日': '5月15日', '2025年05月20日': '5月20日'}
2026-08-07 12:44:57.054 | INFO     | eval.evaluation.evaluation:evaluate_single_query:275 - wide2deep_ws_zh_068, df_inner shape: (31, 20), answer_df shape: (32, 10), response_df shape: (32, 12)
2026-08-07 12:44:57.055 | DEBUG    | eval.evaluation.evaluation:metric_call:77 - metric_func_name exact_match score 1.0 msg exact match, response: nan, target: nan
2026-08-07 12:44:57.055 | DEBUG    | eval.evaluation.evaluation:metric_call:77 - metric_func_name exact_match score 1.0 msg exact match, response: nan, target: nan
2026-08-07 12:44:57.055 | DEBUG    | eval.evaluation.evaluation:metric_call:77 - metric_func_name exact_match score 1.0 msg exact match, response: 4.15%, target: 4.15%
2026-08-07 12:44:57.055 | DEBUG    | eval.evaluation.evaluation:metric_call:77 - metric_func_name exact_match score 1.0 msg exact match, response: nan, target: nan
2026-08-07 12:44:57.055 | DEBUG    | eval.evaluation.evaluation:metric_call:77 - metric_func_name exact_match score 1.0 msg exact match, response: nan, target: nan
2026-08-07 12:44:57.055 | DEBUG    | eval.evaluation.evaluation:metric_call:77 - metric_func_name exact_match score 1.0 msg exact match, response: 4.05%, target: 4.05%
2026-08-07 12:44:57.055 | DEBUG    | eval.evaluation.evaluation:metric_call:77 - metric_func_name exact_match score 1.0 msg exact match, response: nan, target: nan
2026-08-07 12:44:57.055 | DEBUG    | eval.evaluation.evaluation:metric_call:77 - metric_func_name exact_match score 1.0 msg exact match, response: nan, target: nan
2026-08-07 12:44:57.055 | DEBUG    | eval.evaluation.evaluation:metric_call:77 - metric_func_name exact_match score 1.0 msg exact match, response: nan, target: nan
2026-08-07 12:44:57.055 | DEBUG    | eval.evaluation.evaluation:metric_call:77 - metric_func_name exact_match score 1.0 msg exact match, response: 3.85%, target: 3.85%
2026-08-07 12:44:57.056 | DEBUG    | eval.evaluation.evaluation:metric_call:77 - metric_func_name exact_match score 1.0 msg exact match, response: nan, target: nan
2026-08-07 12:44:57.056 | DEBUG    | eval.evaluation.evaluation:metric_call:77 - metric_func_name exact_match score 1.0 msg exact match, response: 3.80%, target: 3.80%
2026-08-07 12:44:57.056 | DEBUG    | eval.evaluation.evaluation:metric_call:77 - metric_func_name exact_match score 1.0 msg exact match, response: nan, target: nan
2026-08-07 12:44:57.056 | DEBUG    | eval.evaluation.evaluation:metric_call:77 - metric_func_name exact_match score 1.0 msg exact match, response: 3.70%, target: 3.70%
2026-08-07 12:44:57.056 | DEBUG    | eval.evaluation.evaluation:metric_call:77 - metric_func_name exact_match score 1.0 msg exact match, response: nan, target: nan
2026-08-07 12:44:57.056 | DEBUG    | eval.evaluation.evaluation:metric_call:77 - metric_func_name exact_match score 1.0 msg exact match, response: 3.70%, target: 3.70%
2026-08-07 12:44:57.056 | DEBUG    | eval.evaluation.evaluation:metric_call:77 - metric_func_name exact_match score 1.0 msg exact match, response: nan, target: nan
2026-08-07 12:44:57.056 | DEBUG    | eval.evaluation.evaluation:metric_call:77 - metric_func_name exact_match score 1.0 msg exact match, response: nan, target: nan
2026-08-07 12:44:57.056 | DEBUG    | eval.evaluation.evaluation:metric_call:77 - metric_func_name exact_match score 1.0 msg exact match, response: nan, target: nan
2026-08-07 12:44:57.056 | DEBUG    | eval.evaluation.evaluation:metric_call:77 - metric_func_name exact_match score 1.0 msg exact match, response: 3.65%, target: 3.65%
2026-08-07 12:44:57.056 | DEBUG    | eval.evaluation.evaluation:metric_call:77 - metric_func_name exact_match score 1.0 msg exact match, response: nan, target: nan
2026-08-07 12:44:57.056 | DEBUG    | eval.evaluation.evaluation:metric_call:77 - metric_func_name exact_match score 1.0 msg exact match, response: 3.55%, target: 3.55%
2026-08-07 12:44:57.056 | DEBUG    | eval.evaluation.evaluation:metric_call:77 - metric_func_name exact_match score 1.0 msg exact match, response: nan, target: nan
2026-08-07 12:44:57.056 | DEBUG    | eval.evaluation.evaluation:metric_call:77 - metric_func_name exact_match score 1.0 msg exact match, response: nan, target: nan
2026-08-07 12:44:57.056 | DEBUG    | eval.evaluation.evaluation:metric_call:77 - metric_func_name exact_match score 1.0 msg exact match, response: 3.45%, target: 3.45%
2026-08-07 12:44:57.056 | DEBUG    | eval.evaluation.evaluation:metric_call:77 - metric_func_name exact_match score 1.0 msg exact match, response: 3.45%, target: 3.45%
2026-08-07 12:44:57.056 | DEBUG    | eval.evaluation.evaluation:metric_call:77 - metric_func_name exact_match score 1.0 msg exact match, response: nan, target: nan
2026-08-07 12:44:57.056 | DEBUG    | eval.evaluation.evaluation:metric_call:77 - metric_func_name exact_match score 1.0 msg exact match, response: 3.35%, target: 3.35%
2026-08-07 12:44:57.056 | DEBUG    | eval.evaluation.evaluation:metric_call:77 - metric_func_name exact_match score 1.0 msg exact match, response: nan, target: nan
2026-08-07 12:44:57.056 | DEBUG    | eval.evaluation.evaluation:metric_call:77 - metric_func_name exact_match score 1.0 msg exact match, response: nan, target: nan
2026-08-07 12:44:57.057 | DEBUG    | eval.evaluation.evaluation:metric_call:77 - metric_func_name exact_match score 1.0 msg exact match, response: 3.10%, target: 3.10%
2026-08-07 12:44:57.057 | DEBUG    | eval.evaluation.evaluation:evaluate_single_query:321 - wide2deep_ws_zh_068, col 调整前的一年期lpr, metric_func_name exact_match, score [1.0, 1.0, 1.0, 1.0, 1.0, 1.0, 1.0, 1.0, 1.0, 1.0, 1.0, 1.0, 1.0, 1.0, 1.0, 1.0, 1.0, 1.0, 1.0, 1.0, 1.0, 1.0, 1.0, 1.0, 1.0, 1.0, 1.0, 1.0, 1.0, 1.0, 1.0]
2026-08-07 12:44:57.057 | DEBUG    | eval.evaluation.evaluation:metric_call:77 - metric_func_name exact_match score 1.0 msg exact match, response: nan, target: nan
2026-08-07 12:44:57.057 | DEBUG    | eval.evaluation.evaluation:metric_call:77 - metric_func_name exact_match score 1.0 msg exact match, response: nan, target: nan
2026-08-07 12:44:57.058 | DEBUG    | eval.evaluation.evaluation:metric_call:77 - metric_func_name exact_match score 1.0 msg exact match, response: 4.05%, target: 4.05%
2026-08-07 12:44:57.058 | DEBUG    | eval.evaluation.evaluation:metric_call:77 - metric_func_name exact_match score 1.0 msg exact match, response: nan, target: nan
2026-08-07 12:44:57.058 | DEBUG    | eval.evaluation.evaluation:metric_call:77 - metric_func_name exact_match score 1.0 msg exact match, response: nan, target: nan
2026-08-07 12:44:57.058 | DEBUG    | eval.evaluation.evaluation:metric_call:77 - metric_func_name exact_match score 1.0 msg exact match, response: 3.85%, target: 3.85%
2026-08-07 12:44:57.058 | DEBUG    | eval.evaluation.evaluation:metric_call:77 - metric_func_name exact_match score 1.0 msg exact match, response: nan, target: nan
2026-08-07 12:44:57.058 | DEBUG    | eval.evaluation.evaluation:metric_call:77 - metric_func_name exact_match score 1.0 msg exact match, response: nan, target: nan
2026-08-07 12:44:57.058 | DEBUG    | eval.evaluation.evaluation:metric_call:77 - metric_func_name exact_match score 1.0 msg exact match, response: nan, target: nan
2026-08-07 12:44:57.058 | DEBUG    | eval.evaluation.evaluation:metric_call:77 - metric_func_name exact_match score 1.0 msg exact match, response: 3.80%, target: 3.80%
2026-08-07 12:44:57.058 | DEBUG    | eval.evaluation.evaluation:metric_call:77 - metric_func_name exact_match score 1.0 msg exact match, response: nan, target: nan
2026-08-07 12:44:57.058 | DEBUG    | eval.evaluation.evaluation:metric_call:77 - metric_func_name exact_match score 1.0 msg exact match, response: 3.70%, target: 3.70%
2026-08-07 12:44:57.058 | DEBUG    | eval.evaluation.evaluation:metric_call:77 - metric_func_name exact_match score 1.0 msg exact match, response: nan, target: nan
2026-08-07 12:44:57.058 | DEBUG    | eval.evaluation.evaluation:metric_call:77 - metric_func_name exact_match score 1.0 msg exact match, response: 3.70%, target: 3.70%
2026-08-07 12:44:57.058 | DEBUG    | eval.evaluation.evaluation:metric_call:77 - metric_func_name exact_match score 1.0 msg exact match, response: nan, target: nan
2026-08-07 12:44:57.058 | DEBUG    | eval.evaluation.evaluation:metric_call:77 - metric_func_name exact_match score 1.0 msg exact match, response: 3.65%, target: 3.65%
2026-08-07 12:44:57.058 | DEBUG    | eval.evaluation.evaluation:metric_call:77 - metric_func_name exact_match score 1.0 msg exact match, response: nan, target: nan
2026-08-07 12:44:57.058 | DEBUG    | eval.evaluation.evaluation:metric_call:77 - metric_func_name exact_match score 1.0 msg exact match, response: nan, target: nan
2026-08-07 12:44:57.058 | DEBUG    | eval.evaluation.evaluation:metric_call:77 - metric_func_name exact_match score 1.0 msg exact match, response: nan, target: nan
2026-08-07 12:44:57.058 | DEBUG    | eval.evaluation.evaluation:metric_call:77 - metric_func_name exact_match score 1.0 msg exact match, response: 3.55%, target: 3.55%
2026-08-07 12:44:57.058 | DEBUG    | eval.evaluation.evaluation:metric_call:77 - metric_func_name exact_match score 1.0 msg exact match, response: nan, target: nan
2026-08-07 12:44:57.058 | DEBUG    | eval.evaluation.evaluation:metric_call:77 - metric_func_name exact_match score 1.0 msg exact match, response: 3.45%, target: 3.45%
2026-08-07 12:44:57.058 | DEBUG    | eval.evaluation.evaluation:metric_call:77 - metric_func_name exact_match score 1.0 msg exact match, response: nan, target: nan
2026-08-07 12:44:57.058 | DEBUG    | eval.evaluation.evaluation:metric_call:77 - metric_func_name exact_match score 1.0 msg exact match, response: nan, target: nan
2026-08-07 12:44:57.058 | DEBUG    | eval.evaluation.evaluation:metric_call:77 - metric_func_name exact_match score 1.0 msg exact match, response: 3.45%, target: 3.45%
2026-08-07 12:44:57.059 | DEBUG    | eval.evaluation.evaluation:metric_call:77 - metric_func_name exact_match score 1.0 msg exact match, response: 3.35%, target: 3.35%
2026-08-07 12:44:57.059 | DEBUG    | eval.evaluation.evaluation:metric_call:77 - metric_func_name exact_match score 1.0 msg exact match, response: nan, target: nan
2026-08-07 12:44:57.059 | DEBUG    | eval.evaluation.evaluation:metric_call:77 - metric_func_name exact_match score 1.0 msg exact match, response: 3.10%, target: 3.10%
2026-08-07 12:44:57.059 | DEBUG    | eval.evaluation.evaluation:metric_call:77 - metric_func_name exact_match score 1.0 msg exact match, response: nan, target: nan
2026-08-07 12:44:57.059 | DEBUG    | eval.evaluation.evaluation:metric_call:77 - metric_func_name exact_match score 1.0 msg exact match, response: nan, target: nan
2026-08-07 12:44:57.059 | DEBUG    | eval.evaluation.evaluation:metric_call:77 - metric_func_name exact_match score 1.0 msg exact match, response: 3.00%, target: 3.00%
2026-08-07 12:44:57.059 | DEBUG    | eval.evaluation.evaluation:evaluate_single_query:321 - wide2deep_ws_zh_068, col 调整后的一年期lpr, metric_func_name exact_match, score [1.0, 1.0, 1.0, 1.0, 1.0, 1.0, 1.0, 1.0, 1.0, 1.0, 1.0, 1.0, 1.0, 1.0, 1.0, 1.0, 1.0, 1.0, 1.0, 1.0, 1.0, 1.0, 1.0, 1.0, 1.0, 1.0, 1.0, 1.0, 1.0, 1.0, 1.0]
2026-08-07 12:44:57.060 | DEBUG    | eval.evaluation.evaluation:metric_call:77 - metric_func_name exact_match score 1.0 msg exact match, response: nan, target: nan
2026-08-07 12:44:57.060 | DEBUG    | eval.evaluation.evaluation:metric_call:77 - metric_func_name exact_match score 1.0 msg exact match, response: nan, target: nan
2026-08-07 12:44:57.060 | DEBUG    | eval.evaluation.evaluation:metric_call:77 - metric_func_name exact_match score 1.0 msg exact match, response: 4.80%, target: 4.80%
2026-08-07 12:44:57.060 | DEBUG    | eval.evaluation.evaluation:metric_call:77 - metric_func_name exact_match score 1.0 msg exact match, response: nan, target: nan
2026-08-07 12:44:57.060 | DEBUG    | eval.evaluation.evaluation:metric_call:77 - metric_func_name exact_match score 1.0 msg exact match, response: nan, target: nan
2026-08-07 12:44:57.060 | DEBUG    | eval.evaluation.evaluation:metric_call:77 - metric_func_name exact_match score 1.0 msg exact match, response: 4.75%, target: 4.75%
2026-08-07 12:44:57.060 | DEBUG    | eval.evaluation.evaluation:metric_call:77 - metric_func_name exact_match score 1.0 msg exact match, response: nan, target: nan
2026-08-07 12:44:57.060 | DEBUG    | eval.evaluation.evaluation:metric_call:77 - metric_func_name exact_match score 1.0 msg exact match, response: nan, target: nan
2026-08-07 12:44:57.060 | DEBUG    | eval.evaluation.evaluation:metric_call:77 - metric_func_name exact_match score 1.0 msg exact match, response: nan, target: nan
2026-08-07 12:44:57.060 | DEBUG    | eval.evaluation.evaluation:metric_call:77 - metric_func_name exact_match score 1.0 msg exact match, response: 4.65%, target: 4.65%
2026-08-07 12:44:57.060 | DEBUG    | eval.evaluation.evaluation:metric_call:77 - metric_func_name exact_match score 1.0 msg exact match, response: nan, target: nan
2026-08-07 12:44:57.060 | DEBUG    | eval.evaluation.evaluation:metric_call:77 - metric_func_name exact_match score 1.0 msg exact match, response: 4.65%, target: 4.65%
2026-08-07 12:44:57.060 | DEBUG    | eval.evaluation.evaluation:metric_call:77 - metric_func_name exact_match score 1.0 msg exact match, response: nan, target: nan
2026-08-07 12:44:57.060 | DEBUG    | eval.evaluation.evaluation:metric_call:77 - metric_func_name exact_match score 1.0 msg exact match, response: 4.60%, target: 4.60%
2026-08-07 12:44:57.060 | DEBUG    | eval.evaluation.evaluation:metric_call:77 - metric_func_name exact_match score 1.0 msg exact match, response: nan, target: nan
2026-08-07 12:44:57.060 | DEBUG    | eval.evaluation.evaluation:metric_call:77 - metric_func_name exact_match score 1.0 msg exact match, response: 4.45%, target: 4.45%
2026-08-07 12:44:57.060 | DEBUG    | eval.evaluation.evaluation:metric_call:77 - metric_func_name exact_match score 1.0 msg exact match, response: nan, target: nan
2026-08-07 12:44:57.060 | DEBUG    | eval.evaluation.evaluation:metric_call:77 - metric_func_name exact_match score 1.0 msg exact match, response: nan, target: nan
2026-08-07 12:44:57.060 | DEBUG    | eval.evaluation.evaluation:metric_call:77 - metric_func_name exact_match score 1.0 msg exact match, response: nan, target: nan
2026-08-07 12:44:57.061 | DEBUG    | eval.evaluation.evaluation:metric_call:77 - metric_func_name exact_match score 1.0 msg exact match, response: 4.30%, target: 4.30%
2026-08-07 12:44:57.061 | DEBUG    | eval.evaluation.evaluation:metric_call:77 - metric_func_name exact_match score 1.0 msg exact match, response: nan, target: nan
2026-08-07 12:44:57.061 | DEBUG    | eval.evaluation.evaluation:metric_call:77 - metric_func_name exact_match score 1.0 msg exact match, response: 4.20%, target: 4.20%
2026-08-07 12:44:57.061 | DEBUG    | eval.evaluation.evaluation:metric_call:77 - metric_func_name exact_match score 1.0 msg exact match, response: nan, target: nan
2026-08-07 12:44:57.061 | DEBUG    | eval.evaluation.evaluation:metric_call:77 - metric_func_name exact_match score 1.0 msg exact match, response: nan, target: nan
2026-08-07 12:44:57.061 | DEBUG    | eval.evaluation.evaluation:metric_call:77 - metric_func_name exact_match score 1.0 msg exact match, response: 4.20%, target: 4.20%
2026-08-07 12:44:57.061 | DEBUG    | eval.evaluation.evaluation:metric_call:77 - metric_func_name exact_match score 1.0 msg exact match, response: 3.95%, target: 3.95%
2026-08-07 12:44:57.061 | DEBUG    | eval.evaluation.evaluation:metric_call:77 - metric_func_name exact_match score 1.0 msg exact match, response: nan, target: nan
2026-08-07 12:44:57.061 | DEBUG    | eval.evaluation.evaluation:metric_call:77 - metric_func_name exact_match score 1.0 msg exact match, response: 3.85%, target: 3.85%
2026-08-07 12:44:57.061 | DEBUG    | eval.evaluation.evaluation:metric_call:77 - metric_func_name exact_match score 1.0 msg exact match, response: nan, target: nan
2026-08-07 12:44:57.061 | DEBUG    | eval.evaluation.evaluation:metric_call:77 - metric_func_name exact_match score 1.0 msg exact match, response: nan, target: nan
2026-08-07 12:44:57.061 | DEBUG    | eval.evaluation.evaluation:metric_call:77 - metric_func_name exact_match score 1.0 msg exact match, response: 3.60%, target: 3.60%
2026-08-07 12:44:57.062 | DEBUG    | eval.evaluation.evaluation:evaluate_single_query:321 - wide2deep_ws_zh_068, col 调整前的五年期lpr, metric_func_name exact_match, score [1.0, 1.0, 1.0, 1.0, 1.0, 1.0, 1.0, 1.0, 1.0, 1.0, 1.0, 1.0, 1.0, 1.0, 1.0, 1.0, 1.0, 1.0, 1.0, 1.0, 1.0, 1.0, 1.0, 1.0, 1.0, 1.0, 1.0, 1.0, 1.0, 1.0, 1.0]
2026-08-07 12:44:57.062 | DEBUG    | eval.evaluation.evaluation:metric_call:77 - metric_func_name exact_match score 1.0 msg exact match, response: nan, target: nan
2026-08-07 12:44:57.062 | DEBUG    | eval.evaluation.evaluation:metric_call:77 - metric_func_name exact_match score 1.0 msg exact match, response: nan, target: nan
2026-08-07 12:44:57.062 | DEBUG    | eval.evaluation.evaluation:metric_call:77 - metric_func_name exact_match score 1.0 msg exact match, response: 4.75%, target: 4.75%
2026-08-07 12:44:57.062 | DEBUG    | eval.evaluation.evaluation:metric_call:77 - metric_func_name exact_match score 1.0 msg exact match, response: nan, target: nan
2026-08-07 12:44:57.062 | DEBUG    | eval.evaluation.evaluation:metric_call:77 - metric_func_name exact_match score 1.0 msg exact match, response: nan, target: nan
2026-08-07 12:44:57.062 | DEBUG    | eval.evaluation.evaluation:metric_call:77 - metric_func_name exact_match score 1.0 msg exact match, response: 4.65%, target: 4.65%
2026-08-07 12:44:57.062 | DEBUG    | eval.evaluation.evaluation:metric_call:77 - metric_func_name exact_match score 1.0 msg exact match, response: nan, target: nan
2026-08-07 12:44:57.062 | DEBUG    | eval.evaluation.evaluation:metric_call:77 - metric_func_name exact_match score 1.0 msg exact match, response: nan, target: nan
2026-08-07 12:44:57.062 | DEBUG    | eval.evaluation.evaluation:metric_call:77 - metric_func_name exact_match score 1.0 msg exact match, response: nan, target: nan
2026-08-07 12:44:57.062 | DEBUG    | eval.evaluation.evaluation:metric_call:77 - metric_func_name exact_match score 1.0 msg exact match, response: 4.65%, target: 4.65%
2026-08-07 12:44:57.062 | DEBUG    | eval.evaluation.evaluation:metric_call:77 - metric_func_name exact_match score 1.0 msg exact match, response: nan, target: nan
2026-08-07 12:44:57.062 | DEBUG    | eval.evaluation.evaluation:metric_call:77 - metric_func_name exact_match score 1.0 msg exact match, response: 4.60%, target: 4.60%
2026-08-07 12:44:57.062 | DEBUG    | eval.evaluation.evaluation:metric_call:77 - metric_func_name exact_match score 1.0 msg exact match, response: nan, target: nan
2026-08-07 12:44:57.062 | DEBUG    | eval.evaluation.evaluation:metric_call:77 - metric_func_name exact_match score 1.0 msg exact match, response: 4.45%, target: 4.45%
2026-08-07 12:44:57.062 | DEBUG    | eval.evaluation.evaluation:metric_call:77 - metric_func_name exact_match score 1.0 msg exact match, response: nan, target: nan
2026-08-07 12:44:57.063 | DEBUG    | eval.evaluation.evaluation:metric_call:77 - metric_func_name exact_match score 1.0 msg exact match, response: 4.30%, target: 4.30%
2026-08-07 12:44:57.063 | DEBUG    | eval.evaluation.evaluation:metric_call:77 - metric_func_name exact_match score 1.0 msg exact match, response: nan, target: nan
2026-08-07 12:44:57.063 | DEBUG    | eval.evaluation.evaluation:metric_call:77 - metric_func_name exact_match score 1.0 msg exact match, response: nan, target: nan
2026-08-07 12:44:57.063 | DEBUG    | eval.evaluation.evaluation:metric_call:77 - metric_func_name exact_match score 1.0 msg exact match, response: nan, target: nan
2026-08-07 12:44:57.063 | DEBUG    | eval.evaluation.evaluation:metric_call:77 - metric_func_name exact_match score 1.0 msg exact match, response: 4.20%, target: 4.20%
2026-08-07 12:44:57.063 | DEBUG    | eval.evaluation.evaluation:metric_call:77 - metric_func_name exact_match score 1.0 msg exact match, response: nan, target: nan
2026-08-07 12:44:57.063 | DEBUG    | eval.evaluation.evaluation:metric_call:77 - metric_func_name exact_match score 1.0 msg exact match, response: 4.20%, target: 4.20%
2026-08-07 12:44:57.063 | DEBUG    | eval.evaluation.evaluation:metric_call:77 - metric_func_name exact_match score 1.0 msg exact match, response: nan, target: nan
2026-08-07 12:44:57.063 | DEBUG    | eval.evaluation.evaluation:metric_call:77 - metric_func_name exact_match score 1.0 msg exact match, response: nan, target: nan
2026-08-07 12:44:57.063 | DEBUG    | eval.evaluation.evaluation:metric_call:77 - metric_func_name exact_match score 1.0 msg exact match, response: 3.95%, target: 3.95%
2026-08-07 12:44:57.063 | DEBUG    | eval.evaluation.evaluation:metric_call:77 - metric_func_name exact_match score 1.0 msg exact match, response: 3.85%, target: 3.85%
2026-08-07 12:44:57.063 | DEBUG    | eval.evaluation.evaluation:metric_call:77 - metric_func_name exact_match score 1.0 msg exact match, response: nan, target: nan
2026-08-07 12:44:57.063 | DEBUG    | eval.evaluation.evaluation:metric_call:77 - metric_func_name exact_match score 1.0 msg exact match, response: 3.60%, target: 3.60%
2026-08-07 12:44:57.063 | DEBUG    | eval.evaluation.evaluation:metric_call:77 - metric_func_name exact_match score 1.0 msg exact match, response: nan, target: nan
2026-08-07 12:44:57.063 | DEBUG    | eval.evaluation.evaluation:metric_call:77 - metric_func_name exact_match score 1.0 msg exact match, response: nan, target: nan
2026-08-07 12:44:57.063 | DEBUG    | eval.evaluation.evaluation:metric_call:77 - metric_func_name exact_match score 1.0 msg exact match, response: 3.50%, target: 3.50%
2026-08-07 12:44:57.064 | DEBUG    | eval.evaluation.evaluation:evaluate_single_query:321 - wide2deep_ws_zh_068, col 调整后的五年期lpr, metric_func_name exact_match, score [1.0, 1.0, 1.0, 1.0, 1.0, 1.0, 1.0, 1.0, 1.0, 1.0, 1.0, 1.0, 1.0, 1.0, 1.0, 1.0, 1.0, 1.0, 1.0, 1.0, 1.0, 1.0, 1.0, 1.0, 1.0, 1.0, 1.0, 1.0, 1.0, 1.0, 1.0]
2026-08-07 12:44:57.064 | DEBUG    | eval.evaluation.evaluation:metric_call:77 - metric_func_name exact_match score 1.0 msg exact match, response: nan, target: nan
2026-08-07 12:44:57.064 | DEBUG    | eval.evaluation.evaluation:metric_call:77 - metric_func_name exact_match score 1.0 msg exact match, response: 2.50%, target: 2.50%
2026-08-07 12:44:57.064 | DEBUG    | eval.evaluation.evaluation:metric_call:77 - metric_func_name exact_match score 1.0 msg exact match, response: nan, target: nan
2026-08-07 12:44:57.064 | DEBUG    | eval.evaluation.evaluation:metric_call:77 - metric_func_name exact_match score 1.0 msg exact match, response: 2.40%, target: 2.40%
2026-08-07 12:44:57.064 | DEBUG    | eval.evaluation.evaluation:metric_call:77 - metric_func_name exact_match score 1.0 msg exact match, response: nan, target: nan
2026-08-07 12:44:57.064 | DEBUG    | eval.evaluation.evaluation:metric_call:77 - metric_func_name exact_match score 1.0 msg exact match, response: nan, target: nan
2026-08-07 12:44:57.064 | DEBUG    | eval.evaluation.evaluation:metric_call:77 - metric_func_name exact_match score 1.0 msg exact match, response: nan, target: nan
2026-08-07 12:44:57.064 | DEBUG    | eval.evaluation.evaluation:metric_call:77 - metric_func_name exact_match score 1.0 msg exact match, response: nan, target: nan
2026-08-07 12:44:57.064 | DEBUG    | eval.evaluation.evaluation:metric_call:77 - metric_func_name exact_match score 1.0 msg exact match, response: nan, target: nan
2026-08-07 12:44:57.065 | DEBUG    | eval.evaluation.evaluation:metric_call:77 - metric_func_name exact_match score 1.0 msg exact match, response: nan, target: nan
2026-08-07 12:44:57.065 | DEBUG    | eval.evaluation.evaluation:metric_call:77 - metric_func_name exact_match score 1.0 msg exact match, response: 2.20%, target: 2.20%
2026-08-07 12:44:57.065 | DEBUG    | eval.evaluation.evaluation:metric_call:77 - metric_func_name exact_match score 1.0 msg exact match, response: nan, target: nan
2026-08-07 12:44:57.065 | DEBUG    | eval.evaluation.evaluation:metric_call:77 - metric_func_name exact_match score 1.0 msg exact match, response: nan, target: nan
2026-08-07 12:44:57.065 | DEBUG    | eval.evaluation.evaluation:metric_call:77 - metric_func_name exact_match score 1.0 msg exact match, response: nan, target: nan
2026-08-07 12:44:57.065 | DEBUG    | eval.evaluation.evaluation:metric_call:77 - metric_func_name exact_match score 1.0 msg exact match, response: 2.10%, target: 2.10%
2026-08-07 12:44:57.065 | DEBUG    | eval.evaluation.evaluation:metric_call:77 - metric_func_name exact_match score 1.0 msg exact match, response: nan, target: nan
2026-08-07 12:44:57.065 | DEBUG    | eval.evaluation.evaluation:metric_call:77 - metric_func_name exact_match score 1.0 msg exact match, response: nan, target: nan
2026-08-07 12:44:57.065 | DEBUG    | eval.evaluation.evaluation:metric_call:77 - metric_func_name exact_match score 1.0 msg exact match, response: nan, target: nan
2026-08-07 12:44:57.065 | DEBUG    | eval.evaluation.evaluation:metric_call:77 - metric_func_name exact_match score 1.0 msg exact match, response: 2.00%, target: 2.00%
2026-08-07 12:44:57.065 | DEBUG    | eval.evaluation.evaluation:metric_call:77 - metric_func_name exact_match score 1.0 msg exact match, response: nan, target: nan
2026-08-07 12:44:57.065 | DEBUG    | eval.evaluation.evaluation:metric_call:77 - metric_func_name exact_match score 1.0 msg exact match, response: 1.90%, target: 1.90%
2026-08-07 12:44:57.065 | DEBUG    | eval.evaluation.evaluation:metric_call:77 - metric_func_name exact_match score 1.0 msg exact match, response: nan, target: nan
2026-08-07 12:44:57.065 | DEBUG    | eval.evaluation.evaluation:metric_call:77 - metric_func_name exact_match score 1.0 msg exact match, response: nan, target: nan
2026-08-07 12:44:57.065 | DEBUG    | eval.evaluation.evaluation:metric_call:77 - metric_func_name exact_match score 1.0 msg exact match, response: nan, target: nan
2026-08-07 12:44:57.065 | DEBUG    | eval.evaluation.evaluation:metric_call:77 - metric_func_name exact_match score 1.0 msg exact match, response: nan, target: nan
2026-08-07 12:44:57.065 | DEBUG    | eval.evaluation.evaluation:metric_call:77 - metric_func_name exact_match score 1.0 msg exact match, response: 1.80%, target: 1.80%
2026-08-07 12:44:57.065 | DEBUG    | eval.evaluation.evaluation:metric_call:77 - metric_func_name exact_match score 0.0 msg exact not match, response: 1.70%, target: nan
2026-08-07 12:44:57.065 | DEBUG    | eval.evaluation.evaluation:metric_call:77 - metric_func_name exact_match score 1.0 msg exact match, response: nan, target: nan
2026-08-07 12:44:57.065 | DEBUG    | eval.evaluation.evaluation:metric_call:77 - metric_func_name exact_match score 1.0 msg exact match, response: 1.50%, target: 1.50%
2026-08-07 12:44:57.065 | DEBUG    | eval.evaluation.evaluation:metric_call:77 - metric_func_name exact_match score 1.0 msg exact match, response: nan, target: nan
2026-08-07 12:44:57.065 | DEBUG    | eval.evaluation.evaluation:metric_call:77 - metric_func_name exact_match score 1.0 msg exact match, response: nan, target: nan
2026-08-07 12:44:57.066 | DEBUG    | eval.evaluation.evaluation:evaluate_single_query:321 - wide2deep_ws_zh_068, col 调整前的7天逆回购操作利率, metric_func_name exact_match, score [1.0, 1.0, 1.0, 1.0, 1.0, 1.0, 1.0, 1.0, 1.0, 1.0, 1.0, 1.0, 1.0, 1.0, 1.0, 1.0, 1.0, 1.0, 1.0, 1.0, 1.0, 1.0, 1.0, 1.0, 1.0, 1.0, 0.0, 1.0, 1.0, 1.0, 1.0]
2026-08-07 12:44:57.066 | DEBUG    | eval.evaluation.evaluation:metric_call:77 - metric_func_name exact_match score 1.0 msg exact match, response: nan, target: nan
2026-08-07 12:44:57.066 | DEBUG    | eval.evaluation.evaluation:metric_call:77 - metric_func_name exact_match score 1.0 msg exact match, response: 2.40%, target: 2.40%
2026-08-07 12:44:57.066 | DEBUG    | eval.evaluation.evaluation:metric_call:77 - metric_func_name exact_match score 1.0 msg exact match, response: nan, target: nan
2026-08-07 12:44:57.067 | DEBUG    | eval.evaluation.evaluation:metric_call:77 - metric_func_name exact_match score 1.0 msg exact match, response: 2.20%, target: 2.20%
2026-08-07 12:44:57.067 | DEBUG    | eval.evaluation.evaluation:metric_call:77 - metric_func_name exact_match score 1.0 msg exact match, response: nan, target: nan
2026-08-07 12:44:57.067 | DEBUG    | eval.evaluation.evaluation:metric_call:77 - metric_func_name exact_match score 1.0 msg exact match, response: nan, target: nan
2026-08-07 12:44:57.067 | DEBUG    | eval.evaluation.evaluation:metric_call:77 - metric_func_name exact_match score 1.0 msg exact match, response: nan, target: nan
2026-08-07 12:44:57.067 | DEBUG    | eval.evaluation.evaluation:metric_call:77 - metric_func_name exact_match score 1.0 msg exact match, response: nan, target: nan
2026-08-07 12:44:57.067 | DEBUG    | eval.evaluation.evaluation:metric_call:77 - metric_func_name exact_match score 1.0 msg exact match, response: nan, target: nan
2026-08-07 12:44:57.067 | DEBUG    | eval.evaluation.evaluation:metric_call:77 - metric_func_name exact_match score 1.0 msg exact match, response: nan, target: nan
2026-08-07 12:44:57.067 | DEBUG    | eval.evaluation.evaluation:metric_call:77 - metric_func_name exact_match score 1.0 msg exact match, response: 2.10%, target: 2.10%
2026-08-07 12:44:57.067 | DEBUG    | eval.evaluation.evaluation:metric_call:77 - metric_func_name exact_match score 1.0 msg exact match, response: nan, target: nan
2026-08-07 12:44:57.067 | DEBUG    | eval.evaluation.evaluation:metric_call:77 - metric_func_name exact_match score 1.0 msg exact match, response: nan, target: nan
2026-08-07 12:44:57.067 | DEBUG    | eval.evaluation.evaluation:metric_call:77 - metric_func_name exact_match score 1.0 msg exact match, response: nan, target: nan
2026-08-07 12:44:57.067 | DEBUG    | eval.evaluation.evaluation:metric_call:77 - metric_func_name exact_match score 1.0 msg exact match, response: 2.00%, target: 2.00%
2026-08-07 12:44:57.067 | DEBUG    | eval.evaluation.evaluation:metric_call:77 - metric_func_name exact_match score 1.0 msg exact match, response: nan, target: nan
2026-08-07 12:44:57.067 | DEBUG    | eval.evaluation.evaluation:metric_call:77 - metric_func_name exact_match score 1.0 msg exact match, response: nan, target: nan
2026-08-07 12:44:57.067 | DEBUG    | eval.evaluation.evaluation:metric_call:77 - metric_func_name exact_match score 1.0 msg exact match, response: nan, target: nan
2026-08-07 12:44:57.067 | DEBUG    | eval.evaluation.evaluation:metric_call:77 - metric_func_name exact_match score 1.0 msg exact match, response: 1.90%, target: 1.90%
2026-08-07 12:44:57.067 | DEBUG    | eval.evaluation.evaluation:metric_call:77 - metric_func_name exact_match score 1.0 msg exact match, response: nan, target: nan
2026-08-07 12:44:57.067 | DEBUG    | eval.evaluation.evaluation:metric_call:77 - metric_func_name exact_match score 1.0 msg exact match, response: 1.80%, target: 1.80%
2026-08-07 12:44:57.067 | DEBUG    | eval.evaluation.evaluation:metric_call:77 - metric_func_name exact_match score 1.0 msg exact match, response: nan, target: nan
2026-08-07 12:44:57.067 | DEBUG    | eval.evaluation.evaluation:metric_call:77 - metric_func_name exact_match score 1.0 msg exact match, response: nan, target: nan
2026-08-07 12:44:57.067 | DEBUG    | eval.evaluation.evaluation:metric_call:77 - metric_func_name exact_match score 1.0 msg exact match, response: nan, target: nan
2026-08-07 12:44:57.067 | DEBUG    | eval.evaluation.evaluation:metric_call:77 - metric_func_name exact_match score 1.0 msg exact match, response: nan, target: nan
2026-08-07 12:44:57.068 | DEBUG    | eval.evaluation.evaluation:metric_call:77 - metric_func_name exact_match score 1.0 msg exact match, response: 1.70%, target: 1.70%
2026-08-07 12:44:57.068 | DEBUG    | eval.evaluation.evaluation:metric_call:77 - metric_func_name exact_match score 0.0 msg exact not match, response: 1.50%, target: nan
2026-08-07 12:44:57.068 | DEBUG    | eval.evaluation.evaluation:metric_call:77 - metric_func_name exact_match score 1.0 msg exact match, response: nan, target: nan
2026-08-07 12:44:57.068 | DEBUG    | eval.evaluation.evaluation:metric_call:77 - metric_func_name exact_match score 1.0 msg exact match, response: 1.40%, target: 1.40%
2026-08-07 12:44:57.068 | DEBUG    | eval.evaluation.evaluation:metric_call:77 - metric_func_name exact_match score 1.0 msg exact match, response: nan, target: nan
2026-08-07 12:44:57.068 | DEBUG    | eval.evaluation.evaluation:metric_call:77 - metric_func_name exact_match score 1.0 msg exact match, response: nan, target: nan
2026-08-07 12:44:57.068 | DEBUG    | eval.evaluation.evaluation:evaluate_single_query:321 - wide2deep_ws_zh_068, col 调整后的7天逆回购操作利率, metric_func_name exact_match, score [1.0, 1.0, 1.0, 1.0, 1.0, 1.0, 1.0, 1.0, 1.0, 1.0, 1.0, 1.0, 1.0, 1.0, 1.0, 1.0, 1.0, 1.0, 1.0, 1.0, 1.0, 1.0, 1.0, 1.0, 1.0, 1.0, 0.0, 1.0, 1.0, 1.0, 1.0]
2026-08-07 12:44:57.069 | DEBUG    | eval.evaluation.evaluation:metric_call:77 - metric_func_name exact_match score 0.0 msg exact not match, response: 9.2%, target: 大型金融机构：13.00%
中小型金融机构：11.00%
2026-08-07 12:44:57.069 | DEBUG    | eval.evaluation.evaluation:metric_call:77 - metric_func_name exact_match score 1.0 msg exact match, response: nan, target: nan
2026-08-07 12:44:57.069 | DEBUG    | eval.evaluation.evaluation:metric_call:77 - metric_func_name exact_match score 1.0 msg exact match, response: nan, target: nan
2026-08-07 12:44:57.069 | DEBUG    | eval.evaluation.evaluation:metric_call:77 - metric_func_name exact_match score 1.0 msg exact match, response: nan, target: nan
2026-08-07 12:44:57.069 | DEBUG    | eval.evaluation.evaluation:metric_call:77 - metric_func_name exact_match score 0.0 msg exact not match, response: 8.4%, target: 大型金融机构：12.50%
中小型金融机构：10.50%
2026-08-07 12:44:57.069 | DEBUG    | eval.evaluation.evaluation:metric_call:77 - metric_func_name exact_match score 1.0 msg exact match, response: nan, target: nan
2026-08-07 12:44:57.069 | DEBUG    | eval.evaluation.evaluation:metric_call:77 - metric_func_name exact_match score 0.0 msg exact not match, response: 8.2%, target: 大型金融机构：12.50%
中小型金融机构：10.00%
2026-08-07 12:44:57.069 | DEBUG    | eval.evaluation.evaluation:metric_call:77 - metric_func_name exact_match score 0.0 msg exact not match, response: 9.4%, target: 大型金融机构：12.50%
中小型金融机构：9.50%
2026-08-07 12:44:57.069 | DEBUG    | eval.evaluation.evaluation:metric_call:77 - metric_func_name exact_match score 0.0 msg exact not match, response: 8.9%, target: 大型金融机构：12.00%
中小型金融机构：9.00%
2026-08-07 12:44:57.069 | DEBUG    | eval.evaluation.evaluation:metric_call:77 - metric_func_name exact_match score 1.0 msg exact match, response: nan, target: nan
2026-08-07 12:44:57.069 | DEBUG    | eval.evaluation.evaluation:metric_call:77 - metric_func_name exact_match score 1.0 msg exact match, response: nan, target: nan
2026-08-07 12:44:57.069 | DEBUG    | eval.evaluation.evaluation:metric_call:77 - metric_func_name exact_match score 1.0 msg exact match, response: nan, target: nan
2026-08-07 12:44:57.069 | DEBUG    | eval.evaluation.evaluation:metric_call:77 - metric_func_name exact_match score 0.0 msg exact not match, response: 8.4%, target: 大型金融机构：11.50%
中小型金融机构：8.50%
2026-08-07 12:44:57.069 | DEBUG    | eval.evaluation.evaluation:metric_call:77 - metric_func_name exact_match score 1.0 msg exact match, response: nan, target: nan
2026-08-07 12:44:57.069 | DEBUG    | eval.evaluation.evaluation:metric_call:77 - metric_func_name exact_match score 1.0 msg exact match, response: nan, target: nan
2026-08-07 12:44:57.070 | DEBUG    | eval.evaluation.evaluation:metric_call:77 - metric_func_name exact_match score 1.0 msg exact match, response: nan, target: nan
2026-08-07 12:44:57.070 | DEBUG    | eval.evaluation.evaluation:metric_call:77 - metric_func_name exact_match score 0.0 msg exact not match, response: 8.1%, target: 大型金融机构：11.25%
中小型金融机构：8.25%
2026-08-07 12:44:57.070 | DEBUG    | eval.evaluation.evaluation:metric_call:77 - metric_func_name exact_match score 0.0 msg exact not match, response: 7.8%, target: 大型金融机构：11.00%
中小型金融机构：8.00%
2026-08-07 12:44:57.070 | DEBUG    | eval.evaluation.evaluation:metric_call:77 - metric_func_name exact_match score 1.0 msg exact match, response: nan, target: nan
2026-08-07 12:44:57.070 | DEBUG    | eval.evaluation.evaluation:metric_call:77 - metric_func_name exact_match score 1.0 msg exact match, response: nan, target: nan
2026-08-07 12:44:57.070 | DEBUG    | eval.evaluation.evaluation:metric_call:77 - metric_func_name exact_match score 1.0 msg exact match, response: nan, target: nan
2026-08-07 12:44:57.070 | DEBUG    | eval.evaluation.evaluation:metric_call:77 - metric_func_name exact_match score 1.0 msg exact match, response: nan, target: nan
2026-08-07 12:44:57.070 | DEBUG    | eval.evaluation.evaluation:metric_call:77 - metric_func_name exact_match score 0.0 msg exact not match, response: 7.6%, target: 大型金融机构：10.75%
中小型金融机构：7.75%
2026-08-07 12:44:57.070 | DEBUG    | eval.evaluation.evaluation:metric_call:77 - metric_func_name exact_match score 0.0 msg exact not match, response: 7.4%, target: 大型金融机构：10.50%
中小型金融机构：7.50%
2026-08-07 12:44:57.070 | DEBUG    | eval.evaluation.evaluation:metric_call:77 - metric_func_name exact_match score 1.0 msg exact match, response: nan, target: nan
2026-08-07 12:44:57.070 | DEBUG    | eval.evaluation.evaluation:metric_call:77 - metric_func_name exact_match score 1.0 msg exact match, response: nan, target: nan
2026-08-07 12:44:57.070 | DEBUG    | eval.evaluation.evaluation:metric_call:77 - metric_func_name exact_match score 0.0 msg exact not match, response: 7.0%, target: 大型金融机构：10.00%
中小型金融机构：7.00%
2026-08-07 12:44:57.070 | DEBUG    | eval.evaluation.evaluation:metric_call:77 - metric_func_name exact_match score 1.0 msg exact match, response: nan, target: nan
2026-08-07 12:44:57.070 | DEBUG    | eval.evaluation.evaluation:metric_call:77 - metric_func_name exact_match score 1.0 msg exact match, response: nan, target: nan
2026-08-07 12:44:57.070 | DEBUG    | eval.evaluation.evaluation:metric_call:77 - metric_func_name exact_match score 0.0 msg exact not match, response: 6.6%, target: 大型金融机构：9.50%
中小型金融机构：6.50%
2026-08-07 12:44:57.070 | DEBUG    | eval.evaluation.evaluation:metric_call:77 - metric_func_name exact_match score 1.0 msg exact match, response: nan, target: nan
2026-08-07 12:44:57.071 | DEBUG    | eval.evaluation.evaluation:evaluate_single_query:321 - wide2deep_ws_zh_068, col 调整前的金融机构存款准备金率, metric_func_name exact_match, score [0.0, 1.0, 1.0, 1.0, 0.0, 1.0, 0.0, 0.0, 0.0, 1.0, 1.0, 1.0, 0.0, 1.0, 1.0, 1.0, 0.0, 0.0, 1.0, 1.0, 1.0, 1.0, 0.0, 0.0, 1.0, 1.0, 0.0, 1.0, 1.0, 0.0, 1.0]
2026-08-07 12:44:57.071 | DEBUG    | eval.evaluation.evaluation:metric_call:77 - metric_func_name exact_match score 0.0 msg exact not match, response: 8.7%, target: 大型金融机构：12.50%
中小型金融机构：10.50%
2026-08-07 12:44:57.071 | DEBUG    | eval.evaluation.evaluation:metric_call:77 - metric_func_name exact_match score 1.0 msg exact match, response: nan, target: nan
2026-08-07 12:44:57.071 | DEBUG    | eval.evaluation.evaluation:metric_call:77 - metric_func_name exact_match score 1.0 msg exact match, response: nan, target: nan
2026-08-07 12:44:57.071 | DEBUG    | eval.evaluation.evaluation:metric_call:77 - metric_func_name exact_match score 1.0 msg exact match, response: nan, target: nan
2026-08-07 12:44:57.071 | DEBUG    | eval.evaluation.evaluation:metric_call:77 - metric_func_name exact_match score 0.0 msg exact not match, response: 8.2%, target: 大型金融机构：12.50%
中小型金融机构：10.00%
2026-08-07 12:44:57.071 | DEBUG    | eval.evaluation.evaluation:metric_call:77 - metric_func_name exact_match score 1.0 msg exact match, response: nan, target: nan
2026-08-07 12:44:57.071 | DEBUG    | eval.evaluation.evaluation:metric_call:77 - metric_func_name exact_match score 0.0 msg exact not match, response: 8.1%, target: 大型金融机构：12.50%
中小型金融机构：9.50%
2026-08-07 12:44:57.071 | DEBUG    | eval.evaluation.evaluation:metric_call:77 - metric_func_name exact_match score 0.0 msg exact not match, response: 8.9%, target: 大型金融机构：12.00%
中小型金融机构：9.00%
2026-08-07 12:44:57.072 | DEBUG    | eval.evaluation.evaluation:metric_call:77 - metric_func_name exact_match score 0.0 msg exact not match, response: 8.4%, target: 大型金融机构：11.50%
中小型金融机构：8.50%
2026-08-07 12:44:57.072 | DEBUG    | eval.evaluation.evaluation:metric_call:77 - metric_func_name exact_match score 1.0 msg exact match, response: nan, target: nan
2026-08-07 12:44:57.072 | DEBUG    | eval.evaluation.evaluation:metric_call:77 - metric_func_name exact_match score 1.0 msg exact match, response: nan, target: nan
2026-08-07 12:44:57.072 | DEBUG    | eval.evaluation.evaluation:metric_call:77 - metric_func_name exact_match score 1.0 msg exact match, response: nan, target: nan
2026-08-07 12:44:57.072 | DEBUG    | eval.evaluation.evaluation:metric_call:77 - metric_func_name exact_match score 0.0 msg exact not match, response: 8.1%, target: 大型金融机构：11.25%
中小型金融机构：8.25%
2026-08-07 12:44:57.072 | DEBUG    | eval.evaluation.evaluation:metric_call:77 - metric_func_name exact_match score 1.0 msg exact match, response: nan, target: nan
2026-08-07 12:44:57.072 | DEBUG    | eval.evaluation.evaluation:metric_call:77 - metric_func_name exact_match score 1.0 msg exact match, response: nan, target: nan
2026-08-07 12:44:57.072 | DEBUG    | eval.evaluation.evaluation:metric_call:77 - metric_func_name exact_match score 1.0 msg exact match, response: nan, target: nan
2026-08-07 12:44:57.072 | DEBUG    | eval.evaluation.evaluation:metric_call:77 - metric_func_name exact_match score 0.0 msg exact not match, response: 7.8%, target: 大型金融机构：11.00%
中小型金融机构：8.00%
2026-08-07 12:44:57.072 | DEBUG    | eval.evaluation.evaluation:metric_call:77 - metric_func_name exact_match score 0.0 msg exact not match, response: 7.6%, target: 大型金融机构：10.75%
中小型金融机构：7.75%
2026-08-07 12:44:57.072 | DEBUG    | eval.evaluation.evaluation:metric_call:77 - metric_func_name exact_match score 1.0 msg exact match, response: nan, target: nan
2026-08-07 12:44:57.072 | DEBUG    | eval.evaluation.evaluation:metric_call:77 - metric_func_name exact_match score 1.0 msg exact match, response: nan, target: nan
2026-08-07 12:44:57.072 | DEBUG    | eval.evaluation.evaluation:metric_call:77 - metric_func_name exact_match score 1.0 msg exact match, response: nan, target: nan
2026-08-07 12:44:57.072 | DEBUG    | eval.evaluation.evaluation:metric_call:77 - metric_func_name exact_match score 1.0 msg exact match, response: nan, target: nan
2026-08-07 12:44:57.072 | DEBUG    | eval.evaluation.evaluation:metric_call:77 - metric_func_name exact_match score 0.0 msg exact not match, response: 7.4%, target: 大型金融机构：10.50%
中小型金融机构：7.50%
2026-08-07 12:44:57.072 | DEBUG    | eval.evaluation.evaluation:metric_call:77 - metric_func_name exact_match score 0.0 msg exact not match, response: 7.0%, target: 大型金融机构：10.00%
中小型金融机构：7.00%
2026-08-07 12:44:57.072 | DEBUG    | eval.evaluation.evaluation:metric_call:77 - metric_func_name exact_match score 1.0 msg exact match, response: nan, target: nan
2026-08-07 12:44:57.072 | DEBUG    | eval.evaluation.evaluation:metric_call:77 - metric_func_name exact_match score 1.0 msg exact match, response: nan, target: nan
2026-08-07 12:44:57.072 | DEBUG    | eval.evaluation.evaluation:metric_call:77 - metric_func_name exact_match score 0.0 msg exact not match, response: 6.6%, target: 大型金融机构：9.50%
中小型金融机构：6.50%
2026-08-07 12:44:57.072 | DEBUG    | eval.evaluation.evaluation:metric_call:77 - metric_func_name exact_match score 1.0 msg exact match, response: nan, target: nan
2026-08-07 12:44:57.072 | DEBUG    | eval.evaluation.evaluation:metric_call:77 - metric_func_name exact_match score 1.0 msg exact match, response: nan, target: nan
2026-08-07 12:44:57.073 | DEBUG    | eval.evaluation.evaluation:metric_call:77 - metric_func_name exact_match score 0.0 msg exact not match, response: 6.2%, target: 大型金融机构：9.00%
中小型金融机构：6.00%
2026-08-07 12:44:57.073 | DEBUG    | eval.evaluation.evaluation:metric_call:77 - metric_func_name exact_match score 1.0 msg exact match, response: nan, target: nan
2026-08-07 12:44:57.073 | DEBUG    | eval.evaluation.evaluation:evaluate_single_query:321 - wide2deep_ws_zh_068, col 调整后的金融机构存款准备金率, metric_func_name exact_match, score [0.0, 1.0, 1.0, 1.0, 0.0, 1.0, 0.0, 0.0, 0.0, 1.0, 1.0, 1.0, 0.0, 1.0, 1.0, 1.0, 0.0, 0.0, 1.0, 1.0, 1.0, 1.0, 0.0, 0.0, 1.0, 1.0, 0.0, 1.0, 1.0, 0.0, 1.0]
2026-08-07 12:44:57.078 | INFO     | eval.evaluation.evaluation:evaluate_single_query:380 - wide2deep_ws_zh_068, P/R/F1 by unique_columns: 0.9688/0.9688/0.9688
2026-08-07 12:44:57.078 | INFO     | eval.evaluation.evaluation:evaluate_single_query:383 - wide2deep_ws_zh_068, P/R/F1 by row: 0.5938/0.5938/0.5938
2026-08-07 12:44:57.078 | INFO     | eval.evaluation.evaluation:evaluate_single_query:386 - wide2deep_ws_zh_068, P/R/F1 by item: 0.8875/0.8875/0.8875
2026-08-07 12:44:57.085 | INFO     | eval.evaluation.evaluation:evaluate_single_query:398 - wide2deep_ws_zh_068, final table score: 0.0
{"event": "eval_done", "idx": 3, "instance_id": "wide2deep_ws_zh_068", "score": 0.0, "entity_acc": 1.0, "f1_by_row": 0.59375, "f1_by_item": 0.8875, "column_f1": 0.96875, "error": null, "elapsed_seconds": 8.941, "running_n": 3}
2026-08-07 12:44:58.383 | DEBUG    | eval.evaluation.data_loader:extract_dataframe:167 - find markdown_str 
| National Park Name | State(s) | 2023 Total Visitor Spending(m ...
2026-08-07 12:45:01.266 | INFO     | eval.evaluation.metric_utils:primary_key_preprocess:246 - primary_key_preprocess result: ```json
{
  "Yellowstone National Park": "Yellowstone National Park"
}
```
2026-08-07 12:45:01.266 | INFO     | eval.evaluation.evaluation:evaluate_single_query:223 - col: nationalparkname, primary_key_map {'Yellowstone National Park': 'Yellowstone National Park'}
2026-08-07 12:45:01.273 | INFO     | eval.evaluation.evaluation:evaluate_single_query:275 - wide2deep_ws_en_017, df_inner shape: (1, 14), answer_df shape: (13, 7), response_df shape: (1, 8)
2026-08-07 12:45:02.225 | DEBUG    | eval.evaluation.evaluation:evaluate_single_query:321 - wide2deep_ws_en_017, col state(s), metric_func_name llm_judge, score [1]
2026-08-07 12:45:02.225 | DEBUG    | eval.evaluation.evaluation:metric_call:77 - metric_func_name number_near score 1.0 msg number near in range 5.0%, response: 623.0, target: 623.27
2026-08-07 12:45:02.226 | DEBUG    | eval.evaluation.evaluation:evaluate_single_query:321 - wide2deep_ws_en_017, col 2023totalvisitorspending(milliondollars), metric_func_name number_near, score [1.0]
2026-08-07 12:45:02.226 | DEBUG    | eval.evaluation.evaluation:metric_call:77 - metric_func_name number_near score 1.0 msg number near in range 5.0%, response: 4.501, target: 4.5
2026-08-07 12:45:02.226 | DEBUG    | eval.evaluation.evaluation:evaluate_single_query:321 - wide2deep_ws_en_017, col 2023visitorsnumber(million), metric_func_name number_near, score [1.0]
2026-08-07 12:45:04.439 | DEBUG    | eval.evaluation.evaluation:evaluate_single_query:321 - wide2deep_ws_en_017, col superintendent, metric_func_name llm_judge, score [0]
2026-08-07 12:45:06.859 | DEBUG    | eval.evaluation.evaluation:evaluate_single_query:321 - wide2deep_ws_en_017, col mailingaddress, metric_func_name llm_judge, score [1]
2026-08-07 12:45:09.945 | DEBUG    | eval.evaluation.evaluation:evaluate_single_query:321 - wide2deep_ws_en_017, col huntingregulations, metric_func_name llm_judge, score [1]
2026-08-07 12:45:09.950 | INFO     | eval.evaluation.evaluation:evaluate_single_query:380 - wide2deep_ws_en_017, P/R/F1 by unique_columns: 1.0000/0.0769/0.1429
2026-08-07 12:45:09.950 | INFO     | eval.evaluation.evaluation:evaluate_single_query:383 - wide2deep_ws_en_017, P/R/F1 by row: 0.0000/0.0000/0.0000
2026-08-07 12:45:09.950 | INFO     | eval.evaluation.evaluation:evaluate_single_query:386 - wide2deep_ws_en_017, P/R/F1 by item: 0.8571/0.0659/0.1224
2026-08-07 12:45:09.951 | INFO     | eval.evaluation.evaluation:evaluate_single_query:398 - wide2deep_ws_en_017, final table score: 0.0
{"event": "eval_done", "idx": 4, "instance_id": "wide2deep_ws_en_017", "score": 0.0, "entity_acc": 1.0, "f1_by_row": 0.0, "f1_by_item": 0.12244897959183673, "column_f1": 0.14285714285714288, "error": null, "elapsed_seconds": 12.85, "running_n": 4}
2026-08-07 12:45:12.699 | DEBUG    | eval.evaluation.data_loader:extract_dataframe:167 - find markdown_str 
| Brand | Worldwide | New York | Detroit | Seattle |
| --- | -- ...
2026-08-07 12:45:15.126 | INFO     | eval.evaluation.metric_utils:primary_key_preprocess:246 - primary_key_preprocess result: ```json
{
  "McDonald's": "McDonald’s",
  "Burger King": "Burger King",
  "Wendy's": "Wendy’s"
}
```
2026-08-07 12:45:15.127 | INFO     | eval.evaluation.evaluation:evaluate_single_query:223 - col: brand, primary_key_map {"McDonald's": 'McDonald’s', 'Burger King': 'Burger King', "Wendy's": 'Wendy’s'}
2026-08-07 12:45:15.133 | INFO     | eval.evaluation.evaluation:evaluate_single_query:275 - wide2deep_ws_en_028, df_inner shape: (3, 10), answer_df shape: (5, 5), response_df shape: (3, 6)
2026-08-07 12:45:15.133 | DEBUG    | eval.evaluation.evaluation:metric_call:77 - metric_func_name number_near score 1.0 msg number near in range 0.0%, response: 43477.0, target: 43477.0
2026-08-07 12:45:15.134 | DEBUG    | eval.evaluation.evaluation:metric_call:77 - metric_func_name number_near score 1.0 msg number near in range 0.0%, response: 19732.0, target: 19732.0
2026-08-07 12:45:15.134 | DEBUG    | eval.evaluation.evaluation:metric_call:77 - metric_func_name number_near score 1.0 msg number near in range 0.0%, response: 7240.0, target: 7240.0
2026-08-07 12:45:15.134 | DEBUG    | eval.evaluation.evaluation:evaluate_single_query:321 - wide2deep_ws_en_028, col worldwide, metric_func_name number_near, score [1.0, 1.0, 1.0]
2026-08-07 12:45:15.134 | DEBUG    | eval.evaluation.evaluation:metric_call:77 - metric_func_name exact_match score 1.0 msg exact match, response: nan, target: nan
2026-08-07 12:45:15.135 | DEBUG    | eval.evaluation.evaluation:metric_call:77 - metric_func_name exact_match score 1.0 msg exact match, response: nan, target: nan
2026-08-07 12:45:15.135 | DEBUG    | eval.evaluation.evaluation:metric_call:77 - metric_func_name exact_match score 1.0 msg exact match, response: nan, target: nan
2026-08-07 12:45:15.135 | DEBUG    | eval.evaluation.evaluation:evaluate_single_query:321 - wide2deep_ws_en_028, col newyork, metric_func_name exact_match, score [1.0, 1.0, 1.0]
2026-08-07 12:45:15.135 | DEBUG    | eval.evaluation.evaluation:metric_call:77 - metric_func_name exact_match score 1.0 msg exact match, response: nan, target: nan
2026-08-07 12:45:15.135 | DEBUG    | eval.evaluation.evaluation:metric_call:77 - metric_func_name exact_match score 1.0 msg exact match, response: nan, target: nan
2026-08-07 12:45:15.135 | DEBUG    | eval.evaluation.evaluation:metric_call:77 - metric_func_name exact_match score 1.0 msg exact match, response: nan, target: nan
2026-08-07 12:45:15.136 | DEBUG    | eval.evaluation.evaluation:evaluate_single_query:321 - wide2deep_ws_en_028, col detroit, metric_func_name exact_match, score [1.0, 1.0, 1.0]
2026-08-07 12:45:15.136 | DEBUG    | eval.evaluation.evaluation:metric_call:77 - metric_func_name exact_match score 1.0 msg exact match, response: nan, target: nan
2026-08-07 12:45:15.136 | DEBUG    | eval.evaluation.evaluation:metric_call:77 - metric_func_name exact_match score 1.0 msg exact match, response: nan, target: nan
2026-08-07 12:45:15.136 | DEBUG    | eval.evaluation.evaluation:metric_call:77 - metric_func_name exact_match score 1.0 msg exact match, response: nan, target: nan
2026-08-07 12:45:15.137 | DEBUG    | eval.evaluation.evaluation:evaluate_single_query:321 - wide2deep_ws_en_028, col seattle, metric_func_name exact_match, score [1.0, 1.0, 1.0]
2026-08-07 12:45:15.141 | INFO     | eval.evaluation.evaluation:evaluate_single_query:380 - wide2deep_ws_en_028, P/R/F1 by unique_columns: 1.0000/0.6000/0.7500
2026-08-07 12:45:15.141 | INFO     | eval.evaluation.evaluation:evaluate_single_query:383 - wide2deep_ws_en_028, P/R/F1 by row: 1.0000/0.6000/0.7500
2026-08-07 12:45:15.141 | INFO     | eval.evaluation.evaluation:evaluate_single_query:386 - wide2deep_ws_en_028, P/R/F1 by item: 1.0000/0.6000/0.7500
2026-08-07 12:45:15.142 | INFO     | eval.evaluation.evaluation:evaluate_single_query:398 - wide2deep_ws_en_028, final table score: 0.0
{"event": "eval_done", "idx": 5, "instance_id": "wide2deep_ws_en_028", "score": 0.0, "entity_acc": 1.0, "f1_by_row": 0.7499999999999999, "f1_by_item": 0.7499999999999999, "column_f1": 0.7499999999999999, "error": null, "elapsed_seconds": 5.16, "running_n": 5}
2026-08-07 12:45:17.238 | DEBUG    | eval.evaluation.data_loader:extract_dataframe:167 - find markdown_str 
| Case Name | Case Date | Case File Number | Opinion Author | V ...
2026-08-07 12:45:20.493 | INFO     | eval.evaluation.metric_utils:primary_key_preprocess:246 - primary_key_preprocess result: ```json
{
  "casename": "casename",
  "casedate": "casedate",
  "casefilenumber": "docketnumber",
  "opinionauthor": "opinionauthor",
  "verdict": "judgmentoutcome"
}
```
2026-08-07 12:45:20.493 | INFO     | eval.evaluation.evaluation:evaluate_single_query:172 - column map: {'casename': 'casename', 'casedate': 'casedate', 'casefilenumber': 'docketnumber', 'opinionauthor': 'opinionauthor', 'verdict': 'judgmentoutcome'}
2026-08-07 12:45:20.493 | INFO     | eval.evaluation.evaluation:evaluate_single_query:173 - befor mapping: Index(['casename', 'casedate', 'casefilenumber', 'opinionauthor', 'verdict'], dtype='object')
2026-08-07 12:45:20.494 | INFO     | eval.evaluation.evaluation:evaluate_single_query:175 - after mapping: Index(['casename', 'casedate', 'docketnumber', 'opinionauthor',
       'judgmentoutcome'],
      dtype='object')
2026-08-07 12:45:27.448 | INFO     | eval.evaluation.metric_utils:primary_key_preprocess:246 - primary_key_preprocess result: ```json
{
  "Royal Canin U. S. A., Inc. v. Wullschleger": "Royal Canin U.S.A., Inc. v. Wullschleger",
  "E.M.D. Sales, Inc. v. Carrera": "E.M.D. Sales, Inc. v. Carrera",
  "TikTok Inc. v. Garland": "TikTok, Inc. v. Garland (Consolidated with Firebaugh v. Garland)",
  "Wisconsin Bell, Inc. v. United States ex rel. Heath": "Wisconsin Bell, Inc. v. United States, ex rel. Todd Heath",
  "Williams v. Reed": "Williams v. Reed",
  "Glossip v. Oklahoma": "Glossip v. Oklahoma",
  "Waetzig v. Halliburton Energy Services, Inc.": "Waetzig v. Halliburton Energy Services",
  "Dewberry Group, Inc. v. Dewberry Engineers Inc.": "Dewberry Group, Inc. v. Dewberry Engineers, Inc.",
  "Lackey v. Stinnie": "Lackey v. Stinnie",
  "Bufkin v. Collins": "Bufkin v. Collins",
  "Food and Drug Administration v. Wages and White Lion Investments, L.L.C.": "Food and Drug Administration v. Wages and White Lion Investments, LLC",
  "Thompson v. United States": "Thompson v. United States",
  "Bondi v. VanDerStok": "Bondi v. VanDerStok",
  "Medical Marijuana, Inc. v. Horn": "Medical Marijuana, Inc. v. Horn",
  "Cunningham v. Cornell University": "Cunningham v. Cornell University",
  "Advocate Christ Medical Center v. Becerra": "Advocate Christ Medical Center v. Kennedy",
  "Feliciano v. Department of Transportation": "Feliciano v. Department of Transportation",
  "Barnes v. Felix": "Barnes v. Felix",
  "Kousisis v. United States": "Kousisis v. United States",
  "Seven County Infrastructure Coalition v. Eagle County": "Seven County Infrastructure Coalition v. Eagle County, Colorado"
}
```
2026-08-07 12:45:27.448 | INFO     | eval.evaluation.evaluation:evaluate_single_query:223 - col: casename, primary_key_map {'Royal Canin U. S. A., Inc. v. Wullschleger': 'Royal Canin U.S.A., Inc. v. Wullschleger', 'E.M.D. Sales, Inc. v. Carrera': 'E.M.D. Sales, Inc. v. Carrera', 'TikTok Inc. v. Garland': 'TikTok, Inc. v. Garland (Consolidated with Firebaugh v. Garland)', 'Wisconsin Bell, Inc. v. United States ex rel. Heath': 'Wisconsin Bell, Inc. v. United States, ex rel. Todd Heath', 'Williams v. Reed': 'Williams v. Reed', 'Glossip v. Oklahoma': 'Glossip v. Oklahoma', 'Waetzig v. Halliburton Energy Services, Inc.': 'Waetzig v. Halliburton Energy Services', 'Dewberry Group, Inc. v. Dewberry Engineers Inc.': 'Dewberry Group, Inc. v. Dewberry Engineers, Inc.', 'Lackey v. Stinnie': 'Lackey v. Stinnie', 'Bufkin v. Collins': 'Bufkin v. Collins', 'Food and Drug Administration v. Wages and White Lion Investments, L.L.C.': 'Food and Drug Administration v. Wages and White Lion Investments, LLC', 'Thompson v. United States': 'Thompson v. United States', 'Bondi v. VanDerStok': 'Bondi v. VanDerStok', 'Medical Marijuana, Inc. v. Horn': 'Medical Marijuana, Inc. v. Horn', 'Cunningham v. Cornell University': 'Cunningham v. Cornell University', 'Advocate Christ Medical Center v. Becerra': 'Advocate Christ Medical Center v. Kennedy', 'Feliciano v. Department of Transportation': 'Feliciano v. Department of Transportation', 'Barnes v. Felix': 'Barnes v. Felix', 'Kousisis v. United States': 'Kousisis v. United States', 'Seven County Infrastructure Coalition v. Eagle County': 'Seven County Infrastructure Coalition v. Eagle County, Colorado'}
2026-08-07 12:45:27.455 | INFO     | eval.evaluation.evaluation:evaluate_single_query:275 - wide2deep_ws_en_030, df_inner shape: (20, 10), answer_df shape: (25, 5), response_df shape: (32, 6)
2026-08-07 12:45:27.456 | DEBUG    | eval.evaluation.evaluation:metric_call:77 - metric_func_name exact_match score 1.0 msg exact match, response: 2025-01-15, target: 2025-01-15
2026-08-07 12:45:27.456 | DEBUG    | eval.evaluation.evaluation:metric_call:77 - metric_func_name exact_match score 1.0 msg exact match, response: 2025-01-15, target: 2025-01-15
2026-08-07 12:45:27.456 | DEBUG    | eval.evaluation.evaluation:metric_call:77 - metric_func_name exact_match score 1.0 msg exact match, response: 2025-01-17, target: 2025-01-17
2026-08-07 12:45:27.456 | DEBUG    | eval.evaluation.evaluation:metric_call:77 - metric_func_name exact_match score 1.0 msg exact match, response: 2025-02-21, target: 2025-02-21
2026-08-07 12:45:27.456 | DEBUG    | eval.evaluation.evaluation:metric_call:77 - metric_func_name exact_match score 1.0 msg exact match, response: 2025-02-21, target: 2025-02-21
2026-08-07 12:45:27.456 | DEBUG    | eval.evaluation.evaluation:metric_call:77 - metric_func_name exact_match score 1.0 msg exact match, response: 2025-02-25, target: 2025-02-25
2026-08-07 12:45:27.456 | DEBUG    | eval.evaluation.evaluation:metric_call:77 - metric_func_name exact_match score 0.0 msg exact not match, response: 2025-03-04, target: 2025-02-25
2026-08-07 12:45:27.456 | DEBUG    | eval.evaluation.evaluation:metric_call:77 - metric_func_name exact_match score 0.0 msg exact not match, response: 2025-03-04, target: 2025-02-26
2026-08-07 12:45:27.456 | DEBUG    | eval.evaluation.evaluation:metric_call:77 - metric_func_name exact_match score 1.0 msg exact match, response: 2025-02-26, target: 2025-02-26
2026-08-07 12:45:27.456 | DEBUG    | eval.evaluation.evaluation:metric_call:77 - metric_func_name exact_match score 1.0 msg exact match, response: 2025-03-05, target: 2025-03-05
2026-08-07 12:45:27.456 | DEBUG    | eval.evaluation.evaluation:metric_call:77 - metric_func_name exact_match score 0.0 msg exact not match, response: 2025-03-26, target: 2025-03-21
2026-08-07 12:45:27.456 | DEBUG    | eval.evaluation.evaluation:metric_call:77 - metric_func_name exact_match score 0.0 msg exact not match, response: 2025-03-27, target: 2025-03-26
2026-08-07 12:45:27.456 | DEBUG    | eval.evaluation.evaluation:metric_call:77 - metric_func_name exact_match score 1.0 msg exact match, response: 2025-04-02, target: 2025-04-02
2026-08-07 12:45:27.456 | DEBUG    | eval.evaluation.evaluation:metric_call:77 - metric_func_name exact_match score 0.0 msg exact not match, response: 2025-03-05, target: 2025-04-02
2026-08-07 12:45:27.456 | DEBUG    | eval.evaluation.evaluation:metric_call:77 - metric_func_name exact_match score 1.0 msg exact match, response: 2025-04-17, target: 2025-04-17
2026-08-07 12:45:27.457 | DEBUG    | eval.evaluation.evaluation:metric_call:77 - metric_func_name exact_match score 1.0 msg exact match, response: 2025-04-29, target: 2025-04-29
2026-08-07 12:45:27.457 | DEBUG    | eval.evaluation.evaluation:metric_call:77 - metric_func_name exact_match score 1.0 msg exact match, response: 2025-04-30, target: 2025-04-30
2026-08-07 12:45:27.457 | DEBUG    | eval.evaluation.evaluation:metric_call:77 - metric_func_name exact_match score 1.0 msg exact match, response: 2025-05-15, target: 2025-05-15
2026-08-07 12:45:27.457 | DEBUG    | eval.evaluation.evaluation:metric_call:77 - metric_func_name exact_match score 1.0 msg exact match, response: 2025-05-22, target: 2025-05-22
2026-08-07 12:45:27.457 | DEBUG    | eval.evaluation.evaluation:metric_call:77 - metric_func_name exact_match score 1.0 msg exact match, response: 2025-05-29, target: 2025-05-29
2026-08-07 12:45:27.457 | DEBUG    | eval.evaluation.evaluation:evaluate_single_query:321 - wide2deep_ws_en_030, col casedate, metric_func_name exact_match, score [1.0, 1.0, 1.0, 1.0, 1.0, 1.0, 0.0, 0.0, 1.0, 1.0, 0.0, 0.0, 1.0, 0.0, 1.0, 1.0, 1.0, 1.0, 1.0, 1.0]
2026-08-07 12:45:31.035 | DEBUG    | eval.evaluation.evaluation:evaluate_single_query:321 - wide2deep_ws_en_030, col docketnumber, metric_func_name llm_judge, score [0, 1, 1, 1, 1, 1, 1, 1, 1, 1, 1, 1, 1, 1, 1, 1, 1, 1, 1, 1]
2026-08-07 12:45:35.066 | DEBUG    | eval.evaluation.evaluation:evaluate_single_query:321 - wide2deep_ws_en_030, col opinionauthor, metric_func_name llm_judge, score [1, 1, 1, 1, 1, 1, 0, 1, 1, 1, 1, 1, 1, 1, 1, 1, 1, 1, 1, 1]
2026-08-07 12:45:37.922 | DEBUG    | eval.evaluation.evaluation:evaluate_single_query:321 - wide2deep_ws_en_030, col judgmentoutcome, metric_func_name llm_judge, score [0, 0, 1, 1, 0, 1, 1, 1, 1, 1, 1, 0, 0, 0, 0, 0, 0, 1, 1, 1]
2026-08-07 12:45:37.927 | INFO     | eval.evaluation.evaluation:evaluate_single_query:380 - wide2deep_ws_en_030, P/R/F1 by unique_columns: 0.6250/0.8000/0.7018
2026-08-07 12:45:37.927 | INFO     | eval.evaluation.evaluation:evaluate_single_query:383 - wide2deep_ws_en_030, P/R/F1 by row: 0.2500/0.3200/0.2807
2026-08-07 12:45:37.927 | INFO     | eval.evaluation.evaluation:evaluate_single_query:386 - wide2deep_ws_en_030, P/R/F1 by item: 0.5250/0.6720/0.5895
2026-08-07 12:45:37.929 | INFO     | eval.evaluation.evaluation:evaluate_single_query:398 - wide2deep_ws_en_030, final table score: 0.0
{"event": "eval_done", "idx": 6, "instance_id": "wide2deep_ws_en_030", "score": 0.0, "entity_acc": 1.0, "f1_by_row": 0.2807017543859649, "f1_by_item": 0.5894736842105264, "column_f1": 0.7017543859649122, "error": null, "elapsed_seconds": 22.768, "running_n": 6}
{"event": "eval_done", "idx": 7, "instance_id": "wide2deep_ws_en_035", "score": 0.0, "entity_acc": 0.0, "f1_by_row": 0.0, "f1_by_item": 0.0, "column_f1": 0.0, "error": null, "elapsed_seconds": 1.624, "running_n": 7}
SUMMARY {"n": 7, "valid_n": 7, "errors": 0, "complete": true, "judge_calls_current_process": 27, "score": 0.0, "entity_acc": 0.8571428571428571, "precision_by_row": 0.3991708046855105, "recall_by_row": 0.3478226290516207, "f1_by_row": 0.36567798171900334, "precision_by_item": 0.6608614657984405, "recall_by_item": 0.5058343183427217, "f1_by_item": 0.5263881116356316, "column_precision": 0.7275003183091419, "column_recall": 0.5573050373995753, "column_f1": 0.5771188738653356}
