INFO: Pandarallel will run on 8 workers.
INFO: Pandarallel will use Memory file system to transfer data between the main process and workers.
{"event": "eval_start", "selected": 7, "resume_committed": 0, "committed_errors": 0, "crash_only_resume": false}
{"event": "eval_done", "idx": 1, "instance_id": "deep2wide_result_60_东汉", "score": 0.0, "entity_acc": 0.0, "f1_by_row": 0.0, "f1_by_item": 0.0, "column_f1": 0.0, "error": null, "elapsed_seconds": 3.89, "running_n": 1}
{"event": "eval_done", "idx": 2, "instance_id": "deep2wide_result_62_诺贝尔奖", "score": 0.0, "entity_acc": 0.0, "f1_by_row": 0.0, "f1_by_item": 0.0, "column_f1": 0.0, "error": null, "elapsed_seconds": 12.492, "running_n": 2}
2026-08-07 12:44:04.307 | DEBUG    | eval.evaluation.data_loader:extract_dataframe:167 - find markdown_str 
| 姓名 | 公司 | 职务 |
| --- | --- | --- |
| 姜建清 | 中国工商银行股份有限公司 | 董事长 ...
2026-08-07 12:44:07.440 | INFO     | eval.evaluation.metric_utils:primary_key_preprocess:246 - primary_key_preprocess result: ```json
{
  "董明珠": "董明珠",
  "雷军": "雷军"
}
```
2026-08-07 12:44:07.440 | INFO     | eval.evaluation.evaluation:evaluate_single_query:223 - col: 姓名, primary_key_map {'董明珠': '董明珠', '雷军': '雷军'}
2026-08-07 12:44:07.448 | INFO     | eval.evaluation.evaluation:evaluate_single_query:275 - deep2wide_result_65_中国经济年度人物奖, df_inner shape: (2, 6), answer_df shape: (10, 3), response_df shape: (10, 4)
2026-08-07 12:44:12.044 | DEBUG    | eval.evaluation.evaluation:evaluate_single_query:321 - deep2wide_result_65_中国经济年度人物奖, col 公司, metric_func_name llm_judge, score [1, 1]
2026-08-07 12:44:16.961 | DEBUG    | eval.evaluation.evaluation:evaluate_single_query:321 - deep2wide_result_65_中国经济年度人物奖, col 职务, metric_func_name llm_judge, score [1, 1]
2026-08-07 12:44:16.968 | INFO     | eval.evaluation.evaluation:evaluate_single_query:380 - deep2wide_result_65_中国经济年度人物奖, P/R/F1 by unique_columns: 0.2000/0.2000/0.2000
2026-08-07 12:44:16.968 | INFO     | eval.evaluation.evaluation:evaluate_single_query:383 - deep2wide_result_65_中国经济年度人物奖, P/R/F1 by row: 0.2000/0.2000/0.2000
2026-08-07 12:44:16.968 | INFO     | eval.evaluation.evaluation:evaluate_single_query:386 - deep2wide_result_65_中国经济年度人物奖, P/R/F1 by item: 0.2000/0.2000/0.2000
2026-08-07 12:44:16.970 | INFO     | eval.evaluation.evaluation:evaluate_single_query:398 - deep2wide_result_65_中国经济年度人物奖, final table score: 0.0
{"event": "eval_done", "idx": 3, "instance_id": "deep2wide_result_65_中国经济年度人物奖", "score": 0.0, "entity_acc": 1.0, "f1_by_row": 0.20000000000000004, "f1_by_item": 0.20000000000000004, "column_f1": 0.20000000000000004, "error": null, "elapsed_seconds": 18.136, "running_n": 3}
{"event": "eval_done", "idx": 4, "instance_id": "deep2wide_result_71_香港中文大学", "score": 0.0, "entity_acc": 0.0, "f1_by_row": 0.0, "f1_by_item": 0.0, "column_f1": 0.0, "error": null, "elapsed_seconds": 1.498, "running_n": 4}
2026-08-07 12:44:20.263 | DEBUG    | eval.evaluation.data_loader:extract_dataframe:167 - find markdown_str 
| 年度 | 排名 | 姓名（中文） | 姓名（英文） | 财富值（亿美元） | 财富来源 |
| --- | --- | - ...
2026-08-07 12:44:24.039 | INFO     | eval.evaluation.metric_utils:primary_key_preprocess:246 - primary_key_preprocess result: ```json
{
  "2019": "2019",
  "2020": "2020",
  "2021": "2021",
  "2022": "2022",
  "2023": "2023",
  "2024": "2024"
}
```
2026-08-07 12:44:24.039 | INFO     | eval.evaluation.evaluation:evaluate_single_query:223 - col: 年度, primary_key_map {'2019': '2019', '2020': '2020', '2021': '2021', '2022': '2022', '2023': '2023', '2024': '2024'}
2026-08-07 12:44:28.315 | INFO     | eval.evaluation.metric_utils:primary_key_preprocess:246 - primary_key_preprocess result: ```json
{
  "1": "1",
  "2": "2",
  "3": "3",
  "4": "4",
  "5": "5",
  "6": "6",
  "7": "7",
  "8": "8",
  "9": "9",
  "10": "10"
}
```
2026-08-07 12:44:28.315 | INFO     | eval.evaluation.evaluation:evaluate_single_query:223 - col: 排名, primary_key_map {'1': '1', '2': '2', '3': '3', '4': '4', '5': '5', '6': '6', '7': '7', '8': '8', '9': '9', '10': '10'}
2026-08-07 12:44:28.323 | INFO     | eval.evaluation.evaluation:evaluate_single_query:275 - wide2deep_ws_zh_004, df_inner shape: (60, 12), answer_df shape: (60, 6), response_df shape: (60, 8)
2026-08-07 12:44:34.347 | DEBUG    | eval.evaluation.evaluation:evaluate_single_query:321 - wide2deep_ws_zh_004, col 姓名（中文）, metric_func_name llm_judge, score [1, 1, 1, 1, 1, 1, 1, 1, 1, 1, 1, 1, 1, 1, 1, 1, 1, 1, 1, 1, 1, 1, 1, 1, 1, 1, 1, 1, 1, 1, 1, 1, 1, 1, 1, 1, 1, 1, 1, 1, 1, 1, 1, 1, 1, 1, 1, 1, 1, 1, 1, 1, 1, 1, 1, 1, 1, 1, 1, 1]
2026-08-07 12:44:43.806 | DEBUG    | eval.evaluation.evaluation:evaluate_single_query:321 - wide2deep_ws_zh_004, col 姓名（英文）, metric_func_name llm_judge, score [1, 1, 1, 1, 1, 1, 1, 1, 1, 1, 1, 1, 1, 1, 1, 1, 1, 1, 1, 1, 1, 1, 1, 1, 1, 1, 1, 1, 1, 1, 1, 1, 1, 1, 1, 1, 1, 1, 1, 1, 1, 1, 1, 1, 1, 1, 1, 1, 1, 1, 1, 1, 1, 1, 1, 1, 1, 1, 1, 1]
2026-08-07 12:44:43.807 | DEBUG    | eval.evaluation.evaluation:metric_call:77 - metric_func_name number_near score 1.0 msg number near in range 5.0%, response: 1310.0, target: 1310.0
2026-08-07 12:44:43.807 | DEBUG    | eval.evaluation.evaluation:metric_call:77 - metric_func_name number_near score 1.0 msg number near in range 5.0%, response: 965.0, target: 965.0
2026-08-07 12:44:43.807 | DEBUG    | eval.evaluation.evaluation:metric_call:77 - metric_func_name number_near score 1.0 msg number near in range 5.0%, response: 825.0, target: 825.0
2026-08-07 12:44:43.807 | DEBUG    | eval.evaluation.evaluation:metric_call:77 - metric_func_name number_near score 1.0 msg number near in range 5.0%, response: 760.0, target: 760.0
2026-08-07 12:44:43.807 | DEBUG    | eval.evaluation.evaluation:metric_call:77 - metric_func_name number_near score 1.0 msg number near in range 5.0%, response: 640.0, target: 640.0
2026-08-07 12:44:43.807 | DEBUG    | eval.evaluation.evaluation:metric_call:77 - metric_func_name number_near score 1.0 msg number near in range 5.0%, response: 627.0, target: 627.0
2026-08-07 12:44:43.807 | DEBUG    | eval.evaluation.evaluation:metric_call:77 - metric_func_name number_near score 1.0 msg number near in range 5.0%, response: 625.0, target: 625.0
2026-08-07 12:44:43.807 | DEBUG    | eval.evaluation.evaluation:metric_call:77 - metric_func_name number_near score 1.0 msg number near in range 5.0%, response: 623.0, target: 623.0
2026-08-07 12:44:43.807 | DEBUG    | eval.evaluation.evaluation:metric_call:77 - metric_func_name number_near score 1.0 msg number near in range 5.0%, response: 555.0, target: 555.0
2026-08-07 12:44:43.807 | DEBUG    | eval.evaluation.evaluation:metric_call:77 - metric_func_name number_near score 1.0 msg number near in range 5.0%, response: 508.0, target: 508.0
2026-08-07 12:44:43.807 | DEBUG    | eval.evaluation.evaluation:metric_call:77 - metric_func_name number_near score 1.0 msg number near in range 5.0%, response: 1130.0, target: 1130.0
2026-08-07 12:44:43.807 | DEBUG    | eval.evaluation.evaluation:metric_call:77 - metric_func_name number_near score 1.0 msg number near in range 5.0%, response: 980.0, target: 980.0
2026-08-07 12:44:43.807 | DEBUG    | eval.evaluation.evaluation:metric_call:77 - metric_func_name number_near score 1.0 msg number near in range 5.0%, response: 760.0, target: 760.0
2026-08-07 12:44:43.807 | DEBUG    | eval.evaluation.evaluation:metric_call:77 - metric_func_name number_near score 1.0 msg number near in range 5.0%, response: 675.0, target: 675.0
2026-08-07 12:44:43.807 | DEBUG    | eval.evaluation.evaluation:metric_call:77 - metric_func_name number_near score 1.0 msg number near in range 5.0%, response: 590.0, target: 590.0
2026-08-07 12:44:43.807 | DEBUG    | eval.evaluation.evaluation:metric_call:77 - metric_func_name number_near score 1.0 msg number near in range 5.0%, response: 551.0, target: 551.0
2026-08-07 12:44:43.807 | DEBUG    | eval.evaluation.evaluation:metric_call:77 - metric_func_name number_near score 1.0 msg number near in range 5.0%, response: 547.0, target: 547.0
2026-08-07 12:44:43.808 | DEBUG    | eval.evaluation.evaluation:metric_call:77 - metric_func_name number_near score 1.0 msg number near in range 5.0%, response: 546.0, target: 546.0
2026-08-07 12:44:43.808 | DEBUG    | eval.evaluation.evaluation:metric_call:77 - metric_func_name number_near score 1.0 msg number near in range 5.0%, response: 544.0, target: 544.0
2026-08-07 12:44:43.808 | DEBUG    | eval.evaluation.evaluation:metric_call:77 - metric_func_name number_near score 1.0 msg number near in range 5.0%, response: 541.0, target: 541.0
2026-08-07 12:44:43.808 | DEBUG    | eval.evaluation.evaluation:metric_call:77 - metric_func_name number_near score 1.0 msg number near in range 5.0%, response: 1770.0, target: 1770.0
2026-08-07 12:44:43.808 | DEBUG    | eval.evaluation.evaluation:metric_call:77 - metric_func_name number_near score 1.0 msg number near in range 5.0%, response: 1510.0, target: 1510.0
2026-08-07 12:44:43.808 | DEBUG    | eval.evaluation.evaluation:metric_call:77 - metric_func_name number_near score 1.0 msg number near in range 5.0%, response: 1500.0, target: 1500.0
2026-08-07 12:44:43.808 | DEBUG    | eval.evaluation.evaluation:metric_call:77 - metric_func_name number_near score 1.0 msg number near in range 5.0%, response: 1240.0, target: 1240.0
2026-08-07 12:44:43.808 | DEBUG    | eval.evaluation.evaluation:metric_call:77 - metric_func_name number_near score 1.0 msg number near in range 5.0%, response: 970.0, target: 970.0
2026-08-07 12:44:43.808 | DEBUG    | eval.evaluation.evaluation:metric_call:77 - metric_func_name number_near score 1.0 msg number near in range 5.0%, response: 960.0, target: 960.0
2026-08-07 12:44:43.808 | DEBUG    | eval.evaluation.evaluation:metric_call:77 - metric_func_name number_near score 1.0 msg number near in range 5.0%, response: 930.0, target: 930.0
2026-08-07 12:44:43.808 | DEBUG    | eval.evaluation.evaluation:metric_call:77 - metric_func_name number_near score 1.0 msg number near in range 5.0%, response: 915.0, target: 915.0
2026-08-07 12:44:43.808 | DEBUG    | eval.evaluation.evaluation:metric_call:77 - metric_func_name number_near score 1.0 msg number near in range 5.0%, response: 890.0, target: 890.0
2026-08-07 12:44:43.808 | DEBUG    | eval.evaluation.evaluation:metric_call:77 - metric_func_name number_near score 1.0 msg number near in range 5.0%, response: 845.0, target: 845.0
2026-08-07 12:44:43.808 | DEBUG    | eval.evaluation.evaluation:metric_call:77 - metric_func_name number_near score 1.0 msg number near in range 5.0%, response: 2190.0, target: 2190.0
2026-08-07 12:44:43.808 | DEBUG    | eval.evaluation.evaluation:metric_call:77 - metric_func_name number_near score 1.0 msg number near in range 5.0%, response: 1770.0, target: 1710.0
2026-08-07 12:44:43.808 | DEBUG    | eval.evaluation.evaluation:metric_call:77 - metric_func_name number_near score 1.0 msg number near in range 5.0%, response: 1580.0, target: 1580.0
2026-08-07 12:44:43.808 | DEBUG    | eval.evaluation.evaluation:metric_call:77 - metric_func_name number_near score 1.0 msg number near in range 5.0%, response: 1290.0, target: 1290.0
2026-08-07 12:44:43.808 | DEBUG    | eval.evaluation.evaluation:metric_call:77 - metric_func_name number_near score 1.0 msg number near in range 5.0%, response: 1180.0, target: 1180.0
2026-08-07 12:44:43.808 | DEBUG    | eval.evaluation.evaluation:metric_call:77 - metric_func_name number_near score 1.0 msg number near in range 5.0%, response: 1110.0, target: 1110.0
2026-08-07 12:44:43.809 | DEBUG    | eval.evaluation.evaluation:metric_call:77 - metric_func_name number_near score 1.0 msg number near in range 5.0%, response: 1070.0, target: 1070.0
2026-08-07 12:44:43.809 | DEBUG    | eval.evaluation.evaluation:metric_call:77 - metric_func_name number_near score 1.0 msg number near in range 5.0%, response: 1060.0, target: 1060.0
2026-08-07 12:44:43.809 | DEBUG    | eval.evaluation.evaluation:metric_call:77 - metric_func_name number_near score 1.0 msg number near in range 5.0%, response: 914.0, target: 914.0
2026-08-07 12:44:43.809 | DEBUG    | eval.evaluation.evaluation:metric_call:77 - metric_func_name number_near score 1.0 msg number near in range 5.0%, response: 907.0, target: 907.0
2026-08-07 12:44:43.809 | DEBUG    | eval.evaluation.evaluation:metric_call:77 - metric_func_name number_near score 1.0 msg number near in range 5.0%, response: 2110.0, target: 2110.0
2026-08-07 12:44:43.809 | DEBUG    | eval.evaluation.evaluation:metric_call:77 - metric_func_name number_near score 1.0 msg number near in range 5.0%, response: 1800.0, target: 1800.0
2026-08-07 12:44:43.809 | DEBUG    | eval.evaluation.evaluation:metric_call:77 - metric_func_name number_near score 1.0 msg number near in range 5.0%, response: 1140.0, target: 1140.0
2026-08-07 12:44:43.809 | DEBUG    | eval.evaluation.evaluation:metric_call:77 - metric_func_name number_near score 1.0 msg number near in range 5.0%, response: 1070.0, target: 1070.0
2026-08-07 12:44:43.809 | DEBUG    | eval.evaluation.evaluation:metric_call:77 - metric_func_name number_near score 1.0 msg number near in range 5.0%, response: 1060.0, target: 1060.0
2026-08-07 12:44:43.809 | DEBUG    | eval.evaluation.evaluation:metric_call:77 - metric_func_name number_near score 1.0 msg number near in range 5.0%, response: 1040.0, target: 1040.0
2026-08-07 12:44:43.809 | DEBUG    | eval.evaluation.evaluation:metric_call:77 - metric_func_name number_near score 1.0 msg number near in range 5.0%, response: 940.0, target: 945.0
2026-08-07 12:44:43.809 | DEBUG    | eval.evaluation.evaluation:metric_call:77 - metric_func_name number_near score 1.0 msg number near in range 5.0%, response: 930.0, target: 930.0
2026-08-07 12:44:43.809 | DEBUG    | eval.evaluation.evaluation:metric_call:77 - metric_func_name number_near score 1.0 msg number near in range 5.0%, response: 834.0, target: 834.0
2026-08-07 12:44:43.809 | DEBUG    | eval.evaluation.evaluation:metric_call:77 - metric_func_name number_near score 1.0 msg number near in range 5.0%, response: 807.0, target: 807.0
2026-08-07 12:44:43.809 | DEBUG    | eval.evaluation.evaluation:metric_call:77 - metric_func_name number_near score 1.0 msg number near in range 5.0%, response: 2330.0, target: 2330.0
2026-08-07 12:44:43.809 | DEBUG    | eval.evaluation.evaluation:metric_call:77 - metric_func_name number_near score 1.0 msg number near in range 5.0%, response: 1950.0, target: 1950.0
2026-08-07 12:44:43.809 | DEBUG    | eval.evaluation.evaluation:metric_call:77 - metric_func_name number_near score 1.0 msg number near in range 5.0%, response: 1940.0, target: 1940.0
2026-08-07 12:44:43.809 | DEBUG    | eval.evaluation.evaluation:metric_call:77 - metric_func_name number_near score 1.0 msg number near in range 5.0%, response: 1770.0, target: 1770.0
2026-08-07 12:44:43.809 | DEBUG    | eval.evaluation.evaluation:metric_call:77 - metric_func_name number_near score 1.0 msg number near in range 5.0%, response: 1410.0, target: 1410.0
2026-08-07 12:44:43.809 | DEBUG    | eval.evaluation.evaluation:metric_call:77 - metric_func_name number_near score 1.0 msg number near in range 5.0%, response: 1330.0, target: 1330.0
2026-08-07 12:44:43.809 | DEBUG    | eval.evaluation.evaluation:metric_call:77 - metric_func_name number_near score 1.0 msg number near in range 5.0%, response: 1280.0, target: 1280.0
2026-08-07 12:44:43.809 | DEBUG    | eval.evaluation.evaluation:metric_call:77 - metric_func_name number_near score 1.0 msg number near in range 5.0%, response: 1210.0, target: 1210.0
2026-08-07 12:44:43.810 | DEBUG    | eval.evaluation.evaluation:metric_call:77 - metric_func_name number_near score 1.0 msg number near in range 5.0%, response: 1160.0, target: 1160.0
2026-08-07 12:44:43.810 | DEBUG    | eval.evaluation.evaluation:metric_call:77 - metric_func_name number_near score 1.0 msg number near in range 5.0%, response: 1140.0, target: 1140.0
2026-08-07 12:44:43.810 | DEBUG    | eval.evaluation.evaluation:evaluate_single_query:321 - wide2deep_ws_zh_004, col 财富值（亿美元）, metric_func_name number_near, score [1.0, 1.0, 1.0, 1.0, 1.0, 1.0, 1.0, 1.0, 1.0, 1.0, 1.0, 1.0, 1.0, 1.0, 1.0, 1.0, 1.0, 1.0, 1.0, 1.0, 1.0, 1.0, 1.0, 1.0, 1.0, 1.0, 1.0, 1.0, 1.0, 1.0, 1.0, 1.0, 1.0, 1.0, 1.0, 1.0, 1.0, 1.0, 1.0, 1.0, 1.0, 1.0, 1.0, 1.0, 1.0, 1.0, 1.0, 1.0, 1.0, 1.0, 1.0, 1.0, 1.0, 1.0, 1.0, 1.0, 1.0, 1.0, 1.0, 1.0]
2026-08-07 12:44:54.013 | DEBUG    | eval.evaluation.evaluation:evaluate_single_query:321 - wide2deep_ws_zh_004, col 财富来源, metric_func_name llm_judge, score [1, 1, 1, 1, 1, 1, 1, 1, 1, 1, 1, 1, 1, 1, 1, 1, 1, 1, 1, 1, 1, 1, 1, 1, 1, 1, 1, 1, 1, 1, 1, 1, 1, 1, 1, 1, 1, 1, 1, 1, 1, 1, 1, 1, 1, 1, 1, 1, 1, 1, 1, 1, 1, 1, 1, 1, 1, 1, 1, 1]
2026-08-07 12:44:54.021 | INFO     | eval.evaluation.evaluation:evaluate_single_query:380 - wide2deep_ws_zh_004, P/R/F1 by unique_columns: 1.0000/1.0000/1.0000
2026-08-07 12:44:54.021 | INFO     | eval.evaluation.evaluation:evaluate_single_query:383 - wide2deep_ws_zh_004, P/R/F1 by row: 1.0000/1.0000/1.0000
2026-08-07 12:44:54.021 | INFO     | eval.evaluation.evaluation:evaluate_single_query:386 - wide2deep_ws_zh_004, P/R/F1 by item: 1.0000/1.0000/1.0000
2026-08-07 12:44:54.026 | INFO     | eval.evaluation.evaluation:evaluate_single_query:398 - wide2deep_ws_zh_004, final table score: 1
{"event": "eval_done", "idx": 5, "instance_id": "wide2deep_ws_zh_004", "score": 1, "entity_acc": 1.0, "f1_by_row": 1.0, "f1_by_item": 1.0, "column_f1": 1.0, "error": null, "elapsed_seconds": 35.523, "running_n": 5}
2026-08-07 12:44:55.993 | DEBUG    | eval.evaluation.data_loader:extract_dataframe:167 - find markdown_str 
| 学校名称 | 院士姓名 | 出生年份 | 获得奖项 |
| --- | --- | --- | --- |
| 北京大学  ...
2026-08-07 12:44:59.636 | INFO     | eval.evaluation.metric_utils:primary_key_preprocess:246 - primary_key_preprocess result: ```json
{
  "姜伯驹": "姜伯驹",
  "张恭庆": "张恭庆",
  "王诗宬": "王诗宬",
  "田刚": "田刚",
  "张平文": "张平文",
  "李大潜": "李大潜",
  "洪家兴": "洪家兴",
  "陈恕行": "陈恕行",
  "彭实戈": "彭实戈",
  "王小云": "王小云"
}
```
2026-08-07 12:44:59.636 | INFO     | eval.evaluation.evaluation:evaluate_single_query:223 - col: 院士姓名, primary_key_map {'姜伯驹': '姜伯驹', '张恭庆': '张恭庆', '王诗宬': '王诗宬', '田刚': '田刚', '张平文': '张平文', '李大潜': '李大潜', '洪家兴': '洪家兴', '陈恕行': '陈恕行', '彭实戈': '彭实戈', '王小云': '王小云'}
2026-08-07 12:44:59.642 | INFO     | eval.evaluation.evaluation:evaluate_single_query:275 - wide2deep_ws_zh_056, df_inner shape: (10, 8), answer_df shape: (16, 4), response_df shape: (15, 5)
2026-08-07 12:45:03.848 | DEBUG    | eval.evaluation.evaluation:evaluate_single_query:321 - wide2deep_ws_zh_056, col 学校名称, metric_func_name llm_judge, score [1, 1, 1, 1, 1, 1, 1, 1, 1, 1]
2026-08-07 12:45:03.849 | DEBUG    | eval.evaluation.evaluation:metric_call:77 - metric_func_name number_near score 1.0 msg number near in range 0.0%, response: 1937.0, target: 1937.0
2026-08-07 12:45:03.849 | DEBUG    | eval.evaluation.evaluation:metric_call:77 - metric_func_name number_near score 1.0 msg number near in range 0.0%, response: 1936.0, target: 1936.0
2026-08-07 12:45:03.849 | DEBUG    | eval.evaluation.evaluation:metric_call:77 - metric_func_name number_near score 1.0 msg number near in range 0.0%, response: 1958.0, target: 1958.0
2026-08-07 12:45:03.849 | DEBUG    | eval.evaluation.evaluation:metric_call:77 - metric_func_name number_near score 0.0 msg number not near, response: 1943.0, target: 1953.0
2026-08-07 12:45:03.849 | DEBUG    | eval.evaluation.evaluation:metric_call:77 - metric_func_name number_near score 1.0 msg number near in range 0.0%, response: 1966.0, target: 1966.0
2026-08-07 12:45:03.849 | DEBUG    | eval.evaluation.evaluation:metric_call:77 - metric_func_name number_near score 1.0 msg number near in range 0.0%, response: 1937.0, target: 1937.0
2026-08-07 12:45:03.850 | DEBUG    | eval.evaluation.evaluation:metric_call:77 - metric_func_name number_near score 1.0 msg number near in range 0.0%, response: 1942.0, target: 1942.0
2026-08-07 12:45:03.850 | DEBUG    | eval.evaluation.evaluation:metric_call:77 - metric_func_name number_near score 1.0 msg number near in range 0.0%, response: 1941.0, target: 1941.0
2026-08-07 12:45:03.850 | DEBUG    | eval.evaluation.evaluation:metric_call:77 - metric_func_name number_near score 1.0 msg number near in range 0.0%, response: 1947.0, target: 1947.0
2026-08-07 12:45:03.850 | DEBUG    | eval.evaluation.evaluation:metric_call:77 - metric_func_name number_near score 1.0 msg number near in range 0.0%, response: 1966.0, target: 1966.0
2026-08-07 12:45:03.850 | DEBUG    | eval.evaluation.evaluation:evaluate_single_query:321 - wide2deep_ws_zh_056, col 出生年份, metric_func_name number_near, score [1.0, 1.0, 1.0, 0.0, 1.0, 1.0, 1.0, 1.0, 1.0, 1.0]
2026-08-07 12:45:07.975 | DEBUG    | eval.evaluation.evaluation:evaluate_single_query:321 - wide2deep_ws_zh_056, col 获得奖项, metric_func_name llm_judge, score [1, 1, 0, 0, 0, 1, 1, 0, 0, 0]
2026-08-07 12:45:07.980 | INFO     | eval.evaluation.evaluation:evaluate_single_query:380 - wide2deep_ws_zh_056, P/R/F1 by unique_columns: 0.6667/0.6250/0.6452
2026-08-07 12:45:07.980 | INFO     | eval.evaluation.evaluation:evaluate_single_query:383 - wide2deep_ws_zh_056, P/R/F1 by row: 0.2667/0.2500/0.2581
2026-08-07 12:45:07.980 | INFO     | eval.evaluation.evaluation:evaluate_single_query:386 - wide2deep_ws_zh_056, P/R/F1 by item: 0.5500/0.5156/0.5323
2026-08-07 12:45:07.981 | INFO     | eval.evaluation.evaluation:evaluate_single_query:398 - wide2deep_ws_zh_056, final table score: 0.0
{"event": "eval_done", "idx": 6, "instance_id": "wide2deep_ws_zh_056", "score": 0.0, "entity_acc": 1.0, "f1_by_row": 0.2580645161290323, "f1_by_item": 0.5322580645161291, "column_f1": 0.6451612903225806, "error": null, "elapsed_seconds": 13.941, "running_n": 6}
2026-08-07 12:45:10.995 | DEBUG    | eval.evaluation.data_loader:extract_dataframe:167 - find markdown_str 
| 年份 | 电视端收视率 | 导演 | 冠名商 |
| --- | --- | --- | --- |
| 2001年 |  ...
2026-08-07 12:45:14.355 | INFO     | eval.evaluation.metric_utils:primary_key_preprocess:246 - primary_key_preprocess result: ```json
{
  "2001年": "2001年",
  "2002年": "2002年",
  "2003年": "2003年",
  "2004年": "2004年",
  "2005年": "2005年",
  "2006年": "2006年",
  "2007年": "2007年",
  "2008年": "2008年",
  "2009年": "2009年",
  "2010年": "2010年",
  "2011年": "2011年",
  "2012年": "2012年",
  "2013年": "2013年",
  "2014年": "2014年",
  "2015年": "2015年",
  "2016年": "2016年",
  "2017年": "2017年",
  "2018年": "2018年",
  "2019年": "2019年",
  "2020年": "2020年",
  "2021年": "2021年",
  "2022年": "2022年",
  "2023年": "2023年",
  "2024年": "2024年",
  "2025年": "2025年"
}
```
2026-08-07 12:45:14.355 | INFO     | eval.evaluation.evaluation:evaluate_single_query:223 - col: 年份, primary_key_map {'2001年': '2001年', '2002年': '2002年', '2003年': '2003年', '2004年': '2004年', '2005年': '2005年', '2006年': '2006年', '2007年': '2007年', '2008年': '2008年', '2009年': '2009年', '2010年': '2010年', '2011年': '2011年', '2012年': '2012年', '2013年': '2013年', '2014年': '2014年', '2015年': '2015年', '2016年': '2016年', '2017年': '2017年', '2018年': '2018年', '2019年': '2019年', '2020年': '2020年', '2021年': '2021年', '2022年': '2022年', '2023年': '2023年', '2024年': '2024年', '2025年': '2025年'}
2026-08-07 12:45:14.361 | INFO     | eval.evaluation.evaluation:evaluate_single_query:275 - wide2deep_ws_zh_070, df_inner shape: (25, 8), answer_df shape: (25, 4), response_df shape: (25, 5)
2026-08-07 12:45:14.361 | DEBUG    | eval.evaluation.evaluation:metric_call:77 - metric_func_name number_near score 1.0 msg number near in range 10.0%, response: 0.332, target: 0.332
2026-08-07 12:45:14.362 | DEBUG    | eval.evaluation.evaluation:metric_call:77 - metric_func_name number_near score 1.0 msg number near in range 10.0%, response: 0.386, target: 0.35100000000000003
2026-08-07 12:45:14.362 | DEBUG    | eval.evaluation.evaluation:metric_call:77 - metric_func_name number_near score 0.0 msg number not near, response: 0.332, target: 0.386
2026-08-07 12:45:14.362 | DEBUG    | eval.evaluation.evaluation:metric_call:77 - metric_func_name number_near score 1.0 msg number near in range 10.0%, response: 0.41600000000000004, target: 0.41600000000000004
2026-08-07 12:45:14.362 | DEBUG    | eval.evaluation.evaluation:metric_call:77 - metric_func_name number_near score 1.0 msg number near in range 10.0%, response: 0.376, target: 0.36700000000000005
2026-08-07 12:45:14.362 | DEBUG    | eval.evaluation.evaluation:metric_call:77 - metric_func_name number_near score 0.0 msg number not near, response: 0.39, target: 0.34700000000000003
2026-08-07 12:45:14.362 | DEBUG    | eval.evaluation.evaluation:metric_call:77 - metric_func_name number_near score 1.0 msg number near in range 10.0%, response: 0.314, target: 0.314
2026-08-07 12:45:14.362 | DEBUG    | eval.evaluation.evaluation:metric_call:77 - metric_func_name number_near score 1.0 msg number near in range 10.0%, response: 0.3239, target: 0.32289999999999996
2026-08-07 12:45:14.362 | DEBUG    | eval.evaluation.evaluation:metric_call:77 - metric_func_name number_near score 1.0 msg number near in range 10.0%, response: 0.3482, target: 0.3482
2026-08-07 12:45:14.362 | DEBUG    | eval.evaluation.evaluation:metric_call:77 - metric_func_name number_near score 1.0 msg number near in range 10.0%, response: 0.3826, target: 0.3826
2026-08-07 12:45:14.362 | DEBUG    | eval.evaluation.evaluation:metric_call:77 - metric_func_name number_near score 1.0 msg number near in range 10.0%, response: 0.3104, target: 0.3104
2026-08-07 12:45:14.362 | DEBUG    | eval.evaluation.evaluation:metric_call:77 - metric_func_name number_near score 1.0 msg number near in range 10.0%, response: 0.3275, target: 0.3275
2026-08-07 12:45:14.362 | DEBUG    | eval.evaluation.evaluation:metric_call:77 - metric_func_name number_near score 1.0 msg number near in range 10.0%, response: 0.31170000000000003, target: 0.31170000000000003
2026-08-07 12:45:14.362 | DEBUG    | eval.evaluation.evaluation:metric_call:77 - metric_func_name number_near score 1.0 msg number near in range 10.0%, response: 0.3098, target: 0.3098
2026-08-07 12:45:14.362 | DEBUG    | eval.evaluation.evaluation:metric_call:77 - metric_func_name number_near score 1.0 msg number near in range 10.0%, response: 0.2837, target: 0.29600000000000004
2026-08-07 12:45:14.362 | DEBUG    | eval.evaluation.evaluation:metric_call:77 - metric_func_name number_near score 1.0 msg number near in range 10.0%, response: 0.3098, target: 0.3098
2026-08-07 12:45:14.362 | DEBUG    | eval.evaluation.evaluation:metric_call:77 - metric_func_name number_near score 1.0 msg number near in range 10.0%, response: 0.30879999999999996, target: 0.3146
2026-08-07 12:45:14.362 | DEBUG    | eval.evaluation.evaluation:metric_call:77 - metric_func_name number_near score 1.0 msg number near in range 10.0%, response: 0.3521, target: 0.325
2026-08-07 12:45:14.363 | DEBUG    | eval.evaluation.evaluation:metric_call:77 - metric_func_name number_near score 1.0 msg number near in range 10.0%, response: 0.3007, target: 0.3007
2026-08-07 12:45:14.363 | DEBUG    | eval.evaluation.evaluation:metric_call:77 - metric_func_name number_near score 0.0 msg number not near, response: 0.3015, target: 0.20629999999999998
2026-08-07 12:45:14.363 | DEBUG    | eval.evaluation.evaluation:metric_call:77 - metric_func_name number_near score 1.0 msg number near in range 10.0%, response: 0.23260000000000003, target: 0.23260000000000003
2026-08-07 12:45:14.363 | DEBUG    | eval.evaluation.evaluation:metric_call:77 - metric_func_name number_near score 1.0 msg number near in range 10.0%, response: 0.2193, target: 0.2193
2026-08-07 12:45:14.363 | DEBUG    | eval.evaluation.evaluation:metric_call:77 - metric_func_name number_near score 0.0 msg number not near, response: 0.2023, target: 0.27
2026-08-07 12:45:14.363 | DEBUG    | eval.evaluation.evaluation:metric_call:77 - metric_func_name number_near score 0.0 msg number not near, response: 0.2353, target: 0.34600000000000003
2026-08-07 12:45:14.363 | DEBUG    | eval.evaluation.evaluation:metric_call:77 - metric_func_name number_near score 0.0 msg number not near, response: 0.26780000000000004, target: 0.3436
2026-08-07 12:45:14.364 | DEBUG    | eval.evaluation.evaluation:evaluate_single_query:321 - wide2deep_ws_zh_070, col 电视端收视率, metric_func_name number_near, score [1.0, 1.0, 0.0, 1.0, 1.0, 0.0, 1.0, 1.0, 1.0, 1.0, 1.0, 1.0, 1.0, 1.0, 1.0, 1.0, 1.0, 1.0, 1.0, 0.0, 1.0, 1.0, 0.0, 0.0, 0.0]
2026-08-07 12:45:18.461 | DEBUG    | eval.evaluation.evaluation:evaluate_single_query:321 - wide2deep_ws_zh_070, col 导演, metric_func_name llm_judge, score [1, 1, 1, 1, 1, 1, 1, 1, 1, 1, 0, 1, 1, 1, 1, 1, 1, 1, 1, 1, 1, 1, 1, 1, 1]
2026-08-07 12:45:24.112 | DEBUG    | eval.evaluation.evaluation:evaluate_single_query:321 - wide2deep_ws_zh_070, col 冠名商, metric_func_name llm_judge, score [0, 0, 1, 1, 1, 1, 1, 1, 1, 1, 1, 1, 1, 1, 1, 1, 1, 1, 1, 1, 0, 0, 0, 0, 0]
2026-08-07 12:45:24.117 | INFO     | eval.evaluation.evaluation:evaluate_single_query:380 - wide2deep_ws_zh_070, P/R/F1 by unique_columns: 1.0000/1.0000/1.0000
2026-08-07 12:45:24.117 | INFO     | eval.evaluation.evaluation:evaluate_single_query:383 - wide2deep_ws_zh_070, P/R/F1 by row: 0.5600/0.5600/0.5600
2026-08-07 12:45:24.117 | INFO     | eval.evaluation.evaluation:evaluate_single_query:386 - wide2deep_ws_zh_070, P/R/F1 by item: 0.8600/0.8600/0.8600
2026-08-07 12:45:24.119 | INFO     | eval.evaluation.evaluation:evaluate_single_query:398 - wide2deep_ws_zh_070, final table score: 0.0
{"event": "eval_done", "idx": 7, "instance_id": "wide2deep_ws_zh_070", "score": 0.0, "entity_acc": 1.0, "f1_by_row": 0.56, "f1_by_item": 0.8599999999999999, "column_f1": 1.0, "error": null, "elapsed_seconds": 16.119, "running_n": 7}
SUMMARY {"n": 7, "valid_n": 7, "errors": 0, "complete": true, "judge_calls_current_process": 21, "score": 0.14285714285714285, "entity_acc": 0.5714285714285714, "precision_by_row": 0.28952380952380957, "recall_by_row": 0.2871428571428572, "f1_by_row": 0.28829493087557606, "precision_by_item": 0.37285714285714283, "recall_by_item": 0.36794642857142856, "f1_by_item": 0.37032258064516127, "column_precision": 0.4095238095238095, "column_recall": 0.4035714285714286, "column_f1": 0.4064516129032258}
