INFO: Pandarallel will run on 8 workers.
INFO: Pandarallel will use Memory file system to transfer data between the main process and workers.
{"event": "eval_start", "selected": 7, "resume_committed": 0, "committed_errors": 0, "crash_only_resume": false}
2026-08-07 12:43:47.699 | DEBUG    | eval.evaluation.data_loader:extract_dataframe:167 - find markdown_str 
| 场景名称 | 具体事项 | 实施方式 | 牵头部门 | 配合部门 | 完成时限 |
| --- | --- | --- | ...
2026-08-07 12:44:12.561 | INFO     | eval.evaluation.metric_utils:primary_key_preprocess:246 - primary_key_preprocess result: ```json
{
  "清税信息核验": "清税信息核验",
  "企业印章刻制": "企业印章刻制",
  "基本存款账户开立或账户信息变更": "基本账户开立或账户信息变更",
  "社会保险缴费登记或缴费信息变更": "社会保险登记或参保信息变更",
  "单位住房公积金缴存登记": "住房公积金企业缴存登记或信息变更",
  "合格境外投资者资格审批": "合格境外投资者资格审批",
  "经营证券期货业务许可证核发": "经营证券期货业务许可证核发",
  "证券账户开立": "证券账户开立",
  "期货账户开立": "期货账户开立",
  "外汇登记": "外汇登记",
  "基本存款账户开立": "基本账户开立",
  "科技成果查新": "科技成果查新",
  "科技成果登记": "科技成果登记",
  "科技成果转化专项资金申请": "科技成果转化专项资金申请",
  "知识产权支持资金申请": "知识产权支持资金申请",
  "相关税收优惠政策宣传辅导": "现行相关税收优惠政策宣传辅导",
  "企业投资项目备案": "企业投资（含外商投资）项目核准/备案",
  "固定资产投资项目节能审查": "固定资产投资项目节能审查",
  "建设项目用地预审与选址意见书核发": "建设项目用地预审与选址意见书核发",
  "建设项目环境影响评价文件审批": "建设项目环境影响评价",
  "机动车注册登记": "机动车注册登记",
  "机动车合格证信息核查": "机动车合格证信息核查",
  "进口机动车强制性产品认证信息核查": "进口车强制性产品认证（CCC 认证）信息核查",
  "企业营业执照信息核验": "企业营业执照信息核验",
  "车辆购置税完税证明和机动车销售统一发票信息核查": "车辆购置税完税证明和机动车销售统一发票信息共享核查",
  "机动车交通事故责任强制保险信息核查": "交强险信息核查",
  "社会团体、民办非企业单位和基金会登记证书信息核查": "社会团体、民办非企业单位和基金会登记证书信息核查",
  "建筑工程施工许可证核发": "建筑工程施工许可证核发",
  "建设工程质量安全监督手续办理": "建设工程质量监督手续办理",
  "特殊建设工程消防设计审查": "建设工程消防设计审查",
  "建筑垃圾消纳处置许可": "城市建筑垃圾处置核准",
  "创业补贴申领": "创业补贴申领",
  "经营主体登记注册": "经营主体登记注册",
  "纳税人信息确认": "纳税人信息确认",
  "内地居民婚姻登记": "内地居民婚姻登记",
  "婚姻状况项目变更更正": "户口登记项目变更（婚姻状况）",
  "夫妻投靠户口迁移或市内迁移": "户口迁移（夫妻投靠落户）",
  "外国人来华工作许可签发、变更、注销": "外国人来华工作许可签发/变更/延期",
  "外国人来华工作社会保险缴费登记": "外国人来华工作社会保险登记",
  "外国人来华工作职称评审": "外国人来华工作职称评审",
  "工作类外国人居留证件首次申领、延期、换发、补发": "外国人居留证件签发/变更/延期",
  "发票核验": "发票核验",
  "个人身份信息核验": "个人身份信息核验",
  "汽车报废更新补贴申请": "汽车报废更新补贴申请",
  "报废机动车回收证明信息核查": "报废机动车回收证明信息核查",
  "新能源汽车车型信息核查": "新能源汽车车型信息核查",
  "机动车注册登记信息核查": "机动车注销和注册登记信息核查",
  "机动车注销登记信息核查": "机动车注销和注册登记信息核查",
  "出具死亡证明（正常死亡）": "出具死亡证明（正常死亡）",
  "出具火化证明": "出具火化证明",
  "户口注销": "户口注销",
  "暂停企业职工基本养老保险待遇": "社会保险待遇暂停",
  "暂停城乡居民基本养老保险待遇": "社会保险待遇暂停",
  "企业职工基本养老保险个人账户一次性待遇申领": "个人账户一次性待遇申领（基本养老保险）",
  "城乡居民基本养老保险个人账户一次性待遇申领": "个人账户一次性待遇申领（基本养老保险）",
  "企业职工基本养老保险死亡待遇申领": "遗属待遇申领",
  "基本医疗保险个人账户一次性支取": "参保人员职工基本医疗保险个人账户余额一次性支取",
  "驾驶证注销": "驾驶证注销",
  "死亡提取住房公积金": "住房公积金提取（死亡）",
  "遗嘱公证信息核查": "遗嘱公证信息核查",
  "已故人员股权登记信息查询": "已故人员股权登记信息查询（继承人查询）",
  "已故存款人小额存款提取": "已故存款人小额存款提取（继承人提取）"
}
```
2026-08-07 12:44:12.562 | INFO     | eval.evaluation.evaluation:evaluate_single_query:223 - col: 具体事项, primary_key_map {'清税信息核验': '清税信息核验', '企业印章刻制': '企业印章刻制', '基本存款账户开立或账户信息变更': '基本账户开立或账户信息变更', '社会保险缴费登记或缴费信息变更': '社会保险登记或参保信息变更', '单位住房公积金缴存登记': '住房公积金企业缴存登记或信息变更', '合格境外投资者资格审批': '合格境外投资者资格审批', '经营证券期货业务许可证核发': '经营证券期货业务许可证核发', '证券账户开立': '证券账户开立', '期货账户开立': '期货账户开立', '外汇登记': '外汇登记', '基本存款账户开立': '基本账户开立', '科技成果查新': '科技成果查新', '科技成果登记': '科技成果登记', '科技成果转化专项资金申请': '科技成果转化专项资金申请', '知识产权支持资金申请': '知识产权支持资金申请', '相关税收优惠政策宣传辅导': '现行相关税收优惠政策宣传辅导', '企业投资项目备案': '企业投资（含外商投资）项目核准/备案', '固定资产投资项目节能审查': '固定资产投资项目节能审查', '建设项目用地预审与选址意见书核发': '建设项目用地预审与选址意见书核发', '建设项目环境影响评价文件审批': '建设项目环境影响评价', '机动车注册登记': '机动车注册登记', '机动车合格证信息核查': '机动车合格证信息核查', '进口机动车强制性产品认证信息核查': '进口车强制性产品认证（CCC 认证）信息核查', '企业营业执照信息核验': '企业营业执照信息核验', '车辆购置税完税证明和机动车销售统一发票信息核查': '车辆购置税完税证明和机动车销售统一发票信息共享核查', '机动车交通事故责任强制保险信息核查': '交强险信息核查', '社会团体、民办非企业单位和基金会登记证书信息核查': '社会团体、民办非企业单位和基金会登记证书信息核查', '建筑工程施工许可证核发': '建筑工程施工许可证核发', '建设工程质量安全监督手续办理': '建设工程质量监督手续办理', '特殊建设工程消防设计审查': '建设工程消防设计审查', '建筑垃圾消纳处置许可': '城市建筑垃圾处置核准', '创业补贴申领': '创业补贴申领', '经营主体登记注册': '经营主体登记注册', '纳税人信息确认': '纳税人信息确认', '内地居民婚姻登记': '内地居民婚姻登记', '婚姻状况项目变更更正': '户口登记项目变更（婚姻状况）', '夫妻投靠户口迁移或市内迁移': '户口迁移（夫妻投靠落户）', '外国人来华工作许可签发、变更、注销': '外国人来华工作许可签发/变更/延期', '外国人来华工作社会保险缴费登记': '外国人来华工作社会保险登记', '外国人来华工作职称评审': '外国人来华工作职称评审', '工作类外国人居留证件首次申领、延期、换发、补发': '外国人居留证件签发/变更/延期', '发票核验': '发票核验', '个人身份信息核验': '个人身份信息核验', '汽车报废更新补贴申请': '汽车报废更新补贴申请', '报废机动车回收证明信息核查': '报废机动车回收证明信息核查', '新能源汽车车型信息核查': '新能源汽车车型信息核查', '机动车注册登记信息核查': '机动车注销和注册登记信息核查', '机动车注销登记信息核查': '机动车注销和注册登记信息核查', '出具死亡证明（正常死亡）': '出具死亡证明（正常死亡）', '出具火化证明': '出具火化证明', '户口注销': '户口注销', '暂停企业职工基本养老保险待遇': '社会保险待遇暂停', '暂停城乡居民基本养老保险待遇': '社会保险待遇暂停', '企业职工基本养老保险个人账户一次性待遇申领': '个人账户一次性待遇申领（基本养老保险）', '城乡居民基本养老保险个人账户一次性待遇申领': '个人账户一次性待遇申领（基本养老保险）', '企业职工基本养老保险死亡待遇申领': '遗属待遇申领', '基本医疗保险个人账户一次性支取': '参保人员职工基本医疗保险个人账户余额一次性支取', '驾驶证注销': '驾驶证注销', '死亡提取住房公积金': '住房公积金提取（死亡）', '遗嘱公证信息核查': '遗嘱公证信息核查', '已故人员股权登记信息查询': '已故人员股权登记信息查询（继承人查询）', '已故存款人小额存款提取': '已故存款人小额存款提取（继承人提取）'}
2026-08-07 12:44:12.572 | INFO     | eval.evaluation.evaluation:evaluate_single_query:275 - wide2deep_ws_zh_062, df_inner shape: (62, 12), answer_df shape: (128, 6), response_df shape: (107, 7)
2026-08-07 12:44:22.679 | DEBUG    | eval.evaluation.evaluation:evaluate_single_query:321 - wide2deep_ws_zh_062, col 场景名称, metric_func_name llm_judge, score [1, 1, 1, 1, 1, 1, 1, 1, 1, 1, 1, 1, 1, 1, 1, 1, 1, 1, 1, 1, 1, 1, 1, 1, 1, 1, 1, 1, 1, 1, 1, 1, 1, 1, 1, 1, 1, 1, 1, 1, 1, 1, 1, 1, 1, 1, 1, 1, 1, 1, 1, 1, 1, 1, 1, 1, 1, 1, 1, 1, 1, 1]
2026-08-07 12:44:22.680 | DEBUG    | eval.evaluation.evaluation:metric_call:77 - metric_func_name exact_match score 0.0 msg exact not match, response: 依托北京市政务服务网、“京通”及线下综合窗口集成办理, target: 优化
2026-08-07 12:44:22.680 | DEBUG    | eval.evaluation.evaluation:metric_call:77 - metric_func_name exact_match score 0.0 msg exact not match, response: 登记信息共享、联动办理, target: 优化
2026-08-07 12:44:22.680 | DEBUG    | eval.evaluation.evaluation:metric_call:77 - metric_func_name exact_match score 0.0 msg exact not match, response: 信息共享、银行协同办理, target: 优化
2026-08-07 12:44:22.680 | DEBUG    | eval.evaluation.evaluation:metric_call:77 - metric_func_name exact_match score 0.0 msg exact not match, response: 登记信息共享、免重复申报, target: 优化
2026-08-07 12:44:22.680 | DEBUG    | eval.evaluation.evaluation:metric_call:77 - metric_func_name exact_match score 0.0 msg exact not match, response: 登记信息共享、联动办理, target: 优化
2026-08-07 12:44:22.680 | DEBUG    | eval.evaluation.evaluation:metric_call:77 - metric_func_name exact_match score 0.0 msg exact not match, response: 跨层级、跨部门线上协同办理, target: 新建
2026-08-07 12:44:22.681 | DEBUG    | eval.evaluation.evaluation:metric_call:77 - metric_func_name exact_match score 0.0 msg exact not match, response: 监管信息共享、并联办理, target: 新建
2026-08-07 12:44:22.681 | DEBUG    | eval.evaluation.evaluation:metric_call:77 - metric_func_name exact_match score 0.0 msg exact not match, response: 资格信息共享、线上协同办理, target: 新建
2026-08-07 12:44:22.681 | DEBUG    | eval.evaluation.evaluation:metric_call:77 - metric_func_name exact_match score 0.0 msg exact not match, response: 资格信息共享、线上协同办理, target: 新建
2026-08-07 12:44:22.681 | DEBUG    | eval.evaluation.evaluation:metric_call:77 - metric_func_name exact_match score 0.0 msg exact not match, response: 资格信息共享、联动办理, target: 新建
2026-08-07 12:44:22.681 | DEBUG    | eval.evaluation.evaluation:metric_call:77 - metric_func_name exact_match score 0.0 msg exact not match, response: 信息共享、银行协同办理, target: 新建
2026-08-07 12:44:22.681 | DEBUG    | eval.evaluation.evaluation:metric_call:77 - metric_func_name exact_match score 0.0 msg exact not match, response: 线上申请、材料共享、协同办理, target: 新建
2026-08-07 12:44:22.681 | DEBUG    | eval.evaluation.evaluation:metric_call:77 - metric_func_name exact_match score 0.0 msg exact not match, response: 线上申报、成果信息复用, target: 新建
2026-08-07 12:44:22.681 | DEBUG    | eval.evaluation.evaluation:metric_call:77 - metric_func_name exact_match score 0.0 msg exact not match, response: 政策匹配、网上申报、协同审核, target: 新建
2026-08-07 12:44:22.681 | DEBUG    | eval.evaluation.evaluation:metric_call:77 - metric_func_name exact_match score 0.0 msg exact not match, response: 数据共享、网上申报、协同审核, target: 新建
2026-08-07 12:44:22.681 | DEBUG    | eval.evaluation.evaluation:metric_call:77 - metric_func_name exact_match score 0.0 msg exact not match, response: 精准推送、线上辅导, target: 新建
2026-08-07 12:44:22.681 | DEBUG    | eval.evaluation.evaluation:metric_call:77 - metric_func_name exact_match score 0.0 msg exact not match, response: 依托北京市投资项目在线审批监管平台集成办理, target: 新建
2026-08-07 12:44:22.681 | DEBUG    | eval.evaluation.evaluation:metric_call:77 - metric_func_name exact_match score 0.0 msg exact not match, response: 项目信息复用、并联审批, target: 新建
2026-08-07 12:44:22.681 | DEBUG    | eval.evaluation.evaluation:metric_call:77 - metric_func_name exact_match score 0.0 msg exact not match, response: 线上申报、部门并联审查, target: 新建
2026-08-07 12:44:22.681 | DEBUG    | eval.evaluation.evaluation:metric_call:77 - metric_func_name exact_match score 0.0 msg exact not match, response: 项目信息共享、并联审批, target: 新建
2026-08-07 12:44:22.681 | DEBUG    | eval.evaluation.evaluation:metric_call:77 - metric_func_name exact_match score 0.0 msg exact not match, response: 依托公安交管服务平台线上线下集成办理, target: 新建
2026-08-07 12:44:22.681 | DEBUG    | eval.evaluation.evaluation:metric_call:77 - metric_func_name exact_match score 0.0 msg exact not match, response: 数据共享、免提交纸质证明, target: 新建
2026-08-07 12:44:22.681 | DEBUG    | eval.evaluation.evaluation:metric_call:77 - metric_func_name exact_match score 0.0 msg exact not match, response: 数据共享、在线核验, target: 新建
2026-08-07 12:44:22.682 | DEBUG    | eval.evaluation.evaluation:metric_call:77 - metric_func_name exact_match score 0.0 msg exact not match, response: 数据共享、在线核验, target: 新建
2026-08-07 12:44:22.682 | DEBUG    | eval.evaluation.evaluation:metric_call:77 - metric_func_name exact_match score 0.0 msg exact not match, response: 税务数据共享、免提交证明, target: 新建
2026-08-07 12:44:22.682 | DEBUG    | eval.evaluation.evaluation:metric_call:77 - metric_func_name exact_match score 0.0 msg exact not match, response: 保险数据共享、在线核验, target: 新建
2026-08-07 12:44:22.682 | DEBUG    | eval.evaluation.evaluation:metric_call:77 - metric_func_name exact_match score 0.0 msg exact not match, response: 登记数据共享、在线核验, target: 新建
2026-08-07 12:44:22.682 | DEBUG    | eval.evaluation.evaluation:metric_call:77 - metric_func_name exact_match score 0.0 msg exact not match, response: 依托北京市工程建设项目审批管理系统集成办理, target: 新建
2026-08-07 12:44:22.682 | DEBUG    | eval.evaluation.evaluation:metric_call:77 - metric_func_name exact_match score 0.0 msg exact not match, response: 一口申报、并联审查, target: 新建
2026-08-07 12:44:22.682 | DEBUG    | eval.evaluation.evaluation:metric_call:77 - metric_func_name exact_match score 0.0 msg exact not match, response: 与施工许可合并申请、同步办理, target: 新建
2026-08-07 12:44:22.682 | DEBUG    | eval.evaluation.evaluation:metric_call:77 - metric_func_name exact_match score 0.0 msg exact not match, response: 项目信息共享、并联办理, target: 新建
2026-08-07 12:44:22.682 | DEBUG    | eval.evaluation.evaluation:metric_call:77 - metric_func_name exact_match score 0.0 msg exact not match, response: 政策匹配、一次申请、协同审核, target: 优化
2026-08-07 12:44:22.682 | DEBUG    | eval.evaluation.evaluation:metric_call:77 - metric_func_name exact_match score 0.0 msg exact not match, response: 线上申报、并联办理, target: 优化
2026-08-07 12:44:22.682 | DEBUG    | eval.evaluation.evaluation:metric_call:77 - metric_func_name exact_match score 0.0 msg exact not match, response: 登记信息共享、联动办理, target: 优化
2026-08-07 12:44:22.682 | DEBUG    | eval.evaluation.evaluation:metric_call:77 - metric_func_name exact_match score 0.0 msg exact not match, response: 依托婚姻登记机关和公安户政窗口联办, target: 优化
2026-08-07 12:44:22.682 | DEBUG    | eval.evaluation.evaluation:metric_call:77 - metric_func_name exact_match score 0.0 msg exact not match, response: 婚姻登记信息共享、免提交证明, target: 优化
2026-08-07 12:44:22.682 | DEBUG    | eval.evaluation.evaluation:metric_call:77 - metric_func_name exact_match score 0.0 msg exact not match, response: 线上预审、户政窗口联动办理, target: 优化
2026-08-07 12:44:22.682 | DEBUG    | eval.evaluation.evaluation:metric_call:77 - metric_func_name exact_match score 0.0 msg exact not match, response: 依托外国人来华工作管理服务系统集成办理, target: 新建
2026-08-07 12:44:22.682 | DEBUG    | eval.evaluation.evaluation:metric_call:77 - metric_func_name exact_match score 0.0 msg exact not match, response: 许可信息共享、联动办理, target: 新建
2026-08-07 12:44:22.682 | DEBUG    | eval.evaluation.evaluation:metric_call:77 - metric_func_name exact_match score 0.0 msg exact not match, response: 信息复用、线上申报, target: 新建
2026-08-07 12:44:22.682 | DEBUG    | eval.evaluation.evaluation:metric_call:77 - metric_func_name exact_match score 0.0 msg exact not match, response: 工作许可与居留许可联动办理, target: 新建
2026-08-07 12:44:22.683 | DEBUG    | eval.evaluation.evaluation:metric_call:77 - metric_func_name exact_match score 0.0 msg exact not match, response: 税务数据共享、在线核验, target: 新建
2026-08-07 12:44:22.683 | DEBUG    | eval.evaluation.evaluation:metric_call:77 - metric_func_name exact_match score 0.0 msg exact not match, response: 公安数据共享、在线核验, target: 新建
2026-08-07 12:44:22.683 | DEBUG    | eval.evaluation.evaluation:metric_call:77 - metric_func_name exact_match score 0.0 msg exact not match, response: 依托全国汽车流通信息管理系统线上申请、协同审核, target: 新建
2026-08-07 12:44:22.683 | DEBUG    | eval.evaluation.evaluation:metric_call:77 - metric_func_name exact_match score 0.0 msg exact not match, response: 回收拆解数据共享、在线核验, target: 新建
2026-08-07 12:44:22.683 | DEBUG    | eval.evaluation.evaluation:metric_call:77 - metric_func_name exact_match score 0.0 msg exact not match, response: 工业信息数据共享、在线核验, target: 新建
2026-08-07 12:44:22.683 | DEBUG    | eval.evaluation.evaluation:metric_call:77 - metric_func_name exact_match score 0.0 msg exact not match, response: 公安交管数据共享、在线核验, target: 新建
2026-08-07 12:44:22.683 | DEBUG    | eval.evaluation.evaluation:metric_call:77 - metric_func_name exact_match score 0.0 msg exact not match, response: 公安交管数据共享、在线核验, target: 新建
2026-08-07 12:44:22.683 | DEBUG    | eval.evaluation.evaluation:metric_call:77 - metric_func_name exact_match score 0.0 msg exact not match, response: 依托个人身后事项联办平台一次申报、信息共享, target: 优化
2026-08-07 12:44:22.683 | DEBUG    | eval.evaluation.evaluation:metric_call:77 - metric_func_name exact_match score 0.0 msg exact not match, response: 殡葬服务机构办理、结果共享, target: 优化
2026-08-07 12:44:22.683 | DEBUG    | eval.evaluation.evaluation:metric_call:77 - metric_func_name exact_match score 0.0 msg exact not match, response: 死亡信息共享、线上预审或窗口办理, target: 优化
2026-08-07 12:44:22.683 | DEBUG    | eval.evaluation.evaluation:metric_call:77 - metric_func_name exact_match score 0.0 msg exact not match, response: 死亡信息共享、联动停发, target: 优化
2026-08-07 12:44:22.683 | DEBUG    | eval.evaluation.evaluation:metric_call:77 - metric_func_name exact_match score 0.0 msg exact not match, response: 死亡信息共享、联动停发, target: 优化
2026-08-07 12:44:22.683 | DEBUG    | eval.evaluation.evaluation:metric_call:77 - metric_func_name exact_match score 0.0 msg exact not match, response: 一次申请、线上审核发放, target: 优化
2026-08-07 12:44:22.683 | DEBUG    | eval.evaluation.evaluation:metric_call:77 - metric_func_name exact_match score 0.0 msg exact not match, response: 一次申请、线上审核发放, target: 优化
2026-08-07 12:44:22.683 | DEBUG    | eval.evaluation.evaluation:metric_call:77 - metric_func_name exact_match score 0.0 msg exact not match, response: 一次申请、信息共享、协同审核, target: 优化
2026-08-07 12:44:22.683 | DEBUG    | eval.evaluation.evaluation:metric_call:77 - metric_func_name exact_match score 0.0 msg exact not match, response: 死亡信息共享、线上申请, target: 优化
2026-08-07 12:44:22.683 | DEBUG    | eval.evaluation.evaluation:metric_call:77 - metric_func_name exact_match score 0.0 msg exact not match, response: 死亡信息共享、联动办理, target: 优化
2026-08-07 12:44:22.683 | DEBUG    | eval.evaluation.evaluation:metric_call:77 - metric_func_name exact_match score 0.0 msg exact not match, response: 一次申请、线上核验办理, target: 优化
2026-08-07 12:44:22.683 | DEBUG    | eval.evaluation.evaluation:metric_call:77 - metric_func_name exact_match score 0.0 msg exact not match, response: 公证信息共享、依申请核验, target: 优化
2026-08-07 12:44:22.684 | DEBUG    | eval.evaluation.evaluation:metric_call:77 - metric_func_name exact_match score 0.0 msg exact not match, response: 身份及继承关系核验、协同查询, target: 优化
2026-08-07 12:44:22.684 | DEBUG    | eval.evaluation.evaluation:metric_call:77 - metric_func_name exact_match score 0.0 msg exact not match, response: 简化证明材料、银行网点办理, target: 优化
2026-08-07 12:44:22.684 | DEBUG    | eval.evaluation.evaluation:evaluate_single_query:321 - wide2deep_ws_zh_062, col 实施方式, metric_func_name exact_match, score [0.0, 0.0, 0.0, 0.0, 0.0, 0.0, 0.0, 0.0, 0.0, 0.0, 0.0, 0.0, 0.0, 0.0, 0.0, 0.0, 0.0, 0.0, 0.0, 0.0, 0.0, 0.0, 0.0, 0.0, 0.0, 0.0, 0.0, 0.0, 0.0, 0.0, 0.0, 0.0, 0.0, 0.0, 0.0, 0.0, 0.0, 0.0, 0.0, 0.0, 0.0, 0.0, 0.0, 0.0, 0.0, 0.0, 0.0, 0.0, 0.0, 0.0, 0.0, 0.0, 0.0, 0.0, 0.0, 0.0, 0.0, 0.0, 0.0, 0.0, 0.0, 0.0]
2026-08-07 12:44:22.685 | DEBUG    | eval.evaluation.evaluation:metric_call:77 - metric_func_name exact_match score 0.0 msg exact not match, response: 北京市市场监督管理局, target: 市市场监管局
2026-08-07 12:44:22.685 | DEBUG    | eval.evaluation.evaluation:metric_call:77 - metric_func_name exact_match score 0.0 msg exact not match, response: 北京市市场监督管理局, target: 市市场监管局
2026-08-07 12:44:22.685 | DEBUG    | eval.evaluation.evaluation:metric_call:77 - metric_func_name exact_match score 0.0 msg exact not match, response: 北京市市场监督管理局, target: 市市场监管局
2026-08-07 12:44:22.685 | DEBUG    | eval.evaluation.evaluation:metric_call:77 - metric_func_name exact_match score 0.0 msg exact not match, response: 北京市市场监督管理局, target: 市市场监管局
2026-08-07 12:44:22.685 | DEBUG    | eval.evaluation.evaluation:metric_call:77 - metric_func_name exact_match score 0.0 msg exact not match, response: 北京市市场监督管理局, target: 市市场监管局
2026-08-07 12:44:22.685 | DEBUG    | eval.evaluation.evaluation:metric_call:77 - metric_func_name exact_match score 0.0 msg exact not match, response: 中共北京市委金融委员会办公室, target: 北京证监局
2026-08-07 12:44:22.685 | DEBUG    | eval.evaluation.evaluation:metric_call:77 - metric_func_name exact_match score 0.0 msg exact not match, response: 中共北京市委金融委员会办公室, target: 北京证监局
2026-08-07 12:44:22.685 | DEBUG    | eval.evaluation.evaluation:metric_call:77 - metric_func_name exact_match score 0.0 msg exact not match, response: 中共北京市委金融委员会办公室, target: 北京证监局
2026-08-07 12:44:22.685 | DEBUG    | eval.evaluation.evaluation:metric_call:77 - metric_func_name exact_match score 0.0 msg exact not match, response: 中共北京市委金融委员会办公室, target: 北京证监局
2026-08-07 12:44:22.685 | DEBUG    | eval.evaluation.evaluation:metric_call:77 - metric_func_name exact_match score 0.0 msg exact not match, response: 中共北京市委金融委员会办公室, target: 北京证监局
2026-08-07 12:44:22.685 | DEBUG    | eval.evaluation.evaluation:metric_call:77 - metric_func_name exact_match score 0.0 msg exact not match, response: 中共北京市委金融委员会办公室, target: 北京证监局
2026-08-07 12:44:22.685 | DEBUG    | eval.evaluation.evaluation:metric_call:77 - metric_func_name exact_match score 0.0 msg exact not match, response: 北京市科学技术委员会、中关村科技园区管理委员会, target: 市科委、中关村管委会
2026-08-07 12:44:22.685 | DEBUG    | eval.evaluation.evaluation:metric_call:77 - metric_func_name exact_match score 0.0 msg exact not match, response: 北京市科学技术委员会、中关村科技园区管理委员会, target: 市科委、中关村管委会
2026-08-07 12:44:22.685 | DEBUG    | eval.evaluation.evaluation:metric_call:77 - metric_func_name exact_match score 0.0 msg exact not match, response: 北京市科学技术委员会、中关村科技园区管理委员会, target: 市科委、中关村管委会
2026-08-07 12:44:22.686 | DEBUG    | eval.evaluation.evaluation:metric_call:77 - metric_func_name exact_match score 0.0 msg exact not match, response: 北京市科学技术委员会、中关村科技园区管理委员会, target: 市科委、中关村管委会
2026-08-07 12:44:22.686 | DEBUG    | eval.evaluation.evaluation:metric_call:77 - metric_func_name exact_match score 0.0 msg exact not match, response: 北京市科学技术委员会、中关村科技园区管理委员会, target: 市科委、中关村管委会
2026-08-07 12:44:22.686 | DEBUG    | eval.evaluation.evaluation:metric_call:77 - metric_func_name exact_match score 0.0 msg exact not match, response: 北京市发展和改革委员会, target: 市发展改革委
2026-08-07 12:44:22.686 | DEBUG    | eval.evaluation.evaluation:metric_call:77 - metric_func_name exact_match score 0.0 msg exact not match, response: 北京市发展和改革委员会, target: 市发展改革委
2026-08-07 12:44:22.686 | DEBUG    | eval.evaluation.evaluation:metric_call:77 - metric_func_name exact_match score 0.0 msg exact not match, response: 北京市发展和改革委员会, target: 市发展改革委
2026-08-07 12:44:22.686 | DEBUG    | eval.evaluation.evaluation:metric_call:77 - metric_func_name exact_match score 0.0 msg exact not match, response: 北京市发展和改革委员会, target: 市发展改革委
2026-08-07 12:44:22.686 | DEBUG    | eval.evaluation.evaluation:metric_call:77 - metric_func_name exact_match score 0.0 msg exact not match, response: 北京市公安局, target: 市公安局
2026-08-07 12:44:22.686 | DEBUG    | eval.evaluation.evaluation:metric_call:77 - metric_func_name exact_match score 0.0 msg exact not match, response: 北京市公安局, target: 市公安局
2026-08-07 12:44:22.686 | DEBUG    | eval.evaluation.evaluation:metric_call:77 - metric_func_name exact_match score 0.0 msg exact not match, response: 北京市公安局, target: 市公安局
2026-08-07 12:44:22.686 | DEBUG    | eval.evaluation.evaluation:metric_call:77 - metric_func_name exact_match score 0.0 msg exact not match, response: 北京市公安局, target: 市公安局
2026-08-07 12:44:22.686 | DEBUG    | eval.evaluation.evaluation:metric_call:77 - metric_func_name exact_match score 0.0 msg exact not match, response: 北京市公安局, target: 市公安局
2026-08-07 12:44:22.686 | DEBUG    | eval.evaluation.evaluation:metric_call:77 - metric_func_name exact_match score 0.0 msg exact not match, response: 北京市公安局, target: 市公安局
2026-08-07 12:44:22.686 | DEBUG    | eval.evaluation.evaluation:metric_call:77 - metric_func_name exact_match score 0.0 msg exact not match, response: 北京市公安局, target: 市公安局
2026-08-07 12:44:22.686 | DEBUG    | eval.evaluation.evaluation:metric_call:77 - metric_func_name exact_match score 0.0 msg exact not match, response: 北京市住房和城乡建设委员会, target: 市住房城乡建设委
2026-08-07 12:44:22.686 | DEBUG    | eval.evaluation.evaluation:metric_call:77 - metric_func_name exact_match score 0.0 msg exact not match, response: 北京市住房和城乡建设委员会, target: 市住房城乡建设委
2026-08-07 12:44:22.686 | DEBUG    | eval.evaluation.evaluation:metric_call:77 - metric_func_name exact_match score 0.0 msg exact not match, response: 北京市住房和城乡建设委员会, target: 市住房城乡建设委
2026-08-07 12:44:22.686 | DEBUG    | eval.evaluation.evaluation:metric_call:77 - metric_func_name exact_match score 0.0 msg exact not match, response: 北京市住房和城乡建设委员会, target: 市住房城乡建设委
2026-08-07 12:44:22.687 | DEBUG    | eval.evaluation.evaluation:metric_call:77 - metric_func_name exact_match score 0.0 msg exact not match, response: 北京市人力资源和社会保障局, target: 市人力资源社会保障局
2026-08-07 12:44:22.687 | DEBUG    | eval.evaluation.evaluation:metric_call:77 - metric_func_name exact_match score 0.0 msg exact not match, response: 北京市人力资源和社会保障局, target: 市人力资源社会保障局
2026-08-07 12:44:22.687 | DEBUG    | eval.evaluation.evaluation:metric_call:77 - metric_func_name exact_match score 0.0 msg exact not match, response: 北京市人力资源和社会保障局, target: 市人力资源社会保障局
2026-08-07 12:44:22.687 | DEBUG    | eval.evaluation.evaluation:metric_call:77 - metric_func_name exact_match score 0.0 msg exact not match, response: 北京市民政局, target: 市民政局
2026-08-07 12:44:22.687 | DEBUG    | eval.evaluation.evaluation:metric_call:77 - metric_func_name exact_match score 0.0 msg exact not match, response: 北京市民政局, target: 市民政局
2026-08-07 12:44:22.687 | DEBUG    | eval.evaluation.evaluation:metric_call:77 - metric_func_name exact_match score 0.0 msg exact not match, response: 北京市民政局, target: 市民政局
2026-08-07 12:44:22.687 | DEBUG    | eval.evaluation.evaluation:metric_call:77 - metric_func_name exact_match score 0.0 msg exact not match, response: 北京市科学技术委员会、中关村科技园区管理委员会, target: 市科委、中关村管委会
2026-08-07 12:44:22.687 | DEBUG    | eval.evaluation.evaluation:metric_call:77 - metric_func_name exact_match score 0.0 msg exact not match, response: 北京市科学技术委员会、中关村科技园区管理委员会, target: 市科委、中关村管委会
2026-08-07 12:44:22.687 | DEBUG    | eval.evaluation.evaluation:metric_call:77 - metric_func_name exact_match score 0.0 msg exact not match, response: 北京市科学技术委员会、中关村科技园区管理委员会, target: 市科委、中关村管委会
2026-08-07 12:44:22.687 | DEBUG    | eval.evaluation.evaluation:metric_call:77 - metric_func_name exact_match score 0.0 msg exact not match, response: 北京市科学技术委员会、中关村科技园区管理委员会, target: 市科委、中关村管委会
2026-08-07 12:44:22.687 | DEBUG    | eval.evaluation.evaluation:metric_call:77 - metric_func_name exact_match score 0.0 msg exact not match, response: 北京市商务局, target: 市商务局
2026-08-07 12:44:22.687 | DEBUG    | eval.evaluation.evaluation:metric_call:77 - metric_func_name exact_match score 0.0 msg exact not match, response: 北京市商务局, target: 市商务局
2026-08-07 12:44:22.687 | DEBUG    | eval.evaluation.evaluation:metric_call:77 - metric_func_name exact_match score 0.0 msg exact not match, response: 北京市商务局, target: 市商务局
2026-08-07 12:44:22.687 | DEBUG    | eval.evaluation.evaluation:metric_call:77 - metric_func_name exact_match score 0.0 msg exact not match, response: 北京市商务局, target: 市商务局
2026-08-07 12:44:22.687 | DEBUG    | eval.evaluation.evaluation:metric_call:77 - metric_func_name exact_match score 0.0 msg exact not match, response: 北京市商务局, target: 市商务局
2026-08-07 12:44:22.687 | DEBUG    | eval.evaluation.evaluation:metric_call:77 - metric_func_name exact_match score 0.0 msg exact not match, response: 北京市商务局, target: 市商务局
2026-08-07 12:44:22.687 | DEBUG    | eval.evaluation.evaluation:metric_call:77 - metric_func_name exact_match score 0.0 msg exact not match, response: 北京市商务局, target: 市商务局
2026-08-07 12:44:22.687 | DEBUG    | eval.evaluation.evaluation:metric_call:77 - metric_func_name exact_match score 0.0 msg exact not match, response: 北京市民政局, target: 市公安局、市卫生健康委
2026-08-07 12:44:22.687 | DEBUG    | eval.evaluation.evaluation:metric_call:77 - metric_func_name exact_match score 0.0 msg exact not match, response: 北京市民政局, target: 市公安局、市卫生健康委
2026-08-07 12:44:22.688 | DEBUG    | eval.evaluation.evaluation:metric_call:77 - metric_func_name exact_match score 0.0 msg exact not match, response: 北京市民政局, target: 市公安局、市卫生健康委
2026-08-07 12:44:22.688 | DEBUG    | eval.evaluation.evaluation:metric_call:77 - metric_func_name exact_match score 0.0 msg exact not match, response: 北京市民政局, target: 市公安局、市卫生健康委
2026-08-07 12:44:22.688 | DEBUG    | eval.evaluation.evaluation:metric_call:77 - metric_func_name exact_match score 0.0 msg exact not match, response: 北京市民政局, target: 市公安局、市卫生健康委
2026-08-07 12:44:22.688 | DEBUG    | eval.evaluation.evaluation:metric_call:77 - metric_func_name exact_match score 0.0 msg exact not match, response: 北京市民政局, target: 市公安局、市卫生健康委
2026-08-07 12:44:22.688 | DEBUG    | eval.evaluation.evaluation:metric_call:77 - metric_func_name exact_match score 0.0 msg exact not match, response: 北京市民政局, target: 市公安局、市卫生健康委
2026-08-07 12:44:22.688 | DEBUG    | eval.evaluation.evaluation:metric_call:77 - metric_func_name exact_match score 0.0 msg exact not match, response: 北京市民政局, target: 市公安局、市卫生健康委
2026-08-07 12:44:22.688 | DEBUG    | eval.evaluation.evaluation:metric_call:77 - metric_func_name exact_match score 0.0 msg exact not match, response: 北京市民政局, target: 市公安局、市卫生健康委
2026-08-07 12:44:22.688 | DEBUG    | eval.evaluation.evaluation:metric_call:77 - metric_func_name exact_match score 0.0 msg exact not match, response: 北京市民政局, target: 市公安局、市卫生健康委
2026-08-07 12:44:22.688 | DEBUG    | eval.evaluation.evaluation:metric_call:77 - metric_func_name exact_match score 0.0 msg exact not match, response: 北京市民政局, target: 市公安局、市卫生健康委
2026-08-07 12:44:22.688 | DEBUG    | eval.evaluation.evaluation:metric_call:77 - metric_func_name exact_match score 0.0 msg exact not match, response: 北京市民政局, target: 市公安局、市卫生健康委
2026-08-07 12:44:22.688 | DEBUG    | eval.evaluation.evaluation:metric_call:77 - metric_func_name exact_match score 0.0 msg exact not match, response: 北京市民政局, target: 市公安局、市卫生健康委
2026-08-07 12:44:22.688 | DEBUG    | eval.evaluation.evaluation:metric_call:77 - metric_func_name exact_match score 0.0 msg exact not match, response: 北京市民政局, target: 市公安局、市卫生健康委
2026-08-07 12:44:22.689 | DEBUG    | eval.evaluation.evaluation:evaluate_single_query:321 - wide2deep_ws_zh_062, col 牵头部门, metric_func_name exact_match, score [0.0, 0.0, 0.0, 0.0, 0.0, 0.0, 0.0, 0.0, 0.0, 0.0, 0.0, 0.0, 0.0, 0.0, 0.0, 0.0, 0.0, 0.0, 0.0, 0.0, 0.0, 0.0, 0.0, 0.0, 0.0, 0.0, 0.0, 0.0, 0.0, 0.0, 0.0, 0.0, 0.0, 0.0, 0.0, 0.0, 0.0, 0.0, 0.0, 0.0, 0.0, 0.0, 0.0, 0.0, 0.0, 0.0, 0.0, 0.0, 0.0, 0.0, 0.0, 0.0, 0.0, 0.0, 0.0, 0.0, 0.0, 0.0, 0.0, 0.0, 0.0, 0.0]
2026-08-07 12:44:33.001 | DEBUG    | eval.evaluation.evaluation:evaluate_single_query:321 - wide2deep_ws_zh_062, col 配合部门, metric_func_name llm_judge, score [1, 1, 1, 1, 1, 0, 0, 0, 0, 1, 1, 0, 0, 0, 1, 1, 0, 0, 1, 1, 0, 1, 1, 1, 1, 1, 1, 0, 0, 0, 1, 0, 1, 1, 0, 1, 1, 0, 1, 1, 1, 1, 1, 0, 0, 1, 1, 1, 0, 0, 0, 1, 1, 1, 1, 1, 1, 0, 1, 1, 1, 1]
2026-08-07 12:44:33.001 | DEBUG    | eval.evaluation.evaluation:metric_call:77 - metric_func_name exact_match score 0.0 msg exact not match, response: 2025年底前, target: 2025年7月底
2026-08-07 12:44:33.001 | DEBUG    | eval.evaluation.evaluation:metric_call:77 - metric_func_name exact_match score 0.0 msg exact not match, response: 2025年底前, target: 2025年7月底
2026-08-07 12:44:33.001 | DEBUG    | eval.evaluation.evaluation:metric_call:77 - metric_func_name exact_match score 0.0 msg exact not match, response: 2025年底前, target: 2025年7月底
2026-08-07 12:44:33.002 | DEBUG    | eval.evaluation.evaluation:metric_call:77 - metric_func_name exact_match score 0.0 msg exact not match, response: 2025年底前, target: 2025年7月底
2026-08-07 12:44:33.002 | DEBUG    | eval.evaluation.evaluation:metric_call:77 - metric_func_name exact_match score 0.0 msg exact not match, response: 2025年底前, target: 2025年7月底
2026-08-07 12:44:33.002 | DEBUG    | eval.evaluation.evaluation:metric_call:77 - metric_func_name exact_match score 0.0 msg exact not match, response: 2025年底前, target: 2025年8月底
2026-08-07 12:44:33.002 | DEBUG    | eval.evaluation.evaluation:metric_call:77 - metric_func_name exact_match score 0.0 msg exact not match, response: 2025年底前, target: 2025年8月底
2026-08-07 12:44:33.002 | DEBUG    | eval.evaluation.evaluation:metric_call:77 - metric_func_name exact_match score 0.0 msg exact not match, response: 2025年底前, target: 2025年8月底
2026-08-07 12:44:33.002 | DEBUG    | eval.evaluation.evaluation:metric_call:77 - metric_func_name exact_match score 0.0 msg exact not match, response: 2025年底前, target: 2025年8月底
2026-08-07 12:44:33.002 | DEBUG    | eval.evaluation.evaluation:metric_call:77 - metric_func_name exact_match score 0.0 msg exact not match, response: 2025年底前, target: 2025年8月底
2026-08-07 12:44:33.002 | DEBUG    | eval.evaluation.evaluation:metric_call:77 - metric_func_name exact_match score 0.0 msg exact not match, response: 2025年底前, target: 2025年8月底
2026-08-07 12:44:33.002 | DEBUG    | eval.evaluation.evaluation:metric_call:77 - metric_func_name exact_match score 0.0 msg exact not match, response: 2025年底前, target: 2025年7月底
2026-08-07 12:44:33.002 | DEBUG    | eval.evaluation.evaluation:metric_call:77 - metric_func_name exact_match score 0.0 msg exact not match, response: 2025年底前, target: 2025年7月底
2026-08-07 12:44:33.002 | DEBUG    | eval.evaluation.evaluation:metric_call:77 - metric_func_name exact_match score 0.0 msg exact not match, response: 2025年底前, target: 2025年7月底
2026-08-07 12:44:33.002 | DEBUG    | eval.evaluation.evaluation:metric_call:77 - metric_func_name exact_match score 0.0 msg exact not match, response: 2025年底前, target: 2025年7月底
2026-08-07 12:44:33.002 | DEBUG    | eval.evaluation.evaluation:metric_call:77 - metric_func_name exact_match score 0.0 msg exact not match, response: 2025年底前, target: 2025年7月底
2026-08-07 12:44:33.002 | DEBUG    | eval.evaluation.evaluation:metric_call:77 - metric_func_name exact_match score 0.0 msg exact not match, response: 2025年底前, target: 2025年7月底
2026-08-07 12:44:33.002 | DEBUG    | eval.evaluation.evaluation:metric_call:77 - metric_func_name exact_match score 0.0 msg exact not match, response: 2025年底前, target: 2025年7月底
2026-08-07 12:44:33.002 | DEBUG    | eval.evaluation.evaluation:metric_call:77 - metric_func_name exact_match score 0.0 msg exact not match, response: 2025年底前, target: 2025年7月底
2026-08-07 12:44:33.002 | DEBUG    | eval.evaluation.evaluation:metric_call:77 - metric_func_name exact_match score 0.0 msg exact not match, response: 2025年底前, target: 2025年7月底
2026-08-07 12:44:33.002 | DEBUG    | eval.evaluation.evaluation:metric_call:77 - metric_func_name exact_match score 0.0 msg exact not match, response: 2025年底前, target: 2025年7月底
2026-08-07 12:44:33.003 | DEBUG    | eval.evaluation.evaluation:metric_call:77 - metric_func_name exact_match score 0.0 msg exact not match, response: 2025年底前, target: 2025年7月底
2026-08-07 12:44:33.003 | DEBUG    | eval.evaluation.evaluation:metric_call:77 - metric_func_name exact_match score 0.0 msg exact not match, response: 2025年底前, target: 2025年7月底
2026-08-07 12:44:33.003 | DEBUG    | eval.evaluation.evaluation:metric_call:77 - metric_func_name exact_match score 0.0 msg exact not match, response: 2025年底前, target: 2025年7月底
2026-08-07 12:44:33.003 | DEBUG    | eval.evaluation.evaluation:metric_call:77 - metric_func_name exact_match score 0.0 msg exact not match, response: 2025年底前, target: 2025年7月底
2026-08-07 12:44:33.003 | DEBUG    | eval.evaluation.evaluation:metric_call:77 - metric_func_name exact_match score 0.0 msg exact not match, response: 2025年底前, target: 2025年7月底
2026-08-07 12:44:33.003 | DEBUG    | eval.evaluation.evaluation:metric_call:77 - metric_func_name exact_match score 0.0 msg exact not match, response: 2025年底前, target: 2025年7月底
2026-08-07 12:44:33.003 | DEBUG    | eval.evaluation.evaluation:metric_call:77 - metric_func_name exact_match score 0.0 msg exact not match, response: 2025年底前, target: 2025年7月底
2026-08-07 12:44:33.003 | DEBUG    | eval.evaluation.evaluation:metric_call:77 - metric_func_name exact_match score 0.0 msg exact not match, response: 2025年底前, target: 2025年7月底
2026-08-07 12:44:33.003 | DEBUG    | eval.evaluation.evaluation:metric_call:77 - metric_func_name exact_match score 0.0 msg exact not match, response: 2025年底前, target: 2025年7月底
2026-08-07 12:44:33.003 | DEBUG    | eval.evaluation.evaluation:metric_call:77 - metric_func_name exact_match score 0.0 msg exact not match, response: 2025年底前, target: 2025年7月底
2026-08-07 12:44:33.003 | DEBUG    | eval.evaluation.evaluation:metric_call:77 - metric_func_name exact_match score 0.0 msg exact not match, response: 2025年底前, target: 2025年7月底
2026-08-07 12:44:33.003 | DEBUG    | eval.evaluation.evaluation:metric_call:77 - metric_func_name exact_match score 0.0 msg exact not match, response: 2025年底前, target: 2025年7月底
2026-08-07 12:44:33.003 | DEBUG    | eval.evaluation.evaluation:metric_call:77 - metric_func_name exact_match score 0.0 msg exact not match, response: 2025年底前, target: 2025年7月底
2026-08-07 12:44:33.003 | DEBUG    | eval.evaluation.evaluation:metric_call:77 - metric_func_name exact_match score 0.0 msg exact not match, response: 2025年底前, target: 2025年7月底
2026-08-07 12:44:33.003 | DEBUG    | eval.evaluation.evaluation:metric_call:77 - metric_func_name exact_match score 0.0 msg exact not match, response: 2025年底前, target: 2025年7月底
2026-08-07 12:44:33.003 | DEBUG    | eval.evaluation.evaluation:metric_call:77 - metric_func_name exact_match score 0.0 msg exact not match, response: 2025年底前, target: 2025年7月底
2026-08-07 12:44:33.003 | DEBUG    | eval.evaluation.evaluation:metric_call:77 - metric_func_name exact_match score 0.0 msg exact not match, response: 2025年底前, target: 2025年8月底
2026-08-07 12:44:33.003 | DEBUG    | eval.evaluation.evaluation:metric_call:77 - metric_func_name exact_match score 0.0 msg exact not match, response: 2025年底前, target: 2025年8月底
2026-08-07 12:44:33.003 | DEBUG    | eval.evaluation.evaluation:metric_call:77 - metric_func_name exact_match score 0.0 msg exact not match, response: 2025年底前, target: 2025年8月底
2026-08-07 12:44:33.004 | DEBUG    | eval.evaluation.evaluation:metric_call:77 - metric_func_name exact_match score 0.0 msg exact not match, response: 2025年底前, target: 2025年8月底
2026-08-07 12:44:33.004 | DEBUG    | eval.evaluation.evaluation:metric_call:77 - metric_func_name exact_match score 0.0 msg exact not match, response: 2025年度政策执行期内, target: 2025年7月底
2026-08-07 12:44:33.004 | DEBUG    | eval.evaluation.evaluation:metric_call:77 - metric_func_name exact_match score 0.0 msg exact not match, response: 2025年度政策执行期内, target: 2025年7月底
2026-08-07 12:44:33.004 | DEBUG    | eval.evaluation.evaluation:metric_call:77 - metric_func_name exact_match score 0.0 msg exact not match, response: 2025年度政策执行期内, target: 2025年7月底
2026-08-07 12:44:33.004 | DEBUG    | eval.evaluation.evaluation:metric_call:77 - metric_func_name exact_match score 0.0 msg exact not match, response: 2025年度政策执行期内, target: 2025年7月底
2026-08-07 12:44:33.004 | DEBUG    | eval.evaluation.evaluation:metric_call:77 - metric_func_name exact_match score 0.0 msg exact not match, response: 2025年度政策执行期内, target: 2025年7月底
2026-08-07 12:44:33.004 | DEBUG    | eval.evaluation.evaluation:metric_call:77 - metric_func_name exact_match score 0.0 msg exact not match, response: 2025年度政策执行期内, target: 2025年7月底
2026-08-07 12:44:33.004 | DEBUG    | eval.evaluation.evaluation:metric_call:77 - metric_func_name exact_match score 0.0 msg exact not match, response: 2025年度政策执行期内, target: 2025年7月底
2026-08-07 12:44:33.004 | DEBUG    | eval.evaluation.evaluation:metric_call:77 - metric_func_name exact_match score 0.0 msg exact not match, response: 2025年底前, target: 2025年7月底
2026-08-07 12:44:33.004 | DEBUG    | eval.evaluation.evaluation:metric_call:77 - metric_func_name exact_match score 0.0 msg exact not match, response: 2025年底前, target: 2025年7月底
2026-08-07 12:44:33.004 | DEBUG    | eval.evaluation.evaluation:metric_call:77 - metric_func_name exact_match score 0.0 msg exact not match, response: 2025年底前, target: 2025年7月底
2026-08-07 12:44:33.004 | DEBUG    | eval.evaluation.evaluation:metric_call:77 - metric_func_name exact_match score 0.0 msg exact not match, response: 2025年底前, target: 2025年7月底
2026-08-07 12:44:33.004 | DEBUG    | eval.evaluation.evaluation:metric_call:77 - metric_func_name exact_match score 0.0 msg exact not match, response: 2025年底前, target: 2025年7月底
2026-08-07 12:44:33.004 | DEBUG    | eval.evaluation.evaluation:metric_call:77 - metric_func_name exact_match score 0.0 msg exact not match, response: 2025年底前, target: 2025年7月底
2026-08-07 12:44:33.004 | DEBUG    | eval.evaluation.evaluation:metric_call:77 - metric_func_name exact_match score 0.0 msg exact not match, response: 2025年底前, target: 2025年7月底
2026-08-07 12:44:33.004 | DEBUG    | eval.evaluation.evaluation:metric_call:77 - metric_func_name exact_match score 0.0 msg exact not match, response: 2025年底前, target: 2025年7月底
2026-08-07 12:44:33.004 | DEBUG    | eval.evaluation.evaluation:metric_call:77 - metric_func_name exact_match score 0.0 msg exact not match, response: 2025年底前, target: 2025年7月底
2026-08-07 12:44:33.004 | DEBUG    | eval.evaluation.evaluation:metric_call:77 - metric_func_name exact_match score 0.0 msg exact not match, response: 2025年底前, target: 2025年7月底
2026-08-07 12:44:33.005 | DEBUG    | eval.evaluation.evaluation:metric_call:77 - metric_func_name exact_match score 0.0 msg exact not match, response: 2025年底前, target: 2025年7月底
2026-08-07 12:44:33.005 | DEBUG    | eval.evaluation.evaluation:metric_call:77 - metric_func_name exact_match score 0.0 msg exact not match, response: 2025年底前, target: 2025年7月底
2026-08-07 12:44:33.005 | DEBUG    | eval.evaluation.evaluation:metric_call:77 - metric_func_name exact_match score 0.0 msg exact not match, response: 2025年底前, target: 2025年7月底
2026-08-07 12:44:33.005 | DEBUG    | eval.evaluation.evaluation:metric_call:77 - metric_func_name exact_match score 0.0 msg exact not match, response: 2025年底前, target: 2025年7月底
2026-08-07 12:44:33.005 | DEBUG    | eval.evaluation.evaluation:evaluate_single_query:321 - wide2deep_ws_zh_062, col 完成时限, metric_func_name exact_match, score [0.0, 0.0, 0.0, 0.0, 0.0, 0.0, 0.0, 0.0, 0.0, 0.0, 0.0, 0.0, 0.0, 0.0, 0.0, 0.0, 0.0, 0.0, 0.0, 0.0, 0.0, 0.0, 0.0, 0.0, 0.0, 0.0, 0.0, 0.0, 0.0, 0.0, 0.0, 0.0, 0.0, 0.0, 0.0, 0.0, 0.0, 0.0, 0.0, 0.0, 0.0, 0.0, 0.0, 0.0, 0.0, 0.0, 0.0, 0.0, 0.0, 0.0, 0.0, 0.0, 0.0, 0.0, 0.0, 0.0, 0.0, 0.0, 0.0, 0.0, 0.0, 0.0]
2026-08-07 12:44:33.015 | INFO     | eval.evaluation.evaluation:evaluate_single_query:380 - wide2deep_ws_zh_062, P/R/F1 by unique_columns: 0.5794/0.4844/0.5277
2026-08-07 12:44:33.016 | INFO     | eval.evaluation.evaluation:evaluate_single_query:383 - wide2deep_ws_zh_062, P/R/F1 by row: 0.0000/0.0000/0.0000
2026-08-07 12:44:33.016 | INFO     | eval.evaluation.evaluation:evaluate_single_query:386 - wide2deep_ws_zh_062, P/R/F1 by item: 0.2555/0.2135/0.2326
2026-08-07 12:44:33.022 | INFO     | eval.evaluation.evaluation:evaluate_single_query:398 - wide2deep_ws_zh_062, final table score: 0.0
{"event": "eval_done", "idx": 1, "instance_id": "wide2deep_ws_zh_062", "score": 0.0, "entity_acc": 1.0, "f1_by_row": 0.0, "f1_by_item": 0.23262411347517728, "column_f1": 0.5276595744680851, "error": null, "elapsed_seconds": 50.571, "running_n": 1}
2026-08-07 12:44:36.164 | DEBUG    | eval.evaluation.data_loader:extract_dataframe:167 - find markdown_str 
| 期刊名称 | 论文名称 | 论文关键词 | 论文作者 |
| --- | --- | --- | --- |
| 体育科学 ...
2026-08-07 12:44:39.973 | INFO     | eval.evaluation.metric_utils:primary_key_preprocess:246 - primary_key_preprocess result: ```json
{}
```
2026-08-07 12:44:39.973 | INFO     | eval.evaluation.evaluation:evaluate_single_query:223 - col: 论文名称, primary_key_map {}
2026-08-07 12:44:39.980 | INFO     | eval.evaluation.evaluation:evaluate_single_query:275 - wide2deep_ws_zh_098, df_inner shape: (0, 8), answer_df shape: (208, 4), response_df shape: (1, 5)
2026-08-07 12:44:41.496 | DEBUG    | eval.evaluation.evaluation:evaluate_single_query:321 - wide2deep_ws_zh_098, col 期刊名称, metric_func_name llm_judge, score []
2026-08-07 12:44:43.188 | DEBUG    | eval.evaluation.evaluation:evaluate_single_query:321 - wide2deep_ws_zh_098, col 论文关键词, metric_func_name llm_judge, score []
2026-08-07 12:44:46.323 | DEBUG    | eval.evaluation.evaluation:evaluate_single_query:321 - wide2deep_ws_zh_098, col 论文作者, metric_func_name llm_judge, score []
2026-08-07 12:44:46.329 | INFO     | eval.evaluation.evaluation:evaluate_single_query:380 - wide2deep_ws_zh_098, P/R/F1 by unique_columns: 0.0000/0.0000/0.0000
2026-08-07 12:44:46.329 | INFO     | eval.evaluation.evaluation:evaluate_single_query:383 - wide2deep_ws_zh_098, P/R/F1 by row: 0.0000/0.0000/0.0000
2026-08-07 12:44:46.329 | INFO     | eval.evaluation.evaluation:evaluate_single_query:386 - wide2deep_ws_zh_098, P/R/F1 by item: 0.0000/0.0000/0.0000
2026-08-07 12:44:46.330 | INFO     | eval.evaluation.evaluation:evaluate_single_query:398 - wide2deep_ws_zh_098, final table score: 0.0
{"event": "eval_done", "idx": 2, "instance_id": "wide2deep_ws_zh_098", "score": 0.0, "entity_acc": 1.0, "f1_by_row": 0.0, "f1_by_item": 0.0, "column_f1": 0.0, "error": null, "elapsed_seconds": 13.288, "running_n": 2}
{"event": "eval_done", "idx": 3, "instance_id": "deep2wide_result_22_橄榄树", "score": 0.0, "entity_acc": 0.0, "f1_by_row": 0.0, "f1_by_item": 0.0, "column_f1": 0.0, "error": null, "elapsed_seconds": 2.937, "running_n": 3}
2026-08-07 12:44:50.482 | DEBUG    | eval.evaluation.data_loader:extract_dataframe:167 - find markdown_str 
| 名称 | 面积 | 政府驻地首府 |
| --- | --- | --- |
| 安达卢西亚自治区 | 87,599平方千 ...
2026-08-07 12:44:51.912 | INFO     | eval.evaluation.metric_utils:primary_key_preprocess:246 - primary_key_preprocess result: ```json
{
  "名称": "名称",
  "面积": "面积",
  "政府驻地首府": "政府驻地/首府"
}
```
2026-08-07 12:44:51.912 | INFO     | eval.evaluation.evaluation:evaluate_single_query:172 - column map: {'名称': '名称', '面积': '面积', '政府驻地首府': '政府驻地/首府'}
2026-08-07 12:44:51.913 | INFO     | eval.evaluation.evaluation:evaluate_single_query:173 - befor mapping: Index(['名称', '面积', '政府驻地首府'], dtype='object')
2026-08-07 12:44:51.913 | INFO     | eval.evaluation.evaluation:evaluate_single_query:175 - after mapping: Index(['名称', '面积', '政府驻地/首府'], dtype='object')
2026-08-07 12:45:00.857 | INFO     | eval.evaluation.metric_utils:primary_key_preprocess:246 - primary_key_preprocess result: ```json
{
  "安达卢西亚自治区": "安达卢西亚自治区",
  "阿拉贡自治区": "阿拉贡自治区",
  "阿斯图里亚斯亲王国": "阿斯图里亚斯自治区",
  "巴利阿里群岛自治区": "巴利阿里群岛",
  "巴斯克自治区": "巴斯克自治区",
  "加那利群岛自治区": "加那利群岛",
  "坎塔布里亚自治区": "坎塔布里亚自治区",
  "卡斯蒂利亚-拉曼恰自治区": "卡斯蒂利亚-拉曼恰自治区",
  "卡斯蒂利亚-莱昂自治区": "卡斯蒂利亚－莱昂",
  "加泰罗尼亚自治区": "加泰罗尼亚",
  "埃斯特雷马杜拉自治区": "埃斯特雷马杜拉自治区",
  "加利西亚自治区": "加利西亚自治区",
  "拉里奥哈自治区": "拉里奥哈自治区",
  "马德里自治区": "马德里自治区",
  "穆尔西亚自治区": "穆尔西亚省",
  "纳瓦拉特许共同体": "纳瓦拉自治区",
  "瓦伦西亚自治区": "巴伦西亚省"
}
```
2026-08-07 12:45:00.857 | INFO     | eval.evaluation.evaluation:evaluate_single_query:223 - col: 名称, primary_key_map {'安达卢西亚自治区': '安达卢西亚自治区', '阿拉贡自治区': '阿拉贡自治区', '阿斯图里亚斯亲王国': '阿斯图里亚斯自治区', '巴利阿里群岛自治区': '巴利阿里群岛', '巴斯克自治区': '巴斯克自治区', '加那利群岛自治区': '加那利群岛', '坎塔布里亚自治区': '坎塔布里亚自治区', '卡斯蒂利亚-拉曼恰自治区': '卡斯蒂利亚-拉曼恰自治区', '卡斯蒂利亚-莱昂自治区': '卡斯蒂利亚－莱昂', '加泰罗尼亚自治区': '加泰罗尼亚', '埃斯特雷马杜拉自治区': '埃斯特雷马杜拉自治区', '加利西亚自治区': '加利西亚自治区', '拉里奥哈自治区': '拉里奥哈自治区', '马德里自治区': '马德里自治区', '穆尔西亚自治区': '穆尔西亚省', '纳瓦拉特许共同体': '纳瓦拉自治区', '瓦伦西亚自治区': '巴伦西亚省'}
2026-08-07 12:45:00.863 | INFO     | eval.evaluation.evaluation:evaluate_single_query:275 - deep2wide_result_40_西班牙, df_inner shape: (17, 6), answer_df shape: (17, 3), response_df shape: (17, 4)
2026-08-07 12:45:00.864 | DEBUG    | eval.evaluation.evaluation:metric_call:77 - metric_func_name number_near score 1.0 msg number near in range 5.0%, response: 87599.0, target: 87268.0
2026-08-07 12:45:00.864 | DEBUG    | eval.evaluation.evaluation:metric_call:77 - metric_func_name number_near score 1.0 msg number near in range 5.0%, response: 47720.0, target: 47720.0
2026-08-07 12:45:00.864 | DEBUG    | eval.evaluation.evaluation:metric_call:77 - metric_func_name number_near score 0.0 msg number not convertable, response: 10604.0, target: None
2026-08-07 12:45:00.864 | DEBUG    | eval.evaluation.evaluation:metric_call:77 - metric_func_name number_near score 1.0 msg number near in range 5.0%, response: 4992.0, target: 5014.0
2026-08-07 12:45:00.864 | DEBUG    | eval.evaluation.evaluation:metric_call:77 - metric_func_name number_near score 1.0 msg number near in range 5.0%, response: 7234.0, target: 7233.0
2026-08-07 12:45:00.864 | DEBUG    | eval.evaluation.evaluation:metric_call:77 - metric_func_name number_near score 1.0 msg number near in range 5.0%, response: 7493.0, target: 7273.0
2026-08-07 12:45:00.864 | DEBUG    | eval.evaluation.evaluation:metric_call:77 - metric_func_name number_near score 0.0 msg number not convertable, response: 5321.0, target: None
2026-08-07 12:45:00.864 | DEBUG    | eval.evaluation.evaluation:metric_call:77 - metric_func_name number_near score 1.0 msg number near in range 5.0%, response: 94226.0, target: 94223.0
2026-08-07 12:45:00.864 | DEBUG    | eval.evaluation.evaluation:metric_call:77 - metric_func_name number_near score 1.0 msg number near in range 5.0%, response: 79463.0, target: 79409.0
2026-08-07 12:45:00.864 | DEBUG    | eval.evaluation.evaluation:metric_call:77 - metric_func_name number_near score 1.0 msg number near in range 5.0%, response: 32108.0, target: 32108.0
2026-08-07 12:45:00.864 | DEBUG    | eval.evaluation.evaluation:metric_call:77 - metric_func_name number_near score 1.0 msg number near in range 5.0%, response: 41635.0, target: 41634.0
2026-08-07 12:45:00.864 | DEBUG    | eval.evaluation.evaluation:metric_call:77 - metric_func_name number_near score 1.0 msg number near in range 5.0%, response: 29574.0, target: 29574.0
2026-08-07 12:45:00.864 | DEBUG    | eval.evaluation.evaluation:metric_call:77 - metric_func_name number_near score 0.0 msg number not near, response: 8028.0, target: 607.0
2026-08-07 12:45:00.864 | DEBUG    | eval.evaluation.evaluation:metric_call:77 - metric_func_name number_near score 1.0 msg number near in range 5.0%, response: 11314.0, target: 11314.0
2026-08-07 12:45:00.864 | DEBUG    | eval.evaluation.evaluation:metric_call:77 - metric_func_name number_near score 0.0 msg number not convertable, response: 10391.0, target: None
2026-08-07 12:45:00.864 | DEBUG    | eval.evaluation.evaluation:metric_call:77 - metric_func_name number_near score 1.0 msg number near in range 5.0%, response: 5045.0, target: 5045.0
2026-08-07 12:45:00.865 | DEBUG    | eval.evaluation.evaluation:metric_call:77 - metric_func_name number_near score 0.0 msg number not near, response: 23255.0, target: 10.563
2026-08-07 12:45:00.865 | DEBUG    | eval.evaluation.evaluation:evaluate_single_query:321 - deep2wide_result_40_西班牙, col 面积, metric_func_name number_near, score [1.0, 1.0, 0.0, 1.0, 1.0, 1.0, 0.0, 1.0, 1.0, 1.0, 1.0, 1.0, 0.0, 1.0, 0.0, 1.0, 0.0]
2026-08-07 12:45:00.865 | DEBUG    | eval.evaluation.evaluation:metric_call:77 - metric_func_name exact_match score 1.0 msg exact match, response: 塞维利亚, target: 塞维利亚
2026-08-07 12:45:00.865 | DEBUG    | eval.evaluation.evaluation:metric_call:77 - metric_func_name exact_match score 1.0 msg exact match, response: 萨拉戈萨, target: 萨拉戈萨
2026-08-07 12:45:00.865 | DEBUG    | eval.evaluation.evaluation:metric_call:77 - metric_func_name exact_match score 1.0 msg exact match, response: 奥维耶多, target: 奥维耶多
2026-08-07 12:45:00.866 | DEBUG    | eval.evaluation.evaluation:metric_call:77 - metric_func_name exact_match score 1.0 msg exact match, response: 帕尔马, target: 帕尔马
2026-08-07 12:45:00.866 | DEBUG    | eval.evaluation.evaluation:metric_call:77 - metric_func_name exact_match score 1.0 msg exact match, response: 维多利亚-加斯泰斯, target: 维多利亚-加斯泰斯
2026-08-07 12:45:00.866 | DEBUG    | eval.evaluation.evaluation:metric_call:77 - metric_func_name exact_match score 0.0 msg exact not match, response: 圣克鲁斯-德特内里费、拉斯帕尔马斯（共同首府）, target: 圣克鲁斯-德特内里费、拉斯帕尔马斯
2026-08-07 12:45:00.866 | DEBUG    | eval.evaluation.evaluation:metric_call:77 - metric_func_name exact_match score 1.0 msg exact match, response: 桑坦德, target: 桑坦德
2026-08-07 12:45:00.866 | DEBUG    | eval.evaluation.evaluation:metric_call:77 - metric_func_name exact_match score 0.0 msg exact not match, response: 巴利亚多利德（政府及主要自治机构驻地；法定首府未明确）, target: 巴利亚多利德
2026-08-07 12:45:00.866 | DEBUG    | eval.evaluation.evaluation:metric_call:77 - metric_func_name exact_match score 0.0 msg exact not match, response: 托莱多, target: 托莱多市
2026-08-07 12:45:00.866 | DEBUG    | eval.evaluation.evaluation:metric_call:77 - metric_func_name exact_match score 1.0 msg exact match, response: 巴塞罗那, target: 巴塞罗那
2026-08-07 12:45:00.866 | DEBUG    | eval.evaluation.evaluation:metric_call:77 - metric_func_name exact_match score 1.0 msg exact match, response: 梅里达, target: 梅里达
2026-08-07 12:45:00.866 | DEBUG    | eval.evaluation.evaluation:metric_call:77 - metric_func_name exact_match score 0.0 msg exact not match, response: 圣地亚哥-德孔波斯特拉, target: 圣地亚哥德孔波斯特拉
2026-08-07 12:45:00.866 | DEBUG    | eval.evaluation.evaluation:metric_call:77 - metric_func_name exact_match score 1.0 msg exact match, response: 马德里, target: 马德里
2026-08-07 12:45:00.866 | DEBUG    | eval.evaluation.evaluation:metric_call:77 - metric_func_name exact_match score 1.0 msg exact match, response: 穆尔西亚, target: 穆尔西亚
2026-08-07 12:45:00.866 | DEBUG    | eval.evaluation.evaluation:metric_call:77 - metric_func_name exact_match score 1.0 msg exact match, response: 潘普洛纳, target: 潘普洛纳
2026-08-07 12:45:00.866 | DEBUG    | eval.evaluation.evaluation:metric_call:77 - metric_func_name exact_match score 1.0 msg exact match, response: 洛格罗尼奥, target: 洛格罗尼奥
2026-08-07 12:45:00.866 | DEBUG    | eval.evaluation.evaluation:metric_call:77 - metric_func_name exact_match score 0.0 msg exact not match, response: 瓦伦西亚, target: 巴伦西亚
2026-08-07 12:45:00.867 | DEBUG    | eval.evaluation.evaluation:evaluate_single_query:321 - deep2wide_result_40_西班牙, col 政府驻地/首府, metric_func_name exact_match, score [1.0, 1.0, 1.0, 1.0, 1.0, 0.0, 1.0, 0.0, 0.0, 1.0, 1.0, 0.0, 1.0, 1.0, 1.0, 1.0, 0.0]
2026-08-07 12:45:00.870 | INFO     | eval.evaluation.evaluation:evaluate_single_query:380 - deep2wide_result_40_西班牙, P/R/F1 by unique_columns: 1.0000/1.0000/1.0000
2026-08-07 12:45:00.871 | INFO     | eval.evaluation.evaluation:evaluate_single_query:383 - deep2wide_result_40_西班牙, P/R/F1 by row: 0.4706/0.4706/0.4706
2026-08-07 12:45:00.871 | INFO     | eval.evaluation.evaluation:evaluate_single_query:386 - deep2wide_result_40_西班牙, P/R/F1 by item: 0.8039/0.8039/0.8039
2026-08-07 12:45:00.872 | INFO     | eval.evaluation.evaluation:evaluate_single_query:398 - deep2wide_result_40_西班牙, final table score: 0.0
{"event": "eval_done", "idx": 4, "instance_id": "deep2wide_result_40_西班牙", "score": 0.0, "entity_acc": 1.0, "f1_by_row": 0.47058823529411764, "f1_by_item": 0.8039215686274509, "column_f1": 1.0, "error": null, "elapsed_seconds": 11.561, "running_n": 4}
2026-08-07 12:45:02.983 | DEBUG    | eval.evaluation.data_loader:extract_dataframe:167 - find markdown_str 
| 姓名 | 字 | 籍贯 |
| --- | --- | --- |
| 张机（张仲景） | 仲景 | 南阳郡涅阳县（今河南 ...
2026-08-07 12:45:04.856 | INFO     | eval.evaluation.metric_utils:primary_key_preprocess:246 - primary_key_preprocess result: ```json
{
  "张机（张仲景）": "张仲景",
  "华佗": "华佗",
  "董奉": "董奉"
}
```
2026-08-07 12:45:04.856 | INFO     | eval.evaluation.evaluation:evaluate_single_query:223 - col: 姓名, primary_key_map {'张机（张仲景）': '张仲景', '华佗': '华佗', '董奉': '董奉'}
2026-08-07 12:45:04.861 | INFO     | eval.evaluation.evaluation:evaluate_single_query:275 - deep2wide_result_42_建安三神医, df_inner shape: (3, 6), answer_df shape: (3, 3), response_df shape: (3, 4)
2026-08-07 12:45:07.461 | DEBUG    | eval.evaluation.evaluation:evaluate_single_query:321 - deep2wide_result_42_建安三神医, col 字, metric_func_name llm_judge, score [1, 1, 1]
2026-08-07 12:45:11.901 | DEBUG    | eval.evaluation.evaluation:evaluate_single_query:321 - deep2wide_result_42_建安三神医, col 籍贯, metric_func_name llm_judge, score [0, 1, 1]
2026-08-07 12:45:11.905 | INFO     | eval.evaluation.evaluation:evaluate_single_query:380 - deep2wide_result_42_建安三神医, P/R/F1 by unique_columns: 1.0000/1.0000/1.0000
2026-08-07 12:45:11.905 | INFO     | eval.evaluation.evaluation:evaluate_single_query:383 - deep2wide_result_42_建安三神医, P/R/F1 by row: 0.6667/0.6667/0.6667
2026-08-07 12:45:11.905 | INFO     | eval.evaluation.evaluation:evaluate_single_query:386 - deep2wide_result_42_建安三神医, P/R/F1 by item: 0.8889/0.8889/0.8889
2026-08-07 12:45:11.906 | INFO     | eval.evaluation.evaluation:evaluate_single_query:398 - deep2wide_result_42_建安三神医, final table score: 0.0
{"event": "eval_done", "idx": 5, "instance_id": "deep2wide_result_42_建安三神医", "score": 0.0, "entity_acc": 1.0, "f1_by_row": 0.6666666666666666, "f1_by_item": 0.8888888888888888, "column_f1": 1.0, "error": null, "elapsed_seconds": 11.015, "running_n": 5}
{"event": "eval_done", "idx": 6, "instance_id": "deep2wide_result_48_乐清市知临中学", "score": 0.0, "entity_acc": 0.0, "f1_by_row": 0.0, "f1_by_item": 0.0, "column_f1": 0.0, "error": null, "elapsed_seconds": 2.143, "running_n": 6}
{"event": "eval_done", "idx": 7, "instance_id": "deep2wide_result_51_安提帕特王朝", "score": 0.0, "entity_acc": 0.0, "f1_by_row": 0.0, "f1_by_item": 0.0, "column_f1": 0.0, "error": null, "elapsed_seconds": 1.623, "running_n": 7}
SUMMARY {"n": 7, "valid_n": 7, "errors": 0, "complete": true, "judge_calls_current_process": 19, "score": 0.0, "entity_acc": 0.5714285714285714, "precision_by_row": 0.16246498599439776, "recall_by_row": 0.16246498599439776, "f1_by_row": 0.16246498599439776, "precision_by_item": 0.27832316727313977, "recall_by_item": 0.27233601774042954, "f1_by_item": 0.2750620815702167, "column_precision": 0.3684913217623498, "column_recall": 0.3549107142857143, "column_f1": 0.36109422492401216}
