INFO: Pandarallel will run on 8 workers.
INFO: Pandarallel will use Memory file system to transfer data between the main process and workers.
{"event": "eval_start", "selected": 7, "resume_committed": 0, "committed_errors": 0, "crash_only_resume": false}
{"event": "eval_done", "idx": 1, "instance_id": "deep2wide_result_49_山西省", "score": 0.0, "entity_acc": 0.0, "f1_by_row": 0.0, "f1_by_item": 0.0, "column_f1": 0.0, "error": null, "elapsed_seconds": 1.664, "running_n": 1}
2026-08-11 23:24:23.401 | DEBUG    | eval.evaluation.data_loader:extract_dataframe:167 - find markdown_str 
| 姓名 | 字 | 号 | 祖籍 |
| --- | --- | --- | --- |
| 郑燮 | 克柔 | 板桥 |  ...
2026-08-11 23:24:24.694 | INFO     | eval.evaluation.metric_utils:primary_key_preprocess:246 - primary_key_preprocess result: ```json
{
  "郑燮": "郑燮",
  "金农": "金农",
  "黄慎": "黄慎",
  "李鳝": "李鱓",
  "李方膺": "李方膺",
  "汪士慎": "汪士慎",
  "罗聘": "罗聘",
  "高翔": "高翔"
}
```
2026-08-11 23:24:24.695 | INFO     | eval.evaluation.evaluation:evaluate_single_query:223 - col: 姓名, primary_key_map {'郑燮': '郑燮', '金农': '金农', '黄慎': '黄慎', '李鳝': '李鱓', '李方膺': '李方膺', '汪士慎': '汪士慎', '罗聘': '罗聘', '高翔': '高翔'}
2026-08-11 23:24:24.701 | INFO     | eval.evaluation.evaluation:evaluate_single_query:275 - deep2wide_result_50_扬州八怪, df_inner shape: (8, 8), answer_df shape: (8, 4), response_df shape: (8, 5)
2026-08-11 23:24:32.831 | DEBUG    | eval.evaluation.evaluation:evaluate_single_query:321 - deep2wide_result_50_扬州八怪, col 字, metric_func_name llm_judge, score [1, 1, 1, 1, 1, 1, 1, 1]
2026-08-11 23:24:42.236 | DEBUG    | eval.evaluation.evaluation:evaluate_single_query:321 - deep2wide_result_50_扬州八怪, col 号, metric_func_name llm_judge, score [1, 1, 1, 1, 1, 1, 1, 1]
2026-08-11 23:24:47.930 | DEBUG    | eval.evaluation.evaluation:evaluate_single_query:321 - deep2wide_result_50_扬州八怪, col 祖籍, metric_func_name llm_judge, score [0, 1, 1, 1, 1, 1, 0, 1]
2026-08-11 23:24:47.936 | INFO     | eval.evaluation.evaluation:evaluate_single_query:380 - deep2wide_result_50_扬州八怪, P/R/F1 by unique_columns: 1.0000/1.0000/1.0000
2026-08-11 23:24:47.936 | INFO     | eval.evaluation.evaluation:evaluate_single_query:383 - deep2wide_result_50_扬州八怪, P/R/F1 by row: 0.7500/0.7500/0.7500
2026-08-11 23:24:47.936 | INFO     | eval.evaluation.evaluation:evaluate_single_query:386 - deep2wide_result_50_扬州八怪, P/R/F1 by item: 0.9375/0.9375/0.9375
2026-08-11 23:24:47.938 | INFO     | eval.evaluation.evaluation:evaluate_single_query:398 - deep2wide_result_50_扬州八怪, final table score: 0.0
{"event": "eval_done", "idx": 2, "instance_id": "deep2wide_result_50_扬州八怪", "score": 0.0, "entity_acc": 1.0, "f1_by_row": 0.75, "f1_by_item": 0.9375, "column_f1": 1.0, "error": null, "elapsed_seconds": 27.906, "running_n": 2}
2026-08-11 23:24:54.586 | DEBUG    | eval.evaluation.data_loader:extract_dataframe:167 - find markdown_str 
| 姓名 | 年份 | 奖项 | 大学名称 | 专业 |
| --- | --- | --- | --- | --- |
|  ...
2026-08-11 23:24:58.268 | INFO     | eval.evaluation.metric_utils:primary_key_preprocess:246 - primary_key_preprocess result: ```json
{}
```
2026-08-11 23:24:58.269 | INFO     | eval.evaluation.evaluation:evaluate_single_query:223 - col: 姓名, primary_key_map {}
2026-08-11 23:24:58.389 | INFO     | eval.evaluation.evaluation:evaluate_single_query:275 - deep2wide_result_52_乐清市知临中学, df_inner shape: (0, 10), answer_df shape: (6, 5), response_df shape: (2, 6)
2026-08-11 23:24:58.390 | DEBUG    | eval.evaluation.evaluation:metric_call:77 - metric_func_name date_near score 1.0 msg date near, response: nan, target: nan
2026-08-11 23:24:58.391 | DEBUG    | eval.evaluation.evaluation:evaluate_single_query:321 - deep2wide_result_52_乐清市知临中学, col 年份, metric_func_name date_near, score []
2026-08-11 23:24:58.393 | ERROR    | eval.evaluation.evaluation:evaluate_single_query:401 - evaluator error: 
Traceback (most recent call last):
  File "/home/azureuser/workspace-gzy/zyf/deep/external/Marco-Search-Agent/Marco-DeepResearch-Family/DeepWideSearch/eval/evaluation/evaluation.py", line 315, in evaluate_single_query
    df_inner_score[f"{col}_{metric_func_name}"] = (
    ~~~~~~~~~~~~~~^^^^^^^^^^^^^^^^^^^^^^^^^^^^^
  File "/home/azureuser/workspace-gzy/zyf/deep/.venv-eval/lib/python3.12/site-packages/pandas/core/frame.py", line 4312, in __setitem__
    self._set_item_frame_value(key, value)
  File "/home/azureuser/workspace-gzy/zyf/deep/.venv-eval/lib/python3.12/site-packages/pandas/core/frame.py", line 4470, in _set_item_frame_value
    raise ValueError(
ValueError: Cannot set a DataFrame with multiple columns to the single column 奖项_exact_match

{"event": "eval_done", "idx": 3, "instance_id": "deep2wide_result_52_乐清市知临中学", "score": null, "entity_acc": null, "f1_by_row": null, "f1_by_item": null, "column_f1": null, "error": "RuntimeError: official evaluator reported an internal error", "elapsed_seconds": 10.436, "running_n": 3}
{"event": "eval_done", "idx": 4, "instance_id": "deep2wide_result_53_潘虹", "score": 0.0, "entity_acc": 0.0, "f1_by_row": 0.0, "f1_by_item": 0.0, "column_f1": 0.0, "error": null, "elapsed_seconds": 1.916, "running_n": 4}
{"event": "eval_done", "idx": 5, "instance_id": "deep2wide_result_54_庞德", "score": 0.0, "entity_acc": 0.0, "f1_by_row": 0.0, "f1_by_item": 0.0, "column_f1": 0.0, "error": null, "elapsed_seconds": 0.943, "running_n": 5}
2026-08-11 23:25:15.921 | DEBUG    | eval.evaluation.data_loader:extract_dataframe:167 - find markdown_str 
| 电视动画名称 | 配音角色 | 导演 |
| --- | --- | --- |
| 《MOUSE》 | 柿生叶月 | 山 ...
2026-08-11 23:25:19.993 | INFO     | eval.evaluation.metric_utils:primary_key_preprocess:246 - primary_key_preprocess result: ```json
{
  "《MOUSE》": "MOUSE",
  "《魔侦探洛基 RAGNAROK》": "魔侦探洛基",
  "《侦探学园Q》": "侦探学园Q",
  "《蒲公英之恋》": "蒲公英",
  "《拜托了☆双子星》": "拜托了双子星",
  "《妄想科学美少女》": "妄想科学美少女",
  "《魔法咪路咪路 Golden》": "魔法咪路咪路 GOLDEN",
  "《百变之星》": "百变之星",
  "《神魂合体》": "神魂合体",
  "《魔法恋人》": "爱的魔法"
}
```
2026-08-11 23:25:19.993 | INFO     | eval.evaluation.evaluation:evaluate_single_query:223 - col: 电视动画名称, primary_key_map {'《MOUSE》': 'MOUSE', '《魔侦探洛基 RAGNAROK》': '魔侦探洛基', '《侦探学园Q》': '侦探学园Q', '《蒲公英之恋》': '蒲公英', '《拜托了☆双子星》': '拜托了双子星', '《妄想科学美少女》': '妄想科学美少女', '《魔法咪路咪路 Golden》': '魔法咪路咪路 GOLDEN', '《百变之星》': '百变之星', '《神魂合体》': '神魂合体', '《魔法恋人》': '爱的魔法'}
2026-08-11 23:25:19.999 | INFO     | eval.evaluation.evaluation:evaluate_single_query:275 - deep2wide_result_56_中原麻衣, df_inner shape: (10, 6), answer_df shape: (11, 3), response_df shape: (14, 4)
2026-08-11 23:25:26.184 | DEBUG    | eval.evaluation.evaluation:evaluate_single_query:321 - deep2wide_result_56_中原麻衣, col 配音角色, metric_func_name llm_judge, score [1, 1, 1, 1, 1, 1, 1, 1, 1, 1]
2026-08-11 23:25:29.399 | DEBUG    | eval.evaluation.evaluation:evaluate_single_query:321 - deep2wide_result_56_中原麻衣, col 导演, metric_func_name llm_judge, score [1, 0, 1, 0, 1, 1, 1, 1, 0, 1]
2026-08-11 23:25:29.404 | INFO     | eval.evaluation.evaluation:evaluate_single_query:380 - deep2wide_result_56_中原麻衣, P/R/F1 by unique_columns: 0.7143/0.9091/0.8000
2026-08-11 23:25:29.404 | INFO     | eval.evaluation.evaluation:evaluate_single_query:383 - deep2wide_result_56_中原麻衣, P/R/F1 by row: 0.5000/0.6364/0.5600
2026-08-11 23:25:29.404 | INFO     | eval.evaluation.evaluation:evaluate_single_query:386 - deep2wide_result_56_中原麻衣, P/R/F1 by item: 0.6429/0.8182/0.7200
2026-08-11 23:25:29.405 | INFO     | eval.evaluation.evaluation:evaluate_single_query:398 - deep2wide_result_56_中原麻衣, final table score: 0.0
{"event": "eval_done", "idx": 6, "instance_id": "deep2wide_result_56_中原麻衣", "score": 0.0, "entity_acc": 1.0, "f1_by_row": 0.56, "f1_by_item": 0.7200000000000001, "column_f1": 0.8, "error": null, "elapsed_seconds": 28.092, "running_n": 6}
2026-08-11 23:25:30.268 | DEBUG    | eval.evaluation.data_loader:extract_dataframe:167 - find markdown_str 
| 奖项名称 | 游戏名称 | 游戏发行日期 |
| --- | --- | --- |
| 年度游戏（Game of the ...
2026-08-11 23:25:32.835 | INFO     | eval.evaluation.metric_utils:primary_key_preprocess:246 - primary_key_preprocess result: ```json
{
  "年度游戏（Game of the Year）": "年度游戏",
  "最佳音效（Best Audio）": "最佳音频奖",
  "最佳处女作（Best Debut）": "最佳新作奖",
  "最佳设计（Best Design）": "最佳设计奖",
  "创新奖（Innovation Award）": "最佳创新奖",
  "最佳叙事（Best Narrative）": "最佳叙事奖",
  "社会影响力奖（Social Impact Award）": "社会影响奖",
  "最佳技术（Best Technology）": "最佳技术奖",
  "最佳视觉艺术（Best Visual Art）": "最佳视觉艺术奖",
  "观众选择奖（Audience Award）": "玩家选择奖"
}
```
2026-08-11 23:25:32.835 | INFO     | eval.evaluation.evaluation:evaluate_single_query:223 - col: 奖项名称, primary_key_map {'年度游戏（Game of the Year）': '年度游戏', '最佳音效（Best Audio）': '最佳音频奖', '最佳处女作（Best Debut）': '最佳新作奖', '最佳设计（Best Design）': '最佳设计奖', '创新奖（Innovation Award）': '最佳创新奖', '最佳叙事（Best Narrative）': '最佳叙事奖', '社会影响力奖（Social Impact Award）': '社会影响奖', '最佳技术（Best Technology）': '最佳技术奖', '最佳视觉艺术（Best Visual Art）': '最佳视觉艺术奖', '观众选择奖（Audience Award）': '玩家选择奖'}
2026-08-11 23:25:35.160 | INFO     | eval.evaluation.evaluation:evaluate_single_query:275 - deep2wide_result_57_GDC, df_inner shape: (10, 6), answer_df shape: (10, 3), response_df shape: (11, 4)
2026-08-11 23:25:40.098 | DEBUG    | eval.evaluation.evaluation:evaluate_single_query:321 - deep2wide_result_57_GDC, col 游戏名称, metric_func_name llm_judge, score [1, 1, 1, 0, 1, 1, 1, 1, 1, 1]
2026-08-11 23:25:40.152 | DEBUG    | eval.evaluation.evaluation:metric_call:77 - metric_func_name date_near score 0.0 msg date not convertable, response: 2021-10-19, target: 44498
2026-08-11 23:25:40.204 | DEBUG    | eval.evaluation.evaluation:metric_call:77 - metric_func_name date_near score 0.0 msg date not convertable, response: 2021-11-02, target: 44502
2026-08-11 23:25:40.256 | DEBUG    | eval.evaluation.evaluation:metric_call:77 - metric_func_name date_near score 0.0 msg date not convertable, response: 2021-02-02, target: 44229
2026-08-11 23:25:40.306 | DEBUG    | eval.evaluation.evaluation:metric_call:77 - metric_func_name date_near score 0.0 msg date not convertable, response: 2021-10-19, target: 44281
2026-08-11 23:25:40.356 | DEBUG    | eval.evaluation.evaluation:metric_call:77 - metric_func_name date_near score 0.0 msg date not convertable, response: 2021-11-02, target: 44502
2026-08-11 23:25:40.403 | DEBUG    | eval.evaluation.evaluation:metric_call:77 - metric_func_name date_near score 0.0 msg date not convertable, response: 2021-08-25, target: 44433
2026-08-11 23:25:40.450 | DEBUG    | eval.evaluation.evaluation:metric_call:77 - metric_func_name date_near score 0.0 msg date not convertable, response: 2021-08-11, target: 44419
2026-08-11 23:25:40.500 | DEBUG    | eval.evaluation.evaluation:metric_call:77 - metric_func_name date_near score 0.0 msg date not convertable, response: 2021-06-11, target: 44358
2026-08-11 23:25:40.550 | DEBUG    | eval.evaluation.evaluation:metric_call:77 - metric_func_name date_near score 0.0 msg date not convertable, response: 2021-06-11, target: 44358
2026-08-11 23:25:40.601 | DEBUG    | eval.evaluation.evaluation:metric_call:77 - metric_func_name date_near score 0.0 msg date not convertable, response: 2021-02-02, target: 44229
2026-08-11 23:25:40.602 | DEBUG    | eval.evaluation.evaluation:evaluate_single_query:321 - deep2wide_result_57_GDC, col 游戏发行日期, metric_func_name date_near, score [0.0, 0.0, 0.0, 0.0, 0.0, 0.0, 0.0, 0.0, 0.0, 0.0]
2026-08-11 23:25:40.606 | INFO     | eval.evaluation.evaluation:evaluate_single_query:380 - deep2wide_result_57_GDC, P/R/F1 by unique_columns: 0.9091/1.0000/0.9524
2026-08-11 23:25:40.606 | INFO     | eval.evaluation.evaluation:evaluate_single_query:383 - deep2wide_result_57_GDC, P/R/F1 by row: 0.0000/0.0000/0.0000
2026-08-11 23:25:40.606 | INFO     | eval.evaluation.evaluation:evaluate_single_query:386 - deep2wide_result_57_GDC, P/R/F1 by item: 0.5758/0.6333/0.6032
2026-08-11 23:25:40.607 | INFO     | eval.evaluation.evaluation:evaluate_single_query:398 - deep2wide_result_57_GDC, final table score: 0.0
{"event": "eval_done", "idx": 7, "instance_id": "deep2wide_result_57_GDC", "score": 0.0, "entity_acc": 1.0, "f1_by_row": 0.0, "f1_by_item": 0.6031746031746033, "column_f1": 0.9523809523809523, "error": null, "elapsed_seconds": 11.186, "running_n": 7}
SUMMARY {"n": 7, "valid_n": 6, "errors": 1, "complete": false, "judge_calls_current_process": 17, "score": 0.0, "entity_acc": 0.5, "precision_by_row": 0.20833333333333334, "recall_by_row": 0.23106060606060605, "f1_by_row": 0.21833333333333335, "precision_by_item": 0.35935245310245306, "recall_by_item": 0.3981691919191919, "f1_by_item": 0.3767791005291006, "column_precision": 0.43722943722943725, "column_recall": 0.48484848484848486, "column_f1": 0.4587301587301587}
