INFO: Pandarallel will run on 8 workers.
INFO: Pandarallel will use Memory file system to transfer data between the main process and workers.
{"event": "eval_start", "selected": 7, "resume_committed": 0, "committed_errors": 0, "crash_only_resume": false}
2026-08-11 23:24:22.152 | DEBUG    | eval.evaluation.data_loader:extract_dataframe:167 - find markdown_str 
| 名称 | 面积 | 评定时间 |
| --- | --- | --- |
| 隆宝国家级自然保护区 | 10,000公顷  ...
2026-08-11 23:24:25.539 | INFO     | eval.evaluation.metric_utils:primary_key_preprocess:246 - primary_key_preprocess result: ```json
{
  "隆宝国家级自然保护区": "隆宝国家级自然保护区",
  "青海湖国家级自然保护区": "青海湖国家级自然保护区",
  "可可西里国家级自然保护区": "青海可可西里国家级自然保护区",
  "循化孟达国家级自然保护区": "青海孟达国家级自然保护区",
  "三江源国家级自然保护区": "青海三江源国家级自然保护区",
  "柴达木梭梭林国家级自然保护区": "青海柴达木梭梭林国家级自然保护区",
  "大通北川河源区国家级自然保护区": "青海大通北川河源区国家级自然保护区"
}
```
2026-08-11 23:24:25.539 | INFO     | eval.evaluation.evaluation:evaluate_single_query:223 - col: 名称, primary_key_map {'隆宝国家级自然保护区': '隆宝国家级自然保护区', '青海湖国家级自然保护区': '青海湖国家级自然保护区', '可可西里国家级自然保护区': '青海可可西里国家级自然保护区', '循化孟达国家级自然保护区': '青海孟达国家级自然保护区', '三江源国家级自然保护区': '青海三江源国家级自然保护区', '柴达木梭梭林国家级自然保护区': '青海柴达木梭梭林国家级自然保护区', '大通北川河源区国家级自然保护区': '青海大通北川河源区国家级自然保护区'}
2026-08-11 23:24:27.865 | INFO     | eval.evaluation.evaluation:evaluate_single_query:275 - deep2wide_result_77_青海省, df_inner shape: (7, 6), answer_df shape: (7, 3), response_df shape: (7, 4)
2026-08-11 23:24:27.867 | DEBUG    | eval.evaluation.evaluation:metric_call:77 - metric_func_name number_near score 1.0 msg number near in range 5.0%, response: 17290.0, target: 17290.0
2026-08-11 23:24:27.867 | DEBUG    | eval.evaluation.evaluation:metric_call:77 - metric_func_name number_near score 1.0 msg number near in range 5.0%, response: 495200.0, target: 495200.0
2026-08-11 23:24:27.867 | DEBUG    | eval.evaluation.evaluation:metric_call:77 - metric_func_name number_near score 0.0 msg number not near, response: 4500000.0, target: 45000.0
2026-08-11 23:24:27.867 | DEBUG    | eval.evaluation.evaluation:metric_call:77 - metric_func_name number_near score 1.0 msg number near in range 5.0%, response: 10000.0, target: 10000.0
2026-08-11 23:24:27.867 | DEBUG    | eval.evaluation.evaluation:metric_call:77 - metric_func_name number_near score 0.0 msg number not near, response: 15230000.0, target: 1523.0
2026-08-11 23:24:27.867 | DEBUG    | eval.evaluation.evaluation:metric_call:77 - metric_func_name number_near score 0.0 msg number not near, response: 2670000.0, target: 3105.0
2026-08-11 23:24:27.867 | DEBUG    | eval.evaluation.evaluation:metric_call:77 - metric_func_name number_near score 1.0 msg number near in range 5.0%, response: 107870.0, target: 107870.0
2026-08-11 23:24:27.868 | DEBUG    | eval.evaluation.evaluation:evaluate_single_query:321 - deep2wide_result_77_青海省, col 面积, metric_func_name number_near, score [1.0, 1.0, 0.0, 1.0, 0.0, 0.0, 1.0]
2026-08-11 23:24:27.917 | DEBUG    | eval.evaluation.evaluation:metric_call:77 - metric_func_name date_near score 0.0 msg date not convertable, response: 2000-04-04, target: 36617
2026-08-11 23:24:27.968 | DEBUG    | eval.evaluation.evaluation:metric_call:77 - metric_func_name date_near score 0.0 msg date not convertable, response: 1997-12-08, target: 35765
2026-08-11 23:24:28.017 | DEBUG    | eval.evaluation.evaluation:metric_call:77 - metric_func_name date_near score 0.0 msg date not convertable, response: 1997-12-08, target: 35765
2026-08-11 23:24:28.067 | DEBUG    | eval.evaluation.evaluation:metric_call:77 - metric_func_name date_near score 0.0 msg date not convertable, response: 1986-07-09, target: 31625
2026-08-11 23:24:28.118 | DEBUG    | eval.evaluation.evaluation:metric_call:77 - metric_func_name date_near score 0.0 msg date not convertable, response: 2003-01-24, target: 36729
2026-08-11 23:24:28.169 | DEBUG    | eval.evaluation.evaluation:metric_call:77 - metric_func_name date_near score 0.0 msg date not convertable, response: 2005-07-23, target: 41456
2026-08-11 23:24:28.221 | DEBUG    | eval.evaluation.evaluation:metric_call:77 - metric_func_name date_near score 0.0 msg date not convertable, response: 2013-12-25, target: 41633
2026-08-11 23:24:28.222 | DEBUG    | eval.evaluation.evaluation:evaluate_single_query:321 - deep2wide_result_77_青海省, col 评定时间, metric_func_name date_near, score [0.0, 0.0, 0.0, 0.0, 0.0, 0.0, 0.0]
2026-08-11 23:24:28.227 | INFO     | eval.evaluation.evaluation:evaluate_single_query:380 - deep2wide_result_77_青海省, P/R/F1 by unique_columns: 1.0000/1.0000/1.0000
2026-08-11 23:24:28.227 | INFO     | eval.evaluation.evaluation:evaluate_single_query:383 - deep2wide_result_77_青海省, P/R/F1 by row: 0.0000/0.0000/0.0000
2026-08-11 23:24:28.227 | INFO     | eval.evaluation.evaluation:evaluate_single_query:386 - deep2wide_result_77_青海省, P/R/F1 by item: 0.5238/0.5238/0.5238
2026-08-11 23:24:28.229 | INFO     | eval.evaluation.evaluation:evaluate_single_query:398 - deep2wide_result_77_青海省, final table score: 0.0
{"event": "eval_done", "idx": 1, "instance_id": "deep2wide_result_77_青海省", "score": 0.0, "entity_acc": 1.0, "f1_by_row": 0.0, "f1_by_item": 0.5238095238095238, "column_f1": 1.0, "error": null, "elapsed_seconds": 9.843, "running_n": 1}
{"event": "eval_done", "idx": 2, "instance_id": "deep2wide_result_78_韶关市", "score": 0.0, "entity_acc": 0.0, "f1_by_row": 0.0, "f1_by_item": 0.0, "column_f1": 0.0, "error": null, "elapsed_seconds": 2.71, "running_n": 2}
{"event": "eval_done", "idx": 3, "instance_id": "deep2wide_result_79_北京", "score": 0.0, "entity_acc": 0.0, "f1_by_row": 0.0, "f1_by_item": 0.0, "column_f1": 0.0, "error": null, "elapsed_seconds": 4.53, "running_n": 3}
{"event": "eval_done", "idx": 4, "instance_id": "deep2wide_result_80_安徽萧县", "score": 0.0, "entity_acc": 0.0, "f1_by_row": 0.0, "f1_by_item": 0.0, "column_f1": 0.0, "error": null, "elapsed_seconds": 0.963, "running_n": 4}
{"event": "eval_done", "idx": 5, "instance_id": "deep2wide_result_83_Cameroon", "score": 0.0, "entity_acc": 0.0, "f1_by_row": 0.0, "f1_by_item": 0.0, "column_f1": 0.0, "error": null, "elapsed_seconds": 1.001, "running_n": 5}
2026-08-11 23:24:40.232 | DEBUG    | eval.evaluation.data_loader:extract_dataframe:167 - find markdown_str 
| Program Name | Length | Annual International Tuition Fees | I ...
2026-08-11 23:24:43.554 | INFO     | eval.evaluation.metric_utils:primary_key_preprocess:246 - primary_key_preprocess result: ```json
{
  "programname": "programname",
  "length": "length",
  "annualinternationaltuitionfees": "annualinternationaltutionfees",
  "ieltsscorerequirement": "ieltsscorerequirement",
  "compulsorymoduletitles": "compulsorymoduletitles",
  "credits": "credits"
}
```
2026-08-11 23:24:43.554 | INFO     | eval.evaluation.evaluation:evaluate_single_query:172 - column map: {'programname': 'programname', 'length': 'length', 'annualinternationaltuitionfees': 'annualinternationaltutionfees', 'ieltsscorerequirement': 'ieltsscorerequirement', 'compulsorymoduletitles': 'compulsorymoduletitles', 'credits': 'credits'}
2026-08-11 23:24:43.554 | INFO     | eval.evaluation.evaluation:evaluate_single_query:173 - befor mapping: Index(['programname', 'length', 'annualinternationaltuitionfees',
       'ieltsscorerequirement', 'compulsorymoduletitles', 'credits'],
      dtype='object')
2026-08-11 23:24:43.555 | INFO     | eval.evaluation.evaluation:evaluate_single_query:175 - after mapping: Index(['programname', 'length', 'annualinternationaltutionfees',
       'ieltsscorerequirement', 'compulsorymoduletitles', 'credits'],
      dtype='object')
2026-08-11 23:24:46.653 | INFO     | eval.evaluation.metric_utils:primary_key_preprocess:246 - primary_key_preprocess result: ```json
{
  "MA Brands, Communication and Culture": "MA Brands, Communication & Culture",
  "MA Digital Journalism": "MA/MSc Digital Journalism",
  "MA Digital Media": "MA Digital Media",
  "MA Film and Screen Studies": "MA Film & Screen Studies",
  "MA Gender, Media and Culture": "MA Gender, Media & Culture",
  "MA Journalism": "MA Journalism",
  "MA Media and Communications": "MA Media and Communications",
  "MA Political Communications": "MA Political Communications",
  "MA Promotional Media: Public Relations, Advertising and Marketing": "MA Promotional Media: Public Relations, Advertising and Marketing",
  "MA Race, Media and Social Justice": "MA Race, Media and Social Justice"
}
```
2026-08-11 23:24:46.654 | INFO     | eval.evaluation.evaluation:evaluate_single_query:223 - col: programname, primary_key_map {'MA Brands, Communication and Culture': 'MA Brands, Communication & Culture', 'MA Digital Journalism': 'MA/MSc Digital Journalism', 'MA Digital Media': 'MA Digital Media', 'MA Film and Screen Studies': 'MA Film & Screen Studies', 'MA Gender, Media and Culture': 'MA Gender, Media & Culture', 'MA Journalism': 'MA Journalism', 'MA Media and Communications': 'MA Media and Communications', 'MA Political Communications': 'MA Political Communications', 'MA Promotional Media: Public Relations, Advertising and Marketing': 'MA Promotional Media: Public Relations, Advertising and Marketing', 'MA Race, Media and Social Justice': 'MA Race, Media and Social Justice'}
2026-08-11 23:24:46.662 | INFO     | eval.evaluation.evaluation:evaluate_single_query:275 - wide2deep_ws_en_009, df_inner shape: (10, 12), answer_df shape: (22, 6), response_df shape: (13, 7)
2026-08-11 23:24:48.679 | DEBUG    | eval.evaluation.evaluation:evaluate_single_query:321 - wide2deep_ws_en_009, col length, metric_func_name llm_judge, score [1, 1, 1, 1, 1, 1, 1, 1, 1, 1]
2026-08-11 23:24:48.680 | DEBUG    | eval.evaluation.evaluation:metric_call:77 - metric_func_name exact_match score 0.0 msg exact not match, response: /, target: £22,000
2026-08-11 23:24:48.680 | DEBUG    | eval.evaluation.evaluation:metric_call:77 - metric_func_name exact_match score 0.0 msg exact not match, response: /, target: £22,000
2026-08-11 23:24:48.680 | DEBUG    | eval.evaluation.evaluation:metric_call:77 - metric_func_name exact_match score 0.0 msg exact not match, response: /, target: £22,000
2026-08-11 23:24:48.680 | DEBUG    | eval.evaluation.evaluation:metric_call:77 - metric_func_name exact_match score 0.0 msg exact not match, response: /, target: £22,000
2026-08-11 23:24:48.680 | DEBUG    | eval.evaluation.evaluation:metric_call:77 - metric_func_name exact_match score 0.0 msg exact not match, response: /, target: £25,450
2026-08-11 23:24:48.680 | DEBUG    | eval.evaluation.evaluation:metric_call:77 - metric_func_name exact_match score 0.0 msg exact not match, response: £23,000, target: £22,000
2026-08-11 23:24:48.680 | DEBUG    | eval.evaluation.evaluation:metric_call:77 - metric_func_name exact_match score 0.0 msg exact not match, response: /, target: £22,000
2026-08-11 23:24:48.680 | DEBUG    | eval.evaluation.evaluation:metric_call:77 - metric_func_name exact_match score 0.0 msg exact not match, response: /, target: £22,000
2026-08-11 23:24:48.680 | DEBUG    | eval.evaluation.evaluation:metric_call:77 - metric_func_name exact_match score 0.0 msg exact not match, response: /, target: £22,000
2026-08-11 23:24:48.680 | DEBUG    | eval.evaluation.evaluation:metric_call:77 - metric_func_name exact_match score 0.0 msg exact not match, response: /, target: £20,000
2026-08-11 23:24:48.681 | DEBUG    | eval.evaluation.evaluation:evaluate_single_query:321 - wide2deep_ws_en_009, col annualinternationaltutionfees, metric_func_name exact_match, score [0.0, 0.0, 0.0, 0.0, 0.0, 0.0, 0.0, 0.0, 0.0, 0.0]
2026-08-11 23:24:50.820 | DEBUG    | eval.evaluation.evaluation:evaluate_single_query:321 - wide2deep_ws_en_009, col ieltsscorerequirement, metric_func_name llm_judge, score [0, 0, 0, 0, 0, 0, 0, 0, 0, 0]
2026-08-11 23:24:53.366 | DEBUG    | eval.evaluation.evaluation:evaluate_single_query:321 - wide2deep_ws_en_009, col compulsorymoduletitles, metric_func_name llm_judge, score [0, 0, 0, 0, 0, 0, 0, 0, 0, 0]
2026-08-11 23:24:56.896 | DEBUG    | eval.evaluation.evaluation:evaluate_single_query:321 - wide2deep_ws_en_009, col credits, metric_func_name llm_judge, score [0, 0, 0, 0, 0, 0, 0, 0, 0, 1]
2026-08-11 23:24:56.900 | INFO     | eval.evaluation.evaluation:evaluate_single_query:380 - wide2deep_ws_en_009, P/R/F1 by unique_columns: 0.7692/0.4545/0.5714
2026-08-11 23:24:56.900 | INFO     | eval.evaluation.evaluation:evaluate_single_query:383 - wide2deep_ws_en_009, P/R/F1 by row: 0.0000/0.0000/0.0000
2026-08-11 23:24:56.900 | INFO     | eval.evaluation.evaluation:evaluate_single_query:386 - wide2deep_ws_en_009, P/R/F1 by item: 0.2692/0.1591/0.2000
2026-08-11 23:24:56.902 | INFO     | eval.evaluation.evaluation:evaluate_single_query:398 - wide2deep_ws_en_009, final table score: 0.0
{"event": "eval_done", "idx": 6, "instance_id": "wide2deep_ws_en_009", "score": 0.0, "entity_acc": 1.0, "f1_by_row": 0.0, "f1_by_item": 0.19999999999999998, "column_f1": 0.5714285714285714, "error": null, "elapsed_seconds": 19.35, "running_n": 6}
2026-08-11 23:24:57.798 | DEBUG    | eval.evaluation.data_loader:extract_dataframe:167 - find markdown_str 
| Year | Champion | Host Stadium | Host City | Nielsen HHLD Rat ...
2026-08-11 23:24:59.906 | INFO     | eval.evaluation.metric_utils:primary_key_preprocess:246 - primary_key_preprocess result: ```json
{
  "2001": "2001",
  "2002": "2002",
  "2003": "2003",
  "2004": "2004",
  "2005": "2005",
  "2006": "2006",
  "2007": "2007",
  "2008": "2008",
  "2009": "2009",
  "2010": "2010",
  "2011": "2011",
  "2012": "2012",
  "2013": "2013",
  "2014": "2014",
  "2015": "2015",
  "2016": "2016",
  "2017": "2017",
  "2018": "2018",
  "2019": "2019",
  "2020": "2020",
  "2021": "2021",
  "2022": "2022",
  "2023": "2023",
  "2024": "2024",
  "2025": "2025"
}
```
2026-08-11 23:24:59.906 | INFO     | eval.evaluation.evaluation:evaluate_single_query:223 - col: year, primary_key_map {'2001': '2001', '2002': '2002', '2003': '2003', '2004': '2004', '2005': '2005', '2006': '2006', '2007': '2007', '2008': '2008', '2009': '2009', '2010': '2010', '2011': '2011', '2012': '2012', '2013': '2013', '2014': '2014', '2015': '2015', '2016': '2016', '2017': '2017', '2018': '2018', '2019': '2019', '2020': '2020', '2021': '2021', '2022': '2022', '2023': '2023', '2024': '2024', '2025': '2025'}
2026-08-11 23:24:59.913 | INFO     | eval.evaluation.evaluation:evaluate_single_query:275 - wide2deep_ws_en_024, df_inner shape: (25, 14), answer_df shape: (25, 7), response_df shape: (25, 8)
2026-08-11 23:24:59.914 | DEBUG    | eval.evaluation.evaluation:metric_call:77 - metric_func_name exact_match score 1.0 msg exact match, response: baltimoreravens, target: baltimoreravens
2026-08-11 23:24:59.914 | DEBUG    | eval.evaluation.evaluation:metric_call:77 - metric_func_name exact_match score 1.0 msg exact match, response: newenglandpatriots, target: newenglandpatriots
2026-08-11 23:24:59.914 | DEBUG    | eval.evaluation.evaluation:metric_call:77 - metric_func_name exact_match score 1.0 msg exact match, response: tampabaybuccaneers, target: tampabaybuccaneers
2026-08-11 23:24:59.914 | DEBUG    | eval.evaluation.evaluation:metric_call:77 - metric_func_name exact_match score 1.0 msg exact match, response: newenglandpatriots, target: newenglandpatriots
2026-08-11 23:24:59.914 | DEBUG    | eval.evaluation.evaluation:metric_call:77 - metric_func_name exact_match score 1.0 msg exact match, response: newenglandpatriots, target: newenglandpatriots
2026-08-11 23:24:59.914 | DEBUG    | eval.evaluation.evaluation:metric_call:77 - metric_func_name exact_match score 1.0 msg exact match, response: pittsburghsteelers, target: pittsburghsteelers
2026-08-11 23:24:59.914 | DEBUG    | eval.evaluation.evaluation:metric_call:77 - metric_func_name exact_match score 1.0 msg exact match, response: indianapoliscolts, target: indianapoliscolts
2026-08-11 23:24:59.914 | DEBUG    | eval.evaluation.evaluation:metric_call:77 - metric_func_name exact_match score 1.0 msg exact match, response: newyorkgiants, target: newyorkgiants
2026-08-11 23:24:59.914 | DEBUG    | eval.evaluation.evaluation:metric_call:77 - metric_func_name exact_match score 1.0 msg exact match, response: pittsburghsteelers, target: pittsburghsteelers
2026-08-11 23:24:59.914 | DEBUG    | eval.evaluation.evaluation:metric_call:77 - metric_func_name exact_match score 1.0 msg exact match, response: neworleanssaints, target: neworleanssaints
2026-08-11 23:24:59.914 | DEBUG    | eval.evaluation.evaluation:metric_call:77 - metric_func_name exact_match score 1.0 msg exact match, response: greenbaypackers, target: greenbaypackers
2026-08-11 23:24:59.914 | DEBUG    | eval.evaluation.evaluation:metric_call:77 - metric_func_name exact_match score 1.0 msg exact match, response: newyorkgiants, target: newyorkgiants
2026-08-11 23:24:59.914 | DEBUG    | eval.evaluation.evaluation:metric_call:77 - metric_func_name exact_match score 1.0 msg exact match, response: baltimoreravens, target: baltimoreravens
2026-08-11 23:24:59.914 | DEBUG    | eval.evaluation.evaluation:metric_call:77 - metric_func_name exact_match score 1.0 msg exact match, response: seattleseahawks, target: seattleseahawks
2026-08-11 23:24:59.914 | DEBUG    | eval.evaluation.evaluation:metric_call:77 - metric_func_name exact_match score 1.0 msg exact match, response: newenglandpatriots, target: newenglandpatriots
2026-08-11 23:24:59.914 | DEBUG    | eval.evaluation.evaluation:metric_call:77 - metric_func_name exact_match score 1.0 msg exact match, response: denverbroncos, target: denverbroncos
2026-08-11 23:24:59.914 | DEBUG    | eval.evaluation.evaluation:metric_call:77 - metric_func_name exact_match score 1.0 msg exact match, response: newenglandpatriots, target: newenglandpatriots
2026-08-11 23:24:59.914 | DEBUG    | eval.evaluation.evaluation:metric_call:77 - metric_func_name exact_match score 1.0 msg exact match, response: philadelphiaeagles, target: philadelphiaeagles
2026-08-11 23:24:59.914 | DEBUG    | eval.evaluation.evaluation:metric_call:77 - metric_func_name exact_match score 1.0 msg exact match, response: newenglandpatriots, target: newenglandpatriots
2026-08-11 23:24:59.914 | DEBUG    | eval.evaluation.evaluation:metric_call:77 - metric_func_name exact_match score 1.0 msg exact match, response: kansascitychiefs, target: kansascitychiefs
2026-08-11 23:24:59.914 | DEBUG    | eval.evaluation.evaluation:metric_call:77 - metric_func_name exact_match score 1.0 msg exact match, response: tampabaybuccaneers, target: tampabaybuccaneers
2026-08-11 23:24:59.914 | DEBUG    | eval.evaluation.evaluation:metric_call:77 - metric_func_name exact_match score 1.0 msg exact match, response: losangelesrams, target: losangelesrams
2026-08-11 23:24:59.914 | DEBUG    | eval.evaluation.evaluation:metric_call:77 - metric_func_name exact_match score 1.0 msg exact match, response: kansascitychiefs, target: kansascitychiefs
2026-08-11 23:24:59.914 | DEBUG    | eval.evaluation.evaluation:metric_call:77 - metric_func_name exact_match score 1.0 msg exact match, response: kansascitychiefs, target: kansascitychiefs
2026-08-11 23:24:59.914 | DEBUG    | eval.evaluation.evaluation:metric_call:77 - metric_func_name exact_match score 1.0 msg exact match, response: philadelphiaeagles, target: philadelphiaeagles
2026-08-11 23:24:59.915 | DEBUG    | eval.evaluation.evaluation:evaluate_single_query:321 - wide2deep_ws_en_024, col champion, metric_func_name exact_match, score [1.0, 1.0, 1.0, 1.0, 1.0, 1.0, 1.0, 1.0, 1.0, 1.0, 1.0, 1.0, 1.0, 1.0, 1.0, 1.0, 1.0, 1.0, 1.0, 1.0, 1.0, 1.0, 1.0, 1.0, 1.0]
2026-08-11 23:24:59.915 | DEBUG    | eval.evaluation.evaluation:metric_call:77 - metric_func_name exact_match score 1.0 msg exact match, response: raymondjamesstadium, target: raymondjamesstadium
2026-08-11 23:24:59.915 | DEBUG    | eval.evaluation.evaluation:metric_call:77 - metric_func_name exact_match score 1.0 msg exact match, response: louisianasuperdome, target: louisianasuperdome
2026-08-11 23:24:59.915 | DEBUG    | eval.evaluation.evaluation:metric_call:77 - metric_func_name exact_match score 1.0 msg exact match, response: qualcommstadium, target: qualcommstadium
2026-08-11 23:24:59.915 | DEBUG    | eval.evaluation.evaluation:metric_call:77 - metric_func_name exact_match score 1.0 msg exact match, response: reliantstadium, target: reliantstadium
2026-08-11 23:24:59.915 | DEBUG    | eval.evaluation.evaluation:metric_call:77 - metric_func_name exact_match score 1.0 msg exact match, response: alltelstadium, target: alltelstadium
2026-08-11 23:24:59.915 | DEBUG    | eval.evaluation.evaluation:metric_call:77 - metric_func_name exact_match score 1.0 msg exact match, response: fordfield, target: fordfield
2026-08-11 23:24:59.915 | DEBUG    | eval.evaluation.evaluation:metric_call:77 - metric_func_name exact_match score 1.0 msg exact match, response: dolphinstadium, target: dolphinstadium
2026-08-11 23:24:59.915 | DEBUG    | eval.evaluation.evaluation:metric_call:77 - metric_func_name exact_match score 1.0 msg exact match, response: universityofphoenixstadium, target: universityofphoenixstadium
2026-08-11 23:24:59.916 | DEBUG    | eval.evaluation.evaluation:metric_call:77 - metric_func_name exact_match score 1.0 msg exact match, response: raymondjamesstadium, target: raymondjamesstadium
2026-08-11 23:24:59.916 | DEBUG    | eval.evaluation.evaluation:metric_call:77 - metric_func_name exact_match score 1.0 msg exact match, response: sunlifestadium, target: sunlifestadium
2026-08-11 23:24:59.916 | DEBUG    | eval.evaluation.evaluation:metric_call:77 - metric_func_name exact_match score 1.0 msg exact match, response: cowboysstadium, target: cowboysstadium
2026-08-11 23:24:59.916 | DEBUG    | eval.evaluation.evaluation:metric_call:77 - metric_func_name exact_match score 1.0 msg exact match, response: lucasoilstadium, target: lucasoilstadium
2026-08-11 23:24:59.916 | DEBUG    | eval.evaluation.evaluation:metric_call:77 - metric_func_name exact_match score 1.0 msg exact match, response: mercedes-benzsuperdome, target: mercedes-benzsuperdome
2026-08-11 23:24:59.916 | DEBUG    | eval.evaluation.evaluation:metric_call:77 - metric_func_name exact_match score 1.0 msg exact match, response: metlifestadium, target: metlifestadium
2026-08-11 23:24:59.916 | DEBUG    | eval.evaluation.evaluation:metric_call:77 - metric_func_name exact_match score 1.0 msg exact match, response: universityofphoenixstadium, target: universityofphoenixstadium
2026-08-11 23:24:59.916 | DEBUG    | eval.evaluation.evaluation:metric_call:77 - metric_func_name exact_match score 1.0 msg exact match, response: levi'sstadium, target: levi'sstadium
2026-08-11 23:24:59.916 | DEBUG    | eval.evaluation.evaluation:metric_call:77 - metric_func_name exact_match score 1.0 msg exact match, response: nrgstadium, target: nrgstadium
2026-08-11 23:24:59.916 | DEBUG    | eval.evaluation.evaluation:metric_call:77 - metric_func_name exact_match score 1.0 msg exact match, response: u.s.bankstadium, target: u.s.bankstadium
2026-08-11 23:24:59.916 | DEBUG    | eval.evaluation.evaluation:metric_call:77 - metric_func_name exact_match score 1.0 msg exact match, response: mercedes-benzstadium, target: mercedes-benzstadium
2026-08-11 23:24:59.916 | DEBUG    | eval.evaluation.evaluation:metric_call:77 - metric_func_name exact_match score 1.0 msg exact match, response: hardrockstadium, target: hardrockstadium
2026-08-11 23:24:59.916 | DEBUG    | eval.evaluation.evaluation:metric_call:77 - metric_func_name exact_match score 1.0 msg exact match, response: raymondjamesstadium, target: raymondjamesstadium
2026-08-11 23:24:59.916 | DEBUG    | eval.evaluation.evaluation:metric_call:77 - metric_func_name exact_match score 1.0 msg exact match, response: sofistadium, target: sofistadium
2026-08-11 23:24:59.916 | DEBUG    | eval.evaluation.evaluation:metric_call:77 - metric_func_name exact_match score 1.0 msg exact match, response: statefarmstadium, target: statefarmstadium
2026-08-11 23:24:59.916 | DEBUG    | eval.evaluation.evaluation:metric_call:77 - metric_func_name exact_match score 1.0 msg exact match, response: allegiantstadium, target: allegiantstadium
2026-08-11 23:24:59.916 | DEBUG    | eval.evaluation.evaluation:metric_call:77 - metric_func_name exact_match score 1.0 msg exact match, response: caesarssuperdome, target: caesarssuperdome
2026-08-11 23:24:59.917 | DEBUG    | eval.evaluation.evaluation:evaluate_single_query:321 - wide2deep_ws_en_024, col hoststadium, metric_func_name exact_match, score [1.0, 1.0, 1.0, 1.0, 1.0, 1.0, 1.0, 1.0, 1.0, 1.0, 1.0, 1.0, 1.0, 1.0, 1.0, 1.0, 1.0, 1.0, 1.0, 1.0, 1.0, 1.0, 1.0, 1.0, 1.0]
2026-08-11 23:24:59.917 | DEBUG    | eval.evaluation.evaluation:metric_call:77 - metric_func_name exact_match score 1.0 msg exact match, response: tampa, target: tampa
2026-08-11 23:24:59.917 | DEBUG    | eval.evaluation.evaluation:metric_call:77 - metric_func_name exact_match score 1.0 msg exact match, response: neworleans, target: neworleans
2026-08-11 23:24:59.917 | DEBUG    | eval.evaluation.evaluation:metric_call:77 - metric_func_name exact_match score 1.0 msg exact match, response: sandiego, target: sandiego
2026-08-11 23:24:59.917 | DEBUG    | eval.evaluation.evaluation:metric_call:77 - metric_func_name exact_match score 1.0 msg exact match, response: houston, target: houston
2026-08-11 23:24:59.917 | DEBUG    | eval.evaluation.evaluation:metric_call:77 - metric_func_name exact_match score 1.0 msg exact match, response: jacksonville, target: jacksonville
2026-08-11 23:24:59.917 | DEBUG    | eval.evaluation.evaluation:metric_call:77 - metric_func_name exact_match score 1.0 msg exact match, response: detroit, target: detroit
2026-08-11 23:24:59.917 | DEBUG    | eval.evaluation.evaluation:metric_call:77 - metric_func_name exact_match score 1.0 msg exact match, response: miamigardens, target: miamigardens
2026-08-11 23:24:59.917 | DEBUG    | eval.evaluation.evaluation:metric_call:77 - metric_func_name exact_match score 1.0 msg exact match, response: glendale, target: glendale
2026-08-11 23:24:59.917 | DEBUG    | eval.evaluation.evaluation:metric_call:77 - metric_func_name exact_match score 1.0 msg exact match, response: tampa, target: tampa
2026-08-11 23:24:59.917 | DEBUG    | eval.evaluation.evaluation:metric_call:77 - metric_func_name exact_match score 1.0 msg exact match, response: miamigardens, target: miamigardens
2026-08-11 23:24:59.917 | DEBUG    | eval.evaluation.evaluation:metric_call:77 - metric_func_name exact_match score 1.0 msg exact match, response: arlington, target: arlington
2026-08-11 23:24:59.917 | DEBUG    | eval.evaluation.evaluation:metric_call:77 - metric_func_name exact_match score 1.0 msg exact match, response: indianapolis, target: indianapolis
2026-08-11 23:24:59.917 | DEBUG    | eval.evaluation.evaluation:metric_call:77 - metric_func_name exact_match score 1.0 msg exact match, response: neworleans, target: neworleans
2026-08-11 23:24:59.917 | DEBUG    | eval.evaluation.evaluation:metric_call:77 - metric_func_name exact_match score 1.0 msg exact match, response: eastrutherford, target: eastrutherford
2026-08-11 23:24:59.917 | DEBUG    | eval.evaluation.evaluation:metric_call:77 - metric_func_name exact_match score 1.0 msg exact match, response: glendale, target: glendale
2026-08-11 23:24:59.917 | DEBUG    | eval.evaluation.evaluation:metric_call:77 - metric_func_name exact_match score 1.0 msg exact match, response: santaclara, target: santaclara
2026-08-11 23:24:59.917 | DEBUG    | eval.evaluation.evaluation:metric_call:77 - metric_func_name exact_match score 1.0 msg exact match, response: houston, target: houston
2026-08-11 23:24:59.917 | DEBUG    | eval.evaluation.evaluation:metric_call:77 - metric_func_name exact_match score 1.0 msg exact match, response: minneapolis, target: minneapolis
2026-08-11 23:24:59.918 | DEBUG    | eval.evaluation.evaluation:metric_call:77 - metric_func_name exact_match score 1.0 msg exact match, response: atlanta, target: atlanta
2026-08-11 23:24:59.918 | DEBUG    | eval.evaluation.evaluation:metric_call:77 - metric_func_name exact_match score 1.0 msg exact match, response: miamigardens, target: miamigardens
2026-08-11 23:24:59.918 | DEBUG    | eval.evaluation.evaluation:metric_call:77 - metric_func_name exact_match score 1.0 msg exact match, response: tampa, target: tampa
2026-08-11 23:24:59.918 | DEBUG    | eval.evaluation.evaluation:metric_call:77 - metric_func_name exact_match score 1.0 msg exact match, response: inglewood, target: inglewood
2026-08-11 23:24:59.918 | DEBUG    | eval.evaluation.evaluation:metric_call:77 - metric_func_name exact_match score 1.0 msg exact match, response: glendale, target: glendale
2026-08-11 23:24:59.918 | DEBUG    | eval.evaluation.evaluation:metric_call:77 - metric_func_name exact_match score 1.0 msg exact match, response: paradise, target: paradise
2026-08-11 23:24:59.918 | DEBUG    | eval.evaluation.evaluation:metric_call:77 - metric_func_name exact_match score 1.0 msg exact match, response: neworleans, target: neworleans
2026-08-11 23:24:59.918 | DEBUG    | eval.evaluation.evaluation:evaluate_single_query:321 - wide2deep_ws_en_024, col hostcity, metric_func_name exact_match, score [1.0, 1.0, 1.0, 1.0, 1.0, 1.0, 1.0, 1.0, 1.0, 1.0, 1.0, 1.0, 1.0, 1.0, 1.0, 1.0, 1.0, 1.0, 1.0, 1.0, 1.0, 1.0, 1.0, 1.0, 1.0]
2026-08-11 23:24:59.919 | DEBUG    | eval.evaluation.evaluation:metric_call:77 - metric_func_name number_near score 1.0 msg number near in range 5.0%, response: 40.4, target: 40.4
2026-08-11 23:24:59.919 | DEBUG    | eval.evaluation.evaluation:metric_call:77 - metric_func_name number_near score 1.0 msg number near in range 5.0%, response: 40.4, target: 40.4
2026-08-11 23:24:59.919 | DEBUG    | eval.evaluation.evaluation:metric_call:77 - metric_func_name number_near score 1.0 msg number near in range 5.0%, response: 40.7, target: 40.7
2026-08-11 23:24:59.919 | DEBUG    | eval.evaluation.evaluation:metric_call:77 - metric_func_name number_near score 1.0 msg number near in range 5.0%, response: 41.4, target: 41.4
2026-08-11 23:24:59.919 | DEBUG    | eval.evaluation.evaluation:metric_call:77 - metric_func_name number_near score 1.0 msg number near in range 5.0%, response: 41.1, target: 41.1
2026-08-11 23:24:59.919 | DEBUG    | eval.evaluation.evaluation:metric_call:77 - metric_func_name number_near score 1.0 msg number near in range 5.0%, response: 41.6, target: 41.6
2026-08-11 23:24:59.919 | DEBUG    | eval.evaluation.evaluation:metric_call:77 - metric_func_name number_near score 1.0 msg number near in range 5.0%, response: 42.6, target: 42.6
2026-08-11 23:24:59.919 | DEBUG    | eval.evaluation.evaluation:metric_call:77 - metric_func_name number_near score 1.0 msg number near in range 5.0%, response: 43.1, target: 43.3
2026-08-11 23:24:59.919 | DEBUG    | eval.evaluation.evaluation:metric_call:77 - metric_func_name number_near score 1.0 msg number near in range 5.0%, response: 42.0, target: 42.0
2026-08-11 23:24:59.919 | DEBUG    | eval.evaluation.evaluation:metric_call:77 - metric_func_name number_near score 1.0 msg number near in range 5.0%, response: 45.0, target: 45.0
2026-08-11 23:24:59.919 | DEBUG    | eval.evaluation.evaluation:metric_call:77 - metric_func_name number_near score 1.0 msg number near in range 5.0%, response: 46.0, target: 46.0
2026-08-11 23:24:59.919 | DEBUG    | eval.evaluation.evaluation:metric_call:77 - metric_func_name number_near score 1.0 msg number near in range 5.0%, response: 47.0, target: 47.1
2026-08-11 23:24:59.919 | DEBUG    | eval.evaluation.evaluation:metric_call:77 - metric_func_name number_near score 1.0 msg number near in range 5.0%, response: 46.4, target: 46.4
2026-08-11 23:24:59.919 | DEBUG    | eval.evaluation.evaluation:metric_call:77 - metric_func_name number_near score 1.0 msg number near in range 5.0%, response: 46.7, target: 46.7
2026-08-11 23:24:59.919 | DEBUG    | eval.evaluation.evaluation:metric_call:77 - metric_func_name number_near score 1.0 msg number near in range 5.0%, response: 47.5, target: 47.5
2026-08-11 23:24:59.919 | DEBUG    | eval.evaluation.evaluation:metric_call:77 - metric_func_name number_near score 1.0 msg number near in range 5.0%, response: 46.6, target: 46.6
2026-08-11 23:24:59.919 | DEBUG    | eval.evaluation.evaluation:metric_call:77 - metric_func_name number_near score 1.0 msg number near in range 5.0%, response: 45.3, target: 45.3
2026-08-11 23:24:59.919 | DEBUG    | eval.evaluation.evaluation:metric_call:77 - metric_func_name number_near score 1.0 msg number near in range 5.0%, response: 43.1, target: 43.1
2026-08-11 23:24:59.919 | DEBUG    | eval.evaluation.evaluation:metric_call:77 - metric_func_name number_near score 1.0 msg number near in range 5.0%, response: 41.1, target: 41.4
2026-08-11 23:24:59.919 | DEBUG    | eval.evaluation.evaluation:metric_call:77 - metric_func_name number_near score 1.0 msg number near in range 5.0%, response: 41.6, target: 42.0
2026-08-11 23:24:59.919 | DEBUG    | eval.evaluation.evaluation:metric_call:77 - metric_func_name number_near score 1.0 msg number near in range 5.0%, response: 38.2, target: 38.4
2026-08-11 23:24:59.919 | DEBUG    | eval.evaluation.evaluation:metric_call:77 - metric_func_name number_near score 1.0 msg number near in range 5.0%, response: 36.9, target: 37.9
2026-08-11 23:24:59.919 | DEBUG    | eval.evaluation.evaluation:metric_call:77 - metric_func_name number_near score 1.0 msg number near in range 5.0%, response: 40.0, target: 40.7
2026-08-11 23:24:59.919 | DEBUG    | eval.evaluation.evaluation:metric_call:77 - metric_func_name number_near score 1.0 msg number near in range 5.0%, response: 43.5, target: 43.5
2026-08-11 23:24:59.919 | DEBUG    | eval.evaluation.evaluation:metric_call:77 - metric_func_name number_near score 1.0 msg number near in range 5.0%, response: 41.7, target: 41.7
2026-08-11 23:24:59.920 | DEBUG    | eval.evaluation.evaluation:evaluate_single_query:321 - wide2deep_ws_en_024, col nielsenhhldrating, metric_func_name number_near, score [1.0, 1.0, 1.0, 1.0, 1.0, 1.0, 1.0, 1.0, 1.0, 1.0, 1.0, 1.0, 1.0, 1.0, 1.0, 1.0, 1.0, 1.0, 1.0, 1.0, 1.0, 1.0, 1.0, 1.0, 1.0]
2026-08-11 23:24:59.920 | DEBUG    | eval.evaluation.evaluation:metric_call:77 - metric_func_name number_near score 1.0 msg number near in range 5.0%, response: 84.34, target: 84.3
2026-08-11 23:24:59.920 | DEBUG    | eval.evaluation.evaluation:metric_call:77 - metric_func_name number_near score 1.0 msg number near in range 5.0%, response: 86.8, target: 86.8
2026-08-11 23:24:59.920 | DEBUG    | eval.evaluation.evaluation:metric_call:77 - metric_func_name number_near score 1.0 msg number near in range 5.0%, response: 88.64, target: 88.6
2026-08-11 23:24:59.920 | DEBUG    | eval.evaluation.evaluation:metric_call:77 - metric_func_name number_near score 1.0 msg number near in range 5.0%, response: 89.8, target: 89.8
2026-08-11 23:24:59.920 | DEBUG    | eval.evaluation.evaluation:metric_call:77 - metric_func_name number_near score 1.0 msg number near in range 5.0%, response: 86.07, target: 86.0
2026-08-11 23:24:59.920 | DEBUG    | eval.evaluation.evaluation:metric_call:77 - metric_func_name number_near score 1.0 msg number near in range 5.0%, response: 90.75, target: 90.7
2026-08-11 23:24:59.920 | DEBUG    | eval.evaluation.evaluation:metric_call:77 - metric_func_name number_near score 1.0 msg number near in range 5.0%, response: 93.18, target: 93.2
2026-08-11 23:24:59.920 | DEBUG    | eval.evaluation.evaluation:metric_call:77 - metric_func_name number_near score 1.0 msg number near in range 5.0%, response: 97.45, target: 97.5
2026-08-11 23:24:59.921 | DEBUG    | eval.evaluation.evaluation:metric_call:77 - metric_func_name number_near score 1.0 msg number near in range 5.0%, response: 98.73, target: 98.7
2026-08-11 23:24:59.921 | DEBUG    | eval.evaluation.evaluation:metric_call:77 - metric_func_name number_near score 1.0 msg number near in range 5.0%, response: 106.48, target: 106.5
2026-08-11 23:24:59.921 | DEBUG    | eval.evaluation.evaluation:metric_call:77 - metric_func_name number_near score 1.0 msg number near in range 5.0%, response: 111.04, target: 111.0
2026-08-11 23:24:59.921 | DEBUG    | eval.evaluation.evaluation:metric_call:77 - metric_func_name number_near score 1.0 msg number near in range 5.0%, response: 111.35, target: 111.3
2026-08-11 23:24:59.921 | DEBUG    | eval.evaluation.evaluation:metric_call:77 - metric_func_name number_near score 1.0 msg number near in range 5.0%, response: 108.69, target: 108.7
2026-08-11 23:24:59.921 | DEBUG    | eval.evaluation.evaluation:metric_call:77 - metric_func_name number_near score 1.0 msg number near in range 5.0%, response: 112.19, target: 111.5
2026-08-11 23:24:59.921 | DEBUG    | eval.evaluation.evaluation:metric_call:77 - metric_func_name number_near score 1.0 msg number near in range 5.0%, response: 114.44, target: 114.4
2026-08-11 23:24:59.921 | DEBUG    | eval.evaluation.evaluation:metric_call:77 - metric_func_name number_near score 1.0 msg number near in range 5.0%, response: 111.86, target: 111.9
2026-08-11 23:24:59.921 | DEBUG    | eval.evaluation.evaluation:metric_call:77 - metric_func_name number_near score 1.0 msg number near in range 5.0%, response: 111.32, target: 111.3
2026-08-11 23:24:59.921 | DEBUG    | eval.evaluation.evaluation:metric_call:77 - metric_func_name number_near score 1.0 msg number near in range 5.0%, response: 103.47, target: 103.4
2026-08-11 23:24:59.921 | DEBUG    | eval.evaluation.evaluation:metric_call:77 - metric_func_name number_near score 1.0 msg number near in range 5.0%, response: 98.19, target: 98.2
2026-08-11 23:24:59.921 | DEBUG    | eval.evaluation.evaluation:metric_call:77 - metric_func_name number_near score 1.0 msg number near in range 5.0%, response: 100.45, target: 102.1
2026-08-11 23:24:59.921 | DEBUG    | eval.evaluation.evaluation:metric_call:77 - metric_func_name number_near score 1.0 msg number near in range 5.0%, response: 91.63, target: 96.4
2026-08-11 23:24:59.921 | DEBUG    | eval.evaluation.evaluation:metric_call:77 - metric_func_name number_near score 0.0 msg number not near, response: 99.18, target: 112.3
2026-08-11 23:24:59.921 | DEBUG    | eval.evaluation.evaluation:metric_call:77 - metric_func_name number_near score 1.0 msg number near in range 5.0%, response: 115.1, target: 115.1
2026-08-11 23:24:59.921 | DEBUG    | eval.evaluation.evaluation:metric_call:77 - metric_func_name number_near score 1.0 msg number near in range 5.0%, response: 123.7, target: 123.7
2026-08-11 23:24:59.921 | DEBUG    | eval.evaluation.evaluation:metric_call:77 - metric_func_name number_near score 1.0 msg number near in range 5.0%, response: 127.7, target: 127.7
2026-08-11 23:24:59.922 | DEBUG    | eval.evaluation.evaluation:evaluate_single_query:321 - wide2deep_ws_en_024, col viewership(million), metric_func_name number_near, score [1.0, 1.0, 1.0, 1.0, 1.0, 1.0, 1.0, 1.0, 1.0, 1.0, 1.0, 1.0, 1.0, 1.0, 1.0, 1.0, 1.0, 1.0, 1.0, 1.0, 1.0, 0.0, 1.0, 1.0, 1.0]
2026-08-11 23:25:05.342 | DEBUG    | eval.evaluation.evaluation:evaluate_single_query:321 - wide2deep_ws_en_024, col half-timeshowsponsors, metric_func_name llm_judge, score [1, 1, 1, 0, 1, 1, 1, 1, 1, 1, 1, 1, 1, 1, 1, 1, 1, 1, 1, 0, 1, 1, 1, 1, 1]
2026-08-11 23:25:05.347 | INFO     | eval.evaluation.evaluation:evaluate_single_query:380 - wide2deep_ws_en_024, P/R/F1 by unique_columns: 1.0000/1.0000/1.0000
2026-08-11 23:25:05.347 | INFO     | eval.evaluation.evaluation:evaluate_single_query:383 - wide2deep_ws_en_024, P/R/F1 by row: 0.8800/0.8800/0.8800
2026-08-11 23:25:05.347 | INFO     | eval.evaluation.evaluation:evaluate_single_query:386 - wide2deep_ws_en_024, P/R/F1 by item: 0.9829/0.9829/0.9829
2026-08-11 23:25:05.350 | INFO     | eval.evaluation.evaluation:evaluate_single_query:398 - wide2deep_ws_en_024, final table score: 0.0
{"event": "eval_done", "idx": 7, "instance_id": "wide2deep_ws_en_024", "score": 0.0, "entity_acc": 1.0, "f1_by_row": 0.88, "f1_by_item": 0.9828571428571429, "column_f1": 1.0, "error": null, "elapsed_seconds": 8.417, "running_n": 7}
SUMMARY {"n": 7, "valid_n": 7, "errors": 0, "complete": true, "judge_calls_current_process": 16, "score": 0.0, "entity_acc": 0.42857142857142855, "precision_by_row": 0.12571428571428572, "recall_by_row": 0.12571428571428572, "f1_by_row": 0.12571428571428572, "precision_by_item": 0.2536996336996337, "recall_by_item": 0.23796536796536796, "f1_by_item": 0.24380952380952384, "column_precision": 0.3956043956043956, "column_recall": 0.35064935064935066, "column_f1": 0.36734693877551017}
