INFO: Pandarallel will run on 8 workers.
INFO: Pandarallel will use Memory file system to transfer data between the main process and workers.
{"event": "eval_start", "selected": 7, "resume_committed": 0, "committed_errors": 0, "crash_only_resume": false}
{"event": "eval_done", "idx": 1, "instance_id": "wide2deep_ws_en_039", "score": 0.0, "entity_acc": 0.0, "f1_by_row": 0.0, "f1_by_item": 0.0, "column_f1": 0.0, "error": null, "elapsed_seconds": 4.139, "running_n": 1}
{"event": "eval_done", "idx": 2, "instance_id": "wide2deep_ws_en_052", "score": 0.0, "entity_acc": 0.0, "f1_by_row": 0.0, "f1_by_item": 0.0, "column_f1": 0.0, "error": null, "elapsed_seconds": 0.969, "running_n": 2}
2026-08-11 23:24:24.849 | DEBUG    | eval.evaluation.data_loader:extract_dataframe:167 - find markdown_str 
| Project | State | Start Year | Completion Year | Final Total  ...
2026-08-11 23:24:27.861 | INFO     | eval.evaluation.metric_utils:primary_key_preprocess:246 - primary_key_preprocess result: ```json
{
  "Salt Lake City International Airport Redevelopment Program": "the New Salt Lake City International Airport",
  "LaGuardia Airport Redevelopment": "LaGuardia Reconstruction",
  "John F. Kennedy International Airport Redevelopment": "JFK International Airport Master Plan",
  "Build KCI – New Terminal at Kansas City International Airport": "Kansas City International - single-terminal replacement",
  "Denver International Airport Great Hall Program": "Denver Airport Great Hall Renovation",
  "Dallas Fort Worth International Airport Terminal F Program": "Dallas Fort Worth International Airport (DFW) Terminal F Expansion Program",
  "George Bush Intercontinental Airport Terminal Redevelopment Program": "IAH Terminal Redevelopment Program (ITRP)",
  "BNA Vision – Nashville International Airport Expansion and Renovation": "(Nashville International Airport) BNA Vision Expansion",
  "Newark Liberty International Airport Terminal A Redevelopment": "Newark Liberty International Airport– New Terminal A",
  "PDX Next – Portland International Airport Redevelopment": "Portland International Airport- new terminal(PDXNext)",
  "Louis Armstrong New Orleans International Airport New Terminal Project": "Louis Armstrong New Orleans International - North Terminal"
}
```
2026-08-11 23:24:27.861 | INFO     | eval.evaluation.evaluation:evaluate_single_query:223 - col: project, primary_key_map {'Salt Lake City International Airport Redevelopment Program': 'the New Salt Lake City International Airport', 'LaGuardia Airport Redevelopment': 'LaGuardia Reconstruction', 'John F. Kennedy International Airport Redevelopment': 'JFK International Airport Master Plan', 'Build KCI – New Terminal at Kansas City International Airport': 'Kansas City International - single-terminal replacement', 'Denver International Airport Great Hall Program': 'Denver Airport Great Hall Renovation', 'Dallas Fort Worth International Airport Terminal F Program': 'Dallas Fort Worth International Airport (DFW) Terminal F Expansion Program', 'George Bush Intercontinental Airport Terminal Redevelopment Program': 'IAH Terminal Redevelopment Program (ITRP)', 'BNA Vision – Nashville International Airport Expansion and Renovation': '(Nashville International Airport) BNA Vision Expansion', 'Newark Liberty International Airport Terminal A Redevelopment': 'Newark Liberty International Airport– New Terminal A', 'PDX Next – Portland International Airport Redevelopment': 'Portland International Airport- new terminal(PDXNext)', 'Louis Armstrong New Orleans International Airport New Terminal Project': 'Louis Armstrong New Orleans International - North Terminal'}
2026-08-11 23:24:27.869 | INFO     | eval.evaluation.evaluation:evaluate_single_query:275 - wide2deep_ws_en_054, df_inner shape: (11, 10), answer_df shape: (16, 5), response_df shape: (12, 6)
2026-08-11 23:24:29.721 | DEBUG    | eval.evaluation.evaluation:evaluate_single_query:321 - wide2deep_ws_en_054, col state, metric_func_name llm_judge, score [1, 1, 1, 1, 1, 1, 1, 1, 1, 1, 1]
2026-08-11 23:24:32.521 | DEBUG    | eval.evaluation.evaluation:evaluate_single_query:321 - wide2deep_ws_en_054, col startyear, metric_func_name llm_judge, score [1, 1, 1, 1, 0, 1, 0, 1, 1, 0, 1]
2026-08-11 23:24:32.522 | DEBUG    | eval.evaluation.evaluation:metric_call:77 - metric_func_name exact_match score 1.0 msg exact match, response: nan, target: nan
2026-08-11 23:24:32.522 | DEBUG    | eval.evaluation.evaluation:metric_call:77 - metric_func_name exact_match score 1.0 msg exact match, response: 2019.0, target: 2019.0
2026-08-11 23:24:32.522 | DEBUG    | eval.evaluation.evaluation:metric_call:77 - metric_func_name exact_match score 1.0 msg exact match, response: 2023.0, target: 2023.0
2026-08-11 23:24:32.522 | DEBUG    | eval.evaluation.evaluation:metric_call:77 - metric_func_name exact_match score 1.0 msg exact match, response: 2023.0, target: 2023.0
2026-08-11 23:24:32.522 | DEBUG    | eval.evaluation.evaluation:metric_call:77 - metric_func_name exact_match score 1.0 msg exact match, response: nan, target: nan
2026-08-11 23:24:32.522 | DEBUG    | eval.evaluation.evaluation:metric_call:77 - metric_func_name exact_match score 1.0 msg exact match, response: 2022.0, target: 2022.0
2026-08-11 23:24:32.522 | DEBUG    | eval.evaluation.evaluation:metric_call:77 - metric_func_name exact_match score 0.0 msg exact not match, response: nan, target: 2024.0
2026-08-11 23:24:32.522 | DEBUG    | eval.evaluation.evaluation:metric_call:77 - metric_func_name exact_match score 0.0 msg exact not match, response: 2024.0, target: 2023.0
2026-08-11 23:24:32.522 | DEBUG    | eval.evaluation.evaluation:metric_call:77 - metric_func_name exact_match score 1.0 msg exact match, response: nan, target: nan
2026-08-11 23:24:32.522 | DEBUG    | eval.evaluation.evaluation:metric_call:77 - metric_func_name exact_match score 1.0 msg exact match, response: nan, target: nan
2026-08-11 23:24:32.522 | DEBUG    | eval.evaluation.evaluation:metric_call:77 - metric_func_name exact_match score 1.0 msg exact match, response: nan, target: nan
2026-08-11 23:24:32.523 | DEBUG    | eval.evaluation.evaluation:evaluate_single_query:321 - wide2deep_ws_en_054, col completionyear, metric_func_name exact_match, score [1.0, 1.0, 1.0, 1.0, 1.0, 1.0, 0.0, 0.0, 1.0, 1.0, 1.0]
2026-08-11 23:24:32.523 | DEBUG    | eval.evaluation.evaluation:metric_call:77 - metric_func_name number_near score 0.0 msg number not near, response: 2.1, target: 1.3
2026-08-11 23:24:32.523 | DEBUG    | eval.evaluation.evaluation:metric_call:77 - metric_func_name number_near score 1.0 msg number near in range 10.0%, response: 1.3, target: 1.3
2026-08-11 23:24:32.523 | DEBUG    | eval.evaluation.evaluation:metric_call:77 - metric_func_name number_near score 1.0 msg number near in range 10.0%, response: 1.5, target: 1.5
2026-08-11 23:24:32.523 | DEBUG    | eval.evaluation.evaluation:metric_call:77 - metric_func_name number_near score 1.0 msg number near in range 10.0%, response: 2.7, target: 2.7
2026-08-11 23:24:32.523 | DEBUG    | eval.evaluation.evaluation:metric_call:77 - metric_func_name number_near score 1.0 msg number near in range 10.0%, response: 19.0, target: 19.0
2026-08-11 23:24:32.523 | DEBUG    | eval.evaluation.evaluation:metric_call:77 - metric_func_name number_near score 1.0 msg number near in range 10.0%, response: 8.0, target: 8.0
2026-08-11 23:24:32.523 | DEBUG    | eval.evaluation.evaluation:metric_call:77 - metric_func_name number_near score 1.0 msg number near in range 10.0%, response: 2.15, target: 2.15
2026-08-11 23:24:32.523 | DEBUG    | eval.evaluation.evaluation:metric_call:77 - metric_func_name number_near score 1.0 msg number near in range 10.0%, response: 1.4, target: 1.5
2026-08-11 23:24:32.523 | DEBUG    | eval.evaluation.evaluation:metric_call:77 - metric_func_name number_near score 1.0 msg number near in range 10.0%, response: 1.63, target: 1.6
2026-08-11 23:24:32.523 | DEBUG    | eval.evaluation.evaluation:metric_call:77 - metric_func_name number_near score 0.0 msg number not near, response: 1.46, target: 1.3
2026-08-11 23:24:32.523 | DEBUG    | eval.evaluation.evaluation:metric_call:77 - metric_func_name number_near score 1.0 msg number near in range 10.0%, response: 5.1, target: 5.1
2026-08-11 23:24:32.524 | DEBUG    | eval.evaluation.evaluation:evaluate_single_query:321 - wide2deep_ws_en_054, col finaltotalcost, metric_func_name number_near, score [0.0, 1.0, 1.0, 1.0, 1.0, 1.0, 1.0, 1.0, 1.0, 0.0, 1.0]
2026-08-11 23:24:32.531 | INFO     | eval.evaluation.evaluation:evaluate_single_query:380 - wide2deep_ws_en_054, P/R/F1 by unique_columns: 0.9167/0.6875/0.7857
2026-08-11 23:24:32.531 | INFO     | eval.evaluation.evaluation:evaluate_single_query:383 - wide2deep_ws_en_054, P/R/F1 by row: 0.5000/0.3750/0.4286
2026-08-11 23:24:32.531 | INFO     | eval.evaluation.evaluation:evaluate_single_query:386 - wide2deep_ws_en_054, P/R/F1 by item: 0.8000/0.6000/0.6857
2026-08-11 23:24:32.534 | INFO     | eval.evaluation.evaluation:evaluate_single_query:398 - wide2deep_ws_en_054, final table score: 0.0
{"event": "eval_done", "idx": 3, "instance_id": "wide2deep_ws_en_054", "score": 0.0, "entity_acc": 1.0, "f1_by_row": 0.42857142857142855, "f1_by_item": 0.6857142857142857, "column_f1": 0.7857142857142857, "error": null, "elapsed_seconds": 9.059, "running_n": 3}
2026-08-11 23:24:34.449 | DEBUG    | eval.evaluation.data_loader:extract_dataframe:167 - find markdown_str 
| State Name | Current Constitution Effective Date | Number of  ...
2026-08-11 23:24:42.133 | INFO     | eval.evaluation.metric_utils:primary_key_preprocess:246 - primary_key_preprocess result: ```json
{
  "Alabama": "Alabama",
  "Alaska": "Alaska",
  "Arizona": "Arizona",
  "Arkansas": "Arkansas",
  "California": "California",
  "Colorado": "Colorado",
  "Connecticut": "Connecticut",
  "Florida": "Florida",
  "Georgia": "Georgia",
  "Hawaii": "Hawaii",
  "Idaho": "Idaho",
  "Illinois": "Illinois",
  "Indiana": "Indiana",
  "Iowa": "Iowa",
  "Kansas": "Kansas",
  "Kentucky": "Kentucky",
  "Louisiana": "Louisiana",
  "Maine": "Maine",
  "Maryland": "Maryland",
  "Michigan": "Michigan",
  "Minnesota": "Minnesota",
  "Mississippi": "Mississippi",
  "Missouri": "Missouri",
  "Montana": "Montana",
  "Nebraska": "Nebraska",
  "New Jersey": "New Jersey",
  "New Mexico": "New Mexico",
  "North Carolina": "North Carolina",
  "North Dakota": "North Dakota",
  "Ohio": "Ohio",
  "Oklahoma": "Oklahoma",
  "Oregon": "Oregon",
  "Pennsylvania": "Pennsylvania",
  "South Carolina": "South Carolina",
  "South Dakota": "South Dakota",
  "Texas": "Texas",
  "Utah": "Utah",
  "Virginia": "Virginia",
  "Washington": "Washington",
  "Wisconsin": "Wisconsin",
  "Wyoming": "Wyoming"
}
```
2026-08-11 23:24:42.133 | INFO     | eval.evaluation.evaluation:evaluate_single_query:223 - col: statename, primary_key_map {'Alabama': 'Alabama', 'Alaska': 'Alaska', 'Arizona': 'Arizona', 'Arkansas': 'Arkansas', 'California': 'California', 'Colorado': 'Colorado', 'Connecticut': 'Connecticut', 'Florida': 'Florida', 'Georgia': 'Georgia', 'Hawaii': 'Hawaii', 'Idaho': 'Idaho', 'Illinois': 'Illinois', 'Indiana': 'Indiana', 'Iowa': 'Iowa', 'Kansas': 'Kansas', 'Kentucky': 'Kentucky', 'Louisiana': 'Louisiana', 'Maine': 'Maine', 'Maryland': 'Maryland', 'Michigan': 'Michigan', 'Minnesota': 'Minnesota', 'Mississippi': 'Mississippi', 'Missouri': 'Missouri', 'Montana': 'Montana', 'Nebraska': 'Nebraska', 'New Jersey': 'New Jersey', 'New Mexico': 'New Mexico', 'North Carolina': 'North Carolina', 'North Dakota': 'North Dakota', 'Ohio': 'Ohio', 'Oklahoma': 'Oklahoma', 'Oregon': 'Oregon', 'Pennsylvania': 'Pennsylvania', 'South Carolina': 'South Carolina', 'South Dakota': 'South Dakota', 'Texas': 'Texas', 'Utah': 'Utah', 'Virginia': 'Virginia', 'Washington': 'Washington', 'Wisconsin': 'Wisconsin', 'Wyoming': 'Wyoming'}
2026-08-11 23:24:42.139 | INFO     | eval.evaluation.evaluation:evaluate_single_query:275 - wide2deep_ws_en_064, df_inner shape: (41, 8), answer_df shape: (41, 4), response_df shape: (41, 5)
2026-08-11 23:24:42.140 | DEBUG    | eval.evaluation.evaluation:metric_call:77 - metric_func_name exact_match score 1.0 msg exact match, response: 2022-11-28, target: 2022-11-28
2026-08-11 23:24:42.140 | DEBUG    | eval.evaluation.evaluation:metric_call:77 - metric_func_name exact_match score 1.0 msg exact match, response: 1959-01-03, target: 1959-01-03
2026-08-11 23:24:42.140 | DEBUG    | eval.evaluation.evaluation:metric_call:77 - metric_func_name exact_match score 1.0 msg exact match, response: 1912-02-14, target: 1912-02-14
2026-08-11 23:24:42.140 | DEBUG    | eval.evaluation.evaluation:metric_call:77 - metric_func_name exact_match score 1.0 msg exact match, response: 1874-10-30, target: 1874-10-30
2026-08-11 23:24:42.140 | DEBUG    | eval.evaluation.evaluation:metric_call:77 - metric_func_name exact_match score 1.0 msg exact match, response: 1879-05-07, target: 1879-05-07
2026-08-11 23:24:42.140 | DEBUG    | eval.evaluation.evaluation:metric_call:77 - metric_func_name exact_match score 1.0 msg exact match, response: 1876-08-01, target: 1876-08-01
2026-08-11 23:24:42.140 | DEBUG    | eval.evaluation.evaluation:metric_call:77 - metric_func_name exact_match score 1.0 msg exact match, response: 1965-12-30, target: 1965-12-30
2026-08-11 23:24:42.140 | DEBUG    | eval.evaluation.evaluation:metric_call:77 - metric_func_name exact_match score 0.0 msg exact not match, response: 1969-01-07, target: 1968-11-05
2026-08-11 23:24:42.140 | DEBUG    | eval.evaluation.evaluation:metric_call:77 - metric_func_name exact_match score 1.0 msg exact match, response: 1983-07-01, target: 1983-07-01
2026-08-11 23:24:42.140 | DEBUG    | eval.evaluation.evaluation:metric_call:77 - metric_func_name exact_match score 1.0 msg exact match, response: 1959-08-21, target: 1959-08-21
2026-08-11 23:24:42.140 | DEBUG    | eval.evaluation.evaluation:metric_call:77 - metric_func_name exact_match score 1.0 msg exact match, response: 1890-07-03, target: 1890-07-03
2026-08-11 23:24:42.140 | DEBUG    | eval.evaluation.evaluation:metric_call:77 - metric_func_name exact_match score 1.0 msg exact match, response: 1971-07-01, target: 1971-07-01
2026-08-11 23:24:42.140 | DEBUG    | eval.evaluation.evaluation:metric_call:77 - metric_func_name exact_match score 1.0 msg exact match, response: 1851-11-01, target: 1851-11-01
2026-08-11 23:24:42.140 | DEBUG    | eval.evaluation.evaluation:metric_call:77 - metric_func_name exact_match score 1.0 msg exact match, response: 1857-09-03, target: 1857-09-03
2026-08-11 23:24:42.140 | DEBUG    | eval.evaluation.evaluation:metric_call:77 - metric_func_name exact_match score 1.0 msg exact match, response: 1861-01-29, target: 1861-01-29
2026-08-11 23:24:42.140 | DEBUG    | eval.evaluation.evaluation:metric_call:77 - metric_func_name exact_match score 1.0 msg exact match, response: 1891-09-28, target: 1891-09-28
2026-08-11 23:24:42.140 | DEBUG    | eval.evaluation.evaluation:metric_call:77 - metric_func_name exact_match score 1.0 msg exact match, response: 1975-01-01, target: 1975-01-01
2026-08-11 23:24:42.140 | DEBUG    | eval.evaluation.evaluation:metric_call:77 - metric_func_name exact_match score 1.0 msg exact match, response: 1820-03-15, target: 1820-03-15
2026-08-11 23:24:42.140 | DEBUG    | eval.evaluation.evaluation:metric_call:77 - metric_func_name exact_match score 1.0 msg exact match, response: 1867-10-05, target: 1867-10-05
2026-08-11 23:24:42.140 | DEBUG    | eval.evaluation.evaluation:metric_call:77 - metric_func_name exact_match score 1.0 msg exact match, response: 1964-01-01, target: 1964-01-01
2026-08-11 23:24:42.140 | DEBUG    | eval.evaluation.evaluation:metric_call:77 - metric_func_name exact_match score 1.0 msg exact match, response: 1858-05-11, target: 1858-05-11
2026-08-11 23:24:42.140 | DEBUG    | eval.evaluation.evaluation:metric_call:77 - metric_func_name exact_match score 1.0 msg exact match, response: 1890-11-01, target: 1890-11-01
2026-08-11 23:24:42.140 | DEBUG    | eval.evaluation.evaluation:metric_call:77 - metric_func_name exact_match score 0.0 msg exact not match, response: 1945-03-30, target: 1945-02-27
2026-08-11 23:24:42.141 | DEBUG    | eval.evaluation.evaluation:metric_call:77 - metric_func_name exact_match score 0.0 msg exact not match, response: 1972-07-01, target: 1973-07-01
2026-08-11 23:24:42.141 | DEBUG    | eval.evaluation.evaluation:metric_call:77 - metric_func_name exact_match score 1.0 msg exact match, response: 1875-11-01, target: 1875-11-01
2026-08-11 23:24:42.141 | DEBUG    | eval.evaluation.evaluation:metric_call:77 - metric_func_name exact_match score 1.0 msg exact match, response: 1948-01-01, target: 1948-01-01
2026-08-11 23:24:42.141 | DEBUG    | eval.evaluation.evaluation:metric_call:77 - metric_func_name exact_match score 1.0 msg exact match, response: 1912-01-06, target: 1912-01-06
2026-08-11 23:24:42.141 | DEBUG    | eval.evaluation.evaluation:metric_call:77 - metric_func_name exact_match score 1.0 msg exact match, response: 1971-07-01, target: 1971-07-01
2026-08-11 23:24:42.141 | DEBUG    | eval.evaluation.evaluation:metric_call:77 - metric_func_name exact_match score 1.0 msg exact match, response: 1889-11-02, target: 1889-11-02
2026-08-11 23:24:42.141 | DEBUG    | eval.evaluation.evaluation:metric_call:77 - metric_func_name exact_match score 1.0 msg exact match, response: 1851-09-01, target: 1851-09-01
2026-08-11 23:24:42.141 | DEBUG    | eval.evaluation.evaluation:metric_call:77 - metric_func_name exact_match score 1.0 msg exact match, response: 1907-11-16, target: 1907-11-16
2026-08-11 23:24:42.141 | DEBUG    | eval.evaluation.evaluation:metric_call:77 - metric_func_name exact_match score 1.0 msg exact match, response: 1859-02-14, target: 1859-02-14
2026-08-11 23:24:42.141 | DEBUG    | eval.evaluation.evaluation:metric_call:77 - metric_func_name exact_match score 1.0 msg exact match, response: 1968-04-23, target: 1968-04-23
2026-08-11 23:24:42.141 | DEBUG    | eval.evaluation.evaluation:metric_call:77 - metric_func_name exact_match score 1.0 msg exact match, response: 1895-12-04, target: 1895-12-04
2026-08-11 23:24:42.141 | DEBUG    | eval.evaluation.evaluation:metric_call:77 - metric_func_name exact_match score 1.0 msg exact match, response: 1889-11-02, target: 1889-11-02
2026-08-11 23:24:42.141 | DEBUG    | eval.evaluation.evaluation:metric_call:77 - metric_func_name exact_match score 1.0 msg exact match, response: 1876-02-15, target: 1876-02-15
2026-08-11 23:24:42.141 | DEBUG    | eval.evaluation.evaluation:metric_call:77 - metric_func_name exact_match score 1.0 msg exact match, response: 1896-01-04, target: 1896-01-04
2026-08-11 23:24:42.141 | DEBUG    | eval.evaluation.evaluation:metric_call:77 - metric_func_name exact_match score 1.0 msg exact match, response: 1971-07-01, target: 1971-07-01
2026-08-11 23:24:42.141 | DEBUG    | eval.evaluation.evaluation:metric_call:77 - metric_func_name exact_match score 1.0 msg exact match, response: 1889-11-11, target: 1889-11-11
2026-08-11 23:24:42.141 | DEBUG    | eval.evaluation.evaluation:metric_call:77 - metric_func_name exact_match score 1.0 msg exact match, response: 1848-05-29, target: 1848-05-29
2026-08-11 23:24:42.141 | DEBUG    | eval.evaluation.evaluation:metric_call:77 - metric_func_name exact_match score 1.0 msg exact match, response: 1890-07-10, target: 1890-07-10
2026-08-11 23:24:42.142 | DEBUG    | eval.evaluation.evaluation:evaluate_single_query:321 - wide2deep_ws_en_064, col currentconstitutioneffectivedate, metric_func_name exact_match, score [1.0, 1.0, 1.0, 1.0, 1.0, 1.0, 1.0, 0.0, 1.0, 1.0, 1.0, 1.0, 1.0, 1.0, 1.0, 1.0, 1.0, 1.0, 1.0, 1.0, 1.0, 1.0, 0.0, 0.0, 1.0, 1.0, 1.0, 1.0, 1.0, 1.0, 1.0, 1.0, 1.0, 1.0, 1.0, 1.0, 1.0, 1.0, 1.0, 1.0, 1.0]
2026-08-11 23:24:42.142 | DEBUG    | eval.evaluation.evaluation:metric_call:77 - metric_func_name exact_match score 0.0 msg exact not match, response: 0, target: 12
2026-08-11 23:24:42.142 | DEBUG    | eval.evaluation.evaluation:metric_call:77 - metric_func_name exact_match score 0.0 msg exact not match, response: 29, target: 28
2026-08-11 23:24:42.142 | DEBUG    | eval.evaluation.evaluation:metric_call:77 - metric_func_name exact_match score 0.0 msg exact not match, response: 156, target: 161
2026-08-11 23:24:42.142 | DEBUG    | eval.evaluation.evaluation:metric_call:77 - metric_func_name exact_match score 0.0 msg exact not match, response: 102, target: 104
2026-08-11 23:24:42.142 | DEBUG    | eval.evaluation.evaluation:metric_call:77 - metric_func_name exact_match score 0.0 msg exact not match, response: 514, target: 524
2026-08-11 23:24:42.142 | DEBUG    | eval.evaluation.evaluation:metric_call:77 - metric_func_name exact_match score 0.0 msg exact not match, response: 166, target: 176
2026-08-11 23:24:42.142 | DEBUG    | eval.evaluation.evaluation:metric_call:77 - metric_func_name exact_match score 0.0 msg exact not match, response: 31, target: 34
2026-08-11 23:24:42.142 | DEBUG    | eval.evaluation.evaluation:metric_call:77 - metric_func_name exact_match score 0.0 msg exact not match, response: 144, target: 146
2026-08-11 23:24:42.142 | DEBUG    | eval.evaluation.evaluation:metric_call:77 - metric_func_name exact_match score 0.0 msg exact not match, response: 89, target: 91
2026-08-11 23:24:42.142 | DEBUG    | eval.evaluation.evaluation:metric_call:77 - metric_func_name exact_match score 0.0 msg exact not match, response: 120, target: 117
2026-08-11 23:24:42.142 | DEBUG    | eval.evaluation.evaluation:metric_call:77 - metric_func_name exact_match score 0.0 msg exact not match, response: 135, target: 143
2026-08-11 23:24:42.142 | DEBUG    | eval.evaluation.evaluation:metric_call:77 - metric_func_name exact_match score 0.0 msg exact not match, response: 14, target: 15
2026-08-11 23:24:42.142 | DEBUG    | eval.evaluation.evaluation:metric_call:77 - metric_func_name exact_match score 0.0 msg exact not match, response: 48, target: 46
2026-08-11 23:24:42.143 | DEBUG    | eval.evaluation.evaluation:metric_call:77 - metric_func_name exact_match score 0.0 msg exact not match, response: 47, target: 51
2026-08-11 23:24:42.143 | DEBUG    | eval.evaluation.evaluation:metric_call:77 - metric_func_name exact_match score 0.0 msg exact not match, response: 99, target: 95
2026-08-11 23:24:42.143 | DEBUG    | eval.evaluation.evaluation:metric_call:77 - metric_func_name exact_match score 0.0 msg exact not match, response: 44, target: 41
2026-08-11 23:24:42.143 | DEBUG    | eval.evaluation.evaluation:metric_call:77 - metric_func_name exact_match score 0.0 msg exact not match, response: 216, target: 221
2026-08-11 23:24:42.143 | DEBUG    | eval.evaluation.evaluation:metric_call:77 - metric_func_name exact_match score 0.0 msg exact not match, response: 175, target: 177
2026-08-11 23:24:42.143 | DEBUG    | eval.evaluation.evaluation:metric_call:77 - metric_func_name exact_match score 0.0 msg exact not match, response: 234, target: 240
2026-08-11 23:24:42.143 | DEBUG    | eval.evaluation.evaluation:metric_call:77 - metric_func_name exact_match score 0.0 msg exact not match, response: 36, target: 39
2026-08-11 23:24:42.143 | DEBUG    | eval.evaluation.evaluation:metric_call:77 - metric_func_name exact_match score 0.0 msg exact not match, response: 123, target: 121
2026-08-11 23:24:42.143 | DEBUG    | eval.evaluation.evaluation:metric_call:77 - metric_func_name exact_match score 0.0 msg exact not match, response: 136, target: 123
2026-08-11 23:24:42.143 | DEBUG    | eval.evaluation.evaluation:metric_call:77 - metric_func_name exact_match score 0.0 msg exact not match, response: 134, target: 126
2026-08-11 23:24:42.143 | DEBUG    | eval.evaluation.evaluation:metric_call:77 - metric_func_name exact_match score 0.0 msg exact not match, response: 34, target: 38
2026-08-11 23:24:42.143 | DEBUG    | eval.evaluation.evaluation:metric_call:77 - metric_func_name exact_match score 0.0 msg exact not match, response: 239, target: 240
2026-08-11 23:24:42.143 | DEBUG    | eval.evaluation.evaluation:metric_call:77 - metric_func_name exact_match score 0.0 msg exact not match, response: 63, target: 59
2026-08-11 23:24:42.143 | DEBUG    | eval.evaluation.evaluation:metric_call:77 - metric_func_name exact_match score 0.0 msg exact not match, response: 179, target: 182
2026-08-11 23:24:42.143 | DEBUG    | eval.evaluation.evaluation:metric_call:77 - metric_func_name exact_match score 0.0 msg exact not match, response: 49, target: 37
2026-08-11 23:24:42.143 | DEBUG    | eval.evaluation.evaluation:metric_call:77 - metric_func_name exact_match score 0.0 msg exact not match, response: 165, target: 167
2026-08-11 23:24:42.143 | DEBUG    | eval.evaluation.evaluation:metric_call:77 - metric_func_name exact_match score 0.0 msg exact not match, response: 172, target: 173
2026-08-11 23:24:42.143 | DEBUG    | eval.evaluation.evaluation:metric_call:77 - metric_func_name exact_match score 0.0 msg exact not match, response: 200, target: 205
2026-08-11 23:24:42.143 | DEBUG    | eval.evaluation.evaluation:metric_call:77 - metric_func_name exact_match score 0.0 msg exact not match, response: 259, target: 260
2026-08-11 23:24:42.143 | DEBUG    | eval.evaluation.evaluation:metric_call:77 - metric_func_name exact_match score 0.0 msg exact not match, response: 37, target: 44
2026-08-11 23:24:42.143 | DEBUG    | eval.evaluation.evaluation:metric_call:77 - metric_func_name exact_match score 0.0 msg exact not match, response: 502, target: 410
2026-08-11 23:24:42.143 | DEBUG    | eval.evaluation.evaluation:metric_call:77 - metric_func_name exact_match score 0.0 msg exact not match, response: 154, target: 13
2026-08-11 23:24:42.143 | DEBUG    | eval.evaluation.evaluation:metric_call:77 - metric_func_name exact_match score 0.0 msg exact not match, response: 530, target: 528
2026-08-11 23:24:42.143 | DEBUG    | eval.evaluation.evaluation:metric_call:77 - metric_func_name exact_match score 0.0 msg exact not match, response: 132, target: 134
2026-08-11 23:24:42.143 | DEBUG    | eval.evaluation.evaluation:metric_call:77 - metric_func_name exact_match score 0.0 msg exact not match, response: 57, target: 15
2026-08-11 23:24:42.143 | DEBUG    | eval.evaluation.evaluation:metric_call:77 - metric_func_name exact_match score 0.0 msg exact not match, response: 111, target: 109
2026-08-11 23:24:42.143 | DEBUG    | eval.evaluation.evaluation:metric_call:77 - metric_func_name exact_match score 0.0 msg exact not match, response: 150, target: 152
2026-08-11 23:24:42.143 | DEBUG    | eval.evaluation.evaluation:metric_call:77 - metric_func_name exact_match score 0.0 msg exact not match, response: 112, target: 71
2026-08-11 23:24:42.144 | DEBUG    | eval.evaluation.evaluation:evaluate_single_query:321 - wide2deep_ws_en_064, col numberofconstitutionalamendments, metric_func_name exact_match, score [0.0, 0.0, 0.0, 0.0, 0.0, 0.0, 0.0, 0.0, 0.0, 0.0, 0.0, 0.0, 0.0, 0.0, 0.0, 0.0, 0.0, 0.0, 0.0, 0.0, 0.0, 0.0, 0.0, 0.0, 0.0, 0.0, 0.0, 0.0, 0.0, 0.0, 0.0, 0.0, 0.0, 0.0, 0.0, 0.0, 0.0, 0.0, 0.0, 0.0, 0.0]
2026-08-11 23:24:42.144 | DEBUG    | eval.evaluation.evaluation:metric_call:77 - metric_func_name exact_match score 0.0 msg exact not match, response: 20, target: 18
2026-08-11 23:24:42.144 | DEBUG    | eval.evaluation.evaluation:metric_call:77 - metric_func_name exact_match score 1.0 msg exact match, response: 15, target: 15
2026-08-11 23:24:42.144 | DEBUG    | eval.evaluation.evaluation:metric_call:77 - metric_func_name exact_match score 1.0 msg exact match, response: 30, target: 30
2026-08-11 23:24:42.144 | DEBUG    | eval.evaluation.evaluation:metric_call:77 - metric_func_name exact_match score 0.0 msg exact not match, response: 19, target: 20
2026-08-11 23:24:42.145 | DEBUG    | eval.evaluation.evaluation:metric_call:77 - metric_func_name exact_match score 1.0 msg exact match, response: 35, target: 35
2026-08-11 23:24:42.145 | DEBUG    | eval.evaluation.evaluation:metric_call:77 - metric_func_name exact_match score 1.0 msg exact match, response: 29, target: 29
2026-08-11 23:24:42.145 | DEBUG    | eval.evaluation.evaluation:metric_call:77 - metric_func_name exact_match score 1.0 msg exact match, response: 14, target: 14
2026-08-11 23:24:42.145 | DEBUG    | eval.evaluation.evaluation:metric_call:77 - metric_func_name exact_match score 1.0 msg exact match, response: 12, target: 12
2026-08-11 23:24:42.145 | DEBUG    | eval.evaluation.evaluation:metric_call:77 - metric_func_name exact_match score 1.0 msg exact match, response: 11, target: 11
2026-08-11 23:24:42.145 | DEBUG    | eval.evaluation.evaluation:metric_call:77 - metric_func_name exact_match score 1.0 msg exact match, response: 18, target: 18
2026-08-11 23:24:42.145 | DEBUG    | eval.evaluation.evaluation:metric_call:77 - metric_func_name exact_match score 1.0 msg exact match, response: 21, target: 21
2026-08-11 23:24:42.145 | DEBUG    | eval.evaluation.evaluation:metric_call:77 - metric_func_name exact_match score 1.0 msg exact match, response: 14, target: 14
2026-08-11 23:24:42.145 | DEBUG    | eval.evaluation.evaluation:metric_call:77 - metric_func_name exact_match score 1.0 msg exact match, response: 16, target: 16
2026-08-11 23:24:42.145 | DEBUG    | eval.evaluation.evaluation:metric_call:77 - metric_func_name exact_match score 1.0 msg exact match, response: 12, target: 12
2026-08-11 23:24:42.145 | DEBUG    | eval.evaluation.evaluation:metric_call:77 - metric_func_name exact_match score 1.0 msg exact match, response: 15, target: 15
2026-08-11 23:24:42.145 | DEBUG    | eval.evaluation.evaluation:metric_call:77 - metric_func_name exact_match score 1.0 msg exact match, response: 20, target: 20
2026-08-11 23:24:42.145 | DEBUG    | eval.evaluation.evaluation:metric_call:77 - metric_func_name exact_match score 1.0 msg exact match, response: 14, target: 14
2026-08-11 23:24:42.145 | DEBUG    | eval.evaluation.evaluation:metric_call:77 - metric_func_name exact_match score 1.0 msg exact match, response: 10, target: 10
2026-08-11 23:24:42.145 | DEBUG    | eval.evaluation.evaluation:metric_call:77 - metric_func_name exact_match score 0.0 msg exact not match, response: 17, target: 20
2026-08-11 23:24:42.145 | DEBUG    | eval.evaluation.evaluation:metric_call:77 - metric_func_name exact_match score 1.0 msg exact match, response: 12, target: 12
2026-08-11 23:24:42.145 | DEBUG    | eval.evaluation.evaluation:metric_call:77 - metric_func_name exact_match score 1.0 msg exact match, response: 14, target: 14
2026-08-11 23:24:42.145 | DEBUG    | eval.evaluation.evaluation:metric_call:77 - metric_func_name exact_match score 1.0 msg exact match, response: 15, target: 15
2026-08-11 23:24:42.145 | DEBUG    | eval.evaluation.evaluation:metric_call:77 - metric_func_name exact_match score 0.0 msg exact not match, response: 13, target: 14
2026-08-11 23:24:42.145 | DEBUG    | eval.evaluation.evaluation:metric_call:77 - metric_func_name exact_match score 1.0 msg exact match, response: 14, target: 14
2026-08-11 23:24:42.145 | DEBUG    | eval.evaluation.evaluation:metric_call:77 - metric_func_name exact_match score 1.0 msg exact match, response: 18, target: 18
2026-08-11 23:24:42.145 | DEBUG    | eval.evaluation.evaluation:metric_call:77 - metric_func_name exact_match score 1.0 msg exact match, response: 11, target: 11
2026-08-11 23:24:42.145 | DEBUG    | eval.evaluation.evaluation:metric_call:77 - metric_func_name exact_match score 1.0 msg exact match, response: 24, target: 24
2026-08-11 23:24:42.145 | DEBUG    | eval.evaluation.evaluation:metric_call:77 - metric_func_name exact_match score 1.0 msg exact match, response: 14, target: 14
2026-08-11 23:24:42.145 | DEBUG    | eval.evaluation.evaluation:metric_call:77 - metric_func_name exact_match score 0.0 msg exact not match, response: 13, target: 16
2026-08-11 23:24:42.145 | DEBUG    | eval.evaluation.evaluation:metric_call:77 - metric_func_name exact_match score 1.0 msg exact match, response: 19, target: 19
2026-08-11 23:24:42.145 | DEBUG    | eval.evaluation.evaluation:metric_call:77 - metric_func_name exact_match score 1.0 msg exact match, response: 30, target: 30
2026-08-11 23:24:42.145 | DEBUG    | eval.evaluation.evaluation:metric_call:77 - metric_func_name exact_match score 1.0 msg exact match, response: 18, target: 18
2026-08-11 23:24:42.145 | DEBUG    | eval.evaluation.evaluation:metric_call:77 - metric_func_name exact_match score 1.0 msg exact match, response: 11, target: 11
2026-08-11 23:24:42.146 | DEBUG    | eval.evaluation.evaluation:metric_call:77 - metric_func_name exact_match score 1.0 msg exact match, response: 17, target: 17
2026-08-11 23:24:42.146 | DEBUG    | eval.evaluation.evaluation:metric_call:77 - metric_func_name exact_match score 0.0 msg exact not match, response: 26, target: 30
2026-08-11 23:24:42.146 | DEBUG    | eval.evaluation.evaluation:metric_call:77 - metric_func_name exact_match score 1.0 msg exact match, response: 17, target: 17
2026-08-11 23:24:42.146 | DEBUG    | eval.evaluation.evaluation:metric_call:77 - metric_func_name exact_match score 0.0 msg exact not match, response: 24, target: 22
2026-08-11 23:24:42.146 | DEBUG    | eval.evaluation.evaluation:metric_call:77 - metric_func_name exact_match score 1.0 msg exact match, response: 12, target: 12
2026-08-11 23:24:42.146 | DEBUG    | eval.evaluation.evaluation:metric_call:77 - metric_func_name exact_match score 1.0 msg exact match, response: 32, target: 32
2026-08-11 23:24:42.146 | DEBUG    | eval.evaluation.evaluation:metric_call:77 - metric_func_name exact_match score 1.0 msg exact match, response: 14, target: 14
2026-08-11 23:24:42.146 | DEBUG    | eval.evaluation.evaluation:metric_call:77 - metric_func_name exact_match score 1.0 msg exact match, response: 21, target: 21
2026-08-11 23:24:42.146 | DEBUG    | eval.evaluation.evaluation:evaluate_single_query:321 - wide2deep_ws_en_064, col numberofarticlesincurrentconstitution, metric_func_name exact_match, score [0.0, 1.0, 1.0, 0.0, 1.0, 1.0, 1.0, 1.0, 1.0, 1.0, 1.0, 1.0, 1.0, 1.0, 1.0, 1.0, 1.0, 1.0, 0.0, 1.0, 1.0, 1.0, 0.0, 1.0, 1.0, 1.0, 1.0, 1.0, 0.0, 1.0, 1.0, 1.0, 1.0, 1.0, 0.0, 1.0, 0.0, 1.0, 1.0, 1.0, 1.0]
2026-08-11 23:24:42.150 | INFO     | eval.evaluation.evaluation:evaluate_single_query:380 - wide2deep_ws_en_064, P/R/F1 by unique_columns: 1.0000/1.0000/1.0000
2026-08-11 23:24:42.150 | INFO     | eval.evaluation.evaluation:evaluate_single_query:383 - wide2deep_ws_en_064, P/R/F1 by row: 0.0000/0.0000/0.0000
2026-08-11 23:24:42.150 | INFO     | eval.evaluation.evaluation:evaluate_single_query:386 - wide2deep_ws_en_064, P/R/F1 by item: 0.6890/0.6890/0.6890
2026-08-11 23:24:42.153 | INFO     | eval.evaluation.evaluation:evaluate_single_query:398 - wide2deep_ws_en_064, final table score: 0.0
{"event": "eval_done", "idx": 4, "instance_id": "wide2deep_ws_en_064", "score": 0.0, "entity_acc": 1.0, "f1_by_row": 0.0, "f1_by_item": 0.6890243902439024, "column_f1": 1.0, "error": null, "elapsed_seconds": 9.597, "running_n": 4}
2026-08-11 23:24:44.042 | DEBUG    | eval.evaluation.data_loader:extract_dataframe:167 - find markdown_str 
| Year | Total Population(Million) | Male Population(Million) | ...
2026-08-11 23:24:45.786 | INFO     | eval.evaluation.metric_utils:primary_key_preprocess:246 - primary_key_preprocess result: ```json
{
  "2012": "2012",
  "2013": "2013",
  "2014": "2014",
  "2015": "2015",
  "2016": "2016",
  "2017": "2017",
  "2018": "2018",
  "2019": "2019",
  "2020": "2020",
  "2021": "2021",
  "2022": "2022",
  "2023": "2023"
}
```
2026-08-11 23:24:45.787 | INFO     | eval.evaluation.evaluation:evaluate_single_query:223 - col: year, primary_key_map {'2012': '2012', '2013': '2013', '2014': '2014', '2015': '2015', '2016': '2016', '2017': '2017', '2018': '2018', '2019': '2019', '2020': '2020', '2021': '2021', '2022': '2022', '2023': '2023'}
2026-08-11 23:24:45.793 | INFO     | eval.evaluation.evaluation:evaluate_single_query:275 - wide2deep_ws_en_065, df_inner shape: (12, 12), answer_df shape: (12, 6), response_df shape: (12, 7)
2026-08-11 23:24:45.794 | DEBUG    | eval.evaluation.evaluation:metric_call:77 - metric_func_name number_near score 1.0 msg number near in range 5.0%, response: 314.17, target: 314.1
2026-08-11 23:24:45.794 | DEBUG    | eval.evaluation.evaluation:metric_call:77 - metric_func_name number_near score 1.0 msg number near in range 5.0%, response: 316.54, target: 316.2
2026-08-11 23:24:45.794 | DEBUG    | eval.evaluation.evaluation:metric_call:77 - metric_func_name number_near score 1.0 msg number near in range 5.0%, response: 319.11, target: 318.9
2026-08-11 23:24:45.794 | DEBUG    | eval.evaluation.evaluation:metric_call:77 - metric_func_name number_near score 1.0 msg number near in range 5.0%, response: 321.52, target: 321.4
2026-08-11 23:24:45.794 | DEBUG    | eval.evaluation.evaluation:metric_call:77 - metric_func_name number_near score 1.0 msg number near in range 5.0%, response: 323.95, target: 323.1
2026-08-11 23:24:45.794 | DEBUG    | eval.evaluation.evaluation:metric_call:77 - metric_func_name number_near score 1.0 msg number near in range 5.0%, response: 326.13, target: 325.7
2026-08-11 23:24:45.794 | DEBUG    | eval.evaluation.evaluation:metric_call:77 - metric_func_name number_near score 1.0 msg number near in range 5.0%, response: 328.08, target: 326.7
2026-08-11 23:24:45.794 | DEBUG    | eval.evaluation.evaluation:metric_call:77 - metric_func_name number_near score 1.0 msg number near in range 5.0%, response: 330.23, target: 330.3
2026-08-11 23:24:45.794 | DEBUG    | eval.evaluation.evaluation:metric_call:77 - metric_func_name number_near score 1.0 msg number near in range 5.0%, response: 331.58, target: 331.6
2026-08-11 23:24:45.794 | DEBUG    | eval.evaluation.evaluation:metric_call:77 - metric_func_name number_near score 1.0 msg number near in range 5.0%, response: 332.1, target: 332.1
2026-08-11 23:24:45.794 | DEBUG    | eval.evaluation.evaluation:metric_call:77 - metric_func_name number_near score 1.0 msg number near in range 5.0%, response: 334.02, target: 334.0
2026-08-11 23:24:45.794 | DEBUG    | eval.evaluation.evaluation:metric_call:77 - metric_func_name number_near score 1.0 msg number near in range 5.0%, response: 336.81, target: 336.8
2026-08-11 23:24:45.795 | DEBUG    | eval.evaluation.evaluation:evaluate_single_query:321 - wide2deep_ws_en_065, col totalpopulation(million), metric_func_name number_near, score [1.0, 1.0, 1.0, 1.0, 1.0, 1.0, 1.0, 1.0, 1.0, 1.0, 1.0, 1.0]
2026-08-11 23:24:45.795 | DEBUG    | eval.evaluation.evaluation:metric_call:77 - metric_func_name number_near score 1.0 msg number near in range 5.0%, response: 154.91, target: 154.5
2026-08-11 23:24:45.795 | DEBUG    | eval.evaluation.evaluation:metric_call:77 - metric_func_name number_near score 1.0 msg number near in range 5.0%, response: 156.1, target: 155.6
2026-08-11 23:24:45.795 | DEBUG    | eval.evaluation.evaluation:metric_call:77 - metric_func_name number_near score 1.0 msg number near in range 5.0%, response: 157.42, target: 156.9
2026-08-11 23:24:45.795 | DEBUG    | eval.evaluation.evaluation:metric_call:77 - metric_func_name number_near score 1.0 msg number near in range 5.0%, response: 158.63, target: 158.1
2026-08-11 23:24:45.795 | DEBUG    | eval.evaluation.evaluation:metric_call:77 - metric_func_name number_near score 1.0 msg number near in range 5.0%, response: 159.86, target: 159.0
2026-08-11 23:24:45.795 | DEBUG    | eval.evaluation.evaluation:metric_call:77 - metric_func_name number_near score 1.0 msg number near in range 5.0%, response: 160.98, target: 160.3
2026-08-11 23:24:45.795 | DEBUG    | eval.evaluation.evaluation:metric_call:77 - metric_func_name number_near score 1.0 msg number near in range 5.0%, response: 161.98, target: 160.9
2026-08-11 23:24:45.795 | DEBUG    | eval.evaluation.evaluation:metric_call:77 - metric_func_name number_near score 1.0 msg number near in range 5.0%, response: 163.06, target: 162.6
2026-08-11 23:24:45.795 | DEBUG    | eval.evaluation.evaluation:metric_call:77 - metric_func_name number_near score 1.0 msg number near in range 5.0%, response: 163.74, target: 163.3
2026-08-11 23:24:45.795 | DEBUG    | eval.evaluation.evaluation:metric_call:77 - metric_func_name number_near score 1.0 msg number near in range 5.0%, response: 164.07, target: 163.5
2026-08-11 23:24:45.796 | DEBUG    | eval.evaluation.evaluation:metric_call:77 - metric_func_name number_near score 1.0 msg number near in range 5.0%, response: 165.1, target: 164.5
2026-08-11 23:24:45.796 | DEBUG    | eval.evaluation.evaluation:metric_call:77 - metric_func_name number_near score 1.0 msg number near in range 5.0%, response: 166.55, target: 165.8
2026-08-11 23:24:45.796 | DEBUG    | eval.evaluation.evaluation:evaluate_single_query:321 - wide2deep_ws_en_065, col malepopulation(million), metric_func_name number_near, score [1.0, 1.0, 1.0, 1.0, 1.0, 1.0, 1.0, 1.0, 1.0, 1.0, 1.0, 1.0]
2026-08-11 23:24:45.797 | DEBUG    | eval.evaluation.evaluation:metric_call:77 - metric_func_name number_near score 1.0 msg number near in range 5.0%, response: 159.26, target: 159.6
2026-08-11 23:24:45.797 | DEBUG    | eval.evaluation.evaluation:metric_call:77 - metric_func_name number_near score 1.0 msg number near in range 5.0%, response: 160.44, target: 160.6
2026-08-11 23:24:45.797 | DEBUG    | eval.evaluation.evaluation:metric_call:77 - metric_func_name number_near score 1.0 msg number near in range 5.0%, response: 161.69, target: 162.0
2026-08-11 23:24:45.797 | DEBUG    | eval.evaluation.evaluation:metric_call:77 - metric_func_name number_near score 1.0 msg number near in range 5.0%, response: 162.89, target: 163.3
2026-08-11 23:24:45.797 | DEBUG    | eval.evaluation.evaluation:metric_call:77 - metric_func_name number_near score 1.0 msg number near in range 5.0%, response: 164.09, target: 164.2
2026-08-11 23:24:45.797 | DEBUG    | eval.evaluation.evaluation:metric_call:77 - metric_func_name number_near score 1.0 msg number near in range 5.0%, response: 165.15, target: 165.5
2026-08-11 23:24:45.797 | DEBUG    | eval.evaluation.evaluation:metric_call:77 - metric_func_name number_near score 1.0 msg number near in range 5.0%, response: 166.1, target: 165.8
2026-08-11 23:24:45.797 | DEBUG    | eval.evaluation.evaluation:metric_call:77 - metric_func_name number_near score 1.0 msg number near in range 5.0%, response: 167.17, target: 167.7
2026-08-11 23:24:45.797 | DEBUG    | eval.evaluation.evaluation:metric_call:77 - metric_func_name number_near score 1.0 msg number near in range 5.0%, response: 167.84, target: 168.3
2026-08-11 23:24:45.797 | DEBUG    | eval.evaluation.evaluation:metric_call:77 - metric_func_name number_near score 1.0 msg number near in range 5.0%, response: 168.03, target: 168.6
2026-08-11 23:24:45.797 | DEBUG    | eval.evaluation.evaluation:metric_call:77 - metric_func_name number_near score 1.0 msg number near in range 5.0%, response: 168.92, target: 169.6
2026-08-11 23:24:45.797 | DEBUG    | eval.evaluation.evaluation:metric_call:77 - metric_func_name number_near score 1.0 msg number near in range 5.0%, response: 170.26, target: 171.0
2026-08-11 23:24:45.798 | DEBUG    | eval.evaluation.evaluation:evaluate_single_query:321 - wide2deep_ws_en_065, col femalepopulation(million), metric_func_name number_near, score [1.0, 1.0, 1.0, 1.0, 1.0, 1.0, 1.0, 1.0, 1.0, 1.0, 1.0, 1.0]
2026-08-11 23:24:45.798 | DEBUG    | eval.evaluation.evaluation:metric_call:77 - metric_func_name number_near score 1.0 msg number near in range 5.0%, response: 12.6, target: 12.6
2026-08-11 23:24:45.798 | DEBUG    | eval.evaluation.evaluation:metric_call:77 - metric_func_name number_near score 1.0 msg number near in range 5.0%, response: 12.4, target: 12.4
2026-08-11 23:24:45.798 | DEBUG    | eval.evaluation.evaluation:metric_call:77 - metric_func_name number_near score 1.0 msg number near in range 5.0%, response: 12.5, target: 12.5
2026-08-11 23:24:45.798 | DEBUG    | eval.evaluation.evaluation:metric_call:77 - metric_func_name number_near score 1.0 msg number near in range 5.0%, response: 12.4, target: 12.4
2026-08-11 23:24:45.798 | DEBUG    | eval.evaluation.evaluation:metric_call:77 - metric_func_name number_near score 1.0 msg number near in range 5.0%, response: 12.2, target: 12.2
2026-08-11 23:24:45.798 | DEBUG    | eval.evaluation.evaluation:metric_call:77 - metric_func_name number_near score 1.0 msg number near in range 5.0%, response: 11.8, target: 11.8
2026-08-11 23:24:45.798 | DEBUG    | eval.evaluation.evaluation:metric_call:77 - metric_func_name number_near score 1.0 msg number near in range 5.0%, response: 11.6, target: 11.6
2026-08-11 23:24:45.798 | DEBUG    | eval.evaluation.evaluation:metric_call:77 - metric_func_name number_near score 1.0 msg number near in range 5.0%, response: 11.4, target: 11.4
2026-08-11 23:24:45.798 | DEBUG    | eval.evaluation.evaluation:metric_call:77 - metric_func_name number_near score 1.0 msg number near in range 5.0%, response: 10.9, target: 10.9
2026-08-11 23:24:45.798 | DEBUG    | eval.evaluation.evaluation:metric_call:77 - metric_func_name number_near score 1.0 msg number near in range 5.0%, response: 11.0, target: 11.0
2026-08-11 23:24:45.798 | DEBUG    | eval.evaluation.evaluation:metric_call:77 - metric_func_name number_near score 1.0 msg number near in range 5.0%, response: 11.0, target: 11.0
2026-08-11 23:24:45.798 | DEBUG    | eval.evaluation.evaluation:metric_call:77 - metric_func_name number_near score 1.0 msg number near in range 5.0%, response: 10.7, target: 10.7
2026-08-11 23:24:45.800 | DEBUG    | eval.evaluation.evaluation:evaluate_single_query:321 - wide2deep_ws_en_065, col birthrate, metric_func_name number_near, score [1.0, 1.0, 1.0, 1.0, 1.0, 1.0, 1.0, 1.0, 1.0, 1.0, 1.0, 1.0]
2026-08-11 23:24:45.801 | DEBUG    | eval.evaluation.evaluation:metric_call:77 - metric_func_name number_near score 1.0 msg number near in range 5.0%, response: 8.1, target: 8.1
2026-08-11 23:24:45.801 | DEBUG    | eval.evaluation.evaluation:metric_call:77 - metric_func_name number_near score 1.0 msg number near in range 5.0%, response: 8.2, target: 8.2
2026-08-11 23:24:45.801 | DEBUG    | eval.evaluation.evaluation:metric_call:77 - metric_func_name number_near score 1.0 msg number near in range 5.0%, response: 8.2, target: 8.2
2026-08-11 23:24:45.801 | DEBUG    | eval.evaluation.evaluation:metric_call:77 - metric_func_name number_near score 1.0 msg number near in range 5.0%, response: 8.4, target: 8.4
2026-08-11 23:24:45.801 | DEBUG    | eval.evaluation.evaluation:metric_call:77 - metric_func_name number_near score 1.0 msg number near in range 5.0%, response: 8.5, target: 8.5
2026-08-11 23:24:45.801 | DEBUG    | eval.evaluation.evaluation:metric_call:77 - metric_func_name number_near score 1.0 msg number near in range 5.0%, response: 8.5, target: 8.6
2026-08-11 23:24:45.801 | DEBUG    | eval.evaluation.evaluation:metric_call:77 - metric_func_name number_near score 1.0 msg number near in range 5.0%, response: 8.7, target: 8.7
2026-08-11 23:24:45.801 | DEBUG    | eval.evaluation.evaluation:metric_call:77 - metric_func_name number_near score 1.0 msg number near in range 5.0%, response: 8.7, target: 8.6
2026-08-11 23:24:45.801 | DEBUG    | eval.evaluation.evaluation:metric_call:77 - metric_func_name number_near score 1.0 msg number near in range 5.0%, response: 10.3, target: 10.2
2026-08-11 23:24:45.801 | DEBUG    | eval.evaluation.evaluation:metric_call:77 - metric_func_name number_near score 1.0 msg number near in range 5.0%, response: 10.4, target: 10.4
2026-08-11 23:24:45.801 | DEBUG    | eval.evaluation.evaluation:metric_call:77 - metric_func_name number_near score 0.0 msg number not near, response: 9.2, target: 9.8
2026-08-11 23:24:45.801 | DEBUG    | eval.evaluation.evaluation:metric_call:77 - metric_func_name number_near score 1.0 msg number near in range 5.0%, response: 9.2, target: 9.2
2026-08-11 23:24:45.802 | DEBUG    | eval.evaluation.evaluation:evaluate_single_query:321 - wide2deep_ws_en_065, col deathrate, metric_func_name number_near, score [1.0, 1.0, 1.0, 1.0, 1.0, 1.0, 1.0, 1.0, 1.0, 1.0, 0.0, 1.0]
2026-08-11 23:24:45.806 | INFO     | eval.evaluation.evaluation:evaluate_single_query:380 - wide2deep_ws_en_065, P/R/F1 by unique_columns: 1.0000/1.0000/1.0000
2026-08-11 23:24:45.806 | INFO     | eval.evaluation.evaluation:evaluate_single_query:383 - wide2deep_ws_en_065, P/R/F1 by row: 0.9167/0.9167/0.9167
2026-08-11 23:24:45.806 | INFO     | eval.evaluation.evaluation:evaluate_single_query:386 - wide2deep_ws_en_065, P/R/F1 by item: 0.9861/0.9861/0.9861
2026-08-11 23:24:45.808 | INFO     | eval.evaluation.evaluation:evaluate_single_query:398 - wide2deep_ws_en_065, final table score: 0.0
{"event": "eval_done", "idx": 5, "instance_id": "wide2deep_ws_en_065", "score": 0.0, "entity_acc": 1.0, "f1_by_row": 0.9166666666666666, "f1_by_item": 0.9861111111111112, "column_f1": 1.0, "error": null, "elapsed_seconds": 3.636, "running_n": 5}
2026-08-11 23:24:46.648 | DEBUG    | eval.evaluation.data_loader:extract_dataframe:167 - find markdown_str 
| Year | Gambling Enterprise | Net Gambling Revenue (in million ...
2026-08-11 23:24:52.039 | INFO     | eval.evaluation.metric_utils:primary_key_preprocess:246 - primary_key_preprocess result: ```json
{
  "Altira Macau": "Altira Macau",
  "MGM Macau": "MGM Macau",
  "Grand Lisboa Hotel": "Grand Lisboa",
  "Grand Lisboa Palace Macau": "Grand Lisboa Palace Resort Macau",
  "Wynn Macau": "Wynn Macau",
  "Wynn Palace": "Wynn Palace"
}
```
2026-08-11 23:24:52.040 | INFO     | eval.evaluation.evaluation:evaluate_single_query:223 - col: 5-stardeluxehotels/resorts, primary_key_map {'Altira Macau': 'Altira Macau', 'MGM Macau': 'MGM Macau', 'Grand Lisboa Hotel': 'Grand Lisboa', 'Grand Lisboa Palace Macau': 'Grand Lisboa Palace Resort Macau', 'Wynn Macau': 'Wynn Macau', 'Wynn Palace': 'Wynn Palace'}
2026-08-11 23:24:52.047 | INFO     | eval.evaluation.evaluation:evaluate_single_query:275 - wide2deep_ws_en_079, df_inner shape: (6, 18), answer_df shape: (8, 9), response_df shape: (27, 10)
2026-08-11 23:24:52.048 | DEBUG    | eval.evaluation.evaluation:metric_call:77 - metric_func_name exact_match score 1.0 msg exact match, response: 2024, target: 2024
2026-08-11 23:24:52.048 | DEBUG    | eval.evaluation.evaluation:metric_call:77 - metric_func_name exact_match score 1.0 msg exact match, response: 2024, target: 2024
2026-08-11 23:24:52.048 | DEBUG    | eval.evaluation.evaluation:metric_call:77 - metric_func_name exact_match score 1.0 msg exact match, response: 2024, target: 2024
2026-08-11 23:24:52.048 | DEBUG    | eval.evaluation.evaluation:metric_call:77 - metric_func_name exact_match score 1.0 msg exact match, response: 2024, target: 2024
2026-08-11 23:24:52.048 | DEBUG    | eval.evaluation.evaluation:metric_call:77 - metric_func_name exact_match score 1.0 msg exact match, response: 2024, target: 2024
2026-08-11 23:24:52.048 | DEBUG    | eval.evaluation.evaluation:metric_call:77 - metric_func_name exact_match score 1.0 msg exact match, response: 2024, target: 2024
2026-08-11 23:24:52.049 | DEBUG    | eval.evaluation.evaluation:evaluate_single_query:321 - wide2deep_ws_en_079, col year, metric_func_name exact_match, score [1.0, 1.0, 1.0, 1.0, 1.0, 1.0]
2026-08-11 23:24:55.373 | DEBUG    | eval.evaluation.evaluation:evaluate_single_query:321 - wide2deep_ws_en_079, col gamblingenterprise, metric_func_name llm_judge, score [1, 1, 0, 0, 1, 0]
2026-08-11 23:24:55.374 | DEBUG    | eval.evaluation.evaluation:metric_call:77 - metric_func_name number_near score 1.0 msg number near in range 5.0%, response: 26846.0, target: 26846.1
2026-08-11 23:24:55.374 | DEBUG    | eval.evaluation.evaluation:metric_call:77 - metric_func_name number_near score 1.0 msg number near in range 5.0%, response: 26846.0, target: 26846.0
2026-08-11 23:24:55.374 | DEBUG    | eval.evaluation.evaluation:metric_call:77 - metric_func_name number_near score 0.0 msg number not convertable, response: None, target: 23617.9
2026-08-11 23:24:55.374 | DEBUG    | eval.evaluation.evaluation:metric_call:77 - metric_func_name number_near score 0.0 msg number not convertable, response: None, target: 23617.9
2026-08-11 23:24:55.374 | DEBUG    | eval.evaluation.evaluation:metric_call:77 - metric_func_name number_near score 0.0 msg number not convertable, response: None, target: 29432.3
2026-08-11 23:24:55.374 | DEBUG    | eval.evaluation.evaluation:metric_call:77 - metric_func_name number_near score 0.0 msg number not convertable, response: None, target: 27282.9
2026-08-11 23:24:55.375 | DEBUG    | eval.evaluation.evaluation:evaluate_single_query:321 - wide2deep_ws_en_079, col netgamblingrevenue(inmillions), metric_func_name number_near, score [1.0, 1.0, 0.0, 0.0, 0.0, 0.0]
2026-08-11 23:24:55.375 | DEBUG    | eval.evaluation.evaluation:metric_call:77 - metric_func_name number_near score 0.0 msg number not near, response: 2186.0, target: 1923.0
2026-08-11 23:24:55.375 | DEBUG    | eval.evaluation.evaluation:metric_call:77 - metric_func_name number_near score 0.0 msg number not near, response: 2186.0, target: 1923.0
2026-08-11 23:24:55.375 | DEBUG    | eval.evaluation.evaluation:metric_call:77 - metric_func_name number_near score 0.0 msg number not convertable, response: None, target: 5122.5
2026-08-11 23:24:55.375 | DEBUG    | eval.evaluation.evaluation:metric_call:77 - metric_func_name number_near score 0.0 msg number not convertable, response: None, target: 5122.5
2026-08-11 23:24:55.375 | DEBUG    | eval.evaluation.evaluation:metric_call:77 - metric_func_name number_near score 0.0 msg number not convertable, response: None, target: 6740.6
2026-08-11 23:24:55.375 | DEBUG    | eval.evaluation.evaluation:metric_call:77 - metric_func_name number_near score 0.0 msg number not convertable, response: None, target: 4104.2
2026-08-11 23:24:55.375 | DEBUG    | eval.evaluation.evaluation:evaluate_single_query:321 - wide2deep_ws_en_079, col non-gamblingrevenue(inmillions), metric_func_name number_near, score [0.0, 0.0, 0.0, 0.0, 0.0, 0.0]
2026-08-11 23:24:55.376 | DEBUG    | eval.evaluation.evaluation:metric_call:77 - metric_func_name number_near score 0.0 msg number not near, response: 1350.0, target: 1892.0
2026-08-11 23:24:55.376 | DEBUG    | eval.evaluation.evaluation:metric_call:77 - metric_func_name number_near score 1.0 msg number near in range 5.0%, response: 431.0, target: 431.0
2026-08-11 23:24:55.376 | DEBUG    | eval.evaluation.evaluation:metric_call:77 - metric_func_name number_near score 0.0 msg number not near, response: 600.0, target: 1014.0
2026-08-11 23:24:55.376 | DEBUG    | eval.evaluation.evaluation:metric_call:77 - metric_func_name number_near score 1.0 msg number near in range 5.0%, response: 1706.0, target: 1706.0
2026-08-11 23:24:55.376 | DEBUG    | eval.evaluation.evaluation:metric_call:77 - metric_func_name number_near score 1.0 msg number near in range 5.0%, response: 216.0, target: 216.0
2026-08-11 23:24:55.376 | DEBUG    | eval.evaluation.evaluation:metric_call:77 - metric_func_name number_near score 1.0 msg number near in range 5.0%, response: 582.0, target: 585.0
2026-08-11 23:24:55.377 | DEBUG    | eval.evaluation.evaluation:evaluate_single_query:321 - wide2deep_ws_en_079, col numberofrooms, metric_func_name number_near, score [0.0, 1.0, 0.0, 1.0, 1.0, 1.0]
2026-08-11 23:24:55.377 | DEBUG    | eval.evaluation.evaluation:metric_call:77 - metric_func_name number_near score 0.0 msg number not convertable, response: None, target: 0.97
2026-08-11 23:24:55.377 | DEBUG    | eval.evaluation.evaluation:metric_call:77 - metric_func_name number_near score 0.0 msg number not convertable, response: None, target: 0.987
2026-08-11 23:24:55.377 | DEBUG    | eval.evaluation.evaluation:metric_call:77 - metric_func_name number_near score 0.0 msg number not convertable, response: None, target: 0.993
2026-08-11 23:24:55.377 | DEBUG    | eval.evaluation.evaluation:metric_call:77 - metric_func_name number_near score 0.0 msg number not convertable, response: None, target: 0.986
2026-08-11 23:24:55.377 | DEBUG    | eval.evaluation.evaluation:metric_call:77 - metric_func_name number_near score 0.0 msg number not convertable, response: None, target: 0.95
2026-08-11 23:24:55.377 | DEBUG    | eval.evaluation.evaluation:metric_call:77 - metric_func_name number_near score 0.0 msg number not convertable, response: None, target: 0.945
2026-08-11 23:24:55.378 | DEBUG    | eval.evaluation.evaluation:evaluate_single_query:321 - wide2deep_ws_en_079, col occupancyrate, metric_func_name number_near, score [0.0, 0.0, 0.0, 0.0, 0.0, 0.0]
2026-08-11 23:24:55.378 | DEBUG    | eval.evaluation.evaluation:metric_call:77 - metric_func_name number_near score 0.0 msg number not convertable, response: None, target: 1191.0
2026-08-11 23:24:55.378 | DEBUG    | eval.evaluation.evaluation:metric_call:77 - metric_func_name number_near score 0.0 msg number not convertable, response: None, target: 1226.0
2026-08-11 23:24:55.378 | DEBUG    | eval.evaluation.evaluation:metric_call:77 - metric_func_name number_near score 0.0 msg number not convertable, response: None, target: 1947.0
2026-08-11 23:24:55.378 | DEBUG    | eval.evaluation.evaluation:metric_call:77 - metric_func_name number_near score 0.0 msg number not convertable, response: None, target: 2434.0
2026-08-11 23:24:55.378 | DEBUG    | eval.evaluation.evaluation:metric_call:77 - metric_func_name number_near score 0.0 msg number not convertable, response: None, target: 1044.0
2026-08-11 23:24:55.378 | DEBUG    | eval.evaluation.evaluation:metric_call:77 - metric_func_name number_near score 1.0 msg number equal, response: NULL, target: NULL
2026-08-11 23:24:55.379 | DEBUG    | eval.evaluation.evaluation:evaluate_single_query:321 - wide2deep_ws_en_079, col averageroomrate, metric_func_name number_near, score [0.0, 0.0, 0.0, 0.0, 0.0, 1.0]
2026-08-11 23:24:55.379 | DEBUG    | eval.evaluation.evaluation:metric_call:77 - metric_func_name number_near score 0.0 msg number not convertable, response: None, target: 1155.0
2026-08-11 23:24:55.379 | DEBUG    | eval.evaluation.evaluation:metric_call:77 - metric_func_name number_near score 0.0 msg number not convertable, response: None, target: 1210.0
2026-08-11 23:24:55.379 | DEBUG    | eval.evaluation.evaluation:metric_call:77 - metric_func_name number_near score 0.0 msg number not convertable, response: None, target: 1931.0
2026-08-11 23:24:55.379 | DEBUG    | eval.evaluation.evaluation:metric_call:77 - metric_func_name number_near score 0.0 msg number not convertable, response: None, target: 2402.0
2026-08-11 23:24:55.379 | DEBUG    | eval.evaluation.evaluation:metric_call:77 - metric_func_name number_near score 0.0 msg number not convertable, response: None, target: 997.0
2026-08-11 23:24:55.379 | DEBUG    | eval.evaluation.evaluation:metric_call:77 - metric_func_name number_near score 0.0 msg number not convertable, response: None, target: 2632.0
2026-08-11 23:24:55.380 | DEBUG    | eval.evaluation.evaluation:evaluate_single_query:321 - wide2deep_ws_en_079, col revenueperavailableroom, metric_func_name number_near, score [0.0, 0.0, 0.0, 0.0, 0.0, 0.0]
2026-08-11 23:24:55.384 | INFO     | eval.evaluation.evaluation:evaluate_single_query:380 - wide2deep_ws_en_079, P/R/F1 by unique_columns: 0.2222/0.7500/0.3429
2026-08-11 23:24:55.384 | INFO     | eval.evaluation.evaluation:evaluate_single_query:383 - wide2deep_ws_en_079, P/R/F1 by row: 0.0000/0.0000/0.0000
2026-08-11 23:24:55.384 | INFO     | eval.evaluation.evaluation:evaluate_single_query:386 - wide2deep_ws_en_079, P/R/F1 by item: 0.0905/0.3056/0.1397
2026-08-11 23:24:55.386 | INFO     | eval.evaluation.evaluation:evaluate_single_query:398 - wide2deep_ws_en_079, final table score: 0.0
{"event": "eval_done", "idx": 6, "instance_id": "wide2deep_ws_en_079", "score": 0.0, "entity_acc": 1.0, "f1_by_row": 0.0, "f1_by_item": 0.13968253968253969, "column_f1": 0.34285714285714286, "error": null, "elapsed_seconds": 9.561, "running_n": 6}
2026-08-11 23:24:56.291 | DEBUG    | eval.evaluation.data_loader:extract_dataframe:167 - find markdown_str 
| Country | 2024 GDP growth (%) | 2023 GDP growth (%) | 2022 GD ...
2026-08-11 23:24:59.819 | INFO     | eval.evaluation.metric_utils:primary_key_preprocess:246 - primary_key_preprocess result: ```json
{
  "Angola": "Angola",
  "Benin": "Benin",
  "Botswana": "Botswana",
  "Burkina Faso": "Burkina Faso",
  "Burundi": "Burundi",
  "Cabo Verde": "Cabo Verde",
  "Cameroon": "Cameroon",
  "Central African Republic": "Central African Republic",
  "Chad": "Chad",
  "Comoros": "Comoros",
  "Congo, Democratic Republic of": "Congo, Dem. Rep.",
  "Congo, Republic of": "Congo, Rep.",
  "Côte d'Ivoire": "Cote d'Ivoire",
  "Equatorial Guinea": "Equatorial Guinea",
  "Eritrea": "Eritrea",
  "Eswatini": "Eswatini",
  "Ethiopia": "Ethiopia",
  "Gabon": "Gabon",
  "Gambia, The": "Gambia, The",
  "Ghana": "Ghana",
  "Guinea": "Guinea",
  "Guinea-Bissau": "Guinea-Bissau",
  "Kenya": "Kenya",
  "Lesotho": "Lesotho",
  "Liberia": "Liberia",
  "Madagascar": "Madagascar",
  "Malawi": "Malawi",
  "Mali": "Mali",
  "Mauritania": "Mauritania",
  "Mauritius": "Mauritius",
  "Mozambique": "Mozambique",
  "Namibia": "Namibia",
  "Niger": "Niger",
  "Nigeria": "Nigeria",
  "Rwanda": "Rwanda",
  "São Tomé and Príncipe": "Sao Tome and Principe",
  "Senegal": "Senegal",
  "Seychelles": "Seychelles",
  "Sierra Leone": "Sierra Leone",
  "Somalia": "Somalia",
  "South Africa": "South Africa",
  "South Sudan": "South Sudan",
  "Sudan": "Sudan",
  "Tanzania": "Tanzania",
  "Togo": "Togo",
  "Uganda": "Uganda",
  "Zambia": "Zambia",
  "Zimbabwe": "Zimbabwe"
}
```
2026-08-11 23:24:59.819 | INFO     | eval.evaluation.evaluation:evaluate_single_query:223 - col: country, primary_key_map {'Angola': 'Angola', 'Benin': 'Benin', 'Botswana': 'Botswana', 'Burkina Faso': 'Burkina Faso', 'Burundi': 'Burundi', 'Cabo Verde': 'Cabo Verde', 'Cameroon': 'Cameroon', 'Central African Republic': 'Central African Republic', 'Chad': 'Chad', 'Comoros': 'Comoros', 'Congo, Democratic Republic of': 'Congo, Dem. Rep.', 'Congo, Republic of': 'Congo, Rep.', "Côte d'Ivoire": "Cote d'Ivoire", 'Equatorial Guinea': 'Equatorial Guinea', 'Eritrea': 'Eritrea', 'Eswatini': 'Eswatini', 'Ethiopia': 'Ethiopia', 'Gabon': 'Gabon', 'Gambia, The': 'Gambia, The', 'Ghana': 'Ghana', 'Guinea': 'Guinea', 'Guinea-Bissau': 'Guinea-Bissau', 'Kenya': 'Kenya', 'Lesotho': 'Lesotho', 'Liberia': 'Liberia', 'Madagascar': 'Madagascar', 'Malawi': 'Malawi', 'Mali': 'Mali', 'Mauritania': 'Mauritania', 'Mauritius': 'Mauritius', 'Mozambique': 'Mozambique', 'Namibia': 'Namibia', 'Niger': 'Niger', 'Nigeria': 'Nigeria', 'Rwanda': 'Rwanda', 'São Tomé and Príncipe': 'Sao Tome and Principe', 'Senegal': 'Senegal', 'Seychelles': 'Seychelles', 'Sierra Leone': 'Sierra Leone', 'Somalia': 'Somalia', 'South Africa': 'South Africa', 'South Sudan': 'South Sudan', 'Sudan': 'Sudan', 'Tanzania': 'Tanzania', 'Togo': 'Togo', 'Uganda': 'Uganda', 'Zambia': 'Zambia', 'Zimbabwe': 'Zimbabwe'}
2026-08-11 23:24:59.825 | INFO     | eval.evaluation.evaluation:evaluate_single_query:275 - wide2deep_ws_en_098, df_inner shape: (48, 8), answer_df shape: (48, 4), response_df shape: (48, 5)
2026-08-11 23:24:59.825 | DEBUG    | eval.evaluation.evaluation:metric_call:77 - metric_func_name number_near score 0.0 msg number not convertable, response: None, target: 4.4
2026-08-11 23:24:59.825 | DEBUG    | eval.evaluation.evaluation:metric_call:77 - metric_func_name number_near score 0.0 msg number not convertable, response: None, target: 7.5
2026-08-11 23:24:59.825 | DEBUG    | eval.evaluation.evaluation:metric_call:77 - metric_func_name number_near score 0.0 msg number not convertable, response: None, target: -3.0
2026-08-11 23:24:59.826 | DEBUG    | eval.evaluation.evaluation:metric_call:77 - metric_func_name number_near score 0.0 msg number not convertable, response: None, target: 5.0
2026-08-11 23:24:59.826 | DEBUG    | eval.evaluation.evaluation:metric_call:77 - metric_func_name number_near score 0.0 msg number not convertable, response: None, target: 3.5
2026-08-11 23:24:59.826 | DEBUG    | eval.evaluation.evaluation:metric_call:77 - metric_func_name number_near score 0.0 msg number not convertable, response: None, target: 7.3
2026-08-11 23:24:59.826 | DEBUG    | eval.evaluation.evaluation:metric_call:77 - metric_func_name number_near score 0.0 msg number not convertable, response: None, target: 3.7
2026-08-11 23:24:59.826 | DEBUG    | eval.evaluation.evaluation:metric_call:77 - metric_func_name number_near score 0.0 msg number not convertable, response: None, target: 1.5
2026-08-11 23:24:59.826 | DEBUG    | eval.evaluation.evaluation:metric_call:77 - metric_func_name number_near score 0.0 msg number not convertable, response: None, target: 3.7
2026-08-11 23:24:59.826 | DEBUG    | eval.evaluation.evaluation:metric_call:77 - metric_func_name number_near score 0.0 msg number not convertable, response: None, target: 3.4
2026-08-11 23:24:59.826 | DEBUG    | eval.evaluation.evaluation:metric_call:77 - metric_func_name number_near score 0.0 msg number not convertable, response: None, target: 6.7
2026-08-11 23:24:59.826 | DEBUG    | eval.evaluation.evaluation:metric_call:77 - metric_func_name number_near score 0.0 msg number not convertable, response: None, target: 2.6
2026-08-11 23:24:59.826 | DEBUG    | eval.evaluation.evaluation:metric_call:77 - metric_func_name number_near score 0.0 msg number not convertable, response: None, target: 6.0
2026-08-11 23:24:59.826 | DEBUG    | eval.evaluation.evaluation:metric_call:77 - metric_func_name number_near score 0.0 msg number not convertable, response: None, target: 0.9
2026-08-11 23:24:59.826 | DEBUG    | eval.evaluation.evaluation:metric_call:77 - metric_func_name number_near score 1.0 msg number equal, response: NULL, target: NULL
2026-08-11 23:24:59.826 | DEBUG    | eval.evaluation.evaluation:metric_call:77 - metric_func_name number_near score 0.0 msg number not convertable, response: None, target: 2.6
2026-08-11 23:24:59.826 | DEBUG    | eval.evaluation.evaluation:metric_call:77 - metric_func_name number_near score 0.0 msg number not convertable, response: None, target: 7.3
2026-08-11 23:24:59.826 | DEBUG    | eval.evaluation.evaluation:metric_call:77 - metric_func_name number_near score 0.0 msg number not convertable, response: None, target: 3.4
2026-08-11 23:24:59.826 | DEBUG    | eval.evaluation.evaluation:metric_call:77 - metric_func_name number_near score 0.0 msg number not convertable, response: None, target: 5.7
2026-08-11 23:24:59.826 | DEBUG    | eval.evaluation.evaluation:metric_call:77 - metric_func_name number_near score 0.0 msg number not convertable, response: None, target: 5.7
2026-08-11 23:24:59.826 | DEBUG    | eval.evaluation.evaluation:metric_call:77 - metric_func_name number_near score 0.0 msg number not convertable, response: None, target: 5.7
2026-08-11 23:24:59.826 | DEBUG    | eval.evaluation.evaluation:metric_call:77 - metric_func_name number_near score 0.0 msg number not convertable, response: None, target: 4.8
2026-08-11 23:24:59.826 | DEBUG    | eval.evaluation.evaluation:metric_call:77 - metric_func_name number_near score 0.0 msg number not convertable, response: None, target: 4.5
2026-08-11 23:24:59.826 | DEBUG    | eval.evaluation.evaluation:metric_call:77 - metric_func_name number_near score 0.0 msg number not convertable, response: None, target: 2.8
2026-08-11 23:24:59.826 | DEBUG    | eval.evaluation.evaluation:metric_call:77 - metric_func_name number_near score 0.0 msg number not convertable, response: None, target: 4.8
2026-08-11 23:24:59.826 | DEBUG    | eval.evaluation.evaluation:metric_call:77 - metric_func_name number_near score 0.0 msg number not convertable, response: None, target: 4.2
2026-08-11 23:24:59.826 | DEBUG    | eval.evaluation.evaluation:metric_call:77 - metric_func_name number_near score 0.0 msg number not convertable, response: None, target: 1.8
2026-08-11 23:24:59.826 | DEBUG    | eval.evaluation.evaluation:metric_call:77 - metric_func_name number_near score 0.0 msg number not convertable, response: None, target: 5.0
2026-08-11 23:24:59.826 | DEBUG    | eval.evaluation.evaluation:metric_call:77 - metric_func_name number_near score 0.0 msg number not convertable, response: None, target: 5.2
2026-08-11 23:24:59.826 | DEBUG    | eval.evaluation.evaluation:metric_call:77 - metric_func_name number_near score 0.0 msg number not convertable, response: None, target: 4.7
2026-08-11 23:24:59.826 | DEBUG    | eval.evaluation.evaluation:metric_call:77 - metric_func_name number_near score 0.0 msg number not convertable, response: None, target: 1.9
2026-08-11 23:24:59.826 | DEBUG    | eval.evaluation.evaluation:metric_call:77 - metric_func_name number_near score 0.0 msg number not convertable, response: None, target: 3.7
2026-08-11 23:24:59.826 | DEBUG    | eval.evaluation.evaluation:metric_call:77 - metric_func_name number_near score 0.0 msg number not convertable, response: None, target: 8.4
2026-08-11 23:24:59.826 | DEBUG    | eval.evaluation.evaluation:metric_call:77 - metric_func_name number_near score 0.0 msg number not convertable, response: None, target: 3.4
2026-08-11 23:24:59.827 | DEBUG    | eval.evaluation.evaluation:metric_call:77 - metric_func_name number_near score 0.0 msg number not convertable, response: None, target: 8.9
2026-08-11 23:24:59.827 | DEBUG    | eval.evaluation.evaluation:metric_call:77 - metric_func_name number_near score 0.0 msg number not convertable, response: None, target: 0.9
2026-08-11 23:24:59.827 | DEBUG    | eval.evaluation.evaluation:metric_call:77 - metric_func_name number_near score 0.0 msg number not convertable, response: None, target: 6.9
2026-08-11 23:24:59.827 | DEBUG    | eval.evaluation.evaluation:metric_call:77 - metric_func_name number_near score 0.0 msg number not convertable, response: None, target: 3.5
2026-08-11 23:24:59.827 | DEBUG    | eval.evaluation.evaluation:metric_call:77 - metric_func_name number_near score 0.0 msg number not convertable, response: None, target: 4.0
2026-08-11 23:24:59.827 | DEBUG    | eval.evaluation.evaluation:metric_call:77 - metric_func_name number_near score 0.0 msg number not convertable, response: None, target: 4.0
2026-08-11 23:24:59.827 | DEBUG    | eval.evaluation.evaluation:metric_call:77 - metric_func_name number_near score 0.0 msg number not convertable, response: None, target: 0.6
2026-08-11 23:24:59.827 | DEBUG    | eval.evaluation.evaluation:metric_call:77 - metric_func_name number_near score 1.0 msg number equal, response: NULL, target: NULL
2026-08-11 23:24:59.827 | DEBUG    | eval.evaluation.evaluation:metric_call:77 - metric_func_name number_near score 0.0 msg number not convertable, response: None, target: -13.5
2026-08-11 23:24:59.827 | DEBUG    | eval.evaluation.evaluation:metric_call:77 - metric_func_name number_near score 0.0 msg number not convertable, response: None, target: 5.5
2026-08-11 23:24:59.827 | DEBUG    | eval.evaluation.evaluation:metric_call:77 - metric_func_name number_near score 0.0 msg number not convertable, response: None, target: 5.3
2026-08-11 23:24:59.827 | DEBUG    | eval.evaluation.evaluation:metric_call:77 - metric_func_name number_near score 0.0 msg number not convertable, response: None, target: 6.1
2026-08-11 23:24:59.827 | DEBUG    | eval.evaluation.evaluation:metric_call:77 - metric_func_name number_near score 0.0 msg number not convertable, response: None, target: 4.0
2026-08-11 23:24:59.827 | DEBUG    | eval.evaluation.evaluation:metric_call:77 - metric_func_name number_near score 0.0 msg number not convertable, response: None, target: 2.0
2026-08-11 23:24:59.828 | DEBUG    | eval.evaluation.evaluation:evaluate_single_query:321 - wide2deep_ws_en_098, col 2024gdpgrowth(%), metric_func_name number_near, score [0.0, 0.0, 0.0, 0.0, 0.0, 0.0, 0.0, 0.0, 0.0, 0.0, 0.0, 0.0, 0.0, 0.0, 1.0, 0.0, 0.0, 0.0, 0.0, 0.0, 0.0, 0.0, 0.0, 0.0, 0.0, 0.0, 0.0, 0.0, 0.0, 0.0, 0.0, 0.0, 0.0, 0.0, 0.0, 0.0, 0.0, 0.0, 0.0, 0.0, 0.0, 1.0, 0.0, 0.0, 0.0, 0.0, 0.0, 0.0]
2026-08-11 23:24:59.828 | DEBUG    | eval.evaluation.evaluation:metric_call:77 - metric_func_name number_near score 0.0 msg number not convertable, response: None, target: 1.1
2026-08-11 23:24:59.828 | DEBUG    | eval.evaluation.evaluation:metric_call:77 - metric_func_name number_near score 0.0 msg number not convertable, response: None, target: 6.4
2026-08-11 23:24:59.828 | DEBUG    | eval.evaluation.evaluation:metric_call:77 - metric_func_name number_near score 0.0 msg number not convertable, response: None, target: 3.2
2026-08-11 23:24:59.828 | DEBUG    | eval.evaluation.evaluation:metric_call:77 - metric_func_name number_near score 0.0 msg number not convertable, response: None, target: 3.2
2026-08-11 23:24:59.828 | DEBUG    | eval.evaluation.evaluation:metric_call:77 - metric_func_name number_near score 0.0 msg number not convertable, response: None, target: 2.7
2026-08-11 23:24:59.828 | DEBUG    | eval.evaluation.evaluation:metric_call:77 - metric_func_name number_near score 0.0 msg number not convertable, response: None, target: 5.4
2026-08-11 23:24:59.828 | DEBUG    | eval.evaluation.evaluation:metric_call:77 - metric_func_name number_near score 0.0 msg number not convertable, response: None, target: 3.2
2026-08-11 23:24:59.828 | DEBUG    | eval.evaluation.evaluation:metric_call:77 - metric_func_name number_near score 0.0 msg number not convertable, response: None, target: 0.7
2026-08-11 23:24:59.828 | DEBUG    | eval.evaluation.evaluation:metric_call:77 - metric_func_name number_near score 0.0 msg number not convertable, response: None, target: 4.1
2026-08-11 23:24:59.828 | DEBUG    | eval.evaluation.evaluation:metric_call:77 - metric_func_name number_near score 0.0 msg number not convertable, response: None, target: 3.1
2026-08-11 23:24:59.828 | DEBUG    | eval.evaluation.evaluation:metric_call:77 - metric_func_name number_near score 0.0 msg number not convertable, response: None, target: 8.6
2026-08-11 23:24:59.828 | DEBUG    | eval.evaluation.evaluation:metric_call:77 - metric_func_name number_near score 0.0 msg number not convertable, response: None, target: 1.9
2026-08-11 23:24:59.828 | DEBUG    | eval.evaluation.evaluation:metric_call:77 - metric_func_name number_near score 0.0 msg number not convertable, response: None, target: 6.5
2026-08-11 23:24:59.828 | DEBUG    | eval.evaluation.evaluation:metric_call:77 - metric_func_name number_near score 0.0 msg number not convertable, response: None, target: -5.1
2026-08-11 23:24:59.828 | DEBUG    | eval.evaluation.evaluation:metric_call:77 - metric_func_name number_near score 1.0 msg number equal, response: NULL, target: NULL
2026-08-11 23:24:59.828 | DEBUG    | eval.evaluation.evaluation:metric_call:77 - metric_func_name number_near score 0.0 msg number not convertable, response: None, target: 3.4
2026-08-11 23:24:59.828 | DEBUG    | eval.evaluation.evaluation:metric_call:77 - metric_func_name number_near score 0.0 msg number not convertable, response: None, target: 6.6
2026-08-11 23:24:59.828 | DEBUG    | eval.evaluation.evaluation:metric_call:77 - metric_func_name number_near score 0.0 msg number not convertable, response: None, target: 2.4
2026-08-11 23:24:59.829 | DEBUG    | eval.evaluation.evaluation:metric_call:77 - metric_func_name number_near score 0.0 msg number not convertable, response: None, target: 4.8
2026-08-11 23:24:59.829 | DEBUG    | eval.evaluation.evaluation:metric_call:77 - metric_func_name number_near score 0.0 msg number not convertable, response: None, target: 3.1
2026-08-11 23:24:59.829 | DEBUG    | eval.evaluation.evaluation:metric_call:77 - metric_func_name number_near score 0.0 msg number not convertable, response: None, target: 5.5
2026-08-11 23:24:59.829 | DEBUG    | eval.evaluation.evaluation:metric_call:77 - metric_func_name number_near score 0.0 msg number not convertable, response: None, target: 4.5
2026-08-11 23:24:59.829 | DEBUG    | eval.evaluation.evaluation:metric_call:77 - metric_func_name number_near score 0.0 msg number not convertable, response: None, target: 5.6
2026-08-11 23:24:59.829 | DEBUG    | eval.evaluation.evaluation:metric_call:77 - metric_func_name number_near score 0.0 msg number not convertable, response: None, target: 1.8
2026-08-11 23:24:59.829 | DEBUG    | eval.evaluation.evaluation:metric_call:77 - metric_func_name number_near score 0.0 msg number not convertable, response: None, target: 4.7
2026-08-11 23:24:59.829 | DEBUG    | eval.evaluation.evaluation:metric_call:77 - metric_func_name number_near score 0.0 msg number not convertable, response: None, target: 4.2
2026-08-11 23:24:59.829 | DEBUG    | eval.evaluation.evaluation:metric_call:77 - metric_func_name number_near score 0.0 msg number not convertable, response: None, target: 1.9
2026-08-11 23:24:59.829 | DEBUG    | eval.evaluation.evaluation:metric_call:77 - metric_func_name number_near score 0.0 msg number not convertable, response: None, target: 4.7
2026-08-11 23:24:59.829 | DEBUG    | eval.evaluation.evaluation:metric_call:77 - metric_func_name number_near score 0.0 msg number not convertable, response: None, target: 6.5
2026-08-11 23:24:59.829 | DEBUG    | eval.evaluation.evaluation:metric_call:77 - metric_func_name number_near score 0.0 msg number not convertable, response: None, target: 5.0
2026-08-11 23:24:59.829 | DEBUG    | eval.evaluation.evaluation:metric_call:77 - metric_func_name number_near score 0.0 msg number not convertable, response: None, target: 5.4
2026-08-11 23:24:59.829 | DEBUG    | eval.evaluation.evaluation:metric_call:77 - metric_func_name number_near score 0.0 msg number not convertable, response: None, target: 4.4
2026-08-11 23:24:59.829 | DEBUG    | eval.evaluation.evaluation:metric_call:77 - metric_func_name number_near score 0.0 msg number not convertable, response: None, target: 1.7
2026-08-11 23:24:59.829 | DEBUG    | eval.evaluation.evaluation:metric_call:77 - metric_func_name number_near score 0.0 msg number not convertable, response: None, target: 2.9
2026-08-11 23:24:59.829 | DEBUG    | eval.evaluation.evaluation:metric_call:77 - metric_func_name number_near score 0.0 msg number not convertable, response: None, target: 8.2
2026-08-11 23:24:59.829 | DEBUG    | eval.evaluation.evaluation:metric_call:77 - metric_func_name number_near score 0.0 msg number not convertable, response: None, target: 0.4
2026-08-11 23:24:59.829 | DEBUG    | eval.evaluation.evaluation:metric_call:77 - metric_func_name number_near score 0.0 msg number not convertable, response: None, target: 4.3
2026-08-11 23:24:59.829 | DEBUG    | eval.evaluation.evaluation:metric_call:77 - metric_func_name number_near score 0.0 msg number not convertable, response: None, target: 2.3
2026-08-11 23:24:59.829 | DEBUG    | eval.evaluation.evaluation:metric_call:77 - metric_func_name number_near score 0.0 msg number not convertable, response: None, target: 5.7
2026-08-11 23:24:59.829 | DEBUG    | eval.evaluation.evaluation:metric_call:77 - metric_func_name number_near score 0.0 msg number not convertable, response: None, target: 4.2
2026-08-11 23:24:59.829 | DEBUG    | eval.evaluation.evaluation:metric_call:77 - metric_func_name number_near score 0.0 msg number not convertable, response: None, target: 0.7
2026-08-11 23:24:59.829 | DEBUG    | eval.evaluation.evaluation:metric_call:77 - metric_func_name number_near score 1.0 msg number equal, response: NULL, target: NULL
2026-08-11 23:24:59.829 | DEBUG    | eval.evaluation.evaluation:metric_call:77 - metric_func_name number_near score 0.0 msg number not convertable, response: None, target: -29.4
2026-08-11 23:24:59.829 | DEBUG    | eval.evaluation.evaluation:metric_call:77 - metric_func_name number_near score 0.0 msg number not convertable, response: None, target: 5.1
2026-08-11 23:24:59.829 | DEBUG    | eval.evaluation.evaluation:metric_call:77 - metric_func_name number_near score 0.0 msg number not convertable, response: None, target: 6.4
2026-08-11 23:24:59.829 | DEBUG    | eval.evaluation.evaluation:metric_call:77 - metric_func_name number_near score 0.0 msg number not convertable, response: None, target: 5.3
2026-08-11 23:24:59.830 | DEBUG    | eval.evaluation.evaluation:metric_call:77 - metric_func_name number_near score 0.0 msg number not convertable, response: None, target: 5.4
2026-08-11 23:24:59.830 | DEBUG    | eval.evaluation.evaluation:metric_call:77 - metric_func_name number_near score 0.0 msg number not convertable, response: None, target: 5.3
2026-08-11 23:24:59.830 | DEBUG    | eval.evaluation.evaluation:evaluate_single_query:321 - wide2deep_ws_en_098, col 2023gdpgrowth(%), metric_func_name number_near, score [0.0, 0.0, 0.0, 0.0, 0.0, 0.0, 0.0, 0.0, 0.0, 0.0, 0.0, 0.0, 0.0, 0.0, 1.0, 0.0, 0.0, 0.0, 0.0, 0.0, 0.0, 0.0, 0.0, 0.0, 0.0, 0.0, 0.0, 0.0, 0.0, 0.0, 0.0, 0.0, 0.0, 0.0, 0.0, 0.0, 0.0, 0.0, 0.0, 0.0, 0.0, 1.0, 0.0, 0.0, 0.0, 0.0, 0.0, 0.0]
2026-08-11 23:24:59.830 | DEBUG    | eval.evaluation.evaluation:metric_call:77 - metric_func_name number_near score 0.0 msg number not convertable, response: None, target: 3.0
2026-08-11 23:24:59.830 | DEBUG    | eval.evaluation.evaluation:metric_call:77 - metric_func_name number_near score 0.0 msg number not convertable, response: None, target: 6.3
2026-08-11 23:24:59.830 | DEBUG    | eval.evaluation.evaluation:metric_call:77 - metric_func_name number_near score 0.0 msg number not convertable, response: None, target: 5.5
2026-08-11 23:24:59.830 | DEBUG    | eval.evaluation.evaluation:metric_call:77 - metric_func_name number_near score 0.0 msg number not convertable, response: None, target: 1.5
2026-08-11 23:24:59.831 | DEBUG    | eval.evaluation.evaluation:metric_call:77 - metric_func_name number_near score 0.0 msg number not convertable, response: None, target: 1.8
2026-08-11 23:24:59.831 | DEBUG    | eval.evaluation.evaluation:metric_call:77 - metric_func_name number_near score 0.0 msg number not convertable, response: None, target: 15.8
2026-08-11 23:24:59.831 | DEBUG    | eval.evaluation.evaluation:metric_call:77 - metric_func_name number_near score 0.0 msg number not convertable, response: None, target: 3.7
2026-08-11 23:24:59.831 | DEBUG    | eval.evaluation.evaluation:metric_call:77 - metric_func_name number_near score 0.0 msg number not convertable, response: None, target: 0.5
2026-08-11 23:24:59.831 | DEBUG    | eval.evaluation.evaluation:metric_call:77 - metric_func_name number_near score 0.0 msg number not convertable, response: None, target: 12.9
2026-08-11 23:24:59.831 | DEBUG    | eval.evaluation.evaluation:metric_call:77 - metric_func_name number_near score 0.0 msg number not convertable, response: None, target: 2.8
2026-08-11 23:24:59.831 | DEBUG    | eval.evaluation.evaluation:metric_call:77 - metric_func_name number_near score 0.0 msg number not convertable, response: None, target: 8.9
2026-08-11 23:24:59.831 | DEBUG    | eval.evaluation.evaluation:metric_call:77 - metric_func_name number_near score 0.0 msg number not convertable, response: None, target: 1.5
2026-08-11 23:24:59.831 | DEBUG    | eval.evaluation.evaluation:metric_call:77 - metric_func_name number_near score 0.0 msg number not convertable, response: None, target: 6.4
2026-08-11 23:24:59.831 | DEBUG    | eval.evaluation.evaluation:metric_call:77 - metric_func_name number_near score 0.0 msg number not convertable, response: None, target: 3.2
2026-08-11 23:24:59.831 | DEBUG    | eval.evaluation.evaluation:metric_call:77 - metric_func_name number_near score 1.0 msg number equal, response: NULL, target: NULL
2026-08-11 23:24:59.831 | DEBUG    | eval.evaluation.evaluation:metric_call:77 - metric_func_name number_near score 0.0 msg number not convertable, response: None, target: 1.1
2026-08-11 23:24:59.831 | DEBUG    | eval.evaluation.evaluation:metric_call:77 - metric_func_name number_near score 0.0 msg number not convertable, response: None, target: 5.3
2026-08-11 23:24:59.831 | DEBUG    | eval.evaluation.evaluation:metric_call:77 - metric_func_name number_near score 0.0 msg number not convertable, response: None, target: 3.0
2026-08-11 23:24:59.831 | DEBUG    | eval.evaluation.evaluation:metric_call:77 - metric_func_name number_near score 0.0 msg number not convertable, response: None, target: 5.5
2026-08-11 23:24:59.831 | DEBUG    | eval.evaluation.evaluation:metric_call:77 - metric_func_name number_near score 0.0 msg number not convertable, response: None, target: 3.8
2026-08-11 23:24:59.831 | DEBUG    | eval.evaluation.evaluation:metric_call:77 - metric_func_name number_near score 0.0 msg number not convertable, response: None, target: 4.0
2026-08-11 23:24:59.831 | DEBUG    | eval.evaluation.evaluation:metric_call:77 - metric_func_name number_near score 0.0 msg number not convertable, response: None, target: 5.6
2026-08-11 23:24:59.831 | DEBUG    | eval.evaluation.evaluation:metric_call:77 - metric_func_name number_near score 0.0 msg number not convertable, response: None, target: 4.9
2026-08-11 23:24:59.831 | DEBUG    | eval.evaluation.evaluation:metric_call:77 - metric_func_name number_near score 0.0 msg number not convertable, response: None, target: 2.4
2026-08-11 23:24:59.831 | DEBUG    | eval.evaluation.evaluation:metric_call:77 - metric_func_name number_near score 0.0 msg number not convertable, response: None, target: 4.8
2026-08-11 23:24:59.831 | DEBUG    | eval.evaluation.evaluation:metric_call:77 - metric_func_name number_near score 0.0 msg number not convertable, response: None, target: 4.2
2026-08-11 23:24:59.831 | DEBUG    | eval.evaluation.evaluation:metric_call:77 - metric_func_name number_near score 0.0 msg number not convertable, response: None, target: 0.9
2026-08-11 23:24:59.831 | DEBUG    | eval.evaluation.evaluation:metric_call:77 - metric_func_name number_near score 0.0 msg number not convertable, response: None, target: 3.5
2026-08-11 23:24:59.831 | DEBUG    | eval.evaluation.evaluation:metric_call:77 - metric_func_name number_near score 0.0 msg number not convertable, response: None, target: 6.8
2026-08-11 23:24:59.831 | DEBUG    | eval.evaluation.evaluation:metric_call:77 - metric_func_name number_near score 0.0 msg number not convertable, response: None, target: 8.7
2026-08-11 23:24:59.831 | DEBUG    | eval.evaluation.evaluation:metric_call:77 - metric_func_name number_near score 0.0 msg number not convertable, response: None, target: 4.4
2026-08-11 23:24:59.831 | DEBUG    | eval.evaluation.evaluation:metric_call:77 - metric_func_name number_near score 0.0 msg number not convertable, response: None, target: 5.4
2026-08-11 23:24:59.832 | DEBUG    | eval.evaluation.evaluation:metric_call:77 - metric_func_name number_near score 0.0 msg number not convertable, response: None, target: 11.9
2026-08-11 23:24:59.832 | DEBUG    | eval.evaluation.evaluation:metric_call:77 - metric_func_name number_near score 0.0 msg number not convertable, response: None, target: 3.3
2026-08-11 23:24:59.832 | DEBUG    | eval.evaluation.evaluation:metric_call:77 - metric_func_name number_near score 0.0 msg number not convertable, response: None, target: 8.2
2026-08-11 23:24:59.832 | DEBUG    | eval.evaluation.evaluation:metric_call:77 - metric_func_name number_near score 0.0 msg number not convertable, response: None, target: 0.2
2026-08-11 23:24:59.832 | DEBUG    | eval.evaluation.evaluation:metric_call:77 - metric_func_name number_near score 0.0 msg number not convertable, response: None, target: 3.9
2026-08-11 23:24:59.832 | DEBUG    | eval.evaluation.evaluation:metric_call:77 - metric_func_name number_near score 0.0 msg number not convertable, response: None, target: 12.7
2026-08-11 23:24:59.832 | DEBUG    | eval.evaluation.evaluation:metric_call:77 - metric_func_name number_near score 0.0 msg number not convertable, response: None, target: 5.3
2026-08-11 23:24:59.832 | DEBUG    | eval.evaluation.evaluation:metric_call:77 - metric_func_name number_near score 0.0 msg number not convertable, response: None, target: 2.7
2026-08-11 23:24:59.832 | DEBUG    | eval.evaluation.evaluation:metric_call:77 - metric_func_name number_near score 0.0 msg number not convertable, response: None, target: 1.9
2026-08-11 23:24:59.832 | DEBUG    | eval.evaluation.evaluation:metric_call:77 - metric_func_name number_near score 1.0 msg number equal, response: NULL, target: NULL
2026-08-11 23:24:59.832 | DEBUG    | eval.evaluation.evaluation:metric_call:77 - metric_func_name number_near score 0.0 msg number not convertable, response: None, target: -1.0
2026-08-11 23:24:59.832 | DEBUG    | eval.evaluation.evaluation:metric_call:77 - metric_func_name number_near score 0.0 msg number not convertable, response: None, target: 4.6
2026-08-11 23:24:59.832 | DEBUG    | eval.evaluation.evaluation:metric_call:77 - metric_func_name number_near score 0.0 msg number not convertable, response: None, target: 5.8
2026-08-11 23:24:59.832 | DEBUG    | eval.evaluation.evaluation:metric_call:77 - metric_func_name number_near score 0.0 msg number not convertable, response: None, target: 4.6
2026-08-11 23:24:59.832 | DEBUG    | eval.evaluation.evaluation:metric_call:77 - metric_func_name number_near score 0.0 msg number not convertable, response: None, target: 5.2
2026-08-11 23:24:59.832 | DEBUG    | eval.evaluation.evaluation:metric_call:77 - metric_func_name number_near score 0.0 msg number not convertable, response: None, target: 6.1
2026-08-11 23:24:59.833 | DEBUG    | eval.evaluation.evaluation:evaluate_single_query:321 - wide2deep_ws_en_098, col 2022gdpgrowth(%), metric_func_name number_near, score [0.0, 0.0, 0.0, 0.0, 0.0, 0.0, 0.0, 0.0, 0.0, 0.0, 0.0, 0.0, 0.0, 0.0, 1.0, 0.0, 0.0, 0.0, 0.0, 0.0, 0.0, 0.0, 0.0, 0.0, 0.0, 0.0, 0.0, 0.0, 0.0, 0.0, 0.0, 0.0, 0.0, 0.0, 0.0, 0.0, 0.0, 0.0, 0.0, 0.0, 0.0, 1.0, 0.0, 0.0, 0.0, 0.0, 0.0, 0.0]
2026-08-11 23:24:59.837 | INFO     | eval.evaluation.evaluation:evaluate_single_query:380 - wide2deep_ws_en_098, P/R/F1 by unique_columns: 1.0000/1.0000/1.0000
2026-08-11 23:24:59.837 | INFO     | eval.evaluation.evaluation:evaluate_single_query:383 - wide2deep_ws_en_098, P/R/F1 by row: 0.0417/0.0417/0.0417
2026-08-11 23:24:59.837 | INFO     | eval.evaluation.evaluation:evaluate_single_query:386 - wide2deep_ws_en_098, P/R/F1 by item: 0.2812/0.2812/0.2812
2026-08-11 23:24:59.841 | INFO     | eval.evaluation.evaluation:evaluate_single_query:398 - wide2deep_ws_en_098, final table score: 0.0
{"event": "eval_done", "idx": 7, "instance_id": "wide2deep_ws_en_098", "score": 0.0, "entity_acc": 1.0, "f1_by_row": 0.041666666666666664, "f1_by_item": 0.28125, "column_f1": 1.0, "error": null, "elapsed_seconds": 4.435, "running_n": 7}
SUMMARY {"n": 7, "valid_n": 7, "errors": 0, "complete": true, "judge_calls_current_process": 15, "score": 0.0, "entity_acc": 0.7142857142857143, "precision_by_row": 0.20833333333333331, "recall_by_row": 0.19047619047619047, "f1_by_row": 0.19812925170068027, "precision_by_item": 0.40670292582555456, "recall_by_item": 0.40884872241579556, "f1_by_item": 0.39739747525026275, "column_precision": 0.5912698412698413, "column_recall": 0.6339285714285714, "column_f1": 0.5897959183673469}
