INFO: Pandarallel will run on 8 workers.
INFO: Pandarallel will use Memory file system to transfer data between the main process and workers.
{"event": "eval_start", "selected": 7, "resume_committed": 0, "committed_errors": 0, "crash_only_resume": false}
2026-08-11 23:24:20.135 | DEBUG    | eval.evaluation.data_loader:extract_dataframe:167 - find markdown_str 
| 场景名称 | 具体事项 | 实施方式 | 牵头部门 | 配合部门 | 完成时限 |
| --- | --- | --- | ...
2026-08-11 23:24:27.357 | INFO     | eval.evaluation.metric_utils:primary_key_preprocess:246 - primary_key_preprocess result: ```json
{
  "清税信息核验": "清税信息核验",
  "个体工商户转型为企业变更登记": "个体工商户转型为企业变更登记",
  "企业印章刻制": "企业印章刻制",
  "基本账户开立或账户信息变更": "基本账户开立或账户信息变更",
  "社会保险登记或参保信息变更": "社会保险登记或参保信息变更",
  "住房公积金企业缴存登记或信息变更": "住房公积金企业缴存登记或信息变更",
  "合格境外投资者资格审批": "合格境外投资者资格审批",
  "经营证券期货业务许可证核发": "经营证券期货业务许可证核发",
  "证券账户开立": "证券账户开立",
  "期货账户开立": "期货账户开立",
  "外汇登记": "外汇登记",
  "基本账户开立": "基本账户开立",
  "科技成果查新": "科技成果查新",
  "科技成果登记": "科技成果登记",
  "科技成果转化专项资金申请": "科技成果转化专项资金申请",
  "知识产权支持资金申请": "知识产权支持资金申请",
  "现行相关税收优惠政策宣传辅导": "现行相关税收优惠政策宣传辅导",
  "企业投资（含外商投资）项目核准或备案": "企业投资（含外商投资）项目核准/备案",
  "固定资产投资项目节能审查": "固定资产投资项目节能审查",
  "建设项目用地预审与选址意见书核发": "建设项目用地预审与选址意见书核发",
  "建设项目环境影响评价": "建设项目环境影响评价",
  "机动车注册登记": "机动车注册登记",
  "机动车合格证信息核查": "机动车合格证信息核查",
  "进口车强制性产品认证（CCC认证）信息核查": "进口车强制性产品认证（CCC 认证）信息核查",
  "企业营业执照信息核验": "企业营业执照信息核验",
  "车辆购置税完税证明和机动车销售统一发票信息共享核查": "车辆购置税完税证明和机动车销售统一发票信息共享核查",
  "交强险信息核查": "交强险信息核查",
  "社会团体、民办非企业单位和基金会登记证书信息核查": "社会团体、民办非企业单位和基金会登记证书信息核查",
  "建筑工程施工许可证核发": "建筑工程施工许可证核发",
  "建设工程消防设计审查": "建设工程消防设计审查",
  "建设工程质量监督手续办理": "建设工程质量监督手续办理",
  "城市建筑垃圾处置核准": "城市建筑垃圾处置核准",
  "城镇污水排入排水管网许可（临时）": "城镇污水排入排水管网许可（临时）",
  "就业创业证申领": "就业创业证申领",
  "无雇工个体工商户及灵活就业人员参加养老保险登记": "无雇工个体工商户及灵活就业人员参加养老保险登记",
  "创业补贴申领": "创业补贴申领",
  "经营主体登记注册": "经营主体登记注册",
  "纳税人信息确认": "纳税人信息确认",
  "内地居民婚姻登记": "内地居民婚姻登记",
  "户口登记项目变更（婚姻状况）": "户口登记项目变更（婚姻状况）",
  "户口迁移（夫妻投靠落户）": "户口迁移（夫妻投靠落户）",
  "外国人来华工作许可签发、变更或延期": "外国人来华工作许可签发/变更/延期",
  "外国人来华工作社会保险登记": "外国人来华工作社会保险登记",
  "外国人来华工作职称评审": "外国人来华工作职称评审",
  "外国人居留证件签发、变更或延期": "外国人居留证件签发/变更/延期"
}
```
2026-08-11 23:24:27.357 | INFO     | eval.evaluation.evaluation:evaluate_single_query:223 - col: 具体事项, primary_key_map {'清税信息核验': '清税信息核验', '个体工商户转型为企业变更登记': '个体工商户转型为企业变更登记', '企业印章刻制': '企业印章刻制', '基本账户开立或账户信息变更': '基本账户开立或账户信息变更', '社会保险登记或参保信息变更': '社会保险登记或参保信息变更', '住房公积金企业缴存登记或信息变更': '住房公积金企业缴存登记或信息变更', '合格境外投资者资格审批': '合格境外投资者资格审批', '经营证券期货业务许可证核发': '经营证券期货业务许可证核发', '证券账户开立': '证券账户开立', '期货账户开立': '期货账户开立', '外汇登记': '外汇登记', '基本账户开立': '基本账户开立', '科技成果查新': '科技成果查新', '科技成果登记': '科技成果登记', '科技成果转化专项资金申请': '科技成果转化专项资金申请', '知识产权支持资金申请': '知识产权支持资金申请', '现行相关税收优惠政策宣传辅导': '现行相关税收优惠政策宣传辅导', '企业投资（含外商投资）项目核准或备案': '企业投资（含外商投资）项目核准/备案', '固定资产投资项目节能审查': '固定资产投资项目节能审查', '建设项目用地预审与选址意见书核发': '建设项目用地预审与选址意见书核发', '建设项目环境影响评价': '建设项目环境影响评价', '机动车注册登记': '机动车注册登记', '机动车合格证信息核查': '机动车合格证信息核查', '进口车强制性产品认证（CCC认证）信息核查': '进口车强制性产品认证（CCC 认证）信息核查', '企业营业执照信息核验': '企业营业执照信息核验', '车辆购置税完税证明和机动车销售统一发票信息共享核查': '车辆购置税完税证明和机动车销售统一发票信息共享核查', '交强险信息核查': '交强险信息核查', '社会团体、民办非企业单位和基金会登记证书信息核查': '社会团体、民办非企业单位和基金会登记证书信息核查', '建筑工程施工许可证核发': '建筑工程施工许可证核发', '建设工程消防设计审查': '建设工程消防设计审查', '建设工程质量监督手续办理': '建设工程质量监督手续办理', '城市建筑垃圾处置核准': '城市建筑垃圾处置核准', '城镇污水排入排水管网许可（临时）': '城镇污水排入排水管网许可（临时）', '就业创业证申领': '就业创业证申领', '无雇工个体工商户及灵活就业人员参加养老保险登记': '无雇工个体工商户及灵活就业人员参加养老保险登记', '创业补贴申领': '创业补贴申领', '经营主体登记注册': '经营主体登记注册', '纳税人信息确认': '纳税人信息确认', '内地居民婚姻登记': '内地居民婚姻登记', '户口登记项目变更（婚姻状况）': '户口登记项目变更（婚姻状况）', '户口迁移（夫妻投靠落户）': '户口迁移（夫妻投靠落户）', '外国人来华工作许可签发、变更或延期': '外国人来华工作许可签发/变更/延期', '外国人来华工作社会保险登记': '外国人来华工作社会保险登记', '外国人来华工作职称评审': '外国人来华工作职称评审', '外国人居留证件签发、变更或延期': '外国人居留证件签发/变更/延期'}
2026-08-11 23:24:27.366 | INFO     | eval.evaluation.evaluation:evaluate_single_query:275 - wide2deep_ws_zh_062, df_inner shape: (45, 12), answer_df shape: (128, 6), response_df shape: (45, 7)
2026-08-11 23:24:35.078 | DEBUG    | eval.evaluation.evaluation:evaluate_single_query:321 - wide2deep_ws_zh_062, col 场景名称, metric_func_name llm_judge, score [1, 1, 1, 1, 1, 1, 1, 1, 1, 1, 1, 1, 1, 1, 1, 1, 1, 1, 1, 1, 1, 1, 1, 1, 1, 1, 1, 1, 1, 1, 1, 1, 1, 1, 1, 1, 1, 1, 1, 1, 1, 1, 1, 1, 1]
2026-08-11 23:24:35.078 | DEBUG    | eval.evaluation.evaluation:metric_call:77 - metric_func_name exact_match score 0.0 msg exact not match, response: 以北京市地方实施为主，依托北京市政务服务平台集成办理, target: 优化
2026-08-11 23:24:35.078 | DEBUG    | eval.evaluation.evaluation:metric_call:77 - metric_func_name exact_match score 0.0 msg exact not match, response: 以北京市地方实施为主，依托北京市政务服务平台集成办理, target: 优化
2026-08-11 23:24:35.078 | DEBUG    | eval.evaluation.evaluation:metric_call:77 - metric_func_name exact_match score 0.0 msg exact not match, response: 以北京市地方实施为主，依托北京市政务服务平台集成办理, target: 优化
2026-08-11 23:24:35.079 | DEBUG    | eval.evaluation.evaluation:metric_call:77 - metric_func_name exact_match score 0.0 msg exact not match, response: 以北京市地方实施为主，依托北京市政务服务平台集成办理, target: 优化
2026-08-11 23:24:35.079 | DEBUG    | eval.evaluation.evaluation:metric_call:77 - metric_func_name exact_match score 0.0 msg exact not match, response: 以北京市地方实施为主，依托北京市政务服务平台集成办理, target: 优化
2026-08-11 23:24:35.079 | DEBUG    | eval.evaluation.evaluation:metric_call:77 - metric_func_name exact_match score 0.0 msg exact not match, response: 以北京市地方实施为主，依托北京市政务服务平台集成办理, target: 优化
2026-08-11 23:24:35.079 | DEBUG    | eval.evaluation.evaluation:metric_call:77 - metric_func_name exact_match score 0.0 msg exact not match, response: 以国务院有关部门实施为主，推进跨部门信息共享和集成办理, target: 新建
2026-08-11 23:24:35.079 | DEBUG    | eval.evaluation.evaluation:metric_call:77 - metric_func_name exact_match score 0.0 msg exact not match, response: 以国务院有关部门实施为主，推进跨部门信息共享和集成办理, target: 新建
2026-08-11 23:24:35.079 | DEBUG    | eval.evaluation.evaluation:metric_call:77 - metric_func_name exact_match score 0.0 msg exact not match, response: 以国务院有关部门实施为主，推进跨部门信息共享和集成办理, target: 新建
2026-08-11 23:24:35.079 | DEBUG    | eval.evaluation.evaluation:metric_call:77 - metric_func_name exact_match score 0.0 msg exact not match, response: 以国务院有关部门实施为主，推进跨部门信息共享和集成办理, target: 新建
2026-08-11 23:24:35.079 | DEBUG    | eval.evaluation.evaluation:metric_call:77 - metric_func_name exact_match score 0.0 msg exact not match, response: 以国务院有关部门实施为主，推进跨部门信息共享和集成办理, target: 新建
2026-08-11 23:24:35.079 | DEBUG    | eval.evaluation.evaluation:metric_call:77 - metric_func_name exact_match score 0.0 msg exact not match, response: 以国务院有关部门实施为主，推进跨部门信息共享和集成办理, target: 新建
2026-08-11 23:24:35.079 | DEBUG    | eval.evaluation.evaluation:metric_call:77 - metric_func_name exact_match score 0.0 msg exact not match, response: 以北京市地方实施为主，依托北京市政务服务平台及科技业务系统集成办理, target: 新建
2026-08-11 23:24:35.079 | DEBUG    | eval.evaluation.evaluation:metric_call:77 - metric_func_name exact_match score 0.0 msg exact not match, response: 以北京市地方实施为主，依托北京市政务服务平台及科技业务系统集成办理, target: 新建
2026-08-11 23:24:35.079 | DEBUG    | eval.evaluation.evaluation:metric_call:77 - metric_func_name exact_match score 0.0 msg exact not match, response: 以北京市地方实施为主，依托北京市政务服务平台及科技业务系统集成办理, target: 新建
2026-08-11 23:24:35.079 | DEBUG    | eval.evaluation.evaluation:metric_call:77 - metric_func_name exact_match score 0.0 msg exact not match, response: 以北京市地方实施为主，依托北京市政务服务平台及相关业务系统集成办理, target: 新建
2026-08-11 23:24:35.079 | DEBUG    | eval.evaluation.evaluation:metric_call:77 - metric_func_name exact_match score 0.0 msg exact not match, response: 以北京市地方实施为主，线上线下协同开展政策辅导, target: 新建
2026-08-11 23:24:35.079 | DEBUG    | eval.evaluation.evaluation:metric_call:77 - metric_func_name exact_match score 0.0 msg exact not match, response: 以北京市地方实施为主，依托北京市投资项目在线审批监管平台集成办理, target: 新建
2026-08-11 23:24:35.079 | DEBUG    | eval.evaluation.evaluation:metric_call:77 - metric_func_name exact_match score 0.0 msg exact not match, response: 以北京市地方实施为主，依托北京市投资项目在线审批监管平台集成办理, target: 新建
2026-08-11 23:24:35.079 | DEBUG    | eval.evaluation.evaluation:metric_call:77 - metric_func_name exact_match score 0.0 msg exact not match, response: 以北京市地方实施为主，依托北京市投资项目在线审批监管平台集成办理, target: 新建
2026-08-11 23:24:35.079 | DEBUG    | eval.evaluation.evaluation:metric_call:77 - metric_func_name exact_match score 0.0 msg exact not match, response: 以北京市地方实施为主，依托北京市投资项目在线审批监管平台集成办理, target: 新建
2026-08-11 23:24:35.079 | DEBUG    | eval.evaluation.evaluation:metric_call:77 - metric_func_name exact_match score 0.0 msg exact not match, response: 以北京市地方实施为主，推进车辆销售、纳税、保险和登记信息联网核验, target: 新建
2026-08-11 23:24:35.079 | DEBUG    | eval.evaluation.evaluation:metric_call:77 - metric_func_name exact_match score 0.0 msg exact not match, response: 以北京市地方实施为主，通过数据共享免予申请人重复提交, target: 新建
2026-08-11 23:24:35.079 | DEBUG    | eval.evaluation.evaluation:metric_call:77 - metric_func_name exact_match score 0.0 msg exact not match, response: 以北京市地方实施为主，通过数据共享在线核验, target: 新建
2026-08-11 23:24:35.079 | DEBUG    | eval.evaluation.evaluation:metric_call:77 - metric_func_name exact_match score 0.0 msg exact not match, response: 以北京市地方实施为主，通过数据共享在线核验, target: 新建
2026-08-11 23:24:35.079 | DEBUG    | eval.evaluation.evaluation:metric_call:77 - metric_func_name exact_match score 0.0 msg exact not match, response: 以北京市地方实施为主，通过数据共享在线核验, target: 新建
2026-08-11 23:24:35.079 | DEBUG    | eval.evaluation.evaluation:metric_call:77 - metric_func_name exact_match score 0.0 msg exact not match, response: 以北京市地方实施为主，通过数据共享在线核验, target: 新建
2026-08-11 23:24:35.079 | DEBUG    | eval.evaluation.evaluation:metric_call:77 - metric_func_name exact_match score 0.0 msg exact not match, response: 以北京市地方实施为主，通过数据共享在线核验, target: 新建
2026-08-11 23:24:35.080 | DEBUG    | eval.evaluation.evaluation:metric_call:77 - metric_func_name exact_match score 0.0 msg exact not match, response: 以北京市地方实施为主，依托北京市工程建设项目审批管理系统集成办理, target: 新建
2026-08-11 23:24:35.080 | DEBUG    | eval.evaluation.evaluation:metric_call:77 - metric_func_name exact_match score 0.0 msg exact not match, response: 以北京市地方实施为主，依托北京市工程建设项目审批管理系统集成办理, target: 新建
2026-08-11 23:24:35.080 | DEBUG    | eval.evaluation.evaluation:metric_call:77 - metric_func_name exact_match score 0.0 msg exact not match, response: 以北京市地方实施为主，与施工许可等事项并联办理, target: 新建
2026-08-11 23:24:35.080 | DEBUG    | eval.evaluation.evaluation:metric_call:77 - metric_func_name exact_match score 0.0 msg exact not match, response: 以北京市地方实施为主，依托北京市工程建设项目审批管理系统集成办理, target: 新建
2026-08-11 23:24:35.080 | DEBUG    | eval.evaluation.evaluation:metric_call:77 - metric_func_name exact_match score 0.0 msg exact not match, response: 以北京市地方实施为主，依托北京市工程建设项目审批管理系统集成办理, target: 新建
2026-08-11 23:24:35.080 | DEBUG    | eval.evaluation.evaluation:metric_call:77 - metric_func_name exact_match score 0.0 msg exact not match, response: 以北京市地方实施为主，依托北京市政务服务平台集成办理, target: 优化
2026-08-11 23:24:35.080 | DEBUG    | eval.evaluation.evaluation:metric_call:77 - metric_func_name exact_match score 0.0 msg exact not match, response: 以北京市地方实施为主，依托北京市政务服务平台集成办理, target: 优化
2026-08-11 23:24:35.080 | DEBUG    | eval.evaluation.evaluation:metric_call:77 - metric_func_name exact_match score 0.0 msg exact not match, response: 以北京市地方实施为主，线上申请、部门协同审核, target: 优化
2026-08-11 23:24:35.080 | DEBUG    | eval.evaluation.evaluation:metric_call:77 - metric_func_name exact_match score 0.0 msg exact not match, response: 以北京市地方实施为主，依托北京市企业服务平台集成办理, target: 优化
2026-08-11 23:24:35.080 | DEBUG    | eval.evaluation.evaluation:metric_call:77 - metric_func_name exact_match score 0.0 msg exact not match, response: 以北京市地方实施为主，通过部门数据共享联动办理, target: 优化
2026-08-11 23:24:35.080 | DEBUG    | eval.evaluation.evaluation:metric_call:77 - metric_func_name exact_match score 0.0 msg exact not match, response: 以北京市地方实施为主，依托北京市政务服务平台和婚姻登记系统联办, target: 优化
2026-08-11 23:24:35.080 | DEBUG    | eval.evaluation.evaluation:metric_call:77 - metric_func_name exact_match score 0.0 msg exact not match, response: 以北京市地方实施为主，通过婚姻登记信息共享联动办理, target: 优化
2026-08-11 23:24:35.080 | DEBUG    | eval.evaluation.evaluation:metric_call:77 - metric_func_name exact_match score 0.0 msg exact not match, response: 以北京市地方实施为主，线上线下协同办理, target: 优化
2026-08-11 23:24:35.080 | DEBUG    | eval.evaluation.evaluation:metric_call:77 - metric_func_name exact_match score 0.0 msg exact not match, response: 以北京市地方实施为主，依托外国人来华工作管理服务系统和北京市政务服务平台联办, target: 新建
2026-08-11 23:24:35.080 | DEBUG    | eval.evaluation.evaluation:metric_call:77 - metric_func_name exact_match score 0.0 msg exact not match, response: 以北京市地方实施为主，通过工作许可信息共享联动办理, target: 新建
2026-08-11 23:24:35.080 | DEBUG    | eval.evaluation.evaluation:metric_call:77 - metric_func_name exact_match score 0.0 msg exact not match, response: 以北京市地方实施为主，线上申报、部门协同办理, target: 新建
2026-08-11 23:24:35.080 | DEBUG    | eval.evaluation.evaluation:metric_call:77 - metric_func_name exact_match score 0.0 msg exact not match, response: 以北京市地方实施为主，推进工作许可与居留许可协同办理, target: 新建
2026-08-11 23:24:35.081 | DEBUG    | eval.evaluation.evaluation:evaluate_single_query:321 - wide2deep_ws_zh_062, col 实施方式, metric_func_name exact_match, score [0.0, 0.0, 0.0, 0.0, 0.0, 0.0, 0.0, 0.0, 0.0, 0.0, 0.0, 0.0, 0.0, 0.0, 0.0, 0.0, 0.0, 0.0, 0.0, 0.0, 0.0, 0.0, 0.0, 0.0, 0.0, 0.0, 0.0, 0.0, 0.0, 0.0, 0.0, 0.0, 0.0, 0.0, 0.0, 0.0, 0.0, 0.0, 0.0, 0.0, 0.0, 0.0, 0.0, 0.0, 0.0]
2026-08-11 23:24:35.081 | DEBUG    | eval.evaluation.evaluation:metric_call:77 - metric_func_name exact_match score 0.0 msg exact not match, response: 北京市市场监督管理局, target: 市市场监管局
2026-08-11 23:24:35.081 | DEBUG    | eval.evaluation.evaluation:metric_call:77 - metric_func_name exact_match score 0.0 msg exact not match, response: 北京市市场监督管理局, target: 市市场监管局
2026-08-11 23:24:35.081 | DEBUG    | eval.evaluation.evaluation:metric_call:77 - metric_func_name exact_match score 0.0 msg exact not match, response: 北京市市场监督管理局, target: 市市场监管局
2026-08-11 23:24:35.081 | DEBUG    | eval.evaluation.evaluation:metric_call:77 - metric_func_name exact_match score 0.0 msg exact not match, response: 北京市市场监督管理局, target: 市市场监管局
2026-08-11 23:24:35.081 | DEBUG    | eval.evaluation.evaluation:metric_call:77 - metric_func_name exact_match score 0.0 msg exact not match, response: 北京市市场监督管理局, target: 市市场监管局
2026-08-11 23:24:35.081 | DEBUG    | eval.evaluation.evaluation:metric_call:77 - metric_func_name exact_match score 0.0 msg exact not match, response: 北京市市场监督管理局, target: 市市场监管局
2026-08-11 23:24:35.081 | DEBUG    | eval.evaluation.evaluation:metric_call:77 - metric_func_name exact_match score 0.0 msg exact not match, response: 中国证监会及其派出机构, target: 北京证监局
2026-08-11 23:24:35.081 | DEBUG    | eval.evaluation.evaluation:metric_call:77 - metric_func_name exact_match score 0.0 msg exact not match, response: 中国证监会及其派出机构, target: 北京证监局
2026-08-11 23:24:35.081 | DEBUG    | eval.evaluation.evaluation:metric_call:77 - metric_func_name exact_match score 0.0 msg exact not match, response: 中国证监会及其派出机构, target: 北京证监局
2026-08-11 23:24:35.081 | DEBUG    | eval.evaluation.evaluation:metric_call:77 - metric_func_name exact_match score 0.0 msg exact not match, response: 中国证监会及其派出机构, target: 北京证监局
2026-08-11 23:24:35.081 | DEBUG    | eval.evaluation.evaluation:metric_call:77 - metric_func_name exact_match score 0.0 msg exact not match, response: 中国证监会及其派出机构, target: 北京证监局
2026-08-11 23:24:35.081 | DEBUG    | eval.evaluation.evaluation:metric_call:77 - metric_func_name exact_match score 0.0 msg exact not match, response: 中国证监会及其派出机构, target: 北京证监局
2026-08-11 23:24:35.081 | DEBUG    | eval.evaluation.evaluation:metric_call:77 - metric_func_name exact_match score 0.0 msg exact not match, response: 北京市科学技术委员会、中关村科技园区管理委员会, target: 市科委、中关村管委会
2026-08-11 23:24:35.081 | DEBUG    | eval.evaluation.evaluation:metric_call:77 - metric_func_name exact_match score 0.0 msg exact not match, response: 北京市科学技术委员会、中关村科技园区管理委员会, target: 市科委、中关村管委会
2026-08-11 23:24:35.082 | DEBUG    | eval.evaluation.evaluation:metric_call:77 - metric_func_name exact_match score 0.0 msg exact not match, response: 北京市科学技术委员会、中关村科技园区管理委员会, target: 市科委、中关村管委会
2026-08-11 23:24:35.082 | DEBUG    | eval.evaluation.evaluation:metric_call:77 - metric_func_name exact_match score 0.0 msg exact not match, response: 北京市科学技术委员会、中关村科技园区管理委员会, target: 市科委、中关村管委会
2026-08-11 23:24:35.082 | DEBUG    | eval.evaluation.evaluation:metric_call:77 - metric_func_name exact_match score 0.0 msg exact not match, response: 北京市科学技术委员会、中关村科技园区管理委员会, target: 市科委、中关村管委会
2026-08-11 23:24:35.082 | DEBUG    | eval.evaluation.evaluation:metric_call:77 - metric_func_name exact_match score 0.0 msg exact not match, response: 北京市发展和改革委员会, target: 市发展改革委
2026-08-11 23:24:35.082 | DEBUG    | eval.evaluation.evaluation:metric_call:77 - metric_func_name exact_match score 0.0 msg exact not match, response: 北京市发展和改革委员会, target: 市发展改革委
2026-08-11 23:24:35.082 | DEBUG    | eval.evaluation.evaluation:metric_call:77 - metric_func_name exact_match score 0.0 msg exact not match, response: 北京市发展和改革委员会, target: 市发展改革委
2026-08-11 23:24:35.082 | DEBUG    | eval.evaluation.evaluation:metric_call:77 - metric_func_name exact_match score 0.0 msg exact not match, response: 北京市发展和改革委员会, target: 市发展改革委
2026-08-11 23:24:35.082 | DEBUG    | eval.evaluation.evaluation:metric_call:77 - metric_func_name exact_match score 0.0 msg exact not match, response: 北京市公安局公安交通管理局, target: 市公安局
2026-08-11 23:24:35.082 | DEBUG    | eval.evaluation.evaluation:metric_call:77 - metric_func_name exact_match score 0.0 msg exact not match, response: 北京市公安局公安交通管理局, target: 市公安局
2026-08-11 23:24:35.082 | DEBUG    | eval.evaluation.evaluation:metric_call:77 - metric_func_name exact_match score 0.0 msg exact not match, response: 北京市公安局公安交通管理局, target: 市公安局
2026-08-11 23:24:35.082 | DEBUG    | eval.evaluation.evaluation:metric_call:77 - metric_func_name exact_match score 0.0 msg exact not match, response: 北京市公安局公安交通管理局, target: 市公安局
2026-08-11 23:24:35.082 | DEBUG    | eval.evaluation.evaluation:metric_call:77 - metric_func_name exact_match score 0.0 msg exact not match, response: 北京市公安局公安交通管理局, target: 市公安局
2026-08-11 23:24:35.082 | DEBUG    | eval.evaluation.evaluation:metric_call:77 - metric_func_name exact_match score 0.0 msg exact not match, response: 北京市公安局公安交通管理局, target: 市公安局
2026-08-11 23:24:35.082 | DEBUG    | eval.evaluation.evaluation:metric_call:77 - metric_func_name exact_match score 0.0 msg exact not match, response: 北京市公安局公安交通管理局, target: 市公安局
2026-08-11 23:24:35.082 | DEBUG    | eval.evaluation.evaluation:metric_call:77 - metric_func_name exact_match score 0.0 msg exact not match, response: 北京市住房和城乡建设委员会, target: 市住房城乡建设委
2026-08-11 23:24:35.082 | DEBUG    | eval.evaluation.evaluation:metric_call:77 - metric_func_name exact_match score 0.0 msg exact not match, response: 北京市住房和城乡建设委员会, target: 市住房城乡建设委
2026-08-11 23:24:35.082 | DEBUG    | eval.evaluation.evaluation:metric_call:77 - metric_func_name exact_match score 0.0 msg exact not match, response: 北京市住房和城乡建设委员会, target: 市住房城乡建设委
2026-08-11 23:24:35.082 | DEBUG    | eval.evaluation.evaluation:metric_call:77 - metric_func_name exact_match score 0.0 msg exact not match, response: 北京市住房和城乡建设委员会, target: 市住房城乡建设委
2026-08-11 23:24:35.082 | DEBUG    | eval.evaluation.evaluation:metric_call:77 - metric_func_name exact_match score 0.0 msg exact not match, response: 北京市住房和城乡建设委员会, target: 市住房城乡建设委
2026-08-11 23:24:35.082 | DEBUG    | eval.evaluation.evaluation:metric_call:77 - metric_func_name exact_match score 0.0 msg exact not match, response: 北京市人力资源和社会保障局, target: 市人力资源社会保障局
2026-08-11 23:24:35.082 | DEBUG    | eval.evaluation.evaluation:metric_call:77 - metric_func_name exact_match score 0.0 msg exact not match, response: 北京市人力资源和社会保障局, target: 市人力资源社会保障局
2026-08-11 23:24:35.082 | DEBUG    | eval.evaluation.evaluation:metric_call:77 - metric_func_name exact_match score 0.0 msg exact not match, response: 北京市人力资源和社会保障局, target: 市人力资源社会保障局
2026-08-11 23:24:35.082 | DEBUG    | eval.evaluation.evaluation:metric_call:77 - metric_func_name exact_match score 0.0 msg exact not match, response: 北京市人力资源和社会保障局, target: 市人力资源社会保障局
2026-08-11 23:24:35.082 | DEBUG    | eval.evaluation.evaluation:metric_call:77 - metric_func_name exact_match score 0.0 msg exact not match, response: 北京市人力资源和社会保障局, target: 市人力资源社会保障局
2026-08-11 23:24:35.082 | DEBUG    | eval.evaluation.evaluation:metric_call:77 - metric_func_name exact_match score 0.0 msg exact not match, response: 北京市民政局, target: 市民政局
2026-08-11 23:24:35.082 | DEBUG    | eval.evaluation.evaluation:metric_call:77 - metric_func_name exact_match score 0.0 msg exact not match, response: 北京市民政局, target: 市民政局
2026-08-11 23:24:35.082 | DEBUG    | eval.evaluation.evaluation:metric_call:77 - metric_func_name exact_match score 0.0 msg exact not match, response: 北京市民政局, target: 市民政局
2026-08-11 23:24:35.082 | DEBUG    | eval.evaluation.evaluation:metric_call:77 - metric_func_name exact_match score 0.0 msg exact not match, response: 北京市科学技术委员会、中关村科技园区管理委员会（北京市外国专家局）, target: 市科委、中关村管委会
2026-08-11 23:24:35.082 | DEBUG    | eval.evaluation.evaluation:metric_call:77 - metric_func_name exact_match score 0.0 msg exact not match, response: 北京市科学技术委员会、中关村科技园区管理委员会（北京市外国专家局）, target: 市科委、中关村管委会
2026-08-11 23:24:35.082 | DEBUG    | eval.evaluation.evaluation:metric_call:77 - metric_func_name exact_match score 0.0 msg exact not match, response: 北京市科学技术委员会、中关村科技园区管理委员会（北京市外国专家局）, target: 市科委、中关村管委会
2026-08-11 23:24:35.082 | DEBUG    | eval.evaluation.evaluation:metric_call:77 - metric_func_name exact_match score 0.0 msg exact not match, response: 北京市科学技术委员会、中关村科技园区管理委员会（北京市外国专家局）, target: 市科委、中关村管委会
2026-08-11 23:24:35.083 | DEBUG    | eval.evaluation.evaluation:evaluate_single_query:321 - wide2deep_ws_zh_062, col 牵头部门, metric_func_name exact_match, score [0.0, 0.0, 0.0, 0.0, 0.0, 0.0, 0.0, 0.0, 0.0, 0.0, 0.0, 0.0, 0.0, 0.0, 0.0, 0.0, 0.0, 0.0, 0.0, 0.0, 0.0, 0.0, 0.0, 0.0, 0.0, 0.0, 0.0, 0.0, 0.0, 0.0, 0.0, 0.0, 0.0, 0.0, 0.0, 0.0, 0.0, 0.0, 0.0, 0.0, 0.0, 0.0, 0.0, 0.0, 0.0]
2026-08-11 23:24:41.145 | DEBUG    | eval.evaluation.evaluation:evaluate_single_query:321 - wide2deep_ws_zh_062, col 配合部门, metric_func_name llm_judge, score [0, 1, 0, 0, 0, 0, 0, 0, 0, 0, 0, 0, 0, 0, 0, 0, 0, 0, 0, 0, 0, 1, 0, 0, 0, 0, 0, 0, 0, 0, 0, 0, 0, 0, 0, 0, 0, 0, 0, 1, 1, 0, 0, 0, 0]
2026-08-11 23:24:41.145 | DEBUG    | eval.evaluation.evaluation:metric_call:77 - metric_func_name exact_match score 0.0 msg exact not match, response: 2025年年底前, target: 2025年7月底
2026-08-11 23:24:41.146 | DEBUG    | eval.evaluation.evaluation:metric_call:77 - metric_func_name exact_match score 0.0 msg exact not match, response: 2025年年底前, target: 2025年7月底
2026-08-11 23:24:41.146 | DEBUG    | eval.evaluation.evaluation:metric_call:77 - metric_func_name exact_match score 0.0 msg exact not match, response: 2025年年底前, target: 2025年7月底
2026-08-11 23:24:41.146 | DEBUG    | eval.evaluation.evaluation:metric_call:77 - metric_func_name exact_match score 0.0 msg exact not match, response: 2025年年底前, target: 2025年7月底
2026-08-11 23:24:41.146 | DEBUG    | eval.evaluation.evaluation:metric_call:77 - metric_func_name exact_match score 0.0 msg exact not match, response: 2025年年底前, target: 2025年7月底
2026-08-11 23:24:41.146 | DEBUG    | eval.evaluation.evaluation:metric_call:77 - metric_func_name exact_match score 0.0 msg exact not match, response: 2025年年底前, target: 2025年7月底
2026-08-11 23:24:41.146 | DEBUG    | eval.evaluation.evaluation:metric_call:77 - metric_func_name exact_match score 0.0 msg exact not match, response: 2025年年底前, target: 2025年8月底
2026-08-11 23:24:41.146 | DEBUG    | eval.evaluation.evaluation:metric_call:77 - metric_func_name exact_match score 0.0 msg exact not match, response: 2025年年底前, target: 2025年8月底
2026-08-11 23:24:41.146 | DEBUG    | eval.evaluation.evaluation:metric_call:77 - metric_func_name exact_match score 0.0 msg exact not match, response: 2025年年底前, target: 2025年8月底
2026-08-11 23:24:41.146 | DEBUG    | eval.evaluation.evaluation:metric_call:77 - metric_func_name exact_match score 0.0 msg exact not match, response: 2025年年底前, target: 2025年8月底
2026-08-11 23:24:41.146 | DEBUG    | eval.evaluation.evaluation:metric_call:77 - metric_func_name exact_match score 0.0 msg exact not match, response: 2025年年底前, target: 2025年8月底
2026-08-11 23:24:41.146 | DEBUG    | eval.evaluation.evaluation:metric_call:77 - metric_func_name exact_match score 0.0 msg exact not match, response: 2025年年底前, target: 2025年8月底
2026-08-11 23:24:41.146 | DEBUG    | eval.evaluation.evaluation:metric_call:77 - metric_func_name exact_match score 0.0 msg exact not match, response: 2025年年底前, target: 2025年7月底
2026-08-11 23:24:41.146 | DEBUG    | eval.evaluation.evaluation:metric_call:77 - metric_func_name exact_match score 0.0 msg exact not match, response: 2025年年底前, target: 2025年7月底
2026-08-11 23:24:41.146 | DEBUG    | eval.evaluation.evaluation:metric_call:77 - metric_func_name exact_match score 0.0 msg exact not match, response: 2025年年底前, target: 2025年7月底
2026-08-11 23:24:41.146 | DEBUG    | eval.evaluation.evaluation:metric_call:77 - metric_func_name exact_match score 0.0 msg exact not match, response: 2025年年底前, target: 2025年7月底
2026-08-11 23:24:41.146 | DEBUG    | eval.evaluation.evaluation:metric_call:77 - metric_func_name exact_match score 0.0 msg exact not match, response: 2025年年底前, target: 2025年7月底
2026-08-11 23:24:41.146 | DEBUG    | eval.evaluation.evaluation:metric_call:77 - metric_func_name exact_match score 0.0 msg exact not match, response: 2025年年底前, target: 2025年7月底
2026-08-11 23:24:41.146 | DEBUG    | eval.evaluation.evaluation:metric_call:77 - metric_func_name exact_match score 0.0 msg exact not match, response: 2025年年底前, target: 2025年7月底
2026-08-11 23:24:41.146 | DEBUG    | eval.evaluation.evaluation:metric_call:77 - metric_func_name exact_match score 0.0 msg exact not match, response: 2025年年底前, target: 2025年7月底
2026-08-11 23:24:41.146 | DEBUG    | eval.evaluation.evaluation:metric_call:77 - metric_func_name exact_match score 0.0 msg exact not match, response: 2025年年底前, target: 2025年7月底
2026-08-11 23:24:41.146 | DEBUG    | eval.evaluation.evaluation:metric_call:77 - metric_func_name exact_match score 0.0 msg exact not match, response: 2025年年底前, target: 2025年7月底
2026-08-11 23:24:41.146 | DEBUG    | eval.evaluation.evaluation:metric_call:77 - metric_func_name exact_match score 0.0 msg exact not match, response: 2025年年底前, target: 2025年7月底
2026-08-11 23:24:41.146 | DEBUG    | eval.evaluation.evaluation:metric_call:77 - metric_func_name exact_match score 0.0 msg exact not match, response: 2025年年底前, target: 2025年7月底
2026-08-11 23:24:41.146 | DEBUG    | eval.evaluation.evaluation:metric_call:77 - metric_func_name exact_match score 0.0 msg exact not match, response: 2025年年底前, target: 2025年7月底
2026-08-11 23:24:41.146 | DEBUG    | eval.evaluation.evaluation:metric_call:77 - metric_func_name exact_match score 0.0 msg exact not match, response: 2025年年底前, target: 2025年7月底
2026-08-11 23:24:41.146 | DEBUG    | eval.evaluation.evaluation:metric_call:77 - metric_func_name exact_match score 0.0 msg exact not match, response: 2025年年底前, target: 2025年7月底
2026-08-11 23:24:41.147 | DEBUG    | eval.evaluation.evaluation:metric_call:77 - metric_func_name exact_match score 0.0 msg exact not match, response: 2025年年底前, target: 2025年7月底
2026-08-11 23:24:41.147 | DEBUG    | eval.evaluation.evaluation:metric_call:77 - metric_func_name exact_match score 0.0 msg exact not match, response: 2025年年底前, target: 2025年7月底
2026-08-11 23:24:41.147 | DEBUG    | eval.evaluation.evaluation:metric_call:77 - metric_func_name exact_match score 0.0 msg exact not match, response: 2025年年底前, target: 2025年7月底
2026-08-11 23:24:41.147 | DEBUG    | eval.evaluation.evaluation:metric_call:77 - metric_func_name exact_match score 0.0 msg exact not match, response: 2025年年底前, target: 2025年7月底
2026-08-11 23:24:41.147 | DEBUG    | eval.evaluation.evaluation:metric_call:77 - metric_func_name exact_match score 0.0 msg exact not match, response: 2025年年底前, target: 2025年7月底
2026-08-11 23:24:41.147 | DEBUG    | eval.evaluation.evaluation:metric_call:77 - metric_func_name exact_match score 0.0 msg exact not match, response: 2025年年底前, target: 2025年7月底
2026-08-11 23:24:41.147 | DEBUG    | eval.evaluation.evaluation:metric_call:77 - metric_func_name exact_match score 0.0 msg exact not match, response: 2025年年底前, target: 2025年7月底
2026-08-11 23:24:41.147 | DEBUG    | eval.evaluation.evaluation:metric_call:77 - metric_func_name exact_match score 0.0 msg exact not match, response: 2025年年底前, target: 2025年7月底
2026-08-11 23:24:41.147 | DEBUG    | eval.evaluation.evaluation:metric_call:77 - metric_func_name exact_match score 0.0 msg exact not match, response: 2025年年底前, target: 2025年7月底
2026-08-11 23:24:41.147 | DEBUG    | eval.evaluation.evaluation:metric_call:77 - metric_func_name exact_match score 0.0 msg exact not match, response: 2025年年底前, target: 2025年7月底
2026-08-11 23:24:41.147 | DEBUG    | eval.evaluation.evaluation:metric_call:77 - metric_func_name exact_match score 0.0 msg exact not match, response: 2025年年底前, target: 2025年7月底
2026-08-11 23:24:41.147 | DEBUG    | eval.evaluation.evaluation:metric_call:77 - metric_func_name exact_match score 0.0 msg exact not match, response: 2025年年底前, target: 2025年7月底
2026-08-11 23:24:41.147 | DEBUG    | eval.evaluation.evaluation:metric_call:77 - metric_func_name exact_match score 0.0 msg exact not match, response: 2025年年底前, target: 2025年7月底
2026-08-11 23:24:41.147 | DEBUG    | eval.evaluation.evaluation:metric_call:77 - metric_func_name exact_match score 0.0 msg exact not match, response: 2025年年底前, target: 2025年7月底
2026-08-11 23:24:41.147 | DEBUG    | eval.evaluation.evaluation:metric_call:77 - metric_func_name exact_match score 0.0 msg exact not match, response: 2025年年底前, target: 2025年8月底
2026-08-11 23:24:41.147 | DEBUG    | eval.evaluation.evaluation:metric_call:77 - metric_func_name exact_match score 0.0 msg exact not match, response: 2025年年底前, target: 2025年8月底
2026-08-11 23:24:41.147 | DEBUG    | eval.evaluation.evaluation:metric_call:77 - metric_func_name exact_match score 0.0 msg exact not match, response: 2025年年底前, target: 2025年8月底
2026-08-11 23:24:41.147 | DEBUG    | eval.evaluation.evaluation:metric_call:77 - metric_func_name exact_match score 0.0 msg exact not match, response: 2025年年底前, target: 2025年8月底
2026-08-11 23:24:41.148 | DEBUG    | eval.evaluation.evaluation:evaluate_single_query:321 - wide2deep_ws_zh_062, col 完成时限, metric_func_name exact_match, score [0.0, 0.0, 0.0, 0.0, 0.0, 0.0, 0.0, 0.0, 0.0, 0.0, 0.0, 0.0, 0.0, 0.0, 0.0, 0.0, 0.0, 0.0, 0.0, 0.0, 0.0, 0.0, 0.0, 0.0, 0.0, 0.0, 0.0, 0.0, 0.0, 0.0, 0.0, 0.0, 0.0, 0.0, 0.0, 0.0, 0.0, 0.0, 0.0, 0.0, 0.0, 0.0, 0.0, 0.0, 0.0]
2026-08-11 23:24:41.155 | INFO     | eval.evaluation.evaluation:evaluate_single_query:380 - wide2deep_ws_zh_062, P/R/F1 by unique_columns: 1.0000/0.3516/0.5202
2026-08-11 23:24:41.155 | INFO     | eval.evaluation.evaluation:evaluate_single_query:383 - wide2deep_ws_zh_062, P/R/F1 by row: 0.0000/0.0000/0.0000
2026-08-11 23:24:41.155 | INFO     | eval.evaluation.evaluation:evaluate_single_query:386 - wide2deep_ws_zh_062, P/R/F1 by item: 0.3481/0.1224/0.1811
2026-08-11 23:24:41.160 | INFO     | eval.evaluation.evaluation:evaluate_single_query:398 - wide2deep_ws_zh_062, final table score: 0.0
{"event": "eval_done", "idx": 1, "instance_id": "wide2deep_ws_zh_062", "score": 0.0, "entity_acc": 1.0, "f1_by_row": 0.0, "f1_by_item": 0.1811175337186898, "column_f1": 0.5202312138728323, "error": null, "elapsed_seconds": 22.798, "running_n": 1}
2026-08-11 23:24:42.504 | DEBUG    | eval.evaluation.data_loader:extract_dataframe:167 - find markdown_str 
| 期刊名称 | 论文名称 | 论文关键词 | 论文作者 |
| --- | --- | --- | --- |
| 体育科学 ...
2026-08-11 23:24:45.835 | INFO     | eval.evaluation.metric_utils:primary_key_preprocess:246 - primary_key_preprocess result: ```json
{
  "资料不足：现有材料仅能确认该刊属于《中国图书馆分类法》G8“体育”学科领域，无法可靠核定截至2025年5月31日最新一期的全部研究论文": "资料不足：现有材料仅能确认该刊属于《中国图书馆分类法》G8“体育”学科领域，无法可靠核定截至2025年5月31日最新一期的全部研究论文",
  "资料不足：无法根据现有材料可靠核定截至2025年5月31日最新一期的全部研究论文": "资料不足：无法根据现有材料可靠核定截至2025年5月31日最新一期的全部研究论文"
}
```
2026-08-11 23:24:45.835 | INFO     | eval.evaluation.evaluation:evaluate_single_query:223 - col: 论文名称, primary_key_map {'资料不足：现有材料仅能确认该刊属于《中国图书馆分类法》G8“体育”学科领域，无法可靠核定截至2025年5月31日最新一期的全部研究论文': '资料不足：现有材料仅能确认该刊属于《中国图书馆分类法》G8“体育”学科领域，无法可靠核定截至2025年5月31日最新一期的全部研究论文', '资料不足：无法根据现有材料可靠核定截至2025年5月31日最新一期的全部研究论文': '资料不足：无法根据现有材料可靠核定截至2025年5月31日最新一期的全部研究论文'}
2026-08-11 23:24:45.841 | INFO     | eval.evaluation.evaluation:evaluate_single_query:275 - wide2deep_ws_zh_098, df_inner shape: (0, 8), answer_df shape: (208, 4), response_df shape: (2, 5)
2026-08-11 23:24:48.615 | DEBUG    | eval.evaluation.evaluation:evaluate_single_query:321 - wide2deep_ws_zh_098, col 期刊名称, metric_func_name llm_judge, score []
2026-08-11 23:24:49.780 | DEBUG    | eval.evaluation.evaluation:evaluate_single_query:321 - wide2deep_ws_zh_098, col 论文关键词, metric_func_name llm_judge, score []
2026-08-11 23:24:50.871 | DEBUG    | eval.evaluation.evaluation:evaluate_single_query:321 - wide2deep_ws_zh_098, col 论文作者, metric_func_name llm_judge, score []
2026-08-11 23:24:50.877 | INFO     | eval.evaluation.evaluation:evaluate_single_query:380 - wide2deep_ws_zh_098, P/R/F1 by unique_columns: 0.0000/0.0000/0.0000
2026-08-11 23:24:50.877 | INFO     | eval.evaluation.evaluation:evaluate_single_query:383 - wide2deep_ws_zh_098, P/R/F1 by row: 0.0000/0.0000/0.0000
2026-08-11 23:24:50.878 | INFO     | eval.evaluation.evaluation:evaluate_single_query:386 - wide2deep_ws_zh_098, P/R/F1 by item: 0.0000/0.0000/0.0000
2026-08-11 23:24:50.878 | INFO     | eval.evaluation.evaluation:evaluate_single_query:398 - wide2deep_ws_zh_098, final table score: 0.0
{"event": "eval_done", "idx": 2, "instance_id": "wide2deep_ws_zh_098", "score": 0.0, "entity_acc": 1.0, "f1_by_row": 0.0, "f1_by_item": 0.0, "column_f1": 0.0, "error": null, "elapsed_seconds": 9.702, "running_n": 2}
2026-08-11 23:24:54.867 | DEBUG    | eval.evaluation.data_loader:extract_dataframe:167 - find markdown_str 
| 歌名 | 作词 | 作曲 |
| --- | --- | --- |
| 橄榄树 | 三毛 | 李泰祥 |
| 青梦湖 | ...
2026-08-11 23:24:57.485 | INFO     | eval.evaluation.metric_utils:primary_key_preprocess:246 - primary_key_preprocess result: ```json
{
  "橄榄树": "橄榄树",
  "爱之死": "爱之死",
  "答案": "答案",
  "我在梦中哭泣了": "我在梦中哭泣了",
  "摇篮曲": "摇篮曲",
  "走在雨中": "走在雨中",
  "预感": "预感"
}
```
2026-08-11 23:24:57.486 | INFO     | eval.evaluation.evaluation:evaluate_single_query:223 - col: 歌名, primary_key_map {'橄榄树': '橄榄树', '爱之死': '爱之死', '答案': '答案', '我在梦中哭泣了': '我在梦中哭泣了', '摇篮曲': '摇篮曲', '走在雨中': '走在雨中', '预感': '预感'}
2026-08-11 23:24:57.491 | INFO     | eval.evaluation.evaluation:evaluate_single_query:275 - deep2wide_result_22_橄榄树, df_inner shape: (7, 6), answer_df shape: (9, 3), response_df shape: (9, 4)
2026-08-11 23:25:01.527 | DEBUG    | eval.evaluation.evaluation:evaluate_single_query:321 - deep2wide_result_22_橄榄树, col 作词, metric_func_name llm_judge, score [1, 1, 1, 1, 0, 1, 1]
2026-08-11 23:25:03.329 | DEBUG    | eval.evaluation.evaluation:evaluate_single_query:321 - deep2wide_result_22_橄榄树, col 作曲, metric_func_name llm_judge, score [1, 1, 1, 1, 1, 1, 1]
2026-08-11 23:25:03.333 | INFO     | eval.evaluation.evaluation:evaluate_single_query:380 - deep2wide_result_22_橄榄树, P/R/F1 by unique_columns: 0.7778/0.7778/0.7778
2026-08-11 23:25:03.333 | INFO     | eval.evaluation.evaluation:evaluate_single_query:383 - deep2wide_result_22_橄榄树, P/R/F1 by row: 0.6667/0.6667/0.6667
2026-08-11 23:25:03.333 | INFO     | eval.evaluation.evaluation:evaluate_single_query:386 - deep2wide_result_22_橄榄树, P/R/F1 by item: 0.7407/0.7407/0.7407
2026-08-11 23:25:03.333 | INFO     | eval.evaluation.evaluation:evaluate_single_query:398 - deep2wide_result_22_橄榄树, final table score: 0.0
{"event": "eval_done", "idx": 3, "instance_id": "deep2wide_result_22_橄榄树", "score": 0.0, "entity_acc": 1.0, "f1_by_row": 0.6666666666666666, "f1_by_item": 0.7407407407407407, "column_f1": 0.7777777777777778, "error": null, "elapsed_seconds": 12.436, "running_n": 3}
2026-08-11 23:25:04.756 | DEBUG    | eval.evaluation.data_loader:extract_dataframe:167 - find markdown_str 
| 名称 | 面积 | 政府驻地首府 |
| --- | --- | --- |
| 安达卢西亚自治区 | 87,599平方千 ...
2026-08-11 23:25:05.893 | INFO     | eval.evaluation.metric_utils:primary_key_preprocess:246 - primary_key_preprocess result: ```json
{
  "名称": "名称",
  "面积": "面积",
  "政府驻地首府": "政府驻地/首府"
}
```
2026-08-11 23:25:05.893 | INFO     | eval.evaluation.evaluation:evaluate_single_query:172 - column map: {'名称': '名称', '面积': '面积', '政府驻地首府': '政府驻地/首府'}
2026-08-11 23:25:05.893 | INFO     | eval.evaluation.evaluation:evaluate_single_query:173 - befor mapping: Index(['名称', '面积', '政府驻地首府'], dtype='object')
2026-08-11 23:25:05.894 | INFO     | eval.evaluation.evaluation:evaluate_single_query:175 - after mapping: Index(['名称', '面积', '政府驻地/首府'], dtype='object')
2026-08-11 23:25:11.224 | INFO     | eval.evaluation.metric_utils:primary_key_preprocess:246 - primary_key_preprocess result: ```json
{
  "安达卢西亚自治区": "安达卢西亚自治区",
  "阿拉贡自治区": "阿拉贡自治区",
  "阿斯图里亚斯自治区": "阿斯图里亚斯自治区",
  "巴利阿里群岛自治区": "巴利阿里群岛",
  "巴斯克自治区": "巴斯克自治区",
  "加那利群岛自治区": "加那利群岛",
  "坎塔布里亚自治区": "坎塔布里亚自治区",
  "卡斯蒂利亚-拉曼恰自治区": "卡斯蒂利亚-拉曼恰自治区",
  "卡斯蒂利亚-莱昂自治区": "卡斯蒂利亚－莱昂",
  "加泰罗尼亚自治区": "加泰罗尼亚",
  "埃斯特雷马杜拉自治区": "埃斯特雷马杜拉自治区",
  "加利西亚自治区": "加利西亚自治区",
  "拉里奥哈自治区": "拉里奥哈自治区",
  "马德里自治区": "马德里自治区",
  "穆尔西亚自治区": "穆尔西亚省",
  "纳瓦拉自治区": "纳瓦拉自治区",
  "瓦伦西亚自治区": "巴伦西亚省"
}
```
2026-08-11 23:25:11.224 | INFO     | eval.evaluation.evaluation:evaluate_single_query:223 - col: 名称, primary_key_map {'安达卢西亚自治区': '安达卢西亚自治区', '阿拉贡自治区': '阿拉贡自治区', '阿斯图里亚斯自治区': '阿斯图里亚斯自治区', '巴利阿里群岛自治区': '巴利阿里群岛', '巴斯克自治区': '巴斯克自治区', '加那利群岛自治区': '加那利群岛', '坎塔布里亚自治区': '坎塔布里亚自治区', '卡斯蒂利亚-拉曼恰自治区': '卡斯蒂利亚-拉曼恰自治区', '卡斯蒂利亚-莱昂自治区': '卡斯蒂利亚－莱昂', '加泰罗尼亚自治区': '加泰罗尼亚', '埃斯特雷马杜拉自治区': '埃斯特雷马杜拉自治区', '加利西亚自治区': '加利西亚自治区', '拉里奥哈自治区': '拉里奥哈自治区', '马德里自治区': '马德里自治区', '穆尔西亚自治区': '穆尔西亚省', '纳瓦拉自治区': '纳瓦拉自治区', '瓦伦西亚自治区': '巴伦西亚省'}
2026-08-11 23:25:11.229 | INFO     | eval.evaluation.evaluation:evaluate_single_query:275 - deep2wide_result_40_西班牙, df_inner shape: (17, 6), answer_df shape: (17, 3), response_df shape: (17, 4)
2026-08-11 23:25:11.230 | DEBUG    | eval.evaluation.evaluation:metric_call:77 - metric_func_name number_near score 1.0 msg number near in range 5.0%, response: 87599.0, target: 87268.0
2026-08-11 23:25:11.230 | DEBUG    | eval.evaluation.evaluation:metric_call:77 - metric_func_name number_near score 1.0 msg number near in range 5.0%, response: 47720.0, target: 47720.0
2026-08-11 23:25:11.230 | DEBUG    | eval.evaluation.evaluation:metric_call:77 - metric_func_name number_near score 0.0 msg number not convertable, response: 10604.0, target: None
2026-08-11 23:25:11.230 | DEBUG    | eval.evaluation.evaluation:metric_call:77 - metric_func_name number_near score 1.0 msg number near in range 5.0%, response: 4992.0, target: 5014.0
2026-08-11 23:25:11.230 | DEBUG    | eval.evaluation.evaluation:metric_call:77 - metric_func_name number_near score 1.0 msg number near in range 5.0%, response: 7234.0, target: 7233.0
2026-08-11 23:25:11.230 | DEBUG    | eval.evaluation.evaluation:metric_call:77 - metric_func_name number_near score 1.0 msg number near in range 5.0%, response: 7447.0, target: 7273.0
2026-08-11 23:25:11.230 | DEBUG    | eval.evaluation.evaluation:metric_call:77 - metric_func_name number_near score 0.0 msg number not convertable, response: 5321.0, target: None
2026-08-11 23:25:11.230 | DEBUG    | eval.evaluation.evaluation:metric_call:77 - metric_func_name number_near score 1.0 msg number near in range 5.0%, response: 94226.0, target: 94223.0
2026-08-11 23:25:11.230 | DEBUG    | eval.evaluation.evaluation:metric_call:77 - metric_func_name number_near score 1.0 msg number near in range 5.0%, response: 79463.0, target: 79409.0
2026-08-11 23:25:11.230 | DEBUG    | eval.evaluation.evaluation:metric_call:77 - metric_func_name number_near score 1.0 msg number near in range 5.0%, response: 32108.0, target: 32108.0
2026-08-11 23:25:11.230 | DEBUG    | eval.evaluation.evaluation:metric_call:77 - metric_func_name number_near score 1.0 msg number near in range 5.0%, response: 41634.0, target: 41634.0
2026-08-11 23:25:11.230 | DEBUG    | eval.evaluation.evaluation:metric_call:77 - metric_func_name number_near score 1.0 msg number near in range 5.0%, response: 29575.0, target: 29574.0
2026-08-11 23:25:11.230 | DEBUG    | eval.evaluation.evaluation:metric_call:77 - metric_func_name number_near score 0.0 msg number not near, response: 8028.0, target: 607.0
2026-08-11 23:25:11.230 | DEBUG    | eval.evaluation.evaluation:metric_call:77 - metric_func_name number_near score 1.0 msg number near in range 5.0%, response: 11314.0, target: 11314.0
2026-08-11 23:25:11.230 | DEBUG    | eval.evaluation.evaluation:metric_call:77 - metric_func_name number_near score 0.0 msg number not convertable, response: 10391.0, target: None
2026-08-11 23:25:11.230 | DEBUG    | eval.evaluation.evaluation:metric_call:77 - metric_func_name number_near score 1.0 msg number near in range 5.0%, response: 5045.0, target: 5045.0
2026-08-11 23:25:11.230 | DEBUG    | eval.evaluation.evaluation:metric_call:77 - metric_func_name number_near score 0.0 msg number not near, response: 23255.0, target: 10.563
2026-08-11 23:25:11.231 | DEBUG    | eval.evaluation.evaluation:evaluate_single_query:321 - deep2wide_result_40_西班牙, col 面积, metric_func_name number_near, score [1.0, 1.0, 0.0, 1.0, 1.0, 1.0, 0.0, 1.0, 1.0, 1.0, 1.0, 1.0, 0.0, 1.0, 0.0, 1.0, 0.0]
2026-08-11 23:25:11.231 | DEBUG    | eval.evaluation.evaluation:metric_call:77 - metric_func_name exact_match score 1.0 msg exact match, response: 塞维利亚, target: 塞维利亚
2026-08-11 23:25:11.231 | DEBUG    | eval.evaluation.evaluation:metric_call:77 - metric_func_name exact_match score 1.0 msg exact match, response: 萨拉戈萨, target: 萨拉戈萨
2026-08-11 23:25:11.231 | DEBUG    | eval.evaluation.evaluation:metric_call:77 - metric_func_name exact_match score 1.0 msg exact match, response: 奥维耶多, target: 奥维耶多
2026-08-11 23:25:11.231 | DEBUG    | eval.evaluation.evaluation:metric_call:77 - metric_func_name exact_match score 1.0 msg exact match, response: 帕尔马, target: 帕尔马
2026-08-11 23:25:11.231 | DEBUG    | eval.evaluation.evaluation:metric_call:77 - metric_func_name exact_match score 0.0 msg exact not match, response: 维多利亚-加斯特伊斯, target: 维多利亚-加斯泰斯
2026-08-11 23:25:11.231 | DEBUG    | eval.evaluation.evaluation:metric_call:77 - metric_func_name exact_match score 0.0 msg exact not match, response: 圣克鲁斯-德特内里费、拉斯帕尔马斯（双首府）, target: 圣克鲁斯-德特内里费、拉斯帕尔马斯
2026-08-11 23:25:11.231 | DEBUG    | eval.evaluation.evaluation:metric_call:77 - metric_func_name exact_match score 1.0 msg exact match, response: 桑坦德, target: 桑坦德
2026-08-11 23:25:11.231 | DEBUG    | eval.evaluation.evaluation:metric_call:77 - metric_func_name exact_match score 0.0 msg exact not match, response: 巴利亚多利德（政府驻地；未设法定首府）, target: 巴利亚多利德
2026-08-11 23:25:11.231 | DEBUG    | eval.evaluation.evaluation:metric_call:77 - metric_func_name exact_match score 0.0 msg exact not match, response: 托莱多, target: 托莱多市
2026-08-11 23:25:11.232 | DEBUG    | eval.evaluation.evaluation:metric_call:77 - metric_func_name exact_match score 1.0 msg exact match, response: 巴塞罗那, target: 巴塞罗那
2026-08-11 23:25:11.232 | DEBUG    | eval.evaluation.evaluation:metric_call:77 - metric_func_name exact_match score 1.0 msg exact match, response: 梅里达, target: 梅里达
2026-08-11 23:25:11.232 | DEBUG    | eval.evaluation.evaluation:metric_call:77 - metric_func_name exact_match score 0.0 msg exact not match, response: 圣地亚哥-德孔波斯特拉, target: 圣地亚哥德孔波斯特拉
2026-08-11 23:25:11.232 | DEBUG    | eval.evaluation.evaluation:metric_call:77 - metric_func_name exact_match score 1.0 msg exact match, response: 马德里, target: 马德里
2026-08-11 23:25:11.232 | DEBUG    | eval.evaluation.evaluation:metric_call:77 - metric_func_name exact_match score 1.0 msg exact match, response: 穆尔西亚, target: 穆尔西亚
2026-08-11 23:25:11.232 | DEBUG    | eval.evaluation.evaluation:metric_call:77 - metric_func_name exact_match score 1.0 msg exact match, response: 潘普洛纳, target: 潘普洛纳
2026-08-11 23:25:11.232 | DEBUG    | eval.evaluation.evaluation:metric_call:77 - metric_func_name exact_match score 1.0 msg exact match, response: 洛格罗尼奥, target: 洛格罗尼奥
2026-08-11 23:25:11.232 | DEBUG    | eval.evaluation.evaluation:metric_call:77 - metric_func_name exact_match score 0.0 msg exact not match, response: 瓦伦西亚, target: 巴伦西亚
2026-08-11 23:25:11.232 | DEBUG    | eval.evaluation.evaluation:evaluate_single_query:321 - deep2wide_result_40_西班牙, col 政府驻地/首府, metric_func_name exact_match, score [1.0, 1.0, 1.0, 1.0, 0.0, 0.0, 1.0, 0.0, 0.0, 1.0, 1.0, 0.0, 1.0, 1.0, 1.0, 1.0, 0.0]
2026-08-11 23:25:11.235 | INFO     | eval.evaluation.evaluation:evaluate_single_query:380 - deep2wide_result_40_西班牙, P/R/F1 by unique_columns: 1.0000/1.0000/1.0000
2026-08-11 23:25:11.235 | INFO     | eval.evaluation.evaluation:evaluate_single_query:383 - deep2wide_result_40_西班牙, P/R/F1 by row: 0.4118/0.4118/0.4118
2026-08-11 23:25:11.236 | INFO     | eval.evaluation.evaluation:evaluate_single_query:386 - deep2wide_result_40_西班牙, P/R/F1 by item: 0.7843/0.7843/0.7843
2026-08-11 23:25:11.237 | INFO     | eval.evaluation.evaluation:evaluate_single_query:398 - deep2wide_result_40_西班牙, final table score: 0.0
{"event": "eval_done", "idx": 4, "instance_id": "deep2wide_result_40_西班牙", "score": 0.0, "entity_acc": 1.0, "f1_by_row": 0.4117647058823529, "f1_by_item": 0.7843137254901961, "column_f1": 1.0, "error": null, "elapsed_seconds": 7.887, "running_n": 4}
2026-08-11 23:25:12.774 | DEBUG    | eval.evaluation.data_loader:extract_dataframe:167 - find markdown_str 
| 姓名 | 字 | 籍贯 |
| --- | --- | --- |
| 张仲景（名机） | 仲景 | 南阳郡涅阳县（今河南 ...
2026-08-11 23:25:15.505 | INFO     | eval.evaluation.metric_utils:primary_key_preprocess:246 - primary_key_preprocess result: ```json
{
  "张仲景（名机）": "张仲景",
  "华佗": "华佗",
  "董奉": "董奉"
}
```
2026-08-11 23:25:15.506 | INFO     | eval.evaluation.evaluation:evaluate_single_query:223 - col: 姓名, primary_key_map {'张仲景（名机）': '张仲景', '华佗': '华佗', '董奉': '董奉'}
2026-08-11 23:25:15.511 | INFO     | eval.evaluation.evaluation:evaluate_single_query:275 - deep2wide_result_42_建安三神医, df_inner shape: (3, 6), answer_df shape: (3, 3), response_df shape: (3, 4)
2026-08-11 23:25:17.138 | DEBUG    | eval.evaluation.evaluation:evaluate_single_query:321 - deep2wide_result_42_建安三神医, col 字, metric_func_name llm_judge, score [1, 1, 1]
2026-08-11 23:25:19.229 | DEBUG    | eval.evaluation.evaluation:evaluate_single_query:321 - deep2wide_result_42_建安三神医, col 籍贯, metric_func_name llm_judge, score [0, 1, 1]
2026-08-11 23:25:19.233 | INFO     | eval.evaluation.evaluation:evaluate_single_query:380 - deep2wide_result_42_建安三神医, P/R/F1 by unique_columns: 1.0000/1.0000/1.0000
2026-08-11 23:25:19.233 | INFO     | eval.evaluation.evaluation:evaluate_single_query:383 - deep2wide_result_42_建安三神医, P/R/F1 by row: 0.6667/0.6667/0.6667
2026-08-11 23:25:19.233 | INFO     | eval.evaluation.evaluation:evaluate_single_query:386 - deep2wide_result_42_建安三神医, P/R/F1 by item: 0.8889/0.8889/0.8889
2026-08-11 23:25:19.234 | INFO     | eval.evaluation.evaluation:evaluate_single_query:398 - deep2wide_result_42_建安三神医, final table score: 0.0
{"event": "eval_done", "idx": 5, "instance_id": "deep2wide_result_42_建安三神医", "score": 0.0, "entity_acc": 1.0, "f1_by_row": 0.6666666666666666, "f1_by_item": 0.8888888888888888, "column_f1": 1.0, "error": null, "elapsed_seconds": 7.98, "running_n": 5}
2026-08-11 23:25:21.586 | DEBUG    | eval.evaluation.data_loader:extract_dataframe:167 - find markdown_str 
| 姓名 | 参加年份 | 奖项 |
| --- | --- | --- |
| 陈程 | 2010年 | 金牌 |
| 林天 ...
2026-08-11 23:25:23.566 | INFO     | eval.evaluation.metric_utils:primary_key_preprocess:246 - primary_key_preprocess result: ```json
{
  "谢柏庭": "谢柏庭",
  "韩新淼": "韩新淼"
}
```
2026-08-11 23:25:23.567 | INFO     | eval.evaluation.evaluation:evaluate_single_query:223 - col: 姓名, primary_key_map {'谢柏庭': '谢柏庭', '韩新淼': '韩新淼'}
2026-08-11 23:25:23.707 | INFO     | eval.evaluation.evaluation:evaluate_single_query:275 - deep2wide_result_48_乐清市知临中学, df_inner shape: (2, 6), answer_df shape: (6, 3), response_df shape: (6, 4)
2026-08-11 23:25:23.721 | DEBUG    | eval.evaluation.evaluation:metric_call:77 - metric_func_name date_near score 1.0 msg date near, response: 2011-06-08 00:00:00, target: 2011-06-08 00:00:00
2026-08-11 23:25:23.724 | DEBUG    | eval.evaluation.evaluation:metric_call:77 - metric_func_name date_near score 0.0 msg date not near, response: 2011-09-08 00:00:00, target: 2011-07-08 00:00:00
2026-08-11 23:25:23.725 | DEBUG    | eval.evaluation.evaluation:evaluate_single_query:321 - deep2wide_result_48_乐清市知临中学, col 参加年份, metric_func_name date_near, score [1.0, 0.0]
2026-08-11 23:25:23.725 | DEBUG    | eval.evaluation.evaluation:metric_call:77 - metric_func_name exact_match score 1.0 msg exact match, response: 金牌, target: 金牌
2026-08-11 23:25:23.725 | DEBUG    | eval.evaluation.evaluation:metric_call:77 - metric_func_name exact_match score 1.0 msg exact match, response: 金牌, target: 金牌
2026-08-11 23:25:23.726 | DEBUG    | eval.evaluation.evaluation:evaluate_single_query:321 - deep2wide_result_48_乐清市知临中学, col 奖项, metric_func_name exact_match, score [1.0, 1.0]
2026-08-11 23:25:23.732 | INFO     | eval.evaluation.evaluation:evaluate_single_query:380 - deep2wide_result_48_乐清市知临中学, P/R/F1 by unique_columns: 0.3333/0.3333/0.3333
2026-08-11 23:25:23.733 | INFO     | eval.evaluation.evaluation:evaluate_single_query:383 - deep2wide_result_48_乐清市知临中学, P/R/F1 by row: 0.1667/0.1667/0.1667
2026-08-11 23:25:23.733 | INFO     | eval.evaluation.evaluation:evaluate_single_query:386 - deep2wide_result_48_乐清市知临中学, P/R/F1 by item: 0.2778/0.2778/0.2778
2026-08-11 23:25:23.734 | INFO     | eval.evaluation.evaluation:evaluate_single_query:398 - deep2wide_result_48_乐清市知临中学, final table score: 0.0
{"event": "eval_done", "idx": 6, "instance_id": "deep2wide_result_48_乐清市知临中学", "score": 0.0, "entity_acc": 1.0, "f1_by_row": 0.16666666666666666, "f1_by_item": 0.2777777777777778, "column_f1": 0.3333333333333333, "error": null, "elapsed_seconds": 4.484, "running_n": 6}
{"event": "eval_done", "idx": 7, "instance_id": "deep2wide_result_51_安提帕特王朝", "score": 0.0, "entity_acc": 0.0, "f1_by_row": 0.0, "f1_by_item": 0.0, "column_f1": 0.0, "error": null, "elapsed_seconds": 3.563, "running_n": 7}
SUMMARY {"n": 7, "valid_n": 7, "errors": 0, "complete": true, "judge_calls_current_process": 23, "score": 0.0, "entity_acc": 0.8571428571428571, "precision_by_row": 0.27310924369747897, "recall_by_row": 0.27310924369747897, "f1_by_row": 0.27310924369747897, "precision_by_item": 0.43426704014939305, "recall_by_item": 0.4020167094615624, "f1_by_item": 0.4104055238023276, "column_precision": 0.5873015873015872, "column_recall": 0.4946676587301587, "column_f1": 0.5187631892834205}
