INFO: Pandarallel will run on 8 workers.
INFO: Pandarallel will use Memory file system to transfer data between the main process and workers.
{"event": "eval_start", "selected": 7, "resume_committed": 0, "committed_errors": 0, "crash_only_resume": false}
2026-08-07 16:45:59.776 | DEBUG    | eval.evaluation.data_loader:extract_dataframe:167 - find markdown_str 
| 产品系列 | 产品名称 | 芯片名称 | 发布日期 | 总线接口 | 显存容量 | 显存类型 | 显存位宽 | 核心频率( ...
2026-08-07 16:46:16.485 | INFO     | eval.evaluation.metric_utils:primary_key_preprocess:246 - primary_key_preprocess result: ```json
{
  "NV1（Diamond Edge 3D）": "NV1",
  "RIVA 128": "Riva 128",
  "RIVA 128 ZX": "Riva 128ZX",
  "RIVA TNT": "Riva TNT",
  "RIVA TNT2": "Riva TNT2",
  "RIVA TNT2 Ultra": "Riva TNT2 Ultra",
  "Vanta": "Riva TNT2 M64 Vanta",
  "RIVA TNT2 M64": "Riva TNT2 M64",
  "RIVA TNT2 Pro": "Riva TNT2 PRO",
  "GeForce 256 SDR": "GeForce 256 SDR",
  "GeForce 256 DDR": "GeForce 256 DDR",
  "Vanta LT": "Vanta LT",
  "GeForce2 GTS": "GeForce2 GTS",
  "GeForce2 MX": "GeForce2 MX",
  "GeForce2 Ultra": "GeForce2 Ultra",
  "GeForce3": "GeForce3",
  "GeForce2 MX 200": "GeForce2 MX 200",
  "GeForce2 MX 400": "GeForce2 MX 400",
  "GeForce3 Ti 200": "GeForce3 Ti200",
  "GeForce3 Ti 500": "GeForce3 Ti500",
  "GeForce2 Ti": "GeForce2 Ti",
  "GeForce4 MX 420": "GeForce4 MX 420",
  "GeForce4 MX 440": "GeForce4 MX 440",
  "GeForce4 MX 460": "GeForce4 MX 460",
  "GeForce4 Ti 4400": "GeForce4 Ti 4400",
  "GeForce4 Ti 4600": "GeForce4 Ti 4600",
  "GeForce4 Ti 4200": "GeForce4 Ti 4200",
  "GeForce4 MX 440-8X": "GeForce4 MX 440-8x",
  "GeForce4 Ti 4200-8X": "GeForce4 Ti 4200-8X",
  "GeForce FX 5800": "GeForce FX 5800",
  "GeForce FX 5800 Ultra": "GeForce FX 5800 Ultra",
  "GeForce FX 5200": "GeForce FX 5200",
  "GeForce FX 5600": "GeForce FX 5600",
  "GeForce FX 5900": "GeForce FX 5900",
  "GeForce FX 5900 Ultra": "GeForce FX 5900 Ultra",
  "GeForce FX 5700 Ultra": "GeForce FX 5700 Ultra",
  "GeForce FX 5950 Ultra": "GeForce FX 5950 Ultra",
  "GeForce 6800": "GeForce 6800",
  "GeForce 6800 GT": "GeForce 6800 GT",
  "GeForce 6800 Ultra": "GeForce 6800 Ultra",
  "GeForce 6600": "GeForce 6600",
  "GeForce 6600 GT": "GeForce 6600 GT",
  "GeForce 6200": "GeForce 6200",
  "GeForce 6200 TurboCache": "GeForce 6200 TurboCache",
  "GeForce 7800 GTX 256MB": "GeForce 7800 GTX",
  "GeForce 7800 GT": "GeForce 7800 GT",
  "GeForce 7800 GTX 512MB": "GeForce 7800 GTX 512",
  "GeForce 7900 GT": "GeForce 7900 GT",
  "GeForce 7900 GTX": "GeForce 7900 GTX",
  "GeForce 7950 GX2": "GeForce 7950 GX2",
  "GeForce 8800 GTX": "GeForce 8800 GTX",
  "GeForce 8800 GTS 640MB": "GeForce 8800 GTS 640",
  "GeForce 8800 Ultra": "GeForce 8800 Ultra",
  "GeForce 8800 GT": "GeForce 8800 GT",
  "GeForce 9600 GT": "GeForce 9600 GT",
  "GeForce 9800 GX2": "GeForce 9800 GX2",
  "GeForce 9800 GTX": "GeForce 9800 GTX",
  "GeForce GTX 280": "GeForce GTX 280",
  "GeForce GTX 260": "GeForce GTX 260",
  "GeForce GTX 295": "GeForce GTX 295",
  "GeForce GTX 285": "GeForce GTX 285",
  "GeForce GTX 480": "GeForce GTX 480",
  "GeForce GTX 470": "GeForce GTX 470",
  "GeForce GTX 460 768MB": "GeForce GTX 460",
  "GeForce GTX 460 1GB": "GeForce GTX 460",
  "GeForce GTX 580": "GeForce GTX 580",
  "GeForce GTX 570": "GeForce GTX 570",
  "GeForce GTX 590": "GeForce GTX 590",
  "GeForce GTX 680": "GeForce GTX 680",
  "GeForce GTX 670": "GeForce GTX 670",
  "GeForce GTX 690": "GeForce GTX 690",
  "GeForce GTX Titan": "GeForce GTX TITAN",
  "GeForce GTX 780": "GeForce GTX 780",
  "GeForce GTX 770": "GeForce GTX 770",
  "GeForce GTX 780 Ti": "GeForce GTX 780 Ti",
  "GeForce GTX Titan Black": "GeForce GTX TITAN BLACK",
  "GeForce GTX Titan Z": "GeForce GTX TITAN Z",
  "GeForce GTX 980": "GeForce GTX 980",
  "GeForce GTX 970": "GeForce GTX 970",
  "GeForce GTX 960": "GeForce GTX 960",
  "GeForce GTX Titan X": "GeForce GTX TITAN X",
  "GeForce GTX 980 Ti": "GeForce GTX 980 Ti",
  "GeForce GTX 1080": "GeForce GTX 1080",
  "GeForce GTX 1070": "GeForce GTX 1070",
  "Nvidia Titan X": "TITAN X Pascal",
  "GeForce GTX 1060 6GB": "GeForce GTX 1060 6 GB",
  "GeForce GTX 1060 3GB": "GeForce GTX 1060 3 GB",
  "GeForce GTX 1050 Ti": "GeForce GTX 1050 Ti",
  "GeForce GTX 1050": "GeForce GTX 1050",
  "GeForce GTX 1080 Ti": "GeForce GTX 1080 Ti",
  "Nvidia Titan Xp": "TITAN Xp",
  "GeForce GT 1030": "GeForce GT 1030",
  "GeForce GTX 1070 Ti": "GeForce GTX 1070 Ti",
  "Nvidia Titan V": "TITAN V",
  "GeForce RTX 2080 Ti": "GeForce RTX 2080 Ti",
  "GeForce RTX 2080": "GeForce RTX 2080",
  "GeForce RTX 2070": "GeForce RTX 2070",
  "Nvidia Titan RTX": "TITAN RTX",
  "GeForce RTX 2060": "GeForce RTX 2060",
  "GeForce GTX 1660 Ti": "GeForce GTX 1660 Ti",
  "GeForce GTX 1660": "GeForce GTX 1660",
  "GeForce GTX 1650": "GeForce GTX 1650",
  "GeForce RTX 2060 SUPER": "GeForce RTX 2060 SUPER",
  "GeForce RTX 2070 SUPER": "GeForce RTX 2070 SUPER",
  "GeForce RTX 2080 SUPER": "GeForce RTX 2080 SUPER",
  "GeForce GTX 1660 SUPER": "GeForce GTX 1660 SUPER",
  "GeForce GTX 1650 SUPER": "GeForce GTX 1650 SUPER",
  "GeForce RTX 3080 10GB": "GeForce RTX 3080",
  "GeForce RTX 3090": "GeForce RTX 3090",
  "GeForce RTX 3070": "GeForce RTX 3070",
  "GeForce RTX 3060 Ti": "GeForce RTX 3060 Ti",
  "GeForce RTX 3060": "GeForce RTX 3060 12 GB",
  "GeForce RTX 3080 Ti": "GeForce RTX 3080 Ti",
  "GeForce RTX 3070 Ti": "GeForce RTX 3070 Ti",
  "GeForce RTX 3080 12GB": "GeForce RTX 3080 12 GB",
  "GeForce RTX 3050 8GB": "GeForce RTX 3050 8 GB",
  "GeForce RTX 3090 Ti": "GeForce RTX 3090 Ti",
  "GeForce GTX 1630": "GeForce GTX 1630",
  "GeForce RTX 4090": "GeForce RTX 4090",
  "GeForce RTX 4080 16GB": "GeForce RTX 4080",
  "GeForce RTX 4070 Ti": "GeForce RTX 4070 Ti",
  "GeForce RTX 4070": "GeForce RTX 4070",
  "GeForce RTX 4060 Ti 8GB": "GeForce RTX 4060 Ti 8 GB",
  "GeForce RTX 4060": "GeForce RTX 4060",
  "GeForce RTX 4060 Ti 16GB": "GeForce RTX 4060 Ti 16 GB",
  "GeForce RTX 4090D": "GeForce RTX 4090 D",
  "GeForce RTX 4070 SUPER": "GeForce RTX 4070 SUPER",
  "GeForce RTX 4070 Ti SUPER": "GeForce RTX 4070 Ti SUPER",
  "GeForce RTX 4080 SUPER": "GeForce RTX 4080 SUPER",
  "GeForce RTX 3050 6GB": "GeForce RTX 3050 6 GB",
  "GeForce RTX 4070 GDDR6": "GeForce RTX 4070 GDDR6"
}
```
2026-08-07 16:46:16.486 | INFO     | eval.evaluation.evaluation:evaluate_single_query:223 - col: 产品名称, primary_key_map {'NV1（Diamond Edge 3D）': 'NV1', 'RIVA 128': 'Riva 128', 'RIVA 128 ZX': 'Riva 128ZX', 'RIVA TNT': 'Riva TNT', 'RIVA TNT2': 'Riva TNT2', 'RIVA TNT2 Ultra': 'Riva TNT2 Ultra', 'Vanta': 'Riva TNT2 M64 Vanta', 'RIVA TNT2 M64': 'Riva TNT2 M64', 'RIVA TNT2 Pro': 'Riva TNT2 PRO', 'GeForce 256 SDR': 'GeForce 256 SDR', 'GeForce 256 DDR': 'GeForce 256 DDR', 'Vanta LT': 'Vanta LT', 'GeForce2 GTS': 'GeForce2 GTS', 'GeForce2 MX': 'GeForce2 MX', 'GeForce2 Ultra': 'GeForce2 Ultra', 'GeForce3': 'GeForce3', 'GeForce2 MX 200': 'GeForce2 MX 200', 'GeForce2 MX 400': 'GeForce2 MX 400', 'GeForce3 Ti 200': 'GeForce3 Ti200', 'GeForce3 Ti 500': 'GeForce3 Ti500', 'GeForce2 Ti': 'GeForce2 Ti', 'GeForce4 MX 420': 'GeForce4 MX 420', 'GeForce4 MX 440': 'GeForce4 MX 440', 'GeForce4 MX 460': 'GeForce4 MX 460', 'GeForce4 Ti 4400': 'GeForce4 Ti 4400', 'GeForce4 Ti 4600': 'GeForce4 Ti 4600', 'GeForce4 Ti 4200': 'GeForce4 Ti 4200', 'GeForce4 MX 440-8X': 'GeForce4 MX 440-8x', 'GeForce4 Ti 4200-8X': 'GeForce4 Ti 4200-8X', 'GeForce FX 5800': 'GeForce FX 5800', 'GeForce FX 5800 Ultra': 'GeForce FX 5800 Ultra', 'GeForce FX 5200': 'GeForce FX 5200', 'GeForce FX 5600': 'GeForce FX 5600', 'GeForce FX 5900': 'GeForce FX 5900', 'GeForce FX 5900 Ultra': 'GeForce FX 5900 Ultra', 'GeForce FX 5700 Ultra': 'GeForce FX 5700 Ultra', 'GeForce FX 5950 Ultra': 'GeForce FX 5950 Ultra', 'GeForce 6800': 'GeForce 6800', 'GeForce 6800 GT': 'GeForce 6800 GT', 'GeForce 6800 Ultra': 'GeForce 6800 Ultra', 'GeForce 6600': 'GeForce 6600', 'GeForce 6600 GT': 'GeForce 6600 GT', 'GeForce 6200': 'GeForce 6200', 'GeForce 6200 TurboCache': 'GeForce 6200 TurboCache', 'GeForce 7800 GTX 256MB': 'GeForce 7800 GTX', 'GeForce 7800 GT': 'GeForce 7800 GT', 'GeForce 7800 GTX 512MB': 'GeForce 7800 GTX 512', 'GeForce 7900 GT': 'GeForce 7900 GT', 'GeForce 7900 GTX': 'GeForce 7900 GTX', 'GeForce 7950 GX2': 'GeForce 7950 GX2', 'GeForce 8800 GTX': 'GeForce 8800 GTX', 'GeForce 8800 GTS 640MB': 'GeForce 8800 GTS 640', 'GeForce 8800 Ultra': 'GeForce 8800 Ultra', 'GeForce 8800 GT': 'GeForce 8800 GT', 'GeForce 9600 GT': 'GeForce 9600 GT', 'GeForce 9800 GX2': 'GeForce 9800 GX2', 'GeForce 9800 GTX': 'GeForce 9800 GTX', 'GeForce GTX 280': 'GeForce GTX 280', 'GeForce GTX 260': 'GeForce GTX 260', 'GeForce GTX 295': 'GeForce GTX 295', 'GeForce GTX 285': 'GeForce GTX 285', 'GeForce GTX 480': 'GeForce GTX 480', 'GeForce GTX 470': 'GeForce GTX 470', 'GeForce GTX 460 768MB': 'GeForce GTX 460', 'GeForce GTX 460 1GB': 'GeForce GTX 460', 'GeForce GTX 580': 'GeForce GTX 580', 'GeForce GTX 570': 'GeForce GTX 570', 'GeForce GTX 590': 'GeForce GTX 590', 'GeForce GTX 680': 'GeForce GTX 680', 'GeForce GTX 670': 'GeForce GTX 670', 'GeForce GTX 690': 'GeForce GTX 690', 'GeForce GTX Titan': 'GeForce GTX TITAN', 'GeForce GTX 780': 'GeForce GTX 780', 'GeForce GTX 770': 'GeForce GTX 770', 'GeForce GTX 780 Ti': 'GeForce GTX 780 Ti', 'GeForce GTX Titan Black': 'GeForce GTX TITAN BLACK', 'GeForce GTX Titan Z': 'GeForce GTX TITAN Z', 'GeForce GTX 980': 'GeForce GTX 980', 'GeForce GTX 970': 'GeForce GTX 970', 'GeForce GTX 960': 'GeForce GTX 960', 'GeForce GTX Titan X': 'GeForce GTX TITAN X', 'GeForce GTX 980 Ti': 'GeForce GTX 980 Ti', 'GeForce GTX 1080': 'GeForce GTX 1080', 'GeForce GTX 1070': 'GeForce GTX 1070', 'Nvidia Titan X': 'TITAN X Pascal', 'GeForce GTX 1060 6GB': 'GeForce GTX 1060 6 GB', 'GeForce GTX 1060 3GB': 'GeForce GTX 1060 3 GB', 'GeForce GTX 1050 Ti': 'GeForce GTX 1050 Ti', 'GeForce GTX 1050': 'GeForce GTX 1050', 'GeForce GTX 1080 Ti': 'GeForce GTX 1080 Ti', 'Nvidia Titan Xp': 'TITAN Xp', 'GeForce GT 1030': 'GeForce GT 1030', 'GeForce GTX 1070 Ti': 'GeForce GTX 1070 Ti', 'Nvidia Titan V': 'TITAN V', 'GeForce RTX 2080 Ti': 'GeForce RTX 2080 Ti', 'GeForce RTX 2080': 'GeForce RTX 2080', 'GeForce RTX 2070': 'GeForce RTX 2070', 'Nvidia Titan RTX': 'TITAN RTX', 'GeForce RTX 2060': 'GeForce RTX 2060', 'GeForce GTX 1660 Ti': 'GeForce GTX 1660 Ti', 'GeForce GTX 1660': 'GeForce GTX 1660', 'GeForce GTX 1650': 'GeForce GTX 1650', 'GeForce RTX 2060 SUPER': 'GeForce RTX 2060 SUPER', 'GeForce RTX 2070 SUPER': 'GeForce RTX 2070 SUPER', 'GeForce RTX 2080 SUPER': 'GeForce RTX 2080 SUPER', 'GeForce GTX 1660 SUPER': 'GeForce GTX 1660 SUPER', 'GeForce GTX 1650 SUPER': 'GeForce GTX 1650 SUPER', 'GeForce RTX 3080 10GB': 'GeForce RTX 3080', 'GeForce RTX 3090': 'GeForce RTX 3090', 'GeForce RTX 3070': 'GeForce RTX 3070', 'GeForce RTX 3060 Ti': 'GeForce RTX 3060 Ti', 'GeForce RTX 3060': 'GeForce RTX 3060 12 GB', 'GeForce RTX 3080 Ti': 'GeForce RTX 3080 Ti', 'GeForce RTX 3070 Ti': 'GeForce RTX 3070 Ti', 'GeForce RTX 3080 12GB': 'GeForce RTX 3080 12 GB', 'GeForce RTX 3050 8GB': 'GeForce RTX 3050 8 GB', 'GeForce RTX 3090 Ti': 'GeForce RTX 3090 Ti', 'GeForce GTX 1630': 'GeForce GTX 1630', 'GeForce RTX 4090': 'GeForce RTX 4090', 'GeForce RTX 4080 16GB': 'GeForce RTX 4080', 'GeForce RTX 4070 Ti': 'GeForce RTX 4070 Ti', 'GeForce RTX 4070': 'GeForce RTX 4070', 'GeForce RTX 4060 Ti 8GB': 'GeForce RTX 4060 Ti 8 GB', 'GeForce RTX 4060': 'GeForce RTX 4060', 'GeForce RTX 4060 Ti 16GB': 'GeForce RTX 4060 Ti 16 GB', 'GeForce RTX 4090D': 'GeForce RTX 4090 D', 'GeForce RTX 4070 SUPER': 'GeForce RTX 4070 SUPER', 'GeForce RTX 4070 Ti SUPER': 'GeForce RTX 4070 Ti SUPER', 'GeForce RTX 4080 SUPER': 'GeForce RTX 4080 SUPER', 'GeForce RTX 3050 6GB': 'GeForce RTX 3050 6 GB', 'GeForce RTX 4070 GDDR6': 'GeForce RTX 4070 GDDR6'}
2026-08-07 16:46:25.924 | INFO     | eval.evaluation.metric_utils:primary_key_preprocess:246 - primary_key_preprocess result: ```json
{
  "NV1／STG-2000": "NV1",
  "NV3": "NV3",
  "NV3T": "NV3",
  "NV4": "NV4",
  "NV5": "NV5",
  "NV10": "NV10",
  "NV15": "NV15",
  "NV11": "NV11",
  "NV20": "NV20",
  "NV17": "NV17",
  "NV25": "NV25",
  "NV18": "NV18",
  "NV28": "NV28",
  "NV30": "NV30",
  "NV34": "NV34",
  "NV31": "NV31",
  "NV35": "NV35",
  "NV36": "NV36",
  "NV38": "NV38",
  "NV40": "NV40",
  "NV43": "NV43",
  "NV44": "NV44",
  "G70": "G70",
  "G71": "G71",
  "G71×2": "G71",
  "G80": "G80",
  "G92": "G92",
  "G94": "G94",
  "G92×2": "G92",
  "GT200": "GT200",
  "GT200b×2": "GT200B",
  "GT200b": "GT200B",
  "GF100": "GF100",
  "GF104": "GF104",
  "GF110": "GF110",
  "GF110×2": "GF110",
  "GK104": "GK104",
  "GK104×2": "GK104",
  "GK110": "GK110",
  "GK110B": "GK110B",
  "GK110B×2": "GK110B",
  "GM204": "GM204",
  "GM206": "GM206",
  "GM200": "GM200",
  "GP104-400": "GP104",
  "GP104-200": "GP104",
  "GP102-400": "GP102",
  "GP106-400": "GP106",
  "GP106-300": "GP106",
  "GP107-400": "GP107",
  "GP107-300": "GP107",
  "GP102-350": "GP102",
  "GP102-450": "GP102",
  "GP108-300": "GP108",
  "GP104-300": "GP104",
  "GV100": "GV100",
  "TU102-300": "TU102",
  "TU104-400": "TU104",
  "TU106-400": "TU106",
  "TU102-400": "TU102",
  "TU106-200": "TU106",
  "TU116-400": "TU116",
  "TU116-300": "TU116",
  "TU117-300": "TU117",
  "TU106-410": "TU106",
  "TU104-410": "TU104",
  "TU104-450": "TU104",
  "TU116-250": "TU116",
  "GA102-200": "GA102",
  "GA102-300": "GA102",
  "GA104-300": "GA104",
  "GA104-200": "GA104",
  "GA106-300": "GA106",
  "GA102-225": "GA102",
  "GA104-400": "GA104",
  "GA102-220": "GA102",
  "GA106-150": "GA106",
  "GA102-350": "GA102",
  "TU117-150": "TU117",
  "AD102-300": "AD102",
  "AD103-300": "AD103",
  "AD104-400": "AD104",
  "AD104-250": "AD104",
  "AD106-350": "AD106",
  "AD107-400": "AD107",
  "AD106-351": "AD106",
  "AD102-250": "AD102",
  "AD104-350": "AD104",
  "AD103-275": "AD103",
  "AD103-400": "AD103",
  "GA107-325": "GA107",
  "AD104-251": "AD104"
}
```
2026-08-07 16:46:25.924 | INFO     | eval.evaluation.evaluation:evaluate_single_query:223 - col: 芯片名称, primary_key_map {'NV1／STG-2000': 'NV1', 'NV3': 'NV3', 'NV3T': 'NV3', 'NV4': 'NV4', 'NV5': 'NV5', 'NV10': 'NV10', 'NV15': 'NV15', 'NV11': 'NV11', 'NV20': 'NV20', 'NV17': 'NV17', 'NV25': 'NV25', 'NV18': 'NV18', 'NV28': 'NV28', 'NV30': 'NV30', 'NV34': 'NV34', 'NV31': 'NV31', 'NV35': 'NV35', 'NV36': 'NV36', 'NV38': 'NV38', 'NV40': 'NV40', 'NV43': 'NV43', 'NV44': 'NV44', 'G70': 'G70', 'G71': 'G71', 'G71×2': 'G71', 'G80': 'G80', 'G92': 'G92', 'G94': 'G94', 'G92×2': 'G92', 'GT200': 'GT200', 'GT200b×2': 'GT200B', 'GT200b': 'GT200B', 'GF100': 'GF100', 'GF104': 'GF104', 'GF110': 'GF110', 'GF110×2': 'GF110', 'GK104': 'GK104', 'GK104×2': 'GK104', 'GK110': 'GK110', 'GK110B': 'GK110B', 'GK110B×2': 'GK110B', 'GM204': 'GM204', 'GM206': 'GM206', 'GM200': 'GM200', 'GP104-400': 'GP104', 'GP104-200': 'GP104', 'GP102-400': 'GP102', 'GP106-400': 'GP106', 'GP106-300': 'GP106', 'GP107-400': 'GP107', 'GP107-300': 'GP107', 'GP102-350': 'GP102', 'GP102-450': 'GP102', 'GP108-300': 'GP108', 'GP104-300': 'GP104', 'GV100': 'GV100', 'TU102-300': 'TU102', 'TU104-400': 'TU104', 'TU106-400': 'TU106', 'TU102-400': 'TU102', 'TU106-200': 'TU106', 'TU116-400': 'TU116', 'TU116-300': 'TU116', 'TU117-300': 'TU117', 'TU106-410': 'TU106', 'TU104-410': 'TU104', 'TU104-450': 'TU104', 'TU116-250': 'TU116', 'GA102-200': 'GA102', 'GA102-300': 'GA102', 'GA104-300': 'GA104', 'GA104-200': 'GA104', 'GA106-300': 'GA106', 'GA102-225': 'GA102', 'GA104-400': 'GA104', 'GA102-220': 'GA102', 'GA106-150': 'GA106', 'GA102-350': 'GA102', 'TU117-150': 'TU117', 'AD102-300': 'AD102', 'AD103-300': 'AD103', 'AD104-400': 'AD104', 'AD104-250': 'AD104', 'AD106-350': 'AD106', 'AD107-400': 'AD107', 'AD106-351': 'AD106', 'AD102-250': 'AD102', 'AD104-350': 'AD104', 'AD103-275': 'AD103', 'AD103-400': 'AD103', 'GA107-325': 'GA107', 'AD104-251': 'AD104'}
2026-08-07 16:46:32.287 | INFO     | eval.evaluation.metric_utils:primary_key_preprocess:246 - primary_key_preprocess result: ```json
{
  "2 MB": "2 MB",
  "4 MB": "4 MB",
  "8 MB": "8 MB",
  "16 MB": "16 MB",
  "32 MB": "32 MB",
  "64 MB": "64 MB",
  "128 MB": "128 MB",
  "256 MB": "256 MB",
  "512 MB": "512 MB",
  "1 GB（512 MB×2）": "1024 MB",
  "768 MB": "768 MB",
  "640 MB": "640 MB",
  "1 GB": "1024 MB",
  "896 MB": "896 MB",
  "1792 MB（896 MB×2）": "1792 MB",
  "1536 MB": "1536 MB",
  "1280 MB": "1280 MB",
  "3 GB（1.5 GB×2）": "3 GB",
  "2 GB": "2 GB",
  "4 GB（2 GB×2）": "4 GB",
  "6 GB": "6 GB",
  "3 GB": "3 GB",
  "12 GB（6 GB×2）": "12 GB",
  "4 GB": "4 GB",
  "12 GB": "12 GB",
  "8 GB": "8 GB",
  "11 GB": "11 GB",
  "24 GB": "24 GB",
  "10 GB": "10 GB",
  "16 GB": "16 GB"
}
```
2026-08-07 16:46:32.287 | INFO     | eval.evaluation.evaluation:evaluate_single_query:223 - col: 显存容量, primary_key_map {'2 MB': '2 MB', '4 MB': '4 MB', '8 MB': '8 MB', '16 MB': '16 MB', '32 MB': '32 MB', '64 MB': '64 MB', '128 MB': '128 MB', '256 MB': '256 MB', '512 MB': '512 MB', '1 GB（512 MB×2）': '1024 MB', '768 MB': '768 MB', '640 MB': '640 MB', '1 GB': '1024 MB', '896 MB': '896 MB', '1792 MB（896 MB×2）': '1792 MB', '1536 MB': '1536 MB', '1280 MB': '1280 MB', '3 GB（1.5 GB×2）': '3 GB', '2 GB': '2 GB', '4 GB（2 GB×2）': '4 GB', '6 GB': '6 GB', '3 GB': '3 GB', '12 GB（6 GB×2）': '12 GB', '4 GB': '4 GB', '12 GB': '12 GB', '8 GB': '8 GB', '11 GB': '11 GB', '24 GB': '24 GB', '10 GB': '10 GB', '16 GB': '16 GB'}
2026-08-07 16:46:37.105 | INFO     | eval.evaluation.metric_utils:primary_key_preprocess:246 - primary_key_preprocess result: ```json
{
  "64 位": " 64 bit",
  "128 位": " 128 bit",
  "256 位": " 256 bit",
  "384 位": " 384 bit",
  "320 位": " 320 bit",
  "512 位": " 512 bit",
  "448 位": " 448 bit",
  "192 位": " 192 bit",
  "32 位": " 32 bit",
  "352 位": " 352 bit",
  "3072 位": " 3072 bit",
  "96 位": " 96 bit"
}
```
2026-08-07 16:46:37.105 | INFO     | eval.evaluation.evaluation:evaluate_single_query:223 - col: 显存位宽, primary_key_map {'64 位': ' 64 bit', '128 位': ' 128 bit', '256 位': ' 256 bit', '384 位': ' 384 bit', '320 位': ' 320 bit', '512 位': ' 512 bit', '448 位': ' 448 bit', '192 位': ' 192 bit', '32 位': ' 32 bit', '352 位': ' 352 bit', '3072 位': ' 3072 bit', '96 位': ' 96 bit'}
2026-08-07 16:46:37.120 | INFO     | eval.evaluation.evaluation:evaluate_single_query:275 - wide2deep_ws_zh_007, df_inner shape: (114, 20), answer_df shape: (513, 10), response_df shape: (136, 14)
2026-08-07 16:46:50.802 | DEBUG    | eval.evaluation.evaluation:evaluate_single_query:321 - wide2deep_ws_zh_007, col 产品系列, metric_func_name llm_judge, score [0, 1, 1, 1, 1, 1, 1, 0, 1, 1, 1, 1, 1, 1, 1, 1, 1, 1, 1, 1, 1, 1, 1, 1, 1, 1, 1, 1, 0, 0, 0, 0, 0, 0, 0, 0, 0, 0, 1, 1, 1, 1, 1, 1, 1, 1, 1, 1, 1, 1, 1, 1, 1, 1, 1, 1, 1, 1, 0, 0, 1, 1, 1, 1, 0, 1, 1, 1, 1, 1, 1, 1, 1, 1, 0, 0, 0, 1, 1, 1, 1, 1, 1, 1, 1, 1, 1, 1, 1, 1, 0, 1, 1, 1, 1, 1, 1, 1, 1, 1, 1, 1, 1, 1, 1, 1, 1, 1, 1, 1, 1, 1, 1, 1]
2026-08-07 16:47:01.328 | DEBUG    | eval.evaluation.evaluation:evaluate_single_query:321 - wide2deep_ws_zh_007, col 发布日期, metric_func_name llm_judge, score [0, 0, 1, 0, 1, 1, 0, 1, 1, 1, 1, 1, 1, 1, 1, 1, 1, 1, 0, 1, 1, 0, 0, 0, 0, 0, 0, 1, 1, 0, 0, 1, 1, 1, 1, 1, 1, 1, 1, 1, 1, 1, 1, 0, 1, 1, 0, 1, 1, 1, 1, 1, 1, 1, 1, 1, 1, 1, 1, 1, 1, 0, 0, 1, 1, 1, 1, 1, 1, 1, 1, 1, 1, 1, 1, 1, 1, 1, 1, 1, 1, 1, 1, 0, 1, 1, 1, 1, 1, 1, 1, 1, 0, 0, 0, 0, 0, 0, 1, 0, 0, 0, 0, 0, 0, 1, 0, 0, 0, 0, 0, 0, 1, 0]
2026-08-07 16:47:13.101 | DEBUG    | eval.evaluation.evaluation:evaluate_single_query:321 - wide2deep_ws_zh_007, col 总线接口, metric_func_name llm_judge, score [1, 0, 0, 0, 1, 1, 1, 0, 1, 1, 1, 1, 1, 1, 1, 1, 1, 1, 1, 1, 1, 0, 1, 1, 1, 1, 1, 1, 1, 1, 1, 1, 1, 1, 1, 1, 1, 1, 1, 1, 1, 1, 1, 1, 1, 1, 1, 1, 1, 1, 1, 1, 1, 1, 1, 1, 1, 1, 1, 1, 1, 1, 1, 1, 1, 1, 1, 1, 1, 1, 1, 1, 1, 1, 1, 1, 1, 0, 1, 1, 1, 1, 1, 1, 1, 1, 1, 1, 1, 1, 1, 1, 1, 1, 1, 1, 1, 1, 1, 1, 1, 1, 1, 1, 1, 1, 1, 1, 1, 1, 1, 1, 1, 1]
2026-08-07 16:47:20.783 | DEBUG    | eval.evaluation.evaluation:evaluate_single_query:321 - wide2deep_ws_zh_007, col 显存类型, metric_func_name llm_judge, score [0, 0, 0, 1, 1, 1, 1, 1, 1, 1, 1, 1, 1, 1, 1, 1, 1, 1, 1, 1, 1, 1, 1, 0, 0, 1, 1, 1, 1, 1, 1, 0, 1, 1, 1, 1, 1, 1, 1, 1, 1, 1, 1, 1, 1, 1, 1, 1, 1, 1, 1, 1, 1, 1, 1, 1, 1, 1, 1, 1, 1, 1, 1, 1, 1, 1, 1, 1, 1, 1, 1, 1, 1, 1, 1, 1, 1, 1, 1, 1, 1, 1, 1, 1, 1, 1, 1, 1, 1, 1, 1, 1, 1, 1, 1, 1, 1, 1, 1, 1, 1, 1, 1, 1, 1, 1, 1, 1, 1, 1, 1, 1, 1, 1]
2026-08-07 16:47:29.431 | DEBUG    | eval.evaluation.evaluation:evaluate_single_query:321 - wide2deep_ws_zh_007, col 核心频率(基础频率), metric_func_name llm_judge, score [0, 1, 1, 1, 1, 1, 1, 1, 1, 1, 1, 1, 1, 1, 1, 1, 1, 1, 1, 1, 1, 1, 1, 1, 1, 1, 1, 1, 1, 0, 1, 1, 1, 1, 1, 0, 1, 1, 1, 0, 0, 1, 1, 1, 1, 1, 1, 1, 1, 0, 0, 1, 1, 1, 1, 1, 1, 1, 0, 1, 1, 1, 0, 1, 1, 0, 1, 0, 1, 1, 1, 1, 1, 0, 1, 1, 1, 1, 1, 1, 1, 1, 1, 1, 1, 1, 1, 1, 1, 1, 1, 1, 1, 1, 1, 1, 1, 1, 1, 1, 1, 1, 1, 1, 1, 1, 1, 1, 1, 1, 1, 1, 1, 1]
2026-08-07 16:47:37.636 | DEBUG    | eval.evaluation.evaluation:evaluate_single_query:321 - wide2deep_ws_zh_007, col 显存频率, metric_func_name llm_judge, score [0, 1, 1, 1, 0, 1, 0, 1, 0, 0, 0, 0, 0, 0, 1, 0, 0, 0, 0, 0, 0, 0, 0, 0, 0, 0, 0, 0, 0, 0, 0, 0, 0, 0, 0, 0, 0, 0, 0, 0, 0, 0, 0, 0, 0, 0, 0, 0, 0, 0, 0, 0, 0, 0, 0, 0, 0, 0, 0, 0, 0, 0, 0, 0, 0, 0, 0, 0, 0, 0, 0, 0, 0, 0, 0, 0, 0, 0, 0, 0, 0, 0, 0, 0, 0, 0, 0, 0, 0, 0, 0, 0, 0, 0, 0, 0, 0, 0, 0, 0, 0, 0, 0, 0, 0, 0, 0, 0, 0, 0, 0, 0, 0, 0]
2026-08-07 16:47:37.669 | INFO     | eval.evaluation.evaluation:evaluate_single_query:380 - wide2deep_ws_zh_007, P/R/F1 by unique_columns: 0.8382/0.2222/0.3513
2026-08-07 16:47:37.669 | INFO     | eval.evaluation.evaluation:evaluate_single_query:383 - wide2deep_ws_zh_007, P/R/F1 by row: 0.0147/0.0039/0.0062
2026-08-07 16:47:37.669 | INFO     | eval.evaluation.evaluation:evaluate_single_query:386 - wide2deep_ws_zh_007, P/R/F1 by item: 0.7000/0.1856/0.2934
2026-08-07 16:47:37.680 | INFO     | eval.evaluation.evaluation:evaluate_single_query:398 - wide2deep_ws_zh_007, final table score: 0.0
{"event": "eval_done", "idx": 1, "instance_id": "wide2deep_ws_zh_007", "score": 0.0, "entity_acc": 1.0, "f1_by_row": 0.0061633281972265025, "f1_by_item": 0.29337442218798154, "column_f1": 0.35130970724191063, "error": null, "elapsed_seconds": 99.71, "running_n": 1}
2026-08-07 16:47:39.067 | DEBUG    | eval.evaluation.data_loader:extract_dataframe:167 - find markdown_str 
| 医疗机构名称 | 机构地址 | 医疗机构等级 | 联系电话 | 准入技术 |
| --- | --- | --- | -- ...
2026-08-07 16:47:44.841 | INFO     | eval.evaluation.metric_utils:primary_key_preprocess:246 - primary_key_preprocess result: ```json
{
  "北京大学第三医院": "北京大学第三医院",
  "中国医学科学院北京协和医院": "中国医学科学院北京协和医院",
  "国家卫生健康委科学技术研究所门诊部": "国家卫生健康委科学技术研究所门诊部",
  "北京家恩德运医院": "北京家恩德运医院",
  "首都医科大学附属北京妇产医院": "首都医科大学附属北京妇产医院",
  "北京大学第一医院": "北京大学第一医院",
  "首都医科大学附属北京朝阳医院": "首都医科大学附属北京朝阳医院",
  "北京市海淀区妇幼保健院": "北京市海淀区妇幼保健院",
  "北京大学人民医院": "北京大学人民医院",
  "北京中医药大学东方医院": "北京中医药大学东方医院",
  "中国人民解放军总医院第七医学中心": "解放军总医院第七医学中心",
  "中国人民解放军总医院第六医学中心": "解放军总医院第六医学中心",
  "中国人民解放军总医院第一医学中心": "解放军总医院第一医学中心",
  "北京家圆医院": "北京家圆医院",
  "北京美中宜和北三环妇儿医院": "北京美中宜和北三环妇儿医院",
  "中国人民解放军战略支援部队特色医学中心": "战略支援部队特色医学中心",
  "中国人民解放军空军特色医学中心": "空军特色医学中心",
  "中国人民解放军火箭军特色医学中心": "火箭军特色医学中心"
}
```
2026-08-07 16:47:44.841 | INFO     | eval.evaluation.evaluation:evaluate_single_query:223 - col: 医疗机构名称, primary_key_map {'北京大学第三医院': '北京大学第三医院', '中国医学科学院北京协和医院': '中国医学科学院北京协和医院', '国家卫生健康委科学技术研究所门诊部': '国家卫生健康委科学技术研究所门诊部', '北京家恩德运医院': '北京家恩德运医院', '首都医科大学附属北京妇产医院': '首都医科大学附属北京妇产医院', '北京大学第一医院': '北京大学第一医院', '首都医科大学附属北京朝阳医院': '首都医科大学附属北京朝阳医院', '北京市海淀区妇幼保健院': '北京市海淀区妇幼保健院', '北京大学人民医院': '北京大学人民医院', '北京中医药大学东方医院': '北京中医药大学东方医院', '中国人民解放军总医院第七医学中心': '解放军总医院第七医学中心', '中国人民解放军总医院第六医学中心': '解放军总医院第六医学中心', '中国人民解放军总医院第一医学中心': '解放军总医院第一医学中心', '北京家圆医院': '北京家圆医院', '北京美中宜和北三环妇儿医院': '北京美中宜和北三环妇儿医院', '中国人民解放军战略支援部队特色医学中心': '战略支援部队特色医学中心', '中国人民解放军空军特色医学中心': '空军特色医学中心', '中国人民解放军火箭军特色医学中心': '火箭军特色医学中心'}
2026-08-07 16:47:48.517 | INFO     | eval.evaluation.metric_utils:primary_key_preprocess:246 - primary_key_preprocess result: ```json
{
  "夫精人工授精技术": "夫精人工授精技术",
  "供精人工授精技术": "供精人工授精技术",
  "常规体外受精-胚胎移植技术": "常规体外受精-胚胎移植技术",
  "卵胞浆内单精子显微注射技术": "卵胞浆内单精子显微注射技术",
  "植入前胚胎遗传学诊断技术": "植入前胚胎遗传学诊断技术"
}
```
2026-08-07 16:47:48.517 | INFO     | eval.evaluation.evaluation:evaluate_single_query:223 - col: 准入技术, primary_key_map {'夫精人工授精技术': '夫精人工授精技术', '供精人工授精技术': '供精人工授精技术', '常规体外受精-胚胎移植技术': '常规体外受精-胚胎移植技术', '卵胞浆内单精子显微注射技术': '卵胞浆内单精子显微注射技术', '植入前胚胎遗传学诊断技术': '植入前胚胎遗传学诊断技术'}
2026-08-07 16:47:48.523 | INFO     | eval.evaluation.evaluation:evaluate_single_query:275 - wide2deep_ws_zh_018, df_inner shape: (56, 10), answer_df shape: (58, 5), response_df shape: (57, 7)
2026-08-07 16:47:59.112 | DEBUG    | eval.evaluation.evaluation:evaluate_single_query:321 - wide2deep_ws_zh_018, col 机构地址, metric_func_name llm_judge, score [1, 1, 1, 1, 1, 0, 0, 0, 1, 1, 1, 1, 1, 0, 0, 0, 1, 1, 1, 1, 1, 1, 1, 1, 1, 1, 1, 1, 1, 1, 1, 1, 1, 1, 1, 1, 1, 1, 1, 1, 1, 1, 1, 1, 1, 1, 1, 1, 1, 1, 1, 1, 1, 1, 1, 1]
2026-08-07 16:48:04.448 | DEBUG    | eval.evaluation.evaluation:evaluate_single_query:321 - wide2deep_ws_zh_018, col 医疗机构等级, metric_func_name llm_judge, score [1, 1, 1, 1, 1, 1, 1, 1, 0, 0, 1, 1, 1, 1, 1, 1, 1, 1, 1, 1, 1, 1, 1, 1, 1, 1, 1, 1, 1, 1, 1, 1, 1, 1, 1, 1, 1, 1, 1, 1, 1, 1, 1, 1, 1, 1, 1, 1, 1, 1, 1, 1, 1, 1, 1, 1]
2026-08-07 16:48:11.148 | DEBUG    | eval.evaluation.evaluation:evaluate_single_query:321 - wide2deep_ws_zh_018, col 联系电话, metric_func_name llm_judge, score [1, 1, 1, 1, 1, 0, 0, 0, 0, 0, 0, 0, 0, 1, 1, 1, 0, 0, 0, 0, 1, 1, 1, 1, 1, 1, 1, 1, 1, 1, 1, 1, 1, 1, 0, 0, 0, 0, 1, 1, 1, 1, 1, 1, 1, 1, 1, 1, 1, 1, 1, 1, 1, 1, 1, 1]
2026-08-07 16:48:11.154 | INFO     | eval.evaluation.evaluation:evaluate_single_query:380 - wide2deep_ws_zh_018, P/R/F1 by unique_columns: 0.9825/0.9655/0.9739
2026-08-07 16:48:11.154 | INFO     | eval.evaluation.evaluation:evaluate_single_query:383 - wide2deep_ws_zh_018, P/R/F1 by row: 0.6491/0.6379/0.6435
2026-08-07 16:48:11.154 | INFO     | eval.evaluation.evaluation:evaluate_single_query:386 - wide2deep_ws_zh_018, P/R/F1 by item: 0.8982/0.8828/0.8904
2026-08-07 16:48:11.157 | INFO     | eval.evaluation.evaluation:evaluate_single_query:398 - wide2deep_ws_zh_018, final table score: 0.0
{"event": "eval_done", "idx": 2, "instance_id": "wide2deep_ws_zh_018", "score": 0.0, "entity_acc": 1.0, "f1_by_row": 0.6434782608695653, "f1_by_item": 0.8904347826086956, "column_f1": 0.9739130434782608, "error": null, "elapsed_seconds": 33.464, "running_n": 2}
2026-08-07 16:48:12.894 | DEBUG    | eval.evaluation.data_loader:extract_dataframe:167 - find markdown_str 
| 获奖年份 | 姓名 | 出版作品名称 | 首次出版年份 |
| --- | --- | --- | --- |
| 190 ...
2026-08-07 16:48:26.265 | INFO     | eval.evaluation.metric_utils:primary_key_preprocess:246 - primary_key_preprocess result: ```json
{
  "Gösta Berlings saga": "Gösta Berlings saga",
  "Osynliga länkar": "Osynliga länkar",
  "Antikrists mirakler": "Antikrists mirakler",
  "Nell'azzurro": "Nell'azzuro",
  "Stella d'Oriente": "Stella d'Oriente",
  "Fior di Sardegna": "Fior di Sardegna",
  "Fru Marta Oulie": "Marta Oulie",
  "Den lykkelige alder": "The Happy Age",
  "Fortællingen om Viga-Ljot og Vigdis": "Gunnar's Daughter",
  "Desolación": "Desolación",
  "Lecturas para mujeres": "Lecturas para Mujeres",
  "Legenden und Erzählungen": "Legenden und Erzählungen",
  "In den Wohnungen des Todes": "In den Wohnungen des Todes",
  "Sternverdunkelung": "Sternverdunkelung",
  "Face to Face": "Face to Face",
  "The Lying Days": "The Lying Days",
  "The Bluest Eye": "The Bluest Eye",
  "Sula": "Sula",
  "Dlatego żyjemy": "Dlatego żyjemy",
  "Pytania zadawane sobie": "Pytania zadawane sobie",
  "Wołanie do Yeti": "Wolanie do Yeti",
  "Lisas Schatten": "Lisas Schatten",
  "wir sind lockvögel baby!": "wir sind lockvögel baby!",
  "Michael. Ein Jugendbuch für die Infantilgesellschaft": "Michael. Ein Jugendbuch für die Infantilgesellschaft",
  "The Grass Is Singing": "The Grass Is Singing",
  "This Was the Old Chief's Country": "This Was the Old Chief's Country",
  "Martha Quest": "Martha Quest",
  "Niederungen": "Niederungen",
  "Drückender Tango": "Drückender Tango",
  "Der Mensch ist ein großer Fasan auf der Welt": "Der Mensch ist ein großer Fasan auf der Welt",
  "Dance of the Happy Shades": "Dance of the Happy Shades",
  "Lives of Girls and Women": "Lives of Girls and Women",
  "Something I've Been Meaning to Tell You": "Something I've Been Meaning to Tell You",
  "У войны не женское лицо": "У войны не женское лицо",
  "Последние свидетели": "Последние свидетели: сто недетских колыбельных",
  "Цинковые мальчики": "Zinky Boys Цинковые мальчики",
  "Miasta w lustrach": "Miasto w lustrach",
  "Podróż ludzi Księgi": "Podróż ludzi Księgi",
  "E.E.": "E.E.",
  "Firstborn": "Firstborn",
  "The House on Marshland": "The House on Marshland",
  "Les Armoires vides": "Les Armoires vides",
  "Ce qu'ils disent ou rien": "Ce qu'ils disent ou rien",
  "La Femme gelée": "La Femme gelée",
  "여수의 사랑": "여수의 사랑",
  "검은 사슴": "검은 사슴",
  "내 여자의 열매": "내 여자의 열매"
}
```
2026-08-07 16:48:26.265 | INFO     | eval.evaluation.evaluation:evaluate_single_query:223 - col: 出版作品名称, primary_key_map {'Gösta Berlings saga': 'Gösta Berlings saga', 'Osynliga länkar': 'Osynliga länkar', 'Antikrists mirakler': 'Antikrists mirakler', "Nell'azzurro": "Nell'azzuro", "Stella d'Oriente": "Stella d'Oriente", 'Fior di Sardegna': 'Fior di Sardegna', 'Fru Marta Oulie': 'Marta Oulie', 'Den lykkelige alder': 'The Happy Age', 'Fortællingen om Viga-Ljot og Vigdis': "Gunnar's Daughter", 'Desolación': 'Desolación', 'Lecturas para mujeres': 'Lecturas para Mujeres', 'Legenden und Erzählungen': 'Legenden und Erzählungen', 'In den Wohnungen des Todes': 'In den Wohnungen des Todes', 'Sternverdunkelung': 'Sternverdunkelung', 'Face to Face': 'Face to Face', 'The Lying Days': 'The Lying Days', 'The Bluest Eye': 'The Bluest Eye', 'Sula': 'Sula', 'Dlatego żyjemy': 'Dlatego żyjemy', 'Pytania zadawane sobie': 'Pytania zadawane sobie', 'Wołanie do Yeti': 'Wolanie do Yeti', 'Lisas Schatten': 'Lisas Schatten', 'wir sind lockvögel baby!': 'wir sind lockvögel baby!', 'Michael. Ein Jugendbuch für die Infantilgesellschaft': 'Michael. Ein Jugendbuch für die Infantilgesellschaft', 'The Grass Is Singing': 'The Grass Is Singing', "This Was the Old Chief's Country": "This Was the Old Chief's Country", 'Martha Quest': 'Martha Quest', 'Niederungen': 'Niederungen', 'Drückender Tango': 'Drückender Tango', 'Der Mensch ist ein großer Fasan auf der Welt': 'Der Mensch ist ein großer Fasan auf der Welt', 'Dance of the Happy Shades': 'Dance of the Happy Shades', 'Lives of Girls and Women': 'Lives of Girls and Women', "Something I've Been Meaning to Tell You": "Something I've Been Meaning to Tell You", 'У войны не женское лицо': 'У войны не женское лицо', 'Последние свидетели': 'Последние свидетели: сто недетских колыбельных', 'Цинковые мальчики': 'Zinky Boys Цинковые мальчики', 'Miasta w lustrach': 'Miasto w lustrach', 'Podróż ludzi Księgi': 'Podróż ludzi Księgi', 'E.E.': 'E.E.', 'Firstborn': 'Firstborn', 'The House on Marshland': 'The House on Marshland', 'Les Armoires vides': 'Les Armoires vides', "Ce qu'ils disent ou rien": "Ce qu'ils disent ou rien", 'La Femme gelée': 'La Femme gelée', '여수의 사랑': '여수의 사랑', '검은 사슴': '검은 사슴', '내 여자의 열매': '내 여자의 열매'}
2026-08-07 16:48:26.271 | INFO     | eval.evaluation.evaluation:evaluate_single_query:275 - wide2deep_ws_zh_023, df_inner shape: (47, 8), answer_df shape: (54, 4), response_df shape: (54, 5)
2026-08-07 16:48:26.272 | DEBUG    | eval.evaluation.evaluation:metric_call:77 - metric_func_name exact_match score 1.0 msg exact match, response: 1909, target: 1909
2026-08-07 16:48:26.272 | DEBUG    | eval.evaluation.evaluation:metric_call:77 - metric_func_name exact_match score 1.0 msg exact match, response: 1909, target: 1909
2026-08-07 16:48:26.272 | DEBUG    | eval.evaluation.evaluation:metric_call:77 - metric_func_name exact_match score 1.0 msg exact match, response: 1909, target: 1909
2026-08-07 16:48:26.272 | DEBUG    | eval.evaluation.evaluation:metric_call:77 - metric_func_name exact_match score 1.0 msg exact match, response: 1926, target: 1926
2026-08-07 16:48:26.272 | DEBUG    | eval.evaluation.evaluation:metric_call:77 - metric_func_name exact_match score 1.0 msg exact match, response: 1926, target: 1926
2026-08-07 16:48:26.272 | DEBUG    | eval.evaluation.evaluation:metric_call:77 - metric_func_name exact_match score 1.0 msg exact match, response: 1926, target: 1926
2026-08-07 16:48:26.272 | DEBUG    | eval.evaluation.evaluation:metric_call:77 - metric_func_name exact_match score 1.0 msg exact match, response: 1928, target: 1928
2026-08-07 16:48:26.272 | DEBUG    | eval.evaluation.evaluation:metric_call:77 - metric_func_name exact_match score 1.0 msg exact match, response: 1928, target: 1928
2026-08-07 16:48:26.272 | DEBUG    | eval.evaluation.evaluation:metric_call:77 - metric_func_name exact_match score 1.0 msg exact match, response: 1928, target: 1928
2026-08-07 16:48:26.272 | DEBUG    | eval.evaluation.evaluation:metric_call:77 - metric_func_name exact_match score 1.0 msg exact match, response: 1945, target: 1945
2026-08-07 16:48:26.272 | DEBUG    | eval.evaluation.evaluation:metric_call:77 - metric_func_name exact_match score 1.0 msg exact match, response: 1945, target: 1945
2026-08-07 16:48:26.273 | DEBUG    | eval.evaluation.evaluation:metric_call:77 - metric_func_name exact_match score 1.0 msg exact match, response: 1966, target: 1966
2026-08-07 16:48:26.273 | DEBUG    | eval.evaluation.evaluation:metric_call:77 - metric_func_name exact_match score 1.0 msg exact match, response: 1966, target: 1966
2026-08-07 16:48:26.273 | DEBUG    | eval.evaluation.evaluation:metric_call:77 - metric_func_name exact_match score 1.0 msg exact match, response: 1966, target: 1966
2026-08-07 16:48:26.273 | DEBUG    | eval.evaluation.evaluation:metric_call:77 - metric_func_name exact_match score 1.0 msg exact match, response: 1991, target: 1991
2026-08-07 16:48:26.273 | DEBUG    | eval.evaluation.evaluation:metric_call:77 - metric_func_name exact_match score 1.0 msg exact match, response: 1991, target: 1991
2026-08-07 16:48:26.273 | DEBUG    | eval.evaluation.evaluation:metric_call:77 - metric_func_name exact_match score 1.0 msg exact match, response: 1993, target: 1993
2026-08-07 16:48:26.273 | DEBUG    | eval.evaluation.evaluation:metric_call:77 - metric_func_name exact_match score 1.0 msg exact match, response: 1993, target: 1993
2026-08-07 16:48:26.273 | DEBUG    | eval.evaluation.evaluation:metric_call:77 - metric_func_name exact_match score 1.0 msg exact match, response: 1996, target: 1996
2026-08-07 16:48:26.273 | DEBUG    | eval.evaluation.evaluation:metric_call:77 - metric_func_name exact_match score 1.0 msg exact match, response: 1996, target: 1996
2026-08-07 16:48:26.273 | DEBUG    | eval.evaluation.evaluation:metric_call:77 - metric_func_name exact_match score 1.0 msg exact match, response: 1996, target: 1996
2026-08-07 16:48:26.273 | DEBUG    | eval.evaluation.evaluation:metric_call:77 - metric_func_name exact_match score 1.0 msg exact match, response: 2004, target: 2004
2026-08-07 16:48:26.273 | DEBUG    | eval.evaluation.evaluation:metric_call:77 - metric_func_name exact_match score 1.0 msg exact match, response: 2004, target: 2004
2026-08-07 16:48:26.273 | DEBUG    | eval.evaluation.evaluation:metric_call:77 - metric_func_name exact_match score 1.0 msg exact match, response: 2004, target: 2004
2026-08-07 16:48:26.273 | DEBUG    | eval.evaluation.evaluation:metric_call:77 - metric_func_name exact_match score 1.0 msg exact match, response: 2007, target: 2007
2026-08-07 16:48:26.273 | DEBUG    | eval.evaluation.evaluation:metric_call:77 - metric_func_name exact_match score 1.0 msg exact match, response: 2007, target: 2007
2026-08-07 16:48:26.273 | DEBUG    | eval.evaluation.evaluation:metric_call:77 - metric_func_name exact_match score 1.0 msg exact match, response: 2007, target: 2007
2026-08-07 16:48:26.273 | DEBUG    | eval.evaluation.evaluation:metric_call:77 - metric_func_name exact_match score 1.0 msg exact match, response: 2009, target: 2009
2026-08-07 16:48:26.273 | DEBUG    | eval.evaluation.evaluation:metric_call:77 - metric_func_name exact_match score 1.0 msg exact match, response: 2009, target: 2009
2026-08-07 16:48:26.273 | DEBUG    | eval.evaluation.evaluation:metric_call:77 - metric_func_name exact_match score 1.0 msg exact match, response: 2009, target: 2009
2026-08-07 16:48:26.273 | DEBUG    | eval.evaluation.evaluation:metric_call:77 - metric_func_name exact_match score 1.0 msg exact match, response: 2013, target: 2013
2026-08-07 16:48:26.273 | DEBUG    | eval.evaluation.evaluation:metric_call:77 - metric_func_name exact_match score 1.0 msg exact match, response: 2013, target: 2013
2026-08-07 16:48:26.273 | DEBUG    | eval.evaluation.evaluation:metric_call:77 - metric_func_name exact_match score 1.0 msg exact match, response: 2013, target: 2013
2026-08-07 16:48:26.273 | DEBUG    | eval.evaluation.evaluation:metric_call:77 - metric_func_name exact_match score 1.0 msg exact match, response: 2015, target: 2015
2026-08-07 16:48:26.273 | DEBUG    | eval.evaluation.evaluation:metric_call:77 - metric_func_name exact_match score 1.0 msg exact match, response: 2015, target: 2015
2026-08-07 16:48:26.273 | DEBUG    | eval.evaluation.evaluation:metric_call:77 - metric_func_name exact_match score 1.0 msg exact match, response: 2015, target: 2015
2026-08-07 16:48:26.273 | DEBUG    | eval.evaluation.evaluation:metric_call:77 - metric_func_name exact_match score 1.0 msg exact match, response: 2018, target: 2018
2026-08-07 16:48:26.273 | DEBUG    | eval.evaluation.evaluation:metric_call:77 - metric_func_name exact_match score 1.0 msg exact match, response: 2018, target: 2018
2026-08-07 16:48:26.273 | DEBUG    | eval.evaluation.evaluation:metric_call:77 - metric_func_name exact_match score 1.0 msg exact match, response: 2018, target: 2018
2026-08-07 16:48:26.273 | DEBUG    | eval.evaluation.evaluation:metric_call:77 - metric_func_name exact_match score 1.0 msg exact match, response: 2020, target: 2020
2026-08-07 16:48:26.274 | DEBUG    | eval.evaluation.evaluation:metric_call:77 - metric_func_name exact_match score 1.0 msg exact match, response: 2020, target: 2020
2026-08-07 16:48:26.274 | DEBUG    | eval.evaluation.evaluation:metric_call:77 - metric_func_name exact_match score 1.0 msg exact match, response: 2022, target: 2022
2026-08-07 16:48:26.274 | DEBUG    | eval.evaluation.evaluation:metric_call:77 - metric_func_name exact_match score 1.0 msg exact match, response: 2022, target: 2022
2026-08-07 16:48:26.274 | DEBUG    | eval.evaluation.evaluation:metric_call:77 - metric_func_name exact_match score 1.0 msg exact match, response: 2022, target: 2022
2026-08-07 16:48:26.274 | DEBUG    | eval.evaluation.evaluation:metric_call:77 - metric_func_name exact_match score 1.0 msg exact match, response: 2024, target: 2024
2026-08-07 16:48:26.274 | DEBUG    | eval.evaluation.evaluation:metric_call:77 - metric_func_name exact_match score 1.0 msg exact match, response: 2024, target: 2024
2026-08-07 16:48:26.274 | DEBUG    | eval.evaluation.evaluation:metric_call:77 - metric_func_name exact_match score 1.0 msg exact match, response: 2024, target: 2024
2026-08-07 16:48:26.274 | DEBUG    | eval.evaluation.evaluation:evaluate_single_query:321 - wide2deep_ws_zh_023, col 获奖年份, metric_func_name exact_match, score [1.0, 1.0, 1.0, 1.0, 1.0, 1.0, 1.0, 1.0, 1.0, 1.0, 1.0, 1.0, 1.0, 1.0, 1.0, 1.0, 1.0, 1.0, 1.0, 1.0, 1.0, 1.0, 1.0, 1.0, 1.0, 1.0, 1.0, 1.0, 1.0, 1.0, 1.0, 1.0, 1.0, 1.0, 1.0, 1.0, 1.0, 1.0, 1.0, 1.0, 1.0, 1.0, 1.0, 1.0, 1.0, 1.0, 1.0]
2026-08-07 16:48:26.275 | DEBUG    | eval.evaluation.evaluation:metric_call:77 - metric_func_name exact_match score 1.0 msg exact match, response: selmalagerlöf, target: selmalagerlöf
2026-08-07 16:48:26.275 | DEBUG    | eval.evaluation.evaluation:metric_call:77 - metric_func_name exact_match score 1.0 msg exact match, response: selmalagerlöf, target: selmalagerlöf
2026-08-07 16:48:26.275 | DEBUG    | eval.evaluation.evaluation:metric_call:77 - metric_func_name exact_match score 1.0 msg exact match, response: selmalagerlöf, target: selmalagerlöf
2026-08-07 16:48:26.275 | DEBUG    | eval.evaluation.evaluation:metric_call:77 - metric_func_name exact_match score 1.0 msg exact match, response: graziadeledda, target: graziadeledda
2026-08-07 16:48:26.275 | DEBUG    | eval.evaluation.evaluation:metric_call:77 - metric_func_name exact_match score 1.0 msg exact match, response: graziadeledda, target: graziadeledda
2026-08-07 16:48:26.275 | DEBUG    | eval.evaluation.evaluation:metric_call:77 - metric_func_name exact_match score 1.0 msg exact match, response: graziadeledda, target: graziadeledda
2026-08-07 16:48:26.275 | DEBUG    | eval.evaluation.evaluation:metric_call:77 - metric_func_name exact_match score 1.0 msg exact match, response: sigridundset, target: sigridundset
2026-08-07 16:48:26.275 | DEBUG    | eval.evaluation.evaluation:metric_call:77 - metric_func_name exact_match score 1.0 msg exact match, response: sigridundset, target: sigridundset
2026-08-07 16:48:26.275 | DEBUG    | eval.evaluation.evaluation:metric_call:77 - metric_func_name exact_match score 1.0 msg exact match, response: sigridundset, target: sigridundset
2026-08-07 16:48:26.275 | DEBUG    | eval.evaluation.evaluation:metric_call:77 - metric_func_name exact_match score 1.0 msg exact match, response: gabrielamistral, target: gabrielamistral
2026-08-07 16:48:26.275 | DEBUG    | eval.evaluation.evaluation:metric_call:77 - metric_func_name exact_match score 1.0 msg exact match, response: gabrielamistral, target: gabrielamistral
2026-08-07 16:48:26.275 | DEBUG    | eval.evaluation.evaluation:metric_call:77 - metric_func_name exact_match score 1.0 msg exact match, response: nellysachs, target: nellysachs
2026-08-07 16:48:26.275 | DEBUG    | eval.evaluation.evaluation:metric_call:77 - metric_func_name exact_match score 1.0 msg exact match, response: nellysachs, target: nellysachs
2026-08-07 16:48:26.275 | DEBUG    | eval.evaluation.evaluation:metric_call:77 - metric_func_name exact_match score 1.0 msg exact match, response: nellysachs, target: nellysachs
2026-08-07 16:48:26.275 | DEBUG    | eval.evaluation.evaluation:metric_call:77 - metric_func_name exact_match score 1.0 msg exact match, response: nadinegordimer, target: nadinegordimer
2026-08-07 16:48:26.275 | DEBUG    | eval.evaluation.evaluation:metric_call:77 - metric_func_name exact_match score 1.0 msg exact match, response: nadinegordimer, target: nadinegordimer
2026-08-07 16:48:26.275 | DEBUG    | eval.evaluation.evaluation:metric_call:77 - metric_func_name exact_match score 1.0 msg exact match, response: tonimorrison, target: tonimorrison
2026-08-07 16:48:26.275 | DEBUG    | eval.evaluation.evaluation:metric_call:77 - metric_func_name exact_match score 1.0 msg exact match, response: tonimorrison, target: tonimorrison
2026-08-07 16:48:26.275 | DEBUG    | eval.evaluation.evaluation:metric_call:77 - metric_func_name exact_match score 0.0 msg exact not match, response: wisławaszymborska, target: wislawaszymborska
2026-08-07 16:48:26.275 | DEBUG    | eval.evaluation.evaluation:metric_call:77 - metric_func_name exact_match score 0.0 msg exact not match, response: wisławaszymborska, target: wislawaszymborska
2026-08-07 16:48:26.275 | DEBUG    | eval.evaluation.evaluation:metric_call:77 - metric_func_name exact_match score 0.0 msg exact not match, response: wisławaszymborska, target: wislawaszymborska
2026-08-07 16:48:26.275 | DEBUG    | eval.evaluation.evaluation:metric_call:77 - metric_func_name exact_match score 1.0 msg exact match, response: elfriedejelinek, target: elfriedejelinek
2026-08-07 16:48:26.276 | DEBUG    | eval.evaluation.evaluation:metric_call:77 - metric_func_name exact_match score 1.0 msg exact match, response: elfriedejelinek, target: elfriedejelinek
2026-08-07 16:48:26.276 | DEBUG    | eval.evaluation.evaluation:metric_call:77 - metric_func_name exact_match score 1.0 msg exact match, response: elfriedejelinek, target: elfriedejelinek
2026-08-07 16:48:26.276 | DEBUG    | eval.evaluation.evaluation:metric_call:77 - metric_func_name exact_match score 1.0 msg exact match, response: dorislessing, target: dorislessing
2026-08-07 16:48:26.276 | DEBUG    | eval.evaluation.evaluation:metric_call:77 - metric_func_name exact_match score 1.0 msg exact match, response: dorislessing, target: dorislessing
2026-08-07 16:48:26.276 | DEBUG    | eval.evaluation.evaluation:metric_call:77 - metric_func_name exact_match score 1.0 msg exact match, response: dorislessing, target: dorislessing
2026-08-07 16:48:26.276 | DEBUG    | eval.evaluation.evaluation:metric_call:77 - metric_func_name exact_match score 1.0 msg exact match, response: hertamüller, target: hertamüller
2026-08-07 16:48:26.276 | DEBUG    | eval.evaluation.evaluation:metric_call:77 - metric_func_name exact_match score 1.0 msg exact match, response: hertamüller, target: hertamüller
2026-08-07 16:48:26.276 | DEBUG    | eval.evaluation.evaluation:metric_call:77 - metric_func_name exact_match score 1.0 msg exact match, response: hertamüller, target: hertamüller
2026-08-07 16:48:26.276 | DEBUG    | eval.evaluation.evaluation:metric_call:77 - metric_func_name exact_match score 1.0 msg exact match, response: alicemunro, target: alicemunro
2026-08-07 16:48:26.276 | DEBUG    | eval.evaluation.evaluation:metric_call:77 - metric_func_name exact_match score 1.0 msg exact match, response: alicemunro, target: alicemunro
2026-08-07 16:48:26.276 | DEBUG    | eval.evaluation.evaluation:metric_call:77 - metric_func_name exact_match score 1.0 msg exact match, response: alicemunro, target: alicemunro
2026-08-07 16:48:26.276 | DEBUG    | eval.evaluation.evaluation:metric_call:77 - metric_func_name exact_match score 0.0 msg exact not match, response: светланаалексиевич, target: svetlanaalexievich
2026-08-07 16:48:26.276 | DEBUG    | eval.evaluation.evaluation:metric_call:77 - metric_func_name exact_match score 0.0 msg exact not match, response: светланаалексиевич, target: svetlanaalexievich
2026-08-07 16:48:26.276 | DEBUG    | eval.evaluation.evaluation:metric_call:77 - metric_func_name exact_match score 0.0 msg exact not match, response: светланаалексиевич, target: svetlanaalexievich
2026-08-07 16:48:26.276 | DEBUG    | eval.evaluation.evaluation:metric_call:77 - metric_func_name exact_match score 1.0 msg exact match, response: olgatokarczuk, target: olgatokarczuk
2026-08-07 16:48:26.276 | DEBUG    | eval.evaluation.evaluation:metric_call:77 - metric_func_name exact_match score 1.0 msg exact match, response: olgatokarczuk, target: olgatokarczuk
2026-08-07 16:48:26.276 | DEBUG    | eval.evaluation.evaluation:metric_call:77 - metric_func_name exact_match score 1.0 msg exact match, response: olgatokarczuk, target: olgatokarczuk
2026-08-07 16:48:26.276 | DEBUG    | eval.evaluation.evaluation:metric_call:77 - metric_func_name exact_match score 1.0 msg exact match, response: louiseglück, target: louiseglück
2026-08-07 16:48:26.276 | DEBUG    | eval.evaluation.evaluation:metric_call:77 - metric_func_name exact_match score 1.0 msg exact match, response: louiseglück, target: louiseglück
2026-08-07 16:48:26.276 | DEBUG    | eval.evaluation.evaluation:metric_call:77 - metric_func_name exact_match score 1.0 msg exact match, response: annieernaux, target: annieernaux
2026-08-07 16:48:26.276 | DEBUG    | eval.evaluation.evaluation:metric_call:77 - metric_func_name exact_match score 1.0 msg exact match, response: annieernaux, target: annieernaux
2026-08-07 16:48:26.276 | DEBUG    | eval.evaluation.evaluation:metric_call:77 - metric_func_name exact_match score 1.0 msg exact match, response: annieernaux, target: annieernaux
2026-08-07 16:48:26.276 | DEBUG    | eval.evaluation.evaluation:metric_call:77 - metric_func_name exact_match score 1.0 msg exact match, response: 한강, target: 한강
2026-08-07 16:48:26.276 | DEBUG    | eval.evaluation.evaluation:metric_call:77 - metric_func_name exact_match score 1.0 msg exact match, response: 한강, target: 한강
2026-08-07 16:48:26.276 | DEBUG    | eval.evaluation.evaluation:metric_call:77 - metric_func_name exact_match score 1.0 msg exact match, response: 한강, target: 한강
2026-08-07 16:48:26.277 | DEBUG    | eval.evaluation.evaluation:evaluate_single_query:321 - wide2deep_ws_zh_023, col 姓名, metric_func_name exact_match, score [1.0, 1.0, 1.0, 1.0, 1.0, 1.0, 1.0, 1.0, 1.0, 1.0, 1.0, 1.0, 1.0, 1.0, 1.0, 1.0, 1.0, 1.0, 0.0, 0.0, 0.0, 1.0, 1.0, 1.0, 1.0, 1.0, 1.0, 1.0, 1.0, 1.0, 1.0, 1.0, 1.0, 0.0, 0.0, 0.0, 1.0, 1.0, 1.0, 1.0, 1.0, 1.0, 1.0, 1.0, 1.0, 1.0, 1.0]
2026-08-07 16:48:26.278 | DEBUG    | eval.evaluation.evaluation:metric_call:77 - metric_func_name exact_match score 1.0 msg exact match, response: 1891, target: 1891
2026-08-07 16:48:26.278 | DEBUG    | eval.evaluation.evaluation:metric_call:77 - metric_func_name exact_match score 1.0 msg exact match, response: 1894, target: 1894
2026-08-07 16:48:26.278 | DEBUG    | eval.evaluation.evaluation:metric_call:77 - metric_func_name exact_match score 1.0 msg exact match, response: 1897, target: 1897
2026-08-07 16:48:26.278 | DEBUG    | eval.evaluation.evaluation:metric_call:77 - metric_func_name exact_match score 1.0 msg exact match, response: 1890, target: 1890
2026-08-07 16:48:26.278 | DEBUG    | eval.evaluation.evaluation:metric_call:77 - metric_func_name exact_match score 1.0 msg exact match, response: 1890, target: 1890
2026-08-07 16:48:26.278 | DEBUG    | eval.evaluation.evaluation:metric_call:77 - metric_func_name exact_match score 0.0 msg exact not match, response: 1892, target: 1891
2026-08-07 16:48:26.278 | DEBUG    | eval.evaluation.evaluation:metric_call:77 - metric_func_name exact_match score 1.0 msg exact match, response: 1907, target: 1907
2026-08-07 16:48:26.278 | DEBUG    | eval.evaluation.evaluation:metric_call:77 - metric_func_name exact_match score 1.0 msg exact match, response: 1908, target: 1908
2026-08-07 16:48:26.278 | DEBUG    | eval.evaluation.evaluation:metric_call:77 - metric_func_name exact_match score 1.0 msg exact match, response: 1909, target: 1909
2026-08-07 16:48:26.278 | DEBUG    | eval.evaluation.evaluation:metric_call:77 - metric_func_name exact_match score 1.0 msg exact match, response: 1922, target: 1922
2026-08-07 16:48:26.278 | DEBUG    | eval.evaluation.evaluation:metric_call:77 - metric_func_name exact_match score 1.0 msg exact match, response: 1923, target: 1923
2026-08-07 16:48:26.278 | DEBUG    | eval.evaluation.evaluation:metric_call:77 - metric_func_name exact_match score 1.0 msg exact match, response: 1921, target: 1921
2026-08-07 16:48:26.278 | DEBUG    | eval.evaluation.evaluation:metric_call:77 - metric_func_name exact_match score 1.0 msg exact match, response: 1947, target: 1947
2026-08-07 16:48:26.278 | DEBUG    | eval.evaluation.evaluation:metric_call:77 - metric_func_name exact_match score 1.0 msg exact match, response: 1949, target: 1949
2026-08-07 16:48:26.278 | DEBUG    | eval.evaluation.evaluation:metric_call:77 - metric_func_name exact_match score 1.0 msg exact match, response: 1949, target: 1949
2026-08-07 16:48:26.278 | DEBUG    | eval.evaluation.evaluation:metric_call:77 - metric_func_name exact_match score 1.0 msg exact match, response: 1953, target: 1953
2026-08-07 16:48:26.278 | DEBUG    | eval.evaluation.evaluation:metric_call:77 - metric_func_name exact_match score 1.0 msg exact match, response: 1970, target: 1970
2026-08-07 16:48:26.278 | DEBUG    | eval.evaluation.evaluation:metric_call:77 - metric_func_name exact_match score 1.0 msg exact match, response: 1973, target: 1973
2026-08-07 16:48:26.278 | DEBUG    | eval.evaluation.evaluation:metric_call:77 - metric_func_name exact_match score 1.0 msg exact match, response: 1952, target: 1952
2026-08-07 16:48:26.278 | DEBUG    | eval.evaluation.evaluation:metric_call:77 - metric_func_name exact_match score 1.0 msg exact match, response: 1954, target: 1954
2026-08-07 16:48:26.278 | DEBUG    | eval.evaluation.evaluation:metric_call:77 - metric_func_name exact_match score 1.0 msg exact match, response: 1957, target: 1957
2026-08-07 16:48:26.278 | DEBUG    | eval.evaluation.evaluation:metric_call:77 - metric_func_name exact_match score 1.0 msg exact match, response: 1967, target: 1967
2026-08-07 16:48:26.278 | DEBUG    | eval.evaluation.evaluation:metric_call:77 - metric_func_name exact_match score 1.0 msg exact match, response: 1970, target: 1970
2026-08-07 16:48:26.278 | DEBUG    | eval.evaluation.evaluation:metric_call:77 - metric_func_name exact_match score 1.0 msg exact match, response: 1972, target: 1972
2026-08-07 16:48:26.278 | DEBUG    | eval.evaluation.evaluation:metric_call:77 - metric_func_name exact_match score 1.0 msg exact match, response: 1950, target: 1950
2026-08-07 16:48:26.278 | DEBUG    | eval.evaluation.evaluation:metric_call:77 - metric_func_name exact_match score 1.0 msg exact match, response: 1951, target: 1951
2026-08-07 16:48:26.278 | DEBUG    | eval.evaluation.evaluation:metric_call:77 - metric_func_name exact_match score 1.0 msg exact match, response: 1952, target: 1952
2026-08-07 16:48:26.278 | DEBUG    | eval.evaluation.evaluation:metric_call:77 - metric_func_name exact_match score 1.0 msg exact match, response: 1982, target: 1982
2026-08-07 16:48:26.279 | DEBUG    | eval.evaluation.evaluation:metric_call:77 - metric_func_name exact_match score 1.0 msg exact match, response: 1984, target: 1984
2026-08-07 16:48:26.279 | DEBUG    | eval.evaluation.evaluation:metric_call:77 - metric_func_name exact_match score 1.0 msg exact match, response: 1986, target: 1986
2026-08-07 16:48:26.279 | DEBUG    | eval.evaluation.evaluation:metric_call:77 - metric_func_name exact_match score 1.0 msg exact match, response: 1968, target: 1968
2026-08-07 16:48:26.279 | DEBUG    | eval.evaluation.evaluation:metric_call:77 - metric_func_name exact_match score 1.0 msg exact match, response: 1971, target: 1971
2026-08-07 16:48:26.279 | DEBUG    | eval.evaluation.evaluation:metric_call:77 - metric_func_name exact_match score 1.0 msg exact match, response: 1974, target: 1974
2026-08-07 16:48:26.279 | DEBUG    | eval.evaluation.evaluation:metric_call:77 - metric_func_name exact_match score 1.0 msg exact match, response: 1985, target: 1985
2026-08-07 16:48:26.279 | DEBUG    | eval.evaluation.evaluation:metric_call:77 - metric_func_name exact_match score 1.0 msg exact match, response: 1985, target: 1985
2026-08-07 16:48:26.279 | DEBUG    | eval.evaluation.evaluation:metric_call:77 - metric_func_name exact_match score 0.0 msg exact not match, response: 1989, target: 1992
2026-08-07 16:48:26.279 | DEBUG    | eval.evaluation.evaluation:metric_call:77 - metric_func_name exact_match score 1.0 msg exact match, response: 1989, target: 1989
2026-08-07 16:48:26.279 | DEBUG    | eval.evaluation.evaluation:metric_call:77 - metric_func_name exact_match score 1.0 msg exact match, response: 1993, target: 1993
2026-08-07 16:48:26.279 | DEBUG    | eval.evaluation.evaluation:metric_call:77 - metric_func_name exact_match score 1.0 msg exact match, response: 1995, target: 1995
2026-08-07 16:48:26.279 | DEBUG    | eval.evaluation.evaluation:metric_call:77 - metric_func_name exact_match score 1.0 msg exact match, response: 1968, target: 1968
2026-08-07 16:48:26.279 | DEBUG    | eval.evaluation.evaluation:metric_call:77 - metric_func_name exact_match score 1.0 msg exact match, response: 1975, target: 1975
2026-08-07 16:48:26.279 | DEBUG    | eval.evaluation.evaluation:metric_call:77 - metric_func_name exact_match score 1.0 msg exact match, response: 1974, target: 1974
2026-08-07 16:48:26.279 | DEBUG    | eval.evaluation.evaluation:metric_call:77 - metric_func_name exact_match score 1.0 msg exact match, response: 1977, target: 1977
2026-08-07 16:48:26.279 | DEBUG    | eval.evaluation.evaluation:metric_call:77 - metric_func_name exact_match score 1.0 msg exact match, response: 1981, target: 1981
2026-08-07 16:48:26.279 | DEBUG    | eval.evaluation.evaluation:metric_call:77 - metric_func_name exact_match score 1.0 msg exact match, response: 1995, target: 1995
2026-08-07 16:48:26.279 | DEBUG    | eval.evaluation.evaluation:metric_call:77 - metric_func_name exact_match score 1.0 msg exact match, response: 1998, target: 1998
2026-08-07 16:48:26.279 | DEBUG    | eval.evaluation.evaluation:metric_call:77 - metric_func_name exact_match score 1.0 msg exact match, response: 2000, target: 2000
2026-08-07 16:48:26.280 | DEBUG    | eval.evaluation.evaluation:evaluate_single_query:321 - wide2deep_ws_zh_023, col 首次出版年份, metric_func_name exact_match, score [1.0, 1.0, 1.0, 1.0, 1.0, 0.0, 1.0, 1.0, 1.0, 1.0, 1.0, 1.0, 1.0, 1.0, 1.0, 1.0, 1.0, 1.0, 1.0, 1.0, 1.0, 1.0, 1.0, 1.0, 1.0, 1.0, 1.0, 1.0, 1.0, 1.0, 1.0, 1.0, 1.0, 1.0, 1.0, 0.0, 1.0, 1.0, 1.0, 1.0, 1.0, 1.0, 1.0, 1.0, 1.0, 1.0, 1.0]
2026-08-07 16:48:26.284 | INFO     | eval.evaluation.evaluation:evaluate_single_query:380 - wide2deep_ws_zh_023, P/R/F1 by unique_columns: 0.8704/0.8704/0.8704
2026-08-07 16:48:26.284 | INFO     | eval.evaluation.evaluation:evaluate_single_query:383 - wide2deep_ws_zh_023, P/R/F1 by row: 0.7407/0.7407/0.7407
2026-08-07 16:48:26.284 | INFO     | eval.evaluation.evaluation:evaluate_single_query:386 - wide2deep_ws_zh_023, P/R/F1 by item: 0.8333/0.8333/0.8333
2026-08-07 16:48:26.288 | INFO     | eval.evaluation.evaluation:evaluate_single_query:398 - wide2deep_ws_zh_023, final table score: 0.0
{"event": "eval_done", "idx": 3, "instance_id": "wide2deep_ws_zh_023", "score": 0.0, "entity_acc": 1.0, "f1_by_row": 0.7407407407407407, "f1_by_item": 0.8333333333333334, "column_f1": 0.8703703703703703, "error": null, "elapsed_seconds": 15.111, "running_n": 3}
2026-08-07 16:48:28.348 | DEBUG    | eval.evaluation.data_loader:extract_dataframe:167 - find markdown_str 
| 歌曲名称 | 填词人 | 编曲人 | 发行时间 | 所属专辑 | 歌曲时长 |
| --- | --- | --- | - ...
2026-08-07 16:48:36.384 | INFO     | eval.evaluation.metric_utils:primary_key_preprocess:246 - primary_key_preprocess result: ```json
{
  "我的地盘": "我的地盘",
  "七里香": "七里香",
  "借口": "借口",
  "外婆": "外婆",
  "将军": "将军",
  "搁浅": "搁浅",
  "乱舞春秋": "乱舞春秋",
  "困兽之斗": "困兽之斗",
  "园游会": "园游会",
  "止战之殇": "止战之殇",
  "夜曲": "夜曲",
  "蓝色风暴": "蓝色风暴",
  "发如雪": "发如雪",
  "黑色毛衣": "黑色毛衣",
  "四面楚歌": "四面楚歌",
  "枫": "枫",
  "浪漫手机": "浪漫手机",
  "逆鳞": "逆鳞",
  "麦芽糖": "麦芽糖",
  "珊瑚海": "珊瑚海",
  "飘移": "飘移",
  "一路向北": "一路向北",
  "夜的第七章": "夜的第七章",
  "听妈妈的话": "听妈妈的话",
  "千里之外": "千里之外",
  "本草纲目": "本草纲目",
  "退后": "退后",
  "红模仿": "红模仿",
  "心雨": "心雨",
  "白色风车": "白色风车",
  "迷迭香": "迷迭香",
  "菊花台": "菊花台",
  "牛仔很忙": "牛仔很忙",
  "彩虹": "彩虹",
  "青花瓷": "青花瓷",
  "阳光宅男": "阳光宅男",
  "蒲公英的约定": "蒲公英的约定",
  "无双": "无双",
  "我不配": "我不配",
  "扯": "扯",
  "甜甜的": "甜甜的",
  "最长的电影": "最长的电影",
  "龙战骑士": "龙战骑士",
  "给我一首歌的时间": "给我一首歌的时间",
  "蛇舞": "蛇舞",
  "花海": "花海",
  "魔术先生": "魔术先生",
  "说好的幸福呢": "说好的幸福呢",
  "兰亭序": "兰亭序",
  "流浪诗人": "流浪诗人",
  "时光机": "时光机",
  "乔克叔叔": "乔克叔叔",
  "稻香": "稻香",
  "跨时代": "跨时代",
  "说了再见": "说了再见",
  "烟花易冷": "烟花易冷",
  "免费教学录像带": "免费教学录影带",
  "好久不见": "好久不见",
  "雨下一整晚": "雨下一整晚",
  "嘻哈空姐": "嘻哈空姐",
  "我落泪·情绪零碎": "我落泪情绪零碎",
  "爱的飞行日记": "爱的飞行日记",
  "自导自演": "自导自演",
  "超人不会飞": "超人不会飞"
}
```
2026-08-07 16:48:36.384 | INFO     | eval.evaluation.evaluation:evaluate_single_query:223 - col: 歌曲名称, primary_key_map {'我的地盘': '我的地盘', '七里香': '七里香', '借口': '借口', '外婆': '外婆', '将军': '将军', '搁浅': '搁浅', '乱舞春秋': '乱舞春秋', '困兽之斗': '困兽之斗', '园游会': '园游会', '止战之殇': '止战之殇', '夜曲': '夜曲', '蓝色风暴': '蓝色风暴', '发如雪': '发如雪', '黑色毛衣': '黑色毛衣', '四面楚歌': '四面楚歌', '枫': '枫', '浪漫手机': '浪漫手机', '逆鳞': '逆鳞', '麦芽糖': '麦芽糖', '珊瑚海': '珊瑚海', '飘移': '飘移', '一路向北': '一路向北', '夜的第七章': '夜的第七章', '听妈妈的话': '听妈妈的话', '千里之外': '千里之外', '本草纲目': '本草纲目', '退后': '退后', '红模仿': '红模仿', '心雨': '心雨', '白色风车': '白色风车', '迷迭香': '迷迭香', '菊花台': '菊花台', '牛仔很忙': '牛仔很忙', '彩虹': '彩虹', '青花瓷': '青花瓷', '阳光宅男': '阳光宅男', '蒲公英的约定': '蒲公英的约定', '无双': '无双', '我不配': '我不配', '扯': '扯', '甜甜的': '甜甜的', '最长的电影': '最长的电影', '龙战骑士': '龙战骑士', '给我一首歌的时间': '给我一首歌的时间', '蛇舞': '蛇舞', '花海': '花海', '魔术先生': '魔术先生', '说好的幸福呢': '说好的幸福呢', '兰亭序': '兰亭序', '流浪诗人': '流浪诗人', '时光机': '时光机', '乔克叔叔': '乔克叔叔', '稻香': '稻香', '跨时代': '跨时代', '说了再见': '说了再见', '烟花易冷': '烟花易冷', '免费教学录像带': '免费教学录影带', '好久不见': '好久不见', '雨下一整晚': '雨下一整晚', '嘻哈空姐': '嘻哈空姐', '我落泪·情绪零碎': '我落泪情绪零碎', '爱的飞行日记': '爱的飞行日记', '自导自演': '自导自演', '超人不会飞': '超人不会飞'}
2026-08-07 16:48:36.391 | INFO     | eval.evaluation.evaluation:evaluate_single_query:275 - wide2deep_ws_zh_030, df_inner shape: (64, 12), answer_df shape: (64, 6), response_df shape: (64, 7)
2026-08-07 16:48:41.115 | DEBUG    | eval.evaluation.evaluation:evaluate_single_query:321 - wide2deep_ws_zh_030, col 填词人, metric_func_name llm_judge, score [1, 1, 1, 1, 1, 1, 1, 1, 1, 1, 1, 1, 1, 1, 1, 1, 1, 1, 1, 1, 1, 1, 1, 1, 1, 1, 1, 1, 1, 1, 1, 1, 1, 1, 1, 1, 1, 1, 1, 1, 1, 1, 1, 1, 1, 1, 1, 1, 1, 1, 1, 1, 1, 1, 1, 1, 1, 1, 1, 1, 1, 1, 1, 1]
2026-08-07 16:48:45.354 | DEBUG    | eval.evaluation.evaluation:evaluate_single_query:321 - wide2deep_ws_zh_030, col 编曲人, metric_func_name llm_judge, score [1, 1, 1, 1, 1, 1, 1, 1, 1, 1, 1, 1, 1, 1, 1, 1, 1, 1, 1, 1, 1, 1, 1, 1, 1, 1, 1, 1, 1, 1, 1, 1, 1, 1, 1, 1, 1, 1, 1, 1, 1, 1, 1, 1, 1, 1, 1, 1, 1, 1, 1, 1, 1, 1, 1, 1, 1, 1, 1, 1, 1, 1, 1, 1]
2026-08-07 16:48:45.354 | DEBUG    | eval.evaluation.evaluation:metric_call:77 - metric_func_name exact_match score 1.0 msg exact match, response: 2004/08/03, target: 2004/08/03
2026-08-07 16:48:45.355 | DEBUG    | eval.evaluation.evaluation:metric_call:77 - metric_func_name exact_match score 1.0 msg exact match, response: 2004/08/03, target: 2004/08/03
2026-08-07 16:48:45.355 | DEBUG    | eval.evaluation.evaluation:metric_call:77 - metric_func_name exact_match score 1.0 msg exact match, response: 2004/08/03, target: 2004/08/03
2026-08-07 16:48:45.355 | DEBUG    | eval.evaluation.evaluation:metric_call:77 - metric_func_name exact_match score 1.0 msg exact match, response: 2004/08/03, target: 2004/08/03
2026-08-07 16:48:45.355 | DEBUG    | eval.evaluation.evaluation:metric_call:77 - metric_func_name exact_match score 1.0 msg exact match, response: 2004/08/03, target: 2004/08/03
2026-08-07 16:48:45.355 | DEBUG    | eval.evaluation.evaluation:metric_call:77 - metric_func_name exact_match score 1.0 msg exact match, response: 2004/08/03, target: 2004/08/03
2026-08-07 16:48:45.355 | DEBUG    | eval.evaluation.evaluation:metric_call:77 - metric_func_name exact_match score 1.0 msg exact match, response: 2004/08/03, target: 2004/08/03
2026-08-07 16:48:45.355 | DEBUG    | eval.evaluation.evaluation:metric_call:77 - metric_func_name exact_match score 1.0 msg exact match, response: 2004/08/03, target: 2004/08/03
2026-08-07 16:48:45.355 | DEBUG    | eval.evaluation.evaluation:metric_call:77 - metric_func_name exact_match score 1.0 msg exact match, response: 2004/08/03, target: 2004/08/03
2026-08-07 16:48:45.355 | DEBUG    | eval.evaluation.evaluation:metric_call:77 - metric_func_name exact_match score 1.0 msg exact match, response: 2004/08/03, target: 2004/08/03
2026-08-07 16:48:45.355 | DEBUG    | eval.evaluation.evaluation:metric_call:77 - metric_func_name exact_match score 1.0 msg exact match, response: 2005/11/01, target: 2005/11/01
2026-08-07 16:48:45.355 | DEBUG    | eval.evaluation.evaluation:metric_call:77 - metric_func_name exact_match score 1.0 msg exact match, response: 2005/11/01, target: 2005/11/01
2026-08-07 16:48:45.355 | DEBUG    | eval.evaluation.evaluation:metric_call:77 - metric_func_name exact_match score 1.0 msg exact match, response: 2005/11/01, target: 2005/11/01
2026-08-07 16:48:45.355 | DEBUG    | eval.evaluation.evaluation:metric_call:77 - metric_func_name exact_match score 1.0 msg exact match, response: 2005/11/01, target: 2005/11/01
2026-08-07 16:48:45.355 | DEBUG    | eval.evaluation.evaluation:metric_call:77 - metric_func_name exact_match score 1.0 msg exact match, response: 2005/11/01, target: 2005/11/01
2026-08-07 16:48:45.355 | DEBUG    | eval.evaluation.evaluation:metric_call:77 - metric_func_name exact_match score 1.0 msg exact match, response: 2005/11/01, target: 2005/11/01
2026-08-07 16:48:45.355 | DEBUG    | eval.evaluation.evaluation:metric_call:77 - metric_func_name exact_match score 1.0 msg exact match, response: 2005/11/01, target: 2005/11/01
2026-08-07 16:48:45.355 | DEBUG    | eval.evaluation.evaluation:metric_call:77 - metric_func_name exact_match score 1.0 msg exact match, response: 2005/11/01, target: 2005/11/01
2026-08-07 16:48:45.355 | DEBUG    | eval.evaluation.evaluation:metric_call:77 - metric_func_name exact_match score 1.0 msg exact match, response: 2005/11/01, target: 2005/11/01
2026-08-07 16:48:45.355 | DEBUG    | eval.evaluation.evaluation:metric_call:77 - metric_func_name exact_match score 1.0 msg exact match, response: 2005/11/01, target: 2005/11/01
2026-08-07 16:48:45.355 | DEBUG    | eval.evaluation.evaluation:metric_call:77 - metric_func_name exact_match score 1.0 msg exact match, response: 2005/11/01, target: 2005/11/01
2026-08-07 16:48:45.355 | DEBUG    | eval.evaluation.evaluation:metric_call:77 - metric_func_name exact_match score 1.0 msg exact match, response: 2005/11/01, target: 2005/11/01
2026-08-07 16:48:45.355 | DEBUG    | eval.evaluation.evaluation:metric_call:77 - metric_func_name exact_match score 1.0 msg exact match, response: 2006/09/05, target: 2006/09/05
2026-08-07 16:48:45.355 | DEBUG    | eval.evaluation.evaluation:metric_call:77 - metric_func_name exact_match score 1.0 msg exact match, response: 2006/09/05, target: 2006/09/05
2026-08-07 16:48:45.355 | DEBUG    | eval.evaluation.evaluation:metric_call:77 - metric_func_name exact_match score 1.0 msg exact match, response: 2006/09/05, target: 2006/09/05
2026-08-07 16:48:45.355 | DEBUG    | eval.evaluation.evaluation:metric_call:77 - metric_func_name exact_match score 1.0 msg exact match, response: 2006/09/05, target: 2006/09/05
2026-08-07 16:48:45.355 | DEBUG    | eval.evaluation.evaluation:metric_call:77 - metric_func_name exact_match score 1.0 msg exact match, response: 2006/09/05, target: 2006/09/05
2026-08-07 16:48:45.355 | DEBUG    | eval.evaluation.evaluation:metric_call:77 - metric_func_name exact_match score 1.0 msg exact match, response: 2006/09/05, target: 2006/09/05
2026-08-07 16:48:45.355 | DEBUG    | eval.evaluation.evaluation:metric_call:77 - metric_func_name exact_match score 1.0 msg exact match, response: 2006/09/05, target: 2006/09/05
2026-08-07 16:48:45.356 | DEBUG    | eval.evaluation.evaluation:metric_call:77 - metric_func_name exact_match score 1.0 msg exact match, response: 2006/09/05, target: 2006/09/05
2026-08-07 16:48:45.356 | DEBUG    | eval.evaluation.evaluation:metric_call:77 - metric_func_name exact_match score 1.0 msg exact match, response: 2006/09/05, target: 2006/09/05
2026-08-07 16:48:45.356 | DEBUG    | eval.evaluation.evaluation:metric_call:77 - metric_func_name exact_match score 1.0 msg exact match, response: 2006/09/05, target: 2006/09/05
2026-08-07 16:48:45.356 | DEBUG    | eval.evaluation.evaluation:metric_call:77 - metric_func_name exact_match score 1.0 msg exact match, response: 2007/11/02, target: 2007/11/02
2026-08-07 16:48:45.356 | DEBUG    | eval.evaluation.evaluation:metric_call:77 - metric_func_name exact_match score 1.0 msg exact match, response: 2007/11/02, target: 2007/11/02
2026-08-07 16:48:45.356 | DEBUG    | eval.evaluation.evaluation:metric_call:77 - metric_func_name exact_match score 1.0 msg exact match, response: 2007/11/02, target: 2007/11/02
2026-08-07 16:48:45.356 | DEBUG    | eval.evaluation.evaluation:metric_call:77 - metric_func_name exact_match score 1.0 msg exact match, response: 2007/11/02, target: 2007/11/02
2026-08-07 16:48:45.356 | DEBUG    | eval.evaluation.evaluation:metric_call:77 - metric_func_name exact_match score 1.0 msg exact match, response: 2007/11/02, target: 2007/11/02
2026-08-07 16:48:45.356 | DEBUG    | eval.evaluation.evaluation:metric_call:77 - metric_func_name exact_match score 1.0 msg exact match, response: 2007/11/02, target: 2007/11/02
2026-08-07 16:48:45.356 | DEBUG    | eval.evaluation.evaluation:metric_call:77 - metric_func_name exact_match score 1.0 msg exact match, response: 2007/11/02, target: 2007/11/02
2026-08-07 16:48:45.356 | DEBUG    | eval.evaluation.evaluation:metric_call:77 - metric_func_name exact_match score 1.0 msg exact match, response: 2007/11/02, target: 2007/11/02
2026-08-07 16:48:45.356 | DEBUG    | eval.evaluation.evaluation:metric_call:77 - metric_func_name exact_match score 1.0 msg exact match, response: 2007/11/02, target: 2007/11/02
2026-08-07 16:48:45.356 | DEBUG    | eval.evaluation.evaluation:metric_call:77 - metric_func_name exact_match score 1.0 msg exact match, response: 2007/11/02, target: 2007/11/02
2026-08-07 16:48:45.356 | DEBUG    | eval.evaluation.evaluation:metric_call:77 - metric_func_name exact_match score 0.0 msg exact not match, response: 2008/10/14, target: 2008/10/15
2026-08-07 16:48:45.356 | DEBUG    | eval.evaluation.evaluation:metric_call:77 - metric_func_name exact_match score 0.0 msg exact not match, response: 2008/10/14, target: 2008/10/15
2026-08-07 16:48:45.356 | DEBUG    | eval.evaluation.evaluation:metric_call:77 - metric_func_name exact_match score 0.0 msg exact not match, response: 2008/10/14, target: 2008/10/15
2026-08-07 16:48:45.356 | DEBUG    | eval.evaluation.evaluation:metric_call:77 - metric_func_name exact_match score 0.0 msg exact not match, response: 2008/10/14, target: 2008/10/15
2026-08-07 16:48:45.356 | DEBUG    | eval.evaluation.evaluation:metric_call:77 - metric_func_name exact_match score 0.0 msg exact not match, response: 2008/10/14, target: 2008/10/15
2026-08-07 16:48:45.356 | DEBUG    | eval.evaluation.evaluation:metric_call:77 - metric_func_name exact_match score 0.0 msg exact not match, response: 2008/10/14, target: 2008/10/15
2026-08-07 16:48:45.356 | DEBUG    | eval.evaluation.evaluation:metric_call:77 - metric_func_name exact_match score 0.0 msg exact not match, response: 2008/10/14, target: 2008/10/15
2026-08-07 16:48:45.356 | DEBUG    | eval.evaluation.evaluation:metric_call:77 - metric_func_name exact_match score 0.0 msg exact not match, response: 2008/10/14, target: 2008/10/15
2026-08-07 16:48:45.356 | DEBUG    | eval.evaluation.evaluation:metric_call:77 - metric_func_name exact_match score 0.0 msg exact not match, response: 2008/10/14, target: 2008/10/15
2026-08-07 16:48:45.356 | DEBUG    | eval.evaluation.evaluation:metric_call:77 - metric_func_name exact_match score 0.0 msg exact not match, response: 2008/10/14, target: 2008/10/15
2026-08-07 16:48:45.356 | DEBUG    | eval.evaluation.evaluation:metric_call:77 - metric_func_name exact_match score 0.0 msg exact not match, response: 2008/10/14, target: 2008/10/15
2026-08-07 16:48:45.356 | DEBUG    | eval.evaluation.evaluation:metric_call:77 - metric_func_name exact_match score 1.0 msg exact match, response: 2010/05/18, target: 2010/05/18
2026-08-07 16:48:45.356 | DEBUG    | eval.evaluation.evaluation:metric_call:77 - metric_func_name exact_match score 1.0 msg exact match, response: 2010/05/18, target: 2010/05/18
2026-08-07 16:48:45.356 | DEBUG    | eval.evaluation.evaluation:metric_call:77 - metric_func_name exact_match score 1.0 msg exact match, response: 2010/05/18, target: 2010/05/18
2026-08-07 16:48:45.356 | DEBUG    | eval.evaluation.evaluation:metric_call:77 - metric_func_name exact_match score 1.0 msg exact match, response: 2010/05/18, target: 2010/05/18
2026-08-07 16:48:45.356 | DEBUG    | eval.evaluation.evaluation:metric_call:77 - metric_func_name exact_match score 1.0 msg exact match, response: 2010/05/18, target: 2010/05/18
2026-08-07 16:48:45.357 | DEBUG    | eval.evaluation.evaluation:metric_call:77 - metric_func_name exact_match score 1.0 msg exact match, response: 2010/05/18, target: 2010/05/18
2026-08-07 16:48:45.357 | DEBUG    | eval.evaluation.evaluation:metric_call:77 - metric_func_name exact_match score 1.0 msg exact match, response: 2010/05/18, target: 2010/05/18
2026-08-07 16:48:45.357 | DEBUG    | eval.evaluation.evaluation:metric_call:77 - metric_func_name exact_match score 1.0 msg exact match, response: 2010/05/18, target: 2010/05/18
2026-08-07 16:48:45.357 | DEBUG    | eval.evaluation.evaluation:metric_call:77 - metric_func_name exact_match score 1.0 msg exact match, response: 2010/05/18, target: 2010/05/18
2026-08-07 16:48:45.357 | DEBUG    | eval.evaluation.evaluation:metric_call:77 - metric_func_name exact_match score 1.0 msg exact match, response: 2010/05/18, target: 2010/05/18
2026-08-07 16:48:45.357 | DEBUG    | eval.evaluation.evaluation:metric_call:77 - metric_func_name exact_match score 1.0 msg exact match, response: 2010/05/18, target: 2010/05/18
2026-08-07 16:48:45.357 | DEBUG    | eval.evaluation.evaluation:evaluate_single_query:321 - wide2deep_ws_zh_030, col 发行时间, metric_func_name exact_match, score [1.0, 1.0, 1.0, 1.0, 1.0, 1.0, 1.0, 1.0, 1.0, 1.0, 1.0, 1.0, 1.0, 1.0, 1.0, 1.0, 1.0, 1.0, 1.0, 1.0, 1.0, 1.0, 1.0, 1.0, 1.0, 1.0, 1.0, 1.0, 1.0, 1.0, 1.0, 1.0, 1.0, 1.0, 1.0, 1.0, 1.0, 1.0, 1.0, 1.0, 1.0, 1.0, 0.0, 0.0, 0.0, 0.0, 0.0, 0.0, 0.0, 0.0, 0.0, 0.0, 0.0, 1.0, 1.0, 1.0, 1.0, 1.0, 1.0, 1.0, 1.0, 1.0, 1.0, 1.0]
2026-08-07 16:48:52.986 | DEBUG    | eval.evaluation.evaluation:evaluate_single_query:321 - wide2deep_ws_zh_030, col 所属专辑, metric_func_name llm_judge, score [1, 1, 1, 1, 1, 1, 1, 1, 1, 1, 1, 1, 1, 1, 1, 1, 1, 1, 1, 1, 1, 1, 1, 1, 1, 1, 1, 1, 1, 1, 1, 1, 1, 1, 1, 1, 1, 1, 1, 1, 1, 1, 1, 1, 1, 1, 1, 1, 1, 1, 1, 1, 1, 1, 1, 1, 1, 1, 1, 1, 1, 1, 1, 1]
2026-08-07 16:48:58.854 | DEBUG    | eval.evaluation.evaluation:evaluate_single_query:321 - wide2deep_ws_zh_030, col 歌曲时长, metric_func_name llm_judge, score [1, 1, 1, 1, 1, 1, 1, 1, 1, 1, 1, 1, 1, 1, 0, 1, 1, 1, 1, 1, 0, 1, 1, 1, 1, 1, 1, 1, 1, 1, 1, 1, 1, 1, 1, 1, 1, 1, 1, 1, 1, 1, 1, 1, 1, 1, 1, 1, 1, 1, 1, 1, 1, 1, 1, 1, 1, 1, 1, 1, 1, 1, 1, 1]
2026-08-07 16:48:58.862 | INFO     | eval.evaluation.evaluation:evaluate_single_query:380 - wide2deep_ws_zh_030, P/R/F1 by unique_columns: 1.0000/1.0000/1.0000
2026-08-07 16:48:58.862 | INFO     | eval.evaluation.evaluation:evaluate_single_query:383 - wide2deep_ws_zh_030, P/R/F1 by row: 0.7969/0.7969/0.7969
2026-08-07 16:48:58.862 | INFO     | eval.evaluation.evaluation:evaluate_single_query:386 - wide2deep_ws_zh_030, P/R/F1 by item: 0.9661/0.9661/0.9661
2026-08-07 16:48:58.866 | INFO     | eval.evaluation.evaluation:evaluate_single_query:398 - wide2deep_ws_zh_030, final table score: 0.0
{"event": "eval_done", "idx": 4, "instance_id": "wide2deep_ws_zh_030", "score": 0.0, "entity_acc": 1.0, "f1_by_row": 0.796875, "f1_by_item": 0.9661458333333334, "column_f1": 1.0, "error": null, "elapsed_seconds": 32.56, "running_n": 4}
2026-08-07 16:48:59.856 | DEBUG    | eval.evaluation.data_loader:extract_dataframe:167 - find markdown_str 
| 饭店名称 | 市区 | 星级标牌号 | 具体地址 |
| --- | --- | --- | --- |
| 北京王府半岛 ...
2026-08-07 16:49:02.294 | INFO     | eval.evaluation.metric_utils:primary_key_preprocess:246 - primary_key_preprocess result: ```json
{
  "北京王府半岛酒店": "王府饭店",
  "北京天伦王朝饭店": "北京天伦王朝饭店",
  "北京中国大饭店": "中国大饭店",
  "北京人卫酒店": "人卫酒店",
  "北京富力万丽酒店": "北京富力万丽酒店",
  "北京鹏润国际大酒店": "鹏润国际大酒店",
  "北京丰大国际大酒店": "北京丰大国际大酒店",
  "北京瑞麟湾温泉度假酒店": "北京瑞麟湾温泉度假酒店"
}
```
2026-08-07 16:49:02.294 | INFO     | eval.evaluation.evaluation:evaluate_single_query:223 - col: 饭店名称, primary_key_map {'北京王府半岛酒店': '王府饭店', '北京天伦王朝饭店': '北京天伦王朝饭店', '北京中国大饭店': '中国大饭店', '北京人卫酒店': '人卫酒店', '北京富力万丽酒店': '北京富力万丽酒店', '北京鹏润国际大酒店': '鹏润国际大酒店', '北京丰大国际大酒店': '北京丰大国际大酒店', '北京瑞麟湾温泉度假酒店': '北京瑞麟湾温泉度假酒店'}
2026-08-07 16:49:02.300 | INFO     | eval.evaluation.evaluation:evaluate_single_query:275 - wide2deep_ws_zh_039, df_inner shape: (8, 8), answer_df shape: (57, 4), response_df shape: (8, 5)
2026-08-07 16:49:02.300 | DEBUG    | eval.evaluation.evaluation:metric_call:77 - metric_func_name exact_match score 1.0 msg exact match, response: 东城区, target: 东城区
2026-08-07 16:49:02.300 | DEBUG    | eval.evaluation.evaluation:metric_call:77 - metric_func_name exact_match score 1.0 msg exact match, response: 东城区, target: 东城区
2026-08-07 16:49:02.301 | DEBUG    | eval.evaluation.evaluation:metric_call:77 - metric_func_name exact_match score 1.0 msg exact match, response: 朝阳区, target: 朝阳区
2026-08-07 16:49:02.301 | DEBUG    | eval.evaluation.evaluation:metric_call:77 - metric_func_name exact_match score 1.0 msg exact match, response: 朝阳区, target: 朝阳区
2026-08-07 16:49:02.301 | DEBUG    | eval.evaluation.evaluation:metric_call:77 - metric_func_name exact_match score 0.0 msg exact not match, response: 经开区, target: 大兴区
2026-08-07 16:49:02.301 | DEBUG    | eval.evaluation.evaluation:metric_call:77 - metric_func_name exact_match score 1.0 msg exact match, response: 朝阳区, target: 朝阳区
2026-08-07 16:49:02.301 | DEBUG    | eval.evaluation.evaluation:metric_call:77 - metric_func_name exact_match score 1.0 msg exact match, response: 朝阳区, target: 朝阳区
2026-08-07 16:49:02.301 | DEBUG    | eval.evaluation.evaluation:metric_call:77 - metric_func_name exact_match score 1.0 msg exact match, response: 顺义区, target: 顺义区
2026-08-07 16:49:02.301 | DEBUG    | eval.evaluation.evaluation:evaluate_single_query:321 - wide2deep_ws_zh_039, col 市区, metric_func_name exact_match, score [1.0, 1.0, 1.0, 1.0, 0.0, 1.0, 1.0, 1.0]
2026-08-07 16:49:02.302 | DEBUG    | eval.evaluation.evaluation:metric_call:77 - metric_func_name exact_match score 0.0 msg exact not match, response: 公开材料未载明, target: 1150001
2026-08-07 16:49:02.302 | DEBUG    | eval.evaluation.evaluation:metric_call:77 - metric_func_name exact_match score 0.0 msg exact not match, response: 公开材料未载明, target: 1150004
2026-08-07 16:49:02.302 | DEBUG    | eval.evaluation.evaluation:metric_call:77 - metric_func_name exact_match score 0.0 msg exact not match, response: 公开材料未载明, target: 1150010
2026-08-07 16:49:02.302 | DEBUG    | eval.evaluation.evaluation:metric_call:77 - metric_func_name exact_match score 0.0 msg exact not match, response: 公开材料未载明, target: 1150067
2026-08-07 16:49:02.302 | DEBUG    | eval.evaluation.evaluation:metric_call:77 - metric_func_name exact_match score 0.0 msg exact not match, response: 公开材料未载明, target: 1150068
2026-08-07 16:49:02.302 | DEBUG    | eval.evaluation.evaluation:metric_call:77 - metric_func_name exact_match score 0.0 msg exact not match, response: 公开材料未载明, target: 1150069
2026-08-07 16:49:02.302 | DEBUG    | eval.evaluation.evaluation:metric_call:77 - metric_func_name exact_match score 0.0 msg exact not match, response: 公开材料未载明, target: 1150070
2026-08-07 16:49:02.302 | DEBUG    | eval.evaluation.evaluation:metric_call:77 - metric_func_name exact_match score 0.0 msg exact not match, response: 公开材料未载明, target: 1150071
2026-08-07 16:49:02.303 | DEBUG    | eval.evaluation.evaluation:evaluate_single_query:321 - wide2deep_ws_zh_039, col 星级标牌号, metric_func_name exact_match, score [0.0, 0.0, 0.0, 0.0, 0.0, 0.0, 0.0, 0.0]
2026-08-07 16:49:07.546 | DEBUG    | eval.evaluation.evaluation:evaluate_single_query:321 - wide2deep_ws_zh_039, col 具体地址, metric_func_name llm_judge, score [1, 1, 0, 1, 1, 1, 1, 1]
2026-08-07 16:49:07.550 | INFO     | eval.evaluation.evaluation:evaluate_single_query:380 - wide2deep_ws_zh_039, P/R/F1 by unique_columns: 1.0000/0.1404/0.2462
2026-08-07 16:49:07.551 | INFO     | eval.evaluation.evaluation:evaluate_single_query:383 - wide2deep_ws_zh_039, P/R/F1 by row: 0.0000/0.0000/0.0000
2026-08-07 16:49:07.551 | INFO     | eval.evaluation.evaluation:evaluate_single_query:386 - wide2deep_ws_zh_039, P/R/F1 by item: 0.6875/0.0965/0.1692
2026-08-07 16:49:07.552 | INFO     | eval.evaluation.evaluation:evaluate_single_query:398 - wide2deep_ws_zh_039, final table score: 0.0
{"event": "eval_done", "idx": 5, "instance_id": "wide2deep_ws_zh_039", "score": 0.0, "entity_acc": 1.0, "f1_by_row": 0.0, "f1_by_item": 0.16923076923076924, "column_f1": 0.24615384615384614, "error": null, "elapsed_seconds": 8.67, "running_n": 5}
{"event": "eval_done", "idx": 6, "instance_id": "wide2deep_ws_zh_042", "score": 0.0, "entity_acc": 0.0, "f1_by_row": 0.0, "f1_by_item": 0.0, "column_f1": 0.0, "error": null, "elapsed_seconds": 2.956, "running_n": 6}
2026-08-07 16:49:13.087 | DEBUG    | eval.evaluation.data_loader:extract_dataframe:167 - find markdown_str 
| 年份 | 排名 | 歌曲名称 | 歌手 |
| --- | --- | --- | --- |
| 2015 | 1 |  ...
2026-08-07 16:49:16.341 | INFO     | eval.evaluation.metric_utils:primary_key_preprocess:246 - primary_key_preprocess result: ```json
{
  "2015": "2015",
  "2016": "2016",
  "2017": "2017",
  "2018": "2018",
  "2019": "2019",
  "2020": "2020",
  "2021": "2021",
  "2022": "2022",
  "2023": "2023",
  "2024": "2024"
}
```
2026-08-07 16:49:16.341 | INFO     | eval.evaluation.evaluation:evaluate_single_query:223 - col: 年份, primary_key_map {'2015': '2015', '2016': '2016', '2017': '2017', '2018': '2018', '2019': '2019', '2020': '2020', '2021': '2021', '2022': '2022', '2023': '2023', '2024': '2024'}
2026-08-07 16:49:17.976 | INFO     | eval.evaluation.metric_utils:primary_key_preprocess:246 - primary_key_preprocess result: ```json
{
  "1": "1",
  "2": "2",
  "3": "3",
  "4": "4",
  "5": "5",
  "6": "6",
  "7": "7",
  "8": "8",
  "9": "9",
  "10": "10"
}
```
2026-08-07 16:49:17.976 | INFO     | eval.evaluation.evaluation:evaluate_single_query:223 - col: 排名, primary_key_map {'1': '1', '2': '2', '3': '3', '4': '4', '5': '5', '6': '6', '7': '7', '8': '8', '9': '9', '10': '10'}
2026-08-07 16:49:17.983 | INFO     | eval.evaluation.evaluation:evaluate_single_query:275 - wide2deep_ws_zh_050, df_inner shape: (100, 8), answer_df shape: (100, 4), response_df shape: (100, 6)
2026-08-07 16:49:25.732 | DEBUG    | eval.evaluation.evaluation:evaluate_single_query:321 - wide2deep_ws_zh_050, col 歌曲名称, metric_func_name llm_judge, score [1, 1, 1, 1, 1, 1, 1, 1, 1, 1, 1, 1, 1, 1, 1, 1, 1, 1, 1, 1, 1, 0, 1, 1, 1, 1, 1, 1, 1, 1, 1, 1, 1, 1, 1, 1, 1, 1, 1, 1, 1, 1, 1, 1, 1, 1, 1, 1, 1, 1, 1, 1, 1, 1, 1, 1, 1, 1, 1, 1, 1, 1, 1, 1, 1, 1, 1, 1, 1, 1, 1, 1, 1, 1, 1, 1, 1, 1, 1, 1, 1, 1, 1, 1, 1, 1, 1, 1, 1, 1, 1, 1, 1, 1, 1, 1, 1, 1, 1, 1]
2026-08-07 16:49:32.411 | DEBUG    | eval.evaluation.evaluation:evaluate_single_query:321 - wide2deep_ws_zh_050, col 歌手, metric_func_name llm_judge, score [1, 1, 1, 1, 1, 1, 1, 1, 1, 1, 1, 1, 1, 1, 1, 1, 1, 1, 1, 1, 1, 1, 1, 1, 1, 1, 1, 1, 1, 1, 1, 1, 1, 1, 1, 1, 1, 1, 1, 1, 1, 1, 1, 1, 1, 1, 1, 1, 1, 1, 1, 1, 1, 1, 1, 1, 1, 1, 1, 1, 1, 1, 1, 1, 1, 1, 1, 1, 1, 1, 1, 1, 1, 1, 1, 1, 1, 1, 1, 1, 1, 1, 1, 1, 1, 1, 1, 1, 1, 1, 1, 1, 1, 1, 1, 1, 1, 1, 1, 1]
2026-08-07 16:49:32.420 | INFO     | eval.evaluation.evaluation:evaluate_single_query:380 - wide2deep_ws_zh_050, P/R/F1 by unique_columns: 1.0000/1.0000/1.0000
2026-08-07 16:49:32.420 | INFO     | eval.evaluation.evaluation:evaluate_single_query:383 - wide2deep_ws_zh_050, P/R/F1 by row: 0.9900/0.9900/0.9900
2026-08-07 16:49:32.420 | INFO     | eval.evaluation.evaluation:evaluate_single_query:386 - wide2deep_ws_zh_050, P/R/F1 by item: 0.9975/0.9975/0.9975
2026-08-07 16:49:32.424 | INFO     | eval.evaluation.evaluation:evaluate_single_query:398 - wide2deep_ws_zh_050, final table score: 0.0
{"event": "eval_done", "idx": 7, "instance_id": "wide2deep_ws_zh_050", "score": 0.0, "entity_acc": 1.0, "f1_by_row": 0.99, "f1_by_item": 0.9975, "column_f1": 1.0, "error": null, "elapsed_seconds": 21.88, "running_n": 7}
SUMMARY {"n": 7, "valid_n": 7, "errors": 0, "complete": true, "judge_calls_current_process": 34, "score": 0.0, "entity_acc": 0.8571428571428571, "precision_by_row": 0.45592063287303225, "recall_by_row": 0.4527779158144403, "f1_by_row": 0.4538939042582189, "precision_by_item": 0.7261035401002507, "recall_by_item": 0.5659720091656344, "f1_by_item": 0.592859877242016, "column_precision": 0.8130088292626992, "column_recall": 0.5997801015949836, "column_f1": 0.6345352810349125}
