INFO: Pandarallel will run on 8 workers.
INFO: Pandarallel will use Memory file system to transfer data between the main process and workers.
{"event": "eval_start", "selected": 6, "resume_committed": 0, "committed_errors": 0, "crash_only_resume": false}
2026-08-14 16:10:07.064 | DEBUG    | eval.evaluation.data_loader:extract_dataframe:167 - find markdown_str 
| Financial year | federal budget | federal expenditure | feder ...
2026-08-14 16:10:10.629 | INFO     | eval.evaluation.metric_utils:primary_key_preprocess:246 - primary_key_preprocess result: ```json
{
  "financialyear": "fiscalyear",
  "federalbudget": "federalbudget",
  "federalexpenditure": "federalspending",
  "federaldeficit": "federaldeficit",
  "nationaldebt": "nationaldebt",
  "netinterestcost": "netinterestcost"
}
```
2026-08-14 16:10:10.629 | INFO     | eval.evaluation.evaluation:evaluate_single_query:172 - column map: {'financialyear': 'fiscalyear', 'federalbudget': 'federalbudget', 'federalexpenditure': 'federalspending', 'federaldeficit': 'federaldeficit', 'nationaldebt': 'nationaldebt', 'netinterestcost': 'netinterestcost'}
2026-08-14 16:10:10.630 | INFO     | eval.evaluation.evaluation:evaluate_single_query:173 - befor mapping: Index(['financialyear', 'federalbudget', 'federalexpenditure',
       'federaldeficit', 'nationaldebt', 'netinterestcost'],
      dtype='object')
2026-08-14 16:10:10.630 | INFO     | eval.evaluation.evaluation:evaluate_single_query:175 - after mapping: Index(['fiscalyear', 'federalbudget', 'federalspending', 'federaldeficit',
       'nationaldebt', 'netinterestcost'],
      dtype='object')
2026-08-14 16:10:16.772 | INFO     | eval.evaluation.metric_utils:primary_key_preprocess:246 - primary_key_preprocess result: ```json
{
  "Fiscal year 2015": "FY2015",
  "Fiscal year 2016": "FY2016",
  "Fiscal year 2017": "FY2017",
  "Fiscal year 2018": "FY2018",
  "Fiscal year 2019": "FY2019",
  "Fiscal year 2020": "FY2020",
  "Fiscal year 2021": "FY2021",
  "Fiscal year 2022": "FY2022",
  "Fiscal year 2023": "FY2023",
  "Fiscal year 2024": "FY2024"
}
```
2026-08-14 16:10:16.772 | INFO     | eval.evaluation.evaluation:evaluate_single_query:223 - col: fiscalyear, primary_key_map {'Fiscal year 2015': 'FY2015', 'Fiscal year 2016': 'FY2016', 'Fiscal year 2017': 'FY2017', 'Fiscal year 2018': 'FY2018', 'Fiscal year 2019': 'FY2019', 'Fiscal year 2020': 'FY2020', 'Fiscal year 2021': 'FY2021', 'Fiscal year 2022': 'FY2022', 'Fiscal year 2023': 'FY2023', 'Fiscal year 2024': 'FY2024'}
2026-08-14 16:10:16.781 | INFO     | eval.evaluation.evaluation:evaluate_single_query:275 - wide2deep_ws_en_018, df_inner shape: (10, 12), answer_df shape: (10, 6), response_df shape: (10, 7)
2026-08-14 16:10:16.783 | DEBUG    | eval.evaluation.evaluation:metric_call:77 - metric_func_name number_near score 1.0 msg number near in range 10.0%, response: 3.25, target: 3.25
2026-08-14 16:10:16.783 | DEBUG    | eval.evaluation.evaluation:metric_call:77 - metric_func_name number_near score 1.0 msg number near in range 10.0%, response: 3.268, target: 3.27
2026-08-14 16:10:16.783 | DEBUG    | eval.evaluation.evaluation:metric_call:77 - metric_func_name number_near score 1.0 msg number near in range 10.0%, response: 3.316, target: 3.32
2026-08-14 16:10:16.783 | DEBUG    | eval.evaluation.evaluation:metric_call:77 - metric_func_name number_near score 1.0 msg number near in range 10.0%, response: 3.33, target: 3.33
2026-08-14 16:10:16.783 | DEBUG    | eval.evaluation.evaluation:metric_call:77 - metric_func_name number_near score 1.0 msg number near in range 10.0%, response: 3.464, target: 3.46
2026-08-14 16:10:16.783 | DEBUG    | eval.evaluation.evaluation:metric_call:77 - metric_func_name number_near score 1.0 msg number near in range 10.0%, response: 3.42, target: 3.42
2026-08-14 16:10:16.783 | DEBUG    | eval.evaluation.evaluation:metric_call:77 - metric_func_name number_near score 1.0 msg number near in range 10.0%, response: 4.047, target: 4.05
2026-08-14 16:10:16.783 | DEBUG    | eval.evaluation.evaluation:metric_call:77 - metric_func_name number_near score 1.0 msg number near in range 10.0%, response: 4.897, target: 4.9
2026-08-14 16:10:16.783 | DEBUG    | eval.evaluation.evaluation:metric_call:77 - metric_func_name number_near score 1.0 msg number near in range 10.0%, response: 4.439, target: 4.44
2026-08-14 16:10:16.783 | DEBUG    | eval.evaluation.evaluation:metric_call:77 - metric_func_name number_near score 1.0 msg number near in range 10.0%, response: 4.919, target: 4.92
2026-08-14 16:10:16.784 | DEBUG    | eval.evaluation.evaluation:evaluate_single_query:321 - wide2deep_ws_en_018, col federalbudget, metric_func_name number_near, score [1.0, 1.0, 1.0, 1.0, 1.0, 1.0, 1.0, 1.0, 1.0, 1.0]
2026-08-14 16:10:16.784 | DEBUG    | eval.evaluation.evaluation:metric_call:77 - metric_func_name number_near score 1.0 msg number near in range 10.0%, response: 3.688, target: 3.69
2026-08-14 16:10:16.784 | DEBUG    | eval.evaluation.evaluation:metric_call:77 - metric_func_name number_near score 1.0 msg number near in range 10.0%, response: 3.853, target: 3.85
2026-08-14 16:10:16.784 | DEBUG    | eval.evaluation.evaluation:metric_call:77 - metric_func_name number_near score 1.0 msg number near in range 10.0%, response: 3.982, target: 3.98
2026-08-14 16:10:16.784 | DEBUG    | eval.evaluation.evaluation:metric_call:77 - metric_func_name number_near score 1.0 msg number near in range 10.0%, response: 4.109, target: 4.11
2026-08-14 16:10:16.784 | DEBUG    | eval.evaluation.evaluation:metric_call:77 - metric_func_name number_near score 1.0 msg number near in range 10.0%, response: 4.447, target: 4.45
2026-08-14 16:10:16.784 | DEBUG    | eval.evaluation.evaluation:metric_call:77 - metric_func_name number_near score 1.0 msg number near in range 10.0%, response: 6.552, target: 6.55
2026-08-14 16:10:16.784 | DEBUG    | eval.evaluation.evaluation:metric_call:77 - metric_func_name number_near score 1.0 msg number near in range 10.0%, response: 6.822, target: 6.82
2026-08-14 16:10:16.784 | DEBUG    | eval.evaluation.evaluation:metric_call:77 - metric_func_name number_near score 1.0 msg number near in range 10.0%, response: 6.273, target: 6.27
2026-08-14 16:10:16.784 | DEBUG    | eval.evaluation.evaluation:metric_call:77 - metric_func_name number_near score 1.0 msg number near in range 10.0%, response: 6.134, target: 6.14
2026-08-14 16:10:16.784 | DEBUG    | eval.evaluation.evaluation:metric_call:77 - metric_func_name number_near score 1.0 msg number near in range 10.0%, response: 6.752, target: 6.75
2026-08-14 16:10:16.785 | DEBUG    | eval.evaluation.evaluation:evaluate_single_query:321 - wide2deep_ws_en_018, col federalspending, metric_func_name number_near, score [1.0, 1.0, 1.0, 1.0, 1.0, 1.0, 1.0, 1.0, 1.0, 1.0]
2026-08-14 16:10:16.785 | DEBUG    | eval.evaluation.evaluation:metric_call:77 - metric_func_name number_near score 1.0 msg number near in range 10.0%, response: 0.438, target: 0.44
2026-08-14 16:10:16.785 | DEBUG    | eval.evaluation.evaluation:metric_call:77 - metric_func_name number_near score 1.0 msg number near in range 10.0%, response: 0.585, target: 0.59
2026-08-14 16:10:16.785 | DEBUG    | eval.evaluation.evaluation:metric_call:77 - metric_func_name number_near score 1.0 msg number near in range 10.0%, response: 0.666, target: 0.67
2026-08-14 16:10:16.785 | DEBUG    | eval.evaluation.evaluation:metric_call:77 - metric_func_name number_near score 1.0 msg number near in range 10.0%, response: 0.779, target: 0.78
2026-08-14 16:10:16.785 | DEBUG    | eval.evaluation.evaluation:metric_call:77 - metric_func_name number_near score 1.0 msg number near in range 10.0%, response: 0.984, target: 0.98
2026-08-14 16:10:16.785 | DEBUG    | eval.evaluation.evaluation:metric_call:77 - metric_func_name number_near score 1.0 msg number near in range 10.0%, response: 3.132, target: 3.13
2026-08-14 16:10:16.786 | DEBUG    | eval.evaluation.evaluation:metric_call:77 - metric_func_name number_near score 1.0 msg number near in range 10.0%, response: 2.775, target: 2.78
2026-08-14 16:10:16.786 | DEBUG    | eval.evaluation.evaluation:metric_call:77 - metric_func_name number_near score 1.0 msg number near in range 10.0%, response: 1.376, target: 1.38
2026-08-14 16:10:16.786 | DEBUG    | eval.evaluation.evaluation:metric_call:77 - metric_func_name number_near score 1.0 msg number near in range 10.0%, response: 1.695, target: 1.69
2026-08-14 16:10:16.786 | DEBUG    | eval.evaluation.evaluation:metric_call:77 - metric_func_name number_near score 1.0 msg number near in range 10.0%, response: 1.833, target: 1.83
2026-08-14 16:10:16.786 | DEBUG    | eval.evaluation.evaluation:evaluate_single_query:321 - wide2deep_ws_en_018, col federaldeficit, metric_func_name number_near, score [1.0, 1.0, 1.0, 1.0, 1.0, 1.0, 1.0, 1.0, 1.0, 1.0]
2026-08-14 16:10:16.786 | DEBUG    | eval.evaluation.evaluation:metric_call:77 - metric_func_name number_near score 1.0 msg number near in range 10.0%, response: 18.151, target: 18.15
2026-08-14 16:10:16.786 | DEBUG    | eval.evaluation.evaluation:metric_call:77 - metric_func_name number_near score 1.0 msg number near in range 10.0%, response: 19.573, target: 19.57
2026-08-14 16:10:16.787 | DEBUG    | eval.evaluation.evaluation:metric_call:77 - metric_func_name number_near score 1.0 msg number near in range 10.0%, response: 20.245, target: 20.24
2026-08-14 16:10:16.787 | DEBUG    | eval.evaluation.evaluation:metric_call:77 - metric_func_name number_near score 1.0 msg number near in range 10.0%, response: 21.516, target: 21.52
2026-08-14 16:10:16.787 | DEBUG    | eval.evaluation.evaluation:metric_call:77 - metric_func_name number_near score 1.0 msg number near in range 10.0%, response: 22.719, target: 22.72
2026-08-14 16:10:16.787 | DEBUG    | eval.evaluation.evaluation:metric_call:77 - metric_func_name number_near score 1.0 msg number near in range 10.0%, response: 26.945, target: 26.95
2026-08-14 16:10:16.787 | DEBUG    | eval.evaluation.evaluation:metric_call:77 - metric_func_name number_near score 1.0 msg number near in range 10.0%, response: 28.429, target: 28.43
2026-08-14 16:10:16.787 | DEBUG    | eval.evaluation.evaluation:metric_call:77 - metric_func_name number_near score 1.0 msg number near in range 10.0%, response: 30.929, target: 30.93
2026-08-14 16:10:16.787 | DEBUG    | eval.evaluation.evaluation:metric_call:77 - metric_func_name number_near score 1.0 msg number near in range 10.0%, response: 33.167, target: 33.17
2026-08-14 16:10:16.787 | DEBUG    | eval.evaluation.evaluation:metric_call:77 - metric_func_name number_near score 1.0 msg number near in range 10.0%, response: 35.464, target: 35.47
2026-08-14 16:10:16.787 | DEBUG    | eval.evaluation.evaluation:evaluate_single_query:321 - wide2deep_ws_en_018, col nationaldebt, metric_func_name number_near, score [1.0, 1.0, 1.0, 1.0, 1.0, 1.0, 1.0, 1.0, 1.0, 1.0]
2026-08-14 16:10:16.788 | DEBUG    | eval.evaluation.evaluation:metric_call:77 - metric_func_name number_near score 1.0 msg number near in range 10.0%, response: 0.223, target: 0.22
2026-08-14 16:10:16.788 | DEBUG    | eval.evaluation.evaluation:metric_call:77 - metric_func_name number_near score 1.0 msg number near in range 10.0%, response: 0.24, target: 0.24
2026-08-14 16:10:16.788 | DEBUG    | eval.evaluation.evaluation:metric_call:77 - metric_func_name number_near score 1.0 msg number near in range 10.0%, response: 0.263, target: 0.26
2026-08-14 16:10:16.788 | DEBUG    | eval.evaluation.evaluation:metric_call:77 - metric_func_name number_near score 1.0 msg number near in range 10.0%, response: 0.325, target: 0.33
2026-08-14 16:10:16.788 | DEBUG    | eval.evaluation.evaluation:metric_call:77 - metric_func_name number_near score 1.0 msg number near in range 10.0%, response: 0.375, target: 0.38
2026-08-14 16:10:16.788 | DEBUG    | eval.evaluation.evaluation:metric_call:77 - metric_func_name number_near score 1.0 msg number near in range 10.0%, response: 0.345, target: 0.35
2026-08-14 16:10:16.788 | DEBUG    | eval.evaluation.evaluation:metric_call:77 - metric_func_name number_near score 1.0 msg number near in range 10.0%, response: 0.352, target: 0.35
2026-08-14 16:10:16.788 | DEBUG    | eval.evaluation.evaluation:metric_call:77 - metric_func_name number_near score 1.0 msg number near in range 10.0%, response: 0.475, target: 0.48
2026-08-14 16:10:16.788 | DEBUG    | eval.evaluation.evaluation:metric_call:77 - metric_func_name number_near score 1.0 msg number near in range 10.0%, response: 0.659, target: 0.66
2026-08-14 16:10:16.788 | DEBUG    | eval.evaluation.evaluation:metric_call:77 - metric_func_name number_near score 1.0 msg number near in range 10.0%, response: 0.882, target: 0.88
2026-08-14 16:10:16.789 | DEBUG    | eval.evaluation.evaluation:evaluate_single_query:321 - wide2deep_ws_en_018, col netinterestcost, metric_func_name number_near, score [1.0, 1.0, 1.0, 1.0, 1.0, 1.0, 1.0, 1.0, 1.0, 1.0]
2026-08-14 16:10:16.794 | INFO     | eval.evaluation.evaluation:evaluate_single_query:380 - wide2deep_ws_en_018, P/R/F1 by unique_columns: 1.0000/1.0000/1.0000
2026-08-14 16:10:16.794 | INFO     | eval.evaluation.evaluation:evaluate_single_query:383 - wide2deep_ws_en_018, P/R/F1 by row: 1.0000/1.0000/1.0000
2026-08-14 16:10:16.794 | INFO     | eval.evaluation.evaluation:evaluate_single_query:386 - wide2deep_ws_en_018, P/R/F1 by item: 1.0000/1.0000/1.0000
2026-08-14 16:10:16.797 | INFO     | eval.evaluation.evaluation:evaluate_single_query:398 - wide2deep_ws_en_018, final table score: 1
{"event": "eval_done", "idx": 1, "instance_id": "wide2deep_ws_en_018", "score": 1, "entity_acc": 1.0, "f1_by_row": 1.0, "f1_by_item": 1.0, "column_f1": 1.0, "error": null, "elapsed_seconds": 13.371, "running_n": 1}
2026-08-14 16:10:20.192 | DEBUG    | eval.evaluation.data_loader:extract_dataframe:167 - find markdown_str 
| 书名 | 作者 | 出版时间 |
| --- | --- | --- |
| （新编）中国通史纲要 | 中国历史研究院（主 ...
2026-08-14 16:10:36.296 | INFO     | eval.evaluation.metric_utils:primary_key_preprocess:246 - primary_key_preprocess result: ```json
{
  "（新编）中国通史纲要": "（新编）中国通史纲要",
  "溯源中华文明": "溯源中华文明",
  "大辽河": "大辽河",
  "爹": "爹",
  "大鸟": "大鸟",
  "月亮的人文史：近代中国的月亮认知、书写和话语": "月亮的人文史：近代中国的月亮认知、书写和话语",
  "超越百岁：长寿的科学与艺术": "超越百岁：长寿的科学与艺术",
  "中华文明史简明读本": "中华文明史简明读本",
  "新质生产力：中国经济未来增长极": "新质生产力:中国经济未来增长极",
  "草木志": "草木志",
  "登春台": "登春台",
  "珊瑚在歌唱": "珊瑚在歌唱",
  "风啊吹向我们": "风啊吹向我们",
  "在旷野里": "在旷野里",
  "去老万玉家": "去老万玉家",
  "新质生产力：发展新动能": "新质生产力：发展新动能",
  "发展与超越：中国式现代化的核心问题与战略路径": "发展与超越：中国式现代化的核心问题与战略路径",
  "“中华先锋人物故事汇”（第五辑）": "“中华先锋人物故事汇”（第五辑）",
  "老街书楼": "老街书楼",
  "文明的积淀：中国古代科技": "文明的积淀：中国古代科技",
  "中华文化公开课": "中华文化公开课",
  "何以华夏：文物上的中华民族": "何以华夏：文物上的中华民族",
  "为什么是邓小平": "为什么是邓小平",
  "满世界寻找敦煌": "满世界寻找敦煌",
  "中亚往事": "中亚往事",
  "“中华优秀传统文化少儿绘本大系”": "中华优秀传统文化少儿绘本大系",
  "金色日出": "金色日出",
  "科学家给孩子的12封信：拥抱无人机时代 向星辰大海挺进": "科学家给孩子的12封信：拥抱无人机时代 向星辰大海挺进",
  "生活中的情绪心理学：来自内心深处的福流": "生活中的情绪心理学：来自内心深处的福流",
  "伟大的中国大运河": "伟大的中国大运河",
  "空城纪": "空城纪",
  "听漏": "听漏",
  "中国经济的未来可能性": "中国经济的未来可能性",
  "中国骄傲": "中国骄傲",
  "国之重器：如何突破关键技术": "国之重器：如何突破关键技术",
  "这里是中国3：华夏文明史诗": "这里是中国3：华夏文明史诗",
  "新质生产力赋能中国式现代化": "新质生产力赋能中国式现代化",
  "我在春秋遇见的人和神": "我在春秋遇见的人和神",
  "海上丝绸之路：从青岛到红海": "海上丝绸之路：从青岛到红海",
  "“相约健康百科”丛书": "“相约健康百科”丛书",
  "科学与文化：院士谈创新源头": "科学与文化：院士谈创新源头",
  "世界棉花看新疆——新疆棉花是如何生产的？": "世界棉花看新疆——\n新疆棉花是如何生产的？",
  "北京城的脊梁：中轴线的故事": "北京城的脊梁：中轴线的故事",
  "新中国经济简史（1949—2024）": "新中国经济简史 （1949-2024）",
  "同怀：鲁迅与中国共产党人": "同怀：鲁迅与中国共产党人",
  "在伊犁": "在伊犁",
  "诗词大先生：叶嘉莹的诗教人生": "诗词大先生：叶嘉莹的诗教人生",
  "未来科技大爆炸": "未来科技大爆炸",
  "考古学家带你看中国": "考古学家带你看中国",
  "山月当归": "山月当归"
}
```
2026-08-14 16:10:36.296 | INFO     | eval.evaluation.evaluation:evaluate_single_query:223 - col: 书名, primary_key_map {'（新编）中国通史纲要': '（新编）中国通史纲要', '溯源中华文明': '溯源中华文明', '大辽河': '大辽河', '爹': '爹', '大鸟': '大鸟', '月亮的人文史：近代中国的月亮认知、书写和话语': '月亮的人文史：近代中国的月亮认知、书写和话语', '超越百岁：长寿的科学与艺术': '超越百岁：长寿的科学与艺术', '中华文明史简明读本': '中华文明史简明读本', '新质生产力：中国经济未来增长极': '新质生产力:中国经济未来增长极', '草木志': '草木志', '登春台': '登春台', '珊瑚在歌唱': '珊瑚在歌唱', '风啊吹向我们': '风啊吹向我们', '在旷野里': '在旷野里', '去老万玉家': '去老万玉家', '新质生产力：发展新动能': '新质生产力：发展新动能', '发展与超越：中国式现代化的核心问题与战略路径': '发展与超越：中国式现代化的核心问题与战略路径', '“中华先锋人物故事汇”（第五辑）': '“中华先锋人物故事汇”（第五辑）', '老街书楼': '老街书楼', '文明的积淀：中国古代科技': '文明的积淀：中国古代科技', '中华文化公开课': '中华文化公开课', '何以华夏：文物上的中华民族': '何以华夏：文物上的中华民族', '为什么是邓小平': '为什么是邓小平', '满世界寻找敦煌': '满世界寻找敦煌', '中亚往事': '中亚往事', '“中华优秀传统文化少儿绘本大系”': '中华优秀传统文化少儿绘本大系', '金色日出': '金色日出', '科学家给孩子的12封信：拥抱无人机时代 向星辰大海挺进': '科学家给孩子的12封信：拥抱无人机时代 向星辰大海挺进', '生活中的情绪心理学：来自内心深处的福流': '生活中的情绪心理学：来自内心深处的福流', '伟大的中国大运河': '伟大的中国大运河', '空城纪': '空城纪', '听漏': '听漏', '中国经济的未来可能性': '中国经济的未来可能性', '中国骄傲': '中国骄傲', '国之重器：如何突破关键技术': '国之重器：如何突破关键技术', '这里是中国3：华夏文明史诗': '这里是中国3：华夏文明史诗', '新质生产力赋能中国式现代化': '新质生产力赋能中国式现代化', '我在春秋遇见的人和神': '我在春秋遇见的人和神', '海上丝绸之路：从青岛到红海': '海上丝绸之路：从青岛到红海', '“相约健康百科”丛书': '“相约健康百科”丛书', '科学与文化：院士谈创新源头': '科学与文化：院士谈创新源头', '世界棉花看新疆——新疆棉花是如何生产的？': '世界棉花看新疆——\n新疆棉花是如何生产的？', '北京城的脊梁：中轴线的故事': '北京城的脊梁：中轴线的故事', '新中国经济简史（1949—2024）': '新中国经济简史 （1949-2024）', '同怀：鲁迅与中国共产党人': '同怀：鲁迅与中国共产党人', '在伊犁': '在伊犁', '诗词大先生：叶嘉莹的诗教人生': '诗词大先生：叶嘉莹的诗教人生', '未来科技大爆炸': '未来科技大爆炸', '考古学家带你看中国': '考古学家带你看中国', '山月当归': '山月当归'}
2026-08-14 16:10:38.022 | INFO     | eval.evaluation.evaluation:evaluate_single_query:275 - wide2deep_ws_zh_029, df_inner shape: (50, 6), answer_df shape: (50, 3), response_df shape: (50, 4)
2026-08-14 16:11:03.947 | DEBUG    | eval.evaluation.evaluation:evaluate_single_query:321 - wide2deep_ws_zh_029, col 作者, metric_func_name llm_judge, score [1, 0, 1, 1, 1, 0, 1, 1, 0, 1, 1, 1, 1, 1, 1, 0, 1, 0, 1, 1, 1, 1, 1, 1, 1, 1, 1, 1, 1, 1, 1, 1, 1, 1, 1, 1, 1, 1, 1, 0, 1, 1, 1, 1, 1, 1, 1, 1, 0, 1]
2026-08-14 16:11:03.955 | DEBUG    | eval.evaluation.evaluation:metric_call:77 - metric_func_name date_near score 0.0 msg date not convertable, response: 未知, target: 2024-01-01
2026-08-14 16:11:03.962 | DEBUG    | eval.evaluation.evaluation:metric_call:77 - metric_func_name date_near score 0.0 msg date not convertable, response: 未知, target: 2023-11-01
2026-08-14 16:11:03.968 | DEBUG    | eval.evaluation.evaluation:metric_call:77 - metric_func_name date_near score 0.0 msg date not convertable, response: 未知, target: 2023-12-01
2026-08-14 16:11:03.974 | DEBUG    | eval.evaluation.evaluation:metric_call:77 - metric_func_name date_near score 0.0 msg date not convertable, response: 未知, target: 2023-12-01
2026-08-14 16:11:03.979 | DEBUG    | eval.evaluation.evaluation:metric_call:77 - metric_func_name date_near score 0.0 msg date not convertable, response: 未知, target: 2023-11-01
2026-08-14 16:11:03.985 | DEBUG    | eval.evaluation.evaluation:metric_call:77 - metric_func_name date_near score 0.0 msg date not convertable, response: 未知, target: 2023-11-01
2026-08-14 16:11:03.991 | DEBUG    | eval.evaluation.evaluation:metric_call:77 - metric_func_name date_near score 0.0 msg date not convertable, response: 未知, target: 2024-01-01
2026-08-14 16:11:03.996 | DEBUG    | eval.evaluation.evaluation:metric_call:77 - metric_func_name date_near score 0.0 msg date not convertable, response: 未知, target: 2024-01-01
2026-08-14 16:11:04.002 | DEBUG    | eval.evaluation.evaluation:metric_call:77 - metric_func_name date_near score 0.0 msg date not convertable, response: 未知, target: 2024-02-01
2026-08-14 16:11:04.007 | DEBUG    | eval.evaluation.evaluation:metric_call:77 - metric_func_name date_near score 0.0 msg date not convertable, response: 未知, target: 2023-11-01
2026-08-14 16:11:04.013 | DEBUG    | eval.evaluation.evaluation:metric_call:77 - metric_func_name date_near score 0.0 msg date not convertable, response: 未知, target: 2024-03-01
2026-08-14 16:11:04.018 | DEBUG    | eval.evaluation.evaluation:metric_call:77 - metric_func_name date_near score 0.0 msg date not convertable, response: 未知, target: 2024-02-01
2026-08-14 16:11:04.024 | DEBUG    | eval.evaluation.evaluation:metric_call:77 - metric_func_name date_near score 0.0 msg date not convertable, response: 未知, target: 2024-01-01
2026-08-14 16:11:04.029 | DEBUG    | eval.evaluation.evaluation:metric_call:77 - metric_func_name date_near score 0.0 msg date not convertable, response: 未知, target: 2024-01-01
2026-08-14 16:11:04.035 | DEBUG    | eval.evaluation.evaluation:metric_call:77 - metric_func_name date_near score 0.0 msg date not convertable, response: 未知, target: 2024-03-01
2026-08-14 16:11:04.041 | DEBUG    | eval.evaluation.evaluation:metric_call:77 - metric_func_name date_near score 0.0 msg date not convertable, response: 未知, target: 2024-02-01
2026-08-14 16:11:04.046 | DEBUG    | eval.evaluation.evaluation:metric_call:77 - metric_func_name date_near score 0.0 msg date not convertable, response: 未知, target: 2024-04-01
2026-08-14 16:11:04.052 | DEBUG    | eval.evaluation.evaluation:metric_call:77 - metric_func_name date_near score 0.0 msg date not convertable, response: 未知, target: 2024-06-01
2026-08-14 16:11:04.057 | DEBUG    | eval.evaluation.evaluation:metric_call:77 - metric_func_name date_near score 0.0 msg date not convertable, response: 未知, target: 2024-01-01
2026-08-14 16:11:04.063 | DEBUG    | eval.evaluation.evaluation:metric_call:77 - metric_func_name date_near score 0.0 msg date not convertable, response: 未知, target: 2024-04-01
2026-08-14 16:11:04.068 | DEBUG    | eval.evaluation.evaluation:metric_call:77 - metric_func_name date_near score 0.0 msg date not convertable, response: 未知, target: 2024-05-01
2026-08-14 16:11:04.074 | DEBUG    | eval.evaluation.evaluation:metric_call:77 - metric_func_name date_near score 0.0 msg date not convertable, response: 未知, target: 2024-04-01
2026-08-14 16:11:04.080 | DEBUG    | eval.evaluation.evaluation:metric_call:77 - metric_func_name date_near score 0.0 msg date not convertable, response: 未知, target: 2024-06-01
2026-08-14 16:11:04.085 | DEBUG    | eval.evaluation.evaluation:metric_call:77 - metric_func_name date_near score 0.0 msg date not convertable, response: 未知, target: 2024-05-01
2026-08-14 16:11:04.091 | DEBUG    | eval.evaluation.evaluation:metric_call:77 - metric_func_name date_near score 0.0 msg date not convertable, response: 未知, target: 2024-05-01
2026-08-14 16:11:04.096 | DEBUG    | eval.evaluation.evaluation:metric_call:77 - metric_func_name date_near score 0.0 msg date not convertable, response: 未知, target: 2024-05-01
2026-08-14 16:11:04.102 | DEBUG    | eval.evaluation.evaluation:metric_call:77 - metric_func_name date_near score 0.0 msg date not convertable, response: 未知, target: 2024-05-01
2026-08-14 16:11:04.107 | DEBUG    | eval.evaluation.evaluation:metric_call:77 - metric_func_name date_near score 0.0 msg date not convertable, response: 未知, target: 2024-05-01
2026-08-14 16:11:04.113 | DEBUG    | eval.evaluation.evaluation:metric_call:77 - metric_func_name date_near score 0.0 msg date not convertable, response: 未知, target: 2024-05-01
2026-08-14 16:11:04.119 | DEBUG    | eval.evaluation.evaluation:metric_call:77 - metric_func_name date_near score 0.0 msg date not convertable, response: 未知, target: 2024-06-01
2026-08-14 16:11:04.124 | DEBUG    | eval.evaluation.evaluation:metric_call:77 - metric_func_name date_near score 0.0 msg date not convertable, response: 未知, target: 2024-07-01
2026-08-14 16:11:04.130 | DEBUG    | eval.evaluation.evaluation:metric_call:77 - metric_func_name date_near score 0.0 msg date not convertable, response: 未知, target: 2024-07-01
2026-08-14 16:11:04.135 | DEBUG    | eval.evaluation.evaluation:metric_call:77 - metric_func_name date_near score 0.0 msg date not convertable, response: 未知, target: 2024-07-01
2026-08-14 16:11:04.141 | DEBUG    | eval.evaluation.evaluation:metric_call:77 - metric_func_name date_near score 0.0 msg date not convertable, response: 未知, target: 2024-06-01
2026-08-14 16:11:04.147 | DEBUG    | eval.evaluation.evaluation:metric_call:77 - metric_func_name date_near score 0.0 msg date not convertable, response: 未知, target: 2024-07-01
2026-08-14 16:11:04.152 | DEBUG    | eval.evaluation.evaluation:metric_call:77 - metric_func_name date_near score 0.0 msg date not convertable, response: 未知, target: 2024-09-01
2026-08-14 16:11:04.167 | DEBUG    | eval.evaluation.evaluation:metric_call:77 - metric_func_name date_near score 0.0 msg date not convertable, response: 未知, target: 2024-07-01
2026-08-14 16:11:04.173 | DEBUG    | eval.evaluation.evaluation:metric_call:77 - metric_func_name date_near score 0.0 msg date not convertable, response: 未知, target: 2024-08-01
2026-08-14 16:11:04.178 | DEBUG    | eval.evaluation.evaluation:metric_call:77 - metric_func_name date_near score 0.0 msg date not convertable, response: 未知, target: 2024-08-01
2026-08-14 16:11:04.184 | DEBUG    | eval.evaluation.evaluation:metric_call:77 - metric_func_name date_near score 0.0 msg date not convertable, response: 未知, target: 2024-08-01
2026-08-14 16:11:04.190 | DEBUG    | eval.evaluation.evaluation:metric_call:77 - metric_func_name date_near score 0.0 msg date not convertable, response: 未知, target: 2024-08-01
2026-08-14 16:11:04.195 | DEBUG    | eval.evaluation.evaluation:metric_call:77 - metric_func_name date_near score 0.0 msg date not convertable, response: 未知, target: 2024-10-01
2026-08-14 16:11:04.201 | DEBUG    | eval.evaluation.evaluation:metric_call:77 - metric_func_name date_near score 0.0 msg date not convertable, response: 未知, target: 2024-07-01
2026-08-14 16:11:04.207 | DEBUG    | eval.evaluation.evaluation:metric_call:77 - metric_func_name date_near score 0.0 msg date not convertable, response: 未知, target: 2024-10-01
2026-08-14 16:11:04.212 | DEBUG    | eval.evaluation.evaluation:metric_call:77 - metric_func_name date_near score 0.0 msg date not convertable, response: 未知, target: 2024-07-01
2026-08-14 16:11:04.218 | DEBUG    | eval.evaluation.evaluation:metric_call:77 - metric_func_name date_near score 0.0 msg date not convertable, response: 未知, target: 2024-07-01
2026-08-14 16:11:04.224 | DEBUG    | eval.evaluation.evaluation:metric_call:77 - metric_func_name date_near score 0.0 msg date not convertable, response: 未知, target: 2024-11-01
2026-08-14 16:11:04.229 | DEBUG    | eval.evaluation.evaluation:metric_call:77 - metric_func_name date_near score 0.0 msg date not convertable, response: 未知, target: 2024-08-01
2026-08-14 16:11:04.235 | DEBUG    | eval.evaluation.evaluation:metric_call:77 - metric_func_name date_near score 0.0 msg date not convertable, response: 未知, target: 2024-10-01
2026-08-14 16:11:04.240 | DEBUG    | eval.evaluation.evaluation:metric_call:77 - metric_func_name date_near score 0.0 msg date not convertable, response: 未知, target: 2024-09-01
2026-08-14 16:11:04.241 | DEBUG    | eval.evaluation.evaluation:evaluate_single_query:321 - wide2deep_ws_zh_029, col 出版时间, metric_func_name date_near, score [0.0, 0.0, 0.0, 0.0, 0.0, 0.0, 0.0, 0.0, 0.0, 0.0, 0.0, 0.0, 0.0, 0.0, 0.0, 0.0, 0.0, 0.0, 0.0, 0.0, 0.0, 0.0, 0.0, 0.0, 0.0, 0.0, 0.0, 0.0, 0.0, 0.0, 0.0, 0.0, 0.0, 0.0, 0.0, 0.0, 0.0, 0.0, 0.0, 0.0, 0.0, 0.0, 0.0, 0.0, 0.0, 0.0, 0.0, 0.0, 0.0, 0.0]
2026-08-14 16:11:04.248 | INFO     | eval.evaluation.evaluation:evaluate_single_query:380 - wide2deep_ws_zh_029, P/R/F1 by unique_columns: 1.0000/1.0000/1.0000
2026-08-14 16:11:04.248 | INFO     | eval.evaluation.evaluation:evaluate_single_query:383 - wide2deep_ws_zh_029, P/R/F1 by row: 0.0000/0.0000/0.0000
2026-08-14 16:11:04.248 | INFO     | eval.evaluation.evaluation:evaluate_single_query:386 - wide2deep_ws_zh_029, P/R/F1 by item: 0.6200/0.6200/0.6200
2026-08-14 16:11:04.251 | INFO     | eval.evaluation.evaluation:evaluate_single_query:398 - wide2deep_ws_zh_029, final table score: 0.0
{"event": "eval_done", "idx": 2, "instance_id": "wide2deep_ws_zh_029", "score": 0.0, "entity_acc": 1.0, "f1_by_row": 0.0, "f1_by_item": 0.62, "column_f1": 1.0, "error": null, "elapsed_seconds": 47.437, "running_n": 2}
{"event": "eval_done", "idx": 3, "instance_id": "wide2deep_ws_zh_071", "score": 0.0, "entity_acc": 0.0, "f1_by_row": 0.0, "f1_by_item": 0.0, "column_f1": 0.0, "error": null, "elapsed_seconds": 1.199, "running_n": 3}
2026-08-14 16:11:08.758 | DEBUG    | eval.evaluation.data_loader:extract_dataframe:167 - find markdown_str 
| 节目名称 | 节目期数 | 歌手名字 | 演唱歌曲 |
| --- | --- | --- | --- |
| 《歌手·当 ...
2026-08-14 16:11:13.865 | INFO     | eval.evaluation.metric_utils:primary_key_preprocess:246 - primary_key_preprocess result: ```json
{
  "徐佳莹": "徐佳莹",
  "华晨宇": "华晨宇",
  "袁娅维": "袁娅维",
  "萧敬腾": "萧敬腾",
  "米希亚（MISIA）": "MISIA",
  "周深": "周深",
  "吉克隽逸": "吉克隽逸",
  "耿斯汉": "耿斯汉"
}
```
2026-08-14 16:11:13.865 | INFO     | eval.evaluation.evaluation:evaluate_single_query:223 - col: 歌手名字, primary_key_map {'徐佳莹': '徐佳莹', '华晨宇': '华晨宇', '袁娅维': '袁娅维', '萧敬腾': '萧敬腾', '米希亚（MISIA）': 'MISIA', '周深': '周深', '吉克隽逸': '吉克隽逸', '耿斯汉': '耿斯汉'}
2026-08-14 16:11:18.960 | INFO     | eval.evaluation.metric_utils:primary_key_preprocess:246 - primary_key_preprocess result: ```json
{
  "半途而废": "《半途而废》",
  "新世界": "《新世界》",
  "I Love You 3000＋我想": "《I Love You 3000 II》+《我想》",
  "你啊你啊": "《你啊你啊》",
  "INTO THE LIGHT": "《Into The Light》",
  "达拉崩吧": "《达拉崩吧》",
  "彩色的黑": "《彩色的黑》",
  "鼓楼先生": "《鼓楼先生》"
}
```
2026-08-14 16:11:18.960 | INFO     | eval.evaluation.evaluation:evaluate_single_query:223 - col: 演唱歌曲, primary_key_map {'半途而废': '《半途而废》', '新世界': '《新世界》', 'I Love You 3000＋我想': '《I Love You 3000 II》+《我想》', '你啊你啊': '《你啊你啊》', 'INTO THE LIGHT': '《Into The Light》', '达拉崩吧': '《达拉崩吧》', '彩色的黑': '《彩色的黑》', '鼓楼先生': '《鼓楼先生》'}
2026-08-14 16:11:18.970 | INFO     | eval.evaluation.evaluation:evaluate_single_query:275 - wide2deep_ws_zh_086, df_inner shape: (8, 8), answer_df shape: (1037, 4), response_df shape: (8, 6)
2026-08-14 16:11:18.970 | DEBUG    | eval.evaluation.evaluation:metric_call:77 - metric_func_name exact_match score 1.0 msg exact match, response: 《歌手·当打之年》第八季, target: 《歌手·当打之年》第八季
2026-08-14 16:11:18.971 | DEBUG    | eval.evaluation.evaluation:metric_call:77 - metric_func_name exact_match score 1.0 msg exact match, response: 《歌手·当打之年》第八季, target: 《歌手·当打之年》第八季
2026-08-14 16:11:18.971 | DEBUG    | eval.evaluation.evaluation:metric_call:77 - metric_func_name exact_match score 1.0 msg exact match, response: 《歌手·当打之年》第八季, target: 《歌手·当打之年》第八季
2026-08-14 16:11:18.971 | DEBUG    | eval.evaluation.evaluation:metric_call:77 - metric_func_name exact_match score 1.0 msg exact match, response: 《歌手·当打之年》第八季, target: 《歌手·当打之年》第八季
2026-08-14 16:11:18.971 | DEBUG    | eval.evaluation.evaluation:metric_call:77 - metric_func_name exact_match score 1.0 msg exact match, response: 《歌手·当打之年》第八季, target: 《歌手·当打之年》第八季
2026-08-14 16:11:18.971 | DEBUG    | eval.evaluation.evaluation:metric_call:77 - metric_func_name exact_match score 1.0 msg exact match, response: 《歌手·当打之年》第八季, target: 《歌手·当打之年》第八季
2026-08-14 16:11:18.971 | DEBUG    | eval.evaluation.evaluation:metric_call:77 - metric_func_name exact_match score 1.0 msg exact match, response: 《歌手·当打之年》第八季, target: 《歌手·当打之年》第八季
2026-08-14 16:11:18.971 | DEBUG    | eval.evaluation.evaluation:metric_call:77 - metric_func_name exact_match score 1.0 msg exact match, response: 《歌手·当打之年》第八季, target: 《歌手·当打之年》第八季
2026-08-14 16:11:18.971 | DEBUG    | eval.evaluation.evaluation:evaluate_single_query:321 - wide2deep_ws_zh_086, col 节目名称, metric_func_name exact_match, score [1.0, 1.0, 1.0, 1.0, 1.0, 1.0, 1.0, 1.0]
2026-08-14 16:11:18.972 | DEBUG    | eval.evaluation.evaluation:metric_call:77 - metric_func_name exact_match score 1.0 msg exact match, response: 第八期, target: 第八期
2026-08-14 16:11:18.972 | DEBUG    | eval.evaluation.evaluation:metric_call:77 - metric_func_name exact_match score 1.0 msg exact match, response: 第八期, target: 第八期
2026-08-14 16:11:18.972 | DEBUG    | eval.evaluation.evaluation:metric_call:77 - metric_func_name exact_match score 1.0 msg exact match, response: 第八期, target: 第八期
2026-08-14 16:11:18.972 | DEBUG    | eval.evaluation.evaluation:metric_call:77 - metric_func_name exact_match score 1.0 msg exact match, response: 第八期, target: 第八期
2026-08-14 16:11:18.972 | DEBUG    | eval.evaluation.evaluation:metric_call:77 - metric_func_name exact_match score 1.0 msg exact match, response: 第八期, target: 第八期
2026-08-14 16:11:18.972 | DEBUG    | eval.evaluation.evaluation:metric_call:77 - metric_func_name exact_match score 1.0 msg exact match, response: 第八期, target: 第八期
2026-08-14 16:11:18.972 | DEBUG    | eval.evaluation.evaluation:metric_call:77 - metric_func_name exact_match score 1.0 msg exact match, response: 第八期, target: 第八期
2026-08-14 16:11:18.972 | DEBUG    | eval.evaluation.evaluation:metric_call:77 - metric_func_name exact_match score 1.0 msg exact match, response: 第八期, target: 第八期
2026-08-14 16:11:18.972 | DEBUG    | eval.evaluation.evaluation:evaluate_single_query:321 - wide2deep_ws_zh_086, col 节目期数, metric_func_name exact_match, score [1.0, 1.0, 1.0, 1.0, 1.0, 1.0, 1.0, 1.0]
2026-08-14 16:11:18.983 | INFO     | eval.evaluation.evaluation:evaluate_single_query:380 - wide2deep_ws_zh_086, P/R/F1 by unique_columns: 1.0000/0.0077/0.0153
2026-08-14 16:11:18.983 | INFO     | eval.evaluation.evaluation:evaluate_single_query:383 - wide2deep_ws_zh_086, P/R/F1 by row: 1.0000/0.0077/0.0153
2026-08-14 16:11:18.983 | INFO     | eval.evaluation.evaluation:evaluate_single_query:386 - wide2deep_ws_zh_086, P/R/F1 by item: 1.0000/0.0077/0.0153
2026-08-14 16:11:18.985 | INFO     | eval.evaluation.evaluation:evaluate_single_query:398 - wide2deep_ws_zh_086, final table score: 0.0
{"event": "eval_done", "idx": 4, "instance_id": "wide2deep_ws_zh_086", "score": 0.0, "entity_acc": 1.0, "f1_by_row": 0.015311004784688994, "f1_by_item": 0.015311004784688994, "column_f1": 0.015311004784688994, "error": null, "elapsed_seconds": 13.498, "running_n": 4}
2026-08-14 16:11:20.821 | DEBUG    | eval.evaluation.data_loader:extract_dataframe:167 - find markdown_str 
| Museum | Last Entry Time | Ticket Price (Pounds) | Address |
 ...
2026-08-14 16:11:29.114 | INFO     | eval.evaluation.metric_utils:primary_key_preprocess:246 - primary_key_preprocess result: ```json
{
  "Apsley House, Wellington Museum": "Apsley House",
  "Benjamin Franklin House": "Benjamin Franklin Museum",
  "Cartoon Museum": "Cartoon Museum",
  "Charles Dickens Museum": "Charles Dickens Museum",
  "Florence Nightingale Museum": "Florence Nightingale Museum",
  "Garden Museum": "Garden Museum",
  "Household Cavalry Museum": "Household Cavalry Museum",
  "London Museum of Water & Steam": "London Museum of Water and Steam",
  "London Transport Museum": "London Transport Museum",
  "Museum of Brands": "Museum of Brands",
  "Old Operating Theatre Museum and Herb Garret": "Old Operating Theatre Museum",
  "The Guards Museum": "The Guards Museum",
  "The Postal Museum": "Postal Museum"
}
```
2026-08-14 16:11:29.114 | INFO     | eval.evaluation.evaluation:evaluate_single_query:223 - col: museum, primary_key_map {'Apsley House, Wellington Museum': 'Apsley House', 'Benjamin Franklin House': 'Benjamin Franklin Museum', 'Cartoon Museum': 'Cartoon Museum', 'Charles Dickens Museum': 'Charles Dickens Museum', 'Florence Nightingale Museum': 'Florence Nightingale Museum', 'Garden Museum': 'Garden Museum', 'Household Cavalry Museum': 'Household Cavalry Museum', 'London Museum of Water & Steam': 'London Museum of Water and Steam', 'London Transport Museum': 'London Transport Museum', 'Museum of Brands': 'Museum of Brands', 'Old Operating Theatre Museum and Herb Garret': 'Old Operating Theatre Museum', 'The Guards Museum': 'The Guards Museum', 'The Postal Museum': 'Postal Museum'}
2026-08-14 16:11:29.121 | INFO     | eval.evaluation.evaluation:evaluate_single_query:275 - wide2deep_ws_en_027, df_inner shape: (13, 8), answer_df shape: (25, 4), response_df shape: (16, 5)
2026-08-14 16:11:36.109 | DEBUG    | eval.evaluation.evaluation:evaluate_single_query:321 - wide2deep_ws_en_027, col lastentrytime, metric_func_name llm_judge, score [1, 1, 0, 1, 1, 0, 0, 1, 1, 0, 0, 1, 0]
2026-08-14 16:11:36.110 | DEBUG    | eval.evaluation.evaluation:metric_call:77 - metric_func_name number_near score 1.0 msg number near in range 10.0%, response: 25.0, target: 25.0
2026-08-14 16:11:36.110 | DEBUG    | eval.evaluation.evaluation:metric_call:77 - metric_func_name number_near score 1.0 msg number near in range 10.0%, response: 12.0, target: 12.0
2026-08-14 16:11:36.110 | DEBUG    | eval.evaluation.evaluation:metric_call:77 - metric_func_name number_near score 1.0 msg number near in range 10.0%, response: 18.0, target: 18.6
2026-08-14 16:11:36.110 | DEBUG    | eval.evaluation.evaluation:metric_call:77 - metric_func_name number_near score 1.0 msg number near in range 10.0%, response: 11.0, target: 11.5
2026-08-14 16:11:36.110 | DEBUG    | eval.evaluation.evaluation:metric_call:77 - metric_func_name number_near score 1.0 msg number near in range 10.0%, response: 11.0, target: 10.0
2026-08-14 16:11:36.110 | DEBUG    | eval.evaluation.evaluation:metric_call:77 - metric_func_name number_near score 0.0 msg number not near, response: 12.0, target: 14.0
2026-08-14 16:11:36.110 | DEBUG    | eval.evaluation.evaluation:metric_call:77 - metric_func_name number_near score 1.0 msg number near in range 10.0%, response: 12.0, target: 12.0
2026-08-14 16:11:36.110 | DEBUG    | eval.evaluation.evaluation:metric_call:77 - metric_func_name number_near score 1.0 msg number near in range 10.0%, response: 12.95, target: 12.95
2026-08-14 16:11:36.110 | DEBUG    | eval.evaluation.evaluation:metric_call:77 - metric_func_name number_near score 1.0 msg number near in range 10.0%, response: 11.5, target: 11.5
2026-08-14 16:11:36.110 | DEBUG    | eval.evaluation.evaluation:metric_call:77 - metric_func_name number_near score 0.0 msg number not near, response: 12.0, target: 9.5
2026-08-14 16:11:36.110 | DEBUG    | eval.evaluation.evaluation:metric_call:77 - metric_func_name number_near score 1.0 msg number near in range 10.0%, response: 15.0, target: 15.0
2026-08-14 16:11:36.110 | DEBUG    | eval.evaluation.evaluation:metric_call:77 - metric_func_name number_near score 1.0 msg number near in range 10.0%, response: 11.5, target: 11.5
2026-08-14 16:11:36.110 | DEBUG    | eval.evaluation.evaluation:metric_call:77 - metric_func_name number_near score 1.0 msg number near in range 10.0%, response: 6.5, target: 6.5
2026-08-14 16:11:36.111 | DEBUG    | eval.evaluation.evaluation:evaluate_single_query:321 - wide2deep_ws_en_027, col ticketprice(pounds), metric_func_name number_near, score [1.0, 1.0, 1.0, 1.0, 1.0, 0.0, 1.0, 1.0, 1.0, 0.0, 1.0, 1.0, 1.0]
2026-08-14 16:11:53.271 | DEBUG    | eval.evaluation.evaluation:evaluate_single_query:321 - wide2deep_ws_en_027, col address, metric_func_name llm_judge, score [1, 0, 1, 1, 0, 1, 1, 0, 1, 1, 1, 1, 1]
2026-08-14 16:11:53.276 | INFO     | eval.evaluation.evaluation:evaluate_single_query:380 - wide2deep_ws_en_027, P/R/F1 by unique_columns: 0.8125/0.5200/0.6341
2026-08-14 16:11:53.276 | INFO     | eval.evaluation.evaluation:evaluate_single_query:383 - wide2deep_ws_en_027, P/R/F1 by row: 0.2500/0.1600/0.1951
2026-08-14 16:11:53.276 | INFO     | eval.evaluation.evaluation:evaluate_single_query:386 - wide2deep_ws_en_027, P/R/F1 by item: 0.6406/0.4100/0.5000
2026-08-14 16:11:53.278 | INFO     | eval.evaluation.evaluation:evaluate_single_query:398 - wide2deep_ws_en_027, final table score: 0.0
{"event": "eval_done", "idx": 5, "instance_id": "wide2deep_ws_en_027", "score": 0.0, "entity_acc": 1.0, "f1_by_row": 0.19512195121951217, "f1_by_item": 0.5, "column_f1": 0.6341463414634146, "error": null, "elapsed_seconds": 34.27, "running_n": 5}
2026-08-14 16:11:54.965 | DEBUG    | eval.evaluation.data_loader:extract_dataframe:167 - find markdown_str 
| Delegation | Independence context | Regional integration orga ...
2026-08-14 16:12:01.187 | INFO     | eval.evaluation.metric_utils:primary_key_preprocess:246 - primary_key_preprocess result: ```json
{
  "2024parisolympicsgoldmedalcount": "numberofgoldmedals",
  "2024parisolympicsgoldmedalevents": "eventswon",
  "2020tokyoolympicsgoldmedalcount": "numberofgoldmedals",
  "2020tokyoolympicsgoldmedalevents": "eventswon",
  "2016rioolympicsgoldmedalcount": "numberofgoldmedals",
  "2016rioolympicsgoldmedalevents": "eventswon",
  "totalgoldmedals": "numberofgoldmedals"
}
```
2026-08-14 16:12:01.187 | INFO     | eval.evaluation.evaluation:evaluate_single_query:172 - column map: {'2024parisolympicsgoldmedalcount': 'numberofgoldmedals', '2024parisolympicsgoldmedalevents': 'eventswon', '2020tokyoolympicsgoldmedalcount': 'numberofgoldmedals', '2020tokyoolympicsgoldmedalevents': 'eventswon', '2016rioolympicsgoldmedalcount': 'numberofgoldmedals', '2016rioolympicsgoldmedalevents': 'eventswon', 'totalgoldmedals': 'numberofgoldmedals'}
2026-08-14 16:12:01.187 | INFO     | eval.evaluation.evaluation:evaluate_single_query:173 - befor mapping: Index(['delegation', 'independencecontext',
       'regionalintegrationorganizationmemberships', 'primaryromancelanguage',
       '2024parisolympicsgoldmedalcount', '2024parisolympicsgoldmedalevents',
       '2020tokyoolympicsgoldmedalcount', '2020tokyoolympicsgoldmedalevents',
       '2016rioolympicsgoldmedalcount', '2016rioolympicsgoldmedalevents',
       'totalgoldmedals'],
      dtype='object')
2026-08-14 16:12:01.188 | INFO     | eval.evaluation.evaluation:evaluate_single_query:175 - after mapping: Index(['delegation', 'independencecontext',
       'regionalintegrationorganizationmemberships', 'primaryromancelanguage',
       'numberofgoldmedals', 'eventswon', 'numberofgoldmedals', 'eventswon',
       'numberofgoldmedals', 'eventswon', 'numberofgoldmedals'],
      dtype='object')
2026-08-14 16:12:01.188 | INFO     | eval.evaluation.evaluation:evaluate_single_query:179 - instance_id: wide2deep_ws_en_080, msg: required_columns ['olympicgames', 'country', 'numberofgoldmedals', 'eventswon'] != response_df Index(['delegation', 'independencecontext',
       'regionalintegrationorganizationmemberships', 'primaryromancelanguage',
       'numberofgoldmedals', 'eventswon', 'numberofgoldmedals', 'eventswon',
       'numberofgoldmedals', 'eventswon', 'numberofgoldmedals'],
      dtype='object')
{"event": "eval_done", "idx": 6, "instance_id": "wide2deep_ws_en_080", "score": 0.0, "entity_acc": 1.0, "f1_by_row": 0.0, "f1_by_item": 0.0, "column_f1": 0.0, "error": null, "elapsed_seconds": 7.892, "running_n": 6}
SUMMARY {"n": 6, "valid_n": 6, "errors": 0, "complete": true, "judge_calls_current_process": 16, "score": 0.16666666666666666, "entity_acc": 0.8333333333333334, "precision_by_row": 0.375, "recall_by_row": 0.19461909353905496, "f1_by_row": 0.20173882600070017, "precision_by_item": 0.5434375, "recall_by_item": 0.339619093539055, "f1_by_item": 0.3558851674641148, "column_precision": 0.6354166666666666, "column_recall": 0.4212857602057216, "column_f1": 0.4415762243746839}
