INFO: Pandarallel will run on 8 workers.
INFO: Pandarallel will use Memory file system to transfer data between the main process and workers.
{"event": "eval_start", "selected": 7, "resume_committed": 0, "committed_errors": 0, "crash_only_resume": false}
2026-08-14 16:10:12.404 | DEBUG    | eval.evaluation.data_loader:extract_dataframe:167 - find markdown_str 
| Line Number | Line Name | Total Stations | Termini |
| --- |  ...
2026-08-14 16:10:17.342 | INFO     | eval.evaluation.metric_utils:primary_key_preprocess:246 - primary_key_preprocess result: ```json
{
  "T1": "T1",
  "T2": "T2",
  "T3": "T3",
  "T4": "T4",
  "T5": "T5",
  "T6": "T6",
  "T7": "T7",
  "T8": "T8",
  "T9": "T9",
  "M1": "M1"
}
```
2026-08-14 16:10:17.342 | INFO     | eval.evaluation.evaluation:evaluate_single_query:223 - col: linenumber, primary_key_map {'T1': 'T1', 'T2': 'T2', 'T3': 'T3', 'T4': 'T4', 'T5': 'T5', 'T6': 'T6', 'T7': 'T7', 'T8': 'T8', 'T9': 'T9', 'M1': 'M1'}
2026-08-14 16:10:17.348 | INFO     | eval.evaluation.evaluation:evaluate_single_query:275 - wide2deep_ws_en_032, df_inner shape: (10, 8), answer_df shape: (10, 4), response_df shape: (10, 5)
2026-08-14 16:10:22.453 | DEBUG    | eval.evaluation.evaluation:evaluate_single_query:321 - wide2deep_ws_en_032, col linename, metric_func_name llm_judge, score [1, 1, 1, 1, 1, 1, 1, 1, 1, 1]
2026-08-14 16:10:22.453 | DEBUG    | eval.evaluation.evaluation:metric_call:77 - metric_func_name exact_match score 1.0 msg exact match, response: 56, target: 56
2026-08-14 16:10:22.453 | DEBUG    | eval.evaluation.evaluation:metric_call:77 - metric_func_name exact_match score 0.0 msg exact not match, response: 36, target: 37
2026-08-14 16:10:22.453 | DEBUG    | eval.evaluation.evaluation:metric_call:77 - metric_func_name exact_match score 0.0 msg exact not match, response: 31, target: 30
2026-08-14 16:10:22.453 | DEBUG    | eval.evaluation.evaluation:metric_call:77 - metric_func_name exact_match score 1.0 msg exact match, response: 33, target: 33
2026-08-14 16:10:22.453 | DEBUG    | eval.evaluation.evaluation:metric_call:77 - metric_func_name exact_match score 0.0 msg exact not match, response: 24, target: 30
2026-08-14 16:10:22.453 | DEBUG    | eval.evaluation.evaluation:metric_call:77 - metric_func_name exact_match score 1.0 msg exact match, response: 6, target: 6
2026-08-14 16:10:22.453 | DEBUG    | eval.evaluation.evaluation:metric_call:77 - metric_func_name exact_match score 1.0 msg exact match, response: 2, target: 2
2026-08-14 16:10:22.453 | DEBUG    | eval.evaluation.evaluation:metric_call:77 - metric_func_name exact_match score 0.0 msg exact not match, response: 30, target: 34
2026-08-14 16:10:22.453 | DEBUG    | eval.evaluation.evaluation:metric_call:77 - metric_func_name exact_match score 0.0 msg exact not match, response: 32, target: 31
2026-08-14 16:10:22.454 | DEBUG    | eval.evaluation.evaluation:metric_call:77 - metric_func_name exact_match score 1.0 msg exact match, response: 21, target: 21
2026-08-14 16:10:22.454 | DEBUG    | eval.evaluation.evaluation:evaluate_single_query:321 - wide2deep_ws_en_032, col totalstations, metric_func_name exact_match, score [1.0, 0.0, 0.0, 1.0, 0.0, 1.0, 1.0, 0.0, 0.0, 1.0]
2026-08-14 16:10:33.398 | DEBUG    | eval.evaluation.evaluation:evaluate_single_query:321 - wide2deep_ws_en_032, col termini, metric_func_name llm_judge, score [1, 0, 1, 1, 0, 1, 1, 0, 1, 1]
2026-08-14 16:10:33.404 | INFO     | eval.evaluation.evaluation:evaluate_single_query:380 - wide2deep_ws_en_032, P/R/F1 by unique_columns: 1.0000/1.0000/1.0000
2026-08-14 16:10:33.404 | INFO     | eval.evaluation.evaluation:evaluate_single_query:383 - wide2deep_ws_en_032, P/R/F1 by row: 0.5000/0.5000/0.5000
2026-08-14 16:10:33.404 | INFO     | eval.evaluation.evaluation:evaluate_single_query:386 - wide2deep_ws_en_032, P/R/F1 by item: 0.8000/0.8000/0.8000
2026-08-14 16:10:33.406 | INFO     | eval.evaluation.evaluation:evaluate_single_query:398 - wide2deep_ws_en_032, final table score: 0.0
{"event": "eval_done", "idx": 1, "instance_id": "wide2deep_ws_en_032", "score": 0.0, "entity_acc": 1.0, "f1_by_row": 0.5, "f1_by_item": 0.8000000000000002, "column_f1": 1.0, "error": null, "elapsed_seconds": 29.877, "running_n": 1}
{"event": "eval_done", "idx": 2, "instance_id": "wide2deep_ws_en_046", "score": 0.0, "entity_acc": 0.0, "f1_by_row": 0.0, "f1_by_item": 0.0, "column_f1": 0.0, "error": null, "elapsed_seconds": 3.45, "running_n": 2}
2026-08-14 16:10:38.861 | DEBUG    | eval.evaluation.data_loader:extract_dataframe:167 - find markdown_str 
| Award Year | Laureate | Talk Title | Event City |
| --- | --- ...
2026-08-14 16:10:44.746 | INFO     | eval.evaluation.metric_utils:primary_key_preprocess:246 - primary_key_preprocess result: ```json
{
  "Bono": "Bono",
  "Edward Burtynsky": "Edward Burtynsky",
  "Robert Fischell": "Robert Fischell",
  "Larry Brilliant": "Lawrence Brilliant",
  "Jehane Noujaim": "Jehane Noujaim",
  "Cameron Sinclair": "Cameron Sinclair",
  "Bill Clinton": "Bill Clinton",
  "James Nachtwey": "James Nachtwey",
  "E. O. Wilson": "EO Wilson",
  "Karen Armstrong": "Karen Armstrong",
  "Dave Eggers": "Dave Eggers",
  "Neil Turok": "Neil Turok",
  "José Antonio Abreu": "José Abreu",
  "Sylvia Earle": "Sylvia Earle",
  "Jill Tarter": "Jill Tarter",
  "Jamie Oliver": "Jamie Oliver",
  "JR": "JR",
  "The City 2.0": "The City 2.0",
  "Sugata Mitra": "Sugata Mitra",
  "Charmian Gooch": "Charmian Gooch",
  "Dave Isay": "Dave Isay"
}
```
2026-08-14 16:10:44.746 | INFO     | eval.evaluation.evaluation:evaluate_single_query:223 - col: laureate, primary_key_map {'Bono': 'Bono', 'Edward Burtynsky': 'Edward Burtynsky', 'Robert Fischell': 'Robert Fischell', 'Larry Brilliant': 'Lawrence Brilliant', 'Jehane Noujaim': 'Jehane Noujaim', 'Cameron Sinclair': 'Cameron Sinclair', 'Bill Clinton': 'Bill Clinton', 'James Nachtwey': 'James Nachtwey', 'E. O. Wilson': 'EO Wilson', 'Karen Armstrong': 'Karen Armstrong', 'Dave Eggers': 'Dave Eggers', 'Neil Turok': 'Neil Turok', 'José Antonio Abreu': 'José Abreu', 'Sylvia Earle': 'Sylvia Earle', 'Jill Tarter': 'Jill Tarter', 'Jamie Oliver': 'Jamie Oliver', 'JR': 'JR', 'The City 2.0': 'The City 2.0', 'Sugata Mitra': 'Sugata Mitra', 'Charmian Gooch': 'Charmian Gooch', 'Dave Isay': 'Dave Isay'}
2026-08-14 16:10:44.752 | INFO     | eval.evaluation.evaluation:evaluate_single_query:275 - wide2deep_ws_en_059, df_inner shape: (21, 8), answer_df shape: (21, 4), response_df shape: (21, 5)
2026-08-14 16:10:44.752 | DEBUG    | eval.evaluation.evaluation:metric_call:77 - metric_func_name exact_match score 1.0 msg exact match, response: 2005, target: 2005
2026-08-14 16:10:44.752 | DEBUG    | eval.evaluation.evaluation:metric_call:77 - metric_func_name exact_match score 1.0 msg exact match, response: 2005, target: 2005
2026-08-14 16:10:44.752 | DEBUG    | eval.evaluation.evaluation:metric_call:77 - metric_func_name exact_match score 1.0 msg exact match, response: 2005, target: 2005
2026-08-14 16:10:44.753 | DEBUG    | eval.evaluation.evaluation:metric_call:77 - metric_func_name exact_match score 1.0 msg exact match, response: 2006, target: 2006
2026-08-14 16:10:44.753 | DEBUG    | eval.evaluation.evaluation:metric_call:77 - metric_func_name exact_match score 1.0 msg exact match, response: 2006, target: 2006
2026-08-14 16:10:44.753 | DEBUG    | eval.evaluation.evaluation:metric_call:77 - metric_func_name exact_match score 1.0 msg exact match, response: 2006, target: 2006
2026-08-14 16:10:44.753 | DEBUG    | eval.evaluation.evaluation:metric_call:77 - metric_func_name exact_match score 1.0 msg exact match, response: 2007, target: 2007
2026-08-14 16:10:44.753 | DEBUG    | eval.evaluation.evaluation:metric_call:77 - metric_func_name exact_match score 1.0 msg exact match, response: 2007, target: 2007
2026-08-14 16:10:44.753 | DEBUG    | eval.evaluation.evaluation:metric_call:77 - metric_func_name exact_match score 1.0 msg exact match, response: 2007, target: 2007
2026-08-14 16:10:44.753 | DEBUG    | eval.evaluation.evaluation:metric_call:77 - metric_func_name exact_match score 1.0 msg exact match, response: 2008, target: 2008
2026-08-14 16:10:44.753 | DEBUG    | eval.evaluation.evaluation:metric_call:77 - metric_func_name exact_match score 1.0 msg exact match, response: 2008, target: 2008
2026-08-14 16:10:44.753 | DEBUG    | eval.evaluation.evaluation:metric_call:77 - metric_func_name exact_match score 1.0 msg exact match, response: 2008, target: 2008
2026-08-14 16:10:44.753 | DEBUG    | eval.evaluation.evaluation:metric_call:77 - metric_func_name exact_match score 1.0 msg exact match, response: 2009, target: 2009
2026-08-14 16:10:44.753 | DEBUG    | eval.evaluation.evaluation:metric_call:77 - metric_func_name exact_match score 1.0 msg exact match, response: 2009, target: 2009
2026-08-14 16:10:44.753 | DEBUG    | eval.evaluation.evaluation:metric_call:77 - metric_func_name exact_match score 1.0 msg exact match, response: 2009, target: 2009
2026-08-14 16:10:44.753 | DEBUG    | eval.evaluation.evaluation:metric_call:77 - metric_func_name exact_match score 1.0 msg exact match, response: 2010, target: 2010
2026-08-14 16:10:44.753 | DEBUG    | eval.evaluation.evaluation:metric_call:77 - metric_func_name exact_match score 1.0 msg exact match, response: 2011, target: 2011
2026-08-14 16:10:44.753 | DEBUG    | eval.evaluation.evaluation:metric_call:77 - metric_func_name exact_match score 1.0 msg exact match, response: 2012, target: 2012
2026-08-14 16:10:44.753 | DEBUG    | eval.evaluation.evaluation:metric_call:77 - metric_func_name exact_match score 1.0 msg exact match, response: 2013, target: 2013
2026-08-14 16:10:44.753 | DEBUG    | eval.evaluation.evaluation:metric_call:77 - metric_func_name exact_match score 1.0 msg exact match, response: 2014, target: 2014
2026-08-14 16:10:44.753 | DEBUG    | eval.evaluation.evaluation:metric_call:77 - metric_func_name exact_match score 1.0 msg exact match, response: 2015, target: 2015
2026-08-14 16:10:44.754 | DEBUG    | eval.evaluation.evaluation:evaluate_single_query:321 - wide2deep_ws_en_059, col awardyear, metric_func_name exact_match, score [1.0, 1.0, 1.0, 1.0, 1.0, 1.0, 1.0, 1.0, 1.0, 1.0, 1.0, 1.0, 1.0, 1.0, 1.0, 1.0, 1.0, 1.0, 1.0, 1.0, 1.0]
2026-08-14 16:10:51.642 | DEBUG    | eval.evaluation.evaluation:evaluate_single_query:321 - wide2deep_ws_en_059, col talktitle, metric_func_name llm_judge, score [0, 1, 1, 1, 1, 1, 1, 1, 1, 1, 1, 1, 1, 1, 1, 1, 1, 1, 1, 1, 1]
2026-08-14 16:10:57.747 | DEBUG    | eval.evaluation.evaluation:evaluate_single_query:321 - wide2deep_ws_en_059, col eventcity, metric_func_name llm_judge, score [1, 1, 1, 1, 1, 1, 1, 1, 1, 1, 1, 1, 1, 1, 1, 1, 1, 0, 1, 1, 1]
2026-08-14 16:10:57.753 | INFO     | eval.evaluation.evaluation:evaluate_single_query:380 - wide2deep_ws_en_059, P/R/F1 by unique_columns: 1.0000/1.0000/1.0000
2026-08-14 16:10:57.753 | INFO     | eval.evaluation.evaluation:evaluate_single_query:383 - wide2deep_ws_en_059, P/R/F1 by row: 0.9048/0.9048/0.9048
2026-08-14 16:10:57.753 | INFO     | eval.evaluation.evaluation:evaluate_single_query:386 - wide2deep_ws_en_059, P/R/F1 by item: 0.9762/0.9762/0.9762
2026-08-14 16:10:57.754 | INFO     | eval.evaluation.evaluation:evaluate_single_query:398 - wide2deep_ws_en_059, final table score: 0.0
{"event": "eval_done", "idx": 3, "instance_id": "wide2deep_ws_en_059", "score": 0.0, "entity_acc": 1.0, "f1_by_row": 0.9047619047619048, "f1_by_item": 0.9761904761904762, "column_f1": 1.0, "error": null, "elapsed_seconds": 20.839, "running_n": 3}
2026-08-14 16:10:59.547 | DEBUG    | eval.evaluation.data_loader:extract_dataframe:167 - find markdown_str 
| Annual | Award Category | Winning Song/Album | Performer(s) | ...
2026-08-14 16:11:03.190 | INFO     | eval.evaluation.metric_utils:primary_key_preprocess:246 - primary_key_preprocess result: ```json
{
  "62": "62"
}
```
2026-08-14 16:11:03.190 | INFO     | eval.evaluation.evaluation:evaluate_single_query:223 - col: annual, primary_key_map {'62': '62'}
2026-08-14 16:11:09.450 | INFO     | eval.evaluation.metric_utils:primary_key_preprocess:246 - primary_key_preprocess result: ```json
{
  "Best Rap Performance": "Best Rap Performance",
  "Best Rap/Sung Performance": "Best Rap/Sung Performance (aka Best Rap/Sung Collaboration or Best Melodic Rap Performance)",
  "Best Rap Song": "Best Rap Song",
  "Best Rap Album": "Best Rap Album"
}
```
2026-08-14 16:11:09.450 | INFO     | eval.evaluation.evaluation:evaluate_single_query:223 - col: awardcategory, primary_key_map {'Best Rap Performance': 'Best Rap Performance', 'Best Rap/Sung Performance': 'Best Rap/Sung Performance (aka Best Rap/Sung Collaboration or Best Melodic Rap Performance)', 'Best Rap Song': 'Best Rap Song', 'Best Rap Album': 'Best Rap Album'}
2026-08-14 16:11:13.447 | INFO     | eval.evaluation.metric_utils:primary_key_preprocess:246 - primary_key_preprocess result: ```json
{
  "Racks In The Middle": "Racks In The Middle",
  "Higher": "Higher",
  "A Lot": "A Lot",
  "IGOR": "Igor"
}
```
2026-08-14 16:11:13.447 | INFO     | eval.evaluation.evaluation:evaluate_single_query:223 - col: winningsong/album, primary_key_map {'Racks In The Middle': 'Racks In The Middle', 'Higher': 'Higher', 'A Lot': 'A Lot', 'IGOR': 'Igor'}
2026-08-14 16:11:13.453 | INFO     | eval.evaluation.evaluation:evaluate_single_query:275 - wide2deep_ws_en_075, df_inner shape: (4, 8), answer_df shape: (125, 4), response_df shape: (4, 7)
2026-08-14 16:11:17.723 | DEBUG    | eval.evaluation.evaluation:evaluate_single_query:321 - wide2deep_ws_en_075, col performer(s), metric_func_name llm_judge, score [1, 1, 1, 1]
2026-08-14 16:11:17.727 | INFO     | eval.evaluation.evaluation:evaluate_single_query:380 - wide2deep_ws_en_075, P/R/F1 by unique_columns: 1.0000/0.0320/0.0620
2026-08-14 16:11:17.727 | INFO     | eval.evaluation.evaluation:evaluate_single_query:383 - wide2deep_ws_en_075, P/R/F1 by row: 1.0000/0.0320/0.0620
2026-08-14 16:11:17.727 | INFO     | eval.evaluation.evaluation:evaluate_single_query:386 - wide2deep_ws_en_075, P/R/F1 by item: 1.0000/0.0320/0.0620
2026-08-14 16:11:17.729 | INFO     | eval.evaluation.evaluation:evaluate_single_query:398 - wide2deep_ws_en_075, final table score: 0.0
{"event": "eval_done", "idx": 4, "instance_id": "wide2deep_ws_en_075", "score": 0.0, "entity_acc": 1.0, "f1_by_row": 0.06201550387596899, "f1_by_item": 0.06201550387596899, "column_f1": 0.06201550387596899, "error": null, "elapsed_seconds": 19.955, "running_n": 4}
{"event": "eval_done", "idx": 5, "instance_id": "wide2deep_ws_en_094", "score": 0.0, "entity_acc": 0.0, "f1_by_row": 0.0, "f1_by_item": 0.0, "column_f1": 0.0, "error": null, "elapsed_seconds": 2.131, "running_n": 5}
2026-08-14 16:11:23.402 | DEBUG    | eval.evaluation.data_loader:extract_dataframe:167 - find markdown_str 
| Camera Model | Effective Pixels | Weight | Maximum Frames per ...
2026-08-14 16:11:28.761 | INFO     | eval.evaluation.metric_utils:primary_key_preprocess:246 - primary_key_preprocess result: ```json
{
  "Nikon Z 7": "Z7",
  "Nikon Z 6": "Z6",
  "Nikon Z 50": "Z50",
  "Nikon Z 5": "Z5",
  "Nikon Z 7II": "Z7Ⅱ",
  "Nikon Z 6II": "Z6Ⅱ",
  "Nikon Z fc": "Zfc",
  "Nikon Z 9": "Z9",
  "Nikon Z 30": "Z30",
  "Nikon Z 8": "Z8",
  "Nikon Z f": "Zf",
  "Nikon Z 6III": "Z6Ⅲ",
  "Nikon Z 50II": "Z50Ⅱ",
  "Nikon Z 5II": "Z5Ⅱ"
}
```
2026-08-14 16:11:28.761 | INFO     | eval.evaluation.evaluation:evaluate_single_query:223 - col: cameramodel, primary_key_map {'Nikon Z 7': 'Z7', 'Nikon Z 6': 'Z6', 'Nikon Z 50': 'Z50', 'Nikon Z 5': 'Z5', 'Nikon Z 7II': 'Z7Ⅱ', 'Nikon Z 6II': 'Z6Ⅱ', 'Nikon Z fc': 'Zfc', 'Nikon Z 9': 'Z9', 'Nikon Z 30': 'Z30', 'Nikon Z 8': 'Z8', 'Nikon Z f': 'Zf', 'Nikon Z 6III': 'Z6Ⅲ', 'Nikon Z 50II': 'Z50Ⅱ', 'Nikon Z 5II': 'Z5Ⅱ'}
2026-08-14 16:11:28.769 | INFO     | eval.evaluation.evaluation:evaluate_single_query:275 - wide2deep_ws_en_096, df_inner shape: (14, 18), answer_df shape: (14, 9), response_df shape: (14, 10)
2026-08-14 16:11:38.894 | DEBUG    | eval.evaluation.evaluation:evaluate_single_query:321 - wide2deep_ws_en_096, col effectivepixels, metric_func_name llm_judge, score [1, 1, 1, 1, 1, 1, 1, 1, 1, 1, 1, 1, 1, 1]
2026-08-14 16:11:38.895 | DEBUG    | eval.evaluation.evaluation:metric_call:77 - metric_func_name number_near score 1.0 msg number near in range 5.0%, response: 1340.0, target: 1340.0
2026-08-14 16:11:38.895 | DEBUG    | eval.evaluation.evaluation:metric_call:77 - metric_func_name number_near score 1.0 msg number near in range 5.0%, response: 910.0, target: 910.0
2026-08-14 16:11:38.895 | DEBUG    | eval.evaluation.evaluation:metric_call:77 - metric_func_name number_near score 1.0 msg number near in range 5.0%, response: 705.0, target: 705.0
2026-08-14 16:11:38.895 | DEBUG    | eval.evaluation.evaluation:metric_call:77 - metric_func_name number_near score 1.0 msg number near in range 5.0%, response: 675.0, target: 675.0
2026-08-14 16:11:38.895 | DEBUG    | eval.evaluation.evaluation:metric_call:77 - metric_func_name number_near score 1.0 msg number near in range 5.0%, response: 760.0, target: 760.0
2026-08-14 16:11:38.895 | DEBUG    | eval.evaluation.evaluation:metric_call:77 - metric_func_name number_near score 1.0 msg number near in range 5.0%, response: 705.0, target: 705.0
2026-08-14 16:11:38.895 | DEBUG    | eval.evaluation.evaluation:metric_call:77 - metric_func_name number_near score 1.0 msg number near in range 5.0%, response: 675.0, target: 675.0
2026-08-14 16:11:38.895 | DEBUG    | eval.evaluation.evaluation:metric_call:77 - metric_func_name number_near score 1.0 msg number near in range 5.0%, response: 700.0, target: 700.0
2026-08-14 16:11:38.895 | DEBUG    | eval.evaluation.evaluation:metric_call:77 - metric_func_name number_near score 1.0 msg number near in range 5.0%, response: 675.0, target: 675.0
2026-08-14 16:11:38.895 | DEBUG    | eval.evaluation.evaluation:metric_call:77 - metric_func_name number_near score 1.0 msg number near in range 5.0%, response: 710.0, target: 710.0
2026-08-14 16:11:38.895 | DEBUG    | eval.evaluation.evaluation:metric_call:77 - metric_func_name number_near score 1.0 msg number near in range 5.0%, response: 445.0, target: 445.0
2026-08-14 16:11:38.895 | DEBUG    | eval.evaluation.evaluation:metric_call:77 - metric_func_name number_near score 1.0 msg number near in range 5.0%, response: 550.0, target: 550.0
2026-08-14 16:11:38.895 | DEBUG    | eval.evaluation.evaluation:metric_call:77 - metric_func_name number_near score 1.0 msg number near in range 5.0%, response: 450.0, target: 450.0
2026-08-14 16:11:38.895 | DEBUG    | eval.evaluation.evaluation:metric_call:77 - metric_func_name number_near score 1.0 msg number near in range 5.0%, response: 405.0, target: 405.0
2026-08-14 16:11:38.896 | DEBUG    | eval.evaluation.evaluation:evaluate_single_query:321 - wide2deep_ws_en_096, col weight, metric_func_name number_near, score [1.0, 1.0, 1.0, 1.0, 1.0, 1.0, 1.0, 1.0, 1.0, 1.0, 1.0, 1.0, 1.0, 1.0]
2026-08-14 16:11:38.896 | DEBUG    | eval.evaluation.evaluation:metric_call:77 - metric_func_name exact_match score 0.0 msg exact not match, response: 120fps(11mpjpeg);30fpsatfullresolution, target: 120fps
2026-08-14 16:11:38.896 | DEBUG    | eval.evaluation.evaluation:metric_call:77 - metric_func_name exact_match score 0.0 msg exact not match, response: 120fps(11mpjpeg);30fpsatfullresolution, target: 120fps
2026-08-14 16:11:38.896 | DEBUG    | eval.evaluation.evaluation:metric_call:77 - metric_func_name exact_match score 1.0 msg exact match, response: 10fps, target: 10fps
2026-08-14 16:11:38.896 | DEBUG    | eval.evaluation.evaluation:metric_call:77 - metric_func_name exact_match score 1.0 msg exact match, response: 9fps, target: 9fps
2026-08-14 16:11:38.896 | DEBUG    | eval.evaluation.evaluation:metric_call:77 - metric_func_name exact_match score 0.0 msg exact not match, response: 120fps(dx-formatjpeg);60fpsatfullresolution, target: 120fps
2026-08-14 16:11:38.896 | DEBUG    | eval.evaluation.evaluation:metric_call:77 - metric_func_name exact_match score 1.0 msg exact match, response: 14fps, target: 14fps
2026-08-14 16:11:38.896 | DEBUG    | eval.evaluation.evaluation:metric_call:77 - metric_func_name exact_match score 1.0 msg exact match, response: 12fps, target: 12fps
2026-08-14 16:11:38.896 | DEBUG    | eval.evaluation.evaluation:metric_call:77 - metric_func_name exact_match score 0.0 msg exact not match, response: 30fps(jpeg);14fpsraw, target: 30fps
2026-08-14 16:11:38.897 | DEBUG    | eval.evaluation.evaluation:metric_call:77 - metric_func_name exact_match score 1.0 msg exact match, response: 4.5fps, target: 4.5fps
2026-08-14 16:11:38.897 | DEBUG    | eval.evaluation.evaluation:metric_call:77 - metric_func_name exact_match score 0.0 msg exact not match, response: 30fps(jpeg);14fpsraw, target: 30fps
2026-08-14 16:11:38.897 | DEBUG    | eval.evaluation.evaluation:metric_call:77 - metric_func_name exact_match score 1.0 msg exact match, response: 11fps, target: 11fps
2026-08-14 16:11:38.897 | DEBUG    | eval.evaluation.evaluation:metric_call:77 - metric_func_name exact_match score 0.0 msg exact not match, response: 30fps(jpeg);11fpsraw, target: 30fps
2026-08-14 16:11:38.897 | DEBUG    | eval.evaluation.evaluation:metric_call:77 - metric_func_name exact_match score 1.0 msg exact match, response: 11fps, target: 11fps
2026-08-14 16:11:38.897 | DEBUG    | eval.evaluation.evaluation:metric_call:77 - metric_func_name exact_match score 1.0 msg exact match, response: 11fps, target: 11fps
2026-08-14 16:11:38.897 | DEBUG    | eval.evaluation.evaluation:evaluate_single_query:321 - wide2deep_ws_en_096, col maximumframespersecond, metric_func_name exact_match, score [0.0, 0.0, 1.0, 1.0, 0.0, 1.0, 1.0, 0.0, 1.0, 0.0, 1.0, 0.0, 1.0, 1.0]
2026-08-14 16:12:12.511 | DEBUG    | eval.evaluation.evaluation:evaluate_single_query:321 - wide2deep_ws_en_096, col shutterspeedrange, metric_func_name llm_judge, score [0, 0, 0, 1, 0, 0, 1, 0, 1, 0, 0, 0, 0, 0]
2026-08-14 16:12:20.475 | DEBUG    | eval.evaluation.evaluation:evaluate_single_query:321 - wide2deep_ws_en_096, col highestnumberoffocuspoints, metric_func_name llm_judge, score [1, 1, 1, 1, 1, 1, 1, 1, 1, 0, 1, 1, 1, 1]
2026-08-14 16:12:28.587 | DEBUG    | eval.evaluation.evaluation:evaluate_single_query:321 - wide2deep_ws_en_096, col digitalimageprocessor, metric_func_name llm_judge, score [1, 1, 1, 1, 1, 1, 1, 1, 1, 1, 1, 1, 1, 1]
2026-08-14 16:12:34.803 | DEBUG    | eval.evaluation.evaluation:evaluate_single_query:321 - wide2deep_ws_en_096, col isorange, metric_func_name llm_judge, score [1, 1, 1, 1, 1, 1, 1, 1, 1, 1, 1, 1, 1, 1]
2026-08-14 16:12:42.717 | DEBUG    | eval.evaluation.evaluation:evaluate_single_query:321 - wide2deep_ws_en_096, col in-cameravibrationreductiontechnology, metric_func_name llm_judge, score [1, 1, 1, 1, 1, 1, 1, 1, 1, 1, 1, 1, 1, 1]
2026-08-14 16:12:42.722 | INFO     | eval.evaluation.evaluation:evaluate_single_query:380 - wide2deep_ws_en_096, P/R/F1 by unique_columns: 1.0000/1.0000/1.0000
2026-08-14 16:12:42.722 | INFO     | eval.evaluation.evaluation:evaluate_single_query:383 - wide2deep_ws_en_096, P/R/F1 by row: 0.2143/0.2143/0.2143
2026-08-14 16:12:42.722 | INFO     | eval.evaluation.evaluation:evaluate_single_query:386 - wide2deep_ws_en_096, P/R/F1 by item: 0.8571/0.8571/0.8571
2026-08-14 16:12:42.724 | INFO     | eval.evaluation.evaluation:evaluate_single_query:398 - wide2deep_ws_en_096, final table score: 0.0
{"event": "eval_done", "idx": 6, "instance_id": "wide2deep_ws_en_096", "score": 0.0, "entity_acc": 1.0, "f1_by_row": 0.21428571428571427, "f1_by_item": 0.8571428571428571, "column_f1": 1.0, "error": null, "elapsed_seconds": 82.796, "running_n": 6}
{"event": "eval_done", "idx": 7, "instance_id": "wide2deep_ws_zh_053", "score": 0.0, "entity_acc": 0.0, "f1_by_row": 0.0, "f1_by_item": 0.0, "column_f1": 0.0, "error": null, "elapsed_seconds": 5.277, "running_n": 7}
SUMMARY {"n": 7, "valid_n": 7, "errors": 0, "complete": true, "judge_calls_current_process": 24, "score": 0.0, "entity_acc": 0.5714285714285714, "precision_by_row": 0.3741496598639456, "recall_by_row": 0.2358639455782313, "f1_by_row": 0.2401518747033697, "precision_by_item": 0.5190476190476191, "recall_by_item": 0.38076190476190475, "f1_by_item": 0.3850498338870432, "column_precision": 0.5714285714285714, "column_recall": 0.43314285714285716, "column_f1": 0.4374307862679956}
