INFO: Pandarallel will run on 8 workers.
INFO: Pandarallel will use Memory file system to transfer data between the main process and workers.
{"event": "eval_start", "selected": 7, "resume_committed": 0, "committed_errors": 0, "crash_only_resume": false}
{"event": "eval_done", "idx": 1, "instance_id": "deep2wide_result_8_保罗高更", "score": 0.0, "entity_acc": 0.0, "f1_by_row": 0.0, "f1_by_item": 0.0, "column_f1": 0.0, "error": null, "elapsed_seconds": 2.121, "running_n": 1}
{"event": "eval_done", "idx": 2, "instance_id": "deep2wide_result_9_凌洁", "score": 0.0, "entity_acc": 0.0, "f1_by_row": 0.0, "f1_by_item": 0.0, "column_f1": 0.0, "error": null, "elapsed_seconds": 6.935, "running_n": 2}
{"event": "eval_done", "idx": 3, "instance_id": "deep2wide_result_10_蒂特", "score": 0.0, "entity_acc": 0.0, "f1_by_row": 0.0, "f1_by_item": 0.0, "column_f1": 0.0, "error": null, "elapsed_seconds": 5.131, "running_n": 3}
{"event": "eval_done", "idx": 4, "instance_id": "deep2wide_result_11_印毅俊", "score": 0.0, "entity_acc": 0.0, "f1_by_row": 0.0, "f1_by_item": 0.0, "column_f1": 0.0, "error": null, "elapsed_seconds": 6.249, "running_n": 4}
{"event": "eval_done", "idx": 5, "instance_id": "deep2wide_result_13_张国立", "score": 0.0, "entity_acc": 0.0, "f1_by_row": 0.0, "f1_by_item": 0.0, "column_f1": 0.0, "error": null, "elapsed_seconds": 8.608, "running_n": 5}
2026-08-14 16:10:59.777 | DEBUG    | eval.evaluation.data_loader:extract_dataframe:167 - find markdown_str 
| 电视剧名称 | 开播时间 | 角色名 |
| --- | --- | --- |
| 匆匆那年：好久不见 | Dec 28 ...
2026-08-14 16:11:08.959 | INFO     | eval.evaluation.metric_utils:primary_key_preprocess:246 - primary_key_preprocess result: ```json
{
  "一起同过窗": "2016",
  "那片星空那片海第二季": "2017",
  "开封奇谈": "2017",
  "一起同过窗第二季": "2017",
  "重明卫：大明机密": "2018",
  "皓镧传": "2019",
  "我的单板女孩": "2019",
  "蓬莱间": "2020",
  "我的小确幸": "2021",
  "你给我的喜欢": "2023"
}
```
2026-08-14 16:11:08.959 | INFO     | eval.evaluation.evaluation:evaluate_single_query:223 - col: 电视剧名称, primary_key_map {'一起同过窗': '2016', '那片星空那片海第二季': '2017', '开封奇谈': '2017', '一起同过窗第二季': '2017', '重明卫：大明机密': '2018', '皓镧传': '2019', '我的单板女孩': '2019', '蓬莱间': '2020', '我的小确幸': '2021', '你给我的喜欢': '2023'}
2026-08-14 16:11:10.425 | INFO     | eval.evaluation.evaluation:evaluate_single_query:275 - deep2wide_result_14_李川, df_inner shape: (10, 6), answer_df shape: (8, 3), response_df shape: (14, 4)
2026-08-14 16:11:10.435 | DEBUG    | eval.evaluation.evaluation:metric_call:77 - metric_func_name date_near score 0.0 msg date not convertable, response: 2016-07-15, target: 《一起同过窗》
2026-08-14 16:11:10.442 | DEBUG    | eval.evaluation.evaluation:metric_call:77 - metric_func_name date_near score 0.0 msg date not convertable, response: 2017-10-02, target: 《那片星空那片海第二季》
2026-08-14 16:11:10.450 | DEBUG    | eval.evaluation.evaluation:metric_call:77 - metric_func_name date_near score 0.0 msg date not convertable, response: 2017-10-30, target: 《那片星空那片海第二季》
2026-08-14 16:11:10.457 | DEBUG    | eval.evaluation.evaluation:metric_call:77 - metric_func_name date_near score 0.0 msg date not convertable, response: 2017-11-30, target: 《那片星空那片海第二季》
2026-08-14 16:11:10.464 | DEBUG    | eval.evaluation.evaluation:metric_call:77 - metric_func_name date_near score 0.0 msg date not convertable, response: 2018-12-11, target: 《重明卫：大明机密》
2026-08-14 16:11:10.471 | DEBUG    | eval.evaluation.evaluation:metric_call:77 - metric_func_name date_near score 0.0 msg date not convertable, response: 2019-01-19, target: 《皓镧传》
2026-08-14 16:11:10.477 | DEBUG    | eval.evaluation.evaluation:metric_call:77 - metric_func_name date_near score 0.0 msg date not convertable, response: 2019-07-31, target: 《皓镧传》
2026-08-14 16:11:10.484 | DEBUG    | eval.evaluation.evaluation:metric_call:77 - metric_func_name date_near score 0.0 msg date not convertable, response: 2020-01-06, target: 《蓬莱间》
2026-08-14 16:11:10.490 | DEBUG    | eval.evaluation.evaluation:metric_call:77 - metric_func_name date_near score 0.0 msg date not convertable, response: 2021-01-13, target: 《我的小确幸》
2026-08-14 16:11:10.497 | DEBUG    | eval.evaluation.evaluation:metric_call:77 - metric_func_name date_near score 0.0 msg date not convertable, response: 2023-04-24, target: 《你给我的喜欢》
2026-08-14 16:11:10.498 | DEBUG    | eval.evaluation.evaluation:evaluate_single_query:321 - deep2wide_result_14_李川, col 开播时间, metric_func_name date_near, score [0.0, 0.0, 0.0, 0.0, 0.0, 0.0, 0.0, 0.0, 0.0, 0.0]
2026-08-14 16:11:16.231 | DEBUG    | eval.evaluation.evaluation:evaluate_single_query:321 - deep2wide_result_14_李川, col 角色名, metric_func_name llm_judge, score [1, 1, 0, 0, 1, 1, 0, 0, 1, 1]
2026-08-14 16:11:16.237 | INFO     | eval.evaluation.evaluation:evaluate_single_query:380 - deep2wide_result_14_李川, P/R/F1 by unique_columns: 0.7143/1.2500/0.9091
2026-08-14 16:11:16.237 | INFO     | eval.evaluation.evaluation:evaluate_single_query:383 - deep2wide_result_14_李川, P/R/F1 by row: 0.0000/0.0000/0.0000
2026-08-14 16:11:16.239 | INFO     | eval.evaluation.evaluation:evaluate_single_query:386 - deep2wide_result_14_李川, P/R/F1 by item: 0.3810/0.6667/0.4848
2026-08-14 16:11:16.241 | INFO     | eval.evaluation.evaluation:evaluate_single_query:398 - deep2wide_result_14_李川, final table score: 0.0
{"event": "eval_done", "idx": 6, "instance_id": "deep2wide_result_14_李川", "score": null, "entity_acc": null, "f1_by_row": null, "f1_by_item": null, "column_f1": null, "error": "RuntimeError: official evaluator returned out-of-range metrics: {'column_recall': np.float64(1.25)}", "elapsed_seconds": 43.745, "running_n": 6}
2026-08-14 16:11:23.221 | DEBUG    | eval.evaluation.data_loader:extract_dataframe:167 - find markdown_str 
| 电影名称 | 上映时间 | 饰演角色 | 导演 | 主演 |
| --- | --- | --- | --- | ---  ...
2026-08-14 16:11:33.187 | INFO     | eval.evaluation.metric_utils:primary_key_preprocess:246 - primary_key_preprocess result: ```json
{
  "摩登年代": "摩登年代",
  "老男孩之猛龙过江": "老男孩之猛龙过江",
  "唐人街探案": "唐人街探案",
  "情圣": "情圣",
  "唐人街探案2": "唐人街探案2",
  "天气预爆": "天气预爆",
  "误杀": "误杀",
  "人潮汹涌": "人潮汹涌",
  "我的姐姐": "我的姐姐",
  "唐人街探案3": "唐人街探案3",
  "误杀2": "误杀2",
  "八角笼中": "八角笼中",
  "扫黑·决不放弃": "扫黑·决不放弃",
  "解密": "解密",
  "祝你幸福！": "祝你幸福！",
  "出入平安": "出入平安"
}
```
2026-08-14 16:11:33.187 | INFO     | eval.evaluation.evaluation:evaluate_single_query:223 - col: 电影名称, primary_key_map {'摩登年代': '摩登年代', '老男孩之猛龙过江': '老男孩之猛龙过江', '唐人街探案': '唐人街探案', '情圣': '情圣', '唐人街探案2': '唐人街探案2', '天气预爆': '天气预爆', '误杀': '误杀', '人潮汹涌': '人潮汹涌', '我的姐姐': '我的姐姐', '唐人街探案3': '唐人街探案3', '误杀2': '误杀2', '八角笼中': '八角笼中', '扫黑·决不放弃': '扫黑·决不放弃', '解密': '解密', '祝你幸福！': '祝你幸福！', '出入平安': '出入平安'}
2026-08-14 16:11:33.271 | INFO     | eval.evaluation.evaluation:evaluate_single_query:275 - deep2wide_result_15_肖央, df_inner shape: (16, 10), answer_df shape: (35, 5), response_df shape: (20, 6)
2026-08-14 16:11:33.274 | DEBUG    | eval.evaluation.evaluation:metric_call:77 - metric_func_name date_near score 1.0 msg date near, response: 2024-09-30 00:00:00, target: 2024-09-30 00:00:00
2026-08-14 16:11:33.276 | DEBUG    | eval.evaluation.evaluation:metric_call:77 - metric_func_name date_near score 1.0 msg date near, response: 2024-09-15 00:00:00, target: 2024-09-15 00:00:00
2026-08-14 16:11:33.278 | DEBUG    | eval.evaluation.evaluation:metric_call:77 - metric_func_name date_near score 1.0 msg date near, response: 2024-08-03 00:00:00, target: 2024-08-03 00:00:00
2026-08-14 16:11:33.281 | DEBUG    | eval.evaluation.evaluation:metric_call:77 - metric_func_name date_near score 1.0 msg date near, response: 2024-06-08 00:00:00, target: 2024-06-08 00:00:00
2026-08-14 16:11:33.283 | DEBUG    | eval.evaluation.evaluation:metric_call:77 - metric_func_name date_near score 1.0 msg date near, response: 2023-07-06 00:00:00, target: 2023-07-06 00:00:00
2026-08-14 16:11:33.285 | DEBUG    | eval.evaluation.evaluation:metric_call:77 - metric_func_name date_near score 1.0 msg date near, response: 2021-12-17 00:00:00, target: 2021-12-17 00:00:00
2026-08-14 16:11:33.287 | DEBUG    | eval.evaluation.evaluation:metric_call:77 - metric_func_name date_near score 1.0 msg date near, response: 2021-04-02 00:00:00, target: 2021-04-02 00:00:00
2026-08-14 16:11:33.289 | DEBUG    | eval.evaluation.evaluation:metric_call:77 - metric_func_name date_near score 1.0 msg date near, response: 2021-02-12 00:00:00, target: 2021-02-12 00:00:00
2026-08-14 16:11:33.291 | DEBUG    | eval.evaluation.evaluation:metric_call:77 - metric_func_name date_near score 1.0 msg date near, response: 2021-02-12 00:00:00, target: 2021-02-12 00:00:00
2026-08-14 16:11:33.294 | DEBUG    | eval.evaluation.evaluation:metric_call:77 - metric_func_name date_near score 1.0 msg date near, response: 2019-12-13 00:00:00, target: 2019-12-13 00:00:00
2026-08-14 16:11:33.296 | DEBUG    | eval.evaluation.evaluation:metric_call:77 - metric_func_name date_near score 1.0 msg date near, response: 2018-12-21 00:00:00, target: 2018-12-21 00:00:00
2026-08-14 16:11:33.298 | DEBUG    | eval.evaluation.evaluation:metric_call:77 - metric_func_name date_near score 1.0 msg date near, response: 2018-02-16 00:00:00, target: 2018-02-16 00:00:00
2026-08-14 16:11:33.300 | DEBUG    | eval.evaluation.evaluation:metric_call:77 - metric_func_name date_near score 1.0 msg date near, response: 2016-12-30 00:00:00, target: 2016-12-30 00:00:00
2026-08-14 16:11:33.303 | DEBUG    | eval.evaluation.evaluation:metric_call:77 - metric_func_name date_near score 1.0 msg date near, response: 2015-12-31 00:00:00, target: 2015-12-31 00:00:00
2026-08-14 16:11:33.305 | DEBUG    | eval.evaluation.evaluation:metric_call:77 - metric_func_name date_near score 1.0 msg date near, response: 2014-07-10 00:00:00, target: 2014-07-10 00:00:00
2026-08-14 16:11:33.307 | DEBUG    | eval.evaluation.evaluation:metric_call:77 - metric_func_name date_near score 1.0 msg date near, response: 2013-08-23 00:00:00, target: 2013-08-23 00:00:00
2026-08-14 16:11:33.308 | DEBUG    | eval.evaluation.evaluation:evaluate_single_query:321 - deep2wide_result_15_肖央, col 上映时间, metric_func_name date_near, score [1.0, 1.0, 1.0, 1.0, 1.0, 1.0, 1.0, 1.0, 1.0, 1.0, 1.0, 1.0, 1.0, 1.0, 1.0, 1.0]
2026-08-14 16:11:43.321 | DEBUG    | eval.evaluation.evaluation:evaluate_single_query:321 - deep2wide_result_15_肖央, col 饰演角色, metric_func_name llm_judge, score [1, 1, 1, 1, 0, 1, 0, 1, 1, 1, 1, 1, 1, 1, 1, 1]
2026-08-14 16:11:50.345 | DEBUG    | eval.evaluation.evaluation:evaluate_single_query:321 - deep2wide_result_15_肖央, col 导演, metric_func_name llm_judge, score [1, 1, 1, 1, 1, 1, 1, 1, 1, 1, 1, 1, 1, 1, 1, 0]
2026-08-14 16:12:10.547 | DEBUG    | eval.evaluation.evaluation:evaluate_single_query:321 - deep2wide_result_15_肖央, col 主演, metric_func_name llm_judge, score [0, 1, 1, 0, 1, 1, 1, 1, 0, 1, 1, 1, 1, 1, 0, 1]
2026-08-14 16:12:10.551 | INFO     | eval.evaluation.evaluation:evaluate_single_query:380 - deep2wide_result_15_肖央, P/R/F1 by unique_columns: 0.8000/0.4571/0.5818
2026-08-14 16:12:10.552 | INFO     | eval.evaluation.evaluation:evaluate_single_query:383 - deep2wide_result_15_肖央, P/R/F1 by row: 0.4500/0.2571/0.3273
2026-08-14 16:12:10.552 | INFO     | eval.evaluation.evaluation:evaluate_single_query:386 - deep2wide_result_15_肖央, P/R/F1 by item: 0.7300/0.4171/0.5309
2026-08-14 16:12:10.553 | INFO     | eval.evaluation.evaluation:evaluate_single_query:398 - deep2wide_result_15_肖央, final table score: 0.0
{"event": "eval_done", "idx": 7, "instance_id": "deep2wide_result_15_肖央", "score": 0.0, "entity_acc": 1.0, "f1_by_row": 0.32727272727272727, "f1_by_item": 0.5309090909090909, "column_f1": 0.5818181818181818, "error": null, "elapsed_seconds": 54.288, "running_n": 7}
SUMMARY {"n": 7, "valid_n": 6, "errors": 1, "complete": false, "judge_calls_current_process": 13, "score": 0.0, "entity_acc": 0.16666666666666666, "precision_by_row": 0.075, "recall_by_row": 0.04285714285714285, "f1_by_row": 0.05454545454545454, "precision_by_item": 0.12166666666666666, "recall_by_item": 0.06952380952380953, "f1_by_item": 0.08848484848484849, "column_precision": 0.13333333333333333, "column_recall": 0.07619047619047618, "column_f1": 0.09696969696969697}
