INFO: Pandarallel will run on 8 workers.
INFO: Pandarallel will use Memory file system to transfer data between the main process and workers.
{"event": "eval_start", "selected": 7, "resume_committed": 0, "committed_errors": 0, "crash_only_resume": false}
2026-08-08 22:01:44.673 | DEBUG    | eval.evaluation.data_loader:extract_dataframe:167 - find markdown_str 
| 区域名称 | 省份 | 认定年份 |
| --- | --- | --- |
| 汤山温泉旅游度假区 | 江苏省 | 20 ...
2026-08-08 22:01:57.753 | INFO     | eval.evaluation.metric_utils:primary_key_preprocess:246 - primary_key_preprocess result: ```json
{
  "汤山温泉旅游度假区": "汤山温泉旅游度假区",
  "天目湖旅游度假区": "天目湖旅游度假区",
  "东钱湖旅游度假区": "东钱湖旅游度假区",
  "太湖旅游度假区": "太湖旅游度假区",
  "湘湖旅游度假区": "浙江湘湖旅游度假区",
  "长白山旅游度假区": "长白山旅游度假区",
  "凤凰岛旅游度假区": "凤凰岛旅游度假区",
  "尧山温泉旅游度假区": "尧山温泉旅游度假区",
  "武当太极湖旅游度假区": "武当山太极湖旅游度假区",
  "灰汤温泉旅游度假区": "灰汤温泉旅游度假区",
  "东部华侨城旅游度假区": "东部华侨城旅游度假区",
  "仙女山旅游度假区": "仙女山旅游度假区",
  "邛海旅游度假区": "邛海旅游度假区",
  "阳宗海旅游度假区": "阳宗海旅游度假区",
  "西双版纳旅游度假区": "西双版纳旅游度假区",
  "北戴河旅游度假区": "河北省秦皇岛市北戴河度假区",
  "明月山温泉旅游度假区": "宜春市明月山温汤旅游度假区",
  "烟台金沙滩旅游度假区": "山东省烟台金沙滩旅游度假区",
  "亚龙湾旅游度假区": "三亚市亚龙湾旅游度假区",
  "赤水河谷旅游度假区": "赤水市赤水河谷旅游度假区",
  "鲁朗小镇旅游度假区": "林芝市鲁朗小镇旅游度假区",
  "沙坡头旅游度假区": "中卫大漠黄河（沙坡头）旅游度假区",
  "阳朔遇龙河旅游度假区": "桂林阳朔遇龙河旅游度假区",
  "太湖湾旅游度假区": "常州太湖湾旅游度假区",
  "抚仙湖旅游度假区": "玉溪抚仙湖旅游度假区",
  "成都天府青城康养休闲旅游度假区": "成都天府青城康养休闲旅游度假区",
  "巴伐利亚庄园旅游度假区": "河源巴伐利亚庄园",
  "崇礼冰雪旅游度假区": "崇礼冰雪旅游度假区",
  "亚布力滑雪旅游度假区": "亚布力滑雪旅游度假区",
  "上海佘山旅游度假区": "上海佘山国家旅游度假区",
  "半汤温泉养生旅游度假区": "合肥市巢湖半汤温泉养生度假区",
  "日照海滨旅游度假区": "日照山海天旅游度假区",
  "神农架木鱼旅游度假区": "湖北省神农架木鱼旅游度假区",
  "南天湖旅游度假区": "重庆丰都南天湖旅游度假区",
  "银滩旅游度假区": "北海银滩国家旅游度假区",
  "博鳌东屿岛旅游度假区": "琼海博鳌东屿岛旅游度假区",
  "安吉灵峰旅游度假区": "湖州市安吉灵峰旅游度假区",
  "仙女湖旅游度假区": "江西省新余市仙女湖七夕文化旅游度假区",
  "银基国际旅游度假区": "郑州银基国际旅游度假区",
  "横琴长隆国际海洋旅游度假区": "珠海横琴长隆国际海洋度假区",
  "阿尔山旅游度假区": "兴安盟阿尔山旅游度假区",
  "古北水镇国际休闲旅游度假区": "密云古北水镇国际休闲旅游度假区",
  "太行锡崖沟旅游度假区": "晋城太行锡崖沟旅游度假区",
  "长白山华美胜地旅游度假区": "长白山华美胜地旅游度假区",
  "上海国际旅游度假区": "上海市上海国际旅游度假区",
  "阳羡生态旅游度假区": "无锡市宜兴阳羡国家旅游度假区",
  "黟县国际乡村旅游度假区": "黄山黟县国际乡村旅游度假区",
  "蓬莱旅游度假区": "烟台市蓬莱旅游度假区",
  "宜宾蜀南竹海旅游度假区": "四川省宜宾蜀南竹海旅游度假区"
}
```
2026-08-08 22:01:57.753 | INFO     | eval.evaluation.evaluation:evaluate_single_query:223 - col: 区域名称, primary_key_map {'汤山温泉旅游度假区': '汤山温泉旅游度假区', '天目湖旅游度假区': '天目湖旅游度假区', '东钱湖旅游度假区': '东钱湖旅游度假区', '太湖旅游度假区': '太湖旅游度假区', '湘湖旅游度假区': '浙江湘湖旅游度假区', '长白山旅游度假区': '长白山旅游度假区', '凤凰岛旅游度假区': '凤凰岛旅游度假区', '尧山温泉旅游度假区': '尧山温泉旅游度假区', '武当太极湖旅游度假区': '武当山太极湖旅游度假区', '灰汤温泉旅游度假区': '灰汤温泉旅游度假区', '东部华侨城旅游度假区': '东部华侨城旅游度假区', '仙女山旅游度假区': '仙女山旅游度假区', '邛海旅游度假区': '邛海旅游度假区', '阳宗海旅游度假区': '阳宗海旅游度假区', '西双版纳旅游度假区': '西双版纳旅游度假区', '北戴河旅游度假区': '河北省秦皇岛市北戴河度假区', '明月山温泉旅游度假区': '宜春市明月山温汤旅游度假区', '烟台金沙滩旅游度假区': '山东省烟台金沙滩旅游度假区', '亚龙湾旅游度假区': '三亚市亚龙湾旅游度假区', '赤水河谷旅游度假区': '赤水市赤水河谷旅游度假区', '鲁朗小镇旅游度假区': '林芝市鲁朗小镇旅游度假区', '沙坡头旅游度假区': '中卫大漠黄河（沙坡头）旅游度假区', '阳朔遇龙河旅游度假区': '桂林阳朔遇龙河旅游度假区', '太湖湾旅游度假区': '常州太湖湾旅游度假区', '抚仙湖旅游度假区': '玉溪抚仙湖旅游度假区', '成都天府青城康养休闲旅游度假区': '成都天府青城康养休闲旅游度假区', '巴伐利亚庄园旅游度假区': '河源巴伐利亚庄园', '崇礼冰雪旅游度假区': '崇礼冰雪旅游度假区', '亚布力滑雪旅游度假区': '亚布力滑雪旅游度假区', '上海佘山旅游度假区': '上海佘山国家旅游度假区', '半汤温泉养生旅游度假区': '合肥市巢湖半汤温泉养生度假区', '日照海滨旅游度假区': '日照山海天旅游度假区', '神农架木鱼旅游度假区': '湖北省神农架木鱼旅游度假区', '南天湖旅游度假区': '重庆丰都南天湖旅游度假区', '银滩旅游度假区': '北海银滩国家旅游度假区', '博鳌东屿岛旅游度假区': '琼海博鳌东屿岛旅游度假区', '安吉灵峰旅游度假区': '湖州市安吉灵峰旅游度假区', '仙女湖旅游度假区': '江西省新余市仙女湖七夕文化旅游度假区', '银基国际旅游度假区': '郑州银基国际旅游度假区', '横琴长隆国际海洋旅游度假区': '珠海横琴长隆国际海洋度假区', '阿尔山旅游度假区': '兴安盟阿尔山旅游度假区', '古北水镇国际休闲旅游度假区': '密云古北水镇国际休闲旅游度假区', '太行锡崖沟旅游度假区': '晋城太行锡崖沟旅游度假区', '长白山华美胜地旅游度假区': '长白山华美胜地旅游度假区', '上海国际旅游度假区': '上海市上海国际旅游度假区', '阳羡生态旅游度假区': '无锡市宜兴阳羡国家旅游度假区', '黟县国际乡村旅游度假区': '黄山黟县国际乡村旅游度假区', '蓬莱旅游度假区': '烟台市蓬莱旅游度假区', '宜宾蜀南竹海旅游度假区': '四川省宜宾蜀南竹海旅游度假区'}
2026-08-08 22:01:57.760 | INFO     | eval.evaluation.evaluation:evaluate_single_query:275 - wide2deep_ws_zh_038, df_inner shape: (49, 6), answer_df shape: (85, 3), response_df shape: (85, 4)
2026-08-08 22:02:03.278 | DEBUG    | eval.evaluation.evaluation:evaluate_single_query:321 - wide2deep_ws_zh_038, col 省份, metric_func_name llm_judge, score [1, 1, 1, 1, 1, 1, 1, 1, 1, 1, 1, 1, 1, 1, 1, 1, 1, 1, 1, 1, 1, 1, 1, 1, 1, 1, 1, 1, 1, 1, 1, 1, 1, 1, 1, 1, 1, 1, 1, 1, 1, 1, 1, 1, 1, 1, 1, 1, 1]
2026-08-08 22:02:03.278 | DEBUG    | eval.evaluation.evaluation:metric_call:77 - metric_func_name number_near score 1.0 msg number near in range 0.0%, response: 2020.0, target: 2020.0
2026-08-08 22:02:03.278 | DEBUG    | eval.evaluation.evaluation:metric_call:77 - metric_func_name number_near score 1.0 msg number near in range 0.0%, response: 2015.0, target: 2015.0
2026-08-08 22:02:03.278 | DEBUG    | eval.evaluation.evaluation:metric_call:77 - metric_func_name number_near score 1.0 msg number near in range 0.0%, response: 2020.0, target: 2020.0
2026-08-08 22:02:03.278 | DEBUG    | eval.evaluation.evaluation:metric_call:77 - metric_func_name number_near score 1.0 msg number near in range 0.0%, response: 2020.0, target: 2020.0
2026-08-08 22:02:03.279 | DEBUG    | eval.evaluation.evaluation:metric_call:77 - metric_func_name number_near score 1.0 msg number near in range 0.0%, response: 2015.0, target: 2015.0
2026-08-08 22:02:03.279 | DEBUG    | eval.evaluation.evaluation:metric_call:77 - metric_func_name number_near score 0.0 msg number not near, response: 2024.0, target: 2018.0
2026-08-08 22:02:03.279 | DEBUG    | eval.evaluation.evaluation:metric_call:77 - metric_func_name number_near score 1.0 msg number near in range 0.0%, response: 2015.0, target: 2015.0
2026-08-08 22:02:03.279 | DEBUG    | eval.evaluation.evaluation:metric_call:77 - metric_func_name number_near score 0.0 msg number not near, response: 2019.0, target: 2020.0
2026-08-08 22:02:03.279 | DEBUG    | eval.evaluation.evaluation:metric_call:77 - metric_func_name number_near score 1.0 msg number near in range 0.0%, response: 2015.0, target: 2015.0
2026-08-08 22:02:03.279 | DEBUG    | eval.evaluation.evaluation:metric_call:77 - metric_func_name number_near score 1.0 msg number near in range 0.0%, response: 2015.0, target: 2015.0
2026-08-08 22:02:03.279 | DEBUG    | eval.evaluation.evaluation:metric_call:77 - metric_func_name number_near score 1.0 msg number near in range 0.0%, response: 2015.0, target: 2015.0
2026-08-08 22:02:03.279 | DEBUG    | eval.evaluation.evaluation:metric_call:77 - metric_func_name number_near score 0.0 msg number not near, response: 2022.0, target: 2018.0
2026-08-08 22:02:03.279 | DEBUG    | eval.evaluation.evaluation:metric_call:77 - metric_func_name number_near score 0.0 msg number not near, response: 2020.0, target: 2018.0
2026-08-08 22:02:03.279 | DEBUG    | eval.evaluation.evaluation:metric_call:77 - metric_func_name number_near score 0.0 msg number not near, response: 2017.0, target: 2018.0
2026-08-08 22:02:03.279 | DEBUG    | eval.evaluation.evaluation:metric_call:77 - metric_func_name number_near score 1.0 msg number near in range 0.0%, response: 2015.0, target: 2015.0
2026-08-08 22:02:03.279 | DEBUG    | eval.evaluation.evaluation:metric_call:77 - metric_func_name number_near score 0.0 msg number not near, response: 2024.0, target: 2018.0
2026-08-08 22:02:03.279 | DEBUG    | eval.evaluation.evaluation:metric_call:77 - metric_func_name number_near score 1.0 msg number near in range 0.0%, response: 2020.0, target: 2020.0
2026-08-08 22:02:03.279 | DEBUG    | eval.evaluation.evaluation:metric_call:77 - metric_func_name number_near score 1.0 msg number near in range 0.0%, response: 2015.0, target: 2015.0
2026-08-08 22:02:03.279 | DEBUG    | eval.evaluation.evaluation:metric_call:77 - metric_func_name number_near score 1.0 msg number near in range 0.0%, response: 2015.0, target: 2015.0
2026-08-08 22:02:03.279 | DEBUG    | eval.evaluation.evaluation:metric_call:77 - metric_func_name number_near score 1.0 msg number near in range 0.0%, response: 2015.0, target: 2015.0
2026-08-08 22:02:03.279 | DEBUG    | eval.evaluation.evaluation:metric_call:77 - metric_func_name number_near score 1.0 msg number near in range 0.0%, response: 2015.0, target: 2015.0
2026-08-08 22:02:03.279 | DEBUG    | eval.evaluation.evaluation:metric_call:77 - metric_func_name number_near score 1.0 msg number near in range 0.0%, response: 2019.0, target: 2019.0
2026-08-08 22:02:03.279 | DEBUG    | eval.evaluation.evaluation:metric_call:77 - metric_func_name number_near score 0.0 msg number not near, response: 2017.0, target: 2019.0
2026-08-08 22:02:03.279 | DEBUG    | eval.evaluation.evaluation:metric_call:77 - metric_func_name number_near score 0.0 msg number not near, response: 2017.0, target: 2018.0
2026-08-08 22:02:03.279 | DEBUG    | eval.evaluation.evaluation:metric_call:77 - metric_func_name number_near score 1.0 msg number near in range 0.0%, response: 2015.0, target: 2015.0
2026-08-08 22:02:03.279 | DEBUG    | eval.evaluation.evaluation:metric_call:77 - metric_func_name number_near score 1.0 msg number near in range 0.0%, response: 2020.0, target: 2020.0
2026-08-08 22:02:03.279 | DEBUG    | eval.evaluation.evaluation:metric_call:77 - metric_func_name number_near score 1.0 msg number near in range 0.0%, response: 2015.0, target: 2015.0
2026-08-08 22:02:03.279 | DEBUG    | eval.evaluation.evaluation:metric_call:77 - metric_func_name number_near score 1.0 msg number near in range 0.0%, response: 2019.0, target: 2019.0
2026-08-08 22:02:03.279 | DEBUG    | eval.evaluation.evaluation:metric_call:77 - metric_func_name number_near score 0.0 msg number not near, response: 2017.0, target: 2018.0
2026-08-08 22:02:03.280 | DEBUG    | eval.evaluation.evaluation:metric_call:77 - metric_func_name number_near score 1.0 msg number near in range 0.0%, response: 2015.0, target: 2015.0
2026-08-08 22:02:03.280 | DEBUG    | eval.evaluation.evaluation:metric_call:77 - metric_func_name number_near score 1.0 msg number near in range 0.0%, response: 2015.0, target: 2015.0
2026-08-08 22:02:03.280 | DEBUG    | eval.evaluation.evaluation:metric_call:77 - metric_func_name number_near score 1.0 msg number near in range 0.0%, response: 2019.0, target: 2019.0
2026-08-08 22:02:03.280 | DEBUG    | eval.evaluation.evaluation:metric_call:77 - metric_func_name number_near score 0.0 msg number not near, response: 2017.0, target: 2018.0
2026-08-08 22:02:03.280 | DEBUG    | eval.evaluation.evaluation:metric_call:77 - metric_func_name number_near score 0.0 msg number not near, response: 2017.0, target: 2023.0
2026-08-08 22:02:03.280 | DEBUG    | eval.evaluation.evaluation:metric_call:77 - metric_func_name number_near score 0.0 msg number not near, response: 2024.0, target: 2023.0
2026-08-08 22:02:03.280 | DEBUG    | eval.evaluation.evaluation:metric_call:77 - metric_func_name number_near score 0.0 msg number not near, response: 2022.0, target: 2023.0
2026-08-08 22:02:03.280 | DEBUG    | eval.evaluation.evaluation:metric_call:77 - metric_func_name number_near score 0.0 msg number not near, response: 2017.0, target: 2023.0
2026-08-08 22:02:03.280 | DEBUG    | eval.evaluation.evaluation:metric_call:77 - metric_func_name number_near score 0.0 msg number not near, response: 2020.0, target: 2023.0
2026-08-08 22:02:03.280 | DEBUG    | eval.evaluation.evaluation:metric_call:77 - metric_func_name number_near score 0.0 msg number not near, response: 2024.0, target: 2023.0
2026-08-08 22:02:03.280 | DEBUG    | eval.evaluation.evaluation:metric_call:77 - metric_func_name number_near score 0.0 msg number not near, response: 2020.0, target: 2023.0
2026-08-08 22:02:03.280 | DEBUG    | eval.evaluation.evaluation:metric_call:77 - metric_func_name number_near score 0.0 msg number not near, response: 2020.0, target: 2023.0
2026-08-08 22:02:03.280 | DEBUG    | eval.evaluation.evaluation:metric_call:77 - metric_func_name number_near score 1.0 msg number near in range 0.0%, response: 2024.0, target: 2024.0
2026-08-08 22:02:03.280 | DEBUG    | eval.evaluation.evaluation:metric_call:77 - metric_func_name number_near score 1.0 msg number near in range 0.0%, response: 2024.0, target: 2024.0
2026-08-08 22:02:03.280 | DEBUG    | eval.evaluation.evaluation:metric_call:77 - metric_func_name number_near score 0.0 msg number not near, response: 2023.0, target: 2024.0
2026-08-08 22:02:03.280 | DEBUG    | eval.evaluation.evaluation:metric_call:77 - metric_func_name number_near score 1.0 msg number near in range 0.0%, response: 2024.0, target: 2024.0
2026-08-08 22:02:03.280 | DEBUG    | eval.evaluation.evaluation:metric_call:77 - metric_func_name number_near score 1.0 msg number near in range 0.0%, response: 2024.0, target: 2024.0
2026-08-08 22:02:03.280 | DEBUG    | eval.evaluation.evaluation:metric_call:77 - metric_func_name number_near score 0.0 msg number not near, response: 2022.0, target: 2024.0
2026-08-08 22:02:03.280 | DEBUG    | eval.evaluation.evaluation:metric_call:77 - metric_func_name number_near score 0.0 msg number not near, response: 2022.0, target: 2024.0
2026-08-08 22:02:03.280 | DEBUG    | eval.evaluation.evaluation:metric_call:77 - metric_func_name number_near score 0.0 msg number not near, response: 2017.0, target: 2024.0
2026-08-08 22:02:03.281 | DEBUG    | eval.evaluation.evaluation:evaluate_single_query:321 - wide2deep_ws_zh_038, col 认定年份, metric_func_name number_near, score [1.0, 1.0, 1.0, 1.0, 1.0, 0.0, 1.0, 0.0, 1.0, 1.0, 1.0, 0.0, 0.0, 0.0, 1.0, 0.0, 1.0, 1.0, 1.0, 1.0, 1.0, 1.0, 0.0, 0.0, 1.0, 1.0, 1.0, 1.0, 0.0, 1.0, 1.0, 1.0, 0.0, 0.0, 0.0, 0.0, 0.0, 0.0, 0.0, 0.0, 0.0, 1.0, 1.0, 0.0, 1.0, 1.0, 0.0, 0.0, 0.0]
2026-08-08 22:02:03.287 | INFO     | eval.evaluation.evaluation:evaluate_single_query:380 - wide2deep_ws_zh_038, P/R/F1 by unique_columns: 0.5765/0.5765/0.5765
2026-08-08 22:02:03.287 | INFO     | eval.evaluation.evaluation:evaluate_single_query:383 - wide2deep_ws_zh_038, P/R/F1 by row: 0.3176/0.3176/0.3176
2026-08-08 22:02:03.287 | INFO     | eval.evaluation.evaluation:evaluate_single_query:386 - wide2deep_ws_zh_038, P/R/F1 by item: 0.4902/0.4902/0.4902
2026-08-08 22:02:03.290 | INFO     | eval.evaluation.evaluation:evaluate_single_query:398 - wide2deep_ws_zh_038, final table score: 0.0
{"event": "eval_done", "idx": 1, "instance_id": "wide2deep_ws_zh_038", "score": 0.0, "entity_acc": 1.0, "f1_by_row": 0.3176470588235294, "f1_by_item": 0.49019607843137253, "column_f1": 0.5764705882352941, "error": null, "elapsed_seconds": 22.529, "running_n": 1}
2026-08-08 22:02:04.542 | DEBUG    | eval.evaluation.data_loader:extract_dataframe:167 - find markdown_str 
| 演员名称 | 播出年份 | 影视名称 | 角色名 | 搭档演员 | 播放平台 |
| --- | --- | --- |  ...
2026-08-08 22:02:06.845 | INFO     | eval.evaluation.metric_utils:primary_key_preprocess:246 - primary_key_preprocess result: ```json
{
  "杨幂": "杨幂",
  "刘亦菲": "刘亦菲",
  "刘诗诗": "刘诗诗",
  "唐嫣": "唐嫣",
  "赵丽颖": "赵丽颖"
}
```
2026-08-08 22:02:06.845 | INFO     | eval.evaluation.evaluation:evaluate_single_query:223 - col: 演员名称, primary_key_map {'杨幂': '杨幂', '刘亦菲': '刘亦菲', '刘诗诗': '刘诗诗', '唐嫣': '唐嫣', '赵丽颖': '赵丽颖'}
2026-08-08 22:02:13.055 | INFO     | eval.evaluation.metric_utils:primary_key_preprocess:246 - primary_key_preprocess result: ```json
{
  "红粉世家": "红粉世家",
  "五月之恋": "五月之恋",
  "恋爱大赢家": "恋爱大赢家",
  "古剑奇谭": "古剑奇谭",
  "微时代": "微时代",
  "分手大师": "分手大师",
  "小时代3：刺金时代": "小时代3：刺金时代",
  "步步惊情": "步步惊情",
  "犀利仁师": "犀利仁师",
  "绣春刀": "绣春刀",
  "深夜前的五分钟": "深夜前的五分钟",
  "金玉良缘": "金玉良缘",
  "格子间女人": "格子间女人",
  "露水红颜": "露水红颜",
  "妻子的秘密": "妻子的秘密",
  "杉杉来了": "杉杉来了",
  "四大名捕大结局": "四大名捕大结局",
  "哈尔滨一九四四": "哈尔滨一九四四",
  "狐妖小红娘月红篇": "狐妖小红娘·月红篇",
  "没有一顿火锅解决不了的事": "没有一顿火锅解决不了的事",
  "与凤行": "与凤行",
  "第二十条": "第二十条",
  "乔妍的心事": "乔妍的心事",
  "玫瑰的故事": "玫瑰的故事"
}
```
2026-08-08 22:02:13.056 | INFO     | eval.evaluation.evaluation:evaluate_single_query:223 - col: 影视名称, primary_key_map {'红粉世家': '红粉世家', '五月之恋': '五月之恋', '恋爱大赢家': '恋爱大赢家', '古剑奇谭': '古剑奇谭', '微时代': '微时代', '分手大师': '分手大师', '小时代3：刺金时代': '小时代3：刺金时代', '步步惊情': '步步惊情', '犀利仁师': '犀利仁师', '绣春刀': '绣春刀', '深夜前的五分钟': '深夜前的五分钟', '金玉良缘': '金玉良缘', '格子间女人': '格子间女人', '露水红颜': '露水红颜', '妻子的秘密': '妻子的秘密', '杉杉来了': '杉杉来了', '四大名捕大结局': '四大名捕大结局', '哈尔滨一九四四': '哈尔滨一九四四', '狐妖小红娘月红篇': '狐妖小红娘·月红篇', '没有一顿火锅解决不了的事': '没有一顿火锅解决不了的事', '与凤行': '与凤行', '第二十条': '第二十条', '乔妍的心事': '乔妍的心事', '玫瑰的故事': '玫瑰的故事'}
2026-08-08 22:02:13.062 | INFO     | eval.evaluation.evaluation:evaluate_single_query:275 - wide2deep_ws_zh_048, df_inner shape: (25, 12), answer_df shape: (35, 6), response_df shape: (30, 8)
2026-08-08 22:02:13.063 | DEBUG    | eval.evaluation.evaluation:metric_call:77 - metric_func_name exact_match score 1.0 msg exact match, response: 2014年, target: 2014年
2026-08-08 22:02:13.063 | DEBUG    | eval.evaluation.evaluation:metric_call:77 - metric_func_name exact_match score 1.0 msg exact match, response: 2014年, target: 2014年
2026-08-08 22:02:13.063 | DEBUG    | eval.evaluation.evaluation:metric_call:77 - metric_func_name exact_match score 1.0 msg exact match, response: 2014年, target: 2014年
2026-08-08 22:02:13.063 | DEBUG    | eval.evaluation.evaluation:metric_call:77 - metric_func_name exact_match score 1.0 msg exact match, response: 2014年, target: 2014年
2026-08-08 22:02:13.063 | DEBUG    | eval.evaluation.evaluation:metric_call:77 - metric_func_name exact_match score 1.0 msg exact match, response: 2014年, target: 2014年
2026-08-08 22:02:13.063 | DEBUG    | eval.evaluation.evaluation:metric_call:77 - metric_func_name exact_match score 1.0 msg exact match, response: 2014年, target: 2014年
2026-08-08 22:02:13.063 | DEBUG    | eval.evaluation.evaluation:metric_call:77 - metric_func_name exact_match score 1.0 msg exact match, response: 2014年, target: 2014年
2026-08-08 22:02:13.063 | DEBUG    | eval.evaluation.evaluation:metric_call:77 - metric_func_name exact_match score 1.0 msg exact match, response: 2004年, target: 2004年
2026-08-08 22:02:13.063 | DEBUG    | eval.evaluation.evaluation:metric_call:77 - metric_func_name exact_match score 1.0 msg exact match, response: 2014年, target: 2014年
2026-08-08 22:02:13.063 | DEBUG    | eval.evaluation.evaluation:metric_call:77 - metric_func_name exact_match score 1.0 msg exact match, response: 2014年, target: 2014年
2026-08-08 22:02:13.063 | DEBUG    | eval.evaluation.evaluation:metric_call:77 - metric_func_name exact_match score 1.0 msg exact match, response: 2014年, target: 2014年
2026-08-08 22:02:13.063 | DEBUG    | eval.evaluation.evaluation:metric_call:77 - metric_func_name exact_match score 1.0 msg exact match, response: 2014年, target: 2014年
2026-08-08 22:02:13.063 | DEBUG    | eval.evaluation.evaluation:metric_call:77 - metric_func_name exact_match score 1.0 msg exact match, response: 2024年, target: 2024年
2026-08-08 22:02:13.063 | DEBUG    | eval.evaluation.evaluation:metric_call:77 - metric_func_name exact_match score 1.0 msg exact match, response: 2024年, target: 2024年
2026-08-08 22:02:13.063 | DEBUG    | eval.evaluation.evaluation:metric_call:77 - metric_func_name exact_match score 1.0 msg exact match, response: 2024年, target: 2024年
2026-08-08 22:02:13.063 | DEBUG    | eval.evaluation.evaluation:metric_call:77 - metric_func_name exact_match score 1.0 msg exact match, response: 2004年, target: 2004年
2026-08-08 22:02:13.063 | DEBUG    | eval.evaluation.evaluation:metric_call:77 - metric_func_name exact_match score 1.0 msg exact match, response: 2004年, target: 2004年
2026-08-08 22:02:13.063 | DEBUG    | eval.evaluation.evaluation:metric_call:77 - metric_func_name exact_match score 1.0 msg exact match, response: 2014年, target: 2014年
2026-08-08 22:02:13.064 | DEBUG    | eval.evaluation.evaluation:metric_call:77 - metric_func_name exact_match score 1.0 msg exact match, response: 2014年, target: 2014年
2026-08-08 22:02:13.064 | DEBUG    | eval.evaluation.evaluation:metric_call:77 - metric_func_name exact_match score 1.0 msg exact match, response: 2024年, target: 2024年
2026-08-08 22:02:13.064 | DEBUG    | eval.evaluation.evaluation:metric_call:77 - metric_func_name exact_match score 1.0 msg exact match, response: 2014年, target: 2014年
2026-08-08 22:02:13.064 | DEBUG    | eval.evaluation.evaluation:metric_call:77 - metric_func_name exact_match score 1.0 msg exact match, response: 2014年, target: 2014年
2026-08-08 22:02:13.064 | DEBUG    | eval.evaluation.evaluation:metric_call:77 - metric_func_name exact_match score 1.0 msg exact match, response: 2024年, target: 2024年
2026-08-08 22:02:13.064 | DEBUG    | eval.evaluation.evaluation:metric_call:77 - metric_func_name exact_match score 1.0 msg exact match, response: 2024年, target: 2024年
2026-08-08 22:02:13.064 | DEBUG    | eval.evaluation.evaluation:metric_call:77 - metric_func_name exact_match score 1.0 msg exact match, response: 2024年, target: 2024年
2026-08-08 22:02:13.064 | DEBUG    | eval.evaluation.evaluation:evaluate_single_query:321 - wide2deep_ws_zh_048, col 播出年份, metric_func_name exact_match, score [1.0, 1.0, 1.0, 1.0, 1.0, 1.0, 1.0, 1.0, 1.0, 1.0, 1.0, 1.0, 1.0, 1.0, 1.0, 1.0, 1.0, 1.0, 1.0, 1.0, 1.0, 1.0, 1.0, 1.0, 1.0]
2026-08-08 22:02:16.638 | DEBUG    | eval.evaluation.evaluation:evaluate_single_query:321 - wide2deep_ws_zh_048, col 角色名, metric_func_name llm_judge, score [1, 1, 1, 0, 1, 1, 1, 1, 1, 1, 0, 1, 1, 1, 1, 1, 1, 1, 1, 1, 1, 1, 1, 1, 1]
2026-08-08 22:02:20.765 | DEBUG    | eval.evaluation.evaluation:evaluate_single_query:321 - wide2deep_ws_zh_048, col 搭档演员, metric_func_name llm_judge, score [1, 1, 1, 1, 1, 1, 1, 1, 1, 0, 0, 1, 1, 1, 1, 1, 1, 1, 1, 1, 1, 1, 1, 1, 1]
2026-08-08 22:02:26.712 | DEBUG    | eval.evaluation.evaluation:evaluate_single_query:321 - wide2deep_ws_zh_048, col 播放平台, metric_func_name llm_judge, score [1, 0, 1, 1, 1, 0, 1, 0, 1, 1, 1, 1, 0, 1, 1, 1, 1, 1, 1, 1, 1, 1, 1, 1, 1]
2026-08-08 22:02:26.717 | INFO     | eval.evaluation.evaluation:evaluate_single_query:380 - wide2deep_ws_zh_048, P/R/F1 by unique_columns: 0.8333/0.7143/0.7692
2026-08-08 22:02:26.717 | INFO     | eval.evaluation.evaluation:evaluate_single_query:383 - wide2deep_ws_zh_048, P/R/F1 by row: 0.6000/0.5143/0.5538
2026-08-08 22:02:26.717 | INFO     | eval.evaluation.evaluation:evaluate_single_query:386 - wide2deep_ws_zh_048, P/R/F1 by item: 0.7889/0.6762/0.7282
2026-08-08 22:02:26.719 | INFO     | eval.evaluation.evaluation:evaluate_single_query:398 - wide2deep_ws_zh_048, final table score: 0.0
{"event": "eval_done", "idx": 2, "instance_id": "wide2deep_ws_zh_048", "score": 0.0, "entity_acc": 1.0, "f1_by_row": 0.5538461538461538, "f1_by_item": 0.7282051282051282, "column_f1": 0.7692307692307692, "error": null, "elapsed_seconds": 23.411, "running_n": 2}
2026-08-08 22:02:31.029 | DEBUG    | eval.evaluation.data_loader:extract_dataframe:167 - find markdown_str 
| 调整年份 | 调整生效日期 | 调整前的一年期LPR | 调整后的一年期LPR | 调整前的五年期LPR | 调整后的五年 ...
2026-08-08 22:02:33.731 | INFO     | eval.evaluation.metric_utils:primary_key_preprocess:246 - primary_key_preprocess result: ```json
{
  "2020年": "2020",
  "2021年": "2021",
  "2022年": "2022",
  "2023年": "2023",
  "2024年": "2024",
  "2025年": "2025"
}
```
2026-08-08 22:02:33.731 | INFO     | eval.evaluation.evaluation:evaluate_single_query:223 - col: 调整年份, primary_key_map {'2020年': '2020', '2021年': '2021', '2022年': '2022', '2023年': '2023', '2024年': '2024', '2025年': '2025'}
2026-08-08 22:02:45.467 | INFO     | eval.evaluation.metric_utils:primary_key_preprocess:246 - primary_key_preprocess result: ```json
{
  "2020-01-06": "1月6日",
  "2020-02-03": "2月3日",
  "2020-02-20": "2月20日",
  "2020-03-30": "3月30日",
  "2020-04-20": "4月20日",
  "2021-07-15": "7月15日",
  "2021-12-15": "12月15日",
  "2021-12-20": "12月20日",
  "2022-01-17": "1月17日",
  "2022-01-20": "1月20日",
  "2022-04-25": "4月25日",
  "2022-05-20": "5月20日",
  "2022-08-15": "8月15日",
  "2022-08-22": "8月22日",
  "2022-12-05": "12月5日",
  "2023-03-27": "3月27日",
  "2023-06-13": "6月13日",
  "2023-06-20": "6月20日",
  "2023-08-15": "8月15日",
  "2023-08-21": "8月21日",
  "2023-09-15": "9月15日",
  "2024-02-05": "2月5日",
  "2024-02-20": "2月20日",
  "2024-07-22": "7月22日",
  "2024-09-27": "9月27日",
  "2024-10-21": "10月21日",
  "2025-05-08": "5月8日",
  "2025-05-15": "5月15日",
  "2025-05-20": "5月20日"
}
```
2026-08-08 22:02:45.468 | INFO     | eval.evaluation.evaluation:evaluate_single_query:223 - col: 调整生效日期, primary_key_map {'2020-01-06': '1月6日', '2020-02-03': '2月3日', '2020-02-20': '2月20日', '2020-03-30': '3月30日', '2020-04-20': '4月20日', '2021-07-15': '7月15日', '2021-12-15': '12月15日', '2021-12-20': '12月20日', '2022-01-17': '1月17日', '2022-01-20': '1月20日', '2022-04-25': '4月25日', '2022-05-20': '5月20日', '2022-08-15': '8月15日', '2022-08-22': '8月22日', '2022-12-05': '12月5日', '2023-03-27': '3月27日', '2023-06-13': '6月13日', '2023-06-20': '6月20日', '2023-08-15': '8月15日', '2023-08-21': '8月21日', '2023-09-15': '9月15日', '2024-02-05': '2月5日', '2024-02-20': '2月20日', '2024-07-22': '7月22日', '2024-09-27': '9月27日', '2024-10-21': '10月21日', '2025-05-08': '5月8日', '2025-05-15': '5月15日', '2025-05-20': '5月20日'}
2026-08-08 22:02:45.475 | INFO     | eval.evaluation.evaluation:evaluate_single_query:275 - wide2deep_ws_zh_068, df_inner shape: (29, 20), answer_df shape: (32, 10), response_df shape: (30, 12)
2026-08-08 22:02:45.476 | DEBUG    | eval.evaluation.evaluation:metric_call:77 - metric_func_name exact_match score 1.0 msg exact match, response: nan, target: nan
2026-08-08 22:02:45.476 | DEBUG    | eval.evaluation.evaluation:metric_call:77 - metric_func_name exact_match score 1.0 msg exact match, response: nan, target: nan
2026-08-08 22:02:45.476 | DEBUG    | eval.evaluation.evaluation:metric_call:77 - metric_func_name exact_match score 1.0 msg exact match, response: 4.15%, target: 4.15%
2026-08-08 22:02:45.476 | DEBUG    | eval.evaluation.evaluation:metric_call:77 - metric_func_name exact_match score 1.0 msg exact match, response: nan, target: nan
2026-08-08 22:02:45.476 | DEBUG    | eval.evaluation.evaluation:metric_call:77 - metric_func_name exact_match score 1.0 msg exact match, response: 4.05%, target: 4.05%
2026-08-08 22:02:45.476 | DEBUG    | eval.evaluation.evaluation:metric_call:77 - metric_func_name exact_match score 1.0 msg exact match, response: nan, target: nan
2026-08-08 22:02:45.476 | DEBUG    | eval.evaluation.evaluation:metric_call:77 - metric_func_name exact_match score 1.0 msg exact match, response: nan, target: nan
2026-08-08 22:02:45.476 | DEBUG    | eval.evaluation.evaluation:metric_call:77 - metric_func_name exact_match score 1.0 msg exact match, response: 3.85%, target: 3.85%
2026-08-08 22:02:45.476 | DEBUG    | eval.evaluation.evaluation:metric_call:77 - metric_func_name exact_match score 1.0 msg exact match, response: nan, target: nan
2026-08-08 22:02:45.477 | DEBUG    | eval.evaluation.evaluation:metric_call:77 - metric_func_name exact_match score 1.0 msg exact match, response: 3.80%, target: 3.80%
2026-08-08 22:02:45.477 | DEBUG    | eval.evaluation.evaluation:metric_call:77 - metric_func_name exact_match score 1.0 msg exact match, response: nan, target: nan
2026-08-08 22:02:45.477 | DEBUG    | eval.evaluation.evaluation:metric_call:77 - metric_func_name exact_match score 0.0 msg exact not match, response: nan, target: 3.70%
2026-08-08 22:02:45.477 | DEBUG    | eval.evaluation.evaluation:metric_call:77 - metric_func_name exact_match score 1.0 msg exact match, response: nan, target: nan
2026-08-08 22:02:45.477 | DEBUG    | eval.evaluation.evaluation:metric_call:77 - metric_func_name exact_match score 1.0 msg exact match, response: 3.70%, target: 3.70%
2026-08-08 22:02:45.477 | DEBUG    | eval.evaluation.evaluation:metric_call:77 - metric_func_name exact_match score 1.0 msg exact match, response: nan, target: nan
2026-08-08 22:02:45.477 | DEBUG    | eval.evaluation.evaluation:metric_call:77 - metric_func_name exact_match score 1.0 msg exact match, response: nan, target: nan
2026-08-08 22:02:45.477 | DEBUG    | eval.evaluation.evaluation:metric_call:77 - metric_func_name exact_match score 1.0 msg exact match, response: nan, target: nan
2026-08-08 22:02:45.477 | DEBUG    | eval.evaluation.evaluation:metric_call:77 - metric_func_name exact_match score 1.0 msg exact match, response: 3.65%, target: 3.65%
2026-08-08 22:02:45.477 | DEBUG    | eval.evaluation.evaluation:metric_call:77 - metric_func_name exact_match score 1.0 msg exact match, response: nan, target: nan
2026-08-08 22:02:45.477 | DEBUG    | eval.evaluation.evaluation:metric_call:77 - metric_func_name exact_match score 1.0 msg exact match, response: 3.55%, target: 3.55%
2026-08-08 22:02:45.477 | DEBUG    | eval.evaluation.evaluation:metric_call:77 - metric_func_name exact_match score 1.0 msg exact match, response: nan, target: nan
2026-08-08 22:02:45.477 | DEBUG    | eval.evaluation.evaluation:metric_call:77 - metric_func_name exact_match score 1.0 msg exact match, response: nan, target: nan
2026-08-08 22:02:45.477 | DEBUG    | eval.evaluation.evaluation:metric_call:77 - metric_func_name exact_match score 0.0 msg exact not match, response: nan, target: 3.45%
2026-08-08 22:02:45.477 | DEBUG    | eval.evaluation.evaluation:metric_call:77 - metric_func_name exact_match score 1.0 msg exact match, response: 3.45%, target: 3.45%
2026-08-08 22:02:45.477 | DEBUG    | eval.evaluation.evaluation:metric_call:77 - metric_func_name exact_match score 1.0 msg exact match, response: nan, target: nan
2026-08-08 22:02:45.477 | DEBUG    | eval.evaluation.evaluation:metric_call:77 - metric_func_name exact_match score 1.0 msg exact match, response: 3.35%, target: 3.35%
2026-08-08 22:02:45.477 | DEBUG    | eval.evaluation.evaluation:metric_call:77 - metric_func_name exact_match score 1.0 msg exact match, response: nan, target: nan
2026-08-08 22:02:45.477 | DEBUG    | eval.evaluation.evaluation:metric_call:77 - metric_func_name exact_match score 1.0 msg exact match, response: nan, target: nan
2026-08-08 22:02:45.477 | DEBUG    | eval.evaluation.evaluation:metric_call:77 - metric_func_name exact_match score 1.0 msg exact match, response: 3.10%, target: 3.10%
2026-08-08 22:02:45.478 | DEBUG    | eval.evaluation.evaluation:evaluate_single_query:321 - wide2deep_ws_zh_068, col 调整前的一年期lpr, metric_func_name exact_match, score [1.0, 1.0, 1.0, 1.0, 1.0, 1.0, 1.0, 1.0, 1.0, 1.0, 1.0, 0.0, 1.0, 1.0, 1.0, 1.0, 1.0, 1.0, 1.0, 1.0, 1.0, 1.0, 0.0, 1.0, 1.0, 1.0, 1.0, 1.0, 1.0]
2026-08-08 22:02:45.478 | DEBUG    | eval.evaluation.evaluation:metric_call:77 - metric_func_name exact_match score 1.0 msg exact match, response: nan, target: nan
2026-08-08 22:02:45.478 | DEBUG    | eval.evaluation.evaluation:metric_call:77 - metric_func_name exact_match score 1.0 msg exact match, response: nan, target: nan
2026-08-08 22:02:45.478 | DEBUG    | eval.evaluation.evaluation:metric_call:77 - metric_func_name exact_match score 1.0 msg exact match, response: 4.05%, target: 4.05%
2026-08-08 22:02:45.478 | DEBUG    | eval.evaluation.evaluation:metric_call:77 - metric_func_name exact_match score 1.0 msg exact match, response: nan, target: nan
2026-08-08 22:02:45.478 | DEBUG    | eval.evaluation.evaluation:metric_call:77 - metric_func_name exact_match score 1.0 msg exact match, response: 3.85%, target: 3.85%
2026-08-08 22:02:45.478 | DEBUG    | eval.evaluation.evaluation:metric_call:77 - metric_func_name exact_match score 1.0 msg exact match, response: nan, target: nan
2026-08-08 22:02:45.478 | DEBUG    | eval.evaluation.evaluation:metric_call:77 - metric_func_name exact_match score 1.0 msg exact match, response: nan, target: nan
2026-08-08 22:02:45.478 | DEBUG    | eval.evaluation.evaluation:metric_call:77 - metric_func_name exact_match score 1.0 msg exact match, response: 3.80%, target: 3.80%
2026-08-08 22:02:45.478 | DEBUG    | eval.evaluation.evaluation:metric_call:77 - metric_func_name exact_match score 1.0 msg exact match, response: nan, target: nan
2026-08-08 22:02:45.478 | DEBUG    | eval.evaluation.evaluation:metric_call:77 - metric_func_name exact_match score 1.0 msg exact match, response: 3.70%, target: 3.70%
2026-08-08 22:02:45.478 | DEBUG    | eval.evaluation.evaluation:metric_call:77 - metric_func_name exact_match score 1.0 msg exact match, response: nan, target: nan
2026-08-08 22:02:45.478 | DEBUG    | eval.evaluation.evaluation:metric_call:77 - metric_func_name exact_match score 0.0 msg exact not match, response: nan, target: 3.70%
2026-08-08 22:02:45.478 | DEBUG    | eval.evaluation.evaluation:metric_call:77 - metric_func_name exact_match score 1.0 msg exact match, response: nan, target: nan
2026-08-08 22:02:45.478 | DEBUG    | eval.evaluation.evaluation:metric_call:77 - metric_func_name exact_match score 1.0 msg exact match, response: 3.65%, target: 3.65%
2026-08-08 22:02:45.478 | DEBUG    | eval.evaluation.evaluation:metric_call:77 - metric_func_name exact_match score 1.0 msg exact match, response: nan, target: nan
2026-08-08 22:02:45.478 | DEBUG    | eval.evaluation.evaluation:metric_call:77 - metric_func_name exact_match score 1.0 msg exact match, response: nan, target: nan
2026-08-08 22:02:45.478 | DEBUG    | eval.evaluation.evaluation:metric_call:77 - metric_func_name exact_match score 1.0 msg exact match, response: nan, target: nan
2026-08-08 22:02:45.478 | DEBUG    | eval.evaluation.evaluation:metric_call:77 - metric_func_name exact_match score 1.0 msg exact match, response: 3.55%, target: 3.55%
2026-08-08 22:02:45.478 | DEBUG    | eval.evaluation.evaluation:metric_call:77 - metric_func_name exact_match score 1.0 msg exact match, response: nan, target: nan
2026-08-08 22:02:45.478 | DEBUG    | eval.evaluation.evaluation:metric_call:77 - metric_func_name exact_match score 1.0 msg exact match, response: 3.45%, target: 3.45%
2026-08-08 22:02:45.478 | DEBUG    | eval.evaluation.evaluation:metric_call:77 - metric_func_name exact_match score 1.0 msg exact match, response: nan, target: nan
2026-08-08 22:02:45.478 | DEBUG    | eval.evaluation.evaluation:metric_call:77 - metric_func_name exact_match score 1.0 msg exact match, response: nan, target: nan
2026-08-08 22:02:45.478 | DEBUG    | eval.evaluation.evaluation:metric_call:77 - metric_func_name exact_match score 0.0 msg exact not match, response: nan, target: 3.45%
2026-08-08 22:02:45.478 | DEBUG    | eval.evaluation.evaluation:metric_call:77 - metric_func_name exact_match score 1.0 msg exact match, response: 3.35%, target: 3.35%
2026-08-08 22:02:45.479 | DEBUG    | eval.evaluation.evaluation:metric_call:77 - metric_func_name exact_match score 1.0 msg exact match, response: nan, target: nan
2026-08-08 22:02:45.479 | DEBUG    | eval.evaluation.evaluation:metric_call:77 - metric_func_name exact_match score 1.0 msg exact match, response: 3.10%, target: 3.10%
2026-08-08 22:02:45.479 | DEBUG    | eval.evaluation.evaluation:metric_call:77 - metric_func_name exact_match score 1.0 msg exact match, response: nan, target: nan
2026-08-08 22:02:45.479 | DEBUG    | eval.evaluation.evaluation:metric_call:77 - metric_func_name exact_match score 1.0 msg exact match, response: nan, target: nan
2026-08-08 22:02:45.479 | DEBUG    | eval.evaluation.evaluation:metric_call:77 - metric_func_name exact_match score 1.0 msg exact match, response: 3.00%, target: 3.00%
2026-08-08 22:02:45.479 | DEBUG    | eval.evaluation.evaluation:evaluate_single_query:321 - wide2deep_ws_zh_068, col 调整后的一年期lpr, metric_func_name exact_match, score [1.0, 1.0, 1.0, 1.0, 1.0, 1.0, 1.0, 1.0, 1.0, 1.0, 1.0, 0.0, 1.0, 1.0, 1.0, 1.0, 1.0, 1.0, 1.0, 1.0, 1.0, 1.0, 0.0, 1.0, 1.0, 1.0, 1.0, 1.0, 1.0]
2026-08-08 22:02:45.479 | DEBUG    | eval.evaluation.evaluation:metric_call:77 - metric_func_name exact_match score 1.0 msg exact match, response: nan, target: nan
2026-08-08 22:02:45.480 | DEBUG    | eval.evaluation.evaluation:metric_call:77 - metric_func_name exact_match score 1.0 msg exact match, response: nan, target: nan
2026-08-08 22:02:45.480 | DEBUG    | eval.evaluation.evaluation:metric_call:77 - metric_func_name exact_match score 1.0 msg exact match, response: 4.80%, target: 4.80%
2026-08-08 22:02:45.480 | DEBUG    | eval.evaluation.evaluation:metric_call:77 - metric_func_name exact_match score 1.0 msg exact match, response: nan, target: nan
2026-08-08 22:02:45.480 | DEBUG    | eval.evaluation.evaluation:metric_call:77 - metric_func_name exact_match score 1.0 msg exact match, response: 4.75%, target: 4.75%
2026-08-08 22:02:45.480 | DEBUG    | eval.evaluation.evaluation:metric_call:77 - metric_func_name exact_match score 1.0 msg exact match, response: nan, target: nan
2026-08-08 22:02:45.480 | DEBUG    | eval.evaluation.evaluation:metric_call:77 - metric_func_name exact_match score 1.0 msg exact match, response: nan, target: nan
2026-08-08 22:02:45.480 | DEBUG    | eval.evaluation.evaluation:metric_call:77 - metric_func_name exact_match score 0.0 msg exact not match, response: nan, target: 4.65%
2026-08-08 22:02:45.480 | DEBUG    | eval.evaluation.evaluation:metric_call:77 - metric_func_name exact_match score 1.0 msg exact match, response: nan, target: nan
2026-08-08 22:02:45.480 | DEBUG    | eval.evaluation.evaluation:metric_call:77 - metric_func_name exact_match score 1.0 msg exact match, response: 4.65%, target: 4.65%
2026-08-08 22:02:45.480 | DEBUG    | eval.evaluation.evaluation:metric_call:77 - metric_func_name exact_match score 1.0 msg exact match, response: nan, target: nan
2026-08-08 22:02:45.480 | DEBUG    | eval.evaluation.evaluation:metric_call:77 - metric_func_name exact_match score 1.0 msg exact match, response: 4.60%, target: 4.60%
2026-08-08 22:02:45.480 | DEBUG    | eval.evaluation.evaluation:metric_call:77 - metric_func_name exact_match score 1.0 msg exact match, response: nan, target: nan
2026-08-08 22:02:45.480 | DEBUG    | eval.evaluation.evaluation:metric_call:77 - metric_func_name exact_match score 1.0 msg exact match, response: 4.45%, target: 4.45%
2026-08-08 22:02:45.480 | DEBUG    | eval.evaluation.evaluation:metric_call:77 - metric_func_name exact_match score 1.0 msg exact match, response: nan, target: nan
2026-08-08 22:02:45.480 | DEBUG    | eval.evaluation.evaluation:metric_call:77 - metric_func_name exact_match score 1.0 msg exact match, response: nan, target: nan
2026-08-08 22:02:45.480 | DEBUG    | eval.evaluation.evaluation:metric_call:77 - metric_func_name exact_match score 1.0 msg exact match, response: nan, target: nan
2026-08-08 22:02:45.480 | DEBUG    | eval.evaluation.evaluation:metric_call:77 - metric_func_name exact_match score 1.0 msg exact match, response: 4.30%, target: 4.30%
2026-08-08 22:02:45.480 | DEBUG    | eval.evaluation.evaluation:metric_call:77 - metric_func_name exact_match score 1.0 msg exact match, response: nan, target: nan
2026-08-08 22:02:45.480 | DEBUG    | eval.evaluation.evaluation:metric_call:77 - metric_func_name exact_match score 0.0 msg exact not match, response: nan, target: 4.20%
2026-08-08 22:02:45.480 | DEBUG    | eval.evaluation.evaluation:metric_call:77 - metric_func_name exact_match score 1.0 msg exact match, response: nan, target: nan
2026-08-08 22:02:45.480 | DEBUG    | eval.evaluation.evaluation:metric_call:77 - metric_func_name exact_match score 1.0 msg exact match, response: nan, target: nan
2026-08-08 22:02:45.480 | DEBUG    | eval.evaluation.evaluation:metric_call:77 - metric_func_name exact_match score 1.0 msg exact match, response: 4.20%, target: 4.20%
2026-08-08 22:02:45.480 | DEBUG    | eval.evaluation.evaluation:metric_call:77 - metric_func_name exact_match score 1.0 msg exact match, response: 3.95%, target: 3.95%
2026-08-08 22:02:45.480 | DEBUG    | eval.evaluation.evaluation:metric_call:77 - metric_func_name exact_match score 1.0 msg exact match, response: nan, target: nan
2026-08-08 22:02:45.480 | DEBUG    | eval.evaluation.evaluation:metric_call:77 - metric_func_name exact_match score 1.0 msg exact match, response: 3.85%, target: 3.85%
2026-08-08 22:02:45.480 | DEBUG    | eval.evaluation.evaluation:metric_call:77 - metric_func_name exact_match score 1.0 msg exact match, response: nan, target: nan
2026-08-08 22:02:45.480 | DEBUG    | eval.evaluation.evaluation:metric_call:77 - metric_func_name exact_match score 1.0 msg exact match, response: nan, target: nan
2026-08-08 22:02:45.480 | DEBUG    | eval.evaluation.evaluation:metric_call:77 - metric_func_name exact_match score 1.0 msg exact match, response: 3.60%, target: 3.60%
2026-08-08 22:02:45.481 | DEBUG    | eval.evaluation.evaluation:evaluate_single_query:321 - wide2deep_ws_zh_068, col 调整前的五年期lpr, metric_func_name exact_match, score [1.0, 1.0, 1.0, 1.0, 1.0, 1.0, 1.0, 0.0, 1.0, 1.0, 1.0, 1.0, 1.0, 1.0, 1.0, 1.0, 1.0, 1.0, 1.0, 0.0, 1.0, 1.0, 1.0, 1.0, 1.0, 1.0, 1.0, 1.0, 1.0]
2026-08-08 22:02:45.481 | DEBUG    | eval.evaluation.evaluation:metric_call:77 - metric_func_name exact_match score 1.0 msg exact match, response: nan, target: nan
2026-08-08 22:02:45.481 | DEBUG    | eval.evaluation.evaluation:metric_call:77 - metric_func_name exact_match score 1.0 msg exact match, response: nan, target: nan
2026-08-08 22:02:45.481 | DEBUG    | eval.evaluation.evaluation:metric_call:77 - metric_func_name exact_match score 1.0 msg exact match, response: 4.75%, target: 4.75%
2026-08-08 22:02:45.481 | DEBUG    | eval.evaluation.evaluation:metric_call:77 - metric_func_name exact_match score 1.0 msg exact match, response: nan, target: nan
2026-08-08 22:02:45.481 | DEBUG    | eval.evaluation.evaluation:metric_call:77 - metric_func_name exact_match score 1.0 msg exact match, response: 4.65%, target: 4.65%
2026-08-08 22:02:45.482 | DEBUG    | eval.evaluation.evaluation:metric_call:77 - metric_func_name exact_match score 1.0 msg exact match, response: nan, target: nan
2026-08-08 22:02:45.482 | DEBUG    | eval.evaluation.evaluation:metric_call:77 - metric_func_name exact_match score 1.0 msg exact match, response: nan, target: nan
2026-08-08 22:02:45.482 | DEBUG    | eval.evaluation.evaluation:metric_call:77 - metric_func_name exact_match score 0.0 msg exact not match, response: nan, target: 4.65%
2026-08-08 22:02:45.482 | DEBUG    | eval.evaluation.evaluation:metric_call:77 - metric_func_name exact_match score 1.0 msg exact match, response: nan, target: nan
2026-08-08 22:02:45.482 | DEBUG    | eval.evaluation.evaluation:metric_call:77 - metric_func_name exact_match score 1.0 msg exact match, response: 4.60%, target: 4.60%
2026-08-08 22:02:45.482 | DEBUG    | eval.evaluation.evaluation:metric_call:77 - metric_func_name exact_match score 1.0 msg exact match, response: nan, target: nan
2026-08-08 22:02:45.482 | DEBUG    | eval.evaluation.evaluation:metric_call:77 - metric_func_name exact_match score 1.0 msg exact match, response: 4.45%, target: 4.45%
2026-08-08 22:02:45.482 | DEBUG    | eval.evaluation.evaluation:metric_call:77 - metric_func_name exact_match score 1.0 msg exact match, response: nan, target: nan
2026-08-08 22:02:45.482 | DEBUG    | eval.evaluation.evaluation:metric_call:77 - metric_func_name exact_match score 1.0 msg exact match, response: 4.30%, target: 4.30%
2026-08-08 22:02:45.482 | DEBUG    | eval.evaluation.evaluation:metric_call:77 - metric_func_name exact_match score 1.0 msg exact match, response: nan, target: nan
2026-08-08 22:02:45.482 | DEBUG    | eval.evaluation.evaluation:metric_call:77 - metric_func_name exact_match score 1.0 msg exact match, response: nan, target: nan
2026-08-08 22:02:45.482 | DEBUG    | eval.evaluation.evaluation:metric_call:77 - metric_func_name exact_match score 1.0 msg exact match, response: nan, target: nan
2026-08-08 22:02:45.482 | DEBUG    | eval.evaluation.evaluation:metric_call:77 - metric_func_name exact_match score 1.0 msg exact match, response: 4.20%, target: 4.20%
2026-08-08 22:02:45.482 | DEBUG    | eval.evaluation.evaluation:metric_call:77 - metric_func_name exact_match score 1.0 msg exact match, response: nan, target: nan
2026-08-08 22:02:45.482 | DEBUG    | eval.evaluation.evaluation:metric_call:77 - metric_func_name exact_match score 0.0 msg exact not match, response: nan, target: 4.20%
2026-08-08 22:02:45.482 | DEBUG    | eval.evaluation.evaluation:metric_call:77 - metric_func_name exact_match score 1.0 msg exact match, response: nan, target: nan
2026-08-08 22:02:45.482 | DEBUG    | eval.evaluation.evaluation:metric_call:77 - metric_func_name exact_match score 1.0 msg exact match, response: nan, target: nan
2026-08-08 22:02:45.482 | DEBUG    | eval.evaluation.evaluation:metric_call:77 - metric_func_name exact_match score 1.0 msg exact match, response: 3.95%, target: 3.95%
2026-08-08 22:02:45.482 | DEBUG    | eval.evaluation.evaluation:metric_call:77 - metric_func_name exact_match score 1.0 msg exact match, response: 3.85%, target: 3.85%
2026-08-08 22:02:45.482 | DEBUG    | eval.evaluation.evaluation:metric_call:77 - metric_func_name exact_match score 1.0 msg exact match, response: nan, target: nan
2026-08-08 22:02:45.482 | DEBUG    | eval.evaluation.evaluation:metric_call:77 - metric_func_name exact_match score 1.0 msg exact match, response: 3.60%, target: 3.60%
2026-08-08 22:02:45.482 | DEBUG    | eval.evaluation.evaluation:metric_call:77 - metric_func_name exact_match score 1.0 msg exact match, response: nan, target: nan
2026-08-08 22:02:45.482 | DEBUG    | eval.evaluation.evaluation:metric_call:77 - metric_func_name exact_match score 1.0 msg exact match, response: nan, target: nan
2026-08-08 22:02:45.482 | DEBUG    | eval.evaluation.evaluation:metric_call:77 - metric_func_name exact_match score 1.0 msg exact match, response: 3.50%, target: 3.50%
2026-08-08 22:02:45.483 | DEBUG    | eval.evaluation.evaluation:evaluate_single_query:321 - wide2deep_ws_zh_068, col 调整后的五年期lpr, metric_func_name exact_match, score [1.0, 1.0, 1.0, 1.0, 1.0, 1.0, 1.0, 0.0, 1.0, 1.0, 1.0, 1.0, 1.0, 1.0, 1.0, 1.0, 1.0, 1.0, 1.0, 0.0, 1.0, 1.0, 1.0, 1.0, 1.0, 1.0, 1.0, 1.0, 1.0]
2026-08-08 22:02:45.483 | DEBUG    | eval.evaluation.evaluation:metric_call:77 - metric_func_name exact_match score 1.0 msg exact match, response: nan, target: nan
2026-08-08 22:02:45.483 | DEBUG    | eval.evaluation.evaluation:metric_call:77 - metric_func_name exact_match score 1.0 msg exact match, response: 2.50%, target: 2.50%
2026-08-08 22:02:45.483 | DEBUG    | eval.evaluation.evaluation:metric_call:77 - metric_func_name exact_match score 1.0 msg exact match, response: nan, target: nan
2026-08-08 22:02:45.483 | DEBUG    | eval.evaluation.evaluation:metric_call:77 - metric_func_name exact_match score 0.0 msg exact not match, response: 2.30%, target: 2.40%
2026-08-08 22:02:45.483 | DEBUG    | eval.evaluation.evaluation:metric_call:77 - metric_func_name exact_match score 1.0 msg exact match, response: nan, target: nan
2026-08-08 22:02:45.483 | DEBUG    | eval.evaluation.evaluation:metric_call:77 - metric_func_name exact_match score 1.0 msg exact match, response: nan, target: nan
2026-08-08 22:02:45.483 | DEBUG    | eval.evaluation.evaluation:metric_call:77 - metric_func_name exact_match score 1.0 msg exact match, response: nan, target: nan
2026-08-08 22:02:45.483 | DEBUG    | eval.evaluation.evaluation:metric_call:77 - metric_func_name exact_match score 1.0 msg exact match, response: nan, target: nan
2026-08-08 22:02:45.483 | DEBUG    | eval.evaluation.evaluation:metric_call:77 - metric_func_name exact_match score 1.0 msg exact match, response: 2.20%, target: 2.20%
2026-08-08 22:02:45.483 | DEBUG    | eval.evaluation.evaluation:metric_call:77 - metric_func_name exact_match score 1.0 msg exact match, response: nan, target: nan
2026-08-08 22:02:45.483 | DEBUG    | eval.evaluation.evaluation:metric_call:77 - metric_func_name exact_match score 1.0 msg exact match, response: nan, target: nan
2026-08-08 22:02:45.483 | DEBUG    | eval.evaluation.evaluation:metric_call:77 - metric_func_name exact_match score 1.0 msg exact match, response: nan, target: nan
2026-08-08 22:02:45.483 | DEBUG    | eval.evaluation.evaluation:metric_call:77 - metric_func_name exact_match score 1.0 msg exact match, response: 2.10%, target: 2.10%
2026-08-08 22:02:45.483 | DEBUG    | eval.evaluation.evaluation:metric_call:77 - metric_func_name exact_match score 1.0 msg exact match, response: nan, target: nan
2026-08-08 22:02:45.483 | DEBUG    | eval.evaluation.evaluation:metric_call:77 - metric_func_name exact_match score 1.0 msg exact match, response: nan, target: nan
2026-08-08 22:02:45.483 | DEBUG    | eval.evaluation.evaluation:metric_call:77 - metric_func_name exact_match score 1.0 msg exact match, response: nan, target: nan
2026-08-08 22:02:45.484 | DEBUG    | eval.evaluation.evaluation:metric_call:77 - metric_func_name exact_match score 1.0 msg exact match, response: 2.00%, target: 2.00%
2026-08-08 22:02:45.484 | DEBUG    | eval.evaluation.evaluation:metric_call:77 - metric_func_name exact_match score 1.0 msg exact match, response: nan, target: nan
2026-08-08 22:02:45.484 | DEBUG    | eval.evaluation.evaluation:metric_call:77 - metric_func_name exact_match score 1.0 msg exact match, response: 1.90%, target: 1.90%
2026-08-08 22:02:45.484 | DEBUG    | eval.evaluation.evaluation:metric_call:77 - metric_func_name exact_match score 1.0 msg exact match, response: nan, target: nan
2026-08-08 22:02:45.484 | DEBUG    | eval.evaluation.evaluation:metric_call:77 - metric_func_name exact_match score 1.0 msg exact match, response: nan, target: nan
2026-08-08 22:02:45.484 | DEBUG    | eval.evaluation.evaluation:metric_call:77 - metric_func_name exact_match score 1.0 msg exact match, response: nan, target: nan
2026-08-08 22:02:45.484 | DEBUG    | eval.evaluation.evaluation:metric_call:77 - metric_func_name exact_match score 1.0 msg exact match, response: nan, target: nan
2026-08-08 22:02:45.484 | DEBUG    | eval.evaluation.evaluation:metric_call:77 - metric_func_name exact_match score 1.0 msg exact match, response: 1.80%, target: 1.80%
2026-08-08 22:02:45.484 | DEBUG    | eval.evaluation.evaluation:metric_call:77 - metric_func_name exact_match score 0.0 msg exact not match, response: 1.70%, target: nan
2026-08-08 22:02:45.484 | DEBUG    | eval.evaluation.evaluation:metric_call:77 - metric_func_name exact_match score 1.0 msg exact match, response: nan, target: nan
2026-08-08 22:02:45.484 | DEBUG    | eval.evaluation.evaluation:metric_call:77 - metric_func_name exact_match score 1.0 msg exact match, response: 1.50%, target: 1.50%
2026-08-08 22:02:45.484 | DEBUG    | eval.evaluation.evaluation:metric_call:77 - metric_func_name exact_match score 1.0 msg exact match, response: nan, target: nan
2026-08-08 22:02:45.484 | DEBUG    | eval.evaluation.evaluation:metric_call:77 - metric_func_name exact_match score 1.0 msg exact match, response: nan, target: nan
2026-08-08 22:02:45.485 | DEBUG    | eval.evaluation.evaluation:evaluate_single_query:321 - wide2deep_ws_zh_068, col 调整前的7天逆回购操作利率, metric_func_name exact_match, score [1.0, 1.0, 1.0, 0.0, 1.0, 1.0, 1.0, 1.0, 1.0, 1.0, 1.0, 1.0, 1.0, 1.0, 1.0, 1.0, 1.0, 1.0, 1.0, 1.0, 1.0, 1.0, 1.0, 1.0, 0.0, 1.0, 1.0, 1.0, 1.0]
2026-08-08 22:02:45.485 | DEBUG    | eval.evaluation.evaluation:metric_call:77 - metric_func_name exact_match score 1.0 msg exact match, response: nan, target: nan
2026-08-08 22:02:45.485 | DEBUG    | eval.evaluation.evaluation:metric_call:77 - metric_func_name exact_match score 1.0 msg exact match, response: 2.40%, target: 2.40%
2026-08-08 22:02:45.485 | DEBUG    | eval.evaluation.evaluation:metric_call:77 - metric_func_name exact_match score 1.0 msg exact match, response: nan, target: nan
2026-08-08 22:02:45.485 | DEBUG    | eval.evaluation.evaluation:metric_call:77 - metric_func_name exact_match score 1.0 msg exact match, response: 2.20%, target: 2.20%
2026-08-08 22:02:45.485 | DEBUG    | eval.evaluation.evaluation:metric_call:77 - metric_func_name exact_match score 1.0 msg exact match, response: nan, target: nan
2026-08-08 22:02:45.485 | DEBUG    | eval.evaluation.evaluation:metric_call:77 - metric_func_name exact_match score 1.0 msg exact match, response: nan, target: nan
2026-08-08 22:02:45.485 | DEBUG    | eval.evaluation.evaluation:metric_call:77 - metric_func_name exact_match score 1.0 msg exact match, response: nan, target: nan
2026-08-08 22:02:45.485 | DEBUG    | eval.evaluation.evaluation:metric_call:77 - metric_func_name exact_match score 1.0 msg exact match, response: nan, target: nan
2026-08-08 22:02:45.485 | DEBUG    | eval.evaluation.evaluation:metric_call:77 - metric_func_name exact_match score 1.0 msg exact match, response: 2.10%, target: 2.10%
2026-08-08 22:02:45.485 | DEBUG    | eval.evaluation.evaluation:metric_call:77 - metric_func_name exact_match score 1.0 msg exact match, response: nan, target: nan
2026-08-08 22:02:45.485 | DEBUG    | eval.evaluation.evaluation:metric_call:77 - metric_func_name exact_match score 1.0 msg exact match, response: nan, target: nan
2026-08-08 22:02:45.485 | DEBUG    | eval.evaluation.evaluation:metric_call:77 - metric_func_name exact_match score 1.0 msg exact match, response: nan, target: nan
2026-08-08 22:02:45.485 | DEBUG    | eval.evaluation.evaluation:metric_call:77 - metric_func_name exact_match score 1.0 msg exact match, response: 2.00%, target: 2.00%
2026-08-08 22:02:45.485 | DEBUG    | eval.evaluation.evaluation:metric_call:77 - metric_func_name exact_match score 1.0 msg exact match, response: nan, target: nan
2026-08-08 22:02:45.485 | DEBUG    | eval.evaluation.evaluation:metric_call:77 - metric_func_name exact_match score 1.0 msg exact match, response: nan, target: nan
2026-08-08 22:02:45.485 | DEBUG    | eval.evaluation.evaluation:metric_call:77 - metric_func_name exact_match score 1.0 msg exact match, response: nan, target: nan
2026-08-08 22:02:45.485 | DEBUG    | eval.evaluation.evaluation:metric_call:77 - metric_func_name exact_match score 1.0 msg exact match, response: 1.90%, target: 1.90%
2026-08-08 22:02:45.485 | DEBUG    | eval.evaluation.evaluation:metric_call:77 - metric_func_name exact_match score 1.0 msg exact match, response: nan, target: nan
2026-08-08 22:02:45.485 | DEBUG    | eval.evaluation.evaluation:metric_call:77 - metric_func_name exact_match score 1.0 msg exact match, response: 1.80%, target: 1.80%
2026-08-08 22:02:45.485 | DEBUG    | eval.evaluation.evaluation:metric_call:77 - metric_func_name exact_match score 1.0 msg exact match, response: nan, target: nan
2026-08-08 22:02:45.485 | DEBUG    | eval.evaluation.evaluation:metric_call:77 - metric_func_name exact_match score 1.0 msg exact match, response: nan, target: nan
2026-08-08 22:02:45.485 | DEBUG    | eval.evaluation.evaluation:metric_call:77 - metric_func_name exact_match score 1.0 msg exact match, response: nan, target: nan
2026-08-08 22:02:45.485 | DEBUG    | eval.evaluation.evaluation:metric_call:77 - metric_func_name exact_match score 1.0 msg exact match, response: nan, target: nan
2026-08-08 22:02:45.485 | DEBUG    | eval.evaluation.evaluation:metric_call:77 - metric_func_name exact_match score 1.0 msg exact match, response: 1.70%, target: 1.70%
2026-08-08 22:02:45.485 | DEBUG    | eval.evaluation.evaluation:metric_call:77 - metric_func_name exact_match score 0.0 msg exact not match, response: 1.50%, target: nan
2026-08-08 22:02:45.485 | DEBUG    | eval.evaluation.evaluation:metric_call:77 - metric_func_name exact_match score 1.0 msg exact match, response: nan, target: nan
2026-08-08 22:02:45.485 | DEBUG    | eval.evaluation.evaluation:metric_call:77 - metric_func_name exact_match score 1.0 msg exact match, response: 1.40%, target: 1.40%
2026-08-08 22:02:45.485 | DEBUG    | eval.evaluation.evaluation:metric_call:77 - metric_func_name exact_match score 1.0 msg exact match, response: nan, target: nan
2026-08-08 22:02:45.486 | DEBUG    | eval.evaluation.evaluation:metric_call:77 - metric_func_name exact_match score 1.0 msg exact match, response: nan, target: nan
2026-08-08 22:02:45.486 | DEBUG    | eval.evaluation.evaluation:evaluate_single_query:321 - wide2deep_ws_zh_068, col 调整后的7天逆回购操作利率, metric_func_name exact_match, score [1.0, 1.0, 1.0, 1.0, 1.0, 1.0, 1.0, 1.0, 1.0, 1.0, 1.0, 1.0, 1.0, 1.0, 1.0, 1.0, 1.0, 1.0, 1.0, 1.0, 1.0, 1.0, 1.0, 1.0, 0.0, 1.0, 1.0, 1.0, 1.0]
2026-08-08 22:02:45.486 | DEBUG    | eval.evaluation.evaluation:metric_call:77 - metric_func_name exact_match score 0.0 msg exact not match, response: 9.9%, target: 大型金融机构：13.00%
中小型金融机构：11.00%
2026-08-08 22:02:45.486 | DEBUG    | eval.evaluation.evaluation:metric_call:77 - metric_func_name exact_match score 1.0 msg exact match, response: nan, target: nan
2026-08-08 22:02:45.486 | DEBUG    | eval.evaluation.evaluation:metric_call:77 - metric_func_name exact_match score 1.0 msg exact match, response: nan, target: nan
2026-08-08 22:02:45.486 | DEBUG    | eval.evaluation.evaluation:metric_call:77 - metric_func_name exact_match score 1.0 msg exact match, response: nan, target: nan
2026-08-08 22:02:45.486 | DEBUG    | eval.evaluation.evaluation:metric_call:77 - metric_func_name exact_match score 1.0 msg exact match, response: nan, target: nan
2026-08-08 22:02:45.486 | DEBUG    | eval.evaluation.evaluation:metric_call:77 - metric_func_name exact_match score 0.0 msg exact not match, response: 9.4%, target: 大型金融机构：12.50%
中小型金融机构：9.50%
2026-08-08 22:02:45.486 | DEBUG    | eval.evaluation.evaluation:metric_call:77 - metric_func_name exact_match score 0.0 msg exact not match, response: 8.9%, target: 大型金融机构：12.00%
中小型金融机构：9.00%
2026-08-08 22:02:45.486 | DEBUG    | eval.evaluation.evaluation:metric_call:77 - metric_func_name exact_match score 1.0 msg exact match, response: nan, target: nan
2026-08-08 22:02:45.486 | DEBUG    | eval.evaluation.evaluation:metric_call:77 - metric_func_name exact_match score 1.0 msg exact match, response: nan, target: nan
2026-08-08 22:02:45.487 | DEBUG    | eval.evaluation.evaluation:metric_call:77 - metric_func_name exact_match score 1.0 msg exact match, response: nan, target: nan
2026-08-08 22:02:45.487 | DEBUG    | eval.evaluation.evaluation:metric_call:77 - metric_func_name exact_match score 0.0 msg exact not match, response: 8.4%, target: 大型金融机构：11.50%
中小型金融机构：8.50%
2026-08-08 22:02:45.487 | DEBUG    | eval.evaluation.evaluation:metric_call:77 - metric_func_name exact_match score 1.0 msg exact match, response: nan, target: nan
2026-08-08 22:02:45.487 | DEBUG    | eval.evaluation.evaluation:metric_call:77 - metric_func_name exact_match score 1.0 msg exact match, response: nan, target: nan
2026-08-08 22:02:45.487 | DEBUG    | eval.evaluation.evaluation:metric_call:77 - metric_func_name exact_match score 1.0 msg exact match, response: nan, target: nan
2026-08-08 22:02:45.487 | DEBUG    | eval.evaluation.evaluation:metric_call:77 - metric_func_name exact_match score 0.0 msg exact not match, response: 8.1%, target: 大型金融机构：11.25%
中小型金融机构：8.25%
2026-08-08 22:02:45.487 | DEBUG    | eval.evaluation.evaluation:metric_call:77 - metric_func_name exact_match score 0.0 msg exact not match, response: 7.8%, target: 大型金融机构：11.00%
中小型金融机构：8.00%
2026-08-08 22:02:45.487 | DEBUG    | eval.evaluation.evaluation:metric_call:77 - metric_func_name exact_match score 1.0 msg exact match, response: nan, target: nan
2026-08-08 22:02:45.487 | DEBUG    | eval.evaluation.evaluation:metric_call:77 - metric_func_name exact_match score 1.0 msg exact match, response: nan, target: nan
2026-08-08 22:02:45.487 | DEBUG    | eval.evaluation.evaluation:metric_call:77 - metric_func_name exact_match score 1.0 msg exact match, response: nan, target: nan
2026-08-08 22:02:45.487 | DEBUG    | eval.evaluation.evaluation:metric_call:77 - metric_func_name exact_match score 1.0 msg exact match, response: nan, target: nan
2026-08-08 22:02:45.487 | DEBUG    | eval.evaluation.evaluation:metric_call:77 - metric_func_name exact_match score 0.0 msg exact not match, response: 7.6%, target: 大型金融机构：10.75%
中小型金融机构：7.75%
2026-08-08 22:02:45.487 | DEBUG    | eval.evaluation.evaluation:metric_call:77 - metric_func_name exact_match score 0.0 msg exact not match, response: 7.4%, target: 大型金融机构：10.50%
中小型金融机构：7.50%
2026-08-08 22:02:45.487 | DEBUG    | eval.evaluation.evaluation:metric_call:77 - metric_func_name exact_match score 1.0 msg exact match, response: nan, target: nan
2026-08-08 22:02:45.487 | DEBUG    | eval.evaluation.evaluation:metric_call:77 - metric_func_name exact_match score 1.0 msg exact match, response: nan, target: nan
2026-08-08 22:02:45.487 | DEBUG    | eval.evaluation.evaluation:metric_call:77 - metric_func_name exact_match score 0.0 msg exact not match, response: 7.0%, target: 大型金融机构：10.00%
中小型金融机构：7.00%
2026-08-08 22:02:45.487 | DEBUG    | eval.evaluation.evaluation:metric_call:77 - metric_func_name exact_match score 1.0 msg exact match, response: nan, target: nan
2026-08-08 22:02:45.487 | DEBUG    | eval.evaluation.evaluation:metric_call:77 - metric_func_name exact_match score 1.0 msg exact match, response: nan, target: nan
2026-08-08 22:02:45.487 | DEBUG    | eval.evaluation.evaluation:metric_call:77 - metric_func_name exact_match score 0.0 msg exact not match, response: 6.6%, target: 大型金融机构：9.50%
中小型金融机构：6.50%
2026-08-08 22:02:45.487 | DEBUG    | eval.evaluation.evaluation:metric_call:77 - metric_func_name exact_match score 1.0 msg exact match, response: nan, target: nan
2026-08-08 22:02:45.488 | DEBUG    | eval.evaluation.evaluation:evaluate_single_query:321 - wide2deep_ws_zh_068, col 调整前的金融机构存款准备金率, metric_func_name exact_match, score [0.0, 1.0, 1.0, 1.0, 1.0, 0.0, 0.0, 1.0, 1.0, 1.0, 0.0, 1.0, 1.0, 1.0, 0.0, 0.0, 1.0, 1.0, 1.0, 1.0, 0.0, 0.0, 1.0, 1.0, 0.0, 1.0, 1.0, 0.0, 1.0]
2026-08-08 22:02:45.488 | DEBUG    | eval.evaluation.evaluation:metric_call:77 - metric_func_name exact_match score 0.0 msg exact not match, response: 9.4%, target: 大型金融机构：12.50%
中小型金融机构：10.50%
2026-08-08 22:02:45.488 | DEBUG    | eval.evaluation.evaluation:metric_call:77 - metric_func_name exact_match score 1.0 msg exact match, response: nan, target: nan
2026-08-08 22:02:45.488 | DEBUG    | eval.evaluation.evaluation:metric_call:77 - metric_func_name exact_match score 1.0 msg exact match, response: nan, target: nan
2026-08-08 22:02:45.488 | DEBUG    | eval.evaluation.evaluation:metric_call:77 - metric_func_name exact_match score 1.0 msg exact match, response: nan, target: nan
2026-08-08 22:02:45.488 | DEBUG    | eval.evaluation.evaluation:metric_call:77 - metric_func_name exact_match score 1.0 msg exact match, response: nan, target: nan
2026-08-08 22:02:45.488 | DEBUG    | eval.evaluation.evaluation:metric_call:77 - metric_func_name exact_match score 0.0 msg exact not match, response: 8.9%, target: 大型金融机构：12.00%
中小型金融机构：9.00%
2026-08-08 22:02:45.488 | DEBUG    | eval.evaluation.evaluation:metric_call:77 - metric_func_name exact_match score 0.0 msg exact not match, response: 8.4%, target: 大型金融机构：11.50%
中小型金融机构：8.50%
2026-08-08 22:02:45.488 | DEBUG    | eval.evaluation.evaluation:metric_call:77 - metric_func_name exact_match score 1.0 msg exact match, response: nan, target: nan
2026-08-08 22:02:45.488 | DEBUG    | eval.evaluation.evaluation:metric_call:77 - metric_func_name exact_match score 1.0 msg exact match, response: nan, target: nan
2026-08-08 22:02:45.488 | DEBUG    | eval.evaluation.evaluation:metric_call:77 - metric_func_name exact_match score 1.0 msg exact match, response: nan, target: nan
2026-08-08 22:02:45.488 | DEBUG    | eval.evaluation.evaluation:metric_call:77 - metric_func_name exact_match score 0.0 msg exact not match, response: 8.1%, target: 大型金融机构：11.25%
中小型金融机构：8.25%
2026-08-08 22:02:45.488 | DEBUG    | eval.evaluation.evaluation:metric_call:77 - metric_func_name exact_match score 1.0 msg exact match, response: nan, target: nan
2026-08-08 22:02:45.488 | DEBUG    | eval.evaluation.evaluation:metric_call:77 - metric_func_name exact_match score 1.0 msg exact match, response: nan, target: nan
2026-08-08 22:02:45.488 | DEBUG    | eval.evaluation.evaluation:metric_call:77 - metric_func_name exact_match score 1.0 msg exact match, response: nan, target: nan
2026-08-08 22:02:45.488 | DEBUG    | eval.evaluation.evaluation:metric_call:77 - metric_func_name exact_match score 0.0 msg exact not match, response: 7.8%, target: 大型金融机构：11.00%
中小型金融机构：8.00%
2026-08-08 22:02:45.488 | DEBUG    | eval.evaluation.evaluation:metric_call:77 - metric_func_name exact_match score 0.0 msg exact not match, response: 7.6%, target: 大型金融机构：10.75%
中小型金融机构：7.75%
2026-08-08 22:02:45.488 | DEBUG    | eval.evaluation.evaluation:metric_call:77 - metric_func_name exact_match score 1.0 msg exact match, response: nan, target: nan
2026-08-08 22:02:45.488 | DEBUG    | eval.evaluation.evaluation:metric_call:77 - metric_func_name exact_match score 1.0 msg exact match, response: nan, target: nan
2026-08-08 22:02:45.488 | DEBUG    | eval.evaluation.evaluation:metric_call:77 - metric_func_name exact_match score 1.0 msg exact match, response: nan, target: nan
2026-08-08 22:02:45.488 | DEBUG    | eval.evaluation.evaluation:metric_call:77 - metric_func_name exact_match score 1.0 msg exact match, response: nan, target: nan
2026-08-08 22:02:45.488 | DEBUG    | eval.evaluation.evaluation:metric_call:77 - metric_func_name exact_match score 0.0 msg exact not match, response: 7.4%, target: 大型金融机构：10.50%
中小型金融机构：7.50%
2026-08-08 22:02:45.488 | DEBUG    | eval.evaluation.evaluation:metric_call:77 - metric_func_name exact_match score 0.0 msg exact not match, response: 7.0%, target: 大型金融机构：10.00%
中小型金融机构：7.00%
2026-08-08 22:02:45.488 | DEBUG    | eval.evaluation.evaluation:metric_call:77 - metric_func_name exact_match score 1.0 msg exact match, response: nan, target: nan
2026-08-08 22:02:45.488 | DEBUG    | eval.evaluation.evaluation:metric_call:77 - metric_func_name exact_match score 1.0 msg exact match, response: nan, target: nan
2026-08-08 22:02:45.488 | DEBUG    | eval.evaluation.evaluation:metric_call:77 - metric_func_name exact_match score 0.0 msg exact not match, response: 6.6%, target: 大型金融机构：9.50%
中小型金融机构：6.50%
2026-08-08 22:02:45.489 | DEBUG    | eval.evaluation.evaluation:metric_call:77 - metric_func_name exact_match score 1.0 msg exact match, response: nan, target: nan
2026-08-08 22:02:45.489 | DEBUG    | eval.evaluation.evaluation:metric_call:77 - metric_func_name exact_match score 1.0 msg exact match, response: nan, target: nan
2026-08-08 22:02:45.489 | DEBUG    | eval.evaluation.evaluation:metric_call:77 - metric_func_name exact_match score 0.0 msg exact not match, response: 6.2%, target: 大型金融机构：9.00%
中小型金融机构：6.00%
2026-08-08 22:02:45.489 | DEBUG    | eval.evaluation.evaluation:metric_call:77 - metric_func_name exact_match score 1.0 msg exact match, response: nan, target: nan
2026-08-08 22:02:45.489 | DEBUG    | eval.evaluation.evaluation:evaluate_single_query:321 - wide2deep_ws_zh_068, col 调整后的金融机构存款准备金率, metric_func_name exact_match, score [0.0, 1.0, 1.0, 1.0, 1.0, 0.0, 0.0, 1.0, 1.0, 1.0, 0.0, 1.0, 1.0, 1.0, 0.0, 0.0, 1.0, 1.0, 1.0, 1.0, 0.0, 0.0, 1.0, 1.0, 0.0, 1.0, 1.0, 0.0, 1.0]
2026-08-08 22:02:45.493 | INFO     | eval.evaluation.evaluation:evaluate_single_query:380 - wide2deep_ws_zh_068, P/R/F1 by unique_columns: 0.9667/0.9062/0.9355
2026-08-08 22:02:45.493 | INFO     | eval.evaluation.evaluation:evaluate_single_query:383 - wide2deep_ws_zh_068, P/R/F1 by row: 0.4667/0.4375/0.4516
2026-08-08 22:02:45.493 | INFO     | eval.evaluation.evaluation:evaluate_single_query:386 - wide2deep_ws_zh_068, P/R/F1 by item: 0.8633/0.8094/0.8355
2026-08-08 22:02:45.499 | INFO     | eval.evaluation.evaluation:evaluate_single_query:398 - wide2deep_ws_zh_068, final table score: 0.0
{"event": "eval_done", "idx": 3, "instance_id": "wide2deep_ws_zh_068", "score": 0.0, "entity_acc": 1.0, "f1_by_row": 0.45161290322580644, "f1_by_item": 0.8354838709677418, "column_f1": 0.9354838709677419, "error": null, "elapsed_seconds": 18.763, "running_n": 3}
{"event": "eval_done", "idx": 4, "instance_id": "wide2deep_ws_en_017", "score": 0.0, "entity_acc": 0.0, "f1_by_row": 0.0, "f1_by_item": 0.0, "column_f1": 0.0, "error": null, "elapsed_seconds": 2.387, "running_n": 4}
2026-08-08 22:02:49.697 | DEBUG    | eval.evaluation.data_loader:extract_dataframe:167 - find markdown_str 
| Brand | Worldwide | New York | Detroit | Seattle |
| --- | -- ...
2026-08-08 22:02:54.245 | INFO     | eval.evaluation.metric_utils:primary_key_preprocess:246 - primary_key_preprocess result: ```json
{
  "McDonald's": "McDonald’s",
  "Burger King": "Burger King",
  "Wendy's": "Wendy’s",
  "Shake Shack": "Shake Shack"
}
```
2026-08-08 22:02:54.245 | INFO     | eval.evaluation.evaluation:evaluate_single_query:223 - col: brand, primary_key_map {"McDonald's": 'McDonald’s', 'Burger King': 'Burger King', "Wendy's": 'Wendy’s', 'Shake Shack': 'Shake Shack'}
2026-08-08 22:02:54.250 | INFO     | eval.evaluation.evaluation:evaluate_single_query:275 - wide2deep_ws_en_028, df_inner shape: (4, 10), answer_df shape: (5, 5), response_df shape: (5, 6)
2026-08-08 22:02:54.251 | DEBUG    | eval.evaluation.evaluation:metric_call:77 - metric_func_name number_near score 1.0 msg number near in range 0.0%, response: 43477.0, target: 43477.0
2026-08-08 22:02:54.251 | DEBUG    | eval.evaluation.evaluation:metric_call:77 - metric_func_name number_near score 1.0 msg number near in range 0.0%, response: 19732.0, target: 19732.0
2026-08-08 22:02:54.251 | DEBUG    | eval.evaluation.evaluation:metric_call:77 - metric_func_name number_near score 1.0 msg number near in range 0.0%, response: 7240.0, target: 7240.0
2026-08-08 22:02:54.251 | DEBUG    | eval.evaluation.evaluation:metric_call:77 - metric_func_name number_near score 0.0 msg number not near, response: 552.0, target: 579.0
2026-08-08 22:02:54.251 | DEBUG    | eval.evaluation.evaluation:evaluate_single_query:321 - wide2deep_ws_en_028, col worldwide, metric_func_name number_near, score [1.0, 1.0, 1.0, 0.0]
2026-08-08 22:02:54.252 | DEBUG    | eval.evaluation.evaluation:metric_call:77 - metric_func_name exact_match score 1.0 msg exact match, response: nan, target: nan
2026-08-08 22:02:54.252 | DEBUG    | eval.evaluation.evaluation:metric_call:77 - metric_func_name exact_match score 1.0 msg exact match, response: nan, target: nan
2026-08-08 22:02:54.252 | DEBUG    | eval.evaluation.evaluation:metric_call:77 - metric_func_name exact_match score 1.0 msg exact match, response: nan, target: nan
2026-08-08 22:02:54.252 | DEBUG    | eval.evaluation.evaluation:metric_call:77 - metric_func_name exact_match score 1.0 msg exact match, response: nan, target: nan
2026-08-08 22:02:54.252 | DEBUG    | eval.evaluation.evaluation:evaluate_single_query:321 - wide2deep_ws_en_028, col newyork, metric_func_name exact_match, score [1.0, 1.0, 1.0, 1.0]
2026-08-08 22:02:54.252 | DEBUG    | eval.evaluation.evaluation:metric_call:77 - metric_func_name exact_match score 1.0 msg exact match, response: nan, target: nan
2026-08-08 22:02:54.252 | DEBUG    | eval.evaluation.evaluation:metric_call:77 - metric_func_name exact_match score 1.0 msg exact match, response: nan, target: nan
2026-08-08 22:02:54.252 | DEBUG    | eval.evaluation.evaluation:metric_call:77 - metric_func_name exact_match score 1.0 msg exact match, response: nan, target: nan
2026-08-08 22:02:54.252 | DEBUG    | eval.evaluation.evaluation:metric_call:77 - metric_func_name exact_match score 1.0 msg exact match, response: nan, target: nan
2026-08-08 22:02:54.253 | DEBUG    | eval.evaluation.evaluation:evaluate_single_query:321 - wide2deep_ws_en_028, col detroit, metric_func_name exact_match, score [1.0, 1.0, 1.0, 1.0]
2026-08-08 22:02:54.253 | DEBUG    | eval.evaluation.evaluation:metric_call:77 - metric_func_name exact_match score 1.0 msg exact match, response: nan, target: nan
2026-08-08 22:02:54.253 | DEBUG    | eval.evaluation.evaluation:metric_call:77 - metric_func_name exact_match score 1.0 msg exact match, response: nan, target: nan
2026-08-08 22:02:54.253 | DEBUG    | eval.evaluation.evaluation:metric_call:77 - metric_func_name exact_match score 1.0 msg exact match, response: nan, target: nan
2026-08-08 22:02:54.253 | DEBUG    | eval.evaluation.evaluation:metric_call:77 - metric_func_name exact_match score 1.0 msg exact match, response: nan, target: nan
2026-08-08 22:02:54.254 | DEBUG    | eval.evaluation.evaluation:evaluate_single_query:321 - wide2deep_ws_en_028, col seattle, metric_func_name exact_match, score [1.0, 1.0, 1.0, 1.0]
2026-08-08 22:02:54.257 | INFO     | eval.evaluation.evaluation:evaluate_single_query:380 - wide2deep_ws_en_028, P/R/F1 by unique_columns: 0.8000/0.8000/0.8000
2026-08-08 22:02:54.257 | INFO     | eval.evaluation.evaluation:evaluate_single_query:383 - wide2deep_ws_en_028, P/R/F1 by row: 0.6000/0.6000/0.6000
2026-08-08 22:02:54.257 | INFO     | eval.evaluation.evaluation:evaluate_single_query:386 - wide2deep_ws_en_028, P/R/F1 by item: 0.7600/0.7600/0.7600
2026-08-08 22:02:54.258 | INFO     | eval.evaluation.evaluation:evaluate_single_query:398 - wide2deep_ws_en_028, final table score: 0.0
{"event": "eval_done", "idx": 5, "instance_id": "wide2deep_ws_en_028", "score": 0.0, "entity_acc": 1.0, "f1_by_row": 0.6, "f1_by_item": 0.76, "column_f1": 0.8000000000000002, "error": null, "elapsed_seconds": 6.334, "running_n": 5}
2026-08-08 22:02:55.671 | DEBUG    | eval.evaluation.data_loader:extract_dataframe:167 - find markdown_str 
| Case Name | Case Date | Case File Number | Opinion Author | V ...
2026-08-08 22:02:57.301 | INFO     | eval.evaluation.metric_utils:primary_key_preprocess:246 - primary_key_preprocess result: ```json
{
  "casename": "casename",
  "casedate": "casedate",
  "casefilenumber": "docketnumber",
  "opinionauthor": "opinionauthor",
  "verdict": "judgmentoutcome"
}
```
2026-08-08 22:02:57.301 | INFO     | eval.evaluation.evaluation:evaluate_single_query:172 - column map: {'casename': 'casename', 'casedate': 'casedate', 'casefilenumber': 'docketnumber', 'opinionauthor': 'opinionauthor', 'verdict': 'judgmentoutcome'}
2026-08-08 22:02:57.301 | INFO     | eval.evaluation.evaluation:evaluate_single_query:173 - befor mapping: Index(['casename', 'casedate', 'casefilenumber', 'opinionauthor', 'verdict'], dtype='object')
2026-08-08 22:02:57.302 | INFO     | eval.evaluation.evaluation:evaluate_single_query:175 - after mapping: Index(['casename', 'casedate', 'docketnumber', 'opinionauthor',
       'judgmentoutcome'],
      dtype='object')
2026-08-08 22:03:04.717 | INFO     | eval.evaluation.metric_utils:primary_key_preprocess:246 - primary_key_preprocess result: ```json
{
  "E.M.D. Sales, Inc. v. Carrera": "E.M.D. Sales, Inc. v. Carrera",
  "Royal Canin U.S.A., Inc. v. Wullschleger": "Royal Canin U.S.A., Inc. v. Wullschleger",
  "Wisconsin Bell, Inc. v. United States ex rel. Heath": "Wisconsin Bell, Inc. v. United States, ex rel. Todd Heath",
  "Williams v. Reed": "Williams v. Reed",
  "Lackey v. Stinnie": "Lackey v. Stinnie",
  "Dewberry Group, Inc. v. Dewberry Engineers Inc.": "Dewberry Group, Inc. v. Dewberry Engineers, Inc.",
  "City and County of San Francisco v. Environmental Protection Agency": "City and County of San Francisco v. Environmental Protection Agency",
  "Thompson v. United States": "Thompson v. United States",
  "Bufkin v. Collins": "Bufkin v. Collins",
  "Delligatti v. United States": "Delligatti v. United States",
  "Waetzig v. Halliburton Energy Services, Inc.": "Waetzig v. Halliburton Energy Services",
  "Food and Drug Administration v. Wages and White Lion Investments, L.L.C.": "Food and Drug Administration v. Wages and White Lion Investments, LLC",
  "Medical Marijuana, Inc. v. Horn": "Medical Marijuana, Inc. v. Horn",
  "Feliciano v. Department of Transportation": "Feliciano v. Department of Transportation",
  "United States v. Miller": "United States v. Miller",
  "Cunningham v. Cornell University": "Cunningham v. Cornell University",
  "Advocate Christ Medical Center v. Becerra": "Advocate Christ Medical Center v. Kennedy",
  "Barnes v. Felix": "Barnes v. Felix",
  "Kousisis v. United States": "Kousisis v. United States",
  "Seven County Infrastructure Coalition v. Eagle County": "Seven County Infrastructure Coalition v. Eagle County, Colorado",
  "Monsalvo Velázquez v. Bondi": "Velazquez v. Bondi"
}
```
2026-08-08 22:03:04.717 | INFO     | eval.evaluation.evaluation:evaluate_single_query:223 - col: casename, primary_key_map {'E.M.D. Sales, Inc. v. Carrera': 'E.M.D. Sales, Inc. v. Carrera', 'Royal Canin U.S.A., Inc. v. Wullschleger': 'Royal Canin U.S.A., Inc. v. Wullschleger', 'Wisconsin Bell, Inc. v. United States ex rel. Heath': 'Wisconsin Bell, Inc. v. United States, ex rel. Todd Heath', 'Williams v. Reed': 'Williams v. Reed', 'Lackey v. Stinnie': 'Lackey v. Stinnie', 'Dewberry Group, Inc. v. Dewberry Engineers Inc.': 'Dewberry Group, Inc. v. Dewberry Engineers, Inc.', 'City and County of San Francisco v. Environmental Protection Agency': 'City and County of San Francisco v. Environmental Protection Agency', 'Thompson v. United States': 'Thompson v. United States', 'Bufkin v. Collins': 'Bufkin v. Collins', 'Delligatti v. United States': 'Delligatti v. United States', 'Waetzig v. Halliburton Energy Services, Inc.': 'Waetzig v. Halliburton Energy Services', 'Food and Drug Administration v. Wages and White Lion Investments, L.L.C.': 'Food and Drug Administration v. Wages and White Lion Investments, LLC', 'Medical Marijuana, Inc. v. Horn': 'Medical Marijuana, Inc. v. Horn', 'Feliciano v. Department of Transportation': 'Feliciano v. Department of Transportation', 'United States v. Miller': 'United States v. Miller', 'Cunningham v. Cornell University': 'Cunningham v. Cornell University', 'Advocate Christ Medical Center v. Becerra': 'Advocate Christ Medical Center v. Kennedy', 'Barnes v. Felix': 'Barnes v. Felix', 'Kousisis v. United States': 'Kousisis v. United States', 'Seven County Infrastructure Coalition v. Eagle County': 'Seven County Infrastructure Coalition v. Eagle County, Colorado', 'Monsalvo Velázquez v. Bondi': 'Velazquez v. Bondi'}
2026-08-08 22:03:04.723 | INFO     | eval.evaluation.evaluation:evaluate_single_query:275 - wide2deep_ws_en_030, df_inner shape: (21, 10), answer_df shape: (25, 5), response_df shape: (33, 6)
2026-08-08 22:03:04.724 | DEBUG    | eval.evaluation.evaluation:metric_call:77 - metric_func_name exact_match score 0.0 msg exact not match, response: 2025-01-21, target: 2025-01-15
2026-08-08 22:03:04.724 | DEBUG    | eval.evaluation.evaluation:metric_call:77 - metric_func_name exact_match score 1.0 msg exact match, response: 2025-01-15, target: 2025-01-15
2026-08-08 22:03:04.724 | DEBUG    | eval.evaluation.evaluation:metric_call:77 - metric_func_name exact_match score 0.0 msg exact not match, response: 2025-02-25, target: 2025-02-21
2026-08-08 22:03:04.724 | DEBUG    | eval.evaluation.evaluation:metric_call:77 - metric_func_name exact_match score 1.0 msg exact match, response: 2025-02-21, target: 2025-02-21
2026-08-08 22:03:04.724 | DEBUG    | eval.evaluation.evaluation:metric_call:77 - metric_func_name exact_match score 1.0 msg exact match, response: 2025-02-25, target: 2025-02-25
2026-08-08 22:03:04.724 | DEBUG    | eval.evaluation.evaluation:metric_call:77 - metric_func_name exact_match score 1.0 msg exact match, response: 2025-02-26, target: 2025-02-26
2026-08-08 22:03:04.725 | DEBUG    | eval.evaluation.evaluation:metric_call:77 - metric_func_name exact_match score 0.0 msg exact not match, response: 2025-03-26, target: 2025-02-26
2026-08-08 22:03:04.725 | DEBUG    | eval.evaluation.evaluation:metric_call:77 - metric_func_name exact_match score 1.0 msg exact match, response: 2025-03-04, target: 2025-03-04
2026-08-08 22:03:04.725 | DEBUG    | eval.evaluation.evaluation:metric_call:77 - metric_func_name exact_match score 1.0 msg exact match, response: 2025-03-05, target: 2025-03-05
2026-08-08 22:03:04.725 | DEBUG    | eval.evaluation.evaluation:metric_call:77 - metric_func_name exact_match score 1.0 msg exact match, response: 2025-03-21, target: 2025-03-21
2026-08-08 22:03:04.725 | DEBUG    | eval.evaluation.evaluation:metric_call:77 - metric_func_name exact_match score 0.0 msg exact not match, response: 2025-03-05, target: 2025-03-21
2026-08-08 22:03:04.725 | DEBUG    | eval.evaluation.evaluation:metric_call:77 - metric_func_name exact_match score 0.0 msg exact not match, response: 2025-04-04, target: 2025-03-26
2026-08-08 22:03:04.725 | DEBUG    | eval.evaluation.evaluation:metric_call:77 - metric_func_name exact_match score 1.0 msg exact match, response: 2025-04-02, target: 2025-04-02
2026-08-08 22:03:04.725 | DEBUG    | eval.evaluation.evaluation:metric_call:77 - metric_func_name exact_match score 1.0 msg exact match, response: 2025-04-02, target: 2025-04-02
2026-08-08 22:03:04.725 | DEBUG    | eval.evaluation.evaluation:metric_call:77 - metric_func_name exact_match score 1.0 msg exact match, response: 2025-04-17, target: 2025-04-17
2026-08-08 22:03:04.725 | DEBUG    | eval.evaluation.evaluation:metric_call:77 - metric_func_name exact_match score 0.0 msg exact not match, response: 2025-05-22, target: 2025-04-22
2026-08-08 22:03:04.725 | DEBUG    | eval.evaluation.evaluation:metric_call:77 - metric_func_name exact_match score 1.0 msg exact match, response: 2025-04-29, target: 2025-04-29
2026-08-08 22:03:04.725 | DEBUG    | eval.evaluation.evaluation:metric_call:77 - metric_func_name exact_match score 0.0 msg exact not match, response: 2025-04-02, target: 2025-04-30
2026-08-08 22:03:04.725 | DEBUG    | eval.evaluation.evaluation:metric_call:77 - metric_func_name exact_match score 1.0 msg exact match, response: 2025-05-15, target: 2025-05-15
2026-08-08 22:03:04.725 | DEBUG    | eval.evaluation.evaluation:metric_call:77 - metric_func_name exact_match score 1.0 msg exact match, response: 2025-05-22, target: 2025-05-22
2026-08-08 22:03:04.725 | DEBUG    | eval.evaluation.evaluation:metric_call:77 - metric_func_name exact_match score 0.0 msg exact not match, response: 2025-05-22, target: 2025-05-29
2026-08-08 22:03:04.726 | DEBUG    | eval.evaluation.evaluation:evaluate_single_query:321 - wide2deep_ws_en_030, col casedate, metric_func_name exact_match, score [0.0, 1.0, 0.0, 1.0, 1.0, 1.0, 0.0, 1.0, 1.0, 1.0, 0.0, 0.0, 1.0, 1.0, 1.0, 0.0, 1.0, 0.0, 1.0, 1.0, 0.0]
2026-08-08 22:03:08.307 | DEBUG    | eval.evaluation.evaluation:evaluate_single_query:321 - wide2deep_ws_en_030, col docketnumber, metric_func_name llm_judge, score [1, 1, 1, 1, 1, 1, 1, 1, 1, 1, 1, 1, 1, 1, 1, 1, 1, 1, 1, 1, 1]
2026-08-08 22:03:11.622 | DEBUG    | eval.evaluation.evaluation:evaluate_single_query:321 - wide2deep_ws_en_030, col opinionauthor, metric_func_name llm_judge, score [1, 1, 1, 1, 1, 1, 1, 1, 0, 1, 1, 1, 1, 1, 1, 1, 1, 0, 1, 1, 1]
2026-08-08 22:03:16.275 | DEBUG    | eval.evaluation.evaluation:evaluate_single_query:321 - wide2deep_ws_en_030, col judgmentoutcome, metric_func_name llm_judge, score [1, 0, 1, 0, 1, 1, 0, 0, 1, 1, 1, 0, 0, 0, 0, 1, 1, 0, 1, 1, 1]
2026-08-08 22:03:16.279 | INFO     | eval.evaluation.evaluation:evaluate_single_query:380 - wide2deep_ws_en_030, P/R/F1 by unique_columns: 0.6364/0.8400/0.7241
2026-08-08 22:03:16.279 | INFO     | eval.evaluation.evaluation:evaluate_single_query:383 - wide2deep_ws_en_030, P/R/F1 by row: 0.1818/0.2400/0.2069
2026-08-08 22:03:16.279 | INFO     | eval.evaluation.evaluation:evaluate_single_query:386 - wide2deep_ws_en_030, P/R/F1 by item: 0.5212/0.6880/0.5931
2026-08-08 22:03:16.281 | INFO     | eval.evaluation.evaluation:evaluate_single_query:398 - wide2deep_ws_en_030, final table score: 0.0
{"event": "eval_done", "idx": 6, "instance_id": "wide2deep_ws_en_030", "score": 0.0, "entity_acc": 1.0, "f1_by_row": 0.20689655172413793, "f1_by_item": 0.5931034482758621, "column_f1": 0.7241379310344828, "error": null, "elapsed_seconds": 22.002, "running_n": 6}
{"event": "eval_done", "idx": 7, "instance_id": "wide2deep_ws_en_035", "score": 0.0, "entity_acc": 0.0, "f1_by_row": 0.0, "f1_by_item": 0.0, "column_f1": 0.0, "error": null, "elapsed_seconds": 1.619, "running_n": 7}
SUMMARY {"n": 7, "valid_n": 7, "errors": 0, "complete": true, "judge_calls_current_process": 22, "score": 0.0, "entity_acc": 0.7142857142857143, "precision_by_row": 0.30944741532976827, "recall_by_row": 0.30134753901560624, "f1_by_row": 0.30428609537423246, "precision_by_item": 0.48909006026653085, "recall_by_item": 0.48910879351740694, "f1_by_item": 0.48671264655430063, "column_precision": 0.5446906035141329, "column_recall": 0.5481437575030011, "column_f1": 0.5436175942097554}
