INFO: Pandarallel will run on 8 workers.
INFO: Pandarallel will use Memory file system to transfer data between the main process and workers.
{"event": "eval_start", "selected": 7, "resume_committed": 0, "committed_errors": 0, "crash_only_resume": false}
{"event": "eval_done", "idx": 1, "instance_id": "deep2wide_result_49_山西省", "score": 0.0, "entity_acc": 0.0, "f1_by_row": 0.0, "f1_by_item": 0.0, "column_f1": 0.0, "error": null, "elapsed_seconds": 3.012, "running_n": 1}
2026-08-10 00:47:49.396 | DEBUG    | eval.evaluation.data_loader:extract_dataframe:167 - find markdown_str 
| 姓名 | 字 | 号 | 祖籍 |
| --- | --- | --- | --- |
| 金农 | 寿门、司农、吉金 | ...
2026-08-10 00:47:52.358 | INFO     | eval.evaluation.metric_utils:primary_key_preprocess:246 - primary_key_preprocess result: ```json
{
  "金农": "金农",
  "郑燮": "郑燮",
  "黄慎": "黄慎",
  "李鱓": "李鱓",
  "李方膺": "李方膺",
  "汪士慎": "汪士慎",
  "罗聘": "罗聘",
  "高翔": "高翔"
}
```
2026-08-10 00:47:52.358 | INFO     | eval.evaluation.evaluation:evaluate_single_query:223 - col: 姓名, primary_key_map {'金农': '金农', '郑燮': '郑燮', '黄慎': '黄慎', '李鱓': '李鱓', '李方膺': '李方膺', '汪士慎': '汪士慎', '罗聘': '罗聘', '高翔': '高翔'}
2026-08-10 00:47:52.365 | INFO     | eval.evaluation.evaluation:evaluate_single_query:275 - deep2wide_result_50_扬州八怪, df_inner shape: (8, 8), answer_df shape: (8, 4), response_df shape: (8, 5)
2026-08-10 00:48:02.612 | DEBUG    | eval.evaluation.evaluation:evaluate_single_query:321 - deep2wide_result_50_扬州八怪, col 字, metric_func_name llm_judge, score [1, 0, 1, 1, 1, 1, 1, 1]
2026-08-10 00:48:06.092 | DEBUG    | eval.evaluation.evaluation:evaluate_single_query:321 - deep2wide_result_50_扬州八怪, col 号, metric_func_name llm_judge, score [1, 1, 1, 1, 1, 1, 1, 1]
2026-08-10 00:48:09.752 | DEBUG    | eval.evaluation.evaluation:evaluate_single_query:321 - deep2wide_result_50_扬州八怪, col 祖籍, metric_func_name llm_judge, score [1, 1, 1, 1, 1, 1, 0, 1]
2026-08-10 00:48:09.758 | INFO     | eval.evaluation.evaluation:evaluate_single_query:380 - deep2wide_result_50_扬州八怪, P/R/F1 by unique_columns: 1.0000/1.0000/1.0000
2026-08-10 00:48:09.759 | INFO     | eval.evaluation.evaluation:evaluate_single_query:383 - deep2wide_result_50_扬州八怪, P/R/F1 by row: 0.7500/0.7500/0.7500
2026-08-10 00:48:09.759 | INFO     | eval.evaluation.evaluation:evaluate_single_query:386 - deep2wide_result_50_扬州八怪, P/R/F1 by item: 0.9375/0.9375/0.9375
2026-08-10 00:48:09.760 | INFO     | eval.evaluation.evaluation:evaluate_single_query:398 - deep2wide_result_50_扬州八怪, final table score: 0.0
{"event": "eval_done", "idx": 2, "instance_id": "deep2wide_result_50_扬州八怪", "score": 0.0, "entity_acc": 1.0, "f1_by_row": 0.75, "f1_by_item": 0.9375, "column_f1": 1.0, "error": null, "elapsed_seconds": 22.91, "running_n": 2}
2026-08-10 00:48:13.957 | DEBUG    | eval.evaluation.data_loader:extract_dataframe:167 - find markdown_str 
| 姓名 | 年份 | 奖项 | 大学名称 | 专业 |
| --- | --- | --- | --- | --- |
|  ...
2026-08-10 00:48:15.679 | INFO     | eval.evaluation.metric_utils:primary_key_preprocess:246 - primary_key_preprocess result: ```json
{}
```
2026-08-10 00:48:15.680 | INFO     | eval.evaluation.evaluation:evaluate_single_query:223 - col: 姓名, primary_key_map {}
2026-08-10 00:48:15.797 | INFO     | eval.evaluation.evaluation:evaluate_single_query:275 - deep2wide_result_52_乐清市知临中学, df_inner shape: (0, 10), answer_df shape: (6, 5), response_df shape: (2, 6)
2026-08-10 00:48:15.798 | DEBUG    | eval.evaluation.evaluation:metric_call:77 - metric_func_name date_near score 1.0 msg date near, response: nan, target: nan
2026-08-10 00:48:15.798 | DEBUG    | eval.evaluation.evaluation:evaluate_single_query:321 - deep2wide_result_52_乐清市知临中学, col 年份, metric_func_name date_near, score []
2026-08-10 00:48:15.801 | ERROR    | eval.evaluation.evaluation:evaluate_single_query:401 - evaluator error: 
Traceback (most recent call last):
  File "/home/azureuser/workspace-gzy/zyf/deep/external/Marco-Search-Agent/Marco-DeepResearch-Family/DeepWideSearch/eval/evaluation/evaluation.py", line 315, in evaluate_single_query
    df_inner_score[f"{col}_{metric_func_name}"] = (
    ~~~~~~~~~~~~~~^^^^^^^^^^^^^^^^^^^^^^^^^^^^^
  File "/home/azureuser/workspace-gzy/zyf/deep/.venv-eval/lib/python3.12/site-packages/pandas/core/frame.py", line 4312, in __setitem__
    self._set_item_frame_value(key, value)
  File "/home/azureuser/workspace-gzy/zyf/deep/.venv-eval/lib/python3.12/site-packages/pandas/core/frame.py", line 4470, in _set_item_frame_value
    raise ValueError(
ValueError: Cannot set a DataFrame with multiple columns to the single column 奖项_exact_match

{"event": "eval_done", "idx": 3, "instance_id": "deep2wide_result_52_乐清市知临中学", "score": null, "entity_acc": null, "f1_by_row": null, "f1_by_item": null, "column_f1": null, "error": "RuntimeError: official evaluator reported an internal error", "elapsed_seconds": 6.011, "running_n": 3}
{"event": "eval_done", "idx": 4, "instance_id": "deep2wide_result_53_潘虹", "score": 0.0, "entity_acc": 0.0, "f1_by_row": 0.0, "f1_by_item": 0.0, "column_f1": 0.0, "error": null, "elapsed_seconds": 2.454, "running_n": 4}
2026-08-10 00:48:22.477 | DEBUG    | eval.evaluation.data_loader:extract_dataframe:167 - find markdown_str 
| 剧名 | 年份 | 饰演者 | 总集数 | 导演 |
| --- | --- | --- | --- | --- |
|  ...
2026-08-10 00:48:25.395 | INFO     | eval.evaluation.metric_utils:primary_key_preprocess:246 - primary_key_preprocess result: ```json
{
  "三国演义": "《三国演义》",
  "三国英雄传之关公": "《关公》",
  "武圣关公": "《武圣关公》",
  "三国": "《三国》"
}
```
2026-08-10 00:48:25.395 | INFO     | eval.evaluation.evaluation:evaluate_single_query:223 - col: 剧名, primary_key_map {'三国演义': '《三国演义》', '三国英雄传之关公': '《关公》', '武圣关公': '《武圣关公》', '三国': '《三国》'}
2026-08-10 00:48:25.408 | INFO     | eval.evaluation.evaluation:evaluate_single_query:275 - deep2wide_result_54_庞德, df_inner shape: (4, 10), answer_df shape: (4, 5), response_df shape: (4, 6)
2026-08-10 00:48:25.411 | DEBUG    | eval.evaluation.evaluation:metric_call:77 - metric_func_name date_near score 0.0 msg date not near, response: 1996-08-01 00:00:00, target: 1992-08-01 00:00:00
2026-08-10 00:48:25.413 | DEBUG    | eval.evaluation.evaluation:metric_call:77 - metric_func_name date_near score 1.0 msg date near, response: 1994-08-01 00:00:00, target: 1994-08-01 00:00:00
2026-08-10 00:48:25.415 | DEBUG    | eval.evaluation.evaluation:metric_call:77 - metric_func_name date_near score 1.0 msg date near, response: 2004-08-01 00:00:00, target: 2004-08-01 00:00:00
2026-08-10 00:48:25.417 | DEBUG    | eval.evaluation.evaluation:metric_call:77 - metric_func_name date_near score 1.0 msg date near, response: 2010-08-01 00:00:00, target: 2010-08-01 00:00:00
2026-08-10 00:48:25.417 | DEBUG    | eval.evaluation.evaluation:evaluate_single_query:321 - deep2wide_result_54_庞德, col 年份, metric_func_name date_near, score [0.0, 1.0, 1.0, 1.0]
2026-08-10 00:48:28.438 | DEBUG    | eval.evaluation.evaluation:evaluate_single_query:321 - deep2wide_result_54_庞德, col 饰演者, metric_func_name llm_judge, score [0, 1, 0, 0]
2026-08-10 00:48:28.438 | DEBUG    | eval.evaluation.evaluation:metric_call:77 - metric_func_name number_near score 0.0 msg number not near, response: 54.0, target: 14.0
2026-08-10 00:48:28.438 | DEBUG    | eval.evaluation.evaluation:metric_call:77 - metric_func_name number_near score 1.0 msg number near in range 5.0%, response: 84.0, target: 84.0
2026-08-10 00:48:28.438 | DEBUG    | eval.evaluation.evaluation:metric_call:77 - metric_func_name number_near score 1.0 msg number near in range 5.0%, response: 28.0, target: 28.0
2026-08-10 00:48:28.438 | DEBUG    | eval.evaluation.evaluation:metric_call:77 - metric_func_name number_near score 1.0 msg number near in range 5.0%, response: 95.0, target: 95.0
2026-08-10 00:48:28.439 | DEBUG    | eval.evaluation.evaluation:evaluate_single_query:321 - deep2wide_result_54_庞德, col 总集数, metric_func_name number_near, score [0.0, 1.0, 1.0, 1.0]
2026-08-10 00:48:33.393 | DEBUG    | eval.evaluation.evaluation:evaluate_single_query:321 - deep2wide_result_54_庞德, col 导演, metric_func_name llm_judge, score [0, 1, 1, 1]
2026-08-10 00:48:33.397 | INFO     | eval.evaluation.evaluation:evaluate_single_query:380 - deep2wide_result_54_庞德, P/R/F1 by unique_columns: 1.0000/1.0000/1.0000
2026-08-10 00:48:33.397 | INFO     | eval.evaluation.evaluation:evaluate_single_query:383 - deep2wide_result_54_庞德, P/R/F1 by row: 0.2500/0.2500/0.2500
2026-08-10 00:48:33.397 | INFO     | eval.evaluation.evaluation:evaluate_single_query:386 - deep2wide_result_54_庞德, P/R/F1 by item: 0.7000/0.7000/0.7000
2026-08-10 00:48:33.399 | INFO     | eval.evaluation.evaluation:evaluate_single_query:398 - deep2wide_result_54_庞德, final table score: 0.0
{"event": "eval_done", "idx": 5, "instance_id": "deep2wide_result_54_庞德", "score": 0.0, "entity_acc": 1.0, "f1_by_row": 0.25, "f1_by_item": 0.7, "column_f1": 1.0, "error": null, "elapsed_seconds": 15.111, "running_n": 5}
{"event": "eval_done", "idx": 6, "instance_id": "deep2wide_result_56_中原麻衣", "score": 0.0, "entity_acc": 0.0, "f1_by_row": 0.0, "f1_by_item": 0.0, "column_f1": 0.0, "error": null, "elapsed_seconds": 8.222, "running_n": 6}
{"event": "eval_done", "idx": 7, "instance_id": "deep2wide_result_57_GDC", "score": 0.0, "entity_acc": 0.0, "f1_by_row": 0.0, "f1_by_item": 0.0, "column_f1": 0.0, "error": null, "elapsed_seconds": 1.513, "running_n": 7}
SUMMARY {"n": 7, "valid_n": 6, "errors": 1, "complete": false, "judge_calls_current_process": 15, "score": 0.0, "entity_acc": 0.3333333333333333, "precision_by_row": 0.16666666666666666, "recall_by_row": 0.16666666666666666, "f1_by_row": 0.16666666666666666, "precision_by_item": 0.27291666666666664, "recall_by_item": 0.27291666666666664, "f1_by_item": 0.27291666666666664, "column_precision": 0.3333333333333333, "column_recall": 0.3333333333333333, "column_f1": 0.3333333333333333}
