INFO: Pandarallel will run on 8 workers.
INFO: Pandarallel will use Memory file system to transfer data between the main process and workers.
{"event": "eval_start", "selected": 7, "resume_committed": 0, "committed_errors": 0, "crash_only_resume": false}
2026-08-10 00:47:48.907 | DEBUG    | eval.evaluation.data_loader:extract_dataframe:167 - find markdown_str 
| 职务 | 姓名 | 出生日期 | 出生地 |
| --- | --- | --- | --- |
| 澳门特别行政区行政长 ...
2026-08-10 00:47:53.301 | INFO     | eval.evaluation.metric_utils:primary_key_preprocess:246 - primary_key_preprocess result: ```json
{
  "岑浩辉": "岑浩辉",
  "张永春": "张永春",
  "戴建业": "戴建业",
  "黄少泽": "黄少泽",
  "欧阳瑜": "欧阳瑜",
  "柯岚": "柯岚",
  "谭伟文": "谭伟文",
  "高开贤": "高开贤",
  "宋敏莉": "宋敏莉",
  "陈子劲": "陈子劲"
}
```
2026-08-10 00:47:53.302 | INFO     | eval.evaluation.evaluation:evaluate_single_query:223 - col: 姓名, primary_key_map {'岑浩辉': '岑浩辉', '张永春': '张永春', '戴建业': '戴建业', '黄少泽': '黄少泽', '欧阳瑜': '欧阳瑜', '柯岚': '柯岚', '谭伟文': '谭伟文', '高开贤': '高开贤', '宋敏莉': '宋敏莉', '陈子劲': '陈子劲'}
2026-08-10 00:47:53.445 | INFO     | eval.evaluation.evaluation:evaluate_single_query:275 - deep2wide_result_27_澳门, df_inner shape: (10, 8), answer_df shape: (13, 4), response_df shape: (14, 5)
2026-08-10 00:47:57.911 | DEBUG    | eval.evaluation.evaluation:evaluate_single_query:321 - deep2wide_result_27_澳门, col 职务, metric_func_name llm_judge, score [1, 1, 1, 1, 1, 1, 0, 1, 1, 1]
2026-08-10 00:47:57.915 | DEBUG    | eval.evaluation.evaluation:metric_call:77 - metric_func_name date_near score 0.0 msg date not near, response: 1962-08-01 00:00:00, target: 1962-05-01 00:00:00
2026-08-10 00:47:57.917 | DEBUG    | eval.evaluation.evaluation:metric_call:77 - metric_func_name date_near score 1.0 msg date near, response: 1966-08-01 00:00:00, target: 1966-09-01 00:00:00
2026-08-10 00:47:57.919 | DEBUG    | eval.evaluation.evaluation:metric_call:77 - metric_func_name date_near score 0.0 msg date not near, response: 1971-08-01 00:00:00, target: 2058-08-10 00:00:00
2026-08-10 00:47:57.921 | DEBUG    | eval.evaluation.evaluation:metric_call:77 - metric_func_name date_near score 1.0 msg date near, response: 1968-08-01 00:00:00, target: 1968-09-01 00:00:00
2026-08-10 00:47:57.923 | DEBUG    | eval.evaluation.evaluation:metric_call:77 - metric_func_name date_near score 0.0 msg date not near, response: 1972-08-01 00:00:00, target: 2052-08-10 00:00:00
2026-08-10 00:47:57.926 | DEBUG    | eval.evaluation.evaluation:metric_call:77 - metric_func_name date_near score 0.0 msg date not near, response: 1963-08-01 00:00:00, target: 2066-08-10 00:00:00
2026-08-10 00:47:57.928 | DEBUG    | eval.evaluation.evaluation:metric_call:77 - metric_func_name date_near score 1.0 msg date near, response: 1968-08-01 00:00:00, target: 1968-09-01 00:00:00
2026-08-10 00:47:57.930 | DEBUG    | eval.evaluation.evaluation:metric_call:77 - metric_func_name date_near score 0.0 msg date not near, response: 1953-08-01 00:00:00, target: 1953-01-01 00:00:00
2026-08-10 00:47:57.932 | DEBUG    | eval.evaluation.evaluation:metric_call:77 - metric_func_name date_near score 0.0 msg date not near, response: 1966-08-01 00:00:00, target: 1966-02-01 00:00:00
2026-08-10 00:47:57.934 | DEBUG    | eval.evaluation.evaluation:metric_call:77 - metric_func_name date_near score 0.0 msg date not near, response: 1972-08-01 00:00:00, target: 2056-08-10 00:00:00
2026-08-10 00:47:57.935 | DEBUG    | eval.evaluation.evaluation:evaluate_single_query:321 - deep2wide_result_27_澳门, col 出生日期, metric_func_name date_near, score [0.0, 1.0, 0.0, 1.0, 0.0, 0.0, 1.0, 0.0, 0.0, 0.0]
2026-08-10 00:48:02.048 | DEBUG    | eval.evaluation.evaluation:evaluate_single_query:321 - deep2wide_result_27_澳门, col 出生地, metric_func_name llm_judge, score [1, 1, 0, 1, 0, 1, 1, 1, 0, 0]
2026-08-10 00:48:02.054 | INFO     | eval.evaluation.evaluation:evaluate_single_query:380 - deep2wide_result_27_澳门, P/R/F1 by unique_columns: 0.7143/0.7692/0.7407
2026-08-10 00:48:02.054 | INFO     | eval.evaluation.evaluation:evaluate_single_query:383 - deep2wide_result_27_澳门, P/R/F1 by row: 0.1429/0.1538/0.1481
2026-08-10 00:48:02.054 | INFO     | eval.evaluation.evaluation:evaluate_single_query:386 - deep2wide_result_27_澳门, P/R/F1 by item: 0.5000/0.5385/0.5185
2026-08-10 00:48:02.057 | INFO     | eval.evaluation.evaluation:evaluate_single_query:398 - deep2wide_result_27_澳门, final table score: 0.0
{"event": "eval_done", "idx": 1, "instance_id": "deep2wide_result_27_澳门", "score": 0.0, "entity_acc": 1.0, "f1_by_row": 0.14814814814814817, "f1_by_item": 0.5185185185185186, "column_f1": 0.7407407407407408, "error": null, "elapsed_seconds": 18.296, "running_n": 1}
{"event": "eval_done", "idx": 2, "instance_id": "deep2wide_result_28_延边朝鲜族自治州", "score": 0.0, "entity_acc": 0.0, "f1_by_row": 0.0, "f1_by_item": 0.0, "column_f1": 0.0, "error": null, "elapsed_seconds": 1.872, "running_n": 2}
{"event": "eval_done", "idx": 3, "instance_id": "deep2wide_result_29_浙江省东阳市", "score": 0.0, "entity_acc": 0.0, "f1_by_row": 0.0, "f1_by_item": 0.0, "column_f1": 0.0, "error": null, "elapsed_seconds": 2.528, "running_n": 3}
2026-08-10 00:48:11.323 | DEBUG    | eval.evaluation.data_loader:extract_dataframe:167 - find markdown_str 
| 角色姓名 | 角色类型 | 头发颜色 |
| --- | --- | --- |
| 特莉波卡 | 龙族女仆 | 白色 | ...
2026-08-10 00:48:13.132 | INFO     | eval.evaluation.metric_utils:primary_key_preprocess:246 - primary_key_preprocess result: ```json
{
  "特莉波卡": "特莉波卡",
  "小叶子": "小叶子",
  "耶芙娜": "耶芙娜",
  "霞露零": "霞露零"
}
```
2026-08-10 00:48:13.132 | INFO     | eval.evaluation.evaluation:evaluate_single_query:223 - col: 角色姓名, primary_key_map {'特莉波卡': '特莉波卡', '小叶子': '小叶子', '耶芙娜': '耶芙娜', '霞露零': '霞露零'}
2026-08-10 00:48:13.137 | INFO     | eval.evaluation.evaluation:evaluate_single_query:275 - deep2wide_result_30_犹格索托斯的庭院, df_inner shape: (4, 6), answer_df shape: (4, 3), response_df shape: (4, 4)
2026-08-10 00:48:17.675 | DEBUG    | eval.evaluation.evaluation:evaluate_single_query:321 - deep2wide_result_30_犹格索托斯的庭院, col 角色类型, metric_func_name llm_judge, score [0, 0, 0, 0]
2026-08-10 00:48:20.789 | DEBUG    | eval.evaluation.evaluation:evaluate_single_query:321 - deep2wide_result_30_犹格索托斯的庭院, col 头发颜色, metric_func_name llm_judge, score [0, 0, 1, 0]
2026-08-10 00:48:20.793 | INFO     | eval.evaluation.evaluation:evaluate_single_query:380 - deep2wide_result_30_犹格索托斯的庭院, P/R/F1 by unique_columns: 1.0000/1.0000/1.0000
2026-08-10 00:48:20.793 | INFO     | eval.evaluation.evaluation:evaluate_single_query:383 - deep2wide_result_30_犹格索托斯的庭院, P/R/F1 by row: 0.0000/0.0000/0.0000
2026-08-10 00:48:20.793 | INFO     | eval.evaluation.evaluation:evaluate_single_query:386 - deep2wide_result_30_犹格索托斯的庭院, P/R/F1 by item: 0.4167/0.4167/0.4167
2026-08-10 00:48:20.794 | INFO     | eval.evaluation.evaluation:evaluate_single_query:398 - deep2wide_result_30_犹格索托斯的庭院, final table score: 0.0
{"event": "eval_done", "idx": 4, "instance_id": "deep2wide_result_30_犹格索托斯的庭院", "score": 0.0, "entity_acc": 1.0, "f1_by_row": 0.0, "f1_by_item": 0.4166666666666667, "column_f1": 1.0, "error": null, "elapsed_seconds": 14.267, "running_n": 4}
{"event": "eval_done", "idx": 5, "instance_id": "deep2wide_result_31_四川省九大高原湖泊", "score": 0.0, "entity_acc": 0.0, "f1_by_row": 0.0, "f1_by_item": 0.0, "column_f1": 0.0, "error": null, "elapsed_seconds": 2.427, "running_n": 5}
2026-08-10 00:48:28.156 | DEBUG    | eval.evaluation.data_loader:extract_dataframe:167 - find markdown_str 
| 自然保护地名称 | 保护类型 | 面积单位公顷 | 设立时间 | 所属区域 |
| --- | --- | --- | - ...
2026-08-10 00:48:31.083 | INFO     | eval.evaluation.metric_utils:primary_key_preprocess:246 - primary_key_preprocess result: ```json
{
  "自然保护地名称": "自然保护地名称",
  "保护类型": "保护类型",
  "面积单位公顷": "面积（单位：公顷）",
  "设立时间": "设立时间",
  "所属区域": "所属区域"
}
```
2026-08-10 00:48:31.083 | INFO     | eval.evaluation.evaluation:evaluate_single_query:172 - column map: {'自然保护地名称': '自然保护地名称', '保护类型': '保护类型', '面积单位公顷': '面积（单位：公顷）', '设立时间': '设立时间', '所属区域': '所属区域'}
2026-08-10 00:48:31.084 | INFO     | eval.evaluation.evaluation:evaluate_single_query:173 - befor mapping: Index(['自然保护地名称', '保护类型', '面积单位公顷', '设立时间', '所属区域'], dtype='object')
2026-08-10 00:48:31.084 | INFO     | eval.evaluation.evaluation:evaluate_single_query:175 - after mapping: Index(['自然保护地名称', '保护类型', '面积（单位：公顷）', '设立时间', '所属区域'], dtype='object')
2026-08-10 00:48:33.911 | INFO     | eval.evaluation.metric_utils:primary_key_preprocess:246 - primary_key_preprocess result: ```json
{
  "海南东寨港国家级自然保护区": "海南东寨港国家级自然保护区",
  "海南大田国家级自然保护区": "海南大田国家级自然保护区"
}
```
2026-08-10 00:48:33.911 | INFO     | eval.evaluation.evaluation:evaluate_single_query:223 - col: 自然保护地名称, primary_key_map {'海南东寨港国家级自然保护区': '海南东寨港国家级自然保护区', '海南大田国家级自然保护区': '海南大田国家级自然保护区'}
2026-08-10 00:48:33.942 | INFO     | eval.evaluation.evaluation:evaluate_single_query:275 - deep2wide_result_32_海南省, df_inner shape: (2, 10), answer_df shape: (10, 5), response_df shape: (13, 6)
2026-08-10 00:48:33.943 | DEBUG    | eval.evaluation.evaluation:metric_call:77 - metric_func_name exact_match score 0.0 msg exact not match, response: 野生动物, target: 自然保护区
2026-08-10 00:48:33.943 | DEBUG    | eval.evaluation.evaluation:metric_call:77 - metric_func_name exact_match score 0.0 msg exact not match, response: 湿地生态系统, target: 自然保护区
2026-08-10 00:48:33.943 | DEBUG    | eval.evaluation.evaluation:evaluate_single_query:321 - deep2wide_result_32_海南省, col 保护类型, metric_func_name exact_match, score [0.0, 0.0]
2026-08-10 00:48:33.943 | DEBUG    | eval.evaluation.evaluation:metric_call:77 - metric_func_name number_near score 1.0 msg number near in range 5.0%, response: 1314.0, target: 1308.57
2026-08-10 00:48:33.944 | DEBUG    | eval.evaluation.evaluation:metric_call:77 - metric_func_name number_near score 1.0 msg number near in range 5.0%, response: 3337.6, target: 3421.32
2026-08-10 00:48:33.944 | DEBUG    | eval.evaluation.evaluation:evaluate_single_query:321 - deep2wide_result_32_海南省, col 面积（单位：公顷）, metric_func_name number_near, score [1.0, 1.0]
2026-08-10 00:48:33.947 | DEBUG    | eval.evaluation.evaluation:metric_call:77 - metric_func_name date_near score 0.0 msg date not near, response: 1976-08-01 00:00:00, target: 2040-08-10 00:00:00
2026-08-10 00:48:33.949 | DEBUG    | eval.evaluation.evaluation:metric_call:77 - metric_func_name date_near score 0.0 msg date not near, response: 1980-08-01 00:00:00, target: 2046-08-10 00:00:00
2026-08-10 00:48:33.950 | DEBUG    | eval.evaluation.evaluation:evaluate_single_query:321 - deep2wide_result_32_海南省, col 设立时间, metric_func_name date_near, score [0.0, 0.0]
2026-08-10 00:48:37.074 | DEBUG    | eval.evaluation.evaluation:evaluate_single_query:321 - deep2wide_result_32_海南省, col 所属区域, metric_func_name llm_judge, score [0, 0]
2026-08-10 00:48:37.078 | INFO     | eval.evaluation.evaluation:evaluate_single_query:380 - deep2wide_result_32_海南省, P/R/F1 by unique_columns: 0.1538/0.2000/0.1739
2026-08-10 00:48:37.078 | INFO     | eval.evaluation.evaluation:evaluate_single_query:383 - deep2wide_result_32_海南省, P/R/F1 by row: 0.0000/0.0000/0.0000
2026-08-10 00:48:37.078 | INFO     | eval.evaluation.evaluation:evaluate_single_query:386 - deep2wide_result_32_海南省, P/R/F1 by item: 0.0615/0.0800/0.0696
2026-08-10 00:48:37.080 | INFO     | eval.evaluation.evaluation:evaluate_single_query:398 - deep2wide_result_32_海南省, final table score: 0.0
{"event": "eval_done", "idx": 6, "instance_id": "deep2wide_result_32_海南省", "score": 0.0, "entity_acc": 1.0, "f1_by_row": 0.0, "f1_by_item": 0.06956521739130433, "column_f1": 0.17391304347826086, "error": null, "elapsed_seconds": 13.815, "running_n": 6}
2026-08-10 00:48:42.674 | DEBUG    | eval.evaluation.data_loader:extract_dataframe:167 - find markdown_str 
| 名称 | 行政类别 | 面积 | 政府驻地 | 火车站 |
| --- | --- | --- | --- | --- | ...
2026-08-10 00:48:45.371 | INFO     | eval.evaluation.metric_utils:primary_key_preprocess:246 - primary_key_preprocess result: ```json
{
  "蕉城区": "蕉城区",
  "霞浦县": "霞浦县",
  "古田县": "古田县",
  "屏南县": "屏南县",
  "寿宁县": "寿宁县",
  "周宁县": "周宁县",
  "柘荣县": "柘荣县",
  "福安市": "福安市",
  "福鼎市": "福鼎市"
}
```
2026-08-10 00:48:45.372 | INFO     | eval.evaluation.evaluation:evaluate_single_query:223 - col: 名称, primary_key_map {'蕉城区': '蕉城区', '霞浦县': '霞浦县', '古田县': '古田县', '屏南县': '屏南县', '寿宁县': '寿宁县', '周宁县': '周宁县', '柘荣县': '柘荣县', '福安市': '福安市', '福鼎市': '福鼎市'}
2026-08-10 00:48:45.378 | INFO     | eval.evaluation.evaluation:evaluate_single_query:275 - deep2wide_result_33_宁德市, df_inner shape: (9, 10), answer_df shape: (9, 5), response_df shape: (9, 6)
2026-08-10 00:48:45.379 | DEBUG    | eval.evaluation.evaluation:metric_call:77 - metric_func_name exact_match score 1.0 msg exact match, response: 县, target: 县
2026-08-10 00:48:45.379 | DEBUG    | eval.evaluation.evaluation:metric_call:77 - metric_func_name exact_match score 1.0 msg exact match, response: 县, target: 县
2026-08-10 00:48:45.379 | DEBUG    | eval.evaluation.evaluation:metric_call:77 - metric_func_name exact_match score 1.0 msg exact match, response: 县, target: 县
2026-08-10 00:48:45.379 | DEBUG    | eval.evaluation.evaluation:metric_call:77 - metric_func_name exact_match score 1.0 msg exact match, response: 县, target: 县
2026-08-10 00:48:45.379 | DEBUG    | eval.evaluation.evaluation:metric_call:77 - metric_func_name exact_match score 1.0 msg exact match, response: 县, target: 县
2026-08-10 00:48:45.379 | DEBUG    | eval.evaluation.evaluation:metric_call:77 - metric_func_name exact_match score 1.0 msg exact match, response: 县, target: 县
2026-08-10 00:48:45.379 | DEBUG    | eval.evaluation.evaluation:metric_call:77 - metric_func_name exact_match score 1.0 msg exact match, response: 市辖区, target: 市辖区
2026-08-10 00:48:45.379 | DEBUG    | eval.evaluation.evaluation:metric_call:77 - metric_func_name exact_match score 1.0 msg exact match, response: 县级市, target: 县级市
2026-08-10 00:48:45.379 | DEBUG    | eval.evaluation.evaluation:metric_call:77 - metric_func_name exact_match score 1.0 msg exact match, response: 县级市, target: 县级市
2026-08-10 00:48:45.380 | DEBUG    | eval.evaluation.evaluation:evaluate_single_query:321 - deep2wide_result_33_宁德市, col 行政类别, metric_func_name exact_match, score [1.0, 1.0, 1.0, 1.0, 1.0, 1.0, 1.0, 1.0, 1.0]
2026-08-10 00:48:45.380 | DEBUG    | eval.evaluation.evaluation:metric_call:77 - metric_func_name number_near score 0.0 msg number not near, response: 1716.0, target: 1489.6
2026-08-10 00:48:45.380 | DEBUG    | eval.evaluation.evaluation:metric_call:77 - metric_func_name number_near score 1.0 msg number near in range 5.0%, response: 2385.0, target: 2373.0
2026-08-10 00:48:45.380 | DEBUG    | eval.evaluation.evaluation:metric_call:77 - metric_func_name number_near score 1.0 msg number near in range 5.0%, response: 1487.0, target: 1487.0
2026-08-10 00:48:45.380 | DEBUG    | eval.evaluation.evaluation:metric_call:77 - metric_func_name number_near score 1.0 msg number near in range 5.0%, response: 1424.0, target: 1432.97
2026-08-10 00:48:45.380 | DEBUG    | eval.evaluation.evaluation:metric_call:77 - metric_func_name number_near score 1.0 msg number near in range 5.0%, response: 1047.0, target: 1035.0
2026-08-10 00:48:45.380 | DEBUG    | eval.evaluation.evaluation:metric_call:77 - metric_func_name number_near score 1.0 msg number near in range 5.0%, response: 538.0, target: 543.9
2026-08-10 00:48:45.380 | DEBUG    | eval.evaluation.evaluation:metric_call:77 - metric_func_name number_near score 0.0 msg number not near, response: 1664.0, target: 1505.0
2026-08-10 00:48:45.380 | DEBUG    | eval.evaluation.evaluation:metric_call:77 - metric_func_name number_near score 1.0 msg number near in range 5.0%, response: 1880.0, target: 1880.0
2026-08-10 00:48:45.380 | DEBUG    | eval.evaluation.evaluation:metric_call:77 - metric_func_name number_near score 1.0 msg number near in range 5.0%, response: 1526.0, target: 1526.31
2026-08-10 00:48:45.381 | DEBUG    | eval.evaluation.evaluation:evaluate_single_query:321 - deep2wide_result_33_宁德市, col 面积, metric_func_name number_near, score [0.0, 1.0, 1.0, 1.0, 1.0, 1.0, 0.0, 1.0, 1.0]
2026-08-10 00:49:01.036 | DEBUG    | eval.evaluation.evaluation:evaluate_single_query:321 - deep2wide_result_33_宁德市, col 政府驻地, metric_func_name llm_judge, score [1, 1, 1, 1, 1, 1, 1, 1, 1]
2026-08-10 00:49:03.419 | DEBUG    | eval.evaluation.evaluation:evaluate_single_query:321 - deep2wide_result_33_宁德市, col 火车站, metric_func_name llm_judge, score [1, 1, 1, 1, 1, 1, 0, 0, 1]
2026-08-10 00:49:03.423 | INFO     | eval.evaluation.evaluation:evaluate_single_query:380 - deep2wide_result_33_宁德市, P/R/F1 by unique_columns: 1.0000/1.0000/1.0000
2026-08-10 00:49:03.423 | INFO     | eval.evaluation.evaluation:evaluate_single_query:383 - deep2wide_result_33_宁德市, P/R/F1 by row: 0.6667/0.6667/0.6667
2026-08-10 00:49:03.423 | INFO     | eval.evaluation.evaluation:evaluate_single_query:386 - deep2wide_result_33_宁德市, P/R/F1 by item: 0.9111/0.9111/0.9111
2026-08-10 00:49:03.425 | INFO     | eval.evaluation.evaluation:evaluate_single_query:398 - deep2wide_result_33_宁德市, final table score: 0.0
{"event": "eval_done", "idx": 7, "instance_id": "deep2wide_result_33_宁德市", "score": 0.0, "entity_acc": 1.0, "f1_by_row": 0.6666666666666666, "f1_by_item": 0.9111111111111111, "column_f1": 1.0, "error": null, "elapsed_seconds": 26.326, "running_n": 7}
SUMMARY {"n": 7, "valid_n": 7, "errors": 0, "complete": true, "judge_calls_current_process": 19, "score": 0.0, "entity_acc": 0.5714285714285714, "precision_by_row": 0.11564625850340136, "recall_by_row": 0.11721611721611722, "f1_by_row": 0.1164021164021164, "precision_by_item": 0.2699023199023199, "recall_by_item": 0.278034188034188, "f1_by_item": 0.27369450195537154, "column_precision": 0.4097331240188383, "column_recall": 0.42417582417582417, "column_f1": 0.41637911203128597}
