INFO: Pandarallel will run on 8 workers.
INFO: Pandarallel will use Memory file system to transfer data between the main process and workers.
{"event": "eval_start", "selected": 7, "resume_committed": 0, "committed_errors": 0, "crash_only_resume": false}
2026-08-09 13:08:05.908 | DEBUG    | eval.evaluation.data_loader:extract_dataframe:167 - find markdown_str 
| 场景名称 | 具体事项 | 实施方式 | 牵头部门 | 配合部门 | 完成时限 |
| --- | --- | --- | ...
2026-08-09 13:08:35.947 | INFO     | eval.evaluation.metric_utils:primary_key_preprocess:246 - primary_key_preprocess result: ```json
{
  "企业变更登记、印章刻制备案、基本账户信息变更、税控设备及发票信息变更、社会保险登记变更、住房公积金企业缴存登记变更": "将企业变更登记、印章刻制、基本账户变更、税控设备变更发行、社会保险登记变更、住房公积金企业缴存登记变更等事项集成，同时依托金税四期电票平台推广工作，逐步优化税控系统变更环节。",
  "企业营业执照信息核验、食品经营许可、公众聚集场所投入使用营业前消防安全检查、户外招牌设施设置规范管理": "在集成企业营业执照信息核验、食品经营许可以及公众聚集场所投入使用、营业前消防安全检查等事项的基础上，增加牌匾标识（店铺招牌）规范设置、烟草制品零售许可（设区的市级权限）新办、小餐饮店许可、城镇污水排入排水管网许可（直辖市权限）首次申请、城镇污水排入排水管网许可（设区的市级权限）首次申请等事项，实现一口受理，并联审批。",
  "供水、供电、供气、通信网络联合报装及涉及的外线接入审批": "持续完善水电气网联合报装，推动供电报装、燃气报装、供排水报装、通信报装等服务事项集成办理，实现一口受理、联合服务。",
  "统筹办理行政处罚信息、异常经营名录信息、严重失信主体名单信息等信用修复": "严格落实国家失信信息信用修复指引，推动优化“信用中国（北京）”网站建设。将行政处罚信息修复、异常经营名录信息修复、严重失信主体名单信息修复等事项集成，建立统一修复入口。建立并优化线上线下并行的行政处罚信息修复渠道，探索统一修复周期，统一数据归集周期，实现一次修复，同步公示。",
  "企业上市、挂牌、再融资等所需多领域合法合规信息核查": "将拟上市企业在城市管理、规划自然资源、劳动保障、生态环境保护、市场监管、卫生健康、文化和旅游市场、应急管理、住房和工程建设、住房公积金缴存、科技、交通运输、合法纳税、知识产权、水资源保护、消防安全、电信监管等领域合法合规情况的全部信息或部分信息，建立协调机制，完善信息系统，加强数据共享，进行集成化信息核查及汇总，统一回复拟上市企业或保推荐机构，推进企业上市合法合规信息核查及企业上市提质增效。",
  "破产企业登记、税务、社保、不动产、车辆、知识产权等信息核查": "将破产企业的注册登记等基本情况、不动产登记和交易情况、车辆情况、社保参保缴费记录情况、医保缴存情况、公积金缴存情况、税款缴纳情况、海关税款缴纳和货物通关情况等多方面信息，建立协调机制，完善信息系统，加强数据共享，进行集成化信息核查及汇总，明确市区两级登记管辖机关出证权限，结合各领域业务实际理顺市区两级对接流程，统一回复破产管理人，推进企业破产信息核查及企业破产提质增效。",
  "税务注销、企业注销登记、海关报关单位备案注销、社会保险登记注销、印章注销、银行账户注销预约": "在集成税务注销、企业注销登记、海关报关单位备案注销、注销社会保险登记、银行账户注销、企业印章注销、公积金账户注销、医保账户注销等事项的基础上，增加办理进度和结果查询等服务，实现一口受理，并联审批。",
  "出生医学证明签发、预防接种证办理、户口登记、城乡居民基本医疗保险参保登记、社会保障卡申领、生育医疗费用报销、科学育儿指导服务登记": "在集成《出生医学证明》办理（首签）、本市户口登记、社会保障卡申领、办理居民医保登记的基础上，增加预防接种证办理、生育医疗费用报销、科学育儿指导等服务事项集成。",
  "义务教育阶段入学信息采集、户籍与居住信息核验、房产信息核验、社会保险缴纳信息核验、入学资格审核": "在集成新生儿入学信息采集、户籍类证明、居住证、不动产权证书、社会保险参保缴费记录查询、租房信息核验、医保缴费记录查询等功能的基础上，优化集成办理页面，细化政策引导。",
  "社会保障卡申领、启用、补换、挂失解挂及在人社、就医购药、交通出行、文化体验等领域应用": "依托第三代社会保障卡，持续完善农村劳动力求职登记等就业和人力资源服务、社保服务，就医购药、交通出行，以及参观公园、博物馆、文艺场馆等事项集成服务，并拓展京津冀“一卡通”应用场景。",
  "残疾人证新办、换领、迁移、挂失补办、注销及困难残疾人生活补贴、重度残疾人护理补贴申请": "在集成残疾人证新办、困难残疾人生活补贴和重度残疾人护理补贴资格认定、城乡居民基本养老保险补助、低保特困等困难群众医疗救助等事项的基础上，增加残疾人证换领、迁移、挂失补办、注销、残疾类别/等级变更等服务事项集成，提供残疾人就业帮扶服务。",
  "职工正常退休申请、基本养老金申领、基本医疗保险视同缴费年限核定、住房公积金退休提取等": "在集成企业参保人员达到法定退休年龄领取基本养老保险待遇资格确认、基本养老保险视同缴费年限认定、特殊工种提前退休核准、因病或非因工致残完全丧失劳动能力提前退休（退职）核准、新增退休人员养老保险待遇核定发放、基本医疗保险视同缴费年限核定以及离休、退休提取住房公积金等功能的基础上，增加城镇独生子女父母奖励金事项，实现一口受理，并联审批。",
  "社会保险登记信息变更": "社会保险登记或参保信息变更",
  "住房公积金缴存登记信息变更": "住房公积金企业缴存登记或信息变更",
  "个体工商户转型企业登记": "个体工商户转型为企业变更登记",
  "印章刻制备案": "公章刻制备案",
  "企业投资项目核准或备案": "企业投资（含外商投资）项目核准/备案",
  "建设项目用地预审与选址意见书核发": "建设项目用地预审与选址意见书核发",
  "节能审查": "固定资产投资项目节能审查",
  "建筑工程施工许可证核发": "建筑工程施工许可证核发",
  "建设工程消防设计审查": "建设工程消防设计审查",
  "工程质量安全监督手续": "建设工程质量监督手续办理",
  "食品经营许可": "食品经营许可",
  "用水、用电、用气、通信网络报装": "持续完善水电气网联合报装，推动供电报装、燃气报装、供排水报装、通信报装等服务事项集成办理，实现一口受理、联合服务。",
  "外国人工作许可证申领、变更、延期或注销": "外国人来华工作许可签发/变更/延期",
  "工作类居留证件办理": "外国人居留证件签发/变更/延期",
  "社会保险登记及相关公共服务指引": "外国人来华工作社会保险登记",
  "内地居民婚姻登记": "内地居民婚姻登记",
  "婚姻状况户籍信息变更": "户口登记项目变更（婚姻状况）",
  "夫妻投靠落户申请及关联户口迁移": "户口迁移（夫妻投靠落户）",
  "汽车报废更新补贴申请": "汽车报废更新补贴申请",
  "报废机动车回收证明信息核验": "报废机动车回收证明信息核查",
  "机动车注销登记信息核验": "机动车注销和注册登记信息核查"
}
```
2026-08-09 13:08:35.947 | INFO     | eval.evaluation.evaluation:evaluate_single_query:223 - col: 具体事项, primary_key_map {'企业变更登记、印章刻制备案、基本账户信息变更、税控设备及发票信息变更、社会保险登记变更、住房公积金企业缴存登记变更': '将企业变更登记、印章刻制、基本账户变更、税控设备变更发行、社会保险登记变更、住房公积金企业缴存登记变更等事项集成，同时依托金税四期电票平台推广工作，逐步优化税控系统变更环节。', '企业营业执照信息核验、食品经营许可、公众聚集场所投入使用营业前消防安全检查、户外招牌设施设置规范管理': '在集成企业营业执照信息核验、食品经营许可以及公众聚集场所投入使用、营业前消防安全检查等事项的基础上，增加牌匾标识（店铺招牌）规范设置、烟草制品零售许可（设区的市级权限）新办、小餐饮店许可、城镇污水排入排水管网许可（直辖市权限）首次申请、城镇污水排入排水管网许可（设区的市级权限）首次申请等事项，实现一口受理，并联审批。', '供水、供电、供气、通信网络联合报装及涉及的外线接入审批': '持续完善水电气网联合报装，推动供电报装、燃气报装、供排水报装、通信报装等服务事项集成办理，实现一口受理、联合服务。', '统筹办理行政处罚信息、异常经营名录信息、严重失信主体名单信息等信用修复': '严格落实国家失信信息信用修复指引，推动优化“信用中国（北京）”网站建设。将行政处罚信息修复、异常经营名录信息修复、严重失信主体名单信息修复等事项集成，建立统一修复入口。建立并优化线上线下并行的行政处罚信息修复渠道，探索统一修复周期，统一数据归集周期，实现一次修复，同步公示。', '企业上市、挂牌、再融资等所需多领域合法合规信息核查': '将拟上市企业在城市管理、规划自然资源、劳动保障、生态环境保护、市场监管、卫生健康、文化和旅游市场、应急管理、住房和工程建设、住房公积金缴存、科技、交通运输、合法纳税、知识产权、水资源保护、消防安全、电信监管等领域合法合规情况的全部信息或部分信息，建立协调机制，完善信息系统，加强数据共享，进行集成化信息核查及汇总，统一回复拟上市企业或保推荐机构，推进企业上市合法合规信息核查及企业上市提质增效。', '破产企业登记、税务、社保、不动产、车辆、知识产权等信息核查': '将破产企业的注册登记等基本情况、不动产登记和交易情况、车辆情况、社保参保缴费记录情况、医保缴存情况、公积金缴存情况、税款缴纳情况、海关税款缴纳和货物通关情况等多方面信息，建立协调机制，完善信息系统，加强数据共享，进行集成化信息核查及汇总，明确市区两级登记管辖机关出证权限，结合各领域业务实际理顺市区两级对接流程，统一回复破产管理人，推进企业破产信息核查及企业破产提质增效。', '税务注销、企业注销登记、海关报关单位备案注销、社会保险登记注销、印章注销、银行账户注销预约': '在集成税务注销、企业注销登记、海关报关单位备案注销、注销社会保险登记、银行账户注销、企业印章注销、公积金账户注销、医保账户注销等事项的基础上，增加办理进度和结果查询等服务，实现一口受理，并联审批。', '出生医学证明签发、预防接种证办理、户口登记、城乡居民基本医疗保险参保登记、社会保障卡申领、生育医疗费用报销、科学育儿指导服务登记': '在集成《出生医学证明》办理（首签）、本市户口登记、社会保障卡申领、办理居民医保登记的基础上，增加预防接种证办理、生育医疗费用报销、科学育儿指导等服务事项集成。', '义务教育阶段入学信息采集、户籍与居住信息核验、房产信息核验、社会保险缴纳信息核验、入学资格审核': '在集成新生儿入学信息采集、户籍类证明、居住证、不动产权证书、社会保险参保缴费记录查询、租房信息核验、医保缴费记录查询等功能的基础上，优化集成办理页面，细化政策引导。', '社会保障卡申领、启用、补换、挂失解挂及在人社、就医购药、交通出行、文化体验等领域应用': '依托第三代社会保障卡，持续完善农村劳动力求职登记等就业和人力资源服务、社保服务，就医购药、交通出行，以及参观公园、博物馆、文艺场馆等事项集成服务，并拓展京津冀“一卡通”应用场景。', '残疾人证新办、换领、迁移、挂失补办、注销及困难残疾人生活补贴、重度残疾人护理补贴申请': '在集成残疾人证新办、困难残疾人生活补贴和重度残疾人护理补贴资格认定、城乡居民基本养老保险补助、低保特困等困难群众医疗救助等事项的基础上，增加残疾人证换领、迁移、挂失补办、注销、残疾类别/等级变更等服务事项集成，提供残疾人就业帮扶服务。', '职工正常退休申请、基本养老金申领、基本医疗保险视同缴费年限核定、住房公积金退休提取等': '在集成企业参保人员达到法定退休年龄领取基本养老保险待遇资格确认、基本养老保险视同缴费年限认定、特殊工种提前退休核准、因病或非因工致残完全丧失劳动能力提前退休（退职）核准、新增退休人员养老保险待遇核定发放、基本医疗保险视同缴费年限核定以及离休、退休提取住房公积金等功能的基础上，增加城镇独生子女父母奖励金事项，实现一口受理，并联审批。', '社会保险登记信息变更': '社会保险登记或参保信息变更', '住房公积金缴存登记信息变更': '住房公积金企业缴存登记或信息变更', '个体工商户转型企业登记': '个体工商户转型为企业变更登记', '印章刻制备案': '公章刻制备案', '企业投资项目核准或备案': '企业投资（含外商投资）项目核准/备案', '建设项目用地预审与选址意见书核发': '建设项目用地预审与选址意见书核发', '节能审查': '固定资产投资项目节能审查', '建筑工程施工许可证核发': '建筑工程施工许可证核发', '建设工程消防设计审查': '建设工程消防设计审查', '工程质量安全监督手续': '建设工程质量监督手续办理', '食品经营许可': '食品经营许可', '用水、用电、用气、通信网络报装': '持续完善水电气网联合报装，推动供电报装、燃气报装、供排水报装、通信报装等服务事项集成办理，实现一口受理、联合服务。', '外国人工作许可证申领、变更、延期或注销': '外国人来华工作许可签发/变更/延期', '工作类居留证件办理': '外国人居留证件签发/变更/延期', '社会保险登记及相关公共服务指引': '外国人来华工作社会保险登记', '内地居民婚姻登记': '内地居民婚姻登记', '婚姻状况户籍信息变更': '户口登记项目变更（婚姻状况）', '夫妻投靠落户申请及关联户口迁移': '户口迁移（夫妻投靠落户）', '汽车报废更新补贴申请': '汽车报废更新补贴申请', '报废机动车回收证明信息核验': '报废机动车回收证明信息核查', '机动车注销登记信息核验': '机动车注销和注册登记信息核查'}
2026-08-09 13:08:35.955 | INFO     | eval.evaluation.evaluation:evaluate_single_query:275 - wide2deep_ws_zh_062, df_inner shape: (32, 12), answer_df shape: (128, 6), response_df shape: (66, 7)
2026-08-09 13:08:44.907 | DEBUG    | eval.evaluation.evaluation:evaluate_single_query:321 - wide2deep_ws_zh_062, col 场景名称, metric_func_name llm_judge, score [1, 0, 0, 1, 1, 1, 1, 1, 1, 0, 1, 1, 1, 1, 1, 1, 1, 1, 1, 1, 1, 1, 1, 1, 0, 1, 1, 1, 1, 1, 1, 1]
2026-08-09 13:08:44.907 | DEBUG    | eval.evaluation.evaluation:metric_call:77 - metric_func_name exact_match score 0.0 msg exact not match, response: 线上一次申报，统筹办理个体工商户注销与企业设立，支持字号、档案等依法衔接, target: 优化
2026-08-09 13:08:44.907 | DEBUG    | eval.evaluation.evaluation:metric_call:77 - metric_func_name exact_match score 0.0 msg exact not match, response: 市场监管变更信息推送人社部门，免于企业重复填报, target: 优化
2026-08-09 13:08:44.908 | DEBUG    | eval.evaluation.evaluation:metric_call:77 - metric_func_name exact_match score 0.0 msg exact not match, response: 通过共享企业变更信息联动调整缴存登记, target: 优化
2026-08-09 13:08:44.908 | DEBUG    | eval.evaluation.evaluation:metric_call:77 - metric_func_name exact_match score 0.0 msg exact not match, response: 网上申报、并联审查、电子结果送达, target: 新建
2026-08-09 13:08:44.908 | DEBUG    | eval.evaluation.evaluation:metric_call:77 - metric_func_name exact_match score 0.0 msg exact not match, response: 复用项目基础信息和申报材料，实行线上办理, target: 新建
2026-08-09 13:08:44.908 | DEBUG    | eval.evaluation.evaluation:metric_call:77 - metric_func_name exact_match score 0.0 msg exact not match, response: 与投资审批事项信息共享、协同审查, target: 新建
2026-08-09 13:08:44.908 | DEBUG    | eval.evaluation.evaluation:metric_call:77 - metric_func_name exact_match score 0.0 msg exact not match, response: 线上申报、电子证照调用、审批结果电子送达, target: 新建
2026-08-09 13:08:44.908 | DEBUG    | eval.evaluation.evaluation:metric_call:77 - metric_func_name exact_match score 0.0 msg exact not match, response: 与施工许可等事项并联申报、协同审查, target: 新建
2026-08-09 13:08:44.908 | DEBUG    | eval.evaluation.evaluation:metric_call:77 - metric_func_name exact_match score 0.0 msg exact not match, response: 与施工许可同步办理，免于重复提交工程基础材料, target: 新建
2026-08-09 13:08:44.908 | DEBUG    | eval.evaluation.evaluation:metric_call:77 - metric_func_name exact_match score 0.0 msg exact not match, response: 企业设立信息共享至公安及印章刻制环节，联动办理, target: 优化
2026-08-09 13:08:44.908 | DEBUG    | eval.evaluation.evaluation:metric_call:77 - metric_func_name exact_match score 0.0 msg exact not match, response: 实行线上预约、线下综合办理，婚姻登记信息跨部门共享, target: 优化
2026-08-09 13:08:44.908 | DEBUG    | eval.evaluation.evaluation:metric_call:77 - metric_func_name exact_match score 0.0 msg exact not match, response: 婚姻登记信息推送公安机关，申请人按规定办理户籍项目变更, target: 优化
2026-08-09 13:08:44.908 | DEBUG    | eval.evaluation.evaluation:metric_call:77 - metric_func_name exact_match score 0.0 msg exact not match, response: 通过数据共享核验婚姻登记、户籍和居住信息，线上线下协同办理, target: 优化
2026-08-09 13:08:44.908 | DEBUG    | eval.evaluation.evaluation:metric_call:77 - metric_func_name exact_match score 0.0 msg exact not match, response: 线上办理并与居留许可环节共享身份、聘用及许可信息, target: 新建
2026-08-09 13:08:44.908 | DEBUG    | eval.evaluation.evaluation:metric_call:77 - metric_func_name exact_match score 0.0 msg exact not match, response: 通过信息共享或综合窗口提供联动办理服务, target: 新建
2026-08-09 13:08:44.908 | DEBUG    | eval.evaluation.evaluation:metric_call:77 - metric_func_name exact_match score 0.0 msg exact not match, response: 与工作许可协同受理，减少重复提交材料, target: 新建
2026-08-09 13:08:44.908 | DEBUG    | eval.evaluation.evaluation:metric_call:77 - metric_func_name exact_match score 0.0 msg exact not match, response: 依托全国汽车流通信息管理系统或北京市相关服务入口线上申报, target: 新建
2026-08-09 13:08:44.908 | DEBUG    | eval.evaluation.evaluation:metric_call:77 - metric_func_name exact_match score 0.0 msg exact not match, response: 通过商务、公安等部门数据共享自动核验, target: 新建
2026-08-09 13:08:44.908 | DEBUG    | eval.evaluation.evaluation:metric_call:77 - metric_func_name exact_match score 0.0 msg exact not match, response: 系统共享注销登记信息，原则上不要求重复提交纸质证明, target: 新建
2026-08-09 13:08:44.909 | DEBUG    | eval.evaluation.evaluation:metric_call:77 - metric_func_name exact_match score 0.0 msg exact not match, response: 依托北京市政务服务网、京通小程序等实行一次申请、并联办理；保留线下综合窗口, target: 新建和迁移
2026-08-09 13:08:44.909 | DEBUG    | eval.evaluation.evaluation:metric_call:77 - metric_func_name exact_match score 0.0 msg exact not match, response: 依托“信用中国（北京）”及相关行业系统实行统一受理、信息共享、结果互认, target: 新建和迁移
2026-08-09 13:08:44.909 | DEBUG    | eval.evaluation.evaluation:metric_call:77 - metric_func_name exact_match score 0.0 msg exact not match, response: 线上联办与线下“一窗受理”相结合，推行表单复用、材料共享和并联审批, target: 优化
2026-08-09 13:08:44.909 | DEBUG    | eval.evaluation.evaluation:metric_call:77 - metric_func_name exact_match score 0.0 msg exact not match, response: 依托企业注销网上服务专区实行一次登录、信息共享、分类办理, target: 优化
2026-08-09 13:08:44.909 | DEBUG    | eval.evaluation.evaluation:metric_call:77 - metric_func_name exact_match score 0.0 msg exact not match, response: 依托工程建设项目审批管理系统统一申报、联合踏勘、并联审批、协同施工, target: 优化
2026-08-09 13:08:44.909 | DEBUG    | eval.evaluation.evaluation:metric_call:77 - metric_func_name exact_match score 0.0 msg exact not match, response: 机构可按需勾选，公共服务企业协同办理, target: 优化
2026-08-09 13:08:44.909 | DEBUG    | eval.evaluation.evaluation:metric_call:77 - metric_func_name exact_match score 0.0 msg exact not match, response: 企业线上一次申请，各部门并联核查，统一反馈核查结果, target: 优化
2026-08-09 13:08:44.909 | DEBUG    | eval.evaluation.evaluation:metric_call:77 - metric_func_name exact_match score 0.0 msg exact not match, response: 管理人线上提出核查申请，相关部门共享数据并集中反馈, target: 优化
2026-08-09 13:08:44.909 | DEBUG    | eval.evaluation.evaluation:metric_call:77 - metric_func_name exact_match score 0.0 msg exact not match, response: 线上线下协同办理，推进社会保障卡“一卡通”及电子社会保障卡应用, target: 优化
2026-08-09 13:08:44.909 | DEBUG    | eval.evaluation.evaluation:metric_call:77 - metric_func_name exact_match score 0.0 msg exact not match, response: 线上一次申报、数据共享、证照联发；确需核验原件的可到线下窗口办理, target: 优化
2026-08-09 13:08:44.909 | DEBUG    | eval.evaluation.evaluation:metric_call:77 - metric_func_name exact_match score 0.0 msg exact not match, response: 依托北京市义务教育入学服务平台实行网上采集、部门核验和结果反馈, target: 优化
2026-08-09 13:08:44.909 | DEBUG    | eval.evaluation.evaluation:metric_call:77 - metric_func_name exact_match score 0.0 msg exact not match, response: 线上综合申报、部门联审；线下可在街道乡镇综合窗口办理, target: 优化
2026-08-09 13:08:44.909 | DEBUG    | eval.evaluation.evaluation:metric_call:77 - metric_func_name exact_match score 0.0 msg exact not match, response: 线上一次申请，跨部门并联审核；线下实行综合窗口受理, target: 优化
2026-08-09 13:08:44.910 | DEBUG    | eval.evaluation.evaluation:evaluate_single_query:321 - wide2deep_ws_zh_062, col 实施方式, metric_func_name exact_match, score [0.0, 0.0, 0.0, 0.0, 0.0, 0.0, 0.0, 0.0, 0.0, 0.0, 0.0, 0.0, 0.0, 0.0, 0.0, 0.0, 0.0, 0.0, 0.0, 0.0, 0.0, 0.0, 0.0, 0.0, 0.0, 0.0, 0.0, 0.0, 0.0, 0.0, 0.0, 0.0]
2026-08-09 13:08:44.910 | DEBUG    | eval.evaluation.evaluation:metric_call:77 - metric_func_name exact_match score 0.0 msg exact not match, response: 北京市市场监督管理局, target: 市市场监管局
2026-08-09 13:08:44.910 | DEBUG    | eval.evaluation.evaluation:metric_call:77 - metric_func_name exact_match score 0.0 msg exact not match, response: 北京市市场监督管理局, target: 市市场监管局
2026-08-09 13:08:44.910 | DEBUG    | eval.evaluation.evaluation:metric_call:77 - metric_func_name exact_match score 0.0 msg exact not match, response: 北京市市场监督管理局, target: 市市场监管局
2026-08-09 13:08:44.910 | DEBUG    | eval.evaluation.evaluation:metric_call:77 - metric_func_name exact_match score 0.0 msg exact not match, response: 北京市发展和改革委员会, target: 市发展改革委
2026-08-09 13:08:44.910 | DEBUG    | eval.evaluation.evaluation:metric_call:77 - metric_func_name exact_match score 0.0 msg exact not match, response: 北京市发展和改革委员会, target: 市发展改革委
2026-08-09 13:08:44.910 | DEBUG    | eval.evaluation.evaluation:metric_call:77 - metric_func_name exact_match score 0.0 msg exact not match, response: 北京市发展和改革委员会, target: 市发展改革委
2026-08-09 13:08:44.910 | DEBUG    | eval.evaluation.evaluation:metric_call:77 - metric_func_name exact_match score 0.0 msg exact not match, response: 北京市住房和城乡建设委员会, target: 市住房城乡建设委
2026-08-09 13:08:44.910 | DEBUG    | eval.evaluation.evaluation:metric_call:77 - metric_func_name exact_match score 0.0 msg exact not match, response: 北京市住房和城乡建设委员会, target: 市住房城乡建设委
2026-08-09 13:08:44.910 | DEBUG    | eval.evaluation.evaluation:metric_call:77 - metric_func_name exact_match score 0.0 msg exact not match, response: 北京市住房和城乡建设委员会, target: 市住房城乡建设委
2026-08-09 13:08:44.910 | DEBUG    | eval.evaluation.evaluation:metric_call:77 - metric_func_name exact_match score 0.0 msg exact not match, response: 北京市市场监督管理局, target: 市民政局
2026-08-09 13:08:44.911 | DEBUG    | eval.evaluation.evaluation:metric_call:77 - metric_func_name exact_match score 0.0 msg exact not match, response: 北京市民政局, target: 市民政局
2026-08-09 13:08:44.911 | DEBUG    | eval.evaluation.evaluation:metric_call:77 - metric_func_name exact_match score 0.0 msg exact not match, response: 北京市民政局, target: 市民政局
2026-08-09 13:08:44.911 | DEBUG    | eval.evaluation.evaluation:metric_call:77 - metric_func_name exact_match score 0.0 msg exact not match, response: 北京市民政局, target: 市民政局
2026-08-09 13:08:44.911 | DEBUG    | eval.evaluation.evaluation:metric_call:77 - metric_func_name exact_match score 0.0 msg exact not match, response: 北京市科学技术委员会、中关村科技园区管理委员会, target: 市科委、中关村管委会
2026-08-09 13:08:44.911 | DEBUG    | eval.evaluation.evaluation:metric_call:77 - metric_func_name exact_match score 0.0 msg exact not match, response: 北京市科学技术委员会、中关村科技园区管理委员会, target: 市科委、中关村管委会
2026-08-09 13:08:44.911 | DEBUG    | eval.evaluation.evaluation:metric_call:77 - metric_func_name exact_match score 0.0 msg exact not match, response: 北京市科学技术委员会、中关村科技园区管理委员会, target: 市科委、中关村管委会
2026-08-09 13:08:44.911 | DEBUG    | eval.evaluation.evaluation:metric_call:77 - metric_func_name exact_match score 0.0 msg exact not match, response: 北京市商务局, target: 市商务局
2026-08-09 13:08:44.911 | DEBUG    | eval.evaluation.evaluation:metric_call:77 - metric_func_name exact_match score 0.0 msg exact not match, response: 北京市商务局, target: 市商务局
2026-08-09 13:08:44.911 | DEBUG    | eval.evaluation.evaluation:metric_call:77 - metric_func_name exact_match score 0.0 msg exact not match, response: 北京市商务局, target: 市商务局
2026-08-09 13:08:44.911 | DEBUG    | eval.evaluation.evaluation:metric_call:77 - metric_func_name exact_match score 0.0 msg exact not match, response: 北京市市场监督管理局, target: 市市场监管局
2026-08-09 13:08:44.911 | DEBUG    | eval.evaluation.evaluation:metric_call:77 - metric_func_name exact_match score 0.0 msg exact not match, response: 北京市经济和信息化局, target: 市经济和信息化局
2026-08-09 13:08:44.911 | DEBUG    | eval.evaluation.evaluation:metric_call:77 - metric_func_name exact_match score 0.0 msg exact not match, response: 北京市市场监督管理局, target: 市市场监管局
2026-08-09 13:08:44.911 | DEBUG    | eval.evaluation.evaluation:metric_call:77 - metric_func_name exact_match score 0.0 msg exact not match, response: 北京市市场监督管理局, target: 市市场监管局
2026-08-09 13:08:44.911 | DEBUG    | eval.evaluation.evaluation:metric_call:77 - metric_func_name exact_match score 0.0 msg exact not match, response: 北京市城市管理委员会, target: 市城市管理委、市水务局、市通信管理局
2026-08-09 13:08:44.911 | DEBUG    | eval.evaluation.evaluation:metric_call:77 - metric_func_name exact_match score 0.0 msg exact not match, response: 北京市民政局, target: 市城市管理委、市水务局、市通信管理局
2026-08-09 13:08:44.911 | DEBUG    | eval.evaluation.evaluation:metric_call:77 - metric_func_name exact_match score 0.0 msg exact not match, response: 北京市政务服务和数据管理局, target: 市政务和数据局
2026-08-09 13:08:44.911 | DEBUG    | eval.evaluation.evaluation:metric_call:77 - metric_func_name exact_match score 0.0 msg exact not match, response: 北京市高级人民法院, target: 市政务和数据局
2026-08-09 13:08:44.911 | DEBUG    | eval.evaluation.evaluation:metric_call:77 - metric_func_name exact_match score 0.0 msg exact not match, response: 北京市人力资源和社会保障局, target: 市人力资源社会保障局
2026-08-09 13:08:44.911 | DEBUG    | eval.evaluation.evaluation:metric_call:77 - metric_func_name exact_match score 0.0 msg exact not match, response: 北京市卫生健康委员会, target: 市卫生健康委
2026-08-09 13:08:44.912 | DEBUG    | eval.evaluation.evaluation:metric_call:77 - metric_func_name exact_match score 0.0 msg exact not match, response: 北京市教育委员会, target: 市教委
2026-08-09 13:08:44.912 | DEBUG    | eval.evaluation.evaluation:metric_call:77 - metric_func_name exact_match score 0.0 msg exact not match, response: 北京市残疾人联合会, target: 市残联
2026-08-09 13:08:44.912 | DEBUG    | eval.evaluation.evaluation:metric_call:77 - metric_func_name exact_match score 0.0 msg exact not match, response: 北京市人力资源和社会保障局, target: 市人力资源社会保障局
2026-08-09 13:08:44.912 | DEBUG    | eval.evaluation.evaluation:evaluate_single_query:321 - wide2deep_ws_zh_062, col 牵头部门, metric_func_name exact_match, score [0.0, 0.0, 0.0, 0.0, 0.0, 0.0, 0.0, 0.0, 0.0, 0.0, 0.0, 0.0, 0.0, 0.0, 0.0, 0.0, 0.0, 0.0, 0.0, 0.0, 0.0, 0.0, 0.0, 0.0, 0.0, 0.0, 0.0, 0.0, 0.0, 0.0, 0.0, 0.0]
2026-08-09 13:08:56.847 | DEBUG    | eval.evaluation.evaluation:evaluate_single_query:321 - wide2deep_ws_zh_062, col 配合部门, metric_func_name llm_judge, score [0, 0, 0, 0, 0, 0, 0, 0, 0, 0, 0, 1, 1, 0, 0, 0, 0, 0, 0, 0, 0, 0, 0, 0, 0, 0, 0, 0, 0, 0, 0, 0]
2026-08-09 13:08:56.847 | DEBUG    | eval.evaluation.evaluation:metric_call:77 - metric_func_name exact_match score 0.0 msg exact not match, response: 2025年上半年, target: 2025年7月底
2026-08-09 13:08:56.847 | DEBUG    | eval.evaluation.evaluation:metric_call:77 - metric_func_name exact_match score 0.0 msg exact not match, response: 2025年上半年, target: 2025年7月底
2026-08-09 13:08:56.848 | DEBUG    | eval.evaluation.evaluation:metric_call:77 - metric_func_name exact_match score 0.0 msg exact not match, response: 2025年上半年, target: 2025年7月底
2026-08-09 13:08:56.848 | DEBUG    | eval.evaluation.evaluation:metric_call:77 - metric_func_name exact_match score 0.0 msg exact not match, response: 2025年上半年, target: 2025年7月底
2026-08-09 13:08:56.848 | DEBUG    | eval.evaluation.evaluation:metric_call:77 - metric_func_name exact_match score 0.0 msg exact not match, response: 2025年上半年, target: 2025年7月底
2026-08-09 13:08:56.848 | DEBUG    | eval.evaluation.evaluation:metric_call:77 - metric_func_name exact_match score 0.0 msg exact not match, response: 2025年上半年, target: 2025年7月底
2026-08-09 13:08:56.848 | DEBUG    | eval.evaluation.evaluation:metric_call:77 - metric_func_name exact_match score 0.0 msg exact not match, response: 2025年上半年, target: 2025年7月底
2026-08-09 13:08:56.848 | DEBUG    | eval.evaluation.evaluation:metric_call:77 - metric_func_name exact_match score 0.0 msg exact not match, response: 2025年上半年, target: 2025年7月底
2026-08-09 13:08:56.848 | DEBUG    | eval.evaluation.evaluation:metric_call:77 - metric_func_name exact_match score 0.0 msg exact not match, response: 2025年上半年, target: 2025年7月底
2026-08-09 13:08:56.848 | DEBUG    | eval.evaluation.evaluation:metric_call:77 - metric_func_name exact_match score 0.0 msg exact not match, response: 2025年上半年, target: 2025年10月底
2026-08-09 13:08:56.848 | DEBUG    | eval.evaluation.evaluation:metric_call:77 - metric_func_name exact_match score 0.0 msg exact not match, response: 2025年上半年, target: 2025年7月底
2026-08-09 13:08:56.848 | DEBUG    | eval.evaluation.evaluation:metric_call:77 - metric_func_name exact_match score 0.0 msg exact not match, response: 2025年上半年, target: 2025年7月底
2026-08-09 13:08:56.848 | DEBUG    | eval.evaluation.evaluation:metric_call:77 - metric_func_name exact_match score 0.0 msg exact not match, response: 2025年上半年, target: 2025年7月底
2026-08-09 13:08:56.848 | DEBUG    | eval.evaluation.evaluation:metric_call:77 - metric_func_name exact_match score 0.0 msg exact not match, response: 2025年上半年, target: 2025年8月底
2026-08-09 13:08:56.848 | DEBUG    | eval.evaluation.evaluation:metric_call:77 - metric_func_name exact_match score 0.0 msg exact not match, response: 2025年上半年, target: 2025年8月底
2026-08-09 13:08:56.848 | DEBUG    | eval.evaluation.evaluation:metric_call:77 - metric_func_name exact_match score 0.0 msg exact not match, response: 2025年上半年, target: 2025年8月底
2026-08-09 13:08:56.848 | DEBUG    | eval.evaluation.evaluation:metric_call:77 - metric_func_name exact_match score 0.0 msg exact not match, response: 2025年上半年, target: 2025年7月底
2026-08-09 13:08:56.848 | DEBUG    | eval.evaluation.evaluation:metric_call:77 - metric_func_name exact_match score 0.0 msg exact not match, response: 2025年上半年, target: 2025年7月底
2026-08-09 13:08:56.848 | DEBUG    | eval.evaluation.evaluation:metric_call:77 - metric_func_name exact_match score 0.0 msg exact not match, response: 2025年上半年, target: 2025年7月底
2026-08-09 13:08:56.848 | DEBUG    | eval.evaluation.evaluation:metric_call:77 - metric_func_name exact_match score 0.0 msg exact not match, response: 2024年底前, target: 2024年10月底
2026-08-09 13:08:56.848 | DEBUG    | eval.evaluation.evaluation:metric_call:77 - metric_func_name exact_match score 0.0 msg exact not match, response: 2024年底前, target: 2024年10月底
2026-08-09 13:08:56.849 | DEBUG    | eval.evaluation.evaluation:metric_call:77 - metric_func_name exact_match score 0.0 msg exact not match, response: 2024年底前, target: 2024年10月底
2026-08-09 13:08:56.849 | DEBUG    | eval.evaluation.evaluation:metric_call:77 - metric_func_name exact_match score 0.0 msg exact not match, response: 2024年底前, target: 2024年6月底
2026-08-09 13:08:56.849 | DEBUG    | eval.evaluation.evaluation:metric_call:77 - metric_func_name exact_match score 0.0 msg exact not match, response: 2024年底前, target: 2024年10月底
2026-08-09 13:08:56.849 | DEBUG    | eval.evaluation.evaluation:metric_call:77 - metric_func_name exact_match score 0.0 msg exact not match, response: 2025年上半年, target: 2024年10月底
2026-08-09 13:08:56.849 | DEBUG    | eval.evaluation.evaluation:metric_call:77 - metric_func_name exact_match score 0.0 msg exact not match, response: 2024年底前, target: 2024年10月底
2026-08-09 13:08:56.849 | DEBUG    | eval.evaluation.evaluation:metric_call:77 - metric_func_name exact_match score 0.0 msg exact not match, response: 2024年底前, target: 2024年10月底
2026-08-09 13:08:56.849 | DEBUG    | eval.evaluation.evaluation:metric_call:77 - metric_func_name exact_match score 0.0 msg exact not match, response: 2024年底前, target: 2024年6月底
2026-08-09 13:08:56.849 | DEBUG    | eval.evaluation.evaluation:metric_call:77 - metric_func_name exact_match score 0.0 msg exact not match, response: 2024年底前, target: 2024年10月底
2026-08-09 13:08:56.849 | DEBUG    | eval.evaluation.evaluation:metric_call:77 - metric_func_name exact_match score 0.0 msg exact not match, response: 2024年底前, target: 2024年9月底
2026-08-09 13:08:56.849 | DEBUG    | eval.evaluation.evaluation:metric_call:77 - metric_func_name exact_match score 0.0 msg exact not match, response: 2024年底前, target: 2024年10月底
2026-08-09 13:08:56.849 | DEBUG    | eval.evaluation.evaluation:metric_call:77 - metric_func_name exact_match score 0.0 msg exact not match, response: 2024年底前, target: 2024年6月底
2026-08-09 13:08:56.850 | DEBUG    | eval.evaluation.evaluation:evaluate_single_query:321 - wide2deep_ws_zh_062, col 完成时限, metric_func_name exact_match, score [0.0, 0.0, 0.0, 0.0, 0.0, 0.0, 0.0, 0.0, 0.0, 0.0, 0.0, 0.0, 0.0, 0.0, 0.0, 0.0, 0.0, 0.0, 0.0, 0.0, 0.0, 0.0, 0.0, 0.0, 0.0, 0.0, 0.0, 0.0, 0.0, 0.0, 0.0, 0.0]
2026-08-09 13:08:56.857 | INFO     | eval.evaluation.evaluation:evaluate_single_query:380 - wide2deep_ws_zh_062, P/R/F1 by unique_columns: 0.4848/0.2500/0.3299
2026-08-09 13:08:56.857 | INFO     | eval.evaluation.evaluation:evaluate_single_query:383 - wide2deep_ws_zh_062, P/R/F1 by row: 0.0000/0.0000/0.0000
2026-08-09 13:08:56.857 | INFO     | eval.evaluation.evaluation:evaluate_single_query:386 - wide2deep_ws_zh_062, P/R/F1 by item: 0.1566/0.0807/0.1065
2026-08-09 13:08:56.861 | INFO     | eval.evaluation.evaluation:evaluate_single_query:398 - wide2deep_ws_zh_062, final table score: 0.0
{"event": "eval_done", "idx": 1, "instance_id": "wide2deep_ws_zh_062", "score": 0.0, "entity_acc": 1.0, "f1_by_row": 0.0, "f1_by_item": 0.10652920962199314, "column_f1": 0.32989690721649484, "error": null, "elapsed_seconds": 54.839, "running_n": 1}
2026-08-09 13:08:58.724 | DEBUG    | eval.evaluation.data_loader:extract_dataframe:167 - find markdown_str 
| 期刊名称 | 论文名称 | 论文关键词 | 论文作者 |
| --- | --- | --- | --- |
| 体育科学 ...
2026-08-09 13:09:01.815 | INFO     | eval.evaluation.metric_utils:primary_key_preprocess:246 - primary_key_preprocess result: ```json
{}
```
2026-08-09 13:09:01.815 | INFO     | eval.evaluation.evaluation:evaluate_single_query:223 - col: 论文名称, primary_key_map {}
2026-08-09 13:09:01.822 | INFO     | eval.evaluation.evaluation:evaluate_single_query:275 - wide2deep_ws_zh_098, df_inner shape: (0, 8), answer_df shape: (208, 4), response_df shape: (1, 5)
2026-08-09 13:09:04.225 | DEBUG    | eval.evaluation.evaluation:evaluate_single_query:321 - wide2deep_ws_zh_098, col 期刊名称, metric_func_name llm_judge, score []
2026-08-09 13:09:08.495 | DEBUG    | eval.evaluation.evaluation:evaluate_single_query:321 - wide2deep_ws_zh_098, col 论文关键词, metric_func_name llm_judge, score []
2026-08-09 13:09:09.732 | DEBUG    | eval.evaluation.evaluation:evaluate_single_query:321 - wide2deep_ws_zh_098, col 论文作者, metric_func_name llm_judge, score []
2026-08-09 13:09:09.738 | INFO     | eval.evaluation.evaluation:evaluate_single_query:380 - wide2deep_ws_zh_098, P/R/F1 by unique_columns: 0.0000/0.0000/0.0000
2026-08-09 13:09:09.738 | INFO     | eval.evaluation.evaluation:evaluate_single_query:383 - wide2deep_ws_zh_098, P/R/F1 by row: 0.0000/0.0000/0.0000
2026-08-09 13:09:09.738 | INFO     | eval.evaluation.evaluation:evaluate_single_query:386 - wide2deep_ws_zh_098, P/R/F1 by item: 0.0000/0.0000/0.0000
2026-08-09 13:09:09.739 | INFO     | eval.evaluation.evaluation:evaluate_single_query:398 - wide2deep_ws_zh_098, final table score: 0.0
{"event": "eval_done", "idx": 2, "instance_id": "wide2deep_ws_zh_098", "score": 0.0, "entity_acc": 1.0, "f1_by_row": 0.0, "f1_by_item": 0.0, "column_f1": 0.0, "error": null, "elapsed_seconds": 12.864, "running_n": 2}
{"event": "eval_done", "idx": 3, "instance_id": "deep2wide_result_22_橄榄树", "score": 0.0, "entity_acc": 0.0, "f1_by_row": 0.0, "f1_by_item": 0.0, "column_f1": 0.0, "error": null, "elapsed_seconds": 3.351, "running_n": 3}
2026-08-09 13:09:14.523 | DEBUG    | eval.evaluation.data_loader:extract_dataframe:167 - find markdown_str 
| 名称 | 面积 | 政府驻地首府 |
| --- | --- | --- |
| 安达卢西亚自治区 | 87,599平方千 ...
2026-08-09 13:09:16.618 | INFO     | eval.evaluation.metric_utils:primary_key_preprocess:246 - primary_key_preprocess result: ```json
{
  "名称": "名称",
  "面积": "面积",
  "政府驻地首府": "政府驻地/首府"
}
```
2026-08-09 13:09:16.618 | INFO     | eval.evaluation.evaluation:evaluate_single_query:172 - column map: {'名称': '名称', '面积': '面积', '政府驻地首府': '政府驻地/首府'}
2026-08-09 13:09:16.618 | INFO     | eval.evaluation.evaluation:evaluate_single_query:173 - befor mapping: Index(['名称', '面积', '政府驻地首府'], dtype='object')
2026-08-09 13:09:16.619 | INFO     | eval.evaluation.evaluation:evaluate_single_query:175 - after mapping: Index(['名称', '面积', '政府驻地/首府'], dtype='object')
2026-08-09 13:09:21.863 | INFO     | eval.evaluation.metric_utils:primary_key_preprocess:246 - primary_key_preprocess result: ```json
{
  "安达卢西亚自治区": "安达卢西亚自治区",
  "阿拉贡自治区": "阿拉贡自治区",
  "阿斯图里亚斯自治区": "阿斯图里亚斯自治区",
  "巴利阿里群岛自治区": "巴利阿里群岛",
  "巴斯克自治区": "巴斯克自治区",
  "加那利群岛自治区": "加那利群岛",
  "坎塔布里亚自治区": "坎塔布里亚自治区",
  "卡斯蒂利亚-莱昂自治区": "卡斯蒂利亚－莱昂",
  "卡斯蒂利亚-拉曼恰自治区": "卡斯蒂利亚-拉曼恰自治区",
  "加泰罗尼亚自治区": "加泰罗尼亚",
  "埃斯特雷马杜拉自治区": "埃斯特雷马杜拉自治区",
  "加利西亚自治区": "加利西亚自治区",
  "马德里自治区": "马德里自治区",
  "穆尔西亚自治区": "穆尔西亚省",
  "纳瓦拉自治区": "纳瓦拉自治区",
  "拉里奥哈自治区": "拉里奥哈自治区",
  "瓦伦西亚自治区": "巴伦西亚省"
}
```
2026-08-09 13:09:21.863 | INFO     | eval.evaluation.evaluation:evaluate_single_query:223 - col: 名称, primary_key_map {'安达卢西亚自治区': '安达卢西亚自治区', '阿拉贡自治区': '阿拉贡自治区', '阿斯图里亚斯自治区': '阿斯图里亚斯自治区', '巴利阿里群岛自治区': '巴利阿里群岛', '巴斯克自治区': '巴斯克自治区', '加那利群岛自治区': '加那利群岛', '坎塔布里亚自治区': '坎塔布里亚自治区', '卡斯蒂利亚-莱昂自治区': '卡斯蒂利亚－莱昂', '卡斯蒂利亚-拉曼恰自治区': '卡斯蒂利亚-拉曼恰自治区', '加泰罗尼亚自治区': '加泰罗尼亚', '埃斯特雷马杜拉自治区': '埃斯特雷马杜拉自治区', '加利西亚自治区': '加利西亚自治区', '马德里自治区': '马德里自治区', '穆尔西亚自治区': '穆尔西亚省', '纳瓦拉自治区': '纳瓦拉自治区', '拉里奥哈自治区': '拉里奥哈自治区', '瓦伦西亚自治区': '巴伦西亚省'}
2026-08-09 13:09:21.868 | INFO     | eval.evaluation.evaluation:evaluate_single_query:275 - deep2wide_result_40_西班牙, df_inner shape: (17, 6), answer_df shape: (17, 3), response_df shape: (17, 4)
2026-08-09 13:09:21.869 | DEBUG    | eval.evaluation.evaluation:metric_call:77 - metric_func_name number_near score 1.0 msg number near in range 5.0%, response: 87599.0, target: 87268.0
2026-08-09 13:09:21.869 | DEBUG    | eval.evaluation.evaluation:metric_call:77 - metric_func_name number_near score 1.0 msg number near in range 5.0%, response: 47720.0, target: 47720.0
2026-08-09 13:09:21.869 | DEBUG    | eval.evaluation.evaluation:metric_call:77 - metric_func_name number_near score 0.0 msg number not convertable, response: 10604.0, target: None
2026-08-09 13:09:21.869 | DEBUG    | eval.evaluation.evaluation:metric_call:77 - metric_func_name number_near score 1.0 msg number near in range 5.0%, response: 4992.0, target: 5014.0
2026-08-09 13:09:21.870 | DEBUG    | eval.evaluation.evaluation:metric_call:77 - metric_func_name number_near score 1.0 msg number near in range 5.0%, response: 7234.0, target: 7233.0
2026-08-09 13:09:21.870 | DEBUG    | eval.evaluation.evaluation:metric_call:77 - metric_func_name number_near score 1.0 msg number near in range 5.0%, response: 7447.0, target: 7273.0
2026-08-09 13:09:21.870 | DEBUG    | eval.evaluation.evaluation:metric_call:77 - metric_func_name number_near score 0.0 msg number not convertable, response: 5321.0, target: None
2026-08-09 13:09:21.870 | DEBUG    | eval.evaluation.evaluation:metric_call:77 - metric_func_name number_near score 1.0 msg number near in range 5.0%, response: 94226.0, target: 94223.0
2026-08-09 13:09:21.870 | DEBUG    | eval.evaluation.evaluation:metric_call:77 - metric_func_name number_near score 1.0 msg number near in range 5.0%, response: 79463.0, target: 79409.0
2026-08-09 13:09:21.870 | DEBUG    | eval.evaluation.evaluation:metric_call:77 - metric_func_name number_near score 1.0 msg number near in range 5.0%, response: 32108.0, target: 32108.0
2026-08-09 13:09:21.870 | DEBUG    | eval.evaluation.evaluation:metric_call:77 - metric_func_name number_near score 1.0 msg number near in range 5.0%, response: 41635.0, target: 41634.0
2026-08-09 13:09:21.870 | DEBUG    | eval.evaluation.evaluation:metric_call:77 - metric_func_name number_near score 1.0 msg number near in range 5.0%, response: 29574.0, target: 29574.0
2026-08-09 13:09:21.870 | DEBUG    | eval.evaluation.evaluation:metric_call:77 - metric_func_name number_near score 0.0 msg number not near, response: 8028.0, target: 607.0
2026-08-09 13:09:21.870 | DEBUG    | eval.evaluation.evaluation:metric_call:77 - metric_func_name number_near score 1.0 msg number near in range 5.0%, response: 11314.0, target: 11314.0
2026-08-09 13:09:21.870 | DEBUG    | eval.evaluation.evaluation:metric_call:77 - metric_func_name number_near score 0.0 msg number not convertable, response: 10391.0, target: None
2026-08-09 13:09:21.870 | DEBUG    | eval.evaluation.evaluation:metric_call:77 - metric_func_name number_near score 1.0 msg number near in range 5.0%, response: 5045.0, target: 5045.0
2026-08-09 13:09:21.870 | DEBUG    | eval.evaluation.evaluation:metric_call:77 - metric_func_name number_near score 0.0 msg number not near, response: 23255.0, target: 10.563
2026-08-09 13:09:21.871 | DEBUG    | eval.evaluation.evaluation:evaluate_single_query:321 - deep2wide_result_40_西班牙, col 面积, metric_func_name number_near, score [1.0, 1.0, 0.0, 1.0, 1.0, 1.0, 0.0, 1.0, 1.0, 1.0, 1.0, 1.0, 0.0, 1.0, 0.0, 1.0, 0.0]
2026-08-09 13:09:21.871 | DEBUG    | eval.evaluation.evaluation:metric_call:77 - metric_func_name exact_match score 1.0 msg exact match, response: 塞维利亚, target: 塞维利亚
2026-08-09 13:09:21.871 | DEBUG    | eval.evaluation.evaluation:metric_call:77 - metric_func_name exact_match score 1.0 msg exact match, response: 萨拉戈萨, target: 萨拉戈萨
2026-08-09 13:09:21.871 | DEBUG    | eval.evaluation.evaluation:metric_call:77 - metric_func_name exact_match score 1.0 msg exact match, response: 奥维耶多, target: 奥维耶多
2026-08-09 13:09:21.871 | DEBUG    | eval.evaluation.evaluation:metric_call:77 - metric_func_name exact_match score 1.0 msg exact match, response: 帕尔马, target: 帕尔马
2026-08-09 13:09:21.871 | DEBUG    | eval.evaluation.evaluation:metric_call:77 - metric_func_name exact_match score 1.0 msg exact match, response: 维多利亚-加斯泰斯, target: 维多利亚-加斯泰斯
2026-08-09 13:09:21.871 | DEBUG    | eval.evaluation.evaluation:metric_call:77 - metric_func_name exact_match score 1.0 msg exact match, response: 圣克鲁斯-德特内里费、拉斯帕尔马斯, target: 圣克鲁斯-德特内里费、拉斯帕尔马斯
2026-08-09 13:09:21.871 | DEBUG    | eval.evaluation.evaluation:metric_call:77 - metric_func_name exact_match score 1.0 msg exact match, response: 桑坦德, target: 桑坦德
2026-08-09 13:09:21.871 | DEBUG    | eval.evaluation.evaluation:metric_call:77 - metric_func_name exact_match score 0.0 msg exact not match, response: 巴利亚多利德（政府驻地）, target: 巴利亚多利德
2026-08-09 13:09:21.871 | DEBUG    | eval.evaluation.evaluation:metric_call:77 - metric_func_name exact_match score 0.0 msg exact not match, response: 托莱多, target: 托莱多市
2026-08-09 13:09:21.871 | DEBUG    | eval.evaluation.evaluation:metric_call:77 - metric_func_name exact_match score 1.0 msg exact match, response: 巴塞罗那, target: 巴塞罗那
2026-08-09 13:09:21.871 | DEBUG    | eval.evaluation.evaluation:metric_call:77 - metric_func_name exact_match score 1.0 msg exact match, response: 梅里达, target: 梅里达
2026-08-09 13:09:21.871 | DEBUG    | eval.evaluation.evaluation:metric_call:77 - metric_func_name exact_match score 0.0 msg exact not match, response: 圣地亚哥-德孔波斯特拉, target: 圣地亚哥德孔波斯特拉
2026-08-09 13:09:21.872 | DEBUG    | eval.evaluation.evaluation:metric_call:77 - metric_func_name exact_match score 1.0 msg exact match, response: 马德里, target: 马德里
2026-08-09 13:09:21.872 | DEBUG    | eval.evaluation.evaluation:metric_call:77 - metric_func_name exact_match score 1.0 msg exact match, response: 穆尔西亚, target: 穆尔西亚
2026-08-09 13:09:21.872 | DEBUG    | eval.evaluation.evaluation:metric_call:77 - metric_func_name exact_match score 1.0 msg exact match, response: 潘普洛纳, target: 潘普洛纳
2026-08-09 13:09:21.872 | DEBUG    | eval.evaluation.evaluation:metric_call:77 - metric_func_name exact_match score 1.0 msg exact match, response: 洛格罗尼奥, target: 洛格罗尼奥
2026-08-09 13:09:21.872 | DEBUG    | eval.evaluation.evaluation:metric_call:77 - metric_func_name exact_match score 0.0 msg exact not match, response: 瓦伦西亚, target: 巴伦西亚
2026-08-09 13:09:21.872 | DEBUG    | eval.evaluation.evaluation:evaluate_single_query:321 - deep2wide_result_40_西班牙, col 政府驻地/首府, metric_func_name exact_match, score [1.0, 1.0, 1.0, 1.0, 1.0, 1.0, 1.0, 0.0, 0.0, 1.0, 1.0, 0.0, 1.0, 1.0, 1.0, 1.0, 0.0]
2026-08-09 13:09:21.875 | INFO     | eval.evaluation.evaluation:evaluate_single_query:380 - deep2wide_result_40_西班牙, P/R/F1 by unique_columns: 1.0000/1.0000/1.0000
2026-08-09 13:09:21.876 | INFO     | eval.evaluation.evaluation:evaluate_single_query:383 - deep2wide_result_40_西班牙, P/R/F1 by row: 0.5294/0.5294/0.5294
2026-08-09 13:09:21.876 | INFO     | eval.evaluation.evaluation:evaluate_single_query:386 - deep2wide_result_40_西班牙, P/R/F1 by item: 0.8235/0.8235/0.8235
2026-08-09 13:09:21.877 | INFO     | eval.evaluation.evaluation:evaluate_single_query:398 - deep2wide_result_40_西班牙, final table score: 0.0
{"event": "eval_done", "idx": 4, "instance_id": "deep2wide_result_40_西班牙", "score": 0.0, "entity_acc": 1.0, "f1_by_row": 0.5294117647058824, "f1_by_item": 0.8235294117647058, "column_f1": 1.0, "error": null, "elapsed_seconds": 8.75, "running_n": 4}
2026-08-09 13:09:23.235 | DEBUG    | eval.evaluation.data_loader:extract_dataframe:167 - find markdown_str 
| 姓名 | 字 | 籍贯 |
| --- | --- | --- |
| 张机（张仲景） | 仲景 | 南阳郡涅阳县（今河南 ...
2026-08-09 13:09:24.373 | INFO     | eval.evaluation.metric_utils:primary_key_preprocess:246 - primary_key_preprocess result: ```json
{
  "张机（张仲景）": "张仲景",
  "华佗": "华佗",
  "董奉": "董奉"
}
```
2026-08-09 13:09:24.373 | INFO     | eval.evaluation.evaluation:evaluate_single_query:223 - col: 姓名, primary_key_map {'张机（张仲景）': '张仲景', '华佗': '华佗', '董奉': '董奉'}
2026-08-09 13:09:24.378 | INFO     | eval.evaluation.evaluation:evaluate_single_query:275 - deep2wide_result_42_建安三神医, df_inner shape: (3, 6), answer_df shape: (3, 3), response_df shape: (3, 4)
2026-08-09 13:09:26.774 | DEBUG    | eval.evaluation.evaluation:evaluate_single_query:321 - deep2wide_result_42_建安三神医, col 字, metric_func_name llm_judge, score [1, 1, 1]
2026-08-09 13:09:30.460 | DEBUG    | eval.evaluation.evaluation:evaluate_single_query:321 - deep2wide_result_42_建安三神医, col 籍贯, metric_func_name llm_judge, score [0, 1, 1]
2026-08-09 13:09:30.464 | INFO     | eval.evaluation.evaluation:evaluate_single_query:380 - deep2wide_result_42_建安三神医, P/R/F1 by unique_columns: 1.0000/1.0000/1.0000
2026-08-09 13:09:30.464 | INFO     | eval.evaluation.evaluation:evaluate_single_query:383 - deep2wide_result_42_建安三神医, P/R/F1 by row: 0.6667/0.6667/0.6667
2026-08-09 13:09:30.464 | INFO     | eval.evaluation.evaluation:evaluate_single_query:386 - deep2wide_result_42_建安三神医, P/R/F1 by item: 0.8889/0.8889/0.8889
2026-08-09 13:09:30.465 | INFO     | eval.evaluation.evaluation:evaluate_single_query:398 - deep2wide_result_42_建安三神医, final table score: 0.0
{"event": "eval_done", "idx": 5, "instance_id": "deep2wide_result_42_建安三神医", "score": 0.0, "entity_acc": 1.0, "f1_by_row": 0.6666666666666666, "f1_by_item": 0.8888888888888888, "column_f1": 1.0, "error": null, "elapsed_seconds": 8.569, "running_n": 5}
2026-08-09 13:09:36.817 | DEBUG    | eval.evaluation.data_loader:extract_dataframe:167 - find markdown_str 
| 姓名 | 参加年份 | 奖项 |
| --- | --- | --- |
| 林舒 | 2010年 | 金牌 |
| 林舒 ...
2026-08-09 13:09:40.167 | INFO     | eval.evaluation.metric_utils:primary_key_preprocess:246 - primary_key_preprocess result: ```json
{
  "韩新淼": "韩新淼"
}
```
2026-08-09 13:09:40.167 | INFO     | eval.evaluation.evaluation:evaluate_single_query:223 - col: 姓名, primary_key_map {'韩新淼': '韩新淼'}
2026-08-09 13:09:40.304 | INFO     | eval.evaluation.evaluation:evaluate_single_query:275 - deep2wide_result_48_乐清市知临中学, df_inner shape: (1, 6), answer_df shape: (6, 3), response_df shape: (5, 4)
2026-08-09 13:09:40.316 | DEBUG    | eval.evaluation.evaluation:metric_call:77 - metric_func_name date_near score 1.0 msg date near, response: 2009-06-08 00:00:00, target: 2009-06-08 00:00:00
2026-08-09 13:09:40.316 | DEBUG    | eval.evaluation.evaluation:evaluate_single_query:321 - deep2wide_result_48_乐清市知临中学, col 参加年份, metric_func_name date_near, score [1.0]
2026-08-09 13:09:40.317 | DEBUG    | eval.evaluation.evaluation:metric_call:77 - metric_func_name exact_match score 1.0 msg exact match, response: 金牌, target: 金牌
2026-08-09 13:09:40.317 | DEBUG    | eval.evaluation.evaluation:evaluate_single_query:321 - deep2wide_result_48_乐清市知临中学, col 奖项, metric_func_name exact_match, score [1.0]
2026-08-09 13:09:40.322 | INFO     | eval.evaluation.evaluation:evaluate_single_query:380 - deep2wide_result_48_乐清市知临中学, P/R/F1 by unique_columns: 0.2000/0.1667/0.1818
2026-08-09 13:09:40.322 | INFO     | eval.evaluation.evaluation:evaluate_single_query:383 - deep2wide_result_48_乐清市知临中学, P/R/F1 by row: 0.2000/0.1667/0.1818
2026-08-09 13:09:40.322 | INFO     | eval.evaluation.evaluation:evaluate_single_query:386 - deep2wide_result_48_乐清市知临中学, P/R/F1 by item: 0.2000/0.1667/0.1818
2026-08-09 13:09:40.324 | INFO     | eval.evaluation.evaluation:evaluate_single_query:398 - deep2wide_result_48_乐清市知临中学, final table score: 0.0
{"event": "eval_done", "idx": 6, "instance_id": "deep2wide_result_48_乐清市知临中学", "score": 0.0, "entity_acc": 1.0, "f1_by_row": 0.1818181818181818, "f1_by_item": 0.1818181818181818, "column_f1": 0.1818181818181818, "error": null, "elapsed_seconds": 9.841, "running_n": 6}
{"event": "eval_done", "idx": 7, "instance_id": "deep2wide_result_51_安提帕特王朝", "score": 0.0, "entity_acc": 0.0, "f1_by_row": 0.0, "f1_by_item": 0.0, "column_f1": 0.0, "error": null, "elapsed_seconds": 2.711, "running_n": 7}
SUMMARY {"n": 7, "valid_n": 7, "errors": 0, "complete": true, "judge_calls_current_process": 20, "score": 0.0, "entity_acc": 0.7142857142857143, "precision_by_row": 0.19943977591036413, "recall_by_row": 0.19467787114845939, "f1_by_row": 0.19684237331296156, "precision_by_item": 0.2955691367456073, "recall_by_item": 0.2799734477124183, "f1_by_item": 0.28582367029911, "column_precision": 0.3835497835497836, "column_recall": 0.34523809523809523, "column_f1": 0.3588164412906681}
