INFO: Pandarallel will run on 8 workers.
INFO: Pandarallel will use Memory file system to transfer data between the main process and workers.
{"event": "eval_start", "selected": 7, "resume_committed": 0, "committed_errors": 0, "crash_only_resume": false}
2026-08-09 13:08:04.179 | DEBUG    | eval.evaluation.data_loader:extract_dataframe:167 - find markdown_str 
| 章数 | 章节名称 | 法律条数 |
| --- | --- | --- |
| 第一章 | 总则 | 119条 |
|  ...
2026-08-09 13:08:04.191 | INFO     | eval.evaluation.evaluation:evaluate_single_query:275 - deep2wide_result_72_中华人民共和国治安管理处罚法, df_inner shape: (6, 5), answer_df shape: (6, 3), response_df shape: (6, 3)
2026-08-09 13:08:05.827 | DEBUG    | eval.evaluation.evaluation:evaluate_single_query:321 - deep2wide_result_72_中华人民共和国治安管理处罚法, col 章节名称, metric_func_name llm_judge, score [1, 1, 1, 1, 1, 1]
2026-08-09 13:08:05.827 | DEBUG    | eval.evaluation.evaluation:metric_call:77 - metric_func_name number_near score 0.0 msg number not near, response: 119.0, target: 9.0
2026-08-09 13:08:05.827 | DEBUG    | eval.evaluation.evaluation:metric_call:77 - metric_func_name number_near score 0.0 msg number not near, response: 119.0, target: 16.0
2026-08-09 13:08:05.827 | DEBUG    | eval.evaluation.evaluation:metric_call:77 - metric_func_name number_near score 0.0 msg number not near, response: 119.0, target: 64.0
2026-08-09 13:08:05.827 | DEBUG    | eval.evaluation.evaluation:metric_call:77 - metric_func_name number_near score 0.0 msg number not near, response: 119.0, target: 41.0
2026-08-09 13:08:05.827 | DEBUG    | eval.evaluation.evaluation:metric_call:77 - metric_func_name number_near score 0.0 msg number not near, response: 119.0, target: 10.0
2026-08-09 13:08:05.827 | DEBUG    | eval.evaluation.evaluation:metric_call:77 - metric_func_name number_near score 0.0 msg number not near, response: 119.0, target: 4.0
2026-08-09 13:08:05.828 | DEBUG    | eval.evaluation.evaluation:evaluate_single_query:321 - deep2wide_result_72_中华人民共和国治安管理处罚法, col 法律条数, metric_func_name number_near, score [0.0, 0.0, 0.0, 0.0, 0.0, 0.0]
2026-08-09 13:08:05.833 | INFO     | eval.evaluation.evaluation:evaluate_single_query:380 - deep2wide_result_72_中华人民共和国治安管理处罚法, P/R/F1 by unique_columns: 1.0000/1.0000/1.0000
2026-08-09 13:08:05.833 | INFO     | eval.evaluation.evaluation:evaluate_single_query:383 - deep2wide_result_72_中华人民共和国治安管理处罚法, P/R/F1 by row: 0.0000/0.0000/0.0000
2026-08-09 13:08:05.833 | INFO     | eval.evaluation.evaluation:evaluate_single_query:386 - deep2wide_result_72_中华人民共和国治安管理处罚法, P/R/F1 by item: 0.6667/0.6667/0.6667
2026-08-09 13:08:05.835 | INFO     | eval.evaluation.evaluation:evaluate_single_query:398 - deep2wide_result_72_中华人民共和国治安管理处罚法, final table score: 0.0
{"event": "eval_done", "idx": 1, "instance_id": "deep2wide_result_72_中华人民共和国治安管理处罚法", "score": 0.0, "entity_acc": 1.0, "f1_by_row": 0.0, "f1_by_item": 0.6666666666666666, "column_f1": 1.0, "error": null, "elapsed_seconds": 3.802, "running_n": 1}
2026-08-09 13:08:09.591 | DEBUG    | eval.evaluation.data_loader:extract_dataframe:167 - find markdown_str 
| startdate | contractexpirationdate | transfertype | outgoingc ...
2026-08-09 13:08:11.126 | INFO     | eval.evaluation.evaluation:evaluate_single_query:275 - deep2wide_result_81_Amr Zaki, df_inner shape: (3, 13), answer_df shape: (4, 7), response_df shape: (15, 7)
2026-08-09 13:08:11.129 | DEBUG    | eval.evaluation.evaluation:metric_call:77 - metric_func_name date_near score 1.0 msg date near, response: 2010-06-30 00:00:00, target: 2010-06-30 00:00:00
2026-08-09 13:08:11.131 | DEBUG    | eval.evaluation.evaluation:metric_call:77 - metric_func_name date_near score 0.0 msg date not near, response: 2012-06-30 00:00:00, target: 2010-06-30 00:00:00
2026-08-09 13:08:11.133 | DEBUG    | eval.evaluation.evaluation:metric_call:77 - metric_func_name date_near score 0.0 msg date not near, response: 2006-06-30 00:00:00, target: 2007-06-30 00:00:00
2026-08-09 13:08:11.134 | DEBUG    | eval.evaluation.evaluation:evaluate_single_query:321 - deep2wide_result_81_Amr Zaki, col contractexpirationdate, metric_func_name date_near, score [1.0, 0.0, 0.0]
2026-08-09 13:08:11.134 | DEBUG    | eval.evaluation.evaluation:metric_call:77 - metric_func_name exact_match score 0.0 msg exact not match, response: 租借, target: loan
2026-08-09 13:08:11.134 | DEBUG    | eval.evaluation.evaluation:metric_call:77 - metric_func_name exact_match score 0.0 msg exact not match, response: 永久转会, target: transfer
2026-08-09 13:08:11.134 | DEBUG    | eval.evaluation.evaluation:metric_call:77 - metric_func_name exact_match score 0.0 msg exact not match, response: 永久转会, target: transfer
2026-08-09 13:08:11.135 | DEBUG    | eval.evaluation.evaluation:evaluate_single_query:321 - deep2wide_result_81_Amr Zaki, col transfertype, metric_func_name exact_match, score [0.0, 0.0, 0.0]
2026-08-09 13:08:14.322 | DEBUG    | eval.evaluation.evaluation:evaluate_single_query:321 - deep2wide_result_81_Amr Zaki, col outgoingclub, metric_func_name llm_judge, score [1, 1, 0]
2026-08-09 13:08:17.082 | DEBUG    | eval.evaluation.evaluation:evaluate_single_query:321 - deep2wide_result_81_Amr Zaki, col incomingclub, metric_func_name llm_judge, score [1, 1, 1]
2026-08-09 13:08:17.082 | DEBUG    | eval.evaluation.evaluation:metric_call:77 - metric_func_name number_near score 1.0 msg number near in range 5.0%, response: 1904.0, target: 1904.0
2026-08-09 13:08:17.082 | DEBUG    | eval.evaluation.evaluation:metric_call:77 - metric_func_name number_near score 1.0 msg number near in range 5.0%, response: 1911.0, target: 1905.0
2026-08-09 13:08:17.082 | DEBUG    | eval.evaluation.evaluation:metric_call:77 - metric_func_name number_near score 1.0 msg number near in range 5.0%, response: 1922.0, target: 1905.0
2026-08-09 13:08:17.083 | DEBUG    | eval.evaluation.evaluation:evaluate_single_query:321 - deep2wide_result_81_Amr Zaki, col foundingyearoftheincomingclub, metric_func_name number_near, score [1.0, 1.0, 1.0]
2026-08-09 13:08:21.643 | DEBUG    | eval.evaluation.evaluation:evaluate_single_query:321 - deep2wide_result_81_Amr Zaki, col incomingclub'sregion, metric_func_name llm_judge, score [1, 0, 1]
2026-08-09 13:08:21.648 | INFO     | eval.evaluation.evaluation:evaluate_single_query:380 - deep2wide_result_81_Amr Zaki, P/R/F1 by unique_columns: 0.2000/0.7500/0.3158
2026-08-09 13:08:21.649 | INFO     | eval.evaluation.evaluation:evaluate_single_query:383 - deep2wide_result_81_Amr Zaki, P/R/F1 by row: 0.0000/0.0000/0.0000
2026-08-09 13:08:21.649 | INFO     | eval.evaluation.evaluation:evaluate_single_query:386 - deep2wide_result_81_Amr Zaki, P/R/F1 by item: 0.1333/0.5000/0.2105
2026-08-09 13:08:21.650 | INFO     | eval.evaluation.evaluation:evaluate_single_query:398 - deep2wide_result_81_Amr Zaki, final table score: 0.0
{"event": "eval_done", "idx": 2, "instance_id": "deep2wide_result_81_Amr Zaki", "score": 0.0, "entity_acc": 1.0, "f1_by_row": 0.0, "f1_by_item": 0.2105263157894737, "column_f1": 0.31578947368421056, "error": null, "elapsed_seconds": 15.799, "running_n": 2}
{"event": "eval_done", "idx": 3, "instance_id": "deep2wide_result_82_Lush Life", "score": 0.0, "entity_acc": 0.0, "f1_by_row": 0.0, "f1_by_item": 0.0, "column_f1": 0.0, "error": null, "elapsed_seconds": 1.032, "running_n": 3}
{"event": "eval_done", "idx": 4, "instance_id": "deep2wide_result_86_Lillian Karabaic", "score": 0.0, "entity_acc": 0.0, "f1_by_row": 0.0, "f1_by_item": 0.0, "column_f1": 0.0, "error": null, "elapsed_seconds": 3.389, "running_n": 4}
2026-08-09 13:08:30.233 | DEBUG    | eval.evaluation.data_loader:extract_dataframe:167 - find markdown_str 
| name | termsofoffice | dateofbirth | dateofdeath |
| --- | -- ...
2026-08-09 13:08:33.556 | INFO     | eval.evaluation.metric_utils:primary_key_preprocess:246 - primary_key_preprocess result: ```json
{
  "Syngman Rhee": "Syngman Rhee",
  "Yun Posun": "Yun Bo-seon",
  "Park Chung Hee": "Park Chung-hee",
  "Choi Kyu-hah": "Choi Kyu-ha",
  "Chun Doo-hwan": "Chun Doo-hwan",
  "Roh Tae-woo": "Roh Tae-Woo",
  "Kim Young-sam": "Kim Young-sam",
  "Kim Dae-jung": "Kim Dae-jung",
  "Roh Moo-hyun": "Roh Moo-hyun",
  "Lee Myung-bak": "Lee Myung-bak",
  "Park Geun-hye": "Park Geun-hye",
  "Moon Jae-in": "Moon Jae-in",
  "Yoon Suk Yeol": "Yoon Suk Yeol"
}
```
2026-08-09 13:08:33.556 | INFO     | eval.evaluation.evaluation:evaluate_single_query:223 - col: name, primary_key_map {'Syngman Rhee': 'Syngman Rhee', 'Yun Posun': 'Yun Bo-seon', 'Park Chung Hee': 'Park Chung-hee', 'Choi Kyu-hah': 'Choi Kyu-ha', 'Chun Doo-hwan': 'Chun Doo-hwan', 'Roh Tae-woo': 'Roh Tae-Woo', 'Kim Young-sam': 'Kim Young-sam', 'Kim Dae-jung': 'Kim Dae-jung', 'Roh Moo-hyun': 'Roh Moo-hyun', 'Lee Myung-bak': 'Lee Myung-bak', 'Park Geun-hye': 'Park Geun-hye', 'Moon Jae-in': 'Moon Jae-in', 'Yoon Suk Yeol': 'Yoon Suk Yeol'}
2026-08-09 13:08:33.669 | INFO     | eval.evaluation.evaluation:evaluate_single_query:275 - deep2wide_result_87_South Korea, df_inner shape: (13, 8), answer_df shape: (14, 4), response_df shape: (13, 5)
2026-08-09 13:08:33.670 | DEBUG    | eval.evaluation.evaluation:metric_call:77 - metric_func_name exact_match score 0.0 msg exact not match, response: jul24,1948–apr26,1960, target: 1948～1960
2026-08-09 13:08:33.670 | DEBUG    | eval.evaluation.evaluation:metric_call:77 - metric_func_name exact_match score 0.0 msg exact not match, response: aug13,1960–mar22,1962, target: 1960～1962
2026-08-09 13:08:33.671 | DEBUG    | eval.evaluation.evaluation:metric_call:77 - metric_func_name exact_match score 0.0 msg exact not match, response: dec17,1963–oct26,1979, target: 1962～1979
2026-08-09 13:08:33.671 | DEBUG    | eval.evaluation.evaluation:metric_call:77 - metric_func_name exact_match score 0.0 msg exact not match, response: dec06,1979–aug16,1980, target: 1979～1980
2026-08-09 13:08:33.671 | DEBUG    | eval.evaluation.evaluation:metric_call:77 - metric_func_name exact_match score 0.0 msg exact not match, response: sep01,1980–feb24,1988, target: 1980～1988
2026-08-09 13:08:33.671 | DEBUG    | eval.evaluation.evaluation:metric_call:77 - metric_func_name exact_match score 0.0 msg exact not match, response: feb25,1988–feb24,1993, target: 1988～1993
2026-08-09 13:08:33.671 | DEBUG    | eval.evaluation.evaluation:metric_call:77 - metric_func_name exact_match score 0.0 msg exact not match, response: feb25,1993–feb24,1998, target: 1993～1998
2026-08-09 13:08:33.671 | DEBUG    | eval.evaluation.evaluation:metric_call:77 - metric_func_name exact_match score 0.0 msg exact not match, response: feb25,1998–feb24,2003, target: 1998～2003
2026-08-09 13:08:33.671 | DEBUG    | eval.evaluation.evaluation:metric_call:77 - metric_func_name exact_match score 0.0 msg exact not match, response: feb25,2003–feb24,2008, target: 2003～2008
2026-08-09 13:08:33.671 | DEBUG    | eval.evaluation.evaluation:metric_call:77 - metric_func_name exact_match score 0.0 msg exact not match, response: feb25,2008–feb24,2013, target: 2008～2013
2026-08-09 13:08:33.671 | DEBUG    | eval.evaluation.evaluation:metric_call:77 - metric_func_name exact_match score 0.0 msg exact not match, response: feb25,2013–mar10,2017, target: 2013～2017
2026-08-09 13:08:33.671 | DEBUG    | eval.evaluation.evaluation:metric_call:77 - metric_func_name exact_match score 0.0 msg exact not match, response: may10,2017–may09,2022, target: 2017～2022
2026-08-09 13:08:33.671 | DEBUG    | eval.evaluation.evaluation:metric_call:77 - metric_func_name exact_match score 0.0 msg exact not match, response: may10,2022–apr04,2025, target: 2022~2024
2026-08-09 13:08:33.672 | DEBUG    | eval.evaluation.evaluation:evaluate_single_query:321 - deep2wide_result_87_South Korea, col termsofoffice, metric_func_name exact_match, score [0.0, 0.0, 0.0, 0.0, 0.0, 0.0, 0.0, 0.0, 0.0, 0.0, 0.0, 0.0, 0.0]
2026-08-09 13:08:33.674 | DEBUG    | eval.evaluation.evaluation:metric_call:77 - metric_func_name date_near score 1.0 msg date near, response: 1875-03-26 00:00:00, target: 1875-03-26 00:00:00
2026-08-09 13:08:33.676 | DEBUG    | eval.evaluation.evaluation:metric_call:77 - metric_func_name date_near score 1.0 msg date near, response: 1897-08-26 00:00:00, target: 1897-08-26 00:00:00
2026-08-09 13:08:33.679 | DEBUG    | eval.evaluation.evaluation:metric_call:77 - metric_func_name date_near score 1.0 msg date near, response: 1917-11-14 00:00:00, target: 1917-11-14 00:00:00
2026-08-09 13:08:33.681 | DEBUG    | eval.evaluation.evaluation:metric_call:77 - metric_func_name date_near score 1.0 msg date near, response: 1919-07-16 00:00:00, target: 1919-07-16 00:00:00
2026-08-09 13:08:33.683 | DEBUG    | eval.evaluation.evaluation:metric_call:77 - metric_func_name date_near score 0.0 msg date not near, response: 1931-01-18 00:00:00, target: 1931-03-06 00:00:00
2026-08-09 13:08:33.685 | DEBUG    | eval.evaluation.evaluation:metric_call:77 - metric_func_name date_near score 1.0 msg date near, response: 1932-12-04 00:00:00, target: 1932-12-04 00:00:00
2026-08-09 13:08:33.687 | DEBUG    | eval.evaluation.evaluation:metric_call:77 - metric_func_name date_near score 1.0 msg date near, response: 1927-12-20 00:00:00, target: 1927-12-10 00:00:00
2026-08-09 13:08:33.690 | DEBUG    | eval.evaluation.evaluation:metric_call:77 - metric_func_name date_near score 1.0 msg date near, response: 1924-01-06 00:00:00, target: 1924-01-06 00:00:00
2026-08-09 13:08:33.692 | DEBUG    | eval.evaluation.evaluation:metric_call:77 - metric_func_name date_near score 1.0 msg date near, response: 1946-09-01 00:00:00, target: 1946-09-01 00:00:00
2026-08-09 13:08:33.694 | DEBUG    | eval.evaluation.evaluation:metric_call:77 - metric_func_name date_near score 1.0 msg date near, response: 1941-12-19 00:00:00, target: 1941-12-19 00:00:00
2026-08-09 13:08:33.696 | DEBUG    | eval.evaluation.evaluation:metric_call:77 - metric_func_name date_near score 1.0 msg date near, response: 1952-02-02 00:00:00, target: 1952-02-02 00:00:00
2026-08-09 13:08:33.698 | DEBUG    | eval.evaluation.evaluation:metric_call:77 - metric_func_name date_near score 1.0 msg date near, response: 1953-01-24 00:00:00, target: 1953-01-24 00:00:00
2026-08-09 13:08:33.700 | DEBUG    | eval.evaluation.evaluation:metric_call:77 - metric_func_name date_near score 1.0 msg date near, response: 1960-12-18 00:00:00, target: 1960-12-18 00:00:00
2026-08-09 13:08:33.701 | DEBUG    | eval.evaluation.evaluation:evaluate_single_query:321 - deep2wide_result_87_South Korea, col dateofbirth, metric_func_name date_near, score [1.0, 1.0, 1.0, 1.0, 0.0, 1.0, 1.0, 1.0, 1.0, 1.0, 1.0, 1.0, 1.0]
2026-08-09 13:08:33.703 | DEBUG    | eval.evaluation.evaluation:metric_call:77 - metric_func_name date_near score 1.0 msg date near, response: 1965-07-19 00:00:00, target: 1965-07-19 00:00:00
2026-08-09 13:08:33.706 | DEBUG    | eval.evaluation.evaluation:metric_call:77 - metric_func_name date_near score 1.0 msg date near, response: 1990-07-18 00:00:00, target: 1990-07-18 00:00:00
2026-08-09 13:08:33.708 | DEBUG    | eval.evaluation.evaluation:metric_call:77 - metric_func_name date_near score 1.0 msg date near, response: 1979-10-26 00:00:00, target: 1979-10-26 00:00:00
2026-08-09 13:08:33.710 | DEBUG    | eval.evaluation.evaluation:metric_call:77 - metric_func_name date_near score 1.0 msg date near, response: 2006-10-22 00:00:00, target: 2006-10-22 00:00:00
2026-08-09 13:08:33.712 | DEBUG    | eval.evaluation.evaluation:metric_call:77 - metric_func_name date_near score 1.0 msg date near, response: 2021-11-23 00:00:00, target: 2021-11-23 00:00:00
2026-08-09 13:08:33.714 | DEBUG    | eval.evaluation.evaluation:metric_call:77 - metric_func_name date_near score 1.0 msg date near, response: 2021-10-26 00:00:00, target: 2021-10-26 00:00:00
2026-08-09 13:08:33.717 | DEBUG    | eval.evaluation.evaluation:metric_call:77 - metric_func_name date_near score 1.0 msg date near, response: 2015-11-22 00:00:00, target: 2015-11-22 00:00:00
2026-08-09 13:08:33.719 | DEBUG    | eval.evaluation.evaluation:metric_call:77 - metric_func_name date_near score 1.0 msg date near, response: 2009-08-18 00:00:00, target: 2009-08-18 00:00:00
2026-08-09 13:08:33.721 | DEBUG    | eval.evaluation.evaluation:metric_call:77 - metric_func_name date_near score 1.0 msg date near, response: 2009-05-23 00:00:00, target: 2009-05-23 00:00:00
2026-08-09 13:08:33.731 | DEBUG    | eval.evaluation.evaluation:metric_call:77 - metric_func_name date_near score 1.0 msg date near, response: —, target: alive
2026-08-09 13:08:33.741 | DEBUG    | eval.evaluation.evaluation:metric_call:77 - metric_func_name date_near score 1.0 msg date near, response: —, target: alive
2026-08-09 13:08:33.751 | DEBUG    | eval.evaluation.evaluation:metric_call:77 - metric_func_name date_near score 1.0 msg date near, response: —, target: alive
2026-08-09 13:08:33.760 | DEBUG    | eval.evaluation.evaluation:metric_call:77 - metric_func_name date_near score 1.0 msg date near, response: —, target: alive
2026-08-09 13:08:33.761 | DEBUG    | eval.evaluation.evaluation:evaluate_single_query:321 - deep2wide_result_87_South Korea, col dateofdeath, metric_func_name date_near, score [1.0, 1.0, 1.0, 1.0, 1.0, 1.0, 1.0, 1.0, 1.0, 1.0, 1.0, 1.0, 1.0]
2026-08-09 13:08:33.765 | INFO     | eval.evaluation.evaluation:evaluate_single_query:380 - deep2wide_result_87_South Korea, P/R/F1 by unique_columns: 1.0000/0.9286/0.9630
2026-08-09 13:08:33.765 | INFO     | eval.evaluation.evaluation:evaluate_single_query:383 - deep2wide_result_87_South Korea, P/R/F1 by row: 0.0000/0.0000/0.0000
2026-08-09 13:08:33.765 | INFO     | eval.evaluation.evaluation:evaluate_single_query:386 - deep2wide_result_87_South Korea, P/R/F1 by item: 0.7308/0.6786/0.7037
2026-08-09 13:08:33.767 | INFO     | eval.evaluation.evaluation:evaluate_single_query:398 - deep2wide_result_87_South Korea, final table score: 0.0
{"event": "eval_done", "idx": 5, "instance_id": "deep2wide_result_87_South Korea", "score": 0.0, "entity_acc": 1.0, "f1_by_row": 0.0, "f1_by_item": 0.7037037037037038, "column_f1": 0.962962962962963, "error": null, "elapsed_seconds": 7.644, "running_n": 5}
{"event": "eval_done", "idx": 6, "instance_id": "deep2wide_result_88_South Pacific", "score": 0.0, "entity_acc": 0.0, "f1_by_row": 0.0, "f1_by_item": 0.0, "column_f1": 0.0, "error": null, "elapsed_seconds": 1.042, "running_n": 6}
2026-08-09 13:08:36.306 | DEBUG    | eval.evaluation.data_loader:extract_dataframe:167 - find markdown_str 
| A区地区 | 学校 | 2025年复试分数线 |
| --- | --- | --- |
| 北京 | 中国人民大学 |  ...
2026-08-09 13:08:38.040 | INFO     | eval.evaluation.metric_utils:primary_key_preprocess:246 - primary_key_preprocess result: ```json
{
  "中国人民大学": "中国人民大学",
  "中国传媒大学": "中国传媒大学"
}
```
2026-08-09 13:08:38.040 | INFO     | eval.evaluation.evaluation:evaluate_single_query:223 - col: 学校, primary_key_map {'中国人民大学': '中国人民大学', '中国传媒大学': '中国传媒大学'}
2026-08-09 13:08:38.046 | INFO     | eval.evaluation.evaluation:evaluate_single_query:275 - wide2deep_ws_zh_003, df_inner shape: (2, 6), answer_df shape: (60, 3), response_df shape: (2, 4)
2026-08-09 13:08:40.881 | DEBUG    | eval.evaluation.evaluation:evaluate_single_query:321 - wide2deep_ws_zh_003, col a区地区, metric_func_name llm_judge, score [1, 1]
2026-08-09 13:08:43.869 | DEBUG    | eval.evaluation.evaluation:evaluate_single_query:321 - wide2deep_ws_zh_003, col 2025年复试分数线, metric_func_name llm_judge, score [0, 0]
2026-08-09 13:08:43.874 | INFO     | eval.evaluation.evaluation:evaluate_single_query:380 - wide2deep_ws_zh_003, P/R/F1 by unique_columns: 1.0000/0.0333/0.0645
2026-08-09 13:08:43.874 | INFO     | eval.evaluation.evaluation:evaluate_single_query:383 - wide2deep_ws_zh_003, P/R/F1 by row: 0.0000/0.0000/0.0000
2026-08-09 13:08:43.875 | INFO     | eval.evaluation.evaluation:evaluate_single_query:386 - wide2deep_ws_zh_003, P/R/F1 by item: 0.6667/0.0222/0.0430
2026-08-09 13:08:43.875 | INFO     | eval.evaluation.evaluation:evaluate_single_query:398 - wide2deep_ws_zh_003, final table score: 0.0
{"event": "eval_done", "idx": 7, "instance_id": "wide2deep_ws_zh_003", "score": 0.0, "entity_acc": 1.0, "f1_by_row": 0.0, "f1_by_item": 0.043010752688172046, "column_f1": 0.06451612903225806, "error": null, "elapsed_seconds": 9.032, "running_n": 7}
SUMMARY {"n": 7, "valid_n": 7, "errors": 0, "complete": true, "judge_calls_current_process": 15, "score": 0.0, "entity_acc": 0.5714285714285714, "precision_by_row": 0.0, "recall_by_row": 0.0, "f1_by_row": 0.0, "precision_by_item": 0.31391941391941386, "recall_by_item": 0.2667800453514739, "f1_by_item": 0.231986776978288, "column_precision": 0.4571428571428572, "column_recall": 0.3874149659863946, "column_f1": 0.3347526522399188}
