INFO: Pandarallel will run on 8 workers.
INFO: Pandarallel will use Memory file system to transfer data between the main process and workers.
{"event": "eval_start", "selected": 6, "resume_committed": 0, "committed_errors": 0, "crash_only_resume": false}
2026-08-07 15:45:42.250 | DEBUG    | eval.evaluation.data_loader:extract_dataframe:167 - find markdown_str 
| Financial year | federal budget | federal expenditure | feder ...
2026-08-07 15:45:45.104 | INFO     | eval.evaluation.metric_utils:primary_key_preprocess:246 - primary_key_preprocess result: ```json
{
  "financialyear": "fiscalyear",
  "federalbudget": "federalbudget",
  "federalexpenditure": "federalspending",
  "federaldeficit": "federaldeficit",
  "nationaldebt": "nationaldebt",
  "netinterestcost": "netinterestcost"
}
```
2026-08-07 15:45:45.105 | INFO     | eval.evaluation.evaluation:evaluate_single_query:172 - column map: {'financialyear': 'fiscalyear', 'federalbudget': 'federalbudget', 'federalexpenditure': 'federalspending', 'federaldeficit': 'federaldeficit', 'nationaldebt': 'nationaldebt', 'netinterestcost': 'netinterestcost'}
2026-08-07 15:45:45.105 | INFO     | eval.evaluation.evaluation:evaluate_single_query:173 - befor mapping: Index(['financialyear', 'federalbudget', 'federalexpenditure',
       'federaldeficit', 'nationaldebt', 'netinterestcost'],
      dtype='object')
2026-08-07 15:45:45.106 | INFO     | eval.evaluation.evaluation:evaluate_single_query:175 - after mapping: Index(['fiscalyear', 'federalbudget', 'federalspending', 'federaldeficit',
       'nationaldebt', 'netinterestcost'],
      dtype='object')
2026-08-07 15:45:48.895 | INFO     | eval.evaluation.metric_utils:primary_key_preprocess:246 - primary_key_preprocess result: ```json
{
  "Fiscal year 2015": "FY2015",
  "Fiscal year 2016": "FY2016",
  "Fiscal year 2017": "FY2017",
  "Fiscal year 2018": "FY2018",
  "Fiscal year 2019": "FY2019",
  "Fiscal year 2020": "FY2020",
  "Fiscal year 2021": "FY2021",
  "Fiscal year 2022": "FY2022",
  "Fiscal year 2023": "FY2023",
  "Fiscal year 2024": "FY2024"
}
```
2026-08-07 15:45:48.898 | INFO     | eval.evaluation.evaluation:evaluate_single_query:223 - col: fiscalyear, primary_key_map {'Fiscal year 2015': 'FY2015', 'Fiscal year 2016': 'FY2016', 'Fiscal year 2017': 'FY2017', 'Fiscal year 2018': 'FY2018', 'Fiscal year 2019': 'FY2019', 'Fiscal year 2020': 'FY2020', 'Fiscal year 2021': 'FY2021', 'Fiscal year 2022': 'FY2022', 'Fiscal year 2023': 'FY2023', 'Fiscal year 2024': 'FY2024'}
2026-08-07 15:45:48.905 | INFO     | eval.evaluation.evaluation:evaluate_single_query:275 - wide2deep_ws_en_018, df_inner shape: (10, 12), answer_df shape: (10, 6), response_df shape: (10, 7)
2026-08-07 15:45:48.907 | DEBUG    | eval.evaluation.evaluation:metric_call:77 - metric_func_name number_near score 1.0 msg number near in range 10.0%, response: 3.25, target: 3.25
2026-08-07 15:45:48.907 | DEBUG    | eval.evaluation.evaluation:metric_call:77 - metric_func_name number_near score 1.0 msg number near in range 10.0%, response: 3.268, target: 3.27
2026-08-07 15:45:48.907 | DEBUG    | eval.evaluation.evaluation:metric_call:77 - metric_func_name number_near score 1.0 msg number near in range 10.0%, response: 3.316, target: 3.32
2026-08-07 15:45:48.907 | DEBUG    | eval.evaluation.evaluation:metric_call:77 - metric_func_name number_near score 1.0 msg number near in range 10.0%, response: 3.33, target: 3.33
2026-08-07 15:45:48.907 | DEBUG    | eval.evaluation.evaluation:metric_call:77 - metric_func_name number_near score 1.0 msg number near in range 10.0%, response: 3.464, target: 3.46
2026-08-07 15:45:48.907 | DEBUG    | eval.evaluation.evaluation:metric_call:77 - metric_func_name number_near score 1.0 msg number near in range 10.0%, response: 3.421, target: 3.42
2026-08-07 15:45:48.907 | DEBUG    | eval.evaluation.evaluation:metric_call:77 - metric_func_name number_near score 1.0 msg number near in range 10.0%, response: 4.047, target: 4.05
2026-08-07 15:45:48.907 | DEBUG    | eval.evaluation.evaluation:metric_call:77 - metric_func_name number_near score 1.0 msg number near in range 10.0%, response: 4.897, target: 4.9
2026-08-07 15:45:48.907 | DEBUG    | eval.evaluation.evaluation:metric_call:77 - metric_func_name number_near score 1.0 msg number near in range 10.0%, response: 4.439, target: 4.44
2026-08-07 15:45:48.907 | DEBUG    | eval.evaluation.evaluation:metric_call:77 - metric_func_name number_near score 1.0 msg number near in range 10.0%, response: 4.919, target: 4.92
2026-08-07 15:45:48.908 | DEBUG    | eval.evaluation.evaluation:evaluate_single_query:321 - wide2deep_ws_en_018, col federalbudget, metric_func_name number_near, score [1.0, 1.0, 1.0, 1.0, 1.0, 1.0, 1.0, 1.0, 1.0, 1.0]
2026-08-07 15:45:48.908 | DEBUG    | eval.evaluation.evaluation:metric_call:77 - metric_func_name number_near score 1.0 msg number near in range 10.0%, response: 3.688, target: 3.69
2026-08-07 15:45:48.908 | DEBUG    | eval.evaluation.evaluation:metric_call:77 - metric_func_name number_near score 1.0 msg number near in range 10.0%, response: 3.853, target: 3.85
2026-08-07 15:45:48.908 | DEBUG    | eval.evaluation.evaluation:metric_call:77 - metric_func_name number_near score 1.0 msg number near in range 10.0%, response: 3.982, target: 3.98
2026-08-07 15:45:48.908 | DEBUG    | eval.evaluation.evaluation:metric_call:77 - metric_func_name number_near score 1.0 msg number near in range 10.0%, response: 4.109, target: 4.11
2026-08-07 15:45:48.908 | DEBUG    | eval.evaluation.evaluation:metric_call:77 - metric_func_name number_near score 1.0 msg number near in range 10.0%, response: 4.447, target: 4.45
2026-08-07 15:45:48.908 | DEBUG    | eval.evaluation.evaluation:metric_call:77 - metric_func_name number_near score 1.0 msg number near in range 10.0%, response: 6.552, target: 6.55
2026-08-07 15:45:48.908 | DEBUG    | eval.evaluation.evaluation:metric_call:77 - metric_func_name number_near score 1.0 msg number near in range 10.0%, response: 6.822, target: 6.82
2026-08-07 15:45:48.908 | DEBUG    | eval.evaluation.evaluation:metric_call:77 - metric_func_name number_near score 1.0 msg number near in range 10.0%, response: 6.273, target: 6.27
2026-08-07 15:45:48.908 | DEBUG    | eval.evaluation.evaluation:metric_call:77 - metric_func_name number_near score 1.0 msg number near in range 10.0%, response: 6.134, target: 6.14
2026-08-07 15:45:48.908 | DEBUG    | eval.evaluation.evaluation:metric_call:77 - metric_func_name number_near score 1.0 msg number near in range 10.0%, response: 6.752, target: 6.75
2026-08-07 15:45:48.909 | DEBUG    | eval.evaluation.evaluation:evaluate_single_query:321 - wide2deep_ws_en_018, col federalspending, metric_func_name number_near, score [1.0, 1.0, 1.0, 1.0, 1.0, 1.0, 1.0, 1.0, 1.0, 1.0]
2026-08-07 15:45:48.909 | DEBUG    | eval.evaluation.evaluation:metric_call:77 - metric_func_name number_near score 1.0 msg number near in range 10.0%, response: 0.438, target: 0.44
2026-08-07 15:45:48.909 | DEBUG    | eval.evaluation.evaluation:metric_call:77 - metric_func_name number_near score 1.0 msg number near in range 10.0%, response: 0.585, target: 0.59
2026-08-07 15:45:48.909 | DEBUG    | eval.evaluation.evaluation:metric_call:77 - metric_func_name number_near score 1.0 msg number near in range 10.0%, response: 0.666, target: 0.67
2026-08-07 15:45:48.909 | DEBUG    | eval.evaluation.evaluation:metric_call:77 - metric_func_name number_near score 1.0 msg number near in range 10.0%, response: 0.779, target: 0.78
2026-08-07 15:45:48.909 | DEBUG    | eval.evaluation.evaluation:metric_call:77 - metric_func_name number_near score 1.0 msg number near in range 10.0%, response: 0.984, target: 0.98
2026-08-07 15:45:48.909 | DEBUG    | eval.evaluation.evaluation:metric_call:77 - metric_func_name number_near score 1.0 msg number near in range 10.0%, response: 3.132, target: 3.13
2026-08-07 15:45:48.909 | DEBUG    | eval.evaluation.evaluation:metric_call:77 - metric_func_name number_near score 1.0 msg number near in range 10.0%, response: 2.775, target: 2.78
2026-08-07 15:45:48.910 | DEBUG    | eval.evaluation.evaluation:metric_call:77 - metric_func_name number_near score 1.0 msg number near in range 10.0%, response: 1.375, target: 1.38
2026-08-07 15:45:48.910 | DEBUG    | eval.evaluation.evaluation:metric_call:77 - metric_func_name number_near score 1.0 msg number near in range 10.0%, response: 1.695, target: 1.69
2026-08-07 15:45:48.910 | DEBUG    | eval.evaluation.evaluation:metric_call:77 - metric_func_name number_near score 1.0 msg number near in range 10.0%, response: 1.833, target: 1.83
2026-08-07 15:45:48.910 | DEBUG    | eval.evaluation.evaluation:evaluate_single_query:321 - wide2deep_ws_en_018, col federaldeficit, metric_func_name number_near, score [1.0, 1.0, 1.0, 1.0, 1.0, 1.0, 1.0, 1.0, 1.0, 1.0]
2026-08-07 15:45:48.910 | DEBUG    | eval.evaluation.evaluation:metric_call:77 - metric_func_name number_near score 1.0 msg number near in range 10.0%, response: 18.151, target: 18.15
2026-08-07 15:45:48.910 | DEBUG    | eval.evaluation.evaluation:metric_call:77 - metric_func_name number_near score 1.0 msg number near in range 10.0%, response: 19.573, target: 19.57
2026-08-07 15:45:48.911 | DEBUG    | eval.evaluation.evaluation:metric_call:77 - metric_func_name number_near score 1.0 msg number near in range 10.0%, response: 20.245, target: 20.24
2026-08-07 15:45:48.911 | DEBUG    | eval.evaluation.evaluation:metric_call:77 - metric_func_name number_near score 1.0 msg number near in range 10.0%, response: 21.516, target: 21.52
2026-08-07 15:45:48.911 | DEBUG    | eval.evaluation.evaluation:metric_call:77 - metric_func_name number_near score 1.0 msg number near in range 10.0%, response: 22.719, target: 22.72
2026-08-07 15:45:48.911 | DEBUG    | eval.evaluation.evaluation:metric_call:77 - metric_func_name number_near score 1.0 msg number near in range 10.0%, response: 26.945, target: 26.95
2026-08-07 15:45:48.911 | DEBUG    | eval.evaluation.evaluation:metric_call:77 - metric_func_name number_near score 1.0 msg number near in range 10.0%, response: 28.429, target: 28.43
2026-08-07 15:45:48.911 | DEBUG    | eval.evaluation.evaluation:metric_call:77 - metric_func_name number_near score 1.0 msg number near in range 10.0%, response: 30.929, target: 30.93
2026-08-07 15:45:48.911 | DEBUG    | eval.evaluation.evaluation:metric_call:77 - metric_func_name number_near score 1.0 msg number near in range 10.0%, response: 33.167, target: 33.17
2026-08-07 15:45:48.911 | DEBUG    | eval.evaluation.evaluation:metric_call:77 - metric_func_name number_near score 1.0 msg number near in range 10.0%, response: 35.464, target: 35.47
2026-08-07 15:45:48.911 | DEBUG    | eval.evaluation.evaluation:evaluate_single_query:321 - wide2deep_ws_en_018, col nationaldebt, metric_func_name number_near, score [1.0, 1.0, 1.0, 1.0, 1.0, 1.0, 1.0, 1.0, 1.0, 1.0]
2026-08-07 15:45:48.912 | DEBUG    | eval.evaluation.evaluation:metric_call:77 - metric_func_name number_near score 1.0 msg number near in range 10.0%, response: 0.223, target: 0.22
2026-08-07 15:45:48.912 | DEBUG    | eval.evaluation.evaluation:metric_call:77 - metric_func_name number_near score 1.0 msg number near in range 10.0%, response: 0.24, target: 0.24
2026-08-07 15:45:48.912 | DEBUG    | eval.evaluation.evaluation:metric_call:77 - metric_func_name number_near score 1.0 msg number near in range 10.0%, response: 0.263, target: 0.26
2026-08-07 15:45:48.912 | DEBUG    | eval.evaluation.evaluation:metric_call:77 - metric_func_name number_near score 1.0 msg number near in range 10.0%, response: 0.325, target: 0.33
2026-08-07 15:45:48.912 | DEBUG    | eval.evaluation.evaluation:metric_call:77 - metric_func_name number_near score 1.0 msg number near in range 10.0%, response: 0.375, target: 0.38
2026-08-07 15:45:48.912 | DEBUG    | eval.evaluation.evaluation:metric_call:77 - metric_func_name number_near score 1.0 msg number near in range 10.0%, response: 0.345, target: 0.35
2026-08-07 15:45:48.912 | DEBUG    | eval.evaluation.evaluation:metric_call:77 - metric_func_name number_near score 1.0 msg number near in range 10.0%, response: 0.352, target: 0.35
2026-08-07 15:45:48.912 | DEBUG    | eval.evaluation.evaluation:metric_call:77 - metric_func_name number_near score 1.0 msg number near in range 10.0%, response: 0.475, target: 0.48
2026-08-07 15:45:48.912 | DEBUG    | eval.evaluation.evaluation:metric_call:77 - metric_func_name number_near score 1.0 msg number near in range 10.0%, response: 0.659, target: 0.66
2026-08-07 15:45:48.912 | DEBUG    | eval.evaluation.evaluation:metric_call:77 - metric_func_name number_near score 1.0 msg number near in range 10.0%, response: 0.882, target: 0.88
2026-08-07 15:45:48.913 | DEBUG    | eval.evaluation.evaluation:evaluate_single_query:321 - wide2deep_ws_en_018, col netinterestcost, metric_func_name number_near, score [1.0, 1.0, 1.0, 1.0, 1.0, 1.0, 1.0, 1.0, 1.0, 1.0]
2026-08-07 15:45:48.920 | INFO     | eval.evaluation.evaluation:evaluate_single_query:380 - wide2deep_ws_en_018, P/R/F1 by unique_columns: 1.0000/1.0000/1.0000
2026-08-07 15:45:48.920 | INFO     | eval.evaluation.evaluation:evaluate_single_query:383 - wide2deep_ws_en_018, P/R/F1 by row: 1.0000/1.0000/1.0000
2026-08-07 15:45:48.920 | INFO     | eval.evaluation.evaluation:evaluate_single_query:386 - wide2deep_ws_en_018, P/R/F1 by item: 1.0000/1.0000/1.0000
2026-08-07 15:45:48.924 | INFO     | eval.evaluation.evaluation:evaluate_single_query:398 - wide2deep_ws_en_018, final table score: 1
{"event": "eval_done", "idx": 1, "instance_id": "wide2deep_ws_en_018", "score": 1, "entity_acc": 1.0, "f1_by_row": 1.0, "f1_by_item": 1.0, "column_f1": 1.0, "error": null, "elapsed_seconds": 10.023, "running_n": 1}
2026-08-07 15:45:50.225 | DEBUG    | eval.evaluation.data_loader:extract_dataframe:167 - find markdown_str 
| 书名 | 作者 | 出版时间 |
| --- | --- | --- |
| （新编）中国通史纲要 | 中国历史研究院 | ...
2026-08-07 15:45:57.787 | INFO     | eval.evaluation.metric_utils:primary_key_preprocess:246 - primary_key_preprocess result: ```json
{
  "（新编）中国通史纲要": "（新编）中国通史纲要",
  "溯源中华文明": "溯源中华文明",
  "大辽河": "大辽河",
  "爹": "爹",
  "大鸟": "大鸟",
  "月亮的人文史：近代中国的月亮认知、书写和话语": "月亮的人文史：近代中国的月亮认知、书写和话语",
  "超越百岁：长寿的科学与艺术": "超越百岁：长寿的科学与艺术",
  "中华文明史简明读本": "中华文明史简明读本",
  "新质生产力：中国经济未来增长极": "新质生产力:中国经济未来增长极",
  "草木志": "草木志",
  "登春台": "登春台",
  "珊瑚在歌唱": "珊瑚在歌唱",
  "风啊吹向我们": "风啊吹向我们",
  "在旷野里": "在旷野里",
  "去老万玉家": "去老万玉家",
  "新质生产力：发展新动能": "新质生产力：发展新动能",
  "发展与超越：中国式现代化的核心问题与战略路径": "发展与超越：中国式现代化的核心问题与战略路径",
  "“中华先锋人物故事汇”（第五辑）": "“中华先锋人物故事汇”（第五辑）",
  "老街书楼": "老街书楼",
  "文明的积淀：中国古代科技": "文明的积淀：中国古代科技",
  "中华文化公开课": "中华文化公开课",
  "何以华夏：文物上的中华民族": "何以华夏：文物上的中华民族",
  "为什么是邓小平": "为什么是邓小平",
  "满世界寻找敦煌": "满世界寻找敦煌",
  "中亚往事": "中亚往事",
  "“中华优秀传统文化少儿绘本大系”": "中华优秀传统文化少儿绘本大系",
  "金色日出": "金色日出",
  "科学家给孩子的12封信：拥抱无人机时代 向星辰大海挺进": "科学家给孩子的12封信：拥抱无人机时代 向星辰大海挺进",
  "生活中的情绪心理学：来自内心深处的福流": "生活中的情绪心理学：来自内心深处的福流",
  "伟大的中国大运河": "伟大的中国大运河",
  "空城纪": "空城纪",
  "听漏": "听漏",
  "中国经济的未来可能性": "中国经济的未来可能性",
  "中国骄傲": "中国骄傲",
  "国之重器：如何突破关键技术": "国之重器：如何突破关键技术",
  "这里是中国3：华夏文明史诗": "这里是中国3：华夏文明史诗",
  "新质生产力赋能中国式现代化": "新质生产力赋能中国式现代化",
  "我在春秋遇见的人和神": "我在春秋遇见的人和神",
  "海上丝绸之路：从青岛到红海": "海上丝绸之路：从青岛到红海",
  "“相约健康百科”丛书": "“相约健康百科”丛书",
  "科学与文化：院士谈创新源头": "科学与文化：院士谈创新源头",
  "世界棉花看新疆——新疆棉花是如何生产的？": "世界棉花看新疆——\n新疆棉花是如何生产的？",
  "北京城的脊梁：中轴线的故事": "北京城的脊梁：中轴线的故事",
  "新中国经济简史（1949—2024）": "新中国经济简史 （1949-2024）",
  "同怀：鲁迅与中国共产党人": "同怀：鲁迅与中国共产党人",
  "在伊犁": "在伊犁",
  "诗词大先生：叶嘉莹的诗教人生": "诗词大先生：叶嘉莹的诗教人生",
  "未来科技大爆炸": "未来科技大爆炸",
  "考古学家带你看中国": "考古学家带你看中国",
  "山月当归": "山月当归"
}
```
2026-08-07 15:45:57.787 | INFO     | eval.evaluation.evaluation:evaluate_single_query:223 - col: 书名, primary_key_map {'（新编）中国通史纲要': '（新编）中国通史纲要', '溯源中华文明': '溯源中华文明', '大辽河': '大辽河', '爹': '爹', '大鸟': '大鸟', '月亮的人文史：近代中国的月亮认知、书写和话语': '月亮的人文史：近代中国的月亮认知、书写和话语', '超越百岁：长寿的科学与艺术': '超越百岁：长寿的科学与艺术', '中华文明史简明读本': '中华文明史简明读本', '新质生产力：中国经济未来增长极': '新质生产力:中国经济未来增长极', '草木志': '草木志', '登春台': '登春台', '珊瑚在歌唱': '珊瑚在歌唱', '风啊吹向我们': '风啊吹向我们', '在旷野里': '在旷野里', '去老万玉家': '去老万玉家', '新质生产力：发展新动能': '新质生产力：发展新动能', '发展与超越：中国式现代化的核心问题与战略路径': '发展与超越：中国式现代化的核心问题与战略路径', '“中华先锋人物故事汇”（第五辑）': '“中华先锋人物故事汇”（第五辑）', '老街书楼': '老街书楼', '文明的积淀：中国古代科技': '文明的积淀：中国古代科技', '中华文化公开课': '中华文化公开课', '何以华夏：文物上的中华民族': '何以华夏：文物上的中华民族', '为什么是邓小平': '为什么是邓小平', '满世界寻找敦煌': '满世界寻找敦煌', '中亚往事': '中亚往事', '“中华优秀传统文化少儿绘本大系”': '中华优秀传统文化少儿绘本大系', '金色日出': '金色日出', '科学家给孩子的12封信：拥抱无人机时代 向星辰大海挺进': '科学家给孩子的12封信：拥抱无人机时代 向星辰大海挺进', '生活中的情绪心理学：来自内心深处的福流': '生活中的情绪心理学：来自内心深处的福流', '伟大的中国大运河': '伟大的中国大运河', '空城纪': '空城纪', '听漏': '听漏', '中国经济的未来可能性': '中国经济的未来可能性', '中国骄傲': '中国骄傲', '国之重器：如何突破关键技术': '国之重器：如何突破关键技术', '这里是中国3：华夏文明史诗': '这里是中国3：华夏文明史诗', '新质生产力赋能中国式现代化': '新质生产力赋能中国式现代化', '我在春秋遇见的人和神': '我在春秋遇见的人和神', '海上丝绸之路：从青岛到红海': '海上丝绸之路：从青岛到红海', '“相约健康百科”丛书': '“相约健康百科”丛书', '科学与文化：院士谈创新源头': '科学与文化：院士谈创新源头', '世界棉花看新疆——新疆棉花是如何生产的？': '世界棉花看新疆——\n新疆棉花是如何生产的？', '北京城的脊梁：中轴线的故事': '北京城的脊梁：中轴线的故事', '新中国经济简史（1949—2024）': '新中国经济简史 （1949-2024）', '同怀：鲁迅与中国共产党人': '同怀：鲁迅与中国共产党人', '在伊犁': '在伊犁', '诗词大先生：叶嘉莹的诗教人生': '诗词大先生：叶嘉莹的诗教人生', '未来科技大爆炸': '未来科技大爆炸', '考古学家带你看中国': '考古学家带你看中国', '山月当归': '山月当归'}
2026-08-07 15:45:59.370 | INFO     | eval.evaluation.evaluation:evaluate_single_query:275 - wide2deep_ws_zh_029, df_inner shape: (50, 6), answer_df shape: (50, 3), response_df shape: (50, 4)
2026-08-07 15:46:06.627 | DEBUG    | eval.evaluation.evaluation:evaluate_single_query:321 - wide2deep_ws_zh_029, col 作者, metric_func_name llm_judge, score [1, 0, 1, 1, 1, 0, 1, 1, 0, 1, 1, 1, 1, 1, 1, 0, 1, 0, 1, 1, 1, 1, 1, 1, 1, 1, 1, 1, 1, 1, 1, 1, 1, 1, 1, 1, 1, 1, 1, 0, 1, 1, 0, 1, 1, 1, 1, 1, 0, 1]
2026-08-07 15:46:06.637 | DEBUG    | eval.evaluation.evaluation:metric_call:77 - metric_func_name date_near score 0.0 msg date not convertable, response: 未知, target: 2024-01-01
2026-08-07 15:46:06.644 | DEBUG    | eval.evaluation.evaluation:metric_call:77 - metric_func_name date_near score 0.0 msg date not convertable, response: 未知, target: 2023-11-01
2026-08-07 15:46:06.650 | DEBUG    | eval.evaluation.evaluation:metric_call:77 - metric_func_name date_near score 0.0 msg date not convertable, response: 未知, target: 2023-12-01
2026-08-07 15:46:06.656 | DEBUG    | eval.evaluation.evaluation:metric_call:77 - metric_func_name date_near score 0.0 msg date not convertable, response: 未知, target: 2023-12-01
2026-08-07 15:46:06.661 | DEBUG    | eval.evaluation.evaluation:metric_call:77 - metric_func_name date_near score 0.0 msg date not convertable, response: 未知, target: 2023-11-01
2026-08-07 15:46:06.667 | DEBUG    | eval.evaluation.evaluation:metric_call:77 - metric_func_name date_near score 0.0 msg date not convertable, response: 未知, target: 2023-11-01
2026-08-07 15:46:06.673 | DEBUG    | eval.evaluation.evaluation:metric_call:77 - metric_func_name date_near score 0.0 msg date not convertable, response: 未知, target: 2024-01-01
2026-08-07 15:46:06.679 | DEBUG    | eval.evaluation.evaluation:metric_call:77 - metric_func_name date_near score 0.0 msg date not convertable, response: 未知, target: 2024-01-01
2026-08-07 15:46:06.684 | DEBUG    | eval.evaluation.evaluation:metric_call:77 - metric_func_name date_near score 0.0 msg date not convertable, response: 未知, target: 2024-02-01
2026-08-07 15:46:06.689 | DEBUG    | eval.evaluation.evaluation:metric_call:77 - metric_func_name date_near score 0.0 msg date not convertable, response: 未知, target: 2023-11-01
2026-08-07 15:46:06.695 | DEBUG    | eval.evaluation.evaluation:metric_call:77 - metric_func_name date_near score 0.0 msg date not convertable, response: 未知, target: 2024-03-01
2026-08-07 15:46:06.700 | DEBUG    | eval.evaluation.evaluation:metric_call:77 - metric_func_name date_near score 0.0 msg date not convertable, response: 未知, target: 2024-02-01
2026-08-07 15:46:06.706 | DEBUG    | eval.evaluation.evaluation:metric_call:77 - metric_func_name date_near score 0.0 msg date not convertable, response: 未知, target: 2024-01-01
2026-08-07 15:46:06.711 | DEBUG    | eval.evaluation.evaluation:metric_call:77 - metric_func_name date_near score 0.0 msg date not convertable, response: 未知, target: 2024-01-01
2026-08-07 15:46:06.717 | DEBUG    | eval.evaluation.evaluation:metric_call:77 - metric_func_name date_near score 0.0 msg date not convertable, response: 未知, target: 2024-03-01
2026-08-07 15:46:06.723 | DEBUG    | eval.evaluation.evaluation:metric_call:77 - metric_func_name date_near score 0.0 msg date not convertable, response: 未知, target: 2024-02-01
2026-08-07 15:46:06.728 | DEBUG    | eval.evaluation.evaluation:metric_call:77 - metric_func_name date_near score 0.0 msg date not convertable, response: 未知, target: 2024-04-01
2026-08-07 15:46:06.734 | DEBUG    | eval.evaluation.evaluation:metric_call:77 - metric_func_name date_near score 0.0 msg date not convertable, response: 未知, target: 2024-06-01
2026-08-07 15:46:06.740 | DEBUG    | eval.evaluation.evaluation:metric_call:77 - metric_func_name date_near score 0.0 msg date not convertable, response: 未知, target: 2024-01-01
2026-08-07 15:46:06.746 | DEBUG    | eval.evaluation.evaluation:metric_call:77 - metric_func_name date_near score 0.0 msg date not convertable, response: 未知, target: 2024-04-01
2026-08-07 15:46:06.751 | DEBUG    | eval.evaluation.evaluation:metric_call:77 - metric_func_name date_near score 0.0 msg date not convertable, response: 未知, target: 2024-05-01
2026-08-07 15:46:06.757 | DEBUG    | eval.evaluation.evaluation:metric_call:77 - metric_func_name date_near score 0.0 msg date not convertable, response: 未知, target: 2024-04-01
2026-08-07 15:46:06.763 | DEBUG    | eval.evaluation.evaluation:metric_call:77 - metric_func_name date_near score 0.0 msg date not convertable, response: 未知, target: 2024-06-01
2026-08-07 15:46:06.769 | DEBUG    | eval.evaluation.evaluation:metric_call:77 - metric_func_name date_near score 0.0 msg date not convertable, response: 未知, target: 2024-05-01
2026-08-07 15:46:06.774 | DEBUG    | eval.evaluation.evaluation:metric_call:77 - metric_func_name date_near score 0.0 msg date not convertable, response: 未知, target: 2024-05-01
2026-08-07 15:46:06.780 | DEBUG    | eval.evaluation.evaluation:metric_call:77 - metric_func_name date_near score 0.0 msg date not convertable, response: 未知, target: 2024-05-01
2026-08-07 15:46:06.786 | DEBUG    | eval.evaluation.evaluation:metric_call:77 - metric_func_name date_near score 0.0 msg date not convertable, response: 未知, target: 2024-05-01
2026-08-07 15:46:06.791 | DEBUG    | eval.evaluation.evaluation:metric_call:77 - metric_func_name date_near score 0.0 msg date not convertable, response: 未知, target: 2024-05-01
2026-08-07 15:46:06.796 | DEBUG    | eval.evaluation.evaluation:metric_call:77 - metric_func_name date_near score 0.0 msg date not convertable, response: 未知, target: 2024-05-01
2026-08-07 15:46:06.801 | DEBUG    | eval.evaluation.evaluation:metric_call:77 - metric_func_name date_near score 0.0 msg date not convertable, response: 未知, target: 2024-06-01
2026-08-07 15:46:06.807 | DEBUG    | eval.evaluation.evaluation:metric_call:77 - metric_func_name date_near score 0.0 msg date not convertable, response: 未知, target: 2024-07-01
2026-08-07 15:46:06.816 | DEBUG    | eval.evaluation.evaluation:metric_call:77 - metric_func_name date_near score 0.0 msg date not convertable, response: 未知, target: 2024-07-01
2026-08-07 15:46:06.825 | DEBUG    | eval.evaluation.evaluation:metric_call:77 - metric_func_name date_near score 0.0 msg date not convertable, response: 未知, target: 2024-07-01
2026-08-07 15:46:06.833 | DEBUG    | eval.evaluation.evaluation:metric_call:77 - metric_func_name date_near score 0.0 msg date not convertable, response: 未知, target: 2024-06-01
2026-08-07 15:46:06.840 | DEBUG    | eval.evaluation.evaluation:metric_call:77 - metric_func_name date_near score 0.0 msg date not convertable, response: 未知, target: 2024-07-01
2026-08-07 15:46:06.847 | DEBUG    | eval.evaluation.evaluation:metric_call:77 - metric_func_name date_near score 0.0 msg date not convertable, response: 未知, target: 2024-09-01
2026-08-07 15:46:06.853 | DEBUG    | eval.evaluation.evaluation:metric_call:77 - metric_func_name date_near score 0.0 msg date not convertable, response: 未知, target: 2024-07-01
2026-08-07 15:46:06.859 | DEBUG    | eval.evaluation.evaluation:metric_call:77 - metric_func_name date_near score 0.0 msg date not convertable, response: 未知, target: 2024-08-01
2026-08-07 15:46:06.864 | DEBUG    | eval.evaluation.evaluation:metric_call:77 - metric_func_name date_near score 0.0 msg date not convertable, response: 未知, target: 2024-08-01
2026-08-07 15:46:06.870 | DEBUG    | eval.evaluation.evaluation:metric_call:77 - metric_func_name date_near score 0.0 msg date not convertable, response: 未知, target: 2024-08-01
2026-08-07 15:46:06.875 | DEBUG    | eval.evaluation.evaluation:metric_call:77 - metric_func_name date_near score 0.0 msg date not convertable, response: 未知, target: 2024-08-01
2026-08-07 15:46:06.881 | DEBUG    | eval.evaluation.evaluation:metric_call:77 - metric_func_name date_near score 0.0 msg date not convertable, response: 未知, target: 2024-10-01
2026-08-07 15:46:06.886 | DEBUG    | eval.evaluation.evaluation:metric_call:77 - metric_func_name date_near score 0.0 msg date not convertable, response: 未知, target: 2024-07-01
2026-08-07 15:46:06.892 | DEBUG    | eval.evaluation.evaluation:metric_call:77 - metric_func_name date_near score 0.0 msg date not convertable, response: 未知, target: 2024-10-01
2026-08-07 15:46:06.898 | DEBUG    | eval.evaluation.evaluation:metric_call:77 - metric_func_name date_near score 0.0 msg date not convertable, response: 未知, target: 2024-07-01
2026-08-07 15:46:06.903 | DEBUG    | eval.evaluation.evaluation:metric_call:77 - metric_func_name date_near score 0.0 msg date not convertable, response: 未知, target: 2024-07-01
2026-08-07 15:46:06.909 | DEBUG    | eval.evaluation.evaluation:metric_call:77 - metric_func_name date_near score 0.0 msg date not convertable, response: 未知, target: 2024-11-01
2026-08-07 15:46:06.914 | DEBUG    | eval.evaluation.evaluation:metric_call:77 - metric_func_name date_near score 0.0 msg date not convertable, response: 未知, target: 2024-08-01
2026-08-07 15:46:06.920 | DEBUG    | eval.evaluation.evaluation:metric_call:77 - metric_func_name date_near score 0.0 msg date not convertable, response: 未知, target: 2024-10-01
2026-08-07 15:46:06.925 | DEBUG    | eval.evaluation.evaluation:metric_call:77 - metric_func_name date_near score 0.0 msg date not convertable, response: 未知, target: 2024-09-01
2026-08-07 15:46:06.927 | DEBUG    | eval.evaluation.evaluation:evaluate_single_query:321 - wide2deep_ws_zh_029, col 出版时间, metric_func_name date_near, score [0.0, 0.0, 0.0, 0.0, 0.0, 0.0, 0.0, 0.0, 0.0, 0.0, 0.0, 0.0, 0.0, 0.0, 0.0, 0.0, 0.0, 0.0, 0.0, 0.0, 0.0, 0.0, 0.0, 0.0, 0.0, 0.0, 0.0, 0.0, 0.0, 0.0, 0.0, 0.0, 0.0, 0.0, 0.0, 0.0, 0.0, 0.0, 0.0, 0.0, 0.0, 0.0, 0.0, 0.0, 0.0, 0.0, 0.0, 0.0, 0.0, 0.0]
2026-08-07 15:46:06.934 | INFO     | eval.evaluation.evaluation:evaluate_single_query:380 - wide2deep_ws_zh_029, P/R/F1 by unique_columns: 1.0000/1.0000/1.0000
2026-08-07 15:46:06.934 | INFO     | eval.evaluation.evaluation:evaluate_single_query:383 - wide2deep_ws_zh_029, P/R/F1 by row: 0.0000/0.0000/0.0000
2026-08-07 15:46:06.934 | INFO     | eval.evaluation.evaluation:evaluate_single_query:386 - wide2deep_ws_zh_029, P/R/F1 by item: 0.6133/0.6133/0.6133
2026-08-07 15:46:06.937 | INFO     | eval.evaluation.evaluation:evaluate_single_query:398 - wide2deep_ws_zh_029, final table score: 0.0
{"event": "eval_done", "idx": 2, "instance_id": "wide2deep_ws_zh_029", "score": 0.0, "entity_acc": 1.0, "f1_by_row": 0.0, "f1_by_item": 0.6133333333333333, "column_f1": 1.0, "error": null, "elapsed_seconds": 17.996, "running_n": 2}
2026-08-07 15:46:08.304 | DEBUG    | eval.evaluation.data_loader:extract_dataframe:167 - find markdown_str 
| 上映年份 | 电影名 | 题材 | 导演 | 领衔主演 | 累积票房 | 累积观影人次 |
| --- | --- | - ...
2026-08-07 15:46:11.413 | INFO     | eval.evaluation.metric_utils:primary_key_preprocess:246 - primary_key_preprocess result: ```json
{
  "上映年份": "上映年份",
  "电影名": "电影名",
  "题材": "题材",
  "导演": "导演",
  "领衔主演": "领衔主演",
  "累积票房": "累积票房（十亿韩元）",
  "累积观影人次": "累积观影人次"
}
```
2026-08-07 15:46:11.414 | INFO     | eval.evaluation.evaluation:evaluate_single_query:172 - column map: {'上映年份': '上映年份', '电影名': '电影名', '题材': '题材', '导演': '导演', '领衔主演': '领衔主演', '累积票房': '累积票房（十亿韩元）', '累积观影人次': '累积观影人次'}
2026-08-07 15:46:11.414 | INFO     | eval.evaluation.evaluation:evaluate_single_query:173 - befor mapping: Index(['上映年份', '电影名', '题材', '导演', '领衔主演', '累积票房', '累积观影人次'], dtype='object')
2026-08-07 15:46:11.415 | INFO     | eval.evaluation.evaluation:evaluate_single_query:175 - after mapping: Index(['上映年份', '电影名', '题材', '导演', '领衔主演', '累积票房（十亿韩元）', '累积观影人次'], dtype='object')
2026-08-07 15:46:19.069 | INFO     | eval.evaluation.metric_utils:primary_key_preprocess:246 - primary_key_preprocess result: ```json
{
  "大叔": "孤胆特工（又译大叔）",
  "盗梦空间": "盗梦空间",
  "义兄弟": "义兄弟",
  "变形金刚3": "变形金刚3",
  "最终兵器：弓": "最终兵器：弓",
  "阳光姐妹淘": "SUNNY（又译阳光姐妹淘）",
  "夺宝联盟": "盗贼同盟（又译夺宝联盟）",
  "光海，成为王的男人": "光海，成为王的男人（又译双面君王）",
  "复仇者联盟": "复仇者联盟",
  "7号房的礼物": "7号房的礼物",
  "雪国列车": "雪国列车",
  "观相": "观相",
  "鸣梁海战": "鸣梁海战",
  "星际穿越": "星际穿越",
  "老手": "老手（又译辣手警探）",
  "暗杀": "暗杀",
  "复仇者联盟2：奥创纪元": "复仇者联盟2",
  "釜山行": "釜山行（又译尸速列车）",
  "检察官外传": "检察官外传",
  "美国队长3：内战": "美国队长3",
  "与神同行：罪与罚": "与神同行：罪与罚（或者与神同行）",
  "出租车司机": "出租车司机",
  "共助": "共助",
  "与神同行2：因与缘": "与神同行2：因与缘",
  "复仇者联盟3：无限战争": "复仇者联盟3：无限战争(或者复仇者联盟3)",
  "波西米亚狂想曲": "波西米亚狂想曲",
  "极限职业": "极限职业",
  "复仇者联盟4：终局之战": "复仇者联盟4：终局之战",
  "冰雪奇缘2": "冰雪奇缘2",
  "南山的部长们": "南山的部长们",
  "从邪恶中拯救我": "从邪恶中拯救我",
  "釜山行2：半岛": "釜山行2：半岛",
  "蜘蛛侠：英雄无归": "蜘蛛侠：英雄无归",
  "摩加迪沙": "摩加迪沙",
  "永恒族": "永恒族",
  "犯罪都市2": "犯罪都市2",
  "阿凡达：水之道": "阿凡达：水之道",
  "壮志凌云2：独行侠": "壮志凌云2：独行侠（或者壮志凌云2）",
  "首尔之春": "首尔之春",
  "犯罪都市3": "犯罪都市3",
  "疯狂元素城": "疯狂元素城",
  "破墓": "破墓",
  "犯罪都市4": "犯罪都市4",
  "头脑特工队2": "头脑特工队2"
}
```
2026-08-07 15:46:19.069 | INFO     | eval.evaluation.evaluation:evaluate_single_query:223 - col: 电影名, primary_key_map {'大叔': '孤胆特工（又译大叔）', '盗梦空间': '盗梦空间', '义兄弟': '义兄弟', '变形金刚3': '变形金刚3', '最终兵器：弓': '最终兵器：弓', '阳光姐妹淘': 'SUNNY（又译阳光姐妹淘）', '夺宝联盟': '盗贼同盟（又译夺宝联盟）', '光海，成为王的男人': '光海，成为王的男人（又译双面君王）', '复仇者联盟': '复仇者联盟', '7号房的礼物': '7号房的礼物', '雪国列车': '雪国列车', '观相': '观相', '鸣梁海战': '鸣梁海战', '星际穿越': '星际穿越', '老手': '老手（又译辣手警探）', '暗杀': '暗杀', '复仇者联盟2：奥创纪元': '复仇者联盟2', '釜山行': '釜山行（又译尸速列车）', '检察官外传': '检察官外传', '美国队长3：内战': '美国队长3', '与神同行：罪与罚': '与神同行：罪与罚（或者与神同行）', '出租车司机': '出租车司机', '共助': '共助', '与神同行2：因与缘': '与神同行2：因与缘', '复仇者联盟3：无限战争': '复仇者联盟3：无限战争(或者复仇者联盟3)', '波西米亚狂想曲': '波西米亚狂想曲', '极限职业': '极限职业', '复仇者联盟4：终局之战': '复仇者联盟4：终局之战', '冰雪奇缘2': '冰雪奇缘2', '南山的部长们': '南山的部长们', '从邪恶中拯救我': '从邪恶中拯救我', '釜山行2：半岛': '釜山行2：半岛', '蜘蛛侠：英雄无归': '蜘蛛侠：英雄无归', '摩加迪沙': '摩加迪沙', '永恒族': '永恒族', '犯罪都市2': '犯罪都市2', '阿凡达：水之道': '阿凡达：水之道', '壮志凌云2：独行侠': '壮志凌云2：独行侠（或者壮志凌云2）', '首尔之春': '首尔之春', '犯罪都市3': '犯罪都市3', '疯狂元素城': '疯狂元素城', '破墓': '破墓', '犯罪都市4': '犯罪都市4', '头脑特工队2': '头脑特工队2'}
2026-08-07 15:46:19.078 | INFO     | eval.evaluation.evaluation:evaluate_single_query:275 - wide2deep_ws_zh_071, df_inner shape: (44, 14), answer_df shape: (45, 7), response_df shape: (45, 8)
2026-08-07 15:46:24.303 | DEBUG    | eval.evaluation.evaluation:evaluate_single_query:321 - wide2deep_ws_zh_071, col 上映年份, metric_func_name llm_judge, score [1, 1, 1, 1, 1, 1, 1, 1, 1, 1, 1, 1, 1, 1, 1, 1, 1, 1, 1, 1, 1, 1, 1, 1, 1, 1, 1, 1, 1, 1, 1, 1, 1, 1, 1, 1, 1, 1, 1, 1, 1, 1, 1, 1]
2026-08-07 15:46:35.723 | DEBUG    | eval.evaluation.evaluation:evaluate_single_query:321 - wide2deep_ws_zh_071, col 题材, metric_func_name llm_judge, score [1, 1, 1, 1, 1, 1, 1, 1, 1, 1, 1, 1, 1, 1, 1, 1, 1, 1, 1, 1, 1, 1, 1, 1, 1, 1, 1, 1, 1, 0, 1, 1, 1, 1, 1, 1, 1, 1, 1, 1, 1, 0, 1, 1]
2026-08-07 15:46:41.089 | DEBUG    | eval.evaluation.evaluation:evaluate_single_query:321 - wide2deep_ws_zh_071, col 导演, metric_func_name llm_judge, score [1, 1, 1, 1, 1, 1, 1, 1, 1, 1, 1, 1, 1, 1, 1, 1, 1, 1, 1, 1, 1, 1, 1, 1, 1, 1, 1, 1, 1, 1, 1, 1, 1, 1, 1, 1, 1, 1, 1, 1, 1, 1, 1, 1]
2026-08-07 15:46:48.866 | DEBUG    | eval.evaluation.evaluation:evaluate_single_query:321 - wide2deep_ws_zh_071, col 领衔主演, metric_func_name llm_judge, score [1, 1, 1, 1, 1, 0, 1, 1, 1, 1, 1, 0, 1, 1, 1, 1, 1, 1, 1, 1, 1, 1, 1, 1, 0, 1, 1, 1, 1, 1, 1, 0, 1, 0, 1, 0, 1, 1, 1, 1, 1, 1, 1, 0]
2026-08-07 15:46:48.867 | DEBUG    | eval.evaluation.evaluation:metric_call:77 - metric_func_name number_near score 1.0 msg number near in range 10.0%, response: 47.0, target: 48.0
2026-08-07 15:46:48.867 | DEBUG    | eval.evaluation.evaluation:metric_call:77 - metric_func_name number_near score 1.0 msg number near in range 10.0%, response: 43.0, target: 43.0
2026-08-07 15:46:48.867 | DEBUG    | eval.evaluation.evaluation:metric_call:77 - metric_func_name number_near score 1.0 msg number near in range 10.0%, response: 40.0, target: 40.0
2026-08-07 15:46:48.867 | DEBUG    | eval.evaluation.evaluation:metric_call:77 - metric_func_name number_near score 1.0 msg number near in range 10.0%, response: 75.0, target: 74.0
2026-08-07 15:46:48.867 | DEBUG    | eval.evaluation.evaluation:metric_call:77 - metric_func_name number_near score 1.0 msg number near in range 10.0%, response: 56.0, target: 56.0
2026-08-07 15:46:48.868 | DEBUG    | eval.evaluation.evaluation:metric_call:77 - metric_func_name number_near score 1.0 msg number near in range 10.0%, response: 54.0, target: 54.0
2026-08-07 15:46:48.868 | DEBUG    | eval.evaluation.evaluation:metric_call:77 - metric_func_name number_near score 1.0 msg number near in range 10.0%, response: 94.0, target: 93.0
2026-08-07 15:46:48.868 | DEBUG    | eval.evaluation.evaluation:metric_call:77 - metric_func_name number_near score 1.0 msg number near in range 10.0%, response: 89.0, target: 87.0
2026-08-07 15:46:48.868 | DEBUG    | eval.evaluation.evaluation:metric_call:77 - metric_func_name number_near score 1.0 msg number near in range 10.0%, response: 60.0, target: 59.0
2026-08-07 15:46:48.868 | DEBUG    | eval.evaluation.evaluation:metric_call:77 - metric_func_name number_near score 1.0 msg number near in range 10.0%, response: 91.0, target: 91.0
2026-08-07 15:46:48.868 | DEBUG    | eval.evaluation.evaluation:metric_call:77 - metric_func_name number_near score 1.0 msg number near in range 10.0%, response: 67.0, target: 67.0
2026-08-07 15:46:48.868 | DEBUG    | eval.evaluation.evaluation:metric_call:77 - metric_func_name number_near score 1.0 msg number near in range 10.0%, response: 66.0, target: 66.0
2026-08-07 15:46:48.868 | DEBUG    | eval.evaluation.evaluation:metric_call:77 - metric_func_name number_near score 1.0 msg number near in range 10.0%, response: 136.0, target: 135.0
2026-08-07 15:46:48.868 | DEBUG    | eval.evaluation.evaluation:metric_call:77 - metric_func_name number_near score 1.0 msg number near in range 10.0%, response: 83.0, target: 80.0
2026-08-07 15:46:48.868 | DEBUG    | eval.evaluation.evaluation:metric_call:77 - metric_func_name number_near score 1.0 msg number near in range 10.0%, response: 105.0, target: 105.0
2026-08-07 15:46:48.868 | DEBUG    | eval.evaluation.evaluation:metric_call:77 - metric_func_name number_near score 1.0 msg number near in range 10.0%, response: 98.0, target: 98.0
2026-08-07 15:46:48.868 | DEBUG    | eval.evaluation.evaluation:metric_call:77 - metric_func_name number_near score 1.0 msg number near in range 10.0%, response: 89.0, target: 88.0
2026-08-07 15:46:48.868 | DEBUG    | eval.evaluation.evaluation:metric_call:77 - metric_func_name number_near score 1.0 msg number near in range 10.0%, response: 93.0, target: 93.0
2026-08-07 15:46:48.868 | DEBUG    | eval.evaluation.evaluation:metric_call:77 - metric_func_name number_near score 1.0 msg number near in range 10.0%, response: 77.0, target: 77.0
2026-08-07 15:46:48.868 | DEBUG    | eval.evaluation.evaluation:metric_call:77 - metric_func_name number_near score 1.0 msg number near in range 10.0%, response: 73.0, target: 72.0
2026-08-07 15:46:48.868 | DEBUG    | eval.evaluation.evaluation:metric_call:77 - metric_func_name number_near score 1.0 msg number near in range 10.0%, response: 96.0, target: 95.0
2026-08-07 15:46:48.868 | DEBUG    | eval.evaluation.evaluation:metric_call:77 - metric_func_name number_near score 0.0 msg number not near, response: 116.0, target: 68.0
2026-08-07 15:46:48.868 | DEBUG    | eval.evaluation.evaluation:metric_call:77 - metric_func_name number_near score 1.0 msg number near in range 10.0%, response: 64.0, target: 64.0
2026-08-07 15:46:48.868 | DEBUG    | eval.evaluation.evaluation:metric_call:77 - metric_func_name number_near score 1.0 msg number near in range 10.0%, response: 103.0, target: 103.0
2026-08-07 15:46:48.868 | DEBUG    | eval.evaluation.evaluation:metric_call:77 - metric_func_name number_near score 1.0 msg number near in range 10.0%, response: 100.0, target: 99.0
2026-08-07 15:46:48.868 | DEBUG    | eval.evaluation.evaluation:metric_call:77 - metric_func_name number_near score 1.0 msg number near in range 10.0%, response: 86.0, target: 80.0
2026-08-07 15:46:48.868 | DEBUG    | eval.evaluation.evaluation:metric_call:77 - metric_func_name number_near score 1.0 msg number near in range 10.0%, response: 140.0, target: 139.0
2026-08-07 15:46:48.868 | DEBUG    | eval.evaluation.evaluation:metric_call:77 - metric_func_name number_near score 1.0 msg number near in range 10.0%, response: 123.0, target: 122.0
2026-08-07 15:46:48.868 | DEBUG    | eval.evaluation.evaluation:metric_call:77 - metric_func_name number_near score 1.0 msg number near in range 10.0%, response: 115.0, target: 112.0
2026-08-07 15:46:48.868 | DEBUG    | eval.evaluation.evaluation:metric_call:77 - metric_func_name number_near score 1.0 msg number near in range 10.0%, response: 41.0, target: 41.0
2026-08-07 15:46:48.869 | DEBUG    | eval.evaluation.evaluation:metric_call:77 - metric_func_name number_near score 1.0 msg number near in range 10.0%, response: 39.0, target: 39.0
2026-08-07 15:46:48.869 | DEBUG    | eval.evaluation.evaluation:metric_call:77 - metric_func_name number_near score 1.0 msg number near in range 10.0%, response: 33.0, target: 33.0
2026-08-07 15:46:48.869 | DEBUG    | eval.evaluation.evaluation:metric_call:77 - metric_func_name number_near score 0.0 msg number not near, response: 75.0, target: 56.0
2026-08-07 15:46:48.869 | DEBUG    | eval.evaluation.evaluation:metric_call:77 - metric_func_name number_near score 1.0 msg number near in range 10.0%, response: 35.0, target: 34.0
2026-08-07 15:46:48.869 | DEBUG    | eval.evaluation.evaluation:metric_call:77 - metric_func_name number_near score 1.0 msg number near in range 10.0%, response: 32.0, target: 32.0
2026-08-07 15:46:48.869 | DEBUG    | eval.evaluation.evaluation:metric_call:77 - metric_func_name number_near score 1.0 msg number near in range 10.0%, response: 132.0, target: 131.0
2026-08-07 15:46:48.869 | DEBUG    | eval.evaluation.evaluation:metric_call:77 - metric_func_name number_near score 0.0 msg number not near, response: 138.0, target: 90.0
2026-08-07 15:46:48.869 | DEBUG    | eval.evaluation.evaluation:metric_call:77 - metric_func_name number_near score 1.0 msg number near in range 10.0%, response: 88.0, target: 87.0
2026-08-07 15:46:48.869 | DEBUG    | eval.evaluation.evaluation:metric_call:77 - metric_func_name number_near score 0.0 msg number not near, response: 128.0, target: 115.0
2026-08-07 15:46:48.869 | DEBUG    | eval.evaluation.evaluation:metric_call:77 - metric_func_name number_near score 1.0 msg number near in range 10.0%, response: 105.0, target: 106.0
2026-08-07 15:46:48.869 | DEBUG    | eval.evaluation.evaluation:metric_call:77 - metric_func_name number_near score 1.0 msg number near in range 10.0%, response: 72.0, target: 69.0
2026-08-07 15:46:48.869 | DEBUG    | eval.evaluation.evaluation:metric_call:77 - metric_func_name number_near score 1.0 msg number near in range 10.0%, response: 115.0, target: 119.0
2026-08-07 15:46:48.869 | DEBUG    | eval.evaluation.evaluation:metric_call:77 - metric_func_name number_near score 1.0 msg number near in range 10.0%, response: 110.0, target: 115.0
2026-08-07 15:46:48.869 | DEBUG    | eval.evaluation.evaluation:metric_call:77 - metric_func_name number_near score 0.0 msg number not near, response: 85.0, target: 77.0
2026-08-07 15:46:48.870 | DEBUG    | eval.evaluation.evaluation:evaluate_single_query:321 - wide2deep_ws_zh_071, col 累积票房（十亿韩元）, metric_func_name number_near, score [1.0, 1.0, 1.0, 1.0, 1.0, 1.0, 1.0, 1.0, 1.0, 1.0, 1.0, 1.0, 1.0, 1.0, 1.0, 1.0, 1.0, 1.0, 1.0, 1.0, 1.0, 0.0, 1.0, 1.0, 1.0, 1.0, 1.0, 1.0, 1.0, 1.0, 1.0, 1.0, 0.0, 1.0, 1.0, 1.0, 0.0, 1.0, 0.0, 1.0, 1.0, 1.0, 1.0, 0.0]
2026-08-07 15:46:48.870 | DEBUG    | eval.evaluation.evaluation:metric_call:77 - metric_func_name number_near score 1.0 msg number near in range 10.0%, response: 6178665.0, target: 6282774.0
2026-08-07 15:46:48.870 | DEBUG    | eval.evaluation.evaluation:metric_call:77 - metric_func_name number_near score 1.0 msg number near in range 10.0%, response: 5835017.0, target: 5872548.0
2026-08-07 15:46:48.870 | DEBUG    | eval.evaluation.evaluation:metric_call:77 - metric_func_name number_near score 1.0 msg number near in range 10.0%, response: 5416829.0, target: 5507106.0
2026-08-07 15:46:48.870 | DEBUG    | eval.evaluation.evaluation:metric_call:77 - metric_func_name number_near score 1.0 msg number near in range 10.0%, response: 7785189.0, target: 7790434.0
2026-08-07 15:46:48.870 | DEBUG    | eval.evaluation.evaluation:metric_call:77 - metric_func_name number_near score 1.0 msg number near in range 10.0%, response: 7470633.0, target: 7459974.0
2026-08-07 15:46:48.871 | DEBUG    | eval.evaluation.evaluation:metric_call:77 - metric_func_name number_near score 1.0 msg number near in range 10.0%, response: 7453715.0, target: 7375110.0
2026-08-07 15:46:48.871 | DEBUG    | eval.evaluation.evaluation:metric_call:77 - metric_func_name number_near score 1.0 msg number near in range 10.0%, response: 12983330.0, target: 12984701.0
2026-08-07 15:46:48.871 | DEBUG    | eval.evaluation.evaluation:metric_call:77 - metric_func_name number_near score 1.0 msg number near in range 10.0%, response: 12319542.0, target: 12319390.0
2026-08-07 15:46:48.871 | DEBUG    | eval.evaluation.evaluation:metric_call:77 - metric_func_name number_near score 1.0 msg number near in range 10.0%, response: 7087971.0, target: 7087184.0
2026-08-07 15:46:48.871 | DEBUG    | eval.evaluation.evaluation:metric_call:77 - metric_func_name number_near score 1.0 msg number near in range 10.0%, response: 12811435.0, target: 12812186.0
2026-08-07 15:46:48.871 | DEBUG    | eval.evaluation.evaluation:metric_call:77 - metric_func_name number_near score 1.0 msg number near in range 10.0%, response: 9349991.0, target: 9341572.0
2026-08-07 15:46:48.871 | DEBUG    | eval.evaluation.evaluation:metric_call:77 - metric_func_name number_near score 1.0 msg number near in range 10.0%, response: 9135806.0, target: 9134586.0
2026-08-07 15:46:48.871 | DEBUG    | eval.evaluation.evaluation:metric_call:77 - metric_func_name number_near score 1.0 msg number near in range 10.0%, response: 17616299.0, target: 17616461.0
2026-08-07 15:46:48.871 | DEBUG    | eval.evaluation.evaluation:metric_call:77 - metric_func_name number_near score 1.0 msg number near in range 10.0%, response: 10342523.0, target: 10105249.0
2026-08-07 15:46:48.871 | DEBUG    | eval.evaluation.evaluation:metric_call:77 - metric_func_name number_near score 1.0 msg number near in range 10.0%, response: 13414484.0, target: 13414009.0
2026-08-07 15:46:48.871 | DEBUG    | eval.evaluation.evaluation:metric_call:77 - metric_func_name number_near score 1.0 msg number near in range 10.0%, response: 12706947.0, target: 12705700.0
2026-08-07 15:46:48.871 | DEBUG    | eval.evaluation.evaluation:metric_call:77 - metric_func_name number_near score 1.0 msg number near in range 10.0%, response: 10504487.0, target: 10494499.0
2026-08-07 15:46:48.871 | DEBUG    | eval.evaluation.evaluation:metric_call:77 - metric_func_name number_near score 1.0 msg number near in range 10.0%, response: 11567816.0, target: 11565479.0
2026-08-07 15:46:48.871 | DEBUG    | eval.evaluation.evaluation:metric_call:77 - metric_func_name number_near score 1.0 msg number near in range 10.0%, response: 9707581.0, target: 9707158.0
2026-08-07 15:46:48.871 | DEBUG    | eval.evaluation.evaluation:metric_call:77 - metric_func_name number_near score 1.0 msg number near in range 10.0%, response: 8678117.0, target: 8677249.0
2026-08-07 15:46:48.871 | DEBUG    | eval.evaluation.evaluation:metric_call:77 - metric_func_name number_near score 1.0 msg number near in range 10.0%, response: 12189706.0, target: 12186327.0
2026-08-07 15:46:48.871 | DEBUG    | eval.evaluation.evaluation:metric_call:77 - metric_func_name number_near score 0.0 msg number not near, response: 14410754.0, target: 8539495.0
2026-08-07 15:46:48.871 | DEBUG    | eval.evaluation.evaluation:metric_call:77 - metric_func_name number_near score 1.0 msg number near in range 10.0%, response: 7817686.0, target: 7817446.0
2026-08-07 15:46:48.871 | DEBUG    | eval.evaluation.evaluation:metric_call:77 - metric_func_name number_near score 1.0 msg number near in range 10.0%, response: 12278010.0, target: 12274996.0
2026-08-07 15:46:48.871 | DEBUG    | eval.evaluation.evaluation:metric_call:77 - metric_func_name number_near score 1.0 msg number near in range 10.0%, response: 11233176.0, target: 11211880.0
2026-08-07 15:46:48.871 | DEBUG    | eval.evaluation.evaluation:metric_call:77 - metric_func_name number_near score 1.0 msg number near in range 10.0%, response: 9948386.0, target: 9224582.0
2026-08-07 15:46:48.871 | DEBUG    | eval.evaluation.evaluation:metric_call:77 - metric_func_name number_near score 1.0 msg number near in range 10.0%, response: 16266338.0, target: 16265618.0
2026-08-07 15:46:48.871 | DEBUG    | eval.evaluation.evaluation:metric_call:77 - metric_func_name number_near score 1.0 msg number near in range 10.0%, response: 13977602.0, target: 13934592.0
2026-08-07 15:46:48.871 | DEBUG    | eval.evaluation.evaluation:metric_call:77 - metric_func_name number_near score 1.0 msg number near in range 10.0%, response: 13768797.0, target: 13369064.0
2026-08-07 15:46:48.871 | DEBUG    | eval.evaluation.evaluation:metric_call:77 - metric_func_name number_near score 1.0 msg number near in range 10.0%, response: 4750345.0, target: 4750917.0
2026-08-07 15:46:48.871 | DEBUG    | eval.evaluation.evaluation:metric_call:77 - metric_func_name number_near score 1.0 msg number near in range 10.0%, response: 4357873.0, target: 4357873.0
2026-08-07 15:46:48.871 | DEBUG    | eval.evaluation.evaluation:metric_call:77 - metric_func_name number_near score 1.0 msg number near in range 10.0%, response: 3812455.0, target: 3812954.0
2026-08-07 15:46:48.871 | DEBUG    | eval.evaluation.evaluation:metric_call:77 - metric_func_name number_near score 0.0 msg number not near, response: 7551990.0, target: 5560940.0
2026-08-07 15:46:48.872 | DEBUG    | eval.evaluation.evaluation:metric_call:77 - metric_func_name number_near score 1.0 msg number near in range 10.0%, response: 3619202.0, target: 3613984.0
2026-08-07 15:46:48.872 | DEBUG    | eval.evaluation.evaluation:metric_call:77 - metric_func_name number_near score 1.0 msg number near in range 10.0%, response: 3050491.0, target: 3050132.0
2026-08-07 15:46:48.872 | DEBUG    | eval.evaluation.evaluation:metric_call:77 - metric_func_name number_near score 1.0 msg number near in range 10.0%, response: 12693415.0, target: 12693415.0
2026-08-07 15:46:48.872 | DEBUG    | eval.evaluation.evaluation:metric_call:77 - metric_func_name number_near score 0.0 msg number not near, response: 10805065.0, target: 7313149.0
2026-08-07 15:46:48.872 | DEBUG    | eval.evaluation.evaluation:metric_call:77 - metric_func_name number_near score 1.0 msg number near in range 10.0%, response: 8223763.0, target: 8239497.0
2026-08-07 15:46:48.872 | DEBUG    | eval.evaluation.evaluation:metric_call:77 - metric_func_name number_near score 0.0 msg number not near, response: 13128080.0, target: 11854812.0
2026-08-07 15:46:48.872 | DEBUG    | eval.evaluation.evaluation:metric_call:77 - metric_func_name number_near score 1.0 msg number near in range 10.0%, response: 10682813.0, target: 10682813.0
2026-08-07 15:46:48.872 | DEBUG    | eval.evaluation.evaluation:metric_call:77 - metric_func_name number_near score 1.0 msg number near in range 10.0%, response: 7240510.0, target: 7241486.0
2026-08-07 15:46:48.872 | DEBUG    | eval.evaluation.evaluation:metric_call:77 - metric_func_name number_near score 1.0 msg number near in range 10.0%, response: 11914523.0, target: 11914784.0
2026-08-07 15:46:48.872 | DEBUG    | eval.evaluation.evaluation:metric_call:77 - metric_func_name number_near score 1.0 msg number near in range 10.0%, response: 11502779.0, target: 11502928.0
2026-08-07 15:46:48.872 | DEBUG    | eval.evaluation.evaluation:metric_call:77 - metric_func_name number_near score 1.0 msg number near in range 10.0%, response: 8797916.0, target: 8799611.0
2026-08-07 15:46:48.873 | DEBUG    | eval.evaluation.evaluation:evaluate_single_query:321 - wide2deep_ws_zh_071, col 累积观影人次, metric_func_name number_near, score [1.0, 1.0, 1.0, 1.0, 1.0, 1.0, 1.0, 1.0, 1.0, 1.0, 1.0, 1.0, 1.0, 1.0, 1.0, 1.0, 1.0, 1.0, 1.0, 1.0, 1.0, 0.0, 1.0, 1.0, 1.0, 1.0, 1.0, 1.0, 1.0, 1.0, 1.0, 1.0, 0.0, 1.0, 1.0, 1.0, 0.0, 1.0, 0.0, 1.0, 1.0, 1.0, 1.0, 1.0]
2026-08-07 15:46:48.880 | INFO     | eval.evaluation.evaluation:evaluate_single_query:380 - wide2deep_ws_zh_071, P/R/F1 by unique_columns: 0.9778/0.9778/0.9778
2026-08-07 15:46:48.880 | INFO     | eval.evaluation.evaluation:evaluate_single_query:383 - wide2deep_ws_zh_071, P/R/F1 by row: 0.6889/0.6889/0.6889
2026-08-07 15:46:48.880 | INFO     | eval.evaluation.evaluation:evaluate_single_query:386 - wide2deep_ws_zh_071, P/R/F1 by item: 0.9206/0.9206/0.9206
2026-08-07 15:46:48.883 | INFO     | eval.evaluation.evaluation:evaluate_single_query:398 - wide2deep_ws_zh_071, final table score: 0.0
{"event": "eval_done", "idx": 3, "instance_id": "wide2deep_ws_zh_071", "score": 0.0, "entity_acc": 1.0, "f1_by_row": 0.6888888888888889, "f1_by_item": 0.9206349206349206, "column_f1": 0.9777777777777777, "error": null, "elapsed_seconds": 41.93, "running_n": 3}
2026-08-07 15:46:50.550 | DEBUG    | eval.evaluation.data_loader:extract_dataframe:167 - find markdown_str 
| 节目名称 | 节目期数 | 歌手名字 | 演唱歌曲 |
| --- | --- | --- | --- |
| 《我是歌手 ...
2026-08-07 15:46:52.296 | INFO     | eval.evaluation.metric_utils:primary_key_preprocess:246 - primary_key_preprocess result: ```json
{}
```
2026-08-07 15:46:52.296 | INFO     | eval.evaluation.evaluation:evaluate_single_query:223 - col: 歌手名字, primary_key_map {}
2026-08-07 15:46:54.639 | INFO     | eval.evaluation.metric_utils:primary_key_preprocess:246 - primary_key_preprocess result: ```json
{
  "资料不足，无法逐首可靠确认": "资料不足，无法逐首可靠确认"
}
```
2026-08-07 15:46:54.639 | INFO     | eval.evaluation.evaluation:evaluate_single_query:223 - col: 演唱歌曲, primary_key_map {'资料不足，无法逐首可靠确认': '资料不足，无法逐首可靠确认'}
2026-08-07 15:46:54.651 | INFO     | eval.evaluation.evaluation:evaluate_single_query:275 - wide2deep_ws_zh_086, df_inner shape: (0, 8), answer_df shape: (1037, 4), response_df shape: (1, 6)
2026-08-07 15:46:54.655 | ERROR    | eval.evaluation.evaluation:evaluate_single_query:401 - evaluator error: 
Traceback (most recent call last):
  File "/home/azureuser/workspace-gzy/zyf/deep/external/Marco-Search-Agent/Marco-DeepResearch-Family/DeepWideSearch/eval/evaluation/evaluation.py", line 315, in evaluate_single_query
    df_inner_score[f"{col}_{metric_func_name}"] = (
    ~~~~~~~~~~~~~~^^^^^^^^^^^^^^^^^^^^^^^^^^^^^
  File "/home/azureuser/workspace-gzy/zyf/deep/.venv-eval/lib/python3.12/site-packages/pandas/core/frame.py", line 4312, in __setitem__
    self._set_item_frame_value(key, value)
  File "/home/azureuser/workspace-gzy/zyf/deep/.venv-eval/lib/python3.12/site-packages/pandas/core/frame.py", line 4470, in _set_item_frame_value
    raise ValueError(
ValueError: Cannot set a DataFrame with multiple columns to the single column 节目名称_exact_match

{"event": "eval_done", "idx": 4, "instance_id": "wide2deep_ws_zh_086", "score": null, "entity_acc": null, "f1_by_row": null, "f1_by_item": null, "column_f1": null, "error": "RuntimeError: official evaluator reported an internal error", "elapsed_seconds": 5.752, "running_n": 4}
2026-08-07 15:46:57.451 | DEBUG    | eval.evaluation.data_loader:extract_dataframe:167 - find markdown_str 
| Museum | Last Entry Time | Ticket Price (Pounds) | Address |
 ...
2026-08-07 15:47:02.017 | INFO     | eval.evaluation.metric_utils:primary_key_preprocess:246 - primary_key_preprocess result: ```json
{
  "Benjamin Franklin House": "Benjamin Franklin Museum",
  "Charles Dickens Museum": "Charles Dickens Museum",
  "Florence Nightingale Museum": "Florence Nightingale Museum",
  "Foundling Museum": "The Foundling Museum",
  "Garden Museum": "Garden Museum",
  "Household Cavalry Museum": "Household Cavalry Museum",
  "London Museum of Water & Steam": "London Museum of Water and Steam",
  "London Transport Museum": "London Transport Museum",
  "Museum of Brands": "Museum of Brands",
  "Old Operating Theatre Museum and Herb Garret": "Old Operating Theatre Museum",
  "The Cartoon Museum": "Cartoon Museum",
  "The Guards Museum": "The Guards Museum",
  "The Postal Museum": "Postal Museum"
}
```
2026-08-07 15:47:02.017 | INFO     | eval.evaluation.evaluation:evaluate_single_query:223 - col: museum, primary_key_map {'Benjamin Franklin House': 'Benjamin Franklin Museum', 'Charles Dickens Museum': 'Charles Dickens Museum', 'Florence Nightingale Museum': 'Florence Nightingale Museum', 'Foundling Museum': 'The Foundling Museum', 'Garden Museum': 'Garden Museum', 'Household Cavalry Museum': 'Household Cavalry Museum', 'London Museum of Water & Steam': 'London Museum of Water and Steam', 'London Transport Museum': 'London Transport Museum', 'Museum of Brands': 'Museum of Brands', 'Old Operating Theatre Museum and Herb Garret': 'Old Operating Theatre Museum', 'The Cartoon Museum': 'Cartoon Museum', 'The Guards Museum': 'The Guards Museum', 'The Postal Museum': 'Postal Museum'}
2026-08-07 15:47:02.024 | INFO     | eval.evaluation.evaluation:evaluate_single_query:275 - wide2deep_ws_en_027, df_inner shape: (13, 8), answer_df shape: (25, 4), response_df shape: (15, 5)
2026-08-07 15:47:05.138 | DEBUG    | eval.evaluation.evaluation:evaluate_single_query:321 - wide2deep_ws_en_027, col lastentrytime, metric_func_name llm_judge, score [1, 1, 0, 1, 1, 0, 1, 1, 0, 1, 0, 0, 0]
2026-08-07 15:47:05.138 | DEBUG    | eval.evaluation.evaluation:metric_call:77 - metric_func_name number_near score 1.0 msg number near in range 10.0%, response: 24.5, target: 25.0
2026-08-07 15:47:05.138 | DEBUG    | eval.evaluation.evaluation:metric_call:77 - metric_func_name number_near score 1.0 msg number near in range 10.0%, response: 12.0, target: 12.0
2026-08-07 15:47:05.138 | DEBUG    | eval.evaluation.evaluation:metric_call:77 - metric_func_name number_near score 1.0 msg number near in range 10.0%, response: 18.6, target: 18.6
2026-08-07 15:47:05.138 | DEBUG    | eval.evaluation.evaluation:metric_call:77 - metric_func_name number_near score 0.0 msg number not near, response: 10.0, target: 11.5
2026-08-07 15:47:05.138 | DEBUG    | eval.evaluation.evaluation:metric_call:77 - metric_func_name number_near score 0.0 msg number not near, response: 8.0, target: 10.0
2026-08-07 15:47:05.138 | DEBUG    | eval.evaluation.evaluation:metric_call:77 - metric_func_name number_near score 1.0 msg number near in range 10.0%, response: 12.0, target: 12.0
2026-08-07 15:47:05.139 | DEBUG    | eval.evaluation.evaluation:metric_call:77 - metric_func_name number_near score 0.0 msg number not near, response: 16.0, target: 12.95
2026-08-07 15:47:05.139 | DEBUG    | eval.evaluation.evaluation:metric_call:77 - metric_func_name number_near score 0.0 msg number not near, response: 9.0, target: 11.5
2026-08-07 15:47:05.139 | DEBUG    | eval.evaluation.evaluation:metric_call:77 - metric_func_name number_near score 1.0 msg number near in range 10.0%, response: 9.5, target: 9.5
2026-08-07 15:47:05.139 | DEBUG    | eval.evaluation.evaluation:metric_call:77 - metric_func_name number_near score 1.0 msg number near in range 10.0%, response: 15.0, target: 15.0
2026-08-07 15:47:05.139 | DEBUG    | eval.evaluation.evaluation:metric_call:77 - metric_func_name number_near score 1.0 msg number near in range 10.0%, response: 12.5, target: 11.5
2026-08-07 15:47:05.139 | DEBUG    | eval.evaluation.evaluation:metric_call:77 - metric_func_name number_near score 0.0 msg number not near, response: 9.5, target: 6.5
2026-08-07 15:47:05.139 | DEBUG    | eval.evaluation.evaluation:metric_call:77 - metric_func_name number_near score 0.0 msg number not near, response: 12.75, target: 7.5
2026-08-07 15:47:05.139 | DEBUG    | eval.evaluation.evaluation:evaluate_single_query:321 - wide2deep_ws_en_027, col ticketprice(pounds), metric_func_name number_near, score [1.0, 1.0, 1.0, 0.0, 0.0, 1.0, 0.0, 0.0, 1.0, 1.0, 1.0, 0.0, 0.0]
2026-08-07 15:47:11.315 | DEBUG    | eval.evaluation.evaluation:evaluate_single_query:321 - wide2deep_ws_en_027, col address, metric_func_name llm_judge, score [1, 0, 1, 1, 0, 1, 0, 1, 1, 0, 1, 1, 1]
2026-08-07 15:47:11.319 | INFO     | eval.evaluation.evaluation:evaluate_single_query:380 - wide2deep_ws_en_027, P/R/F1 by unique_columns: 0.8667/0.5200/0.6500
2026-08-07 15:47:11.319 | INFO     | eval.evaluation.evaluation:evaluate_single_query:383 - wide2deep_ws_en_027, P/R/F1 by row: 0.0667/0.0400/0.0500
2026-08-07 15:47:11.319 | INFO     | eval.evaluation.evaluation:evaluate_single_query:386 - wide2deep_ws_en_027, P/R/F1 by item: 0.6000/0.3600/0.4500
2026-08-07 15:47:11.321 | INFO     | eval.evaluation.evaluation:evaluate_single_query:398 - wide2deep_ws_en_027, final table score: 0.0
{"event": "eval_done", "idx": 5, "instance_id": "wide2deep_ws_en_027", "score": 0.0, "entity_acc": 1.0, "f1_by_row": 0.05, "f1_by_item": 0.45, "column_f1": 0.65, "error": null, "elapsed_seconds": 16.652, "running_n": 5}
2026-08-07 15:47:12.382 | DEBUG    | eval.evaluation.data_loader:extract_dataframe:167 - find markdown_str 
| Delegation | Regional integration organization memberships |  ...
2026-08-07 15:47:16.304 | INFO     | eval.evaluation.metric_utils:primary_key_preprocess:246 - primary_key_preprocess result: ```json
{
  "delegation": "country",
  "olympicgames": "olympicgames",
  "goldmedalcount": "numberofgoldmedals",
  "gold-medalevents": "eventswon"
}
```
2026-08-07 15:47:16.304 | INFO     | eval.evaluation.evaluation:evaluate_single_query:172 - column map: {'delegation': 'country', 'olympicgames': 'olympicgames', 'goldmedalcount': 'numberofgoldmedals', 'gold-medalevents': 'eventswon'}
2026-08-07 15:47:16.304 | INFO     | eval.evaluation.evaluation:evaluate_single_query:173 - befor mapping: Index(['delegation', 'regionalintegrationorganizationmemberships',
       'primaryromancelanguage', 'olympicgames', 'goldmedalcount',
       'gold-medalevents'],
      dtype='object')
2026-08-07 15:47:16.305 | INFO     | eval.evaluation.evaluation:evaluate_single_query:175 - after mapping: Index(['country', 'regionalintegrationorganizationmemberships',
       'primaryromancelanguage', 'olympicgames', 'numberofgoldmedals',
       'eventswon'],
      dtype='object')
2026-08-07 15:47:16.305 | INFO     | eval.evaluation.evaluation:evaluate_single_query:179 - instance_id: wide2deep_ws_en_080, msg: required_columns ['olympicgames', 'country', 'numberofgoldmedals', 'eventswon'] != response_df Index(['country', 'regionalintegrationorganizationmemberships',
       'primaryromancelanguage', 'olympicgames', 'numberofgoldmedals',
       'eventswon'],
      dtype='object')
{"event": "eval_done", "idx": 6, "instance_id": "wide2deep_ws_en_080", "score": 0.0, "entity_acc": 1.0, "f1_by_row": 0.0, "f1_by_item": 0.0, "column_f1": 0.0, "error": null, "elapsed_seconds": 4.965, "running_n": 6}
SUMMARY {"n": 6, "valid_n": 5, "errors": 1, "complete": false, "judge_calls_current_process": 22, "score": 0.2, "entity_acc": 1.0, "precision_by_row": 0.3511111111111111, "recall_by_row": 0.3457777777777778, "f1_by_row": 0.3477777777777778, "precision_by_item": 0.6267936507936508, "recall_by_item": 0.5787936507936507, "f1_by_item": 0.5967936507936508, "column_precision": 0.768888888888889, "column_recall": 0.6995555555555556, "column_f1": 0.7255555555555555}
