INFO: Pandarallel will run on 8 workers.
INFO: Pandarallel will use Memory file system to transfer data between the main process and workers.
{"event": "eval_start", "selected": 7, "resume_committed": 0, "committed_errors": 0, "crash_only_resume": false}
2026-08-07 15:45:41.693 | DEBUG    | eval.evaluation.data_loader:extract_dataframe:167 - find markdown_str 
| 时间 | 风格 | 时期 | 艺术类型 | 绘画媒材 | 收藏类型和艺术品名称 |
| --- | --- | --- | ...
2026-08-07 15:45:43.305 | INFO     | eval.evaluation.metric_utils:primary_key_preprocess:246 - primary_key_preprocess result: ```json
{
  "时间": "时间",
  "风格": "风格",
  "时期": "时期",
  "艺术类型": "艺术类型",
  "绘画媒材": "绘画媒材"
}
```
2026-08-07 15:45:43.305 | INFO     | eval.evaluation.evaluation:evaluate_single_query:172 - column map: {'时间': '时间', '风格': '风格', '时期': '时期', '艺术类型': '艺术类型', '绘画媒材': '绘画媒材'}
2026-08-07 15:45:43.305 | INFO     | eval.evaluation.evaluation:evaluate_single_query:173 - befor mapping: Index(['时间', '风格', '时期', '艺术类型', '绘画媒材', '收藏类型和艺术品名称'], dtype='object')
2026-08-07 15:45:43.306 | INFO     | eval.evaluation.evaluation:evaluate_single_query:175 - after mapping: Index(['时间', '风格', '时期', '艺术类型', '绘画媒材', '收藏类型和艺术品名称'], dtype='object')
2026-08-07 15:45:43.306 | INFO     | eval.evaluation.evaluation:evaluate_single_query:179 - instance_id: deep2wide_result_8_保罗高更, msg: required_columns ['时间', '风格', '时期', '艺术类型', '绘画媒材', '收藏类型', '艺术品名称'] != response_df Index(['时间', '风格', '时期', '艺术类型', '绘画媒材', '收藏类型和艺术品名称'], dtype='object')
{"event": "eval_done", "idx": 1, "instance_id": "deep2wide_result_8_保罗高更", "score": 0.0, "entity_acc": 1.0, "f1_by_row": 0.0, "f1_by_item": 0.0, "column_f1": 0.0, "error": null, "elapsed_seconds": 4.523, "running_n": 1}
{"event": "eval_done", "idx": 2, "instance_id": "deep2wide_result_9_凌洁", "score": 0.0, "entity_acc": 0.0, "f1_by_row": 0.0, "f1_by_item": 0.0, "column_f1": 0.0, "error": null, "elapsed_seconds": 2.905, "running_n": 2}
2026-08-07 15:45:49.714 | DEBUG    | eval.evaluation.data_loader:extract_dataframe:167 - find markdown_str 
| 俱乐部名称 | 执教时间 | 俱乐部主场馆 |
| --- | --- | --- |
| 格雷米奥足球俱乐部（Grêmi ...
2026-08-07 15:45:54.560 | INFO     | eval.evaluation.metric_utils:primary_key_preprocess:246 - primary_key_preprocess result: ```json
{
  "格雷米奥足球俱乐部（Grêmio）": "格雷米奥足球俱乐部",
  "科林蒂安保利斯塔体育俱乐部（Corinthians）": "科林蒂安足球俱乐部",
  "米内罗竞技俱乐部（Atlético Mineiro）": "米内罗竞技足球俱乐部",
  "帕尔梅拉斯体育俱乐部（Palmeiras）": "帕尔梅拉斯足球俱乐部",
  "艾因足球俱乐部（Al Ain）": "阿联酋阿尔艾因足球俱乐部",
  "巴西国际体育俱乐部（Internacional）": "巴西国际足球俱乐部",
  "阿布扎比统一足球俱乐部（Al Wahda）": "阿联酋瓦赫达足球俱乐部"
}
```
2026-08-07 15:45:54.560 | INFO     | eval.evaluation.evaluation:evaluate_single_query:223 - col: 俱乐部名称, primary_key_map {'格雷米奥足球俱乐部（Grêmio）': '格雷米奥足球俱乐部', '科林蒂安保利斯塔体育俱乐部（Corinthians）': '科林蒂安足球俱乐部', '米内罗竞技俱乐部（Atlético Mineiro）': '米内罗竞技足球俱乐部', '帕尔梅拉斯体育俱乐部（Palmeiras）': '帕尔梅拉斯足球俱乐部', '艾因足球俱乐部（Al Ain）': '阿联酋阿尔艾因足球俱乐部', '巴西国际体育俱乐部（Internacional）': '巴西国际足球俱乐部', '阿布扎比统一足球俱乐部（Al Wahda）': '阿联酋瓦赫达足球俱乐部'}
2026-08-07 15:45:56.912 | INFO     | eval.evaluation.evaluation:evaluate_single_query:275 - deep2wide_result_10_蒂特, df_inner shape: (7, 6), answer_df shape: (7, 3), response_df shape: (8, 4)
2026-08-07 15:45:57.011 | DEBUG    | eval.evaluation.evaluation:metric_call:77 - metric_func_name date_near score 0.0 msg date not convertable, response: -, 2001–-, 2003, target: 23-08-07
2026-08-07 15:45:57.124 | DEBUG    | eval.evaluation.evaluation:metric_call:77 - metric_func_name date_near score 1.0 msg date near, response: -, 2004–-, 2005, target: 2004年5月—2005年2月
2026-08-07 15:45:57.139 | DEBUG    | eval.evaluation.evaluation:metric_call:77 - metric_func_name date_near score 0.0 msg date not convertable, response: 2005-08-01, target: 2005年3月—7月
2026-08-07 15:45:57.155 | DEBUG    | eval.evaluation.evaluation:metric_call:77 - metric_func_name date_near score 0.0 msg date not convertable, response: 2006-08-01, target: 2006年5月—11月
2026-08-07 15:45:57.164 | DEBUG    | eval.evaluation.evaluation:metric_call:77 - metric_func_name date_near score 0.0 msg date not convertable, response: 2007-08-01, target: 2008年上半年
2026-08-07 15:45:57.203 | DEBUG    | eval.evaluation.evaluation:metric_call:77 - metric_func_name date_near score 1.0 msg date near, response: Jun 12, 2008–Oct 05, 2009, target: 2008年6月—2009年10月
2026-08-07 15:45:57.233 | DEBUG    | eval.evaluation.evaluation:metric_call:77 - metric_func_name date_near score 0.0 msg date not convertable, response: Aug 31, 2010–Dec 13, 2010, target: 2010-10-09
2026-08-07 15:45:57.234 | DEBUG    | eval.evaluation.evaluation:evaluate_single_query:321 - deep2wide_result_10_蒂特, col 执教时间, metric_func_name date_near, score [0.0, 1.0, 0.0, 0.0, 0.0, 1.0, 0.0]
2026-08-07 15:46:00.529 | DEBUG    | eval.evaluation.evaluation:evaluate_single_query:321 - deep2wide_result_10_蒂特, col 俱乐部主场馆, metric_func_name llm_judge, score [1, 0, 1, 0, 0, 1, 1]
2026-08-07 15:46:00.534 | INFO     | eval.evaluation.evaluation:evaluate_single_query:380 - deep2wide_result_10_蒂特, P/R/F1 by unique_columns: 0.8750/1.0000/0.9333
2026-08-07 15:46:00.534 | INFO     | eval.evaluation.evaluation:evaluate_single_query:383 - deep2wide_result_10_蒂特, P/R/F1 by row: 0.1250/0.1429/0.1333
2026-08-07 15:46:00.535 | INFO     | eval.evaluation.evaluation:evaluate_single_query:386 - deep2wide_result_10_蒂特, P/R/F1 by item: 0.5417/0.6190/0.5778
2026-08-07 15:46:00.536 | INFO     | eval.evaluation.evaluation:evaluate_single_query:398 - deep2wide_result_10_蒂特, final table score: 0.0
{"event": "eval_done", "idx": 3, "instance_id": "deep2wide_result_10_蒂特", "score": 0.0, "entity_acc": 1.0, "f1_by_row": 0.13333333333333333, "f1_by_item": 0.5777777777777778, "column_f1": 0.9333333333333333, "error": null, "elapsed_seconds": 14.294, "running_n": 3}
{"event": "eval_done", "idx": 4, "instance_id": "deep2wide_result_11_印毅俊", "score": 0.0, "entity_acc": 0.0, "f1_by_row": 0.0, "f1_by_item": 0.0, "column_f1": 0.0, "error": null, "elapsed_seconds": 3.765, "running_n": 4}
2026-08-07 15:46:05.388 | DEBUG    | eval.evaluation.data_loader:extract_dataframe:167 - find markdown_str 
| 时间 | 作品 | 领衔主演 | 集数 |
| --- | --- | --- | --- |
| -, 1988 | 《 ...
2026-08-07 15:46:09.054 | INFO     | eval.evaluation.metric_utils:primary_key_preprocess:246 - primary_key_preprocess result: ```json
{
  "《康熙微服私访记2》": "《康熙微服私访记第二部》",
  "《康熙微服私访记3》": "《康熙微服私访记第三部》",
  "《欢喜姻缘》": "《欢喜姻缘》",
  "《康熙微服私访记4》": "《康熙微服私访记第四部》",
  "《我这一辈子》": "《我这一辈子》",
  "《布衣天子》": "《布衣天子》",
  "《宋莲生坐堂》": "《宋莲生坐堂》",
  "《少年嘉庆》": "《少年嘉庆》",
  "《龙非龙凤非凤》": "《龙非龙凤非凤》",
  "《济公新传》": "《济公新传》",
  "《赶走你的忧郁》": "《赶走你的忧郁》",
  "《原乡》": "《原乡》",
  "《爱的追踪》": "《爱的追踪》"
}
```
2026-08-07 15:46:09.054 | INFO     | eval.evaluation.evaluation:evaluate_single_query:223 - col: 作品, primary_key_map {'《康熙微服私访记2》': '《康熙微服私访记第二部》', '《康熙微服私访记3》': '《康熙微服私访记第三部》', '《欢喜姻缘》': '《欢喜姻缘》', '《康熙微服私访记4》': '《康熙微服私访记第四部》', '《我这一辈子》': '《我这一辈子》', '《布衣天子》': '《布衣天子》', '《宋莲生坐堂》': '《宋莲生坐堂》', '《少年嘉庆》': '《少年嘉庆》', '《龙非龙凤非凤》': '《龙非龙凤非凤》', '《济公新传》': '《济公新传》', '《赶走你的忧郁》': '《赶走你的忧郁》', '《原乡》': '《原乡》', '《爱的追踪》': '《爱的追踪》'}
2026-08-07 15:46:09.113 | INFO     | eval.evaluation.evaluation:evaluate_single_query:275 - deep2wide_result_13_张国立, df_inner shape: (13, 8), answer_df shape: (25, 4), response_df shape: (22, 5)
2026-08-07 15:46:09.116 | DEBUG    | eval.evaluation.evaluation:metric_call:77 - metric_func_name date_near score 0.0 msg date not near, response: 2016-05-12 00:00:00, target: 2007-10-08 00:00:00
2026-08-07 15:46:09.118 | DEBUG    | eval.evaluation.evaluation:metric_call:77 - metric_func_name date_near score 0.0 msg date not near, response: 2014-08-01 00:00:00, target: 2007-12-08 00:00:00
2026-08-07 15:46:09.120 | DEBUG    | eval.evaluation.evaluation:metric_call:77 - metric_func_name date_near score 0.0 msg date not near, response: 2010-08-01 00:00:00, target: 2007-08-18 00:00:00
2026-08-07 15:46:09.122 | DEBUG    | eval.evaluation.evaluation:metric_call:77 - metric_func_name date_near score 0.0 msg date not near, response: 2006-08-01 00:00:00, target: 2007-08-20 00:00:00
2026-08-07 15:46:09.125 | DEBUG    | eval.evaluation.evaluation:metric_call:77 - metric_func_name date_near score 0.0 msg date not near, response: 2006-08-01 00:00:00, target: 2007-08-20 00:00:00
2026-08-07 15:46:09.127 | DEBUG    | eval.evaluation.evaluation:metric_call:77 - metric_func_name date_near score 0.0 msg date not near, response: 2005-08-01 00:00:00, target: 2007-08-21 00:00:00
2026-08-07 15:46:09.129 | DEBUG    | eval.evaluation.evaluation:metric_call:77 - metric_func_name date_near score 0.0 msg date not near, response: 2004-08-01 00:00:00, target: 2007-08-22 00:00:00
2026-08-07 15:46:09.131 | DEBUG    | eval.evaluation.evaluation:metric_call:77 - metric_func_name date_near score 0.0 msg date not near, response: 2003-08-01 00:00:00, target: 2007-08-23 00:00:00
2026-08-07 15:46:09.133 | DEBUG    | eval.evaluation.evaluation:metric_call:77 - metric_func_name date_near score 0.0 msg date not near, response: 2002-08-01 00:00:00, target: 2007-08-24 00:00:00
2026-08-07 15:46:09.135 | DEBUG    | eval.evaluation.evaluation:metric_call:77 - metric_func_name date_near score 0.0 msg date not near, response: 2002-08-01 00:00:00, target: 2007-08-24 00:00:00
2026-08-07 15:46:09.137 | DEBUG    | eval.evaluation.evaluation:metric_call:77 - metric_func_name date_near score 0.0 msg date not near, response: 2001-08-01 00:00:00, target: 2007-08-25 00:00:00
2026-08-07 15:46:09.139 | DEBUG    | eval.evaluation.evaluation:metric_call:77 - metric_func_name date_near score 0.0 msg date not near, response: 2000-08-01 00:00:00, target: 2007-08-26 00:00:00
2026-08-07 15:46:09.141 | DEBUG    | eval.evaluation.evaluation:metric_call:77 - metric_func_name date_near score 0.0 msg date not near, response: 1999-08-01 00:00:00, target: 2007-08-27 00:00:00
2026-08-07 15:46:09.142 | DEBUG    | eval.evaluation.evaluation:evaluate_single_query:321 - deep2wide_result_13_张国立, col 时间, metric_func_name date_near, score [0.0, 0.0, 0.0, 0.0, 0.0, 0.0, 0.0, 0.0, 0.0, 0.0, 0.0, 0.0, 0.0]
2026-08-07 15:46:16.901 | DEBUG    | eval.evaluation.evaluation:evaluate_single_query:321 - deep2wide_result_13_张国立, col 领衔主演, metric_func_name llm_judge, score [1, 1, 1, 1, 1, 1, 1, 1, 1, 1, 1, 1, 1]
2026-08-07 15:46:16.901 | DEBUG    | eval.evaluation.evaluation:metric_call:77 - metric_func_name number_near score 1.0 msg number near in range 5.0%, response: 36.0, target: 36.0
2026-08-07 15:46:16.901 | DEBUG    | eval.evaluation.evaluation:metric_call:77 - metric_func_name number_near score 1.0 msg number near in range 5.0%, response: 31.0, target: 31.0
2026-08-07 15:46:16.901 | DEBUG    | eval.evaluation.evaluation:metric_call:77 - metric_func_name number_near score 1.0 msg number near in range 5.0%, response: 25.0, target: 25.0
2026-08-07 15:46:16.901 | DEBUG    | eval.evaluation.evaluation:metric_call:77 - metric_func_name number_near score 1.0 msg number near in range 5.0%, response: 30.0, target: 30.0
2026-08-07 15:46:16.901 | DEBUG    | eval.evaluation.evaluation:metric_call:77 - metric_func_name number_near score 1.0 msg number near in range 5.0%, response: 30.0, target: 30.0
2026-08-07 15:46:16.901 | DEBUG    | eval.evaluation.evaluation:metric_call:77 - metric_func_name number_near score 1.0 msg number near in range 5.0%, response: 32.0, target: 32.0
2026-08-07 15:46:16.901 | DEBUG    | eval.evaluation.evaluation:metric_call:77 - metric_func_name number_near score 1.0 msg number near in range 5.0%, response: 31.0, target: 31.0
2026-08-07 15:46:16.902 | DEBUG    | eval.evaluation.evaluation:metric_call:77 - metric_func_name number_near score 1.0 msg number near in range 5.0%, response: 30.0, target: 30.0
2026-08-07 15:46:16.902 | DEBUG    | eval.evaluation.evaluation:metric_call:77 - metric_func_name number_near score 1.0 msg number near in range 5.0%, response: 28.0, target: 28.0
2026-08-07 15:46:16.902 | DEBUG    | eval.evaluation.evaluation:metric_call:77 - metric_func_name number_near score 1.0 msg number near in range 5.0%, response: 22.0, target: 22.0
2026-08-07 15:46:16.902 | DEBUG    | eval.evaluation.evaluation:metric_call:77 - metric_func_name number_near score 0.0 msg number not near, response: 40.0, target: 38.0
2026-08-07 15:46:16.902 | DEBUG    | eval.evaluation.evaluation:metric_call:77 - metric_func_name number_near score 1.0 msg number near in range 5.0%, response: 26.0, target: 26.0
2026-08-07 15:46:16.902 | DEBUG    | eval.evaluation.evaluation:metric_call:77 - metric_func_name number_near score 1.0 msg number near in range 5.0%, response: 30.0, target: 30.0
2026-08-07 15:46:16.902 | DEBUG    | eval.evaluation.evaluation:evaluate_single_query:321 - deep2wide_result_13_张国立, col 集数, metric_func_name number_near, score [1.0, 1.0, 1.0, 1.0, 1.0, 1.0, 1.0, 1.0, 1.0, 1.0, 0.0, 1.0, 1.0]
2026-08-07 15:46:16.908 | INFO     | eval.evaluation.evaluation:evaluate_single_query:380 - deep2wide_result_13_张国立, P/R/F1 by unique_columns: 0.5909/0.5200/0.5532
2026-08-07 15:46:16.908 | INFO     | eval.evaluation.evaluation:evaluate_single_query:383 - deep2wide_result_13_张国立, P/R/F1 by row: 0.0000/0.0000/0.0000
2026-08-07 15:46:16.908 | INFO     | eval.evaluation.evaluation:evaluate_single_query:386 - deep2wide_result_13_张国立, P/R/F1 by item: 0.4318/0.3800/0.4043
2026-08-07 15:46:16.910 | INFO     | eval.evaluation.evaluation:evaluate_single_query:398 - deep2wide_result_13_张国立, final table score: 0.0
{"event": "eval_done", "idx": 5, "instance_id": "deep2wide_result_13_张国立", "score": 0.0, "entity_acc": 1.0, "f1_by_row": 0.0, "f1_by_item": 0.4042553191489362, "column_f1": 0.5531914893617023, "error": null, "elapsed_seconds": 12.57, "running_n": 5}
2026-08-07 15:46:21.497 | DEBUG    | eval.evaluation.data_loader:extract_dataframe:167 - find markdown_str 
| 电视剧名称 | 开播时间 | 角色名 |
| --- | --- | --- |
| 匆匆那年：好久不见 | Dec 28 ...
2026-08-07 15:46:27.004 | INFO     | eval.evaluation.metric_utils:primary_key_preprocess:246 - primary_key_preprocess result: ```json
{
  "一起同过窗": "2016",
  "那片星空那片海第二季": "2017",
  "开封奇谈": "2017",
  "一起同过窗第二季": "2017",
  "重明卫：大明机密": "2018",
  "皓镧传": "2019",
  "我的单板女孩": "2019"
}
```
2026-08-07 15:46:27.004 | INFO     | eval.evaluation.evaluation:evaluate_single_query:223 - col: 电视剧名称, primary_key_map {'一起同过窗': '2016', '那片星空那片海第二季': '2017', '开封奇谈': '2017', '一起同过窗第二季': '2017', '重明卫：大明机密': '2018', '皓镧传': '2019', '我的单板女孩': '2019'}
2026-08-07 15:46:27.076 | INFO     | eval.evaluation.evaluation:evaluate_single_query:275 - deep2wide_result_14_李川, df_inner shape: (7, 6), answer_df shape: (8, 3), response_df shape: (11, 4)
2026-08-07 15:46:27.088 | DEBUG    | eval.evaluation.evaluation:metric_call:77 - metric_func_name date_near score 0.0 msg date not convertable, response: 2016-07-15, target: 《一起同过窗》
2026-08-07 15:46:27.099 | DEBUG    | eval.evaluation.evaluation:metric_call:77 - metric_func_name date_near score 0.0 msg date not convertable, response: 2017-10-02, target: 《那片星空那片海第二季》
2026-08-07 15:46:27.108 | DEBUG    | eval.evaluation.evaluation:metric_call:77 - metric_func_name date_near score 0.0 msg date not convertable, response: 2017-10-30, target: 《那片星空那片海第二季》
2026-08-07 15:46:27.116 | DEBUG    | eval.evaluation.evaluation:metric_call:77 - metric_func_name date_near score 0.0 msg date not convertable, response: 2017-11-30, target: 《那片星空那片海第二季》
2026-08-07 15:46:27.124 | DEBUG    | eval.evaluation.evaluation:metric_call:77 - metric_func_name date_near score 0.0 msg date not convertable, response: 2018-12-11, target: 《重明卫：大明机密》
2026-08-07 15:46:27.130 | DEBUG    | eval.evaluation.evaluation:metric_call:77 - metric_func_name date_near score 0.0 msg date not convertable, response: 2019-01-19, target: 《皓镧传》
2026-08-07 15:46:27.138 | DEBUG    | eval.evaluation.evaluation:metric_call:77 - metric_func_name date_near score 0.0 msg date not convertable, response: 2019-07-31, target: 《皓镧传》
2026-08-07 15:46:27.139 | DEBUG    | eval.evaluation.evaluation:evaluate_single_query:321 - deep2wide_result_14_李川, col 开播时间, metric_func_name date_near, score [0.0, 0.0, 0.0, 0.0, 0.0, 0.0, 0.0]
2026-08-07 15:46:31.164 | DEBUG    | eval.evaluation.evaluation:evaluate_single_query:321 - deep2wide_result_14_李川, col 角色名, metric_func_name llm_judge, score [1, 1, 0, 0, 1, 1, 0]
2026-08-07 15:46:31.170 | INFO     | eval.evaluation.evaluation:evaluate_single_query:380 - deep2wide_result_14_李川, P/R/F1 by unique_columns: 0.6364/0.8750/0.7368
2026-08-07 15:46:31.170 | INFO     | eval.evaluation.evaluation:evaluate_single_query:383 - deep2wide_result_14_李川, P/R/F1 by row: 0.0000/0.0000/0.0000
2026-08-07 15:46:31.170 | INFO     | eval.evaluation.evaluation:evaluate_single_query:386 - deep2wide_result_14_李川, P/R/F1 by item: 0.3333/0.4583/0.3860
2026-08-07 15:46:31.171 | INFO     | eval.evaluation.evaluation:evaluate_single_query:398 - deep2wide_result_14_李川, final table score: 0.0
{"event": "eval_done", "idx": 6, "instance_id": "deep2wide_result_14_李川", "score": 0.0, "entity_acc": 1.0, "f1_by_row": 0.0, "f1_by_item": 0.38596491228070173, "column_f1": 0.7368421052631579, "error": null, "elapsed_seconds": 14.246, "running_n": 6}
2026-08-07 15:46:35.086 | DEBUG    | eval.evaluation.data_loader:extract_dataframe:167 - find markdown_str 
| 电影名称 | 上映时间 | 饰演角色 | 导演 | 主演 |
| --- | --- | --- | --- | ---  ...
2026-08-07 15:46:38.906 | INFO     | eval.evaluation.metric_utils:primary_key_preprocess:246 - primary_key_preprocess result: ```json
{
  "老男孩猛龙过江": "老男孩之猛龙过江",
  "情圣": "情圣",
  "唐人街探案2": "唐人街探案2",
  "天气预爆": "天气预爆",
  "人潮汹涌": "人潮汹涌",
  "我的姐姐": "我的姐姐",
  "唐人街探案3": "唐人街探案3",
  "误杀2": "误杀2",
  "志愿军：雄兵出击": "志愿军：雄兵出击",
  "解密": "解密",
  "祝你幸福！": "祝你幸福！",
  "出入平安": "出入平安",
  "浴火之路": "浴火之路",
  "误杀3": "误杀3"
}
```
2026-08-07 15:46:38.906 | INFO     | eval.evaluation.evaluation:evaluate_single_query:223 - col: 电影名称, primary_key_map {'老男孩猛龙过江': '老男孩之猛龙过江', '情圣': '情圣', '唐人街探案2': '唐人街探案2', '天气预爆': '天气预爆', '人潮汹涌': '人潮汹涌', '我的姐姐': '我的姐姐', '唐人街探案3': '唐人街探案3', '误杀2': '误杀2', '志愿军：雄兵出击': '志愿军：雄兵出击', '解密': '解密', '祝你幸福！': '祝你幸福！', '出入平安': '出入平安', '浴火之路': '浴火之路', '误杀3': '误杀3'}
2026-08-07 15:46:38.985 | INFO     | eval.evaluation.evaluation:evaluate_single_query:275 - deep2wide_result_15_肖央, df_inner shape: (14, 10), answer_df shape: (35, 5), response_df shape: (19, 6)
2026-08-07 15:46:38.988 | DEBUG    | eval.evaluation.evaluation:metric_call:77 - metric_func_name date_near score 1.0 msg date near, response: 2024-12-28 00:00:00, target: 2024-12-28 00:00:00
2026-08-07 15:46:38.990 | DEBUG    | eval.evaluation.evaluation:metric_call:77 - metric_func_name date_near score 1.0 msg date near, response: 2024-10-01 00:00:00, target: 2024-10-01 00:00:00
2026-08-07 15:46:38.992 | DEBUG    | eval.evaluation.evaluation:metric_call:77 - metric_func_name date_near score 1.0 msg date near, response: 2024-09-30 00:00:00, target: 2024-09-30 00:00:00
2026-08-07 15:46:38.994 | DEBUG    | eval.evaluation.evaluation:metric_call:77 - metric_func_name date_near score 1.0 msg date near, response: 2024-09-15 00:00:00, target: 2024-09-15 00:00:00
2026-08-07 15:46:38.996 | DEBUG    | eval.evaluation.evaluation:metric_call:77 - metric_func_name date_near score 1.0 msg date near, response: 2024-08-03 00:00:00, target: 2024-08-03 00:00:00
2026-08-07 15:46:38.998 | DEBUG    | eval.evaluation.evaluation:metric_call:77 - metric_func_name date_near score 1.0 msg date near, response: 2023-09-28 00:00:00, target: 2023-10-01 00:00:00
2026-08-07 15:46:39.000 | DEBUG    | eval.evaluation.evaluation:metric_call:77 - metric_func_name date_near score 1.0 msg date near, response: 2021-12-17 00:00:00, target: 2021-12-17 00:00:00
2026-08-07 15:46:39.002 | DEBUG    | eval.evaluation.evaluation:metric_call:77 - metric_func_name date_near score 1.0 msg date near, response: 2021-04-02 00:00:00, target: 2021-04-02 00:00:00
2026-08-07 15:46:39.004 | DEBUG    | eval.evaluation.evaluation:metric_call:77 - metric_func_name date_near score 1.0 msg date near, response: 2021-02-12 00:00:00, target: 2021-02-12 00:00:00
2026-08-07 15:46:39.006 | DEBUG    | eval.evaluation.evaluation:metric_call:77 - metric_func_name date_near score 1.0 msg date near, response: 2021-02-12 00:00:00, target: 2021-02-12 00:00:00
2026-08-07 15:46:39.008 | DEBUG    | eval.evaluation.evaluation:metric_call:77 - metric_func_name date_near score 1.0 msg date near, response: 2018-12-21 00:00:00, target: 2018-12-21 00:00:00
2026-08-07 15:46:39.010 | DEBUG    | eval.evaluation.evaluation:metric_call:77 - metric_func_name date_near score 1.0 msg date near, response: 2018-02-16 00:00:00, target: 2018-02-16 00:00:00
2026-08-07 15:46:39.013 | DEBUG    | eval.evaluation.evaluation:metric_call:77 - metric_func_name date_near score 1.0 msg date near, response: 2016-12-30 00:00:00, target: 2016-12-30 00:00:00
2026-08-07 15:46:39.015 | DEBUG    | eval.evaluation.evaluation:metric_call:77 - metric_func_name date_near score 1.0 msg date near, response: 2014-07-10 00:00:00, target: 2014-07-10 00:00:00
2026-08-07 15:46:39.016 | DEBUG    | eval.evaluation.evaluation:evaluate_single_query:321 - deep2wide_result_15_肖央, col 上映时间, metric_func_name date_near, score [1.0, 1.0, 1.0, 1.0, 1.0, 1.0, 1.0, 1.0, 1.0, 1.0, 1.0, 1.0, 1.0, 1.0]
2026-08-07 15:46:43.769 | DEBUG    | eval.evaluation.evaluation:evaluate_single_query:321 - deep2wide_result_15_肖央, col 饰演角色, metric_func_name llm_judge, score [1, 0, 1, 1, 1, 1, 1, 0, 1, 1, 1, 1, 1, 1]
2026-08-07 15:46:48.085 | DEBUG    | eval.evaluation.evaluation:evaluate_single_query:321 - deep2wide_result_15_肖央, col 导演, metric_func_name llm_judge, score [1, 1, 1, 1, 1, 1, 1, 1, 1, 1, 1, 1, 1, 1]
2026-08-07 15:46:54.442 | DEBUG    | eval.evaluation.evaluation:evaluate_single_query:321 - deep2wide_result_15_肖央, col 主演, metric_func_name llm_judge, score [0, 0, 0, 0, 0, 0, 0, 0, 0, 0, 0, 0, 0, 0]
2026-08-07 15:46:54.448 | INFO     | eval.evaluation.evaluation:evaluate_single_query:380 - deep2wide_result_15_肖央, P/R/F1 by unique_columns: 0.7368/0.4000/0.5185
2026-08-07 15:46:54.448 | INFO     | eval.evaluation.evaluation:evaluate_single_query:383 - deep2wide_result_15_肖央, P/R/F1 by row: 0.0000/0.0000/0.0000
2026-08-07 15:46:54.448 | INFO     | eval.evaluation.evaluation:evaluate_single_query:386 - deep2wide_result_15_肖央, P/R/F1 by item: 0.5684/0.3086/0.4000
2026-08-07 15:46:54.450 | INFO     | eval.evaluation.evaluation:evaluate_single_query:398 - deep2wide_result_15_肖央, final table score: 0.0
{"event": "eval_done", "idx": 7, "instance_id": "deep2wide_result_15_肖央", "score": 0.0, "entity_acc": 1.0, "f1_by_row": 0.0, "f1_by_item": 0.4, "column_f1": 0.5185185185185185, "error": null, "elapsed_seconds": 23.263, "running_n": 7}
SUMMARY {"n": 7, "valid_n": 7, "errors": 0, "complete": true, "judge_calls_current_process": 18, "score": 0.0, "entity_acc": 0.7142857142857143, "precision_by_row": 0.017857142857142856, "recall_by_row": 0.02040816326530612, "f1_by_row": 0.019047619047619046, "precision_by_item": 0.2678913192071087, "recall_by_item": 0.25227891156462584, "f1_by_item": 0.25257114417248794, "column_precision": 0.40558783321941216, "column_recall": 0.3992857142857143, "column_f1": 0.3916979209252446}
