INFO: Pandarallel will run on 8 workers.
INFO: Pandarallel will use Memory file system to transfer data between the main process and workers.
{"event": "eval_start", "selected": 7, "resume_committed": 0, "committed_errors": 0, "crash_only_resume": false}
2026-08-07 15:45:41.188 | DEBUG    | eval.evaluation.data_loader:extract_dataframe:167 - find markdown_str 
| 场景名称 | 具体事项 | 实施方式 | 牵头部门 | 配合部门 | 完成时限 |
| --- | --- | --- | ...
2026-08-07 15:46:01.988 | INFO     | eval.evaluation.metric_utils:primary_key_preprocess:246 - primary_key_preprocess result: ```json
{
  "清税信息核验": "清税信息核验",
  "个体工商户注销登记、内资有限责任公司设立登记": "个体工商户转型为企业变更登记",
  "企业印章刻制": "企业印章刻制",
  "基本账户开立或账户信息变更": "基本账户开立或账户信息变更",
  "社会保险缴费登记或缴费信息变更": "社会保险登记或参保信息变更",
  "单位住房公积金缴存登记或信息变更": "住房公积金企业缴存登记或信息变更",
  "合格境外投资者资格审批": "合格境外投资者资格审批",
  "经营证券期货业务许可证核发": "经营证券期货业务许可证核发",
  "证券账户开立": "证券账户开立",
  "期货账户开立": "期货账户开立",
  "外汇登记": "外汇登记",
  "基本账户开立": "基本账户开立",
  "科技成果查新": "科技成果查新",
  "科技成果登记": "科技成果登记",
  "科技成果转化专项资金申请": "科技成果转化专项资金申请",
  "知识产权支持资金申请": "知识产权支持资金申请",
  "相关税收优惠政策宣传辅导": "现行相关税收优惠政策宣传辅导",
  "企业投资项目备案、核准、变更及延期": "企业投资（含外商投资）项目核准/备案",
  "固定资产投资项目节能审查": "固定资产投资项目节能审查",
  "建设项目用地预审与选址意见书核发": "建设项目用地预审与选址意见书核发",
  "建设项目环境影响评价文件审批": "建设项目环境影响评价",
  "机动车注册登记": "机动车注册登记",
  "机动车合格证信息核查": "机动车合格证信息核查",
  "进口机动车强制性产品认证信息核查": "进口车强制性产品认证（CCC 认证）信息核查",
  "企业营业执照信息核验": "企业营业执照信息核验",
  "车辆购置税完税证明和机动车销售统一发票信息核查": "车辆购置税完税证明和机动车销售统一发票信息共享核查",
  "机动车交通事故责任强制保险信息核查": "交强险信息核查",
  "社会团体、民办非企业单位和基金会登记证书信息核查": "社会团体、民办非企业单位和基金会登记证书信息核查",
  "房屋建筑工程施工许可证核发（含工程质量安全监督登记、人防工程质量监督手续）": "建筑工程施工许可证核发",
  "特殊建设工程消防设计审查": "建设工程消防设计审查",
  "建筑垃圾消纳处置相关许可": "城市建筑垃圾处置核准",
  "施工排水许可": "城镇污水排入排水管网许可（临时）",
  "创业补贴申领": "创业补贴申领",
  "经营主体登记注册": "经营主体登记注册",
  "纳税人信息确认": "纳税人信息确认",
  "内地居民婚姻登记": "内地居民婚姻登记",
  "户籍婚姻状况项目变更更正": "户口登记项目变更（婚姻状况）",
  "夫妻投靠迁移户口或市内户口迁移": "户口迁移（夫妻投靠落户）",
  "外国人来华工作许可签发、变更、延期或注销": "外国人来华工作许可签发/变更/延期",
  "外国人社会保险参保缴费登记": "外国人来华工作社会保险登记",
  "外国人职称评审服务": "外国人来华工作职称评审",
  "工作类外国人居留证件首次申请、延期、换发或补发": "外国人居留证件签发/变更/延期",
  "补贴资格校验": "家电以旧换新和手机等购新补贴资格校验",
  "补贴核销数据归集": "家电以旧换新和手机等购新补贴核销数据归集",
  "发票信息核验": "发票核验",
  "个人身份信息核验": "个人身份信息核验",
  "汽车报废更新补贴申请": "汽车报废更新补贴申请",
  "报废机动车回收证明信息核查": "报废机动车回收证明信息核查",
  "新能源汽车车型信息核查": "新能源汽车车型信息核查",
  "机动车注册登记和注销登记信息核查": "机动车注销和注册登记信息核查",
  "出具死亡证明（正常死亡）": "出具死亡证明（正常死亡）",
  "遗体火化及火化证明出具": "出具火化证明",
  "户口注销": "户口注销",
  "暂停企业职工或城乡居民基本养老保险待遇": "社会保险待遇暂停",
  "企业职工或城乡居民养老保险个人账户一次性待遇申领": "个人账户一次性待遇申领（基本养老保险）",
  "企业职工基本养老保险遗属待遇申领": "遗属待遇申领",
  "基本医疗保险个人账户一次性支取": "参保人员职工基本医疗保险个人账户余额一次性支取",
  "驾驶证注销": "驾驶证注销",
  "死亡提取住房公积金": "住房公积金提取（死亡）",
  "遗嘱公证信息核查": "遗嘱公证信息核查",
  "已故人员股权登记信息查询": "已故人员股权登记信息查询（继承人查询）",
  "已故存款人小额存款提取": "已故存款人小额存款提取（继承人提取）"
}
```
2026-08-07 15:46:01.989 | INFO     | eval.evaluation.evaluation:evaluate_single_query:223 - col: 具体事项, primary_key_map {'清税信息核验': '清税信息核验', '个体工商户注销登记、内资有限责任公司设立登记': '个体工商户转型为企业变更登记', '企业印章刻制': '企业印章刻制', '基本账户开立或账户信息变更': '基本账户开立或账户信息变更', '社会保险缴费登记或缴费信息变更': '社会保险登记或参保信息变更', '单位住房公积金缴存登记或信息变更': '住房公积金企业缴存登记或信息变更', '合格境外投资者资格审批': '合格境外投资者资格审批', '经营证券期货业务许可证核发': '经营证券期货业务许可证核发', '证券账户开立': '证券账户开立', '期货账户开立': '期货账户开立', '外汇登记': '外汇登记', '基本账户开立': '基本账户开立', '科技成果查新': '科技成果查新', '科技成果登记': '科技成果登记', '科技成果转化专项资金申请': '科技成果转化专项资金申请', '知识产权支持资金申请': '知识产权支持资金申请', '相关税收优惠政策宣传辅导': '现行相关税收优惠政策宣传辅导', '企业投资项目备案、核准、变更及延期': '企业投资（含外商投资）项目核准/备案', '固定资产投资项目节能审查': '固定资产投资项目节能审查', '建设项目用地预审与选址意见书核发': '建设项目用地预审与选址意见书核发', '建设项目环境影响评价文件审批': '建设项目环境影响评价', '机动车注册登记': '机动车注册登记', '机动车合格证信息核查': '机动车合格证信息核查', '进口机动车强制性产品认证信息核查': '进口车强制性产品认证（CCC 认证）信息核查', '企业营业执照信息核验': '企业营业执照信息核验', '车辆购置税完税证明和机动车销售统一发票信息核查': '车辆购置税完税证明和机动车销售统一发票信息共享核查', '机动车交通事故责任强制保险信息核查': '交强险信息核查', '社会团体、民办非企业单位和基金会登记证书信息核查': '社会团体、民办非企业单位和基金会登记证书信息核查', '房屋建筑工程施工许可证核发（含工程质量安全监督登记、人防工程质量监督手续）': '建筑工程施工许可证核发', '特殊建设工程消防设计审查': '建设工程消防设计审查', '建筑垃圾消纳处置相关许可': '城市建筑垃圾处置核准', '施工排水许可': '城镇污水排入排水管网许可（临时）', '创业补贴申领': '创业补贴申领', '经营主体登记注册': '经营主体登记注册', '纳税人信息确认': '纳税人信息确认', '内地居民婚姻登记': '内地居民婚姻登记', '户籍婚姻状况项目变更更正': '户口登记项目变更（婚姻状况）', '夫妻投靠迁移户口或市内户口迁移': '户口迁移（夫妻投靠落户）', '外国人来华工作许可签发、变更、延期或注销': '外国人来华工作许可签发/变更/延期', '外国人社会保险参保缴费登记': '外国人来华工作社会保险登记', '外国人职称评审服务': '外国人来华工作职称评审', '工作类外国人居留证件首次申请、延期、换发或补发': '外国人居留证件签发/变更/延期', '补贴资格校验': '家电以旧换新和手机等购新补贴资格校验', '补贴核销数据归集': '家电以旧换新和手机等购新补贴核销数据归集', '发票信息核验': '发票核验', '个人身份信息核验': '个人身份信息核验', '汽车报废更新补贴申请': '汽车报废更新补贴申请', '报废机动车回收证明信息核查': '报废机动车回收证明信息核查', '新能源汽车车型信息核查': '新能源汽车车型信息核查', '机动车注册登记和注销登记信息核查': '机动车注销和注册登记信息核查', '出具死亡证明（正常死亡）': '出具死亡证明（正常死亡）', '遗体火化及火化证明出具': '出具火化证明', '户口注销': '户口注销', '暂停企业职工或城乡居民基本养老保险待遇': '社会保险待遇暂停', '企业职工或城乡居民养老保险个人账户一次性待遇申领': '个人账户一次性待遇申领（基本养老保险）', '企业职工基本养老保险遗属待遇申领': '遗属待遇申领', '基本医疗保险个人账户一次性支取': '参保人员职工基本医疗保险个人账户余额一次性支取', '驾驶证注销': '驾驶证注销', '死亡提取住房公积金': '住房公积金提取（死亡）', '遗嘱公证信息核查': '遗嘱公证信息核查', '已故人员股权登记信息查询': '已故人员股权登记信息查询（继承人查询）', '已故存款人小额存款提取': '已故存款人小额存款提取（继承人提取）'}
2026-08-07 15:46:01.999 | INFO     | eval.evaluation.evaluation:evaluate_single_query:275 - wide2deep_ws_zh_062, df_inner shape: (62, 12), answer_df shape: (128, 6), response_df shape: (97, 7)
2026-08-07 15:46:06.571 | DEBUG    | eval.evaluation.evaluation:evaluate_single_query:321 - wide2deep_ws_zh_062, col 场景名称, metric_func_name llm_judge, score [1, 1, 1, 1, 1, 1, 1, 1, 1, 1, 1, 1, 1, 1, 1, 1, 1, 1, 1, 1, 1, 1, 1, 1, 1, 1, 1, 1, 1, 1, 1, 1, 1, 1, 1, 1, 1, 1, 1, 1, 1, 1, 1, 1, 1, 1, 1, 1, 1, 1, 1, 1, 1, 1, 1, 1, 1, 1, 1, 1, 1, 1]
2026-08-07 15:46:06.572 | DEBUG    | eval.evaluation.evaluation:metric_call:77 - metric_func_name exact_match score 0.0 msg exact not match, response: 新建；线上线下集成办理, target: 优化
2026-08-07 15:46:06.572 | DEBUG    | eval.evaluation.evaluation:metric_call:77 - metric_func_name exact_match score 0.0 msg exact not match, response: 新建；线上线下集成办理, target: 优化
2026-08-07 15:46:06.572 | DEBUG    | eval.evaluation.evaluation:metric_call:77 - metric_func_name exact_match score 0.0 msg exact not match, response: 新建；线上线下集成办理, target: 优化
2026-08-07 15:46:06.572 | DEBUG    | eval.evaluation.evaluation:metric_call:77 - metric_func_name exact_match score 0.0 msg exact not match, response: 新建；线上线下集成办理, target: 优化
2026-08-07 15:46:06.572 | DEBUG    | eval.evaluation.evaluation:metric_call:77 - metric_func_name exact_match score 0.0 msg exact not match, response: 新建；线上线下集成办理, target: 优化
2026-08-07 15:46:06.572 | DEBUG    | eval.evaluation.evaluation:metric_call:77 - metric_func_name exact_match score 0.0 msg exact not match, response: 新建；线上线下集成办理, target: 优化
2026-08-07 15:46:06.572 | DEBUG    | eval.evaluation.evaluation:metric_call:77 - metric_func_name exact_match score 0.0 msg exact not match, response: 新建；跨部门集成办理, target: 新建
2026-08-07 15:46:06.572 | DEBUG    | eval.evaluation.evaluation:metric_call:77 - metric_func_name exact_match score 0.0 msg exact not match, response: 新建；跨部门集成办理, target: 新建
2026-08-07 15:46:06.572 | DEBUG    | eval.evaluation.evaluation:metric_call:77 - metric_func_name exact_match score 0.0 msg exact not match, response: 新建；跨部门集成办理, target: 新建
2026-08-07 15:46:06.572 | DEBUG    | eval.evaluation.evaluation:metric_call:77 - metric_func_name exact_match score 0.0 msg exact not match, response: 新建；跨部门集成办理, target: 新建
2026-08-07 15:46:06.572 | DEBUG    | eval.evaluation.evaluation:metric_call:77 - metric_func_name exact_match score 0.0 msg exact not match, response: 新建；跨部门集成办理, target: 新建
2026-08-07 15:46:06.573 | DEBUG    | eval.evaluation.evaluation:metric_call:77 - metric_func_name exact_match score 0.0 msg exact not match, response: 新建；跨部门集成办理, target: 新建
2026-08-07 15:46:06.573 | DEBUG    | eval.evaluation.evaluation:metric_call:77 - metric_func_name exact_match score 0.0 msg exact not match, response: 新建；线上线下集成服务, target: 新建
2026-08-07 15:46:06.573 | DEBUG    | eval.evaluation.evaluation:metric_call:77 - metric_func_name exact_match score 0.0 msg exact not match, response: 新建；线上线下集成服务, target: 新建
2026-08-07 15:46:06.573 | DEBUG    | eval.evaluation.evaluation:metric_call:77 - metric_func_name exact_match score 0.0 msg exact not match, response: 新建；线上线下集成服务, target: 新建
2026-08-07 15:46:06.573 | DEBUG    | eval.evaluation.evaluation:metric_call:77 - metric_func_name exact_match score 0.0 msg exact not match, response: 新建；线上线下集成服务, target: 新建
2026-08-07 15:46:06.573 | DEBUG    | eval.evaluation.evaluation:metric_call:77 - metric_func_name exact_match score 0.0 msg exact not match, response: 新建；政策集成服务, target: 新建
2026-08-07 15:46:06.573 | DEBUG    | eval.evaluation.evaluation:metric_call:77 - metric_func_name exact_match score 0.0 msg exact not match, response: 优化；一网申报、并联审批, target: 新建
2026-08-07 15:46:06.573 | DEBUG    | eval.evaluation.evaluation:metric_call:77 - metric_func_name exact_match score 0.0 msg exact not match, response: 优化；一网申报、并联审批, target: 新建
2026-08-07 15:46:06.573 | DEBUG    | eval.evaluation.evaluation:metric_call:77 - metric_func_name exact_match score 0.0 msg exact not match, response: 优化；一网申报、并联审批, target: 新建
2026-08-07 15:46:06.573 | DEBUG    | eval.evaluation.evaluation:metric_call:77 - metric_func_name exact_match score 0.0 msg exact not match, response: 优化；一网申报、并联审批, target: 新建
2026-08-07 15:46:06.573 | DEBUG    | eval.evaluation.evaluation:metric_call:77 - metric_func_name exact_match score 0.0 msg exact not match, response: 优化；信息共享、线上预审与线下查验联动, target: 新建
2026-08-07 15:46:06.573 | DEBUG    | eval.evaluation.evaluation:metric_call:77 - metric_func_name exact_match score 0.0 msg exact not match, response: 优化；数据共享核验, target: 新建
2026-08-07 15:46:06.573 | DEBUG    | eval.evaluation.evaluation:metric_call:77 - metric_func_name exact_match score 0.0 msg exact not match, response: 优化；数据共享核验, target: 新建
2026-08-07 15:46:06.573 | DEBUG    | eval.evaluation.evaluation:metric_call:77 - metric_func_name exact_match score 0.0 msg exact not match, response: 优化；数据共享核验, target: 新建
2026-08-07 15:46:06.573 | DEBUG    | eval.evaluation.evaluation:metric_call:77 - metric_func_name exact_match score 0.0 msg exact not match, response: 优化；数据共享核验, target: 新建
2026-08-07 15:46:06.573 | DEBUG    | eval.evaluation.evaluation:metric_call:77 - metric_func_name exact_match score 0.0 msg exact not match, response: 优化；数据共享核验, target: 新建
2026-08-07 15:46:06.573 | DEBUG    | eval.evaluation.evaluation:metric_call:77 - metric_func_name exact_match score 0.0 msg exact not match, response: 优化；数据共享核验, target: 新建
2026-08-07 15:46:06.573 | DEBUG    | eval.evaluation.evaluation:metric_call:77 - metric_func_name exact_match score 0.0 msg exact not match, response: 优化；一表申请、并联审批, target: 新建
2026-08-07 15:46:06.573 | DEBUG    | eval.evaluation.evaluation:metric_call:77 - metric_func_name exact_match score 0.0 msg exact not match, response: 优化；一表申请、并联审批, target: 新建
2026-08-07 15:46:06.573 | DEBUG    | eval.evaluation.evaluation:metric_call:77 - metric_func_name exact_match score 0.0 msg exact not match, response: 优化；一表申请、并联审批, target: 新建
2026-08-07 15:46:06.573 | DEBUG    | eval.evaluation.evaluation:metric_call:77 - metric_func_name exact_match score 0.0 msg exact not match, response: 优化；一表申请、并联审批, target: 新建
2026-08-07 15:46:06.573 | DEBUG    | eval.evaluation.evaluation:metric_call:77 - metric_func_name exact_match score 0.0 msg exact not match, response: 新建；一次申请、并联办理, target: 优化
2026-08-07 15:46:06.573 | DEBUG    | eval.evaluation.evaluation:metric_call:77 - metric_func_name exact_match score 0.0 msg exact not match, response: 新建；一次申请、并联办理, target: 优化
2026-08-07 15:46:06.573 | DEBUG    | eval.evaluation.evaluation:metric_call:77 - metric_func_name exact_match score 0.0 msg exact not match, response: 新建；一次申请、并联办理, target: 优化
2026-08-07 15:46:06.573 | DEBUG    | eval.evaluation.evaluation:metric_call:77 - metric_func_name exact_match score 0.0 msg exact not match, response: 新建；婚姻登记与户籍业务联办, target: 优化
2026-08-07 15:46:06.573 | DEBUG    | eval.evaluation.evaluation:metric_call:77 - metric_func_name exact_match score 0.0 msg exact not match, response: 新建；数据共享、联动办理, target: 优化
2026-08-07 15:46:06.573 | DEBUG    | eval.evaluation.evaluation:metric_call:77 - metric_func_name exact_match score 0.0 msg exact not match, response: 新建；数据共享、联动办理, target: 优化
2026-08-07 15:46:06.574 | DEBUG    | eval.evaluation.evaluation:metric_call:77 - metric_func_name exact_match score 0.0 msg exact not match, response: 优化；多证联办、信息共享, target: 新建
2026-08-07 15:46:06.574 | DEBUG    | eval.evaluation.evaluation:metric_call:77 - metric_func_name exact_match score 0.0 msg exact not match, response: 优化；多证联办、信息共享, target: 新建
2026-08-07 15:46:06.574 | DEBUG    | eval.evaluation.evaluation:metric_call:77 - metric_func_name exact_match score 0.0 msg exact not match, response: 优化；多证联办、信息共享, target: 新建
2026-08-07 15:46:06.574 | DEBUG    | eval.evaluation.evaluation:metric_call:77 - metric_func_name exact_match score 0.0 msg exact not match, response: 优化；多证联办、信息共享, target: 新建
2026-08-07 15:46:06.574 | DEBUG    | eval.evaluation.evaluation:metric_call:77 - metric_func_name exact_match score 0.0 msg exact not match, response: 新建；线上申请、数据核验, target: 新建
2026-08-07 15:46:06.574 | DEBUG    | eval.evaluation.evaluation:metric_call:77 - metric_func_name exact_match score 0.0 msg exact not match, response: 新建；线上申请、数据核验, target: 新建
2026-08-07 15:46:06.574 | DEBUG    | eval.evaluation.evaluation:metric_call:77 - metric_func_name exact_match score 0.0 msg exact not match, response: 新建；数据共享核验, target: 新建
2026-08-07 15:46:06.574 | DEBUG    | eval.evaluation.evaluation:metric_call:77 - metric_func_name exact_match score 0.0 msg exact not match, response: 新建；数据共享核验, target: 新建
2026-08-07 15:46:06.574 | DEBUG    | eval.evaluation.evaluation:metric_call:77 - metric_func_name exact_match score 0.0 msg exact not match, response: 新建；线上申请、共享核验, target: 新建
2026-08-07 15:46:06.574 | DEBUG    | eval.evaluation.evaluation:metric_call:77 - metric_func_name exact_match score 0.0 msg exact not match, response: 新建；数据共享核验, target: 新建
2026-08-07 15:46:06.574 | DEBUG    | eval.evaluation.evaluation:metric_call:77 - metric_func_name exact_match score 0.0 msg exact not match, response: 新建；数据共享核验, target: 新建
2026-08-07 15:46:06.574 | DEBUG    | eval.evaluation.evaluation:metric_call:77 - metric_func_name exact_match score 0.0 msg exact not match, response: 新建；数据共享核验, target: 新建
2026-08-07 15:46:06.574 | DEBUG    | eval.evaluation.evaluation:metric_call:77 - metric_func_name exact_match score 0.0 msg exact not match, response: 优化；一次申报、身后事项联办, target: 优化
2026-08-07 15:46:06.574 | DEBUG    | eval.evaluation.evaluation:metric_call:77 - metric_func_name exact_match score 0.0 msg exact not match, response: 优化；一次申报、身后事项联办, target: 优化
2026-08-07 15:46:06.574 | DEBUG    | eval.evaluation.evaluation:metric_call:77 - metric_func_name exact_match score 0.0 msg exact not match, response: 优化；数据共享、协同办理, target: 优化
2026-08-07 15:46:06.574 | DEBUG    | eval.evaluation.evaluation:metric_call:77 - metric_func_name exact_match score 0.0 msg exact not match, response: 优化；数据共享、协同办理, target: 优化
2026-08-07 15:46:06.574 | DEBUG    | eval.evaluation.evaluation:metric_call:77 - metric_func_name exact_match score 0.0 msg exact not match, response: 优化；数据共享、协同办理, target: 优化
2026-08-07 15:46:06.574 | DEBUG    | eval.evaluation.evaluation:metric_call:77 - metric_func_name exact_match score 0.0 msg exact not match, response: 优化；数据共享、协同办理, target: 优化
2026-08-07 15:46:06.574 | DEBUG    | eval.evaluation.evaluation:metric_call:77 - metric_func_name exact_match score 0.0 msg exact not match, response: 优化；数据共享、协同办理, target: 优化
2026-08-07 15:46:06.574 | DEBUG    | eval.evaluation.evaluation:metric_call:77 - metric_func_name exact_match score 0.0 msg exact not match, response: 优化；数据共享、协同办理, target: 优化
2026-08-07 15:46:06.574 | DEBUG    | eval.evaluation.evaluation:metric_call:77 - metric_func_name exact_match score 0.0 msg exact not match, response: 优化；数据共享、协同办理, target: 优化
2026-08-07 15:46:06.574 | DEBUG    | eval.evaluation.evaluation:metric_call:77 - metric_func_name exact_match score 0.0 msg exact not match, response: 优化；数据共享核验, target: 优化
2026-08-07 15:46:06.574 | DEBUG    | eval.evaluation.evaluation:metric_call:77 - metric_func_name exact_match score 0.0 msg exact not match, response: 优化；数据共享核验, target: 优化
2026-08-07 15:46:06.574 | DEBUG    | eval.evaluation.evaluation:metric_call:77 - metric_func_name exact_match score 0.0 msg exact not match, response: 优化；信息核验、协同办理, target: 优化
2026-08-07 15:46:06.575 | DEBUG    | eval.evaluation.evaluation:evaluate_single_query:321 - wide2deep_ws_zh_062, col 实施方式, metric_func_name exact_match, score [0.0, 0.0, 0.0, 0.0, 0.0, 0.0, 0.0, 0.0, 0.0, 0.0, 0.0, 0.0, 0.0, 0.0, 0.0, 0.0, 0.0, 0.0, 0.0, 0.0, 0.0, 0.0, 0.0, 0.0, 0.0, 0.0, 0.0, 0.0, 0.0, 0.0, 0.0, 0.0, 0.0, 0.0, 0.0, 0.0, 0.0, 0.0, 0.0, 0.0, 0.0, 0.0, 0.0, 0.0, 0.0, 0.0, 0.0, 0.0, 0.0, 0.0, 0.0, 0.0, 0.0, 0.0, 0.0, 0.0, 0.0, 0.0, 0.0, 0.0, 0.0, 0.0]
2026-08-07 15:46:06.575 | DEBUG    | eval.evaluation.evaluation:metric_call:77 - metric_func_name exact_match score 1.0 msg exact match, response: 市市场监管局, target: 市市场监管局
2026-08-07 15:46:06.575 | DEBUG    | eval.evaluation.evaluation:metric_call:77 - metric_func_name exact_match score 1.0 msg exact match, response: 市市场监管局, target: 市市场监管局
2026-08-07 15:46:06.575 | DEBUG    | eval.evaluation.evaluation:metric_call:77 - metric_func_name exact_match score 1.0 msg exact match, response: 市市场监管局, target: 市市场监管局
2026-08-07 15:46:06.575 | DEBUG    | eval.evaluation.evaluation:metric_call:77 - metric_func_name exact_match score 1.0 msg exact match, response: 市市场监管局, target: 市市场监管局
2026-08-07 15:46:06.575 | DEBUG    | eval.evaluation.evaluation:metric_call:77 - metric_func_name exact_match score 1.0 msg exact match, response: 市市场监管局, target: 市市场监管局
2026-08-07 15:46:06.576 | DEBUG    | eval.evaluation.evaluation:metric_call:77 - metric_func_name exact_match score 1.0 msg exact match, response: 市市场监管局, target: 市市场监管局
2026-08-07 15:46:06.576 | DEBUG    | eval.evaluation.evaluation:metric_call:77 - metric_func_name exact_match score 0.0 msg exact not match, response: 市委金融办, target: 北京证监局
2026-08-07 15:46:06.576 | DEBUG    | eval.evaluation.evaluation:metric_call:77 - metric_func_name exact_match score 0.0 msg exact not match, response: 市委金融办, target: 北京证监局
2026-08-07 15:46:06.576 | DEBUG    | eval.evaluation.evaluation:metric_call:77 - metric_func_name exact_match score 0.0 msg exact not match, response: 市委金融办, target: 北京证监局
2026-08-07 15:46:06.576 | DEBUG    | eval.evaluation.evaluation:metric_call:77 - metric_func_name exact_match score 0.0 msg exact not match, response: 市委金融办, target: 北京证监局
2026-08-07 15:46:06.576 | DEBUG    | eval.evaluation.evaluation:metric_call:77 - metric_func_name exact_match score 0.0 msg exact not match, response: 市委金融办, target: 北京证监局
2026-08-07 15:46:06.576 | DEBUG    | eval.evaluation.evaluation:metric_call:77 - metric_func_name exact_match score 0.0 msg exact not match, response: 市委金融办, target: 北京证监局
2026-08-07 15:46:06.576 | DEBUG    | eval.evaluation.evaluation:metric_call:77 - metric_func_name exact_match score 1.0 msg exact match, response: 市科委、中关村管委会, target: 市科委、中关村管委会
2026-08-07 15:46:06.576 | DEBUG    | eval.evaluation.evaluation:metric_call:77 - metric_func_name exact_match score 1.0 msg exact match, response: 市科委、中关村管委会, target: 市科委、中关村管委会
2026-08-07 15:46:06.576 | DEBUG    | eval.evaluation.evaluation:metric_call:77 - metric_func_name exact_match score 1.0 msg exact match, response: 市科委、中关村管委会, target: 市科委、中关村管委会
2026-08-07 15:46:06.576 | DEBUG    | eval.evaluation.evaluation:metric_call:77 - metric_func_name exact_match score 1.0 msg exact match, response: 市科委、中关村管委会, target: 市科委、中关村管委会
2026-08-07 15:46:06.576 | DEBUG    | eval.evaluation.evaluation:metric_call:77 - metric_func_name exact_match score 1.0 msg exact match, response: 市科委、中关村管委会, target: 市科委、中关村管委会
2026-08-07 15:46:06.576 | DEBUG    | eval.evaluation.evaluation:metric_call:77 - metric_func_name exact_match score 1.0 msg exact match, response: 市发展改革委, target: 市发展改革委
2026-08-07 15:46:06.576 | DEBUG    | eval.evaluation.evaluation:metric_call:77 - metric_func_name exact_match score 1.0 msg exact match, response: 市发展改革委, target: 市发展改革委
2026-08-07 15:46:06.576 | DEBUG    | eval.evaluation.evaluation:metric_call:77 - metric_func_name exact_match score 1.0 msg exact match, response: 市发展改革委, target: 市发展改革委
2026-08-07 15:46:06.576 | DEBUG    | eval.evaluation.evaluation:metric_call:77 - metric_func_name exact_match score 1.0 msg exact match, response: 市发展改革委, target: 市发展改革委
2026-08-07 15:46:06.576 | DEBUG    | eval.evaluation.evaluation:metric_call:77 - metric_func_name exact_match score 0.0 msg exact not match, response: 市公安局公安交通管理局, target: 市公安局
2026-08-07 15:46:06.576 | DEBUG    | eval.evaluation.evaluation:metric_call:77 - metric_func_name exact_match score 0.0 msg exact not match, response: 市公安局公安交通管理局, target: 市公安局
2026-08-07 15:46:06.576 | DEBUG    | eval.evaluation.evaluation:metric_call:77 - metric_func_name exact_match score 0.0 msg exact not match, response: 市公安局公安交通管理局, target: 市公安局
2026-08-07 15:46:06.576 | DEBUG    | eval.evaluation.evaluation:metric_call:77 - metric_func_name exact_match score 0.0 msg exact not match, response: 市公安局公安交通管理局, target: 市公安局
2026-08-07 15:46:06.576 | DEBUG    | eval.evaluation.evaluation:metric_call:77 - metric_func_name exact_match score 0.0 msg exact not match, response: 市公安局公安交通管理局, target: 市公安局
2026-08-07 15:46:06.576 | DEBUG    | eval.evaluation.evaluation:metric_call:77 - metric_func_name exact_match score 0.0 msg exact not match, response: 市公安局公安交通管理局, target: 市公安局
2026-08-07 15:46:06.576 | DEBUG    | eval.evaluation.evaluation:metric_call:77 - metric_func_name exact_match score 0.0 msg exact not match, response: 市公安局公安交通管理局, target: 市公安局
2026-08-07 15:46:06.576 | DEBUG    | eval.evaluation.evaluation:metric_call:77 - metric_func_name exact_match score 1.0 msg exact match, response: 市住房城乡建设委, target: 市住房城乡建设委
2026-08-07 15:46:06.576 | DEBUG    | eval.evaluation.evaluation:metric_call:77 - metric_func_name exact_match score 1.0 msg exact match, response: 市住房城乡建设委, target: 市住房城乡建设委
2026-08-07 15:46:06.577 | DEBUG    | eval.evaluation.evaluation:metric_call:77 - metric_func_name exact_match score 1.0 msg exact match, response: 市住房城乡建设委, target: 市住房城乡建设委
2026-08-07 15:46:06.577 | DEBUG    | eval.evaluation.evaluation:metric_call:77 - metric_func_name exact_match score 1.0 msg exact match, response: 市住房城乡建设委, target: 市住房城乡建设委
2026-08-07 15:46:06.577 | DEBUG    | eval.evaluation.evaluation:metric_call:77 - metric_func_name exact_match score 1.0 msg exact match, response: 市人力资源社会保障局, target: 市人力资源社会保障局
2026-08-07 15:46:06.577 | DEBUG    | eval.evaluation.evaluation:metric_call:77 - metric_func_name exact_match score 1.0 msg exact match, response: 市人力资源社会保障局, target: 市人力资源社会保障局
2026-08-07 15:46:06.577 | DEBUG    | eval.evaluation.evaluation:metric_call:77 - metric_func_name exact_match score 1.0 msg exact match, response: 市人力资源社会保障局, target: 市人力资源社会保障局
2026-08-07 15:46:06.577 | DEBUG    | eval.evaluation.evaluation:metric_call:77 - metric_func_name exact_match score 1.0 msg exact match, response: 市民政局, target: 市民政局
2026-08-07 15:46:06.577 | DEBUG    | eval.evaluation.evaluation:metric_call:77 - metric_func_name exact_match score 1.0 msg exact match, response: 市民政局, target: 市民政局
2026-08-07 15:46:06.577 | DEBUG    | eval.evaluation.evaluation:metric_call:77 - metric_func_name exact_match score 1.0 msg exact match, response: 市民政局, target: 市民政局
2026-08-07 15:46:06.577 | DEBUG    | eval.evaluation.evaluation:metric_call:77 - metric_func_name exact_match score 1.0 msg exact match, response: 市科委、中关村管委会, target: 市科委、中关村管委会
2026-08-07 15:46:06.577 | DEBUG    | eval.evaluation.evaluation:metric_call:77 - metric_func_name exact_match score 1.0 msg exact match, response: 市科委、中关村管委会, target: 市科委、中关村管委会
2026-08-07 15:46:06.577 | DEBUG    | eval.evaluation.evaluation:metric_call:77 - metric_func_name exact_match score 1.0 msg exact match, response: 市科委、中关村管委会, target: 市科委、中关村管委会
2026-08-07 15:46:06.577 | DEBUG    | eval.evaluation.evaluation:metric_call:77 - metric_func_name exact_match score 1.0 msg exact match, response: 市科委、中关村管委会, target: 市科委、中关村管委会
2026-08-07 15:46:06.577 | DEBUG    | eval.evaluation.evaluation:metric_call:77 - metric_func_name exact_match score 1.0 msg exact match, response: 市商务局, target: 市商务局
2026-08-07 15:46:06.577 | DEBUG    | eval.evaluation.evaluation:metric_call:77 - metric_func_name exact_match score 1.0 msg exact match, response: 市商务局, target: 市商务局
2026-08-07 15:46:06.577 | DEBUG    | eval.evaluation.evaluation:metric_call:77 - metric_func_name exact_match score 1.0 msg exact match, response: 市商务局, target: 市商务局
2026-08-07 15:46:06.577 | DEBUG    | eval.evaluation.evaluation:metric_call:77 - metric_func_name exact_match score 1.0 msg exact match, response: 市商务局, target: 市商务局
2026-08-07 15:46:06.577 | DEBUG    | eval.evaluation.evaluation:metric_call:77 - metric_func_name exact_match score 1.0 msg exact match, response: 市商务局, target: 市商务局
2026-08-07 15:46:06.577 | DEBUG    | eval.evaluation.evaluation:metric_call:77 - metric_func_name exact_match score 1.0 msg exact match, response: 市商务局, target: 市商务局
2026-08-07 15:46:06.577 | DEBUG    | eval.evaluation.evaluation:metric_call:77 - metric_func_name exact_match score 1.0 msg exact match, response: 市商务局, target: 市商务局
2026-08-07 15:46:06.577 | DEBUG    | eval.evaluation.evaluation:metric_call:77 - metric_func_name exact_match score 1.0 msg exact match, response: 市商务局, target: 市商务局
2026-08-07 15:46:06.577 | DEBUG    | eval.evaluation.evaluation:metric_call:77 - metric_func_name exact_match score 0.0 msg exact not match, response: 市民政局, target: 市公安局、市卫生健康委
2026-08-07 15:46:06.577 | DEBUG    | eval.evaluation.evaluation:metric_call:77 - metric_func_name exact_match score 0.0 msg exact not match, response: 市民政局, target: 市公安局、市卫生健康委
2026-08-07 15:46:06.577 | DEBUG    | eval.evaluation.evaluation:metric_call:77 - metric_func_name exact_match score 0.0 msg exact not match, response: 市民政局, target: 市公安局、市卫生健康委
2026-08-07 15:46:06.577 | DEBUG    | eval.evaluation.evaluation:metric_call:77 - metric_func_name exact_match score 0.0 msg exact not match, response: 市民政局, target: 市公安局、市卫生健康委
2026-08-07 15:46:06.577 | DEBUG    | eval.evaluation.evaluation:metric_call:77 - metric_func_name exact_match score 0.0 msg exact not match, response: 市民政局, target: 市公安局、市卫生健康委
2026-08-07 15:46:06.577 | DEBUG    | eval.evaluation.evaluation:metric_call:77 - metric_func_name exact_match score 0.0 msg exact not match, response: 市民政局, target: 市公安局、市卫生健康委
2026-08-07 15:46:06.577 | DEBUG    | eval.evaluation.evaluation:metric_call:77 - metric_func_name exact_match score 0.0 msg exact not match, response: 市民政局, target: 市公安局、市卫生健康委
2026-08-07 15:46:06.577 | DEBUG    | eval.evaluation.evaluation:metric_call:77 - metric_func_name exact_match score 0.0 msg exact not match, response: 市民政局, target: 市公安局、市卫生健康委
2026-08-07 15:46:06.577 | DEBUG    | eval.evaluation.evaluation:metric_call:77 - metric_func_name exact_match score 0.0 msg exact not match, response: 市民政局, target: 市公安局、市卫生健康委
2026-08-07 15:46:06.578 | DEBUG    | eval.evaluation.evaluation:metric_call:77 - metric_func_name exact_match score 0.0 msg exact not match, response: 市民政局, target: 市公安局、市卫生健康委
2026-08-07 15:46:06.578 | DEBUG    | eval.evaluation.evaluation:metric_call:77 - metric_func_name exact_match score 0.0 msg exact not match, response: 市民政局, target: 市公安局、市卫生健康委
2026-08-07 15:46:06.578 | DEBUG    | eval.evaluation.evaluation:metric_call:77 - metric_func_name exact_match score 0.0 msg exact not match, response: 市民政局, target: 市公安局、市卫生健康委
2026-08-07 15:46:06.578 | DEBUG    | eval.evaluation.evaluation:evaluate_single_query:321 - wide2deep_ws_zh_062, col 牵头部门, metric_func_name exact_match, score [1.0, 1.0, 1.0, 1.0, 1.0, 1.0, 0.0, 0.0, 0.0, 0.0, 0.0, 0.0, 1.0, 1.0, 1.0, 1.0, 1.0, 1.0, 1.0, 1.0, 1.0, 0.0, 0.0, 0.0, 0.0, 0.0, 0.0, 0.0, 1.0, 1.0, 1.0, 1.0, 1.0, 1.0, 1.0, 1.0, 1.0, 1.0, 1.0, 1.0, 1.0, 1.0, 1.0, 1.0, 1.0, 1.0, 1.0, 1.0, 1.0, 1.0, 0.0, 0.0, 0.0, 0.0, 0.0, 0.0, 0.0, 0.0, 0.0, 0.0, 0.0, 0.0]
2026-08-07 15:46:23.547 | DEBUG    | eval.evaluation.evaluation:evaluate_single_query:321 - wide2deep_ws_zh_062, col 配合部门, metric_func_name llm_judge, score [0, 0, 0, 0, 0, 0, 0, 0, 0, 0, 0, 0, 0, 0, 0, 0, 0, 0, 0, 0, 0, 0, 0, 0, 0, 0, 0, 0, 0, 0, 0, 0, 0, 0, 0, 1, 1, 1, 0, 0, 0, 0, 1, 0, 0, 0, 1, 0, 0, 0, 0, 0, 0, 0, 0, 0, 0, 0, 0, 0, 0, 0]
2026-08-07 15:46:23.548 | DEBUG    | eval.evaluation.evaluation:metric_call:77 - metric_func_name exact_match score 0.0 msg exact not match, response: 2025年12月底前, target: 2025年7月底
2026-08-07 15:46:23.548 | DEBUG    | eval.evaluation.evaluation:metric_call:77 - metric_func_name exact_match score 0.0 msg exact not match, response: 2025年12月底前, target: 2025年7月底
2026-08-07 15:46:23.548 | DEBUG    | eval.evaluation.evaluation:metric_call:77 - metric_func_name exact_match score 0.0 msg exact not match, response: 2025年12月底前, target: 2025年7月底
2026-08-07 15:46:23.548 | DEBUG    | eval.evaluation.evaluation:metric_call:77 - metric_func_name exact_match score 0.0 msg exact not match, response: 2025年12月底前, target: 2025年7月底
2026-08-07 15:46:23.548 | DEBUG    | eval.evaluation.evaluation:metric_call:77 - metric_func_name exact_match score 0.0 msg exact not match, response: 2025年12月底前, target: 2025年7月底
2026-08-07 15:46:23.548 | DEBUG    | eval.evaluation.evaluation:metric_call:77 - metric_func_name exact_match score 0.0 msg exact not match, response: 2025年12月底前, target: 2025年7月底
2026-08-07 15:46:23.548 | DEBUG    | eval.evaluation.evaluation:metric_call:77 - metric_func_name exact_match score 0.0 msg exact not match, response: 2025年12月底前, target: 2025年8月底
2026-08-07 15:46:23.548 | DEBUG    | eval.evaluation.evaluation:metric_call:77 - metric_func_name exact_match score 0.0 msg exact not match, response: 2025年12月底前, target: 2025年8月底
2026-08-07 15:46:23.548 | DEBUG    | eval.evaluation.evaluation:metric_call:77 - metric_func_name exact_match score 0.0 msg exact not match, response: 2025年12月底前, target: 2025年8月底
2026-08-07 15:46:23.548 | DEBUG    | eval.evaluation.evaluation:metric_call:77 - metric_func_name exact_match score 0.0 msg exact not match, response: 2025年12月底前, target: 2025年8月底
2026-08-07 15:46:23.548 | DEBUG    | eval.evaluation.evaluation:metric_call:77 - metric_func_name exact_match score 0.0 msg exact not match, response: 2025年12月底前, target: 2025年8月底
2026-08-07 15:46:23.548 | DEBUG    | eval.evaluation.evaluation:metric_call:77 - metric_func_name exact_match score 0.0 msg exact not match, response: 2025年12月底前, target: 2025年8月底
2026-08-07 15:46:23.548 | DEBUG    | eval.evaluation.evaluation:metric_call:77 - metric_func_name exact_match score 0.0 msg exact not match, response: 2025年12月底前, target: 2025年7月底
2026-08-07 15:46:23.548 | DEBUG    | eval.evaluation.evaluation:metric_call:77 - metric_func_name exact_match score 0.0 msg exact not match, response: 2025年12月底前, target: 2025年7月底
2026-08-07 15:46:23.548 | DEBUG    | eval.evaluation.evaluation:metric_call:77 - metric_func_name exact_match score 0.0 msg exact not match, response: 2025年12月底前, target: 2025年7月底
2026-08-07 15:46:23.548 | DEBUG    | eval.evaluation.evaluation:metric_call:77 - metric_func_name exact_match score 0.0 msg exact not match, response: 2025年12月底前, target: 2025年7月底
2026-08-07 15:46:23.548 | DEBUG    | eval.evaluation.evaluation:metric_call:77 - metric_func_name exact_match score 0.0 msg exact not match, response: 2025年12月底前, target: 2025年7月底
2026-08-07 15:46:23.548 | DEBUG    | eval.evaluation.evaluation:metric_call:77 - metric_func_name exact_match score 0.0 msg exact not match, response: 2025年12月底前, target: 2025年7月底
2026-08-07 15:46:23.548 | DEBUG    | eval.evaluation.evaluation:metric_call:77 - metric_func_name exact_match score 0.0 msg exact not match, response: 2025年12月底前, target: 2025年7月底
2026-08-07 15:46:23.549 | DEBUG    | eval.evaluation.evaluation:metric_call:77 - metric_func_name exact_match score 0.0 msg exact not match, response: 2025年12月底前, target: 2025年7月底
2026-08-07 15:46:23.549 | DEBUG    | eval.evaluation.evaluation:metric_call:77 - metric_func_name exact_match score 0.0 msg exact not match, response: 2025年12月底前, target: 2025年7月底
2026-08-07 15:46:23.549 | DEBUG    | eval.evaluation.evaluation:metric_call:77 - metric_func_name exact_match score 0.0 msg exact not match, response: 2025年12月底前, target: 2025年7月底
2026-08-07 15:46:23.549 | DEBUG    | eval.evaluation.evaluation:metric_call:77 - metric_func_name exact_match score 0.0 msg exact not match, response: 2025年12月底前, target: 2025年7月底
2026-08-07 15:46:23.549 | DEBUG    | eval.evaluation.evaluation:metric_call:77 - metric_func_name exact_match score 0.0 msg exact not match, response: 2025年12月底前, target: 2025年7月底
2026-08-07 15:46:23.549 | DEBUG    | eval.evaluation.evaluation:metric_call:77 - metric_func_name exact_match score 0.0 msg exact not match, response: 2025年12月底前, target: 2025年7月底
2026-08-07 15:46:23.549 | DEBUG    | eval.evaluation.evaluation:metric_call:77 - metric_func_name exact_match score 0.0 msg exact not match, response: 2025年12月底前, target: 2025年7月底
2026-08-07 15:46:23.549 | DEBUG    | eval.evaluation.evaluation:metric_call:77 - metric_func_name exact_match score 0.0 msg exact not match, response: 2025年12月底前, target: 2025年7月底
2026-08-07 15:46:23.549 | DEBUG    | eval.evaluation.evaluation:metric_call:77 - metric_func_name exact_match score 0.0 msg exact not match, response: 2025年12月底前, target: 2025年7月底
2026-08-07 15:46:23.549 | DEBUG    | eval.evaluation.evaluation:metric_call:77 - metric_func_name exact_match score 0.0 msg exact not match, response: 2025年12月底前, target: 2025年7月底
2026-08-07 15:46:23.549 | DEBUG    | eval.evaluation.evaluation:metric_call:77 - metric_func_name exact_match score 0.0 msg exact not match, response: 2025年12月底前, target: 2025年7月底
2026-08-07 15:46:23.549 | DEBUG    | eval.evaluation.evaluation:metric_call:77 - metric_func_name exact_match score 0.0 msg exact not match, response: 2025年12月底前, target: 2025年7月底
2026-08-07 15:46:23.549 | DEBUG    | eval.evaluation.evaluation:metric_call:77 - metric_func_name exact_match score 0.0 msg exact not match, response: 2025年12月底前, target: 2025年7月底
2026-08-07 15:46:23.549 | DEBUG    | eval.evaluation.evaluation:metric_call:77 - metric_func_name exact_match score 0.0 msg exact not match, response: 2025年12月底前, target: 2025年7月底
2026-08-07 15:46:23.549 | DEBUG    | eval.evaluation.evaluation:metric_call:77 - metric_func_name exact_match score 0.0 msg exact not match, response: 2025年12月底前, target: 2025年7月底
2026-08-07 15:46:23.549 | DEBUG    | eval.evaluation.evaluation:metric_call:77 - metric_func_name exact_match score 0.0 msg exact not match, response: 2025年12月底前, target: 2025年7月底
2026-08-07 15:46:23.549 | DEBUG    | eval.evaluation.evaluation:metric_call:77 - metric_func_name exact_match score 0.0 msg exact not match, response: 2025年12月底前, target: 2025年7月底
2026-08-07 15:46:23.549 | DEBUG    | eval.evaluation.evaluation:metric_call:77 - metric_func_name exact_match score 0.0 msg exact not match, response: 2025年12月底前, target: 2025年7月底
2026-08-07 15:46:23.549 | DEBUG    | eval.evaluation.evaluation:metric_call:77 - metric_func_name exact_match score 0.0 msg exact not match, response: 2025年12月底前, target: 2025年7月底
2026-08-07 15:46:23.549 | DEBUG    | eval.evaluation.evaluation:metric_call:77 - metric_func_name exact_match score 0.0 msg exact not match, response: 2025年12月底前, target: 2025年8月底
2026-08-07 15:46:23.549 | DEBUG    | eval.evaluation.evaluation:metric_call:77 - metric_func_name exact_match score 0.0 msg exact not match, response: 2025年12月底前, target: 2025年8月底
2026-08-07 15:46:23.549 | DEBUG    | eval.evaluation.evaluation:metric_call:77 - metric_func_name exact_match score 0.0 msg exact not match, response: 2025年12月底前, target: 2025年8月底
2026-08-07 15:46:23.549 | DEBUG    | eval.evaluation.evaluation:metric_call:77 - metric_func_name exact_match score 0.0 msg exact not match, response: 2025年12月底前, target: 2025年8月底
2026-08-07 15:46:23.549 | DEBUG    | eval.evaluation.evaluation:metric_call:77 - metric_func_name exact_match score 0.0 msg exact not match, response: 2025年12月底前, target: 2025年7月底
2026-08-07 15:46:23.549 | DEBUG    | eval.evaluation.evaluation:metric_call:77 - metric_func_name exact_match score 0.0 msg exact not match, response: 2025年12月底前, target: 2025年7月底
2026-08-07 15:46:23.549 | DEBUG    | eval.evaluation.evaluation:metric_call:77 - metric_func_name exact_match score 0.0 msg exact not match, response: 2025年12月底前, target: 2025年7月底
2026-08-07 15:46:23.549 | DEBUG    | eval.evaluation.evaluation:metric_call:77 - metric_func_name exact_match score 0.0 msg exact not match, response: 2025年12月底前, target: 2025年7月底
2026-08-07 15:46:23.549 | DEBUG    | eval.evaluation.evaluation:metric_call:77 - metric_func_name exact_match score 0.0 msg exact not match, response: 2025年12月底前, target: 2025年7月底
2026-08-07 15:46:23.550 | DEBUG    | eval.evaluation.evaluation:metric_call:77 - metric_func_name exact_match score 0.0 msg exact not match, response: 2025年12月底前, target: 2025年7月底
2026-08-07 15:46:23.550 | DEBUG    | eval.evaluation.evaluation:metric_call:77 - metric_func_name exact_match score 0.0 msg exact not match, response: 2025年12月底前, target: 2025年7月底
2026-08-07 15:46:23.550 | DEBUG    | eval.evaluation.evaluation:metric_call:77 - metric_func_name exact_match score 0.0 msg exact not match, response: 2025年12月底前, target: 2025年7月底
2026-08-07 15:46:23.550 | DEBUG    | eval.evaluation.evaluation:metric_call:77 - metric_func_name exact_match score 0.0 msg exact not match, response: 2025年12月底前, target: 2025年7月底
2026-08-07 15:46:23.550 | DEBUG    | eval.evaluation.evaluation:metric_call:77 - metric_func_name exact_match score 0.0 msg exact not match, response: 2025年12月底前, target: 2025年7月底
2026-08-07 15:46:23.550 | DEBUG    | eval.evaluation.evaluation:metric_call:77 - metric_func_name exact_match score 0.0 msg exact not match, response: 2025年12月底前, target: 2025年7月底
2026-08-07 15:46:23.550 | DEBUG    | eval.evaluation.evaluation:metric_call:77 - metric_func_name exact_match score 0.0 msg exact not match, response: 2025年12月底前, target: 2025年7月底
2026-08-07 15:46:23.550 | DEBUG    | eval.evaluation.evaluation:metric_call:77 - metric_func_name exact_match score 0.0 msg exact not match, response: 2025年12月底前, target: 2025年7月底
2026-08-07 15:46:23.550 | DEBUG    | eval.evaluation.evaluation:metric_call:77 - metric_func_name exact_match score 0.0 msg exact not match, response: 2025年12月底前, target: 2025年7月底
2026-08-07 15:46:23.550 | DEBUG    | eval.evaluation.evaluation:metric_call:77 - metric_func_name exact_match score 0.0 msg exact not match, response: 2025年12月底前, target: 2025年7月底
2026-08-07 15:46:23.550 | DEBUG    | eval.evaluation.evaluation:metric_call:77 - metric_func_name exact_match score 0.0 msg exact not match, response: 2025年12月底前, target: 2025年7月底
2026-08-07 15:46:23.550 | DEBUG    | eval.evaluation.evaluation:metric_call:77 - metric_func_name exact_match score 0.0 msg exact not match, response: 2025年12月底前, target: 2025年7月底
2026-08-07 15:46:23.550 | DEBUG    | eval.evaluation.evaluation:metric_call:77 - metric_func_name exact_match score 0.0 msg exact not match, response: 2025年12月底前, target: 2025年7月底
2026-08-07 15:46:23.550 | DEBUG    | eval.evaluation.evaluation:metric_call:77 - metric_func_name exact_match score 0.0 msg exact not match, response: 2025年12月底前, target: 2025年7月底
2026-08-07 15:46:23.550 | DEBUG    | eval.evaluation.evaluation:metric_call:77 - metric_func_name exact_match score 0.0 msg exact not match, response: 2025年12月底前, target: 2025年7月底
2026-08-07 15:46:23.551 | DEBUG    | eval.evaluation.evaluation:evaluate_single_query:321 - wide2deep_ws_zh_062, col 完成时限, metric_func_name exact_match, score [0.0, 0.0, 0.0, 0.0, 0.0, 0.0, 0.0, 0.0, 0.0, 0.0, 0.0, 0.0, 0.0, 0.0, 0.0, 0.0, 0.0, 0.0, 0.0, 0.0, 0.0, 0.0, 0.0, 0.0, 0.0, 0.0, 0.0, 0.0, 0.0, 0.0, 0.0, 0.0, 0.0, 0.0, 0.0, 0.0, 0.0, 0.0, 0.0, 0.0, 0.0, 0.0, 0.0, 0.0, 0.0, 0.0, 0.0, 0.0, 0.0, 0.0, 0.0, 0.0, 0.0, 0.0, 0.0, 0.0, 0.0, 0.0, 0.0, 0.0, 0.0, 0.0]
2026-08-07 15:46:23.560 | INFO     | eval.evaluation.evaluation:evaluate_single_query:380 - wide2deep_ws_zh_062, P/R/F1 by unique_columns: 0.6392/0.4844/0.5511
2026-08-07 15:46:23.561 | INFO     | eval.evaluation.evaluation:evaluate_single_query:383 - wide2deep_ws_zh_062, P/R/F1 by row: 0.0000/0.0000/0.0000
2026-08-07 15:46:23.561 | INFO     | eval.evaluation.evaluation:evaluate_single_query:386 - wide2deep_ws_zh_062, P/R/F1 by item: 0.2852/0.2161/0.2459
2026-08-07 15:46:23.567 | INFO     | eval.evaluation.evaluation:evaluate_single_query:398 - wide2deep_ws_zh_062, final table score: 0.0
{"event": "eval_done", "idx": 1, "instance_id": "wide2deep_ws_zh_062", "score": 0.0, "entity_acc": 1.0, "f1_by_row": 0.0, "f1_by_item": 0.24592592592592594, "column_f1": 0.5511111111111111, "error": null, "elapsed_seconds": 44.733, "running_n": 1}
2026-08-07 15:46:24.889 | DEBUG    | eval.evaluation.data_loader:extract_dataframe:167 - find markdown_str 
| 期刊名称 | 论文名称 | 论文关键词 | 论文作者 |
| --- | --- | --- | --- |
| 体育科学 ...
2026-08-07 15:46:26.635 | INFO     | eval.evaluation.metric_utils:primary_key_preprocess:246 - primary_key_preprocess result: ```json
{}
```
2026-08-07 15:46:26.637 | INFO     | eval.evaluation.evaluation:evaluate_single_query:223 - col: 论文名称, primary_key_map {}
2026-08-07 15:46:26.643 | INFO     | eval.evaluation.evaluation:evaluate_single_query:275 - wide2deep_ws_zh_098, df_inner shape: (0, 8), answer_df shape: (208, 4), response_df shape: (1, 5)
2026-08-07 15:46:29.048 | DEBUG    | eval.evaluation.evaluation:evaluate_single_query:321 - wide2deep_ws_zh_098, col 期刊名称, metric_func_name llm_judge, score []
2026-08-07 15:46:32.607 | DEBUG    | eval.evaluation.evaluation:evaluate_single_query:321 - wide2deep_ws_zh_098, col 论文关键词, metric_func_name llm_judge, score []
2026-08-07 15:46:33.812 | DEBUG    | eval.evaluation.evaluation:evaluate_single_query:321 - wide2deep_ws_zh_098, col 论文作者, metric_func_name llm_judge, score []
2026-08-07 15:46:33.818 | INFO     | eval.evaluation.evaluation:evaluate_single_query:380 - wide2deep_ws_zh_098, P/R/F1 by unique_columns: 0.0000/0.0000/0.0000
2026-08-07 15:46:33.818 | INFO     | eval.evaluation.evaluation:evaluate_single_query:383 - wide2deep_ws_zh_098, P/R/F1 by row: 0.0000/0.0000/0.0000
2026-08-07 15:46:33.818 | INFO     | eval.evaluation.evaluation:evaluate_single_query:386 - wide2deep_ws_zh_098, P/R/F1 by item: 0.0000/0.0000/0.0000
2026-08-07 15:46:33.818 | INFO     | eval.evaluation.evaluation:evaluate_single_query:398 - wide2deep_ws_zh_098, final table score: 0.0
{"event": "eval_done", "idx": 2, "instance_id": "wide2deep_ws_zh_098", "score": 0.0, "entity_acc": 1.0, "f1_by_row": 0.0, "f1_by_item": 0.0, "column_f1": 0.0, "error": null, "elapsed_seconds": 10.237, "running_n": 2}
{"event": "eval_done", "idx": 3, "instance_id": "deep2wide_result_22_橄榄树", "score": 0.0, "entity_acc": 0.0, "f1_by_row": 0.0, "f1_by_item": 0.0, "column_f1": 0.0, "error": null, "elapsed_seconds": 3.187, "running_n": 3}
2026-08-07 15:46:39.782 | DEBUG    | eval.evaluation.data_loader:extract_dataframe:167 - find markdown_str 
| 名称 | 面积 | 政府驻地首府 |
| --- | --- | --- |
| 安达卢西亚自治区 | 87,599平方千 ...
2026-08-07 15:46:42.771 | INFO     | eval.evaluation.metric_utils:primary_key_preprocess:246 - primary_key_preprocess result: ```json
{
  "名称": "名称",
  "面积": "面积",
  "政府驻地首府": "政府驻地/首府"
}
```
2026-08-07 15:46:42.771 | INFO     | eval.evaluation.evaluation:evaluate_single_query:172 - column map: {'名称': '名称', '面积': '面积', '政府驻地首府': '政府驻地/首府'}
2026-08-07 15:46:42.771 | INFO     | eval.evaluation.evaluation:evaluate_single_query:173 - befor mapping: Index(['名称', '面积', '政府驻地首府'], dtype='object')
2026-08-07 15:46:42.771 | INFO     | eval.evaluation.evaluation:evaluate_single_query:175 - after mapping: Index(['名称', '面积', '政府驻地/首府'], dtype='object')
2026-08-07 15:46:46.951 | INFO     | eval.evaluation.metric_utils:primary_key_preprocess:246 - primary_key_preprocess result: ```json
{
  "安达卢西亚自治区": "安达卢西亚自治区",
  "阿拉贡自治区": "阿拉贡自治区",
  "阿斯图里亚斯自治区": "阿斯图里亚斯自治区",
  "巴利阿里群岛自治区": "巴利阿里群岛",
  "巴斯克自治区": "巴斯克自治区",
  "加那利群岛自治区": "加那利群岛",
  "坎塔布里亚自治区": "坎塔布里亚自治区",
  "卡斯蒂利亚-拉曼恰自治区": "卡斯蒂利亚-拉曼恰自治区",
  "卡斯蒂利亚-莱昂自治区": "卡斯蒂利亚－莱昂",
  "加泰罗尼亚自治区": "加泰罗尼亚",
  "埃斯特雷马杜拉自治区": "埃斯特雷马杜拉自治区",
  "加利西亚自治区": "加利西亚自治区",
  "拉里奥哈自治区": "拉里奥哈自治区",
  "马德里自治区": "马德里自治区",
  "穆尔西亚自治区": "穆尔西亚省",
  "纳瓦拉自治区": "纳瓦拉自治区",
  "瓦伦西亚自治区": "巴伦西亚省"
}
```
2026-08-07 15:46:46.951 | INFO     | eval.evaluation.evaluation:evaluate_single_query:223 - col: 名称, primary_key_map {'安达卢西亚自治区': '安达卢西亚自治区', '阿拉贡自治区': '阿拉贡自治区', '阿斯图里亚斯自治区': '阿斯图里亚斯自治区', '巴利阿里群岛自治区': '巴利阿里群岛', '巴斯克自治区': '巴斯克自治区', '加那利群岛自治区': '加那利群岛', '坎塔布里亚自治区': '坎塔布里亚自治区', '卡斯蒂利亚-拉曼恰自治区': '卡斯蒂利亚-拉曼恰自治区', '卡斯蒂利亚-莱昂自治区': '卡斯蒂利亚－莱昂', '加泰罗尼亚自治区': '加泰罗尼亚', '埃斯特雷马杜拉自治区': '埃斯特雷马杜拉自治区', '加利西亚自治区': '加利西亚自治区', '拉里奥哈自治区': '拉里奥哈自治区', '马德里自治区': '马德里自治区', '穆尔西亚自治区': '穆尔西亚省', '纳瓦拉自治区': '纳瓦拉自治区', '瓦伦西亚自治区': '巴伦西亚省'}
2026-08-07 15:46:46.957 | INFO     | eval.evaluation.evaluation:evaluate_single_query:275 - deep2wide_result_40_西班牙, df_inner shape: (17, 6), answer_df shape: (17, 3), response_df shape: (17, 4)
2026-08-07 15:46:46.958 | DEBUG    | eval.evaluation.evaluation:metric_call:77 - metric_func_name number_near score 1.0 msg number near in range 5.0%, response: 87599.0, target: 87268.0
2026-08-07 15:46:46.958 | DEBUG    | eval.evaluation.evaluation:metric_call:77 - metric_func_name number_near score 1.0 msg number near in range 5.0%, response: 47720.0, target: 47720.0
2026-08-07 15:46:46.958 | DEBUG    | eval.evaluation.evaluation:metric_call:77 - metric_func_name number_near score 0.0 msg number not convertable, response: 10604.0, target: None
2026-08-07 15:46:46.958 | DEBUG    | eval.evaluation.evaluation:metric_call:77 - metric_func_name number_near score 1.0 msg number near in range 5.0%, response: 4992.0, target: 5014.0
2026-08-07 15:46:46.958 | DEBUG    | eval.evaluation.evaluation:metric_call:77 - metric_func_name number_near score 1.0 msg number near in range 5.0%, response: 7234.0, target: 7233.0
2026-08-07 15:46:46.958 | DEBUG    | eval.evaluation.evaluation:metric_call:77 - metric_func_name number_near score 1.0 msg number near in range 5.0%, response: 7447.0, target: 7273.0
2026-08-07 15:46:46.958 | DEBUG    | eval.evaluation.evaluation:metric_call:77 - metric_func_name number_near score 0.0 msg number not convertable, response: 5321.0, target: None
2026-08-07 15:46:46.958 | DEBUG    | eval.evaluation.evaluation:metric_call:77 - metric_func_name number_near score 1.0 msg number near in range 5.0%, response: 94226.0, target: 94223.0
2026-08-07 15:46:46.958 | DEBUG    | eval.evaluation.evaluation:metric_call:77 - metric_func_name number_near score 1.0 msg number near in range 5.0%, response: 79463.0, target: 79409.0
2026-08-07 15:46:46.959 | DEBUG    | eval.evaluation.evaluation:metric_call:77 - metric_func_name number_near score 1.0 msg number near in range 5.0%, response: 32113.0, target: 32108.0
2026-08-07 15:46:46.959 | DEBUG    | eval.evaluation.evaluation:metric_call:77 - metric_func_name number_near score 1.0 msg number near in range 5.0%, response: 41634.0, target: 41634.0
2026-08-07 15:46:46.959 | DEBUG    | eval.evaluation.evaluation:metric_call:77 - metric_func_name number_near score 1.0 msg number near in range 5.0%, response: 29575.0, target: 29574.0
2026-08-07 15:46:46.959 | DEBUG    | eval.evaluation.evaluation:metric_call:77 - metric_func_name number_near score 0.0 msg number not near, response: 8028.0, target: 607.0
2026-08-07 15:46:46.959 | DEBUG    | eval.evaluation.evaluation:metric_call:77 - metric_func_name number_near score 1.0 msg number near in range 5.0%, response: 11314.0, target: 11314.0
2026-08-07 15:46:46.959 | DEBUG    | eval.evaluation.evaluation:metric_call:77 - metric_func_name number_near score 0.0 msg number not convertable, response: 10391.0, target: None
2026-08-07 15:46:46.959 | DEBUG    | eval.evaluation.evaluation:metric_call:77 - metric_func_name number_near score 1.0 msg number near in range 5.0%, response: 5045.0, target: 5045.0
2026-08-07 15:46:46.959 | DEBUG    | eval.evaluation.evaluation:metric_call:77 - metric_func_name number_near score 0.0 msg number not near, response: 23255.0, target: 10.563
2026-08-07 15:46:46.959 | DEBUG    | eval.evaluation.evaluation:evaluate_single_query:321 - deep2wide_result_40_西班牙, col 面积, metric_func_name number_near, score [1.0, 1.0, 0.0, 1.0, 1.0, 1.0, 0.0, 1.0, 1.0, 1.0, 1.0, 1.0, 0.0, 1.0, 0.0, 1.0, 0.0]
2026-08-07 15:46:46.960 | DEBUG    | eval.evaluation.evaluation:metric_call:77 - metric_func_name exact_match score 1.0 msg exact match, response: 塞维利亚, target: 塞维利亚
2026-08-07 15:46:46.960 | DEBUG    | eval.evaluation.evaluation:metric_call:77 - metric_func_name exact_match score 1.0 msg exact match, response: 萨拉戈萨, target: 萨拉戈萨
2026-08-07 15:46:46.960 | DEBUG    | eval.evaluation.evaluation:metric_call:77 - metric_func_name exact_match score 1.0 msg exact match, response: 奥维耶多, target: 奥维耶多
2026-08-07 15:46:46.960 | DEBUG    | eval.evaluation.evaluation:metric_call:77 - metric_func_name exact_match score 1.0 msg exact match, response: 帕尔马, target: 帕尔马
2026-08-07 15:46:46.960 | DEBUG    | eval.evaluation.evaluation:metric_call:77 - metric_func_name exact_match score 1.0 msg exact match, response: 维多利亚-加斯泰斯, target: 维多利亚-加斯泰斯
2026-08-07 15:46:46.960 | DEBUG    | eval.evaluation.evaluation:metric_call:77 - metric_func_name exact_match score 0.0 msg exact not match, response: 圣克鲁斯-德特内里费、拉斯帕尔马斯（共同首府）, target: 圣克鲁斯-德特内里费、拉斯帕尔马斯
2026-08-07 15:46:46.960 | DEBUG    | eval.evaluation.evaluation:metric_call:77 - metric_func_name exact_match score 1.0 msg exact match, response: 桑坦德, target: 桑坦德
2026-08-07 15:46:46.960 | DEBUG    | eval.evaluation.evaluation:metric_call:77 - metric_func_name exact_match score 0.0 msg exact not match, response: 未设法定首府；政府及主要自治机构驻巴利亚多利德, target: 巴利亚多利德
2026-08-07 15:46:46.960 | DEBUG    | eval.evaluation.evaluation:metric_call:77 - metric_func_name exact_match score 0.0 msg exact not match, response: 托莱多, target: 托莱多市
2026-08-07 15:46:46.960 | DEBUG    | eval.evaluation.evaluation:metric_call:77 - metric_func_name exact_match score 1.0 msg exact match, response: 巴塞罗那, target: 巴塞罗那
2026-08-07 15:46:46.960 | DEBUG    | eval.evaluation.evaluation:metric_call:77 - metric_func_name exact_match score 1.0 msg exact match, response: 梅里达, target: 梅里达
2026-08-07 15:46:46.960 | DEBUG    | eval.evaluation.evaluation:metric_call:77 - metric_func_name exact_match score 0.0 msg exact not match, response: 圣地亚哥-德孔波斯特拉, target: 圣地亚哥德孔波斯特拉
2026-08-07 15:46:46.960 | DEBUG    | eval.evaluation.evaluation:metric_call:77 - metric_func_name exact_match score 1.0 msg exact match, response: 马德里, target: 马德里
2026-08-07 15:46:46.960 | DEBUG    | eval.evaluation.evaluation:metric_call:77 - metric_func_name exact_match score 1.0 msg exact match, response: 穆尔西亚, target: 穆尔西亚
2026-08-07 15:46:46.960 | DEBUG    | eval.evaluation.evaluation:metric_call:77 - metric_func_name exact_match score 1.0 msg exact match, response: 潘普洛纳, target: 潘普洛纳
2026-08-07 15:46:46.960 | DEBUG    | eval.evaluation.evaluation:metric_call:77 - metric_func_name exact_match score 1.0 msg exact match, response: 洛格罗尼奥, target: 洛格罗尼奥
2026-08-07 15:46:46.960 | DEBUG    | eval.evaluation.evaluation:metric_call:77 - metric_func_name exact_match score 0.0 msg exact not match, response: 瓦伦西亚, target: 巴伦西亚
2026-08-07 15:46:46.961 | DEBUG    | eval.evaluation.evaluation:evaluate_single_query:321 - deep2wide_result_40_西班牙, col 政府驻地/首府, metric_func_name exact_match, score [1.0, 1.0, 1.0, 1.0, 1.0, 0.0, 1.0, 0.0, 0.0, 1.0, 1.0, 0.0, 1.0, 1.0, 1.0, 1.0, 0.0]
2026-08-07 15:46:46.964 | INFO     | eval.evaluation.evaluation:evaluate_single_query:380 - deep2wide_result_40_西班牙, P/R/F1 by unique_columns: 1.0000/1.0000/1.0000
2026-08-07 15:46:46.964 | INFO     | eval.evaluation.evaluation:evaluate_single_query:383 - deep2wide_result_40_西班牙, P/R/F1 by row: 0.4706/0.4706/0.4706
2026-08-07 15:46:46.965 | INFO     | eval.evaluation.evaluation:evaluate_single_query:386 - deep2wide_result_40_西班牙, P/R/F1 by item: 0.8039/0.8039/0.8039
2026-08-07 15:46:46.966 | INFO     | eval.evaluation.evaluation:evaluate_single_query:398 - deep2wide_result_40_西班牙, final table score: 0.0
{"event": "eval_done", "idx": 4, "instance_id": "deep2wide_result_40_西班牙", "score": 0.0, "entity_acc": 1.0, "f1_by_row": 0.47058823529411764, "f1_by_item": 0.8039215686274509, "column_f1": 1.0, "error": null, "elapsed_seconds": 9.927, "running_n": 4}
2026-08-07 15:46:51.588 | DEBUG    | eval.evaluation.data_loader:extract_dataframe:167 - find markdown_str 
| 姓名 | 字 | 籍贯 |
| --- | --- | --- |
| 张机 | 仲景 | 南阳郡涅阳县（今河南邓州一带） ...
2026-08-07 15:46:53.600 | INFO     | eval.evaluation.metric_utils:primary_key_preprocess:246 - primary_key_preprocess result: ```json
{
  "张机": "张仲景",
  "华佗": "华佗",
  "董奉": "董奉"
}
```
2026-08-07 15:46:53.600 | INFO     | eval.evaluation.evaluation:evaluate_single_query:223 - col: 姓名, primary_key_map {'张机': '张仲景', '华佗': '华佗', '董奉': '董奉'}
2026-08-07 15:46:53.604 | INFO     | eval.evaluation.evaluation:evaluate_single_query:275 - deep2wide_result_42_建安三神医, df_inner shape: (3, 6), answer_df shape: (3, 3), response_df shape: (3, 4)
2026-08-07 15:46:56.643 | DEBUG    | eval.evaluation.evaluation:evaluate_single_query:321 - deep2wide_result_42_建安三神医, col 字, metric_func_name llm_judge, score [1, 1, 1]
2026-08-07 15:46:59.103 | DEBUG    | eval.evaluation.evaluation:evaluate_single_query:321 - deep2wide_result_42_建安三神医, col 籍贯, metric_func_name llm_judge, score [1, 1, 1]
2026-08-07 15:46:59.107 | INFO     | eval.evaluation.evaluation:evaluate_single_query:380 - deep2wide_result_42_建安三神医, P/R/F1 by unique_columns: 1.0000/1.0000/1.0000
2026-08-07 15:46:59.107 | INFO     | eval.evaluation.evaluation:evaluate_single_query:383 - deep2wide_result_42_建安三神医, P/R/F1 by row: 1.0000/1.0000/1.0000
2026-08-07 15:46:59.107 | INFO     | eval.evaluation.evaluation:evaluate_single_query:386 - deep2wide_result_42_建安三神医, P/R/F1 by item: 1.0000/1.0000/1.0000
2026-08-07 15:46:59.108 | INFO     | eval.evaluation.evaluation:evaluate_single_query:398 - deep2wide_result_42_建安三神医, final table score: 1
{"event": "eval_done", "idx": 5, "instance_id": "deep2wide_result_42_建安三神医", "score": 1, "entity_acc": 1.0, "f1_by_row": 1.0, "f1_by_item": 1.0, "column_f1": 1.0, "error": null, "elapsed_seconds": 12.126, "running_n": 5}
{"event": "eval_done", "idx": 6, "instance_id": "deep2wide_result_48_乐清市知临中学", "score": 0.0, "entity_acc": 0.0, "f1_by_row": 0.0, "f1_by_item": 0.0, "column_f1": 0.0, "error": null, "elapsed_seconds": 5.2, "running_n": 6}
{"event": "eval_done", "idx": 7, "instance_id": "deep2wide_result_51_安提帕特王朝", "score": 0.0, "entity_acc": 0.0, "f1_by_row": 0.0, "f1_by_item": 0.0, "column_f1": 0.0, "error": null, "elapsed_seconds": 1.523, "running_n": 7}
SUMMARY {"n": 7, "valid_n": 7, "errors": 0, "complete": true, "judge_calls_current_process": 19, "score": 0.14285714285714285, "entity_acc": 0.5714285714285714, "precision_by_row": 0.21008403361344538, "recall_by_row": 0.21008403361344538, "f1_by_row": 0.21008403361344538, "precision_by_item": 0.29844927661786363, "recall_by_item": 0.2885810574229692, "f1_by_item": 0.2928353563647681, "column_precision": 0.37702503681885124, "column_recall": 0.3549107142857143, "column_f1": 0.36444444444444446}
