INFO: Pandarallel will run on 8 workers.
INFO: Pandarallel will use Memory file system to transfer data between the main process and workers.
{"event": "eval_start", "selected": 7, "resume_committed": 0, "committed_errors": 0, "crash_only_resume": false}
2026-08-07 15:45:44.456 | DEBUG    | eval.evaluation.data_loader:extract_dataframe:167 - find markdown_str 
| 产品名称 | 首发年份 | 容量 | 容量对应售价（美元） | 核心新增技术 / 功能 |
| --- | --- | - ...
2026-08-07 15:45:48.579 | INFO     | eval.evaluation.metric_utils:primary_key_preprocess:246 - primary_key_preprocess result: ```json
{
  "iPhone 4S": "iPhone 4S",
  "iPhone 5": "iPhone 5"
}
```
2026-08-07 15:45:48.579 | INFO     | eval.evaluation.evaluation:evaluate_single_query:223 - col: 产品名称, primary_key_map {'iPhone 4S': 'iPhone 4S', 'iPhone 5': 'iPhone 5'}
2026-08-07 15:45:48.588 | INFO     | eval.evaluation.evaluation:evaluate_single_query:275 - wide2deep_ws_zh_059, df_inner shape: (2, 10), answer_df shape: (40, 5), response_df shape: (14, 6)
2026-08-07 15:45:48.590 | DEBUG    | eval.evaluation.evaluation:metric_call:77 - metric_func_name exact_match score 1.0 msg exact match, response: 2011, target: 2011
2026-08-07 15:45:48.590 | DEBUG    | eval.evaluation.evaluation:metric_call:77 - metric_func_name exact_match score 1.0 msg exact match, response: 2012, target: 2012
2026-08-07 15:45:48.591 | DEBUG    | eval.evaluation.evaluation:evaluate_single_query:321 - wide2deep_ws_zh_059, col 首发年份, metric_func_name exact_match, score [1.0, 1.0]
2026-08-07 15:45:49.522 | DEBUG    | eval.evaluation.evaluation:evaluate_single_query:321 - wide2deep_ws_zh_059, col 容量, metric_func_name llm_judge, score [1, 1]
2026-08-07 15:45:51.447 | DEBUG    | eval.evaluation.evaluation:evaluate_single_query:321 - wide2deep_ws_zh_059, col 容量对应售价（美元）, metric_func_name llm_judge, score [1, 1]
2026-08-07 15:45:57.687 | DEBUG    | eval.evaluation.evaluation:evaluate_single_query:321 - wide2deep_ws_zh_059, col 核心新增技术/功能, metric_func_name llm_judge, score [1, 1]
2026-08-07 15:45:57.694 | INFO     | eval.evaluation.evaluation:evaluate_single_query:380 - wide2deep_ws_zh_059, P/R/F1 by unique_columns: 0.1429/0.0500/0.0741
2026-08-07 15:45:57.695 | INFO     | eval.evaluation.evaluation:evaluate_single_query:383 - wide2deep_ws_zh_059, P/R/F1 by row: 0.1429/0.0500/0.0741
2026-08-07 15:45:57.695 | INFO     | eval.evaluation.evaluation:evaluate_single_query:386 - wide2deep_ws_zh_059, P/R/F1 by item: 0.1429/0.0500/0.0741
2026-08-07 15:45:57.697 | INFO     | eval.evaluation.evaluation:evaluate_single_query:398 - wide2deep_ws_zh_059, final table score: 0.0
{"event": "eval_done", "idx": 1, "instance_id": "wide2deep_ws_zh_059", "score": 0.0, "entity_acc": 1.0, "f1_by_row": 0.07407407407407408, "f1_by_item": 0.07407407407407408, "column_f1": 0.07407407407407408, "error": null, "elapsed_seconds": 18.757, "running_n": 1}
2026-08-07 15:45:59.212 | DEBUG    | eval.evaluation.data_loader:extract_dataframe:167 - find markdown_str 
| Date | the Concert’s English Name | Host Country | Host City  ...
2026-08-07 15:46:01.963 | INFO     | eval.evaluation.metric_utils:primary_key_preprocess:246 - primary_key_preprocess result: ```json
{}
```
2026-08-07 15:46:01.963 | INFO     | eval.evaluation.evaluation:evaluate_single_query:223 - col: date, primary_key_map {}
2026-08-07 15:46:01.971 | INFO     | eval.evaluation.evaluation:evaluate_single_query:275 - wide2deep_ws_en_006, df_inner shape: (0, 10), answer_df shape: (534, 5), response_df shape: (1, 6)
2026-08-07 15:46:01.975 | ERROR    | eval.evaluation.evaluation:evaluate_single_query:401 - evaluator error: 
Traceback (most recent call last):
  File "/home/azureuser/workspace-gzy/zyf/deep/external/Marco-Search-Agent/Marco-DeepResearch-Family/DeepWideSearch/eval/evaluation/evaluation.py", line 315, in evaluate_single_query
    df_inner_score[f"{col}_{metric_func_name}"] = (
    ~~~~~~~~~~~~~~^^^^^^^^^^^^^^^^^^^^^^^^^^^^^
  File "/home/azureuser/workspace-gzy/zyf/deep/.venv-eval/lib/python3.12/site-packages/pandas/core/frame.py", line 4312, in __setitem__
    self._set_item_frame_value(key, value)
  File "/home/azureuser/workspace-gzy/zyf/deep/.venv-eval/lib/python3.12/site-packages/pandas/core/frame.py", line 4470, in _set_item_frame_value
    raise ValueError(
ValueError: Cannot set a DataFrame with multiple columns to the single column theconcert’senglishname_exact_match

{"event": "eval_done", "idx": 2, "instance_id": "wide2deep_ws_en_006", "score": null, "entity_acc": null, "f1_by_row": null, "f1_by_item": null, "column_f1": null, "error": "RuntimeError: official evaluator reported an internal error", "elapsed_seconds": 4.264, "running_n": 2}
2026-08-07 15:46:04.194 | DEBUG    | eval.evaluation.data_loader:extract_dataframe:167 - find markdown_str 
| State | Number of Congressional Districts | Number of Elector ...
2026-08-07 15:46:08.925 | INFO     | eval.evaluation.metric_utils:primary_key_preprocess:246 - primary_key_preprocess result: ```json
{
  "Alabama": "Alabama",
  "Alaska": "Alaska",
  "Arizona": "Arizona",
  "Arkansas": "Arkansas",
  "California": "California",
  "Colorado": "Colorado",
  "Connecticut": "Connecticut",
  "Delaware": "Delaware",
  "Florida": "Florida",
  "Georgia": "Georgia",
  "Hawaii": "Hawaii",
  "Idaho": "Idaho",
  "Illinois": "Illinois",
  "Indiana": "Indiana",
  "Iowa": "Iowa",
  "Kansas": "Kansas",
  "Kentucky": "Kentucky",
  "Louisiana": "Louisiana",
  "Maine": "Maine",
  "Maryland": "Maryland",
  "Massachusetts": "Massachusetts",
  "Michigan": "Michigan",
  "Minnesota": "Minnesota",
  "Mississippi": "Mississippi",
  "Missouri": "Missouri",
  "Montana": "Montana",
  "Nebraska": "Nebraska",
  "Nevada": "Nevada",
  "New Hampshire": "New Hampshire",
  "New Jersey": "New Jersey",
  "New Mexico": "New Mexico",
  "New York": "New York",
  "North Carolina": "North Carolina",
  "North Dakota": "North Dakota",
  "Ohio": "Ohio",
  "Oklahoma": "Oklahoma",
  "Oregon": "Oregon",
  "Pennsylvania": "Pennsylvania",
  "Rhode Island": "Rhode Island",
  "South Carolina": "South Carolina",
  "South Dakota": "South Dakota",
  "Tennessee": "Tennessee",
  "Texas": "Texas",
  "Utah": "Utah",
  "Vermont": "Vermont",
  "Virginia": "Virginia",
  "Washington": "Washington",
  "West Virginia": "West Virginia",
  "Wisconsin": "Wisconsin",
  "Wyoming": "Wyoming"
}
```
2026-08-07 15:46:08.926 | INFO     | eval.evaluation.evaluation:evaluate_single_query:223 - col: state, primary_key_map {'Alabama': 'Alabama', 'Alaska': 'Alaska', 'Arizona': 'Arizona', 'Arkansas': 'Arkansas', 'California': 'California', 'Colorado': 'Colorado', 'Connecticut': 'Connecticut', 'Delaware': 'Delaware', 'Florida': 'Florida', 'Georgia': 'Georgia', 'Hawaii': 'Hawaii', 'Idaho': 'Idaho', 'Illinois': 'Illinois', 'Indiana': 'Indiana', 'Iowa': 'Iowa', 'Kansas': 'Kansas', 'Kentucky': 'Kentucky', 'Louisiana': 'Louisiana', 'Maine': 'Maine', 'Maryland': 'Maryland', 'Massachusetts': 'Massachusetts', 'Michigan': 'Michigan', 'Minnesota': 'Minnesota', 'Mississippi': 'Mississippi', 'Missouri': 'Missouri', 'Montana': 'Montana', 'Nebraska': 'Nebraska', 'Nevada': 'Nevada', 'New Hampshire': 'New Hampshire', 'New Jersey': 'New Jersey', 'New Mexico': 'New Mexico', 'New York': 'New York', 'North Carolina': 'North Carolina', 'North Dakota': 'North Dakota', 'Ohio': 'Ohio', 'Oklahoma': 'Oklahoma', 'Oregon': 'Oregon', 'Pennsylvania': 'Pennsylvania', 'Rhode Island': 'Rhode Island', 'South Carolina': 'South Carolina', 'South Dakota': 'South Dakota', 'Tennessee': 'Tennessee', 'Texas': 'Texas', 'Utah': 'Utah', 'Vermont': 'Vermont', 'Virginia': 'Virginia', 'Washington': 'Washington', 'West Virginia': 'West Virginia', 'Wisconsin': 'Wisconsin', 'Wyoming': 'Wyoming'}
2026-08-07 15:46:08.931 | INFO     | eval.evaluation.evaluation:evaluate_single_query:275 - wide2deep_ws_en_026, df_inner shape: (50, 10), answer_df shape: (50, 5), response_df shape: (50, 6)
2026-08-07 15:46:08.932 | DEBUG    | eval.evaluation.evaluation:metric_call:77 - metric_func_name exact_match score 1.0 msg exact match, response: 7, target: 7
2026-08-07 15:46:08.932 | DEBUG    | eval.evaluation.evaluation:metric_call:77 - metric_func_name exact_match score 1.0 msg exact match, response: 1, target: 1
2026-08-07 15:46:08.932 | DEBUG    | eval.evaluation.evaluation:metric_call:77 - metric_func_name exact_match score 1.0 msg exact match, response: 9, target: 9
2026-08-07 15:46:08.932 | DEBUG    | eval.evaluation.evaluation:metric_call:77 - metric_func_name exact_match score 1.0 msg exact match, response: 4, target: 4
2026-08-07 15:46:08.932 | DEBUG    | eval.evaluation.evaluation:metric_call:77 - metric_func_name exact_match score 1.0 msg exact match, response: 52, target: 52
2026-08-07 15:46:08.932 | DEBUG    | eval.evaluation.evaluation:metric_call:77 - metric_func_name exact_match score 1.0 msg exact match, response: 8, target: 8
2026-08-07 15:46:08.933 | DEBUG    | eval.evaluation.evaluation:metric_call:77 - metric_func_name exact_match score 1.0 msg exact match, response: 5, target: 5
2026-08-07 15:46:08.933 | DEBUG    | eval.evaluation.evaluation:metric_call:77 - metric_func_name exact_match score 1.0 msg exact match, response: 1, target: 1
2026-08-07 15:46:08.933 | DEBUG    | eval.evaluation.evaluation:metric_call:77 - metric_func_name exact_match score 1.0 msg exact match, response: 28, target: 28
2026-08-07 15:46:08.933 | DEBUG    | eval.evaluation.evaluation:metric_call:77 - metric_func_name exact_match score 1.0 msg exact match, response: 14, target: 14
2026-08-07 15:46:08.933 | DEBUG    | eval.evaluation.evaluation:metric_call:77 - metric_func_name exact_match score 1.0 msg exact match, response: 2, target: 2
2026-08-07 15:46:08.933 | DEBUG    | eval.evaluation.evaluation:metric_call:77 - metric_func_name exact_match score 1.0 msg exact match, response: 2, target: 2
2026-08-07 15:46:08.933 | DEBUG    | eval.evaluation.evaluation:metric_call:77 - metric_func_name exact_match score 1.0 msg exact match, response: 17, target: 17
2026-08-07 15:46:08.933 | DEBUG    | eval.evaluation.evaluation:metric_call:77 - metric_func_name exact_match score 1.0 msg exact match, response: 9, target: 9
2026-08-07 15:46:08.933 | DEBUG    | eval.evaluation.evaluation:metric_call:77 - metric_func_name exact_match score 1.0 msg exact match, response: 4, target: 4
2026-08-07 15:46:08.933 | DEBUG    | eval.evaluation.evaluation:metric_call:77 - metric_func_name exact_match score 1.0 msg exact match, response: 4, target: 4
2026-08-07 15:46:08.933 | DEBUG    | eval.evaluation.evaluation:metric_call:77 - metric_func_name exact_match score 1.0 msg exact match, response: 6, target: 6
2026-08-07 15:46:08.933 | DEBUG    | eval.evaluation.evaluation:metric_call:77 - metric_func_name exact_match score 1.0 msg exact match, response: 6, target: 6
2026-08-07 15:46:08.933 | DEBUG    | eval.evaluation.evaluation:metric_call:77 - metric_func_name exact_match score 1.0 msg exact match, response: 2, target: 2
2026-08-07 15:46:08.933 | DEBUG    | eval.evaluation.evaluation:metric_call:77 - metric_func_name exact_match score 1.0 msg exact match, response: 8, target: 8
2026-08-07 15:46:08.933 | DEBUG    | eval.evaluation.evaluation:metric_call:77 - metric_func_name exact_match score 1.0 msg exact match, response: 9, target: 9
2026-08-07 15:46:08.933 | DEBUG    | eval.evaluation.evaluation:metric_call:77 - metric_func_name exact_match score 1.0 msg exact match, response: 13, target: 13
2026-08-07 15:46:08.933 | DEBUG    | eval.evaluation.evaluation:metric_call:77 - metric_func_name exact_match score 1.0 msg exact match, response: 8, target: 8
2026-08-07 15:46:08.933 | DEBUG    | eval.evaluation.evaluation:metric_call:77 - metric_func_name exact_match score 1.0 msg exact match, response: 4, target: 4
2026-08-07 15:46:08.933 | DEBUG    | eval.evaluation.evaluation:metric_call:77 - metric_func_name exact_match score 1.0 msg exact match, response: 8, target: 8
2026-08-07 15:46:08.933 | DEBUG    | eval.evaluation.evaluation:metric_call:77 - metric_func_name exact_match score 1.0 msg exact match, response: 2, target: 2
2026-08-07 15:46:08.933 | DEBUG    | eval.evaluation.evaluation:metric_call:77 - metric_func_name exact_match score 1.0 msg exact match, response: 3, target: 3
2026-08-07 15:46:08.933 | DEBUG    | eval.evaluation.evaluation:metric_call:77 - metric_func_name exact_match score 1.0 msg exact match, response: 4, target: 4
2026-08-07 15:46:08.933 | DEBUG    | eval.evaluation.evaluation:metric_call:77 - metric_func_name exact_match score 1.0 msg exact match, response: 2, target: 2
2026-08-07 15:46:08.933 | DEBUG    | eval.evaluation.evaluation:metric_call:77 - metric_func_name exact_match score 1.0 msg exact match, response: 12, target: 12
2026-08-07 15:46:08.933 | DEBUG    | eval.evaluation.evaluation:metric_call:77 - metric_func_name exact_match score 1.0 msg exact match, response: 3, target: 3
2026-08-07 15:46:08.933 | DEBUG    | eval.evaluation.evaluation:metric_call:77 - metric_func_name exact_match score 1.0 msg exact match, response: 26, target: 26
2026-08-07 15:46:08.934 | DEBUG    | eval.evaluation.evaluation:metric_call:77 - metric_func_name exact_match score 1.0 msg exact match, response: 14, target: 14
2026-08-07 15:46:08.934 | DEBUG    | eval.evaluation.evaluation:metric_call:77 - metric_func_name exact_match score 1.0 msg exact match, response: 1, target: 1
2026-08-07 15:46:08.934 | DEBUG    | eval.evaluation.evaluation:metric_call:77 - metric_func_name exact_match score 1.0 msg exact match, response: 15, target: 15
2026-08-07 15:46:08.934 | DEBUG    | eval.evaluation.evaluation:metric_call:77 - metric_func_name exact_match score 1.0 msg exact match, response: 5, target: 5
2026-08-07 15:46:08.934 | DEBUG    | eval.evaluation.evaluation:metric_call:77 - metric_func_name exact_match score 1.0 msg exact match, response: 6, target: 6
2026-08-07 15:46:08.934 | DEBUG    | eval.evaluation.evaluation:metric_call:77 - metric_func_name exact_match score 1.0 msg exact match, response: 17, target: 17
2026-08-07 15:46:08.934 | DEBUG    | eval.evaluation.evaluation:metric_call:77 - metric_func_name exact_match score 1.0 msg exact match, response: 2, target: 2
2026-08-07 15:46:08.934 | DEBUG    | eval.evaluation.evaluation:metric_call:77 - metric_func_name exact_match score 1.0 msg exact match, response: 7, target: 7
2026-08-07 15:46:08.934 | DEBUG    | eval.evaluation.evaluation:metric_call:77 - metric_func_name exact_match score 1.0 msg exact match, response: 1, target: 1
2026-08-07 15:46:08.934 | DEBUG    | eval.evaluation.evaluation:metric_call:77 - metric_func_name exact_match score 1.0 msg exact match, response: 9, target: 9
2026-08-07 15:46:08.934 | DEBUG    | eval.evaluation.evaluation:metric_call:77 - metric_func_name exact_match score 1.0 msg exact match, response: 38, target: 38
2026-08-07 15:46:08.934 | DEBUG    | eval.evaluation.evaluation:metric_call:77 - metric_func_name exact_match score 1.0 msg exact match, response: 4, target: 4
2026-08-07 15:46:08.934 | DEBUG    | eval.evaluation.evaluation:metric_call:77 - metric_func_name exact_match score 1.0 msg exact match, response: 1, target: 1
2026-08-07 15:46:08.934 | DEBUG    | eval.evaluation.evaluation:metric_call:77 - metric_func_name exact_match score 1.0 msg exact match, response: 11, target: 11
2026-08-07 15:46:08.934 | DEBUG    | eval.evaluation.evaluation:metric_call:77 - metric_func_name exact_match score 1.0 msg exact match, response: 10, target: 10
2026-08-07 15:46:08.934 | DEBUG    | eval.evaluation.evaluation:metric_call:77 - metric_func_name exact_match score 1.0 msg exact match, response: 2, target: 2
2026-08-07 15:46:08.934 | DEBUG    | eval.evaluation.evaluation:metric_call:77 - metric_func_name exact_match score 1.0 msg exact match, response: 8, target: 8
2026-08-07 15:46:08.934 | DEBUG    | eval.evaluation.evaluation:metric_call:77 - metric_func_name exact_match score 1.0 msg exact match, response: 1, target: 1
2026-08-07 15:46:08.935 | DEBUG    | eval.evaluation.evaluation:evaluate_single_query:321 - wide2deep_ws_en_026, col numberofcongressionaldistricts, metric_func_name exact_match, score [1.0, 1.0, 1.0, 1.0, 1.0, 1.0, 1.0, 1.0, 1.0, 1.0, 1.0, 1.0, 1.0, 1.0, 1.0, 1.0, 1.0, 1.0, 1.0, 1.0, 1.0, 1.0, 1.0, 1.0, 1.0, 1.0, 1.0, 1.0, 1.0, 1.0, 1.0, 1.0, 1.0, 1.0, 1.0, 1.0, 1.0, 1.0, 1.0, 1.0, 1.0, 1.0, 1.0, 1.0, 1.0, 1.0, 1.0, 1.0, 1.0, 1.0]
2026-08-07 15:46:08.935 | DEBUG    | eval.evaluation.evaluation:metric_call:77 - metric_func_name exact_match score 1.0 msg exact match, response: 9, target: 9
2026-08-07 15:46:08.935 | DEBUG    | eval.evaluation.evaluation:metric_call:77 - metric_func_name exact_match score 1.0 msg exact match, response: 3, target: 3
2026-08-07 15:46:08.935 | DEBUG    | eval.evaluation.evaluation:metric_call:77 - metric_func_name exact_match score 1.0 msg exact match, response: 11, target: 11
2026-08-07 15:46:08.935 | DEBUG    | eval.evaluation.evaluation:metric_call:77 - metric_func_name exact_match score 1.0 msg exact match, response: 6, target: 6
2026-08-07 15:46:08.935 | DEBUG    | eval.evaluation.evaluation:metric_call:77 - metric_func_name exact_match score 1.0 msg exact match, response: 54, target: 54
2026-08-07 15:46:08.935 | DEBUG    | eval.evaluation.evaluation:metric_call:77 - metric_func_name exact_match score 1.0 msg exact match, response: 10, target: 10
2026-08-07 15:46:08.935 | DEBUG    | eval.evaluation.evaluation:metric_call:77 - metric_func_name exact_match score 1.0 msg exact match, response: 7, target: 7
2026-08-07 15:46:08.935 | DEBUG    | eval.evaluation.evaluation:metric_call:77 - metric_func_name exact_match score 1.0 msg exact match, response: 3, target: 3
2026-08-07 15:46:08.935 | DEBUG    | eval.evaluation.evaluation:metric_call:77 - metric_func_name exact_match score 1.0 msg exact match, response: 30, target: 30
2026-08-07 15:46:08.935 | DEBUG    | eval.evaluation.evaluation:metric_call:77 - metric_func_name exact_match score 1.0 msg exact match, response: 16, target: 16
2026-08-07 15:46:08.935 | DEBUG    | eval.evaluation.evaluation:metric_call:77 - metric_func_name exact_match score 1.0 msg exact match, response: 4, target: 4
2026-08-07 15:46:08.935 | DEBUG    | eval.evaluation.evaluation:metric_call:77 - metric_func_name exact_match score 1.0 msg exact match, response: 4, target: 4
2026-08-07 15:46:08.936 | DEBUG    | eval.evaluation.evaluation:metric_call:77 - metric_func_name exact_match score 1.0 msg exact match, response: 19, target: 19
2026-08-07 15:46:08.936 | DEBUG    | eval.evaluation.evaluation:metric_call:77 - metric_func_name exact_match score 1.0 msg exact match, response: 11, target: 11
2026-08-07 15:46:08.936 | DEBUG    | eval.evaluation.evaluation:metric_call:77 - metric_func_name exact_match score 1.0 msg exact match, response: 6, target: 6
2026-08-07 15:46:08.936 | DEBUG    | eval.evaluation.evaluation:metric_call:77 - metric_func_name exact_match score 1.0 msg exact match, response: 6, target: 6
2026-08-07 15:46:08.936 | DEBUG    | eval.evaluation.evaluation:metric_call:77 - metric_func_name exact_match score 1.0 msg exact match, response: 8, target: 8
2026-08-07 15:46:08.936 | DEBUG    | eval.evaluation.evaluation:metric_call:77 - metric_func_name exact_match score 1.0 msg exact match, response: 8, target: 8
2026-08-07 15:46:08.936 | DEBUG    | eval.evaluation.evaluation:metric_call:77 - metric_func_name exact_match score 1.0 msg exact match, response: 4, target: 4
2026-08-07 15:46:08.936 | DEBUG    | eval.evaluation.evaluation:metric_call:77 - metric_func_name exact_match score 1.0 msg exact match, response: 10, target: 10
2026-08-07 15:46:08.936 | DEBUG    | eval.evaluation.evaluation:metric_call:77 - metric_func_name exact_match score 1.0 msg exact match, response: 11, target: 11
2026-08-07 15:46:08.936 | DEBUG    | eval.evaluation.evaluation:metric_call:77 - metric_func_name exact_match score 1.0 msg exact match, response: 15, target: 15
2026-08-07 15:46:08.936 | DEBUG    | eval.evaluation.evaluation:metric_call:77 - metric_func_name exact_match score 1.0 msg exact match, response: 10, target: 10
2026-08-07 15:46:08.936 | DEBUG    | eval.evaluation.evaluation:metric_call:77 - metric_func_name exact_match score 1.0 msg exact match, response: 6, target: 6
2026-08-07 15:46:08.936 | DEBUG    | eval.evaluation.evaluation:metric_call:77 - metric_func_name exact_match score 1.0 msg exact match, response: 10, target: 10
2026-08-07 15:46:08.936 | DEBUG    | eval.evaluation.evaluation:metric_call:77 - metric_func_name exact_match score 1.0 msg exact match, response: 4, target: 4
2026-08-07 15:46:08.936 | DEBUG    | eval.evaluation.evaluation:metric_call:77 - metric_func_name exact_match score 1.0 msg exact match, response: 5, target: 5
2026-08-07 15:46:08.936 | DEBUG    | eval.evaluation.evaluation:metric_call:77 - metric_func_name exact_match score 1.0 msg exact match, response: 6, target: 6
2026-08-07 15:46:08.936 | DEBUG    | eval.evaluation.evaluation:metric_call:77 - metric_func_name exact_match score 1.0 msg exact match, response: 4, target: 4
2026-08-07 15:46:08.936 | DEBUG    | eval.evaluation.evaluation:metric_call:77 - metric_func_name exact_match score 1.0 msg exact match, response: 14, target: 14
2026-08-07 15:46:08.936 | DEBUG    | eval.evaluation.evaluation:metric_call:77 - metric_func_name exact_match score 1.0 msg exact match, response: 5, target: 5
2026-08-07 15:46:08.936 | DEBUG    | eval.evaluation.evaluation:metric_call:77 - metric_func_name exact_match score 1.0 msg exact match, response: 28, target: 28
2026-08-07 15:46:08.936 | DEBUG    | eval.evaluation.evaluation:metric_call:77 - metric_func_name exact_match score 1.0 msg exact match, response: 16, target: 16
2026-08-07 15:46:08.936 | DEBUG    | eval.evaluation.evaluation:metric_call:77 - metric_func_name exact_match score 1.0 msg exact match, response: 3, target: 3
2026-08-07 15:46:08.936 | DEBUG    | eval.evaluation.evaluation:metric_call:77 - metric_func_name exact_match score 1.0 msg exact match, response: 17, target: 17
2026-08-07 15:46:08.936 | DEBUG    | eval.evaluation.evaluation:metric_call:77 - metric_func_name exact_match score 1.0 msg exact match, response: 7, target: 7
2026-08-07 15:46:08.936 | DEBUG    | eval.evaluation.evaluation:metric_call:77 - metric_func_name exact_match score 1.0 msg exact match, response: 8, target: 8
2026-08-07 15:46:08.936 | DEBUG    | eval.evaluation.evaluation:metric_call:77 - metric_func_name exact_match score 1.0 msg exact match, response: 19, target: 19
2026-08-07 15:46:08.936 | DEBUG    | eval.evaluation.evaluation:metric_call:77 - metric_func_name exact_match score 1.0 msg exact match, response: 4, target: 4
2026-08-07 15:46:08.936 | DEBUG    | eval.evaluation.evaluation:metric_call:77 - metric_func_name exact_match score 1.0 msg exact match, response: 9, target: 9
2026-08-07 15:46:08.937 | DEBUG    | eval.evaluation.evaluation:metric_call:77 - metric_func_name exact_match score 1.0 msg exact match, response: 3, target: 3
2026-08-07 15:46:08.937 | DEBUG    | eval.evaluation.evaluation:metric_call:77 - metric_func_name exact_match score 1.0 msg exact match, response: 11, target: 11
2026-08-07 15:46:08.937 | DEBUG    | eval.evaluation.evaluation:metric_call:77 - metric_func_name exact_match score 1.0 msg exact match, response: 40, target: 40
2026-08-07 15:46:08.937 | DEBUG    | eval.evaluation.evaluation:metric_call:77 - metric_func_name exact_match score 1.0 msg exact match, response: 6, target: 6
2026-08-07 15:46:08.937 | DEBUG    | eval.evaluation.evaluation:metric_call:77 - metric_func_name exact_match score 1.0 msg exact match, response: 3, target: 3
2026-08-07 15:46:08.937 | DEBUG    | eval.evaluation.evaluation:metric_call:77 - metric_func_name exact_match score 1.0 msg exact match, response: 13, target: 13
2026-08-07 15:46:08.937 | DEBUG    | eval.evaluation.evaluation:metric_call:77 - metric_func_name exact_match score 1.0 msg exact match, response: 12, target: 12
2026-08-07 15:46:08.937 | DEBUG    | eval.evaluation.evaluation:metric_call:77 - metric_func_name exact_match score 1.0 msg exact match, response: 4, target: 4
2026-08-07 15:46:08.937 | DEBUG    | eval.evaluation.evaluation:metric_call:77 - metric_func_name exact_match score 1.0 msg exact match, response: 10, target: 10
2026-08-07 15:46:08.937 | DEBUG    | eval.evaluation.evaluation:metric_call:77 - metric_func_name exact_match score 1.0 msg exact match, response: 3, target: 3
2026-08-07 15:46:08.938 | DEBUG    | eval.evaluation.evaluation:evaluate_single_query:321 - wide2deep_ws_en_026, col numberofelectors, metric_func_name exact_match, score [1.0, 1.0, 1.0, 1.0, 1.0, 1.0, 1.0, 1.0, 1.0, 1.0, 1.0, 1.0, 1.0, 1.0, 1.0, 1.0, 1.0, 1.0, 1.0, 1.0, 1.0, 1.0, 1.0, 1.0, 1.0, 1.0, 1.0, 1.0, 1.0, 1.0, 1.0, 1.0, 1.0, 1.0, 1.0, 1.0, 1.0, 1.0, 1.0, 1.0, 1.0, 1.0, 1.0, 1.0, 1.0, 1.0, 1.0, 1.0, 1.0, 1.0]
2026-08-07 15:46:13.807 | DEBUG    | eval.evaluation.evaluation:evaluate_single_query:321 - wide2deep_ws_en_026, col governor(party), metric_func_name llm_judge, score [1, 1, 1, 1, 1, 1, 1, 1, 1, 1, 1, 1, 1, 1, 1, 1, 1, 1, 1, 1, 1, 1, 1, 1, 1, 1, 1, 1, 1, 1, 1, 1, 1, 1, 1, 1, 1, 1, 1, 1, 1, 1, 1, 1, 1, 1, 1, 1, 1, 1]
2026-08-07 15:46:18.005 | DEBUG    | eval.evaluation.evaluation:evaluate_single_query:321 - wide2deep_ws_en_026, col senator1(party)&senator2(party), metric_func_name llm_judge, score [1, 1, 1, 1, 1, 1, 1, 1, 1, 1, 1, 1, 1, 1, 1, 1, 1, 1, 1, 1, 1, 1, 1, 1, 1, 1, 1, 1, 1, 0, 1, 1, 1, 1, 1, 1, 1, 1, 1, 1, 1, 1, 1, 1, 1, 1, 1, 1, 1, 1]
2026-08-07 15:46:18.010 | INFO     | eval.evaluation.evaluation:evaluate_single_query:380 - wide2deep_ws_en_026, P/R/F1 by unique_columns: 1.0000/1.0000/1.0000
2026-08-07 15:46:18.010 | INFO     | eval.evaluation.evaluation:evaluate_single_query:383 - wide2deep_ws_en_026, P/R/F1 by row: 0.9800/0.9800/0.9800
2026-08-07 15:46:18.010 | INFO     | eval.evaluation.evaluation:evaluate_single_query:386 - wide2deep_ws_en_026, P/R/F1 by item: 0.9960/0.9960/0.9960
2026-08-07 15:46:18.014 | INFO     | eval.evaluation.evaluation:evaluate_single_query:398 - wide2deep_ws_en_026, final table score: 0.0
{"event": "eval_done", "idx": 3, "instance_id": "wide2deep_ws_en_026", "score": 0.0, "entity_acc": 1.0, "f1_by_row": 0.98, "f1_by_item": 0.996, "column_f1": 1.0, "error": null, "elapsed_seconds": 15.985, "running_n": 3}
2026-08-07 15:46:19.798 | DEBUG    | eval.evaluation.data_loader:extract_dataframe:167 - find markdown_str 
| Region | Model Code | First Retail Availability Date | Launch ...
2026-08-07 15:46:23.177 | INFO     | eval.evaluation.metric_utils:primary_key_preprocess:246 - primary_key_preprocess result: ```json
{
  "U.S.": "U.S.",
  "China": "China",
  "Japan": "Japan"
}
```
2026-08-07 15:46:23.177 | INFO     | eval.evaluation.evaluation:evaluate_single_query:223 - col: region, primary_key_map {'U.S.': 'U.S.', 'China': 'China', 'Japan': 'Japan'}
2026-08-07 15:46:26.978 | INFO     | eval.evaluation.metric_utils:primary_key_preprocess:246 - primary_key_preprocess result: ```json
{
  "HD01": "HD01",
  "HD03": "HD03",
  "HD08": "HD08",
  "HD15": "HD15",
  "HD16": "HD16"
}
```
2026-08-07 15:46:26.978 | INFO     | eval.evaluation.evaluation:evaluate_single_query:223 - col: modelcode, primary_key_map {'HD01': 'HD01', 'HD03': 'HD03', 'HD08': 'HD08', 'HD15': 'HD15', 'HD16': 'HD16'}
2026-08-07 15:46:27.043 | INFO     | eval.evaluation.evaluation:evaluate_single_query:275 - wide2deep_ws_en_066, df_inner shape: (14, 12), answer_df shape: (15, 6), response_df shape: (15, 8)
2026-08-07 15:46:27.046 | DEBUG    | eval.evaluation.evaluation:metric_call:77 - metric_func_name date_near score 1.0 msg date near, response: 2016-09-01 00:00:00, target: 2016-09-01 00:00:00
2026-08-07 15:46:27.048 | DEBUG    | eval.evaluation.evaluation:metric_call:77 - metric_func_name date_near score 0.0 msg date not near, response: 2019-07-01 00:00:00, target: 2019-09-01 00:00:00
2026-08-07 15:46:27.051 | DEBUG    | eval.evaluation.evaluation:metric_call:77 - metric_func_name date_near score 0.0 msg date not near, response: 2023-08-01 00:00:00, target: 2024-05-01 00:00:00
2026-08-07 15:46:27.053 | DEBUG    | eval.evaluation.evaluation:metric_call:77 - metric_func_name date_near score 0.0 msg date not near, response: 2024-05-01 00:00:00, target: 2024-03-01 00:00:00
2026-08-07 15:46:27.055 | DEBUG    | eval.evaluation.evaluation:metric_call:77 - metric_func_name date_near score 1.0 msg date near, response: 2016-08-01 00:00:00, target: 2016-08-01 00:00:00
2026-08-07 15:46:27.057 | DEBUG    | eval.evaluation.evaluation:metric_call:77 - metric_func_name date_near score 1.0 msg date near, response: 2019-09-01 00:00:00, target: 2019-09-01 00:00:00
2026-08-07 15:46:27.059 | DEBUG    | eval.evaluation.evaluation:metric_call:77 - metric_func_name date_near score 1.0 msg date near, response: 2021-07-01 00:00:00, target: 2021-07-01 00:00:00
2026-08-07 15:46:27.061 | DEBUG    | eval.evaluation.evaluation:metric_call:77 - metric_func_name date_near score 0.0 msg date not near, response: 2023-06-01 00:00:00, target: 2024-04-01 00:00:00
2026-08-07 15:46:27.063 | DEBUG    | eval.evaluation.evaluation:metric_call:77 - metric_func_name date_near score 1.0 msg date near, response: 2024-04-01 00:00:00, target: 2024-04-01 00:00:00
2026-08-07 15:46:27.065 | DEBUG    | eval.evaluation.evaluation:metric_call:77 - metric_func_name date_near score 1.0 msg date near, response: 2016-04-01 00:00:00, target: 2016-04-01 00:00:00
2026-08-07 15:46:27.068 | DEBUG    | eval.evaluation.evaluation:metric_call:77 - metric_func_name date_near score 1.0 msg date near, response: 2019-09-01 00:00:00, target: 2019-09-01 00:00:00
2026-08-07 15:46:27.070 | DEBUG    | eval.evaluation.evaluation:metric_call:77 - metric_func_name date_near score 1.0 msg date near, response: 2021-09-01 00:00:00, target: 2021-09-01 00:00:00
2026-08-07 15:46:27.072 | DEBUG    | eval.evaluation.evaluation:metric_call:77 - metric_func_name date_near score 1.0 msg date near, response: 2023-04-01 00:00:00, target: 2023-04-01 00:00:00
2026-08-07 15:46:27.074 | DEBUG    | eval.evaluation.evaluation:metric_call:77 - metric_func_name date_near score 0.0 msg date not near, response: 2024-06-01 00:00:00, target: 2023-03-01 00:00:00
2026-08-07 15:46:27.075 | DEBUG    | eval.evaluation.evaluation:evaluate_single_query:321 - wide2deep_ws_en_066, col firstretailavailabilitydate, metric_func_name date_near, score [1.0, 0.0, 0.0, 0.0, 1.0, 1.0, 1.0, 0.0, 1.0, 1.0, 1.0, 1.0, 1.0, 0.0]
2026-08-07 15:46:30.096 | DEBUG    | eval.evaluation.evaluation:evaluate_single_query:321 - wide2deep_ws_en_066, col launchmsrp, metric_func_name llm_judge, score [0, 0, 1, 1, 1, 1, 0, 1, 0, 0, 0, 0, 1, 0]
2026-08-07 15:46:30.096 | DEBUG    | eval.evaluation.evaluation:metric_call:77 - metric_func_name exact_match score 1.0 msg exact match, response: 3, target: 3
2026-08-07 15:46:30.096 | DEBUG    | eval.evaluation.evaluation:metric_call:77 - metric_func_name exact_match score 1.0 msg exact match, response: 4, target: 4
2026-08-07 15:46:30.096 | DEBUG    | eval.evaluation.evaluation:metric_call:77 - metric_func_name exact_match score 1.0 msg exact match, response: 5, target: 5
2026-08-07 15:46:30.096 | DEBUG    | eval.evaluation.evaluation:metric_call:77 - metric_func_name exact_match score 1.0 msg exact match, response: 5, target: 5
2026-08-07 15:46:30.096 | DEBUG    | eval.evaluation.evaluation:metric_call:77 - metric_func_name exact_match score 1.0 msg exact match, response: 3, target: 3
2026-08-07 15:46:30.096 | DEBUG    | eval.evaluation.evaluation:metric_call:77 - metric_func_name exact_match score 1.0 msg exact match, response: 4, target: 4
2026-08-07 15:46:30.096 | DEBUG    | eval.evaluation.evaluation:metric_call:77 - metric_func_name exact_match score 1.0 msg exact match, response: 5, target: 5
2026-08-07 15:46:30.096 | DEBUG    | eval.evaluation.evaluation:metric_call:77 - metric_func_name exact_match score 1.0 msg exact match, response: 5, target: 5
2026-08-07 15:46:30.096 | DEBUG    | eval.evaluation.evaluation:metric_call:77 - metric_func_name exact_match score 1.0 msg exact match, response: 5, target: 5
2026-08-07 15:46:30.096 | DEBUG    | eval.evaluation.evaluation:metric_call:77 - metric_func_name exact_match score 1.0 msg exact match, response: 3, target: 3
2026-08-07 15:46:30.096 | DEBUG    | eval.evaluation.evaluation:metric_call:77 - metric_func_name exact_match score 1.0 msg exact match, response: 4, target: 4
2026-08-07 15:46:30.096 | DEBUG    | eval.evaluation.evaluation:metric_call:77 - metric_func_name exact_match score 1.0 msg exact match, response: 5, target: 5
2026-08-07 15:46:30.096 | DEBUG    | eval.evaluation.evaluation:metric_call:77 - metric_func_name exact_match score 0.0 msg exact not match, response: 5, target: 3
2026-08-07 15:46:30.096 | DEBUG    | eval.evaluation.evaluation:metric_call:77 - metric_func_name exact_match score 0.0 msg exact not match, response: 5, target: 3
2026-08-07 15:46:30.097 | DEBUG    | eval.evaluation.evaluation:evaluate_single_query:321 - wide2deep_ws_en_066, col numberofincludedattachments, metric_func_name exact_match, score [1.0, 1.0, 1.0, 1.0, 1.0, 1.0, 1.0, 1.0, 1.0, 1.0, 1.0, 1.0, 0.0, 0.0]
2026-08-07 15:46:30.097 | DEBUG    | eval.evaluation.evaluation:metric_call:77 - metric_func_name exact_match score 1.0 msg exact match, response: 2, target: 2
2026-08-07 15:46:30.097 | DEBUG    | eval.evaluation.evaluation:metric_call:77 - metric_func_name exact_match score 1.0 msg exact match, response: 2, target: 2
2026-08-07 15:46:30.097 | DEBUG    | eval.evaluation.evaluation:metric_call:77 - metric_func_name exact_match score 1.0 msg exact match, response: 2, target: 2
2026-08-07 15:46:30.097 | DEBUG    | eval.evaluation.evaluation:metric_call:77 - metric_func_name exact_match score 1.0 msg exact match, response: 2, target: 2
2026-08-07 15:46:30.098 | DEBUG    | eval.evaluation.evaluation:metric_call:77 - metric_func_name exact_match score 1.0 msg exact match, response: 2, target: 2
2026-08-07 15:46:30.098 | DEBUG    | eval.evaluation.evaluation:metric_call:77 - metric_func_name exact_match score 1.0 msg exact match, response: 2, target: 2
2026-08-07 15:46:30.098 | DEBUG    | eval.evaluation.evaluation:metric_call:77 - metric_func_name exact_match score 1.0 msg exact match, response: 2, target: 2
2026-08-07 15:46:30.098 | DEBUG    | eval.evaluation.evaluation:metric_call:77 - metric_func_name exact_match score 1.0 msg exact match, response: 2, target: 2
2026-08-07 15:46:30.098 | DEBUG    | eval.evaluation.evaluation:metric_call:77 - metric_func_name exact_match score 1.0 msg exact match, response: 2, target: 2
2026-08-07 15:46:30.098 | DEBUG    | eval.evaluation.evaluation:metric_call:77 - metric_func_name exact_match score 1.0 msg exact match, response: 2, target: 2
2026-08-07 15:46:30.098 | DEBUG    | eval.evaluation.evaluation:metric_call:77 - metric_func_name exact_match score 1.0 msg exact match, response: 2, target: 2
2026-08-07 15:46:30.098 | DEBUG    | eval.evaluation.evaluation:metric_call:77 - metric_func_name exact_match score 1.0 msg exact match, response: 2, target: 2
2026-08-07 15:46:30.098 | DEBUG    | eval.evaluation.evaluation:metric_call:77 - metric_func_name exact_match score 1.0 msg exact match, response: 2, target: 2
2026-08-07 15:46:30.098 | DEBUG    | eval.evaluation.evaluation:metric_call:77 - metric_func_name exact_match score 1.0 msg exact match, response: 2, target: 2
2026-08-07 15:46:30.099 | DEBUG    | eval.evaluation.evaluation:evaluate_single_query:321 - wide2deep_ws_en_066, col warranty(yrs), metric_func_name exact_match, score [1.0, 1.0, 1.0, 1.0, 1.0, 1.0, 1.0, 1.0, 1.0, 1.0, 1.0, 1.0, 1.0, 1.0]
2026-08-07 15:46:30.103 | INFO     | eval.evaluation.evaluation:evaluate_single_query:380 - wide2deep_ws_en_066, P/R/F1 by unique_columns: 0.9333/0.9333/0.9333
2026-08-07 15:46:30.103 | INFO     | eval.evaluation.evaluation:evaluate_single_query:383 - wide2deep_ws_en_066, P/R/F1 by row: 0.1333/0.1333/0.1333
2026-08-07 15:46:30.103 | INFO     | eval.evaluation.evaluation:evaluate_single_query:386 - wide2deep_ws_en_066, P/R/F1 by item: 0.7667/0.7667/0.7667
2026-08-07 15:46:30.106 | INFO     | eval.evaluation.evaluation:evaluate_single_query:398 - wide2deep_ws_en_066, final table score: 0.0
{"event": "eval_done", "idx": 4, "instance_id": "wide2deep_ws_en_066", "score": 0.0, "entity_acc": 1.0, "f1_by_row": 0.13333333333333333, "f1_by_item": 0.7666666666666667, "column_f1": 0.9333333333333333, "error": null, "elapsed_seconds": 12.075, "running_n": 4}
2026-08-07 15:46:32.455 | DEBUG    | eval.evaluation.data_loader:extract_dataframe:167 - find markdown_str 
| School | Year Founded | Public/Private | Total Students |
| - ...
2026-08-07 15:46:42.136 | INFO     | eval.evaluation.metric_utils:primary_key_preprocess:246 - primary_key_preprocess result: ```json
{
  "Baehwa Girls' High School": "Baehwa Girls’ High School",
  "Changdeok Girls' High School": "Changduk Girls’ High School",
  "Changmun Girls' High School": "Changmun Girls' High School",
  "Daewon Girls' High School": "Daewon Girls' High School",
  "Deokseong Girls' High School": "Deokseong Girls’ High School",
  "Dongduk Girls' High School": "Dongduk Girls’ High School",
  "Dongmyeong Girls' High School": "Dongmyung Girls’ High School",
  "Eunkwang Girls' High School": "Eunkwang Girls’ High School",
  "Ewha Girls' High School": "Ewha Girls’ High School",
  "Geumok Girls' High School": "Geumok Girls’ High School",
  "Gyeongbok Girls' High School": "Kyungbok Girls’ High School",
  "Gyeonggi Girls' High School": "Kyunggi Girls’ High School",
  "Hansung Girls' High School": "Hansung Girls’ High School",
  "Hyehwa Girls' High School": "Hyehwa Girls’ High School",
  "Jinmyeong Girls' High School": "Jinmyeong Girls’ High School",
  "Jungang Girls' High School": "Jungang Girls’ High School",
  "Myeongdeok Girls' High School": "Myeongdeok Girls’ High School",
  "Myeongil Girls' High School": "Myeongil Girls’ High School",
  "Muhak Girls' High School": "Muhak Girls' High School",
  "Seoul Girls' High School": "Seoul Girls’ High School",
  "Seomun Girls' High School": "Seomun Girls’ High School",
  "Seongshin Girls' High School": "Sungshin Girls’ High School",
  "Shin Gwang Girls' High School": "Shinkwang Girls’ High School",
  "Sookmyung Girls' High School": "Sookmyung Girls’ High School",
  "Soongeui Girls' High School": "Soongeui Girls’ High School",
  "Sudo Girls' High School": "Sudo Girls' High School",
  "Youngdeungpo Girls' High School": "Yeongdeungpo Girls' High School",
  "Youngpa Girls' High School": "Youngpa Girls’ High School",
  "Youngshin Girls' High School": "Youngshin Girls’ High School"
}
```
2026-08-07 15:46:42.137 | INFO     | eval.evaluation.evaluation:evaluate_single_query:223 - col: school, primary_key_map {"Baehwa Girls' High School": 'Baehwa Girls’ High School', "Changdeok Girls' High School": 'Changduk Girls’ High School', "Changmun Girls' High School": "Changmun Girls' High School", "Daewon Girls' High School": "Daewon Girls' High School", "Deokseong Girls' High School": 'Deokseong Girls’ High School', "Dongduk Girls' High School": 'Dongduk Girls’ High School', "Dongmyeong Girls' High School": 'Dongmyung Girls’ High School', "Eunkwang Girls' High School": 'Eunkwang Girls’ High School', "Ewha Girls' High School": 'Ewha Girls’ High School', "Geumok Girls' High School": 'Geumok Girls’ High School', "Gyeongbok Girls' High School": 'Kyungbok Girls’ High School', "Gyeonggi Girls' High School": 'Kyunggi Girls’ High School', "Hansung Girls' High School": 'Hansung Girls’ High School', "Hyehwa Girls' High School": 'Hyehwa Girls’ High School', "Jinmyeong Girls' High School": 'Jinmyeong Girls’ High School', "Jungang Girls' High School": 'Jungang Girls’ High School', "Myeongdeok Girls' High School": 'Myeongdeok Girls’ High School', "Myeongil Girls' High School": 'Myeongil Girls’ High School', "Muhak Girls' High School": "Muhak Girls' High School", "Seoul Girls' High School": 'Seoul Girls’ High School', "Seomun Girls' High School": 'Seomun Girls’ High School', "Seongshin Girls' High School": 'Sungshin Girls’ High School', "Shin Gwang Girls' High School": 'Shinkwang Girls’ High School', "Sookmyung Girls' High School": 'Sookmyung Girls’ High School', "Soongeui Girls' High School": 'Soongeui Girls’ High School', "Sudo Girls' High School": "Sudo Girls' High School", "Youngdeungpo Girls' High School": "Yeongdeungpo Girls' High School", "Youngpa Girls' High School": 'Youngpa Girls’ High School', "Youngshin Girls' High School": 'Youngshin Girls’ High School'}
2026-08-07 15:46:42.143 | INFO     | eval.evaluation.evaluation:evaluate_single_query:275 - wide2deep_ws_en_067, df_inner shape: (29, 8), answer_df shape: (66, 4), response_df shape: (32, 5)
2026-08-07 15:46:42.145 | DEBUG    | eval.evaluation.evaluation:metric_call:77 - metric_func_name exact_match score 0.0 msg exact not match, response: 1977, target: 1983
2026-08-07 15:46:42.145 | DEBUG    | eval.evaluation.evaluation:metric_call:77 - metric_func_name exact_match score 1.0 msg exact match, response: 1886, target: 1886
2026-08-07 15:46:42.145 | DEBUG    | eval.evaluation.evaluation:metric_call:77 - metric_func_name exact_match score 1.0 msg exact match, response: 1906, target: 1906
2026-08-07 15:46:42.145 | DEBUG    | eval.evaluation.evaluation:metric_call:77 - metric_func_name exact_match score 1.0 msg exact match, response: 1908, target: 1908
2026-08-07 15:46:42.145 | DEBUG    | eval.evaluation.evaluation:metric_call:77 - metric_func_name exact_match score 1.0 msg exact match, response: 1898, target: 1898
2026-08-07 15:46:42.145 | DEBUG    | eval.evaluation.evaluation:metric_call:77 - metric_func_name exact_match score 0.0 msg exact not match, response: 1910, target: 1908
2026-08-07 15:46:42.145 | DEBUG    | eval.evaluation.evaluation:metric_call:77 - metric_func_name exact_match score 0.0 msg exact not match, response: 1946, target: 1958
2026-08-07 15:46:42.145 | DEBUG    | eval.evaluation.evaluation:metric_call:77 - metric_func_name exact_match score 1.0 msg exact match, response: 1940, target: 1940
2026-08-07 15:46:42.145 | DEBUG    | eval.evaluation.evaluation:metric_call:77 - metric_func_name exact_match score 0.0 msg exact not match, response: 1973, target: 1975
2026-08-07 15:46:42.146 | DEBUG    | eval.evaluation.evaluation:metric_call:77 - metric_func_name exact_match score 1.0 msg exact match, response: 1953, target: 1953
2026-08-07 15:46:42.146 | DEBUG    | eval.evaluation.evaluation:metric_call:77 - metric_func_name exact_match score 1.0 msg exact match, response: 1946, target: 1946
2026-08-07 15:46:42.146 | DEBUG    | eval.evaluation.evaluation:metric_call:77 - metric_func_name exact_match score 1.0 msg exact match, response: 1921, target: 1921
2026-08-07 15:46:42.146 | DEBUG    | eval.evaluation.evaluation:metric_call:77 - metric_func_name exact_match score 0.0 msg exact not match, response: 1960, target: 1972
2026-08-07 15:46:42.146 | DEBUG    | eval.evaluation.evaluation:metric_call:77 - metric_func_name exact_match score 1.0 msg exact match, response: 1920, target: 1920
2026-08-07 15:46:42.146 | DEBUG    | eval.evaluation.evaluation:metric_call:77 - metric_func_name exact_match score 1.0 msg exact match, response: 1936, target: 1936
2026-08-07 15:46:42.146 | DEBUG    | eval.evaluation.evaluation:metric_call:77 - metric_func_name exact_match score 0.0 msg exact not match, response: 1982, target: 1981
2026-08-07 15:46:42.146 | DEBUG    | eval.evaluation.evaluation:metric_call:77 - metric_func_name exact_match score 1.0 msg exact match, response: 1906, target: 1906
2026-08-07 15:46:42.146 | DEBUG    | eval.evaluation.evaluation:metric_call:77 - metric_func_name exact_match score 0.0 msg exact not match, response: 1953, target: 1994
2026-08-07 15:46:42.146 | DEBUG    | eval.evaluation.evaluation:metric_call:77 - metric_func_name exact_match score 1.0 msg exact match, response: 1946, target: 1946
2026-08-07 15:46:42.146 | DEBUG    | eval.evaluation.evaluation:metric_call:77 - metric_func_name exact_match score 0.0 msg exact not match, response: 1984, target: 1966
2026-08-07 15:46:42.146 | DEBUG    | eval.evaluation.evaluation:metric_call:77 - metric_func_name exact_match score 0.0 msg exact not match, response: 1974, target: 1988
2026-08-07 15:46:42.146 | DEBUG    | eval.evaluation.evaluation:metric_call:77 - metric_func_name exact_match score 1.0 msg exact match, response: 1940, target: 1940
2026-08-07 15:46:42.146 | DEBUG    | eval.evaluation.evaluation:metric_call:77 - metric_func_name exact_match score 1.0 msg exact match, response: 1984, target: 1984
2026-08-07 15:46:42.146 | DEBUG    | eval.evaluation.evaluation:metric_call:77 - metric_func_name exact_match score 1.0 msg exact match, response: 1903, target: 1903
2026-08-07 15:46:42.146 | DEBUG    | eval.evaluation.evaluation:metric_call:77 - metric_func_name exact_match score 1.0 msg exact match, response: 1946, target: 1946
2026-08-07 15:46:42.146 | DEBUG    | eval.evaluation.evaluation:metric_call:77 - metric_func_name exact_match score 0.0 msg exact not match, response: 1972, target: 1973
2026-08-07 15:46:42.146 | DEBUG    | eval.evaluation.evaluation:metric_call:77 - metric_func_name exact_match score 1.0 msg exact match, response: 1941, target: 1941
2026-08-07 15:46:42.146 | DEBUG    | eval.evaluation.evaluation:metric_call:77 - metric_func_name exact_match score 0.0 msg exact not match, response: 1985, target: 1984
2026-08-07 15:46:42.146 | DEBUG    | eval.evaluation.evaluation:metric_call:77 - metric_func_name exact_match score 1.0 msg exact match, response: 1945, target: 1945
2026-08-07 15:46:42.147 | DEBUG    | eval.evaluation.evaluation:evaluate_single_query:321 - wide2deep_ws_en_067, col yearfounded, metric_func_name exact_match, score [0.0, 1.0, 1.0, 1.0, 1.0, 0.0, 0.0, 1.0, 0.0, 1.0, 1.0, 1.0, 0.0, 1.0, 1.0, 0.0, 1.0, 0.0, 1.0, 0.0, 0.0, 1.0, 1.0, 1.0, 1.0, 0.0, 1.0, 0.0, 1.0]
2026-08-07 15:46:42.147 | DEBUG    | eval.evaluation.evaluation:metric_call:77 - metric_func_name exact_match score 1.0 msg exact match, response: private, target: private
2026-08-07 15:46:42.147 | DEBUG    | eval.evaluation.evaluation:metric_call:77 - metric_func_name exact_match score 1.0 msg exact match, response: private, target: private
2026-08-07 15:46:42.147 | DEBUG    | eval.evaluation.evaluation:metric_call:77 - metric_func_name exact_match score 1.0 msg exact match, response: private, target: private
2026-08-07 15:46:42.147 | DEBUG    | eval.evaluation.evaluation:metric_call:77 - metric_func_name exact_match score 1.0 msg exact match, response: public, target: public
2026-08-07 15:46:42.147 | DEBUG    | eval.evaluation.evaluation:metric_call:77 - metric_func_name exact_match score 1.0 msg exact match, response: private, target: private
2026-08-07 15:46:42.147 | DEBUG    | eval.evaluation.evaluation:metric_call:77 - metric_func_name exact_match score 1.0 msg exact match, response: private, target: private
2026-08-07 15:46:42.147 | DEBUG    | eval.evaluation.evaluation:metric_call:77 - metric_func_name exact_match score 1.0 msg exact match, response: public, target: public
2026-08-07 15:46:42.147 | DEBUG    | eval.evaluation.evaluation:metric_call:77 - metric_func_name exact_match score 1.0 msg exact match, response: public, target: public
2026-08-07 15:46:42.147 | DEBUG    | eval.evaluation.evaluation:metric_call:77 - metric_func_name exact_match score 1.0 msg exact match, response: private, target: private
2026-08-07 15:46:42.147 | DEBUG    | eval.evaluation.evaluation:metric_call:77 - metric_func_name exact_match score 1.0 msg exact match, response: public, target: public
2026-08-07 15:46:42.147 | DEBUG    | eval.evaluation.evaluation:metric_call:77 - metric_func_name exact_match score 1.0 msg exact match, response: public, target: public
2026-08-07 15:46:42.147 | DEBUG    | eval.evaluation.evaluation:metric_call:77 - metric_func_name exact_match score 1.0 msg exact match, response: private, target: private
2026-08-07 15:46:42.147 | DEBUG    | eval.evaluation.evaluation:metric_call:77 - metric_func_name exact_match score 1.0 msg exact match, response: private, target: private
2026-08-07 15:46:42.147 | DEBUG    | eval.evaluation.evaluation:metric_call:77 - metric_func_name exact_match score 1.0 msg exact match, response: private, target: private
2026-08-07 15:46:42.148 | DEBUG    | eval.evaluation.evaluation:metric_call:77 - metric_func_name exact_match score 1.0 msg exact match, response: private, target: private
2026-08-07 15:46:42.148 | DEBUG    | eval.evaluation.evaluation:metric_call:77 - metric_func_name exact_match score 1.0 msg exact match, response: public, target: public
2026-08-07 15:46:42.148 | DEBUG    | eval.evaluation.evaluation:metric_call:77 - metric_func_name exact_match score 1.0 msg exact match, response: private, target: private
2026-08-07 15:46:42.148 | DEBUG    | eval.evaluation.evaluation:metric_call:77 - metric_func_name exact_match score 0.0 msg exact not match, response: public, target: private
2026-08-07 15:46:42.148 | DEBUG    | eval.evaluation.evaluation:metric_call:77 - metric_func_name exact_match score 1.0 msg exact match, response: private, target: private
2026-08-07 15:46:42.148 | DEBUG    | eval.evaluation.evaluation:metric_call:77 - metric_func_name exact_match score 1.0 msg exact match, response: public, target: public
2026-08-07 15:46:42.148 | DEBUG    | eval.evaluation.evaluation:metric_call:77 - metric_func_name exact_match score 1.0 msg exact match, response: private, target: private
2026-08-07 15:46:42.148 | DEBUG    | eval.evaluation.evaluation:metric_call:77 - metric_func_name exact_match score 1.0 msg exact match, response: private, target: private
2026-08-07 15:46:42.148 | DEBUG    | eval.evaluation.evaluation:metric_call:77 - metric_func_name exact_match score 1.0 msg exact match, response: private, target: private
2026-08-07 15:46:42.148 | DEBUG    | eval.evaluation.evaluation:metric_call:77 - metric_func_name exact_match score 1.0 msg exact match, response: private, target: private
2026-08-07 15:46:42.148 | DEBUG    | eval.evaluation.evaluation:metric_call:77 - metric_func_name exact_match score 1.0 msg exact match, response: private, target: private
2026-08-07 15:46:42.148 | DEBUG    | eval.evaluation.evaluation:metric_call:77 - metric_func_name exact_match score 1.0 msg exact match, response: private, target: private
2026-08-07 15:46:42.148 | DEBUG    | eval.evaluation.evaluation:metric_call:77 - metric_func_name exact_match score 1.0 msg exact match, response: public, target: public
2026-08-07 15:46:42.148 | DEBUG    | eval.evaluation.evaluation:metric_call:77 - metric_func_name exact_match score 1.0 msg exact match, response: public, target: public
2026-08-07 15:46:42.148 | DEBUG    | eval.evaluation.evaluation:metric_call:77 - metric_func_name exact_match score 1.0 msg exact match, response: private, target: private
2026-08-07 15:46:42.149 | DEBUG    | eval.evaluation.evaluation:evaluate_single_query:321 - wide2deep_ws_en_067, col public/private, metric_func_name exact_match, score [1.0, 1.0, 1.0, 1.0, 1.0, 1.0, 1.0, 1.0, 1.0, 1.0, 1.0, 1.0, 1.0, 1.0, 1.0, 1.0, 1.0, 0.0, 1.0, 1.0, 1.0, 1.0, 1.0, 1.0, 1.0, 1.0, 1.0, 1.0, 1.0]
2026-08-07 15:46:42.149 | DEBUG    | eval.evaluation.evaluation:metric_call:77 - metric_func_name number_near score 0.0 msg number not convertable, response: None, target: 681.0
2026-08-07 15:46:42.149 | DEBUG    | eval.evaluation.evaluation:metric_call:77 - metric_func_name number_near score 0.0 msg number not convertable, response: None, target: 1178.0
2026-08-07 15:46:42.149 | DEBUG    | eval.evaluation.evaluation:metric_call:77 - metric_func_name number_near score 0.0 msg number not convertable, response: None, target: 1160.0
2026-08-07 15:46:42.149 | DEBUG    | eval.evaluation.evaluation:metric_call:77 - metric_func_name number_near score 0.0 msg number not convertable, response: None, target: 1104.0
2026-08-07 15:46:42.149 | DEBUG    | eval.evaluation.evaluation:metric_call:77 - metric_func_name number_near score 0.0 msg number not convertable, response: None, target: 510.0
2026-08-07 15:46:42.149 | DEBUG    | eval.evaluation.evaluation:metric_call:77 - metric_func_name number_near score 0.0 msg number not convertable, response: None, target: 889.0
2026-08-07 15:46:42.149 | DEBUG    | eval.evaluation.evaluation:metric_call:77 - metric_func_name number_near score 0.0 msg number not convertable, response: None, target: 803.0
2026-08-07 15:46:42.149 | DEBUG    | eval.evaluation.evaluation:metric_call:77 - metric_func_name number_near score 0.0 msg number not convertable, response: None, target: 521.0
2026-08-07 15:46:42.149 | DEBUG    | eval.evaluation.evaluation:metric_call:77 - metric_func_name number_near score 0.0 msg number not convertable, response: None, target: 926.0
2026-08-07 15:46:42.149 | DEBUG    | eval.evaluation.evaluation:metric_call:77 - metric_func_name number_near score 0.0 msg number not convertable, response: None, target: 434.0
2026-08-07 15:46:42.149 | DEBUG    | eval.evaluation.evaluation:metric_call:77 - metric_func_name number_near score 0.0 msg number not convertable, response: None, target: 818.0
2026-08-07 15:46:42.149 | DEBUG    | eval.evaluation.evaluation:metric_call:77 - metric_func_name number_near score 0.0 msg number not convertable, response: None, target: 870.0
2026-08-07 15:46:42.149 | DEBUG    | eval.evaluation.evaluation:metric_call:77 - metric_func_name number_near score 0.0 msg number not convertable, response: None, target: 886.0
2026-08-07 15:46:42.149 | DEBUG    | eval.evaluation.evaluation:metric_call:77 - metric_func_name number_near score 0.0 msg number not convertable, response: None, target: 541.0
2026-08-07 15:46:42.149 | DEBUG    | eval.evaluation.evaluation:metric_call:77 - metric_func_name number_near score 0.0 msg number not convertable, response: None, target: 607.0
2026-08-07 15:46:42.149 | DEBUG    | eval.evaluation.evaluation:metric_call:77 - metric_func_name number_near score 0.0 msg number not convertable, response: None, target: 737.0
2026-08-07 15:46:42.150 | DEBUG    | eval.evaluation.evaluation:metric_call:77 - metric_func_name number_near score 0.0 msg number not convertable, response: None, target: 1231.0
2026-08-07 15:46:42.150 | DEBUG    | eval.evaluation.evaluation:metric_call:77 - metric_func_name number_near score 0.0 msg number not convertable, response: None, target: 602.0
2026-08-07 15:46:42.150 | DEBUG    | eval.evaluation.evaluation:metric_call:77 - metric_func_name number_near score 0.0 msg number not convertable, response: None, target: 246.0
2026-08-07 15:46:42.150 | DEBUG    | eval.evaluation.evaluation:metric_call:77 - metric_func_name number_near score 0.0 msg number not convertable, response: None, target: 620.0
2026-08-07 15:46:42.150 | DEBUG    | eval.evaluation.evaluation:metric_call:77 - metric_func_name number_near score 0.0 msg number not convertable, response: None, target: 734.0
2026-08-07 15:46:42.150 | DEBUG    | eval.evaluation.evaluation:metric_call:77 - metric_func_name number_near score 0.0 msg number not convertable, response: None, target: 522.0
2026-08-07 15:46:42.150 | DEBUG    | eval.evaluation.evaluation:metric_call:77 - metric_func_name number_near score 0.0 msg number not convertable, response: None, target: 1034.0
2026-08-07 15:46:42.150 | DEBUG    | eval.evaluation.evaluation:metric_call:77 - metric_func_name number_near score 0.0 msg number not convertable, response: None, target: 693.0
2026-08-07 15:46:42.150 | DEBUG    | eval.evaluation.evaluation:metric_call:77 - metric_func_name number_near score 0.0 msg number not convertable, response: None, target: 700.0
2026-08-07 15:46:42.150 | DEBUG    | eval.evaluation.evaluation:metric_call:77 - metric_func_name number_near score 0.0 msg number not convertable, response: None, target: 813.0
2026-08-07 15:46:42.150 | DEBUG    | eval.evaluation.evaluation:metric_call:77 - metric_func_name number_near score 0.0 msg number not convertable, response: None, target: 439.0
2026-08-07 15:46:42.150 | DEBUG    | eval.evaluation.evaluation:metric_call:77 - metric_func_name number_near score 1.0 msg number equal, response: NULL, target: NULL
2026-08-07 15:46:42.150 | DEBUG    | eval.evaluation.evaluation:metric_call:77 - metric_func_name number_near score 0.0 msg number not convertable, response: None, target: 610.0
2026-08-07 15:46:42.151 | DEBUG    | eval.evaluation.evaluation:evaluate_single_query:321 - wide2deep_ws_en_067, col totalstudents, metric_func_name number_near, score [0.0, 0.0, 0.0, 0.0, 0.0, 0.0, 0.0, 0.0, 0.0, 0.0, 0.0, 0.0, 0.0, 0.0, 0.0, 0.0, 0.0, 0.0, 0.0, 0.0, 0.0, 0.0, 0.0, 0.0, 0.0, 0.0, 0.0, 1.0, 0.0]
2026-08-07 15:46:42.155 | INFO     | eval.evaluation.evaluation:evaluate_single_query:380 - wide2deep_ws_en_067, P/R/F1 by unique_columns: 0.9062/0.4394/0.5918
2026-08-07 15:46:42.155 | INFO     | eval.evaluation.evaluation:evaluate_single_query:383 - wide2deep_ws_en_067, P/R/F1 by row: 0.0000/0.0000/0.0000
2026-08-07 15:46:42.155 | INFO     | eval.evaluation.evaluation:evaluate_single_query:386 - wide2deep_ws_en_067, P/R/F1 by item: 0.5938/0.2879/0.3878
2026-08-07 15:46:42.158 | INFO     | eval.evaluation.evaluation:evaluate_single_query:398 - wide2deep_ws_en_067, final table score: 0.0
{"event": "eval_done", "idx": 5, "instance_id": "wide2deep_ws_en_067", "score": 0.0, "entity_acc": 1.0, "f1_by_row": 0.0, "f1_by_item": 0.38775510204081637, "column_f1": 0.5918367346938775, "error": null, "elapsed_seconds": 12.035, "running_n": 5}
2026-08-07 15:46:45.855 | DEBUG    | eval.evaluation.data_loader:extract_dataframe:167 - find markdown_str 
| Drama Title | Premiere Date | Director | Number of Episodes | ...
2026-08-07 15:46:49.345 | INFO     | eval.evaluation.metric_utils:primary_key_preprocess:246 - primary_key_preprocess result: ```json
{
  "The Bequeathed": "The Bequeathed",
  "Captivating the King": "Captivating the King",
  "Doctor Slump": "Doctor Slump",
  "A Killer Paradox": "A Killer Paradox",
  "Queen of Tears": "Queen of Tears",
  "Chicken Nugget": "Chicken Nugget",
  "Parasyte: The Grey": "Parasyte: The Grey",
  "Goodbye Earth": "Goodbye Earth",
  "The Atypical Family": "The Atypical Family",
  "The 8 Show": "The 8 Show",
  "Hierarchy": "Hierarchy ",
  "Miss Night and Day": "Miss Night and Day",
  "The Whirlwind": "The Whirlwind",
  "Sweet Home, Season 3": "Sweet Home 3",
  "Romance in the House": "Romance in the House ",
  "Love Next Door": "Love Next Door",
  "The Frog": "Silent Frogs",
  "Gyeongseong Creature, Season 2": "Gyeongseong Creature 2",
  "A Virtuous Business": "A Virtuous Business",
  "Hellbound, Season 2": "Hellbound season 2",
  "Mr. Plankton": "Mr. Plankton",
  "When the Phone Rings": "When the Phone Rings",
  "The Trunk": "The Trunk",
  "Squid Game, Season 2": "Squid Game season 2"
}
```
2026-08-07 15:46:49.345 | INFO     | eval.evaluation.evaluation:evaluate_single_query:223 - col: dramatitle, primary_key_map {'The Bequeathed': 'The Bequeathed', 'Captivating the King': 'Captivating the King', 'Doctor Slump': 'Doctor Slump', 'A Killer Paradox': 'A Killer Paradox', 'Queen of Tears': 'Queen of Tears', 'Chicken Nugget': 'Chicken Nugget', 'Parasyte: The Grey': 'Parasyte: The Grey', 'Goodbye Earth': 'Goodbye Earth', 'The Atypical Family': 'The Atypical Family', 'The 8 Show': 'The 8 Show', 'Hierarchy': 'Hierarchy ', 'Miss Night and Day': 'Miss Night and Day', 'The Whirlwind': 'The Whirlwind', 'Sweet Home, Season 3': 'Sweet Home 3', 'Romance in the House': 'Romance in the House ', 'Love Next Door': 'Love Next Door', 'The Frog': 'Silent Frogs', 'Gyeongseong Creature, Season 2': 'Gyeongseong Creature 2', 'A Virtuous Business': 'A Virtuous Business', 'Hellbound, Season 2': 'Hellbound season 2', 'Mr. Plankton': 'Mr. Plankton', 'When the Phone Rings': 'When the Phone Rings', 'The Trunk': 'The Trunk', 'Squid Game, Season 2': 'Squid Game season 2'}
2026-08-07 15:46:49.351 | INFO     | eval.evaluation.evaluation:evaluate_single_query:275 - wide2deep_ws_en_095, df_inner shape: (24, 10), answer_df shape: (38, 5), response_df shape: (24, 6)
2026-08-07 15:46:49.352 | DEBUG    | eval.evaluation.evaluation:metric_call:77 - metric_func_name exact_match score 1.0 msg exact match, response: 2024-01-19, target: 2024-01-19
2026-08-07 15:46:49.352 | DEBUG    | eval.evaluation.evaluation:metric_call:77 - metric_func_name exact_match score 1.0 msg exact match, response: 2024-01-21, target: 2024-01-21
2026-08-07 15:46:49.352 | DEBUG    | eval.evaluation.evaluation:metric_call:77 - metric_func_name exact_match score 1.0 msg exact match, response: 2024-01-27, target: 2024-01-27
2026-08-07 15:46:49.352 | DEBUG    | eval.evaluation.evaluation:metric_call:77 - metric_func_name exact_match score 1.0 msg exact match, response: 2024-02-09, target: 2024-02-09
2026-08-07 15:46:49.352 | DEBUG    | eval.evaluation.evaluation:metric_call:77 - metric_func_name exact_match score 1.0 msg exact match, response: 2024-03-09, target: 2024-03-09
2026-08-07 15:46:49.352 | DEBUG    | eval.evaluation.evaluation:metric_call:77 - metric_func_name exact_match score 1.0 msg exact match, response: 2024-03-15, target: 2024-03-15
2026-08-07 15:46:49.352 | DEBUG    | eval.evaluation.evaluation:metric_call:77 - metric_func_name exact_match score 1.0 msg exact match, response: 2024-04-05, target: 2024-04-05
2026-08-07 15:46:49.352 | DEBUG    | eval.evaluation.evaluation:metric_call:77 - metric_func_name exact_match score 1.0 msg exact match, response: 2024-04-26, target: 2024-04-26
2026-08-07 15:46:49.352 | DEBUG    | eval.evaluation.evaluation:metric_call:77 - metric_func_name exact_match score 1.0 msg exact match, response: 2024-05-04, target: 2024-05-04
2026-08-07 15:46:49.352 | DEBUG    | eval.evaluation.evaluation:metric_call:77 - metric_func_name exact_match score 1.0 msg exact match, response: 2024-05-17, target: 2024-05-17
2026-08-07 15:46:49.352 | DEBUG    | eval.evaluation.evaluation:metric_call:77 - metric_func_name exact_match score 1.0 msg exact match, response: 2024-06-07, target: 2024-06-07
2026-08-07 15:46:49.352 | DEBUG    | eval.evaluation.evaluation:metric_call:77 - metric_func_name exact_match score 1.0 msg exact match, response: 2024-06-15, target: 2024-06-15
2026-08-07 15:46:49.352 | DEBUG    | eval.evaluation.evaluation:metric_call:77 - metric_func_name exact_match score 1.0 msg exact match, response: 2024-06-28, target: 2024-06-28
2026-08-07 15:46:49.352 | DEBUG    | eval.evaluation.evaluation:metric_call:77 - metric_func_name exact_match score 1.0 msg exact match, response: 2024-07-19, target: 2024-07-19
2026-08-07 15:46:49.352 | DEBUG    | eval.evaluation.evaluation:metric_call:77 - metric_func_name exact_match score 1.0 msg exact match, response: 2024-08-10, target: 2024-08-10
2026-08-07 15:46:49.352 | DEBUG    | eval.evaluation.evaluation:metric_call:77 - metric_func_name exact_match score 1.0 msg exact match, response: 2024-08-17, target: 2024-08-17
2026-08-07 15:46:49.352 | DEBUG    | eval.evaluation.evaluation:metric_call:77 - metric_func_name exact_match score 1.0 msg exact match, response: 2024-08-23, target: 2024-08-23
2026-08-07 15:46:49.352 | DEBUG    | eval.evaluation.evaluation:metric_call:77 - metric_func_name exact_match score 1.0 msg exact match, response: 2024-09-27, target: 2024-09-27
2026-08-07 15:46:49.352 | DEBUG    | eval.evaluation.evaluation:metric_call:77 - metric_func_name exact_match score 1.0 msg exact match, response: 2024-10-12, target: 2024-10-12
2026-08-07 15:46:49.352 | DEBUG    | eval.evaluation.evaluation:metric_call:77 - metric_func_name exact_match score 1.0 msg exact match, response: 2024-10-25, target: 2024-10-25
2026-08-07 15:46:49.353 | DEBUG    | eval.evaluation.evaluation:metric_call:77 - metric_func_name exact_match score 1.0 msg exact match, response: 2024-11-08, target: 2024-11-08
2026-08-07 15:46:49.353 | DEBUG    | eval.evaluation.evaluation:metric_call:77 - metric_func_name exact_match score 1.0 msg exact match, response: 2024-11-22, target: 2024-11-22
2026-08-07 15:46:49.353 | DEBUG    | eval.evaluation.evaluation:metric_call:77 - metric_func_name exact_match score 1.0 msg exact match, response: 2024-11-29, target: 2024-11-29
2026-08-07 15:46:49.353 | DEBUG    | eval.evaluation.evaluation:metric_call:77 - metric_func_name exact_match score 1.0 msg exact match, response: 2024-12-26, target: 2024-12-26
2026-08-07 15:46:49.353 | DEBUG    | eval.evaluation.evaluation:evaluate_single_query:321 - wide2deep_ws_en_095, col premieredate, metric_func_name exact_match, score [1.0, 1.0, 1.0, 1.0, 1.0, 1.0, 1.0, 1.0, 1.0, 1.0, 1.0, 1.0, 1.0, 1.0, 1.0, 1.0, 1.0, 1.0, 1.0, 1.0, 1.0, 1.0, 1.0, 1.0]
2026-08-07 15:46:53.264 | DEBUG    | eval.evaluation.evaluation:evaluate_single_query:321 - wide2deep_ws_en_095, col director, metric_func_name llm_judge, score [0, 1, 1, 1, 1, 1, 1, 1, 1, 1, 1, 0, 1, 1, 1, 1, 1, 0, 1, 1, 1, 1, 1, 1]
2026-08-07 15:46:53.264 | DEBUG    | eval.evaluation.evaluation:metric_call:77 - metric_func_name exact_match score 1.0 msg exact match, response: 6, target: 6
2026-08-07 15:46:53.264 | DEBUG    | eval.evaluation.evaluation:metric_call:77 - metric_func_name exact_match score 1.0 msg exact match, response: 16, target: 16
2026-08-07 15:46:53.264 | DEBUG    | eval.evaluation.evaluation:metric_call:77 - metric_func_name exact_match score 1.0 msg exact match, response: 16, target: 16
2026-08-07 15:46:53.264 | DEBUG    | eval.evaluation.evaluation:metric_call:77 - metric_func_name exact_match score 1.0 msg exact match, response: 8, target: 8
2026-08-07 15:46:53.264 | DEBUG    | eval.evaluation.evaluation:metric_call:77 - metric_func_name exact_match score 1.0 msg exact match, response: 16, target: 16
2026-08-07 15:46:53.264 | DEBUG    | eval.evaluation.evaluation:metric_call:77 - metric_func_name exact_match score 1.0 msg exact match, response: 10, target: 10
2026-08-07 15:46:53.264 | DEBUG    | eval.evaluation.evaluation:metric_call:77 - metric_func_name exact_match score 1.0 msg exact match, response: 6, target: 6
2026-08-07 15:46:53.264 | DEBUG    | eval.evaluation.evaluation:metric_call:77 - metric_func_name exact_match score 1.0 msg exact match, response: 12, target: 12
2026-08-07 15:46:53.264 | DEBUG    | eval.evaluation.evaluation:metric_call:77 - metric_func_name exact_match score 1.0 msg exact match, response: 12, target: 12
2026-08-07 15:46:53.264 | DEBUG    | eval.evaluation.evaluation:metric_call:77 - metric_func_name exact_match score 1.0 msg exact match, response: 8, target: 8
2026-08-07 15:46:53.264 | DEBUG    | eval.evaluation.evaluation:metric_call:77 - metric_func_name exact_match score 1.0 msg exact match, response: 7, target: 7
2026-08-07 15:46:53.264 | DEBUG    | eval.evaluation.evaluation:metric_call:77 - metric_func_name exact_match score 1.0 msg exact match, response: 16, target: 16
2026-08-07 15:46:53.264 | DEBUG    | eval.evaluation.evaluation:metric_call:77 - metric_func_name exact_match score 1.0 msg exact match, response: 12, target: 12
2026-08-07 15:46:53.264 | DEBUG    | eval.evaluation.evaluation:metric_call:77 - metric_func_name exact_match score 1.0 msg exact match, response: 8, target: 8
2026-08-07 15:46:53.265 | DEBUG    | eval.evaluation.evaluation:metric_call:77 - metric_func_name exact_match score 1.0 msg exact match, response: 12, target: 12
2026-08-07 15:46:53.265 | DEBUG    | eval.evaluation.evaluation:metric_call:77 - metric_func_name exact_match score 1.0 msg exact match, response: 16, target: 16
2026-08-07 15:46:53.265 | DEBUG    | eval.evaluation.evaluation:metric_call:77 - metric_func_name exact_match score 1.0 msg exact match, response: 8, target: 8
2026-08-07 15:46:53.265 | DEBUG    | eval.evaluation.evaluation:metric_call:77 - metric_func_name exact_match score 1.0 msg exact match, response: 7, target: 7
2026-08-07 15:46:53.265 | DEBUG    | eval.evaluation.evaluation:metric_call:77 - metric_func_name exact_match score 1.0 msg exact match, response: 12, target: 12
2026-08-07 15:46:53.265 | DEBUG    | eval.evaluation.evaluation:metric_call:77 - metric_func_name exact_match score 1.0 msg exact match, response: 6, target: 6
2026-08-07 15:46:53.265 | DEBUG    | eval.evaluation.evaluation:metric_call:77 - metric_func_name exact_match score 1.0 msg exact match, response: 10, target: 10
2026-08-07 15:46:53.265 | DEBUG    | eval.evaluation.evaluation:metric_call:77 - metric_func_name exact_match score 1.0 msg exact match, response: 12, target: 12
2026-08-07 15:46:53.265 | DEBUG    | eval.evaluation.evaluation:metric_call:77 - metric_func_name exact_match score 1.0 msg exact match, response: 8, target: 8
2026-08-07 15:46:53.265 | DEBUG    | eval.evaluation.evaluation:metric_call:77 - metric_func_name exact_match score 1.0 msg exact match, response: 7, target: 7
2026-08-07 15:46:53.266 | DEBUG    | eval.evaluation.evaluation:evaluate_single_query:321 - wide2deep_ws_en_095, col numberofepisodes, metric_func_name exact_match, score [1.0, 1.0, 1.0, 1.0, 1.0, 1.0, 1.0, 1.0, 1.0, 1.0, 1.0, 1.0, 1.0, 1.0, 1.0, 1.0, 1.0, 1.0, 1.0, 1.0, 1.0, 1.0, 1.0, 1.0]
2026-08-07 15:46:57.242 | DEBUG    | eval.evaluation.evaluation:evaluate_single_query:321 - wide2deep_ws_en_095, col awards, metric_func_name llm_judge, score [1, 1, 1, 1, 1, 1, 1, 1, 0, 1, 1, 1, 1, 1, 1, 1, 1, 1, 1, 1, 1, 1, 1, 1]
2026-08-07 15:46:57.248 | INFO     | eval.evaluation.evaluation:evaluate_single_query:380 - wide2deep_ws_en_095, P/R/F1 by unique_columns: 1.0000/0.6316/0.7742
2026-08-07 15:46:57.248 | INFO     | eval.evaluation.evaluation:evaluate_single_query:383 - wide2deep_ws_en_095, P/R/F1 by row: 0.8333/0.5263/0.6452
2026-08-07 15:46:57.248 | INFO     | eval.evaluation.evaluation:evaluate_single_query:386 - wide2deep_ws_en_095, P/R/F1 by item: 0.9667/0.6105/0.7484
2026-08-07 15:46:57.251 | INFO     | eval.evaluation.evaluation:evaluate_single_query:398 - wide2deep_ws_en_095, final table score: 0.0
{"event": "eval_done", "idx": 6, "instance_id": "wide2deep_ws_en_095", "score": 0.0, "entity_acc": 1.0, "f1_by_row": 0.6451612903225806, "f1_by_item": 0.7483870967741936, "column_f1": 0.7741935483870968, "error": null, "elapsed_seconds": 15.071, "running_n": 6}
2026-08-07 15:47:00.599 | DEBUG    | eval.evaluation.data_loader:extract_dataframe:167 - find markdown_str 
| 景区名称 | 所在省份 | 所在省份旅游接待人次（亿） | 所在的省份的旅游综合收入（亿） |
| --- | --- | ...
2026-08-07 15:47:09.013 | INFO     | eval.evaluation.metric_utils:primary_key_preprocess:246 - primary_key_preprocess result: ```json
{
  "九寨沟景区": "九寨沟景区",
  "杭州西湖风景名胜区": "西湖风景名胜区",
  "喀纳斯景区": "阿勒泰地区喀纳斯景区",
  "蜈支洲岛旅游区": "蜈支洲岛旅游区",
  "太湖风景名胜区": "太湖旅游区",
  "天目湖旅游度假区": "天目湖旅游度假区",
  "鼓浪屿风景名胜区": "鼓浪屿风景区",
  "涠洲岛景区": "涠洲岛",
  "鄱阳湖国家湿地公园": "鄱阳湖国家湿地公园",
  "黄果树瀑布景区": "黄果树瀑布景区",
  "青海湖景区": "青海湖风景区",
  "橘子洲旅游区": "橘子洲旅游区",
  "西溪国家湿地公园": "西溪湿地旅游区",
  "玄武湖景区": "玄武湖",
  "千岛湖风景区": "千岛湖风景区",
  "舟山桃花岛风景旅游区": "舟山桃花岛",
  "南澳岛旅游区": "广东南澳岛",
  "稻城亚丁旅游景区": "稻城亚丁旅游景区",
  "三亚天涯海角游览区": "天涯海角游览区",
  "济南天下第一泉景区": "济南天下第一泉",
  "泸沽湖景区": "泸沽湖",
  "瘦西湖风景区": "瘦西湖风景区",
  "洪泽湖湿地景区": "洪泽湖湿地景区",
  "赛里木湖景区": "赛里木湖景区",
  "新疆天山天池风景名胜区": "新疆天山天池风景名胜区",
  "微山湖旅游区": "微山湖旅游区",
  "漓江风景名胜区": "桂林漓江风景名胜区",
  "德天跨国瀑布景区": "崇左德天瀑布",
  "可可托海景区": "可可托海景区"
}
```
2026-08-07 15:47:09.013 | INFO     | eval.evaluation.evaluation:evaluate_single_query:223 - col: 景区名称, primary_key_map {'九寨沟景区': '九寨沟景区', '杭州西湖风景名胜区': '西湖风景名胜区', '喀纳斯景区': '阿勒泰地区喀纳斯景区', '蜈支洲岛旅游区': '蜈支洲岛旅游区', '太湖风景名胜区': '太湖旅游区', '天目湖旅游度假区': '天目湖旅游度假区', '鼓浪屿风景名胜区': '鼓浪屿风景区', '涠洲岛景区': '涠洲岛', '鄱阳湖国家湿地公园': '鄱阳湖国家湿地公园', '黄果树瀑布景区': '黄果树瀑布景区', '青海湖景区': '青海湖风景区', '橘子洲旅游区': '橘子洲旅游区', '西溪国家湿地公园': '西溪湿地旅游区', '玄武湖景区': '玄武湖', '千岛湖风景区': '千岛湖风景区', '舟山桃花岛风景旅游区': '舟山桃花岛', '南澳岛旅游区': '广东南澳岛', '稻城亚丁旅游景区': '稻城亚丁旅游景区', '三亚天涯海角游览区': '天涯海角游览区', '济南天下第一泉景区': '济南天下第一泉', '泸沽湖景区': '泸沽湖', '瘦西湖风景区': '瘦西湖风景区', '洪泽湖湿地景区': '洪泽湖湿地景区', '赛里木湖景区': '赛里木湖景区', '新疆天山天池风景名胜区': '新疆天山天池风景名胜区', '微山湖旅游区': '微山湖旅游区', '漓江风景名胜区': '桂林漓江风景名胜区', '德天跨国瀑布景区': '崇左德天瀑布', '可可托海景区': '可可托海景区'}
2026-08-07 15:47:09.020 | INFO     | eval.evaluation.evaluation:evaluate_single_query:275 - wide2deep_ws_zh_028, df_inner shape: (29, 8), answer_df shape: (50, 4), response_df shape: (50, 5)
2026-08-07 15:47:09.021 | DEBUG    | eval.evaluation.evaluation:metric_call:77 - metric_func_name exact_match score 1.0 msg exact match, response: 四川, target: 四川
2026-08-07 15:47:09.021 | DEBUG    | eval.evaluation.evaluation:metric_call:77 - metric_func_name exact_match score 1.0 msg exact match, response: 浙江, target: 浙江
2026-08-07 15:47:09.021 | DEBUG    | eval.evaluation.evaluation:metric_call:77 - metric_func_name exact_match score 1.0 msg exact match, response: 新疆, target: 新疆
2026-08-07 15:47:09.021 | DEBUG    | eval.evaluation.evaluation:metric_call:77 - metric_func_name exact_match score 1.0 msg exact match, response: 海南, target: 海南
2026-08-07 15:47:09.021 | DEBUG    | eval.evaluation.evaluation:metric_call:77 - metric_func_name exact_match score 1.0 msg exact match, response: 江苏, target: 江苏
2026-08-07 15:47:09.021 | DEBUG    | eval.evaluation.evaluation:metric_call:77 - metric_func_name exact_match score 1.0 msg exact match, response: 江苏, target: 江苏
2026-08-07 15:47:09.021 | DEBUG    | eval.evaluation.evaluation:metric_call:77 - metric_func_name exact_match score 1.0 msg exact match, response: 福建, target: 福建
2026-08-07 15:47:09.021 | DEBUG    | eval.evaluation.evaluation:metric_call:77 - metric_func_name exact_match score 1.0 msg exact match, response: 广西, target: 广西
2026-08-07 15:47:09.021 | DEBUG    | eval.evaluation.evaluation:metric_call:77 - metric_func_name exact_match score 1.0 msg exact match, response: 江西, target: 江西
2026-08-07 15:47:09.021 | DEBUG    | eval.evaluation.evaluation:metric_call:77 - metric_func_name exact_match score 1.0 msg exact match, response: 贵州, target: 贵州
2026-08-07 15:47:09.021 | DEBUG    | eval.evaluation.evaluation:metric_call:77 - metric_func_name exact_match score 1.0 msg exact match, response: 江苏, target: 江苏
2026-08-07 15:47:09.021 | DEBUG    | eval.evaluation.evaluation:metric_call:77 - metric_func_name exact_match score 1.0 msg exact match, response: 湖南, target: 湖南
2026-08-07 15:47:09.021 | DEBUG    | eval.evaluation.evaluation:metric_call:77 - metric_func_name exact_match score 1.0 msg exact match, response: 浙江, target: 浙江
2026-08-07 15:47:09.021 | DEBUG    | eval.evaluation.evaluation:metric_call:77 - metric_func_name exact_match score 1.0 msg exact match, response: 江苏, target: 江苏
2026-08-07 15:47:09.021 | DEBUG    | eval.evaluation.evaluation:metric_call:77 - metric_func_name exact_match score 1.0 msg exact match, response: 浙江, target: 浙江
2026-08-07 15:47:09.021 | DEBUG    | eval.evaluation.evaluation:metric_call:77 - metric_func_name exact_match score 1.0 msg exact match, response: 浙江, target: 浙江
2026-08-07 15:47:09.021 | DEBUG    | eval.evaluation.evaluation:metric_call:77 - metric_func_name exact_match score 1.0 msg exact match, response: 广东, target: 广东
2026-08-07 15:47:09.022 | DEBUG    | eval.evaluation.evaluation:metric_call:77 - metric_func_name exact_match score 1.0 msg exact match, response: 四川, target: 四川
2026-08-07 15:47:09.022 | DEBUG    | eval.evaluation.evaluation:metric_call:77 - metric_func_name exact_match score 1.0 msg exact match, response: 海南, target: 海南
2026-08-07 15:47:09.022 | DEBUG    | eval.evaluation.evaluation:metric_call:77 - metric_func_name exact_match score 0.0 msg exact not match, response: 云南, target: 四川
2026-08-07 15:47:09.022 | DEBUG    | eval.evaluation.evaluation:metric_call:77 - metric_func_name exact_match score 1.0 msg exact match, response: 山东, target: 山东
2026-08-07 15:47:09.022 | DEBUG    | eval.evaluation.evaluation:metric_call:77 - metric_func_name exact_match score 1.0 msg exact match, response: 新疆, target: 新疆
2026-08-07 15:47:09.022 | DEBUG    | eval.evaluation.evaluation:metric_call:77 - metric_func_name exact_match score 1.0 msg exact match, response: 新疆, target: 新疆
2026-08-07 15:47:09.022 | DEBUG    | eval.evaluation.evaluation:metric_call:77 - metric_func_name exact_match score 1.0 msg exact match, response: 山东, target: 山东
2026-08-07 15:47:09.022 | DEBUG    | eval.evaluation.evaluation:metric_call:77 - metric_func_name exact_match score 1.0 msg exact match, response: 青海, target: 青海
2026-08-07 15:47:09.022 | DEBUG    | eval.evaluation.evaluation:metric_call:77 - metric_func_name exact_match score 1.0 msg exact match, response: 广西, target: 广西
2026-08-07 15:47:09.022 | DEBUG    | eval.evaluation.evaluation:metric_call:77 - metric_func_name exact_match score 1.0 msg exact match, response: 新疆, target: 新疆
2026-08-07 15:47:09.022 | DEBUG    | eval.evaluation.evaluation:metric_call:77 - metric_func_name exact_match score 1.0 msg exact match, response: 江苏, target: 江苏
2026-08-07 15:47:09.022 | DEBUG    | eval.evaluation.evaluation:metric_call:77 - metric_func_name exact_match score 1.0 msg exact match, response: 广西, target: 广西
2026-08-07 15:47:09.023 | DEBUG    | eval.evaluation.evaluation:evaluate_single_query:321 - wide2deep_ws_zh_028, col 所在省份, metric_func_name exact_match, score [1.0, 1.0, 1.0, 1.0, 1.0, 1.0, 1.0, 1.0, 1.0, 1.0, 1.0, 1.0, 1.0, 1.0, 1.0, 1.0, 1.0, 1.0, 1.0, 0.0, 1.0, 1.0, 1.0, 1.0, 1.0, 1.0, 1.0, 1.0, 1.0]
2026-08-07 15:47:09.023 | DEBUG    | eval.evaluation.evaluation:metric_call:77 - metric_func_name number_near score 0.0 msg number not near, response: 5.7, target: 10.5
2026-08-07 15:47:09.023 | DEBUG    | eval.evaluation.evaluation:metric_call:77 - metric_func_name number_near score 1.0 msg number near in range 5.0%, response: 7.6, target: 7.6
2026-08-07 15:47:09.023 | DEBUG    | eval.evaluation.evaluation:metric_call:77 - metric_func_name number_near score 1.0 msg number near in range 5.0%, response: 2.7, target: 2.7
2026-08-07 15:47:09.023 | DEBUG    | eval.evaluation.evaluation:metric_call:77 - metric_func_name number_near score 1.0 msg number near in range 5.0%, response: 0.9, target: 0.9
2026-08-07 15:47:09.023 | DEBUG    | eval.evaluation.evaluation:metric_call:77 - metric_func_name number_near score 1.0 msg number near in range 5.0%, response: 9.4, target: 9.4
2026-08-07 15:47:09.023 | DEBUG    | eval.evaluation.evaluation:metric_call:77 - metric_func_name number_near score 1.0 msg number near in range 5.0%, response: 9.4, target: 9.4
2026-08-07 15:47:09.023 | DEBUG    | eval.evaluation.evaluation:metric_call:77 - metric_func_name number_near score 1.0 msg number near in range 5.0%, response: 5.7, target: 5.7
2026-08-07 15:47:09.023 | DEBUG    | eval.evaluation.evaluation:metric_call:77 - metric_func_name number_near score 1.0 msg number near in range 5.0%, response: 8.2, target: 8.5
2026-08-07 15:47:09.023 | DEBUG    | eval.evaluation.evaluation:metric_call:77 - metric_func_name number_near score 0.0 msg number not near, response: 7.0, target: 8.2
2026-08-07 15:47:09.023 | DEBUG    | eval.evaluation.evaluation:metric_call:77 - metric_func_name number_near score 0.0 msg number not near, response: 12.8, target: 6.4
2026-08-07 15:47:09.023 | DEBUG    | eval.evaluation.evaluation:metric_call:77 - metric_func_name number_near score 1.0 msg number near in range 5.0%, response: 9.4, target: 9.4
2026-08-07 15:47:09.023 | DEBUG    | eval.evaluation.evaluation:metric_call:77 - metric_func_name number_near score 1.0 msg number near in range 5.0%, response: 6.6, target: 6.6
2026-08-07 15:47:09.023 | DEBUG    | eval.evaluation.evaluation:metric_call:77 - metric_func_name number_near score 1.0 msg number near in range 5.0%, response: 7.6, target: 7.6
2026-08-07 15:47:09.023 | DEBUG    | eval.evaluation.evaluation:metric_call:77 - metric_func_name number_near score 1.0 msg number near in range 5.0%, response: 9.4, target: 9.4
2026-08-07 15:47:09.023 | DEBUG    | eval.evaluation.evaluation:metric_call:77 - metric_func_name number_near score 1.0 msg number near in range 5.0%, response: 7.6, target: 7.6
2026-08-07 15:47:09.023 | DEBUG    | eval.evaluation.evaluation:metric_call:77 - metric_func_name number_near score 1.0 msg number near in range 5.0%, response: 7.6, target: 7.6
2026-08-07 15:47:09.023 | DEBUG    | eval.evaluation.evaluation:metric_call:77 - metric_func_name number_near score 1.0 msg number near in range 5.0%, response: 7.8, target: 7.8
2026-08-07 15:47:09.023 | DEBUG    | eval.evaluation.evaluation:metric_call:77 - metric_func_name number_near score 0.0 msg number not near, response: 5.7, target: 10.5
2026-08-07 15:47:09.024 | DEBUG    | eval.evaluation.evaluation:metric_call:77 - metric_func_name number_near score 1.0 msg number near in range 5.0%, response: 0.9, target: 0.9
2026-08-07 15:47:09.024 | DEBUG    | eval.evaluation.evaluation:metric_call:77 - metric_func_name number_near score 1.0 msg number near in range 5.0%, response: 10.4, target: 10.5
2026-08-07 15:47:09.024 | DEBUG    | eval.evaluation.evaluation:metric_call:77 - metric_func_name number_near score 1.0 msg number near in range 5.0%, response: 8.0, target: 8.2
2026-08-07 15:47:09.024 | DEBUG    | eval.evaluation.evaluation:metric_call:77 - metric_func_name number_near score 1.0 msg number near in range 5.0%, response: 2.7, target: 2.7
2026-08-07 15:47:09.024 | DEBUG    | eval.evaluation.evaluation:metric_call:77 - metric_func_name number_near score 1.0 msg number near in range 5.0%, response: 2.7, target: 2.7
2026-08-07 15:47:09.024 | DEBUG    | eval.evaluation.evaluation:metric_call:77 - metric_func_name number_near score 1.0 msg number near in range 5.0%, response: 8.0, target: 8.2
2026-08-07 15:47:09.024 | DEBUG    | eval.evaluation.evaluation:metric_call:77 - metric_func_name number_near score 0.0 msg number not near, response: 0.4, target: 0.5
2026-08-07 15:47:09.024 | DEBUG    | eval.evaluation.evaluation:metric_call:77 - metric_func_name number_near score 1.0 msg number near in range 5.0%, response: 8.2, target: 8.5
2026-08-07 15:47:09.024 | DEBUG    | eval.evaluation.evaluation:metric_call:77 - metric_func_name number_near score 1.0 msg number near in range 5.0%, response: 2.7, target: 2.7
2026-08-07 15:47:09.024 | DEBUG    | eval.evaluation.evaluation:metric_call:77 - metric_func_name number_near score 1.0 msg number near in range 5.0%, response: 9.4, target: 9.4
2026-08-07 15:47:09.024 | DEBUG    | eval.evaluation.evaluation:metric_call:77 - metric_func_name number_near score 1.0 msg number near in range 5.0%, response: 8.2, target: 8.5
2026-08-07 15:47:09.025 | DEBUG    | eval.evaluation.evaluation:evaluate_single_query:321 - wide2deep_ws_zh_028, col 所在省份旅游接待人次（亿）, metric_func_name number_near, score [0.0, 1.0, 1.0, 1.0, 1.0, 1.0, 1.0, 1.0, 0.0, 0.0, 1.0, 1.0, 1.0, 1.0, 1.0, 1.0, 1.0, 0.0, 1.0, 1.0, 1.0, 1.0, 1.0, 1.0, 0.0, 1.0, 1.0, 1.0, 1.0]
2026-08-07 15:47:09.025 | DEBUG    | eval.evaluation.evaluation:metric_call:77 - metric_func_name number_near score 0.0 msg number not near, response: 7442.0, target: 12783.0
2026-08-07 15:47:09.025 | DEBUG    | eval.evaluation.evaluation:metric_call:77 - metric_func_name number_near score 1.0 msg number near in range 5.0%, response: 9900.0, target: 10029.0
2026-08-07 15:47:09.025 | DEBUG    | eval.evaluation.evaluation:metric_call:77 - metric_func_name number_near score 1.0 msg number near in range 5.0%, response: 2967.0, target: 2967.0
2026-08-07 15:47:09.025 | DEBUG    | eval.evaluation.evaluation:metric_call:77 - metric_func_name number_near score 1.0 msg number near in range 5.0%, response: 1813.0, target: 1813.0
2026-08-07 15:47:09.025 | DEBUG    | eval.evaluation.evaluation:metric_call:77 - metric_func_name number_near score 1.0 msg number near in range 5.0%, response: 12000.0, target: 12023.0
2026-08-07 15:47:09.025 | DEBUG    | eval.evaluation.evaluation:metric_call:77 - metric_func_name number_near score 1.0 msg number near in range 5.0%, response: 12000.0, target: 12023.0
2026-08-07 15:47:09.025 | DEBUG    | eval.evaluation.evaluation:metric_call:77 - metric_func_name number_near score 1.0 msg number near in range 5.0%, response: 6981.0, target: 6981.0
2026-08-07 15:47:09.025 | DEBUG    | eval.evaluation.evaluation:metric_call:77 - metric_func_name number_near score 0.0 msg number not near, response: 8600.0, target: 9211.0
2026-08-07 15:47:09.025 | DEBUG    | eval.evaluation.evaluation:metric_call:77 - metric_func_name number_near score 0.0 msg number not near, response: 9000.0, target: 9668.0
2026-08-07 15:47:09.025 | DEBUG    | eval.evaluation.evaluation:metric_call:77 - metric_func_name number_near score 0.0 msg number not near, response: 14600.0, target: 7405.0
2026-08-07 15:47:09.025 | DEBUG    | eval.evaluation.evaluation:metric_call:77 - metric_func_name number_near score 1.0 msg number near in range 5.0%, response: 12000.0, target: 12023.0
2026-08-07 15:47:09.025 | DEBUG    | eval.evaluation.evaluation:metric_call:77 - metric_func_name number_near score 1.0 msg number near in range 5.0%, response: 9565.0, target: 9565.0
2026-08-07 15:47:09.025 | DEBUG    | eval.evaluation.evaluation:metric_call:77 - metric_func_name number_near score 1.0 msg number near in range 5.0%, response: 9900.0, target: 10029.0
2026-08-07 15:47:09.025 | DEBUG    | eval.evaluation.evaluation:metric_call:77 - metric_func_name number_near score 1.0 msg number near in range 5.0%, response: 12000.0, target: 12023.0
2026-08-07 15:47:09.025 | DEBUG    | eval.evaluation.evaluation:metric_call:77 - metric_func_name number_near score 1.0 msg number near in range 5.0%, response: 9900.0, target: 10029.0
2026-08-07 15:47:09.025 | DEBUG    | eval.evaluation.evaluation:metric_call:77 - metric_func_name number_near score 1.0 msg number near in range 5.0%, response: 9900.0, target: 10029.0
2026-08-07 15:47:09.025 | DEBUG    | eval.evaluation.evaluation:metric_call:77 - metric_func_name number_near score 1.0 msg number near in range 5.0%, response: 9500.0, target: 9526.0
2026-08-07 15:47:09.025 | DEBUG    | eval.evaluation.evaluation:metric_call:77 - metric_func_name number_near score 0.0 msg number not near, response: 7442.0, target: 12783.0
2026-08-07 15:47:09.026 | DEBUG    | eval.evaluation.evaluation:metric_call:77 - metric_func_name number_near score 1.0 msg number near in range 5.0%, response: 1813.0, target: 1813.0
2026-08-07 15:47:09.026 | DEBUG    | eval.evaluation.evaluation:metric_call:77 - metric_func_name number_near score 0.0 msg number not near, response: 14400.0, target: 12783.0
2026-08-07 15:47:09.026 | DEBUG    | eval.evaluation.evaluation:metric_call:77 - metric_func_name number_near score 0.0 msg number not near, response: 9100.0, target: 9714.0
2026-08-07 15:47:09.026 | DEBUG    | eval.evaluation.evaluation:metric_call:77 - metric_func_name number_near score 1.0 msg number near in range 5.0%, response: 2967.0, target: 2967.0
2026-08-07 15:47:09.026 | DEBUG    | eval.evaluation.evaluation:metric_call:77 - metric_func_name number_near score 1.0 msg number near in range 5.0%, response: 2967.0, target: 2967.0
2026-08-07 15:47:09.026 | DEBUG    | eval.evaluation.evaluation:metric_call:77 - metric_func_name number_near score 0.0 msg number not near, response: 9100.0, target: 9714.0
2026-08-07 15:47:09.026 | DEBUG    | eval.evaluation.evaluation:metric_call:77 - metric_func_name number_near score 1.0 msg number near in range 5.0%, response: 431.0, target: 431.0
2026-08-07 15:47:09.026 | DEBUG    | eval.evaluation.evaluation:metric_call:77 - metric_func_name number_near score 0.0 msg number not near, response: 8600.0, target: 9211.0
2026-08-07 15:47:09.026 | DEBUG    | eval.evaluation.evaluation:metric_call:77 - metric_func_name number_near score 1.0 msg number near in range 5.0%, response: 2967.0, target: 2967.0
2026-08-07 15:47:09.026 | DEBUG    | eval.evaluation.evaluation:metric_call:77 - metric_func_name number_near score 1.0 msg number near in range 5.0%, response: 12000.0, target: 12023.0
2026-08-07 15:47:09.026 | DEBUG    | eval.evaluation.evaluation:metric_call:77 - metric_func_name number_near score 0.0 msg number not near, response: 8600.0, target: 9211.0
2026-08-07 15:47:09.027 | DEBUG    | eval.evaluation.evaluation:evaluate_single_query:321 - wide2deep_ws_zh_028, col 所在的省份的旅游综合收入（亿）, metric_func_name number_near, score [0.0, 1.0, 1.0, 1.0, 1.0, 1.0, 1.0, 0.0, 0.0, 0.0, 1.0, 1.0, 1.0, 1.0, 1.0, 1.0, 1.0, 0.0, 1.0, 0.0, 0.0, 1.0, 1.0, 0.0, 1.0, 0.0, 1.0, 1.0, 0.0]
2026-08-07 15:47:09.031 | INFO     | eval.evaluation.evaluation:evaluate_single_query:380 - wide2deep_ws_zh_028, P/R/F1 by unique_columns: 0.5800/0.5800/0.5800
2026-08-07 15:47:09.031 | INFO     | eval.evaluation.evaluation:evaluate_single_query:383 - wide2deep_ws_zh_028, P/R/F1 by row: 0.3600/0.3600/0.3600
2026-08-07 15:47:09.031 | INFO     | eval.evaluation.evaluation:evaluate_single_query:386 - wide2deep_ws_zh_028, P/R/F1 by item: 0.5000/0.5000/0.5000
2026-08-07 15:47:09.034 | INFO     | eval.evaluation.evaluation:evaluate_single_query:398 - wide2deep_ws_zh_028, final table score: 0.0
{"event": "eval_done", "idx": 7, "instance_id": "wide2deep_ws_zh_028", "score": 0.0, "entity_acc": 1.0, "f1_by_row": 0.36, "f1_by_item": 0.5, "column_f1": 0.58, "error": null, "elapsed_seconds": 11.765, "running_n": 7}
SUMMARY {"n": 7, "valid_n": 6, "errors": 1, "complete": false, "judge_calls_current_process": 23, "score": 0.0, "entity_acc": 1.0, "precision_by_row": 0.40825396825396826, "recall_by_row": 0.3416081871345029, "f1_by_row": 0.36542811628833133, "precision_by_item": 0.6609900793650794, "recall_by_item": 0.5351786283891548, "f1_by_item": 0.5788138232592918, "column_precision": 0.760406746031746, "column_recall": 0.6057177033492823, "column_f1": 0.6589062817480636}
