INFO: Pandarallel will run on 8 workers.
INFO: Pandarallel will use Memory file system to transfer data between the main process and workers.
{"event": "eval_start", "selected": 7, "resume_committed": 0, "committed_errors": 0, "crash_only_resume": false}
2026-08-09 06:00:59.785 | DEBUG    | eval.evaluation.data_loader:extract_dataframe:167 - find markdown_str 
| 场景名称 | 具体事项 | 实施方式 | 牵头部门 | 配合部门 | 完成时限 |
| --- | --- | --- | ...
2026-08-09 06:01:14.046 | INFO     | eval.evaluation.metric_utils:primary_key_preprocess:246 - primary_key_preprocess result: ```json
{
  "企业上市合法合规信息核查申请": "将拟上市企业在城市管理、规划自然资源、劳动保障、生态环境保护、市场监管、卫生健康、文化和旅游市场、应急管理、住房和工程建设、住房公积金缴存、科技、交通运输、合法纳税、知识产权、水资源保护、消防安全、电信监管等领域合法合规情况的全部信息或部分信息，建立协调机制，完善信息系统，加强数据共享，进行集成化信息核查及汇总，统一回复拟上市企业或保推荐机构，推进企业上市合法合规信息核查及企业上市提质增效。",
  "社会保险登记信息变更": "社会保险登记或参保信息变更",
  "住房公积金单位信息变更": "住房公积金企业缴存登记或信息变更",
  "创业登记注册": "经营主体登记注册",
  "就业创业证申领": "就业创业证申领",
  "创业补贴申领": "创业补贴申领",
  "社会保险登记": "单位新参保",
  "住房公积金缴存登记": "住房公积金单位登记开户",
  "内地居民婚姻登记": "内地居民婚姻登记",
  "夫妻投靠落户申请": "户口迁移（夫妻投靠落户）",
  "户口簿婚姻状况变更": "户口登记项目变更（婚姻状况）"
}
```
2026-08-09 06:01:14.046 | INFO     | eval.evaluation.evaluation:evaluate_single_query:223 - col: 具体事项, primary_key_map {'企业上市合法合规信息核查申请': '将拟上市企业在城市管理、规划自然资源、劳动保障、生态环境保护、市场监管、卫生健康、文化和旅游市场、应急管理、住房和工程建设、住房公积金缴存、科技、交通运输、合法纳税、知识产权、水资源保护、消防安全、电信监管等领域合法合规情况的全部信息或部分信息，建立协调机制，完善信息系统，加强数据共享，进行集成化信息核查及汇总，统一回复拟上市企业或保推荐机构，推进企业上市合法合规信息核查及企业上市提质增效。', '社会保险登记信息变更': '社会保险登记或参保信息变更', '住房公积金单位信息变更': '住房公积金企业缴存登记或信息变更', '创业登记注册': '经营主体登记注册', '就业创业证申领': '就业创业证申领', '创业补贴申领': '创业补贴申领', '社会保险登记': '单位新参保', '住房公积金缴存登记': '住房公积金单位登记开户', '内地居民婚姻登记': '内地居民婚姻登记', '夫妻投靠落户申请': '户口迁移（夫妻投靠落户）', '户口簿婚姻状况变更': '户口登记项目变更（婚姻状况）'}
2026-08-09 06:01:14.055 | INFO     | eval.evaluation.evaluation:evaluate_single_query:275 - wide2deep_ws_zh_062, df_inner shape: (11, 12), answer_df shape: (128, 6), response_df shape: (54, 7)
2026-08-09 06:01:17.394 | DEBUG    | eval.evaluation.evaluation:evaluate_single_query:321 - wide2deep_ws_zh_062, col 场景名称, metric_func_name llm_judge, score [0, 0, 0, 0, 1, 1, 1, 1, 1, 1, 1]
2026-08-09 06:01:17.395 | DEBUG    | eval.evaluation.evaluation:metric_call:77 - metric_func_name exact_match score 0.0 msg exact not match, response: 共享企业迁移信息，联动更新社会保险登记信息, target: 优化
2026-08-09 06:01:17.395 | DEBUG    | eval.evaluation.evaluation:metric_call:77 - metric_func_name exact_match score 0.0 msg exact not match, response: 共享企业迁移信息，联动办理单位住房公积金登记信息变更, target: 优化
2026-08-09 06:01:17.395 | DEBUG    | eval.evaluation.evaluation:metric_call:77 - metric_func_name exact_match score 0.0 msg exact not match, response: 创业登记信息共享后，联动办理社会保险登记, target: 优化
2026-08-09 06:01:17.395 | DEBUG    | eval.evaluation.evaluation:metric_call:77 - metric_func_name exact_match score 0.0 msg exact not match, response: 联动办理单位或个人住房公积金缴存登记, target: 优化
2026-08-09 06:01:17.395 | DEBUG    | eval.evaluation.evaluation:metric_call:77 - metric_func_name exact_match score 0.0 msg exact not match, response: 复用个人身份和就业信息，线上申请、结果电子化反馈, target: 优化
2026-08-09 06:01:17.395 | DEBUG    | eval.evaluation.evaluation:metric_call:77 - metric_func_name exact_match score 0.0 msg exact not match, response: 通过数据共享核验创业、就业及经营状态，符合条件的按规定办理补贴, target: 优化
2026-08-09 06:01:17.395 | DEBUG    | eval.evaluation.evaluation:metric_call:77 - metric_func_name exact_match score 0.0 msg exact not match, response: 依托北京市政务服务平台一次申报，按创业需求联办相关事项, target: 优化
2026-08-09 06:01:17.395 | DEBUG    | eval.evaluation.evaluation:metric_call:77 - metric_func_name exact_match score 0.0 msg exact not match, response: 婚姻登记信息按规定共享，形成后续户籍业务办理基础, target: 优化
2026-08-09 06:01:17.395 | DEBUG    | eval.evaluation.evaluation:metric_call:77 - metric_func_name exact_match score 0.0 msg exact not match, response: 共享婚姻登记信息，按申请联动办理户口簿婚姻状况变更, target: 优化
2026-08-09 06:01:17.395 | DEBUG    | eval.evaluation.evaluation:metric_call:77 - metric_func_name exact_match score 0.0 msg exact not match, response: 在符合北京市落户政策的前提下，复用婚姻登记等信息办理申请, target: 优化
2026-08-09 06:01:17.395 | DEBUG    | eval.evaluation.evaluation:metric_call:77 - metric_func_name exact_match score 0.0 msg exact not match, response: 企业一次提交申请，各有关部门并联核查、统一反馈核查结果, target: 优化
2026-08-09 06:01:17.396 | DEBUG    | eval.evaluation.evaluation:evaluate_single_query:321 - wide2deep_ws_zh_062, col 实施方式, metric_func_name exact_match, score [0.0, 0.0, 0.0, 0.0, 0.0, 0.0, 0.0, 0.0, 0.0, 0.0, 0.0]
2026-08-09 06:01:17.396 | DEBUG    | eval.evaluation.evaluation:metric_call:77 - metric_func_name exact_match score 0.0 msg exact not match, response: 北京市市场监督管理局, target: 市市场监管局
2026-08-09 06:01:17.396 | DEBUG    | eval.evaluation.evaluation:metric_call:77 - metric_func_name exact_match score 0.0 msg exact not match, response: 北京市市场监督管理局, target: 市市场监管局
2026-08-09 06:01:17.396 | DEBUG    | eval.evaluation.evaluation:metric_call:77 - metric_func_name exact_match score 0.0 msg exact not match, response: 北京市人力资源和社会保障局, target: 市民政局
2026-08-09 06:01:17.396 | DEBUG    | eval.evaluation.evaluation:metric_call:77 - metric_func_name exact_match score 0.0 msg exact not match, response: 北京市人力资源和社会保障局, target: 市民政局
2026-08-09 06:01:17.396 | DEBUG    | eval.evaluation.evaluation:metric_call:77 - metric_func_name exact_match score 0.0 msg exact not match, response: 北京市人力资源和社会保障局, target: 市人力资源社会保障局
2026-08-09 06:01:17.396 | DEBUG    | eval.evaluation.evaluation:metric_call:77 - metric_func_name exact_match score 0.0 msg exact not match, response: 北京市人力资源和社会保障局, target: 市人力资源社会保障局
2026-08-09 06:01:17.396 | DEBUG    | eval.evaluation.evaluation:metric_call:77 - metric_func_name exact_match score 0.0 msg exact not match, response: 北京市人力资源和社会保障局, target: 市人力资源社会保障局
2026-08-09 06:01:17.396 | DEBUG    | eval.evaluation.evaluation:metric_call:77 - metric_func_name exact_match score 0.0 msg exact not match, response: 北京市民政局, target: 市民政局
2026-08-09 06:01:17.397 | DEBUG    | eval.evaluation.evaluation:metric_call:77 - metric_func_name exact_match score 0.0 msg exact not match, response: 北京市民政局, target: 市民政局
2026-08-09 06:01:17.397 | DEBUG    | eval.evaluation.evaluation:metric_call:77 - metric_func_name exact_match score 0.0 msg exact not match, response: 北京市民政局, target: 市民政局
2026-08-09 06:01:17.397 | DEBUG    | eval.evaluation.evaluation:metric_call:77 - metric_func_name exact_match score 0.0 msg exact not match, response: 北京市政务服务和数据管理局, target: 市政务和数据局
2026-08-09 06:01:17.397 | DEBUG    | eval.evaluation.evaluation:evaluate_single_query:321 - wide2deep_ws_zh_062, col 牵头部门, metric_func_name exact_match, score [0.0, 0.0, 0.0, 0.0, 0.0, 0.0, 0.0, 0.0, 0.0, 0.0, 0.0]
2026-08-09 06:01:24.526 | DEBUG    | eval.evaluation.evaluation:evaluate_single_query:321 - wide2deep_ws_zh_062, col 配合部门, metric_func_name llm_judge, score [0, 0, 0, 0, 0, 0, 0, 0, 1, 1, 0]
2026-08-09 06:01:24.526 | DEBUG    | eval.evaluation.evaluation:metric_call:77 - metric_func_name exact_match score 0.0 msg exact not match, response: 2025年底前, target: 2025年7月底
2026-08-09 06:01:24.526 | DEBUG    | eval.evaluation.evaluation:metric_call:77 - metric_func_name exact_match score 0.0 msg exact not match, response: 2025年底前, target: 2025年7月底
2026-08-09 06:01:24.526 | DEBUG    | eval.evaluation.evaluation:metric_call:77 - metric_func_name exact_match score 0.0 msg exact not match, response: 2025年底前, target: 2025年10月底
2026-08-09 06:01:24.526 | DEBUG    | eval.evaluation.evaluation:metric_call:77 - metric_func_name exact_match score 0.0 msg exact not match, response: 2025年底前, target: 2025年10月底
2026-08-09 06:01:24.526 | DEBUG    | eval.evaluation.evaluation:metric_call:77 - metric_func_name exact_match score 0.0 msg exact not match, response: 2025年底前, target: 2025年7月底
2026-08-09 06:01:24.526 | DEBUG    | eval.evaluation.evaluation:metric_call:77 - metric_func_name exact_match score 0.0 msg exact not match, response: 2025年底前, target: 2025年7月底
2026-08-09 06:01:24.526 | DEBUG    | eval.evaluation.evaluation:metric_call:77 - metric_func_name exact_match score 0.0 msg exact not match, response: 2025年底前, target: 2025年7月底
2026-08-09 06:01:24.526 | DEBUG    | eval.evaluation.evaluation:metric_call:77 - metric_func_name exact_match score 0.0 msg exact not match, response: 2025年底前, target: 2025年7月底
2026-08-09 06:01:24.526 | DEBUG    | eval.evaluation.evaluation:metric_call:77 - metric_func_name exact_match score 0.0 msg exact not match, response: 2025年底前, target: 2025年7月底
2026-08-09 06:01:24.526 | DEBUG    | eval.evaluation.evaluation:metric_call:77 - metric_func_name exact_match score 0.0 msg exact not match, response: 2025年底前, target: 2025年7月底
2026-08-09 06:01:24.526 | DEBUG    | eval.evaluation.evaluation:metric_call:77 - metric_func_name exact_match score 0.0 msg exact not match, response: 2025年底前, target: 2024年10月底
2026-08-09 06:01:24.527 | DEBUG    | eval.evaluation.evaluation:evaluate_single_query:321 - wide2deep_ws_zh_062, col 完成时限, metric_func_name exact_match, score [0.0, 0.0, 0.0, 0.0, 0.0, 0.0, 0.0, 0.0, 0.0, 0.0, 0.0]
2026-08-09 06:01:24.534 | INFO     | eval.evaluation.evaluation:evaluate_single_query:380 - wide2deep_ws_zh_062, P/R/F1 by unique_columns: 0.2037/0.0859/0.1209
2026-08-09 06:01:24.534 | INFO     | eval.evaluation.evaluation:evaluate_single_query:383 - wide2deep_ws_zh_062, P/R/F1 by row: 0.0000/0.0000/0.0000
2026-08-09 06:01:24.534 | INFO     | eval.evaluation.evaluation:evaluate_single_query:386 - wide2deep_ws_zh_062, P/R/F1 by item: 0.0617/0.0260/0.0366
2026-08-09 06:01:24.537 | INFO     | eval.evaluation.evaluation:evaluate_single_query:398 - wide2deep_ws_zh_062, final table score: 0.0
{"event": "eval_done", "idx": 1, "instance_id": "wide2deep_ws_zh_062", "score": 0.0, "entity_acc": 1.0, "f1_by_row": 0.0, "f1_by_item": 0.03663003663003663, "column_f1": 0.12087912087912085, "error": null, "elapsed_seconds": 26.651, "running_n": 1}
2026-08-09 06:01:26.130 | DEBUG    | eval.evaluation.data_loader:extract_dataframe:167 - find markdown_str 
| 期刊名称 | 论文名称 | 论文关键词 | 论文作者 |
| --- | --- | --- | --- |
| 体育科学 ...
2026-08-09 06:01:29.777 | INFO     | eval.evaluation.metric_utils:primary_key_preprocess:246 - primary_key_preprocess result: ```json
{}
```
2026-08-09 06:01:29.777 | INFO     | eval.evaluation.evaluation:evaluate_single_query:223 - col: 论文名称, primary_key_map {}
2026-08-09 06:01:29.784 | INFO     | eval.evaluation.evaluation:evaluate_single_query:275 - wide2deep_ws_zh_098, df_inner shape: (0, 8), answer_df shape: (208, 4), response_df shape: (1, 5)
2026-08-09 06:01:31.010 | DEBUG    | eval.evaluation.evaluation:evaluate_single_query:321 - wide2deep_ws_zh_098, col 期刊名称, metric_func_name llm_judge, score []
2026-08-09 06:01:32.321 | DEBUG    | eval.evaluation.evaluation:evaluate_single_query:321 - wide2deep_ws_zh_098, col 论文关键词, metric_func_name llm_judge, score []
2026-08-09 06:01:35.011 | DEBUG    | eval.evaluation.evaluation:evaluate_single_query:321 - wide2deep_ws_zh_098, col 论文作者, metric_func_name llm_judge, score []
2026-08-09 06:01:35.017 | INFO     | eval.evaluation.evaluation:evaluate_single_query:380 - wide2deep_ws_zh_098, P/R/F1 by unique_columns: 0.0000/0.0000/0.0000
2026-08-09 06:01:35.017 | INFO     | eval.evaluation.evaluation:evaluate_single_query:383 - wide2deep_ws_zh_098, P/R/F1 by row: 0.0000/0.0000/0.0000
2026-08-09 06:01:35.017 | INFO     | eval.evaluation.evaluation:evaluate_single_query:386 - wide2deep_ws_zh_098, P/R/F1 by item: 0.0000/0.0000/0.0000
2026-08-09 06:01:35.018 | INFO     | eval.evaluation.evaluation:evaluate_single_query:398 - wide2deep_ws_zh_098, final table score: 0.0
{"event": "eval_done", "idx": 2, "instance_id": "wide2deep_ws_zh_098", "score": 0.0, "entity_acc": 1.0, "f1_by_row": 0.0, "f1_by_item": 0.0, "column_f1": 0.0, "error": null, "elapsed_seconds": 10.466, "running_n": 2}
{"event": "eval_done", "idx": 3, "instance_id": "deep2wide_result_22_橄榄树", "score": 0.0, "entity_acc": 0.0, "f1_by_row": 0.0, "f1_by_item": 0.0, "column_f1": 0.0, "error": null, "elapsed_seconds": 3.467, "running_n": 3}
2026-08-09 06:01:40.296 | DEBUG    | eval.evaluation.data_loader:extract_dataframe:167 - find markdown_str 
| 名称 | 面积 | 政府驻地首府 |
| --- | --- | --- |
| 安达卢西亚自治区 | 87,599平方千 ...
2026-08-09 06:01:41.367 | INFO     | eval.evaluation.metric_utils:primary_key_preprocess:246 - primary_key_preprocess result: ```json
{
  "名称": "名称",
  "面积": "面积",
  "政府驻地首府": "政府驻地/首府"
}
```
2026-08-09 06:01:41.367 | INFO     | eval.evaluation.evaluation:evaluate_single_query:172 - column map: {'名称': '名称', '面积': '面积', '政府驻地首府': '政府驻地/首府'}
2026-08-09 06:01:41.367 | INFO     | eval.evaluation.evaluation:evaluate_single_query:173 - befor mapping: Index(['名称', '面积', '政府驻地首府'], dtype='object')
2026-08-09 06:01:41.368 | INFO     | eval.evaluation.evaluation:evaluate_single_query:175 - after mapping: Index(['名称', '面积', '政府驻地/首府'], dtype='object')
2026-08-09 06:01:45.225 | INFO     | eval.evaluation.metric_utils:primary_key_preprocess:246 - primary_key_preprocess result: ```json
{
  "安达卢西亚自治区": "安达卢西亚自治区",
  "阿拉贡自治区": "阿拉贡自治区",
  "阿斯图里亚斯自治区": "阿斯图里亚斯自治区",
  "巴利阿里群岛自治区": "巴利阿里群岛",
  "巴斯克自治区": "巴斯克自治区",
  "加那利群岛自治区": "加那利群岛",
  "坎塔布里亚自治区": "坎塔布里亚自治区",
  "卡斯蒂利亚-拉曼恰自治区": "卡斯蒂利亚-拉曼恰自治区",
  "卡斯蒂利亚-莱昂自治区": "卡斯蒂利亚－莱昂",
  "加泰罗尼亚自治区": "加泰罗尼亚",
  "埃斯特雷马杜拉自治区": "埃斯特雷马杜拉自治区",
  "加利西亚自治区": "加利西亚自治区",
  "拉里奥哈自治区": "拉里奥哈自治区",
  "马德里自治区": "马德里自治区",
  "穆尔西亚自治区": "穆尔西亚省",
  "纳瓦拉自治区": "纳瓦拉自治区",
  "瓦伦西亚自治区": "巴伦西亚省"
}
```
2026-08-09 06:01:45.226 | INFO     | eval.evaluation.evaluation:evaluate_single_query:223 - col: 名称, primary_key_map {'安达卢西亚自治区': '安达卢西亚自治区', '阿拉贡自治区': '阿拉贡自治区', '阿斯图里亚斯自治区': '阿斯图里亚斯自治区', '巴利阿里群岛自治区': '巴利阿里群岛', '巴斯克自治区': '巴斯克自治区', '加那利群岛自治区': '加那利群岛', '坎塔布里亚自治区': '坎塔布里亚自治区', '卡斯蒂利亚-拉曼恰自治区': '卡斯蒂利亚-拉曼恰自治区', '卡斯蒂利亚-莱昂自治区': '卡斯蒂利亚－莱昂', '加泰罗尼亚自治区': '加泰罗尼亚', '埃斯特雷马杜拉自治区': '埃斯特雷马杜拉自治区', '加利西亚自治区': '加利西亚自治区', '拉里奥哈自治区': '拉里奥哈自治区', '马德里自治区': '马德里自治区', '穆尔西亚自治区': '穆尔西亚省', '纳瓦拉自治区': '纳瓦拉自治区', '瓦伦西亚自治区': '巴伦西亚省'}
2026-08-09 06:01:45.231 | INFO     | eval.evaluation.evaluation:evaluate_single_query:275 - deep2wide_result_40_西班牙, df_inner shape: (17, 6), answer_df shape: (17, 3), response_df shape: (17, 4)
2026-08-09 06:01:45.232 | DEBUG    | eval.evaluation.evaluation:metric_call:77 - metric_func_name number_near score 1.0 msg number near in range 5.0%, response: 87599.0, target: 87268.0
2026-08-09 06:01:45.232 | DEBUG    | eval.evaluation.evaluation:metric_call:77 - metric_func_name number_near score 1.0 msg number near in range 5.0%, response: 47720.0, target: 47720.0
2026-08-09 06:01:45.232 | DEBUG    | eval.evaluation.evaluation:metric_call:77 - metric_func_name number_near score 0.0 msg number not convertable, response: 10604.0, target: None
2026-08-09 06:01:45.232 | DEBUG    | eval.evaluation.evaluation:metric_call:77 - metric_func_name number_near score 1.0 msg number near in range 5.0%, response: 4992.0, target: 5014.0
2026-08-09 06:01:45.232 | DEBUG    | eval.evaluation.evaluation:metric_call:77 - metric_func_name number_near score 1.0 msg number near in range 5.0%, response: 7234.0, target: 7233.0
2026-08-09 06:01:45.233 | DEBUG    | eval.evaluation.evaluation:metric_call:77 - metric_func_name number_near score 1.0 msg number near in range 5.0%, response: 7447.0, target: 7273.0
2026-08-09 06:01:45.233 | DEBUG    | eval.evaluation.evaluation:metric_call:77 - metric_func_name number_near score 0.0 msg number not convertable, response: 5321.0, target: None
2026-08-09 06:01:45.233 | DEBUG    | eval.evaluation.evaluation:metric_call:77 - metric_func_name number_near score 1.0 msg number near in range 5.0%, response: 94226.0, target: 94223.0
2026-08-09 06:01:45.233 | DEBUG    | eval.evaluation.evaluation:metric_call:77 - metric_func_name number_near score 1.0 msg number near in range 5.0%, response: 79463.0, target: 79409.0
2026-08-09 06:01:45.233 | DEBUG    | eval.evaluation.evaluation:metric_call:77 - metric_func_name number_near score 1.0 msg number near in range 5.0%, response: 32108.0, target: 32108.0
2026-08-09 06:01:45.233 | DEBUG    | eval.evaluation.evaluation:metric_call:77 - metric_func_name number_near score 1.0 msg number near in range 5.0%, response: 41634.0, target: 41634.0
2026-08-09 06:01:45.233 | DEBUG    | eval.evaluation.evaluation:metric_call:77 - metric_func_name number_near score 1.0 msg number near in range 5.0%, response: 29574.0, target: 29574.0
2026-08-09 06:01:45.233 | DEBUG    | eval.evaluation.evaluation:metric_call:77 - metric_func_name number_near score 0.0 msg number not near, response: 8028.0, target: 607.0
2026-08-09 06:01:45.233 | DEBUG    | eval.evaluation.evaluation:metric_call:77 - metric_func_name number_near score 1.0 msg number near in range 5.0%, response: 11314.0, target: 11314.0
2026-08-09 06:01:45.233 | DEBUG    | eval.evaluation.evaluation:metric_call:77 - metric_func_name number_near score 0.0 msg number not convertable, response: 10391.0, target: None
2026-08-09 06:01:45.233 | DEBUG    | eval.evaluation.evaluation:metric_call:77 - metric_func_name number_near score 1.0 msg number near in range 5.0%, response: 5045.0, target: 5045.0
2026-08-09 06:01:45.233 | DEBUG    | eval.evaluation.evaluation:metric_call:77 - metric_func_name number_near score 0.0 msg number not near, response: 23255.0, target: 10.563
2026-08-09 06:01:45.234 | DEBUG    | eval.evaluation.evaluation:evaluate_single_query:321 - deep2wide_result_40_西班牙, col 面积, metric_func_name number_near, score [1.0, 1.0, 0.0, 1.0, 1.0, 1.0, 0.0, 1.0, 1.0, 1.0, 1.0, 1.0, 0.0, 1.0, 0.0, 1.0, 0.0]
2026-08-09 06:01:45.234 | DEBUG    | eval.evaluation.evaluation:metric_call:77 - metric_func_name exact_match score 1.0 msg exact match, response: 塞维利亚, target: 塞维利亚
2026-08-09 06:01:45.234 | DEBUG    | eval.evaluation.evaluation:metric_call:77 - metric_func_name exact_match score 1.0 msg exact match, response: 萨拉戈萨, target: 萨拉戈萨
2026-08-09 06:01:45.234 | DEBUG    | eval.evaluation.evaluation:metric_call:77 - metric_func_name exact_match score 1.0 msg exact match, response: 奥维耶多, target: 奥维耶多
2026-08-09 06:01:45.234 | DEBUG    | eval.evaluation.evaluation:metric_call:77 - metric_func_name exact_match score 1.0 msg exact match, response: 帕尔马, target: 帕尔马
2026-08-09 06:01:45.234 | DEBUG    | eval.evaluation.evaluation:metric_call:77 - metric_func_name exact_match score 0.0 msg exact not match, response: 维多利亚-加斯特伊兹, target: 维多利亚-加斯泰斯
2026-08-09 06:01:45.234 | DEBUG    | eval.evaluation.evaluation:metric_call:77 - metric_func_name exact_match score 0.0 msg exact not match, response: 圣克鲁斯-德特内里费、拉斯帕尔马斯（共同首府）, target: 圣克鲁斯-德特内里费、拉斯帕尔马斯
2026-08-09 06:01:45.234 | DEBUG    | eval.evaluation.evaluation:metric_call:77 - metric_func_name exact_match score 1.0 msg exact match, response: 桑坦德, target: 桑坦德
2026-08-09 06:01:45.234 | DEBUG    | eval.evaluation.evaluation:metric_call:77 - metric_func_name exact_match score 0.0 msg exact not match, response: 巴利亚多利德（政府驻地；未设法定首府）, target: 巴利亚多利德
2026-08-09 06:01:45.234 | DEBUG    | eval.evaluation.evaluation:metric_call:77 - metric_func_name exact_match score 0.0 msg exact not match, response: 托莱多, target: 托莱多市
2026-08-09 06:01:45.234 | DEBUG    | eval.evaluation.evaluation:metric_call:77 - metric_func_name exact_match score 1.0 msg exact match, response: 巴塞罗那, target: 巴塞罗那
2026-08-09 06:01:45.235 | DEBUG    | eval.evaluation.evaluation:metric_call:77 - metric_func_name exact_match score 1.0 msg exact match, response: 梅里达, target: 梅里达
2026-08-09 06:01:45.235 | DEBUG    | eval.evaluation.evaluation:metric_call:77 - metric_func_name exact_match score 0.0 msg exact not match, response: 圣地亚哥-德孔波斯特拉, target: 圣地亚哥德孔波斯特拉
2026-08-09 06:01:45.235 | DEBUG    | eval.evaluation.evaluation:metric_call:77 - metric_func_name exact_match score 1.0 msg exact match, response: 马德里, target: 马德里
2026-08-09 06:01:45.235 | DEBUG    | eval.evaluation.evaluation:metric_call:77 - metric_func_name exact_match score 1.0 msg exact match, response: 穆尔西亚, target: 穆尔西亚
2026-08-09 06:01:45.235 | DEBUG    | eval.evaluation.evaluation:metric_call:77 - metric_func_name exact_match score 1.0 msg exact match, response: 潘普洛纳, target: 潘普洛纳
2026-08-09 06:01:45.235 | DEBUG    | eval.evaluation.evaluation:metric_call:77 - metric_func_name exact_match score 1.0 msg exact match, response: 洛格罗尼奥, target: 洛格罗尼奥
2026-08-09 06:01:45.235 | DEBUG    | eval.evaluation.evaluation:metric_call:77 - metric_func_name exact_match score 0.0 msg exact not match, response: 瓦伦西亚, target: 巴伦西亚
2026-08-09 06:01:45.235 | DEBUG    | eval.evaluation.evaluation:evaluate_single_query:321 - deep2wide_result_40_西班牙, col 政府驻地/首府, metric_func_name exact_match, score [1.0, 1.0, 1.0, 1.0, 0.0, 0.0, 1.0, 0.0, 0.0, 1.0, 1.0, 0.0, 1.0, 1.0, 1.0, 1.0, 0.0]
2026-08-09 06:01:45.239 | INFO     | eval.evaluation.evaluation:evaluate_single_query:380 - deep2wide_result_40_西班牙, P/R/F1 by unique_columns: 1.0000/1.0000/1.0000
2026-08-09 06:01:45.239 | INFO     | eval.evaluation.evaluation:evaluate_single_query:383 - deep2wide_result_40_西班牙, P/R/F1 by row: 0.4118/0.4118/0.4118
2026-08-09 06:01:45.239 | INFO     | eval.evaluation.evaluation:evaluate_single_query:386 - deep2wide_result_40_西班牙, P/R/F1 by item: 0.7843/0.7843/0.7843
2026-08-09 06:01:45.241 | INFO     | eval.evaluation.evaluation:evaluate_single_query:398 - deep2wide_result_40_西班牙, final table score: 0.0
{"event": "eval_done", "idx": 4, "instance_id": "deep2wide_result_40_西班牙", "score": 0.0, "entity_acc": 1.0, "f1_by_row": 0.4117647058823529, "f1_by_item": 0.7843137254901961, "column_f1": 1.0, "error": null, "elapsed_seconds": 6.721, "running_n": 4}
2026-08-09 06:01:46.108 | DEBUG    | eval.evaluation.data_loader:extract_dataframe:167 - find markdown_str 
| 姓名 | 字 | 籍贯 |
| --- | --- | --- |
| 张仲景（名机） | 仲景 | 南阳郡涅阳县（今河南 ...
2026-08-09 06:01:48.328 | INFO     | eval.evaluation.metric_utils:primary_key_preprocess:246 - primary_key_preprocess result: ```json
{
  "张仲景（名机）": "张仲景",
  "华佗": "华佗",
  "董奉": "董奉"
}
```
2026-08-09 06:01:48.328 | INFO     | eval.evaluation.evaluation:evaluate_single_query:223 - col: 姓名, primary_key_map {'张仲景（名机）': '张仲景', '华佗': '华佗', '董奉': '董奉'}
2026-08-09 06:01:48.333 | INFO     | eval.evaluation.evaluation:evaluate_single_query:275 - deep2wide_result_42_建安三神医, df_inner shape: (3, 6), answer_df shape: (3, 3), response_df shape: (3, 4)
2026-08-09 06:01:50.668 | DEBUG    | eval.evaluation.evaluation:evaluate_single_query:321 - deep2wide_result_42_建安三神医, col 字, metric_func_name llm_judge, score [1, 1, 1]
2026-08-09 06:01:52.826 | DEBUG    | eval.evaluation.evaluation:evaluate_single_query:321 - deep2wide_result_42_建安三神医, col 籍贯, metric_func_name llm_judge, score [0, 1, 1]
2026-08-09 06:01:52.830 | INFO     | eval.evaluation.evaluation:evaluate_single_query:380 - deep2wide_result_42_建安三神医, P/R/F1 by unique_columns: 1.0000/1.0000/1.0000
2026-08-09 06:01:52.831 | INFO     | eval.evaluation.evaluation:evaluate_single_query:383 - deep2wide_result_42_建安三神医, P/R/F1 by row: 0.6667/0.6667/0.6667
2026-08-09 06:01:52.831 | INFO     | eval.evaluation.evaluation:evaluate_single_query:386 - deep2wide_result_42_建安三神医, P/R/F1 by item: 0.8889/0.8889/0.8889
2026-08-09 06:01:52.831 | INFO     | eval.evaluation.evaluation:evaluate_single_query:398 - deep2wide_result_42_建安三神医, final table score: 0.0
{"event": "eval_done", "idx": 5, "instance_id": "deep2wide_result_42_建安三神医", "score": 0.0, "entity_acc": 1.0, "f1_by_row": 0.6666666666666666, "f1_by_item": 0.8888888888888888, "column_f1": 1.0, "error": null, "elapsed_seconds": 7.572, "running_n": 5}
2026-08-09 06:01:59.204 | DEBUG    | eval.evaluation.data_loader:extract_dataframe:167 - find markdown_str 
| 姓名 | 参加年份 | 奖项 |
| --- | --- | --- |
| 郑志伟 | 2010年 | 金牌 |
| 郑 ...
2026-08-09 06:02:00.451 | INFO     | eval.evaluation.metric_utils:primary_key_preprocess:246 - primary_key_preprocess result: ```json
{
  "郑志伟": "郑志伟",
  "叶奇": "叶奇",
  "韩新淼": "韩新淼"
}
```
2026-08-09 06:02:00.452 | INFO     | eval.evaluation.evaluation:evaluate_single_query:223 - col: 姓名, primary_key_map {'郑志伟': '郑志伟', '叶奇': '叶奇', '韩新淼': '韩新淼'}
2026-08-09 06:02:00.562 | INFO     | eval.evaluation.evaluation:evaluate_single_query:275 - deep2wide_result_48_乐清市知临中学, df_inner shape: (3, 6), answer_df shape: (6, 3), response_df shape: (5, 4)
2026-08-09 06:02:00.571 | DEBUG    | eval.evaluation.evaluation:metric_call:77 - metric_func_name date_near score 1.0 msg date near, response: 2009-06-08 00:00:00, target: 2009-06-08 00:00:00
2026-08-09 06:02:00.573 | DEBUG    | eval.evaluation.evaluation:metric_call:77 - metric_func_name date_near score 1.0 msg date near, response: 2009-08-08 00:00:00, target: 2009-08-08 00:00:00
2026-08-09 06:02:00.575 | DEBUG    | eval.evaluation.evaluation:metric_call:77 - metric_func_name date_near score 1.0 msg date near, response: 2009-08-16 00:00:00, target: 2009-08-17 00:00:00
2026-08-09 06:02:00.576 | DEBUG    | eval.evaluation.evaluation:evaluate_single_query:321 - deep2wide_result_48_乐清市知临中学, col 参加年份, metric_func_name date_near, score [1.0, 1.0, 1.0]
2026-08-09 06:02:00.576 | DEBUG    | eval.evaluation.evaluation:metric_call:77 - metric_func_name exact_match score 1.0 msg exact match, response: 金牌, target: 金牌
2026-08-09 06:02:00.576 | DEBUG    | eval.evaluation.evaluation:metric_call:77 - metric_func_name exact_match score 1.0 msg exact match, response: 银牌, target: 银牌
2026-08-09 06:02:00.576 | DEBUG    | eval.evaluation.evaluation:metric_call:77 - metric_func_name exact_match score 1.0 msg exact match, response: 金牌, target: 金牌
2026-08-09 06:02:00.576 | DEBUG    | eval.evaluation.evaluation:evaluate_single_query:321 - deep2wide_result_48_乐清市知临中学, col 奖项, metric_func_name exact_match, score [1.0, 1.0, 1.0]
2026-08-09 06:02:00.580 | INFO     | eval.evaluation.evaluation:evaluate_single_query:380 - deep2wide_result_48_乐清市知临中学, P/R/F1 by unique_columns: 0.6000/0.5000/0.5455
2026-08-09 06:02:00.580 | INFO     | eval.evaluation.evaluation:evaluate_single_query:383 - deep2wide_result_48_乐清市知临中学, P/R/F1 by row: 0.6000/0.5000/0.5455
2026-08-09 06:02:00.580 | INFO     | eval.evaluation.evaluation:evaluate_single_query:386 - deep2wide_result_48_乐清市知临中学, P/R/F1 by item: 0.6000/0.5000/0.5455
2026-08-09 06:02:00.581 | INFO     | eval.evaluation.evaluation:evaluate_single_query:398 - deep2wide_result_48_乐清市知临中学, final table score: 0.0
{"event": "eval_done", "idx": 6, "instance_id": "deep2wide_result_48_乐清市知临中学", "score": 0.0, "entity_acc": 1.0, "f1_by_row": 0.5454545454545454, "f1_by_item": 0.5454545454545454, "column_f1": 0.5454545454545454, "error": null, "elapsed_seconds": 7.735, "running_n": 6}
{"event": "eval_done", "idx": 7, "instance_id": "deep2wide_result_51_安提帕特王朝", "score": 0.0, "entity_acc": 0.0, "f1_by_row": 0.0, "f1_by_item": 0.0, "column_f1": 0.0, "error": null, "elapsed_seconds": 1.813, "running_n": 7}
SUMMARY {"n": 7, "valid_n": 7, "errors": 0, "complete": true, "judge_calls_current_process": 20, "score": 0.0, "entity_acc": 0.7142857142857143, "precision_by_row": 0.23977591036414564, "recall_by_row": 0.22549019607843138, "f1_by_row": 0.23198370257193784, "precision_by_item": 0.333561572777259, "recall_by_item": 0.31417775443510737, "f1_by_item": 0.3221838852090953, "column_precision": 0.40052910052910057, "column_recall": 0.36941964285714285, "column_f1": 0.38090480947623806}
