INFO: Pandarallel will run on 8 workers.
INFO: Pandarallel will use Memory file system to transfer data between the main process and workers.
{"event": "eval_start", "selected": 7, "resume_committed": 0, "committed_errors": 0, "crash_only_resume": false}
2026-08-09 11:28:08.785 | DEBUG    | eval.evaluation.data_loader:extract_dataframe:167 - find markdown_str 
| 称呼姓名 | 逝世时间 | 祖籍 |
| --- | --- | --- |
| 章德皇太后窦氏（窦太后） | -, 97 ...
2026-08-09 11:28:09.816 | INFO     | eval.evaluation.metric_utils:primary_key_preprocess:246 - primary_key_preprocess result: ```json
{
  "称呼姓名": "称呼/姓名",
  "逝世时间": "逝世时间",
  "祖籍": "祖籍"
}
```
2026-08-09 11:28:09.817 | INFO     | eval.evaluation.evaluation:evaluate_single_query:172 - column map: {'称呼姓名': '称呼/姓名', '逝世时间': '逝世时间', '祖籍': '祖籍'}
2026-08-09 11:28:09.817 | INFO     | eval.evaluation.evaluation:evaluate_single_query:173 - befor mapping: Index(['称呼姓名', '逝世时间', '祖籍'], dtype='object')
2026-08-09 11:28:09.818 | INFO     | eval.evaluation.evaluation:evaluate_single_query:175 - after mapping: Index(['称呼/姓名', '逝世时间', '祖籍'], dtype='object')
2026-08-09 11:28:14.021 | INFO     | eval.evaluation.metric_utils:primary_key_preprocess:246 - primary_key_preprocess result: ```json
{
  "章德皇太后窦氏（窦太后）": "章德窦皇后",
  "和熹皇太后邓绥": "和熹皇后邓绥",
  "安思皇太后阎姬": "阎姬",
  "顺烈皇太后梁妠": "梁妠",
  "桓思皇太后窦妙": "窦妙",
  "灵思皇太后何氏（何太后）": "灵思皇后"
}
```
2026-08-09 11:28:14.021 | INFO     | eval.evaluation.evaluation:evaluate_single_query:223 - col: 称呼/姓名, primary_key_map {'章德皇太后窦氏（窦太后）': '章德窦皇后', '和熹皇太后邓绥': '和熹皇后邓绥', '安思皇太后阎姬': '阎姬', '顺烈皇太后梁妠': '梁妠', '桓思皇太后窦妙': '窦妙', '灵思皇太后何氏（何太后）': '灵思皇后'}
2026-08-09 11:28:16.291 | INFO     | eval.evaluation.evaluation:evaluate_single_query:275 - deep2wide_result_60_东汉, df_inner shape: (6, 6), answer_df shape: (6, 3), response_df shape: (6, 4)
2026-08-09 11:28:16.295 | DEBUG    | eval.evaluation.evaluation:metric_call:77 - metric_func_name date_near score 0.0 msg date not near, response: 1997-08-01 00:00:00, target: 1929-08-09 00:00:00
2026-08-09 11:28:16.343 | DEBUG    | eval.evaluation.evaluation:metric_call:77 - metric_func_name date_near score 1.0 msg date near, response: Apr 17, 121, target: 121年4月17日
2026-08-09 11:28:16.421 | DEBUG    | eval.evaluation.evaluation:metric_call:77 - metric_func_name date_near score 1.0 msg date near, response: -, 126, target: 126年3月30日
2026-08-09 11:28:16.468 | DEBUG    | eval.evaluation.evaluation:metric_call:77 - metric_func_name date_near score 1.0 msg date near, response: Apr 06, 150, target: 150年4月6日
2026-08-09 11:28:16.534 | DEBUG    | eval.evaluation.evaluation:metric_call:77 - metric_func_name date_near score 0.0 msg date not convertable, response: -, 172, target: 1854-08-09
2026-08-09 11:28:16.608 | DEBUG    | eval.evaluation.evaluation:metric_call:77 - metric_func_name date_near score 1.0 msg date near, response: Sep 30, 189, target: 189年9月30日
2026-08-09 11:28:16.609 | DEBUG    | eval.evaluation.evaluation:evaluate_single_query:321 - deep2wide_result_60_东汉, col 逝世时间, metric_func_name date_near, score [0.0, 1.0, 1.0, 1.0, 0.0, 1.0]
2026-08-09 11:28:21.208 | DEBUG    | eval.evaluation.evaluation:evaluate_single_query:321 - deep2wide_result_60_东汉, col 祖籍, metric_func_name llm_judge, score [1, 1, 1, 0, 1, 1]
2026-08-09 11:28:21.214 | INFO     | eval.evaluation.evaluation:evaluate_single_query:380 - deep2wide_result_60_东汉, P/R/F1 by unique_columns: 1.0000/1.0000/1.0000
2026-08-09 11:28:21.214 | INFO     | eval.evaluation.evaluation:evaluate_single_query:383 - deep2wide_result_60_东汉, P/R/F1 by row: 0.5000/0.5000/0.5000
2026-08-09 11:28:21.214 | INFO     | eval.evaluation.evaluation:evaluate_single_query:386 - deep2wide_result_60_东汉, P/R/F1 by item: 0.8333/0.8333/0.8333
2026-08-09 11:28:21.216 | INFO     | eval.evaluation.evaluation:evaluate_single_query:398 - deep2wide_result_60_东汉, final table score: 0.0
{"event": "eval_done", "idx": 1, "instance_id": "deep2wide_result_60_东汉", "score": 0.0, "entity_acc": 1.0, "f1_by_row": 0.5, "f1_by_item": 0.8333333333333334, "column_f1": 1.0, "error": null, "elapsed_seconds": 17.247, "running_n": 1}
2026-08-09 11:28:23.651 | DEBUG    | eval.evaluation.data_loader:extract_dataframe:167 - find markdown_str 
| 名字 | 奖项 | 出生日期 | 国籍 |
| --- | --- | --- | --- |
| 蒙吉·巴文迪 | 20 ...
2026-08-09 11:28:28.056 | INFO     | eval.evaluation.metric_utils:primary_key_preprocess:246 - primary_key_preprocess result: ```json
{}
```
2026-08-09 11:28:28.056 | INFO     | eval.evaluation.evaluation:evaluate_single_query:223 - col: 名字, primary_key_map {}
2026-08-09 11:28:28.625 | INFO     | eval.evaluation.evaluation:evaluate_single_query:275 - deep2wide_result_62_诺贝尔奖, df_inner shape: (0, 8), answer_df shape: (11, 4), response_df shape: (2, 5)
2026-08-09 11:28:28.632 | ERROR    | eval.evaluation.evaluation:evaluate_single_query:401 - evaluator error: 
Traceback (most recent call last):
  File "/home/azureuser/workspace-gzy/zyf/deep/external/Marco-Search-Agent/Marco-DeepResearch-Family/DeepWideSearch/eval/evaluation/evaluation.py", line 315, in evaluate_single_query
    df_inner_score[f"{col}_{metric_func_name}"] = (
    ~~~~~~~~~~~~~~^^^^^^^^^^^^^^^^^^^^^^^^^^^^^
  File "/home/azureuser/workspace-gzy/zyf/deep/.venv-eval/lib/python3.12/site-packages/pandas/core/frame.py", line 4312, in __setitem__
    self._set_item_frame_value(key, value)
  File "/home/azureuser/workspace-gzy/zyf/deep/.venv-eval/lib/python3.12/site-packages/pandas/core/frame.py", line 4470, in _set_item_frame_value
    raise ValueError(
ValueError: Cannot set a DataFrame with multiple columns to the single column 奖项_exact_match

{"event": "eval_done", "idx": 2, "instance_id": "deep2wide_result_62_诺贝尔奖", "score": null, "entity_acc": null, "f1_by_row": null, "f1_by_item": null, "column_f1": null, "error": "RuntimeError: official evaluator reported an internal error", "elapsed_seconds": 7.403, "running_n": 2}
2026-08-09 11:28:33.912 | DEBUG    | eval.evaluation.data_loader:extract_dataframe:167 - find markdown_str 
| 姓名 | 公司 | 职务 |
| --- | --- | --- |
| 姜建清 | 中国工商银行股份有限公司 | 董事长 ...
2026-08-09 11:28:38.966 | INFO     | eval.evaluation.metric_utils:primary_key_preprocess:246 - primary_key_preprocess result: ```json
{
  "董明珠": "董明珠",
  "雷军": "雷军"
}
```
2026-08-09 11:28:38.967 | INFO     | eval.evaluation.evaluation:evaluate_single_query:223 - col: 姓名, primary_key_map {'董明珠': '董明珠', '雷军': '雷军'}
2026-08-09 11:28:38.972 | INFO     | eval.evaluation.evaluation:evaluate_single_query:275 - deep2wide_result_65_中国经济年度人物奖, df_inner shape: (2, 6), answer_df shape: (10, 3), response_df shape: (10, 4)
2026-08-09 11:28:41.920 | DEBUG    | eval.evaluation.evaluation:evaluate_single_query:321 - deep2wide_result_65_中国经济年度人物奖, col 公司, metric_func_name llm_judge, score [1, 1]
2026-08-09 11:28:45.096 | DEBUG    | eval.evaluation.evaluation:evaluate_single_query:321 - deep2wide_result_65_中国经济年度人物奖, col 职务, metric_func_name llm_judge, score [1, 1]
2026-08-09 11:28:45.102 | INFO     | eval.evaluation.evaluation:evaluate_single_query:380 - deep2wide_result_65_中国经济年度人物奖, P/R/F1 by unique_columns: 0.2000/0.2000/0.2000
2026-08-09 11:28:45.102 | INFO     | eval.evaluation.evaluation:evaluate_single_query:383 - deep2wide_result_65_中国经济年度人物奖, P/R/F1 by row: 0.2000/0.2000/0.2000
2026-08-09 11:28:45.102 | INFO     | eval.evaluation.evaluation:evaluate_single_query:386 - deep2wide_result_65_中国经济年度人物奖, P/R/F1 by item: 0.2000/0.2000/0.2000
2026-08-09 11:28:45.103 | INFO     | eval.evaluation.evaluation:evaluate_single_query:398 - deep2wide_result_65_中国经济年度人物奖, final table score: 0.0
{"event": "eval_done", "idx": 3, "instance_id": "deep2wide_result_65_中国经济年度人物奖", "score": 0.0, "entity_acc": 1.0, "f1_by_row": 0.20000000000000004, "f1_by_item": 0.20000000000000004, "column_f1": 0.20000000000000004, "error": null, "elapsed_seconds": 16.455, "running_n": 3}
2026-08-09 11:28:48.661 | DEBUG    | eval.evaluation.data_loader:extract_dataframe:167 - find markdown_str 
| 任期 | 姓名 | 出生日期 | 出生地 |
| --- | --- | --- | --- |
| 1963年–1978 ...
2026-08-09 11:28:50.170 | INFO     | eval.evaluation.metric_utils:primary_key_preprocess:246 - primary_key_preprocess result: ```json
{
  "李卓敏": "李卓敏",
  "马临": "马临",
  "高锟": "高锟",
  "李国章": "李国章",
  "金耀基": "金耀基",
  "刘遵义": "刘遵义",
  "沈祖尧": "沈祖尧",
  "段崇智": "段崇智",
  "卢煜明": "卢煜明"
}
```
2026-08-09 11:28:50.171 | INFO     | eval.evaluation.evaluation:evaluate_single_query:223 - col: 姓名, primary_key_map {'李卓敏': '李卓敏', '马临': '马临', '高锟': '高锟', '李国章': '李国章', '金耀基': '金耀基', '刘遵义': '刘遵义', '沈祖尧': '沈祖尧', '段崇智': '段崇智', '卢煜明': '卢煜明'}
2026-08-09 11:28:50.502 | INFO     | eval.evaluation.evaluation:evaluate_single_query:275 - deep2wide_result_71_香港中文大学, df_inner shape: (9, 8), answer_df shape: (9, 4), response_df shape: (9, 5)
2026-08-09 11:28:50.503 | DEBUG    | eval.evaluation.evaluation:metric_call:77 - metric_func_name exact_match score 0.0 msg exact not match, response: 1963年–1978年, target: 第一任（1964—1978）
2026-08-09 11:28:50.503 | DEBUG    | eval.evaluation.evaluation:metric_call:77 - metric_func_name exact_match score 0.0 msg exact not match, response: 1978年–1987年, target: 第二任（1978—1987）
2026-08-09 11:28:50.503 | DEBUG    | eval.evaluation.evaluation:metric_call:77 - metric_func_name exact_match score 0.0 msg exact not match, response: 1987年–1996年, target: 第三任（1987—1996）
2026-08-09 11:28:50.503 | DEBUG    | eval.evaluation.evaluation:metric_call:77 - metric_func_name exact_match score 0.0 msg exact not match, response: 1996年8月1日–2002年7月31日, target: 第四任（1996—2002）
2026-08-09 11:28:50.503 | DEBUG    | eval.evaluation.evaluation:metric_call:77 - metric_func_name exact_match score 0.0 msg exact not match, response: 2002年9月11日–2004年6月30日, target: 第五任（2002—2004）
2026-08-09 11:28:50.503 | DEBUG    | eval.evaluation.evaluation:metric_call:77 - metric_func_name exact_match score 0.0 msg exact not match, response: 2004年7月1日–2010年6月30日, target: 第六任（2004—2010）
2026-08-09 11:28:50.503 | DEBUG    | eval.evaluation.evaluation:metric_call:77 - metric_func_name exact_match score 0.0 msg exact not match, response: 2010年7月1日–2017年12月31日, target: 第七任（2010—2017）
2026-08-09 11:28:50.503 | DEBUG    | eval.evaluation.evaluation:metric_call:77 - metric_func_name exact_match score 0.0 msg exact not match, response: 2018年1月1日–2025年1月7日, target: 第八任（2018—2025）
2026-08-09 11:28:50.503 | DEBUG    | eval.evaluation.evaluation:metric_call:77 - metric_func_name exact_match score 0.0 msg exact not match, response: 2025年1月8日–现任, target: 第九任（2025—迄今）
2026-08-09 11:28:50.504 | DEBUG    | eval.evaluation.evaluation:evaluate_single_query:321 - deep2wide_result_71_香港中文大学, col 任期, metric_func_name exact_match, score [0.0, 0.0, 0.0, 0.0, 0.0, 0.0, 0.0, 0.0, 0.0]
2026-08-09 11:28:50.507 | DEBUG    | eval.evaluation.evaluation:metric_call:77 - metric_func_name date_near score 0.0 msg date not near, response: 1912-02-17 00:00:00, target: 4431-08-01 00:00:00
2026-08-09 11:28:50.509 | DEBUG    | eval.evaluation.evaluation:metric_call:77 - metric_func_name date_near score 0.0 msg date not near, response: 1924-02-08 00:00:00, target: 8827-08-01 00:00:00
2026-08-09 11:28:50.560 | DEBUG    | eval.evaluation.evaluation:metric_call:77 - metric_func_name date_near score 0.0 msg date not convertable, response: 1933-11-04, target: 12362
2026-08-09 11:28:50.611 | DEBUG    | eval.evaluation.evaluation:metric_call:77 - metric_func_name date_near score 0.0 msg date not convertable, response: 1945-06-27, target: 16615
2026-08-09 11:28:50.662 | DEBUG    | eval.evaluation.evaluation:metric_call:77 - metric_func_name date_near score 0.0 msg date not convertable, response: 1935-02-15, target: 12829
2026-08-09 11:28:50.713 | DEBUG    | eval.evaluation.evaluation:metric_call:77 - metric_func_name date_near score 0.0 msg date not convertable, response: 1944-12-12, target: 16407
2026-08-09 11:28:50.764 | DEBUG    | eval.evaluation.evaluation:metric_call:77 - metric_func_name date_near score 0.0 msg date not convertable, response: 1959-10-22, target: 21845
2026-08-09 11:28:50.766 | DEBUG    | eval.evaluation.evaluation:metric_call:77 - metric_func_name date_near score 0.0 msg date not near, response: 1951-08-01 00:00:00, target: 1975-08-09 00:00:00
2026-08-09 11:28:50.817 | DEBUG    | eval.evaluation.evaluation:metric_call:77 - metric_func_name date_near score 0.0 msg date not convertable, response: 1963-10-12, target: 23296
2026-08-09 11:28:50.818 | DEBUG    | eval.evaluation.evaluation:evaluate_single_query:321 - deep2wide_result_71_香港中文大学, col 出生日期, metric_func_name date_near, score [0.0, 0.0, 0.0, 0.0, 0.0, 0.0, 0.0, 0.0, 0.0]
2026-08-09 11:28:54.128 | DEBUG    | eval.evaluation.evaluation:evaluate_single_query:321 - deep2wide_result_71_香港中文大学, col 出生地, metric_func_name llm_judge, score [1, 0, 0, 1, 0, 1, 1, 1, 1]
2026-08-09 11:28:54.134 | INFO     | eval.evaluation.evaluation:evaluate_single_query:380 - deep2wide_result_71_香港中文大学, P/R/F1 by unique_columns: 1.0000/1.0000/1.0000
2026-08-09 11:28:54.134 | INFO     | eval.evaluation.evaluation:evaluate_single_query:383 - deep2wide_result_71_香港中文大学, P/R/F1 by row: 0.0000/0.0000/0.0000
2026-08-09 11:28:54.134 | INFO     | eval.evaluation.evaluation:evaluate_single_query:386 - deep2wide_result_71_香港中文大学, P/R/F1 by item: 0.4167/0.4167/0.4167
2026-08-09 11:28:54.136 | INFO     | eval.evaluation.evaluation:evaluate_single_query:398 - deep2wide_result_71_香港中文大学, final table score: 0.0
{"event": "eval_done", "idx": 4, "instance_id": "deep2wide_result_71_香港中文大学", "score": 0.0, "entity_acc": 1.0, "f1_by_row": 0.0, "f1_by_item": 0.4166666666666667, "column_f1": 1.0, "error": null, "elapsed_seconds": 9.015, "running_n": 4}
2026-08-09 11:28:57.152 | DEBUG    | eval.evaluation.data_loader:extract_dataframe:167 - find markdown_str 
| 年度 | 排名 | 姓名（中文） | 姓名（英文） | 财富值（亿美元） | 财富来源 |
| --- | --- | - ...
2026-08-09 11:28:59.544 | INFO     | eval.evaluation.metric_utils:primary_key_preprocess:246 - primary_key_preprocess result: ```json
{
  "2019": "2019",
  "2020": "2020",
  "2021": "2021",
  "2022": "2022",
  "2023": "2023",
  "2024": "2024"
}
```
2026-08-09 11:28:59.545 | INFO     | eval.evaluation.evaluation:evaluate_single_query:223 - col: 年度, primary_key_map {'2019': '2019', '2020': '2020', '2021': '2021', '2022': '2022', '2023': '2023', '2024': '2024'}
2026-08-09 11:29:02.600 | INFO     | eval.evaluation.metric_utils:primary_key_preprocess:246 - primary_key_preprocess result: ```json
{
  "1": "1",
  "2": "2",
  "3": "3",
  "4": "4",
  "5": "5",
  "6": "6",
  "7": "7",
  "8": "8",
  "9": "9",
  "10": "10"
}
```
2026-08-09 11:29:02.601 | INFO     | eval.evaluation.evaluation:evaluate_single_query:223 - col: 排名, primary_key_map {'1': '1', '2': '2', '3': '3', '4': '4', '5': '5', '6': '6', '7': '7', '8': '8', '9': '9', '10': '10'}
2026-08-09 11:29:02.608 | INFO     | eval.evaluation.evaluation:evaluate_single_query:275 - wide2deep_ws_zh_004, df_inner shape: (60, 12), answer_df shape: (60, 6), response_df shape: (60, 8)
2026-08-09 11:29:08.827 | DEBUG    | eval.evaluation.evaluation:evaluate_single_query:321 - wide2deep_ws_zh_004, col 姓名（中文）, metric_func_name llm_judge, score [1, 1, 1, 1, 1, 1, 1, 1, 1, 1, 1, 1, 1, 1, 1, 1, 1, 1, 1, 1, 1, 1, 1, 1, 1, 1, 1, 1, 1, 1, 1, 1, 1, 1, 1, 1, 1, 1, 1, 1, 1, 1, 1, 1, 1, 1, 1, 1, 1, 1, 1, 1, 1, 1, 1, 1, 1, 1, 1, 1]
2026-08-09 11:29:15.042 | DEBUG    | eval.evaluation.evaluation:evaluate_single_query:321 - wide2deep_ws_zh_004, col 姓名（英文）, metric_func_name llm_judge, score [1, 1, 1, 1, 1, 1, 1, 1, 1, 1, 1, 1, 1, 1, 1, 1, 1, 1, 1, 1, 1, 1, 1, 1, 1, 1, 1, 1, 1, 1, 1, 1, 1, 1, 1, 1, 1, 1, 1, 1, 1, 1, 1, 1, 1, 1, 1, 1, 1, 1, 1, 1, 1, 1, 1, 1, 1, 1, 1, 1]
2026-08-09 11:29:15.042 | DEBUG    | eval.evaluation.evaluation:metric_call:77 - metric_func_name number_near score 1.0 msg number near in range 5.0%, response: 1310.0, target: 1310.0
2026-08-09 11:29:15.042 | DEBUG    | eval.evaluation.evaluation:metric_call:77 - metric_func_name number_near score 1.0 msg number near in range 5.0%, response: 965.0, target: 965.0
2026-08-09 11:29:15.042 | DEBUG    | eval.evaluation.evaluation:metric_call:77 - metric_func_name number_near score 1.0 msg number near in range 5.0%, response: 825.0, target: 825.0
2026-08-09 11:29:15.042 | DEBUG    | eval.evaluation.evaluation:metric_call:77 - metric_func_name number_near score 1.0 msg number near in range 5.0%, response: 760.0, target: 760.0
2026-08-09 11:29:15.042 | DEBUG    | eval.evaluation.evaluation:metric_call:77 - metric_func_name number_near score 1.0 msg number near in range 5.0%, response: 640.0, target: 640.0
2026-08-09 11:29:15.042 | DEBUG    | eval.evaluation.evaluation:metric_call:77 - metric_func_name number_near score 1.0 msg number near in range 5.0%, response: 627.0, target: 627.0
2026-08-09 11:29:15.042 | DEBUG    | eval.evaluation.evaluation:metric_call:77 - metric_func_name number_near score 1.0 msg number near in range 5.0%, response: 625.0, target: 625.0
2026-08-09 11:29:15.042 | DEBUG    | eval.evaluation.evaluation:metric_call:77 - metric_func_name number_near score 1.0 msg number near in range 5.0%, response: 623.0, target: 623.0
2026-08-09 11:29:15.042 | DEBUG    | eval.evaluation.evaluation:metric_call:77 - metric_func_name number_near score 1.0 msg number near in range 5.0%, response: 555.0, target: 555.0
2026-08-09 11:29:15.043 | DEBUG    | eval.evaluation.evaluation:metric_call:77 - metric_func_name number_near score 1.0 msg number near in range 5.0%, response: 508.0, target: 508.0
2026-08-09 11:29:15.043 | DEBUG    | eval.evaluation.evaluation:metric_call:77 - metric_func_name number_near score 1.0 msg number near in range 5.0%, response: 1130.0, target: 1130.0
2026-08-09 11:29:15.043 | DEBUG    | eval.evaluation.evaluation:metric_call:77 - metric_func_name number_near score 1.0 msg number near in range 5.0%, response: 980.0, target: 980.0
2026-08-09 11:29:15.043 | DEBUG    | eval.evaluation.evaluation:metric_call:77 - metric_func_name number_near score 1.0 msg number near in range 5.0%, response: 760.0, target: 760.0
2026-08-09 11:29:15.043 | DEBUG    | eval.evaluation.evaluation:metric_call:77 - metric_func_name number_near score 1.0 msg number near in range 5.0%, response: 675.0, target: 675.0
2026-08-09 11:29:15.043 | DEBUG    | eval.evaluation.evaluation:metric_call:77 - metric_func_name number_near score 1.0 msg number near in range 5.0%, response: 590.0, target: 590.0
2026-08-09 11:29:15.043 | DEBUG    | eval.evaluation.evaluation:metric_call:77 - metric_func_name number_near score 1.0 msg number near in range 5.0%, response: 551.0, target: 551.0
2026-08-09 11:29:15.043 | DEBUG    | eval.evaluation.evaluation:metric_call:77 - metric_func_name number_near score 1.0 msg number near in range 5.0%, response: 547.0, target: 547.0
2026-08-09 11:29:15.043 | DEBUG    | eval.evaluation.evaluation:metric_call:77 - metric_func_name number_near score 1.0 msg number near in range 5.0%, response: 546.0, target: 546.0
2026-08-09 11:29:15.043 | DEBUG    | eval.evaluation.evaluation:metric_call:77 - metric_func_name number_near score 1.0 msg number near in range 5.0%, response: 544.0, target: 544.0
2026-08-09 11:29:15.043 | DEBUG    | eval.evaluation.evaluation:metric_call:77 - metric_func_name number_near score 1.0 msg number near in range 5.0%, response: 541.0, target: 541.0
2026-08-09 11:29:15.043 | DEBUG    | eval.evaluation.evaluation:metric_call:77 - metric_func_name number_near score 1.0 msg number near in range 5.0%, response: 1770.0, target: 1770.0
2026-08-09 11:29:15.043 | DEBUG    | eval.evaluation.evaluation:metric_call:77 - metric_func_name number_near score 1.0 msg number near in range 5.0%, response: 1510.0, target: 1510.0
2026-08-09 11:29:15.043 | DEBUG    | eval.evaluation.evaluation:metric_call:77 - metric_func_name number_near score 1.0 msg number near in range 5.0%, response: 1500.0, target: 1500.0
2026-08-09 11:29:15.043 | DEBUG    | eval.evaluation.evaluation:metric_call:77 - metric_func_name number_near score 1.0 msg number near in range 5.0%, response: 1240.0, target: 1240.0
2026-08-09 11:29:15.043 | DEBUG    | eval.evaluation.evaluation:metric_call:77 - metric_func_name number_near score 1.0 msg number near in range 5.0%, response: 970.0, target: 970.0
2026-08-09 11:29:15.043 | DEBUG    | eval.evaluation.evaluation:metric_call:77 - metric_func_name number_near score 1.0 msg number near in range 5.0%, response: 960.0, target: 960.0
2026-08-09 11:29:15.043 | DEBUG    | eval.evaluation.evaluation:metric_call:77 - metric_func_name number_near score 1.0 msg number near in range 5.0%, response: 930.0, target: 930.0
2026-08-09 11:29:15.043 | DEBUG    | eval.evaluation.evaluation:metric_call:77 - metric_func_name number_near score 1.0 msg number near in range 5.0%, response: 915.0, target: 915.0
2026-08-09 11:29:15.044 | DEBUG    | eval.evaluation.evaluation:metric_call:77 - metric_func_name number_near score 1.0 msg number near in range 5.0%, response: 890.0, target: 890.0
2026-08-09 11:29:15.044 | DEBUG    | eval.evaluation.evaluation:metric_call:77 - metric_func_name number_near score 1.0 msg number near in range 5.0%, response: 845.0, target: 845.0
2026-08-09 11:29:15.044 | DEBUG    | eval.evaluation.evaluation:metric_call:77 - metric_func_name number_near score 1.0 msg number near in range 5.0%, response: 2190.0, target: 2190.0
2026-08-09 11:29:15.044 | DEBUG    | eval.evaluation.evaluation:metric_call:77 - metric_func_name number_near score 1.0 msg number near in range 5.0%, response: 1710.0, target: 1710.0
2026-08-09 11:29:15.044 | DEBUG    | eval.evaluation.evaluation:metric_call:77 - metric_func_name number_near score 1.0 msg number near in range 5.0%, response: 1580.0, target: 1580.0
2026-08-09 11:29:15.044 | DEBUG    | eval.evaluation.evaluation:metric_call:77 - metric_func_name number_near score 1.0 msg number near in range 5.0%, response: 1290.0, target: 1290.0
2026-08-09 11:29:15.044 | DEBUG    | eval.evaluation.evaluation:metric_call:77 - metric_func_name number_near score 1.0 msg number near in range 5.0%, response: 1180.0, target: 1180.0
2026-08-09 11:29:15.044 | DEBUG    | eval.evaluation.evaluation:metric_call:77 - metric_func_name number_near score 1.0 msg number near in range 5.0%, response: 1110.0, target: 1110.0
2026-08-09 11:29:15.044 | DEBUG    | eval.evaluation.evaluation:metric_call:77 - metric_func_name number_near score 1.0 msg number near in range 5.0%, response: 1070.0, target: 1070.0
2026-08-09 11:29:15.044 | DEBUG    | eval.evaluation.evaluation:metric_call:77 - metric_func_name number_near score 1.0 msg number near in range 5.0%, response: 1060.0, target: 1060.0
2026-08-09 11:29:15.044 | DEBUG    | eval.evaluation.evaluation:metric_call:77 - metric_func_name number_near score 1.0 msg number near in range 5.0%, response: 914.0, target: 914.0
2026-08-09 11:29:15.044 | DEBUG    | eval.evaluation.evaluation:metric_call:77 - metric_func_name number_near score 1.0 msg number near in range 5.0%, response: 907.0, target: 907.0
2026-08-09 11:29:15.044 | DEBUG    | eval.evaluation.evaluation:metric_call:77 - metric_func_name number_near score 1.0 msg number near in range 5.0%, response: 2110.0, target: 2110.0
2026-08-09 11:29:15.044 | DEBUG    | eval.evaluation.evaluation:metric_call:77 - metric_func_name number_near score 1.0 msg number near in range 5.0%, response: 1800.0, target: 1800.0
2026-08-09 11:29:15.044 | DEBUG    | eval.evaluation.evaluation:metric_call:77 - metric_func_name number_near score 1.0 msg number near in range 5.0%, response: 1140.0, target: 1140.0
2026-08-09 11:29:15.044 | DEBUG    | eval.evaluation.evaluation:metric_call:77 - metric_func_name number_near score 1.0 msg number near in range 5.0%, response: 1070.0, target: 1070.0
2026-08-09 11:29:15.044 | DEBUG    | eval.evaluation.evaluation:metric_call:77 - metric_func_name number_near score 1.0 msg number near in range 5.0%, response: 1060.0, target: 1060.0
2026-08-09 11:29:15.044 | DEBUG    | eval.evaluation.evaluation:metric_call:77 - metric_func_name number_near score 1.0 msg number near in range 5.0%, response: 1040.0, target: 1040.0
2026-08-09 11:29:15.044 | DEBUG    | eval.evaluation.evaluation:metric_call:77 - metric_func_name number_near score 1.0 msg number near in range 5.0%, response: 945.0, target: 945.0
2026-08-09 11:29:15.045 | DEBUG    | eval.evaluation.evaluation:metric_call:77 - metric_func_name number_near score 1.0 msg number near in range 5.0%, response: 930.0, target: 930.0
2026-08-09 11:29:15.045 | DEBUG    | eval.evaluation.evaluation:metric_call:77 - metric_func_name number_near score 1.0 msg number near in range 5.0%, response: 834.0, target: 834.0
2026-08-09 11:29:15.045 | DEBUG    | eval.evaluation.evaluation:metric_call:77 - metric_func_name number_near score 1.0 msg number near in range 5.0%, response: 807.0, target: 807.0
2026-08-09 11:29:15.045 | DEBUG    | eval.evaluation.evaluation:metric_call:77 - metric_func_name number_near score 1.0 msg number near in range 5.0%, response: 2330.0, target: 2330.0
2026-08-09 11:29:15.045 | DEBUG    | eval.evaluation.evaluation:metric_call:77 - metric_func_name number_near score 1.0 msg number near in range 5.0%, response: 1950.0, target: 1950.0
2026-08-09 11:29:15.045 | DEBUG    | eval.evaluation.evaluation:metric_call:77 - metric_func_name number_near score 1.0 msg number near in range 5.0%, response: 1940.0, target: 1940.0
2026-08-09 11:29:15.045 | DEBUG    | eval.evaluation.evaluation:metric_call:77 - metric_func_name number_near score 1.0 msg number near in range 5.0%, response: 1770.0, target: 1770.0
2026-08-09 11:29:15.045 | DEBUG    | eval.evaluation.evaluation:metric_call:77 - metric_func_name number_near score 1.0 msg number near in range 5.0%, response: 1410.0, target: 1410.0
2026-08-09 11:29:15.045 | DEBUG    | eval.evaluation.evaluation:metric_call:77 - metric_func_name number_near score 1.0 msg number near in range 5.0%, response: 1330.0, target: 1330.0
2026-08-09 11:29:15.045 | DEBUG    | eval.evaluation.evaluation:metric_call:77 - metric_func_name number_near score 1.0 msg number near in range 5.0%, response: 1280.0, target: 1280.0
2026-08-09 11:29:15.045 | DEBUG    | eval.evaluation.evaluation:metric_call:77 - metric_func_name number_near score 1.0 msg number near in range 5.0%, response: 1210.0, target: 1210.0
2026-08-09 11:29:15.045 | DEBUG    | eval.evaluation.evaluation:metric_call:77 - metric_func_name number_near score 1.0 msg number near in range 5.0%, response: 1160.0, target: 1160.0
2026-08-09 11:29:15.045 | DEBUG    | eval.evaluation.evaluation:metric_call:77 - metric_func_name number_near score 1.0 msg number near in range 5.0%, response: 1140.0, target: 1140.0
2026-08-09 11:29:15.046 | DEBUG    | eval.evaluation.evaluation:evaluate_single_query:321 - wide2deep_ws_zh_004, col 财富值（亿美元）, metric_func_name number_near, score [1.0, 1.0, 1.0, 1.0, 1.0, 1.0, 1.0, 1.0, 1.0, 1.0, 1.0, 1.0, 1.0, 1.0, 1.0, 1.0, 1.0, 1.0, 1.0, 1.0, 1.0, 1.0, 1.0, 1.0, 1.0, 1.0, 1.0, 1.0, 1.0, 1.0, 1.0, 1.0, 1.0, 1.0, 1.0, 1.0, 1.0, 1.0, 1.0, 1.0, 1.0, 1.0, 1.0, 1.0, 1.0, 1.0, 1.0, 1.0, 1.0, 1.0, 1.0, 1.0, 1.0, 1.0, 1.0, 1.0, 1.0, 1.0, 1.0, 1.0]
2026-08-09 11:29:21.001 | DEBUG    | eval.evaluation.evaluation:evaluate_single_query:321 - wide2deep_ws_zh_004, col 财富来源, metric_func_name llm_judge, score [1, 1, 1, 0, 1, 1, 1, 1, 1, 1, 1, 1, 1, 1, 1, 1, 1, 1, 1, 1, 1, 1, 1, 1, 1, 1, 1, 1, 1, 1, 1, 1, 1, 1, 1, 1, 1, 1, 1, 1, 1, 0, 1, 1, 1, 1, 1, 1, 1, 1, 1, 1, 1, 1, 1, 1, 1, 1, 1, 1]
2026-08-09 11:29:21.010 | INFO     | eval.evaluation.evaluation:evaluate_single_query:380 - wide2deep_ws_zh_004, P/R/F1 by unique_columns: 1.0000/1.0000/1.0000
2026-08-09 11:29:21.010 | INFO     | eval.evaluation.evaluation:evaluate_single_query:383 - wide2deep_ws_zh_004, P/R/F1 by row: 0.9667/0.9667/0.9667
2026-08-09 11:29:21.010 | INFO     | eval.evaluation.evaluation:evaluate_single_query:386 - wide2deep_ws_zh_004, P/R/F1 by item: 0.9944/0.9944/0.9944
2026-08-09 11:29:21.015 | INFO     | eval.evaluation.evaluation:evaluate_single_query:398 - wide2deep_ws_zh_004, final table score: 0.0
{"event": "eval_done", "idx": 5, "instance_id": "wide2deep_ws_zh_004", "score": 0.0, "entity_acc": 1.0, "f1_by_row": 0.9666666666666667, "f1_by_item": 0.9944444444444445, "column_f1": 1.0, "error": null, "elapsed_seconds": 26.86, "running_n": 5}
2026-08-09 11:29:23.077 | DEBUG    | eval.evaluation.data_loader:extract_dataframe:167 - find markdown_str 
| 学校名称 | 院士姓名 | 出生年份 | 获得奖项 |
| --- | --- | --- | --- |
| 北京大学  ...
2026-08-09 11:29:26.388 | INFO     | eval.evaluation.metric_utils:primary_key_preprocess:246 - primary_key_preprocess result: ```json
{
  "姜伯驹": "姜伯驹",
  "张恭庆": "张恭庆",
  "文兰": "文兰",
  "王诗宬": "王诗宬",
  "田刚": "田刚",
  "张平文": "张平文",
  "李大潜": "李大潜",
  "陈恕行": "陈恕行",
  "洪家兴": "洪家兴",
  "彭实戈": "彭实戈",
  "王小云": "王小云"
}
```
2026-08-09 11:29:26.388 | INFO     | eval.evaluation.evaluation:evaluate_single_query:223 - col: 院士姓名, primary_key_map {'姜伯驹': '姜伯驹', '张恭庆': '张恭庆', '文兰': '文兰', '王诗宬': '王诗宬', '田刚': '田刚', '张平文': '张平文', '李大潜': '李大潜', '陈恕行': '陈恕行', '洪家兴': '洪家兴', '彭实戈': '彭实戈', '王小云': '王小云'}
2026-08-09 11:29:26.394 | INFO     | eval.evaluation.evaluation:evaluate_single_query:275 - wide2deep_ws_zh_056, df_inner shape: (11, 8), answer_df shape: (16, 4), response_df shape: (15, 5)
2026-08-09 11:29:28.986 | DEBUG    | eval.evaluation.evaluation:evaluate_single_query:321 - wide2deep_ws_zh_056, col 学校名称, metric_func_name llm_judge, score [1, 1, 1, 1, 1, 1, 1, 1, 1, 1, 1]
2026-08-09 11:29:28.987 | DEBUG    | eval.evaluation.evaluation:metric_call:77 - metric_func_name number_near score 1.0 msg number near in range 0.0%, response: 1937.0, target: 1937.0
2026-08-09 11:29:28.987 | DEBUG    | eval.evaluation.evaluation:metric_call:77 - metric_func_name number_near score 1.0 msg number near in range 0.0%, response: 1936.0, target: 1936.0
2026-08-09 11:29:28.987 | DEBUG    | eval.evaluation.evaluation:metric_call:77 - metric_func_name number_near score 1.0 msg number near in range 0.0%, response: 1946.0, target: 1946.0
2026-08-09 11:29:28.987 | DEBUG    | eval.evaluation.evaluation:metric_call:77 - metric_func_name number_near score 1.0 msg number near in range 0.0%, response: 1958.0, target: 1958.0
2026-08-09 11:29:28.987 | DEBUG    | eval.evaluation.evaluation:metric_call:77 - metric_func_name number_near score 0.0 msg number not near, response: 1946.0, target: 1953.0
2026-08-09 11:29:28.987 | DEBUG    | eval.evaluation.evaluation:metric_call:77 - metric_func_name number_near score 1.0 msg number near in range 0.0%, response: 1966.0, target: 1966.0
2026-08-09 11:29:28.988 | DEBUG    | eval.evaluation.evaluation:metric_call:77 - metric_func_name number_near score 1.0 msg number near in range 0.0%, response: 1937.0, target: 1937.0
2026-08-09 11:29:28.988 | DEBUG    | eval.evaluation.evaluation:metric_call:77 - metric_func_name number_near score 1.0 msg number near in range 0.0%, response: 1942.0, target: 1942.0
2026-08-09 11:29:28.988 | DEBUG    | eval.evaluation.evaluation:metric_call:77 - metric_func_name number_near score 1.0 msg number near in range 0.0%, response: 1941.0, target: 1941.0
2026-08-09 11:29:28.988 | DEBUG    | eval.evaluation.evaluation:metric_call:77 - metric_func_name number_near score 1.0 msg number near in range 0.0%, response: 1947.0, target: 1947.0
2026-08-09 11:29:28.988 | DEBUG    | eval.evaluation.evaluation:metric_call:77 - metric_func_name number_near score 1.0 msg number near in range 0.0%, response: 1966.0, target: 1966.0
2026-08-09 11:29:28.989 | DEBUG    | eval.evaluation.evaluation:evaluate_single_query:321 - wide2deep_ws_zh_056, col 出生年份, metric_func_name number_near, score [1.0, 1.0, 1.0, 1.0, 0.0, 1.0, 1.0, 1.0, 1.0, 1.0, 1.0]
2026-08-09 11:29:34.482 | DEBUG    | eval.evaluation.evaluation:evaluate_single_query:321 - wide2deep_ws_zh_056, col 获得奖项, metric_func_name llm_judge, score [0, 1, 1, 0, 0, 0, 0, 1, 0, 1, 0]
2026-08-09 11:29:34.487 | INFO     | eval.evaluation.evaluation:evaluate_single_query:380 - wide2deep_ws_zh_056, P/R/F1 by unique_columns: 0.7333/0.6875/0.7097
2026-08-09 11:29:34.488 | INFO     | eval.evaluation.evaluation:evaluate_single_query:383 - wide2deep_ws_zh_056, P/R/F1 by row: 0.2667/0.2500/0.2581
2026-08-09 11:29:34.488 | INFO     | eval.evaluation.evaluation:evaluate_single_query:386 - wide2deep_ws_zh_056, P/R/F1 by item: 0.6000/0.5625/0.5806
2026-08-09 11:29:34.489 | INFO     | eval.evaluation.evaluation:evaluate_single_query:398 - wide2deep_ws_zh_056, final table score: 0.0
{"event": "eval_done", "idx": 6, "instance_id": "wide2deep_ws_zh_056", "score": 0.0, "entity_acc": 1.0, "f1_by_row": 0.2580645161290323, "f1_by_item": 0.5806451612903225, "column_f1": 0.7096774193548386, "error": null, "elapsed_seconds": 13.457, "running_n": 6}
2026-08-09 11:29:36.420 | DEBUG    | eval.evaluation.data_loader:extract_dataframe:167 - find markdown_str 
| 年份 | 电视端收视率 | 导演 | 冠名商 |
| --- | --- | --- | --- |
| 2001年 |  ...
2026-08-09 11:29:39.139 | INFO     | eval.evaluation.metric_utils:primary_key_preprocess:246 - primary_key_preprocess result: ```json
{
  "2001年": "2001年",
  "2002年": "2002年",
  "2003年": "2003年",
  "2004年": "2004年",
  "2005年": "2005年",
  "2006年": "2006年",
  "2007年": "2007年",
  "2008年": "2008年",
  "2009年": "2009年",
  "2010年": "2010年",
  "2011年": "2011年",
  "2012年": "2012年",
  "2013年": "2013年",
  "2014年": "2014年",
  "2015年": "2015年",
  "2016年": "2016年",
  "2017年": "2017年",
  "2018年": "2018年",
  "2019年": "2019年",
  "2020年": "2020年",
  "2021年": "2021年",
  "2022年": "2022年",
  "2023年": "2023年",
  "2024年": "2024年",
  "2025年": "2025年"
}
```
2026-08-09 11:29:39.139 | INFO     | eval.evaluation.evaluation:evaluate_single_query:223 - col: 年份, primary_key_map {'2001年': '2001年', '2002年': '2002年', '2003年': '2003年', '2004年': '2004年', '2005年': '2005年', '2006年': '2006年', '2007年': '2007年', '2008年': '2008年', '2009年': '2009年', '2010年': '2010年', '2011年': '2011年', '2012年': '2012年', '2013年': '2013年', '2014年': '2014年', '2015年': '2015年', '2016年': '2016年', '2017年': '2017年', '2018年': '2018年', '2019年': '2019年', '2020年': '2020年', '2021年': '2021年', '2022年': '2022年', '2023年': '2023年', '2024年': '2024年', '2025年': '2025年'}
2026-08-09 11:29:39.149 | INFO     | eval.evaluation.evaluation:evaluate_single_query:275 - wide2deep_ws_zh_070, df_inner shape: (25, 8), answer_df shape: (25, 4), response_df shape: (25, 5)
2026-08-09 11:29:39.151 | DEBUG    | eval.evaluation.evaluation:metric_call:77 - metric_func_name number_near score 1.0 msg number near in range 10.0%, response: 0.332, target: 0.332
2026-08-09 11:29:39.151 | DEBUG    | eval.evaluation.evaluation:metric_call:77 - metric_func_name number_near score 1.0 msg number near in range 10.0%, response: 0.386, target: 0.35100000000000003
2026-08-09 11:29:39.151 | DEBUG    | eval.evaluation.evaluation:metric_call:77 - metric_func_name number_near score 0.0 msg number not near, response: 0.332, target: 0.386
2026-08-09 11:29:39.151 | DEBUG    | eval.evaluation.evaluation:metric_call:77 - metric_func_name number_near score 1.0 msg number near in range 10.0%, response: 0.41600000000000004, target: 0.41600000000000004
2026-08-09 11:29:39.151 | DEBUG    | eval.evaluation.evaluation:metric_call:77 - metric_func_name number_near score 1.0 msg number near in range 10.0%, response: 0.376, target: 0.36700000000000005
2026-08-09 11:29:39.151 | DEBUG    | eval.evaluation.evaluation:metric_call:77 - metric_func_name number_near score 1.0 msg number near in range 10.0%, response: 0.34700000000000003, target: 0.34700000000000003
2026-08-09 11:29:39.151 | DEBUG    | eval.evaluation.evaluation:metric_call:77 - metric_func_name number_near score 1.0 msg number near in range 10.0%, response: 0.3172, target: 0.314
2026-08-09 11:29:39.151 | DEBUG    | eval.evaluation.evaluation:metric_call:77 - metric_func_name number_near score 1.0 msg number near in range 10.0%, response: 0.32289999999999996, target: 0.32289999999999996
2026-08-09 11:29:39.151 | DEBUG    | eval.evaluation.evaluation:metric_call:77 - metric_func_name number_near score 1.0 msg number near in range 10.0%, response: 0.3482, target: 0.3482
2026-08-09 11:29:39.152 | DEBUG    | eval.evaluation.evaluation:metric_call:77 - metric_func_name number_near score 1.0 msg number near in range 10.0%, response: 0.3826, target: 0.3826
2026-08-09 11:29:39.152 | DEBUG    | eval.evaluation.evaluation:metric_call:77 - metric_func_name number_near score 0.0 msg number not near, response: 0.3862, target: 0.3104
2026-08-09 11:29:39.152 | DEBUG    | eval.evaluation.evaluation:metric_call:77 - metric_func_name number_near score 1.0 msg number near in range 10.0%, response: 0.3275, target: 0.3275
2026-08-09 11:29:39.152 | DEBUG    | eval.evaluation.evaluation:metric_call:77 - metric_func_name number_near score 1.0 msg number near in range 10.0%, response: 0.31170000000000003, target: 0.31170000000000003
2026-08-09 11:29:39.152 | DEBUG    | eval.evaluation.evaluation:metric_call:77 - metric_func_name number_near score 1.0 msg number near in range 10.0%, response: 0.3098, target: 0.3098
2026-08-09 11:29:39.152 | DEBUG    | eval.evaluation.evaluation:metric_call:77 - metric_func_name number_near score 1.0 msg number near in range 10.0%, response: 0.2837, target: 0.29600000000000004
2026-08-09 11:29:39.152 | DEBUG    | eval.evaluation.evaluation:metric_call:77 - metric_func_name number_near score 1.0 msg number near in range 10.0%, response: 0.3098, target: 0.3098
2026-08-09 11:29:39.152 | DEBUG    | eval.evaluation.evaluation:metric_call:77 - metric_func_name number_near score 1.0 msg number near in range 10.0%, response: 0.30879999999999996, target: 0.3146
2026-08-09 11:29:39.152 | DEBUG    | eval.evaluation.evaluation:metric_call:77 - metric_func_name number_near score 1.0 msg number near in range 10.0%, response: 0.3556, target: 0.325
2026-08-09 11:29:39.152 | DEBUG    | eval.evaluation.evaluation:metric_call:77 - metric_func_name number_near score 1.0 msg number near in range 10.0%, response: 0.3007, target: 0.3007
2026-08-09 11:29:39.152 | DEBUG    | eval.evaluation.evaluation:metric_call:77 - metric_func_name number_near score 0.0 msg number not near, response: 0.32539999999999997, target: 0.20629999999999998
2026-08-09 11:29:39.152 | DEBUG    | eval.evaluation.evaluation:metric_call:77 - metric_func_name number_near score 1.0 msg number near in range 10.0%, response: 0.23260000000000003, target: 0.23260000000000003
2026-08-09 11:29:39.152 | DEBUG    | eval.evaluation.evaluation:metric_call:77 - metric_func_name number_near score 1.0 msg number near in range 10.0%, response: 0.2193, target: 0.2193
2026-08-09 11:29:39.152 | DEBUG    | eval.evaluation.evaluation:metric_call:77 - metric_func_name number_near score 0.0 msg number not near, response: 0.2023, target: 0.27
2026-08-09 11:29:39.152 | DEBUG    | eval.evaluation.evaluation:metric_call:77 - metric_func_name number_near score 0.0 msg number not near, response: 0.2414, target: 0.34600000000000003
2026-08-09 11:29:39.152 | DEBUG    | eval.evaluation.evaluation:metric_call:77 - metric_func_name number_near score 0.0 msg number not near, response: 0.26780000000000004, target: 0.3436
2026-08-09 11:29:39.153 | DEBUG    | eval.evaluation.evaluation:evaluate_single_query:321 - wide2deep_ws_zh_070, col 电视端收视率, metric_func_name number_near, score [1.0, 1.0, 0.0, 1.0, 1.0, 1.0, 1.0, 1.0, 1.0, 1.0, 0.0, 1.0, 1.0, 1.0, 1.0, 1.0, 1.0, 1.0, 1.0, 0.0, 1.0, 1.0, 0.0, 0.0, 0.0]
2026-08-09 11:29:43.584 | DEBUG    | eval.evaluation.evaluation:evaluate_single_query:321 - wide2deep_ws_zh_070, col 导演, metric_func_name llm_judge, score [1, 1, 1, 1, 1, 1, 1, 1, 1, 1, 0, 1, 1, 1, 1, 1, 1, 1, 1, 1, 1, 1, 1, 1, 1]
2026-08-09 11:29:51.860 | DEBUG    | eval.evaluation.evaluation:evaluate_single_query:321 - wide2deep_ws_zh_070, col 冠名商, metric_func_name llm_judge, score [1, 1, 1, 1, 1, 1, 1, 1, 1, 1, 1, 1, 1, 1, 1, 1, 1, 1, 1, 1, 1, 0, 0, 0, 0]
2026-08-09 11:29:51.866 | INFO     | eval.evaluation.evaluation:evaluate_single_query:380 - wide2deep_ws_zh_070, P/R/F1 by unique_columns: 1.0000/1.0000/1.0000
2026-08-09 11:29:51.866 | INFO     | eval.evaluation.evaluation:evaluate_single_query:383 - wide2deep_ws_zh_070, P/R/F1 by row: 0.7200/0.7200/0.7200
2026-08-09 11:29:51.866 | INFO     | eval.evaluation.evaluation:evaluate_single_query:386 - wide2deep_ws_zh_070, P/R/F1 by item: 0.8900/0.8900/0.8900
2026-08-09 11:29:51.868 | INFO     | eval.evaluation.evaluation:evaluate_single_query:398 - wide2deep_ws_zh_070, final table score: 0.0
{"event": "eval_done", "idx": 7, "instance_id": "wide2deep_ws_zh_070", "score": 0.0, "entity_acc": 1.0, "f1_by_row": 0.72, "f1_by_item": 0.89, "column_f1": 1.0, "error": null, "elapsed_seconds": 17.362, "running_n": 7}
SUMMARY {"n": 7, "valid_n": 6, "errors": 1, "complete": false, "judge_calls_current_process": 27, "score": 0.0, "entity_acc": 1.0, "precision_by_row": 0.44222222222222224, "recall_by_row": 0.43944444444444447, "f1_by_row": 0.44078853046594985, "precision_by_item": 0.6557407407407407, "recall_by_item": 0.6494907407407408, "f1_by_item": 0.6525149342891279, "column_precision": 0.8222222222222223, "column_recall": 0.8145833333333333, "column_f1": 0.8182795698924731}
