INFO: Pandarallel will run on 8 workers.
INFO: Pandarallel will use Memory file system to transfer data between the main process and workers.
{"event": "eval_start", "selected": 7, "resume_committed": 0, "committed_errors": 0, "crash_only_resume": false}
{"event": "eval_done", "idx": 1, "instance_id": "deep2wide_result_68_胡润中国500强", "score": 0.0, "entity_acc": 0.0, "f1_by_row": 0.0, "f1_by_item": 0.0, "column_f1": 0.0, "error": null, "elapsed_seconds": 3.852, "running_n": 1}
2026-08-09 11:28:08.642 | DEBUG    | eval.evaluation.data_loader:extract_dataframe:167 - find markdown_str 
| 简称 | 中文全名 | 英文全名 | 举行周期 |
| --- | --- | --- | --- |
| CVPR |  ...
2026-08-09 11:28:11.439 | INFO     | eval.evaluation.metric_utils:primary_key_preprocess:246 - primary_key_preprocess result: ```json
{
  "CVPR": "CVPR",
  "ICCV": "ICCV",
  "ECCV": "ECCV"
}
```
2026-08-09 11:28:11.439 | INFO     | eval.evaluation.evaluation:evaluate_single_query:223 - col: 简称, primary_key_map {'CVPR': 'CVPR', 'ICCV': 'ICCV', 'ECCV': 'ECCV'}
2026-08-09 11:28:11.446 | INFO     | eval.evaluation.evaluation:evaluate_single_query:275 - deep2wide_result_69_ICCV, df_inner shape: (3, 8), answer_df shape: (3, 4), response_df shape: (3, 5)
2026-08-09 11:28:15.997 | DEBUG    | eval.evaluation.evaluation:evaluate_single_query:321 - deep2wide_result_69_ICCV, col 中文全名, metric_func_name llm_judge, score [1, 1, 1]
2026-08-09 11:28:24.943 | DEBUG    | eval.evaluation.evaluation:evaluate_single_query:321 - deep2wide_result_69_ICCV, col 英文全名, metric_func_name llm_judge, score [1, 1, 1]
2026-08-09 11:28:24.944 | DEBUG    | eval.evaluation.evaluation:metric_call:77 - metric_func_name exact_match score 0.0 msg exact not match, response: 每两年一次（奇数年）, target: 两年一次
2026-08-09 11:28:24.944 | DEBUG    | eval.evaluation.evaluation:metric_call:77 - metric_func_name exact_match score 0.0 msg exact not match, response: 每年一次, target: 一年一次
2026-08-09 11:28:24.944 | DEBUG    | eval.evaluation.evaluation:metric_call:77 - metric_func_name exact_match score 0.0 msg exact not match, response: 每两年一次（偶数年）, target: 两年一次
2026-08-09 11:28:24.944 | DEBUG    | eval.evaluation.evaluation:evaluate_single_query:321 - deep2wide_result_69_ICCV, col 举行周期, metric_func_name exact_match, score [0.0, 0.0, 0.0]
2026-08-09 11:28:24.950 | INFO     | eval.evaluation.evaluation:evaluate_single_query:380 - deep2wide_result_69_ICCV, P/R/F1 by unique_columns: 1.0000/1.0000/1.0000
2026-08-09 11:28:24.950 | INFO     | eval.evaluation.evaluation:evaluate_single_query:383 - deep2wide_result_69_ICCV, P/R/F1 by row: 0.0000/0.0000/0.0000
2026-08-09 11:28:24.950 | INFO     | eval.evaluation.evaluation:evaluate_single_query:386 - deep2wide_result_69_ICCV, P/R/F1 by item: 0.7500/0.7500/0.7500
2026-08-09 11:28:24.952 | INFO     | eval.evaluation.evaluation:evaluate_single_query:398 - deep2wide_result_69_ICCV, final table score: 0.0
{"event": "eval_done", "idx": 2, "instance_id": "deep2wide_result_69_ICCV", "score": 0.0, "entity_acc": 1.0, "f1_by_row": 0.0, "f1_by_item": 0.75, "column_f1": 1.0, "error": null, "elapsed_seconds": 17.428, "running_n": 2}
2026-08-09 11:28:28.592 | DEBUG    | eval.evaluation.data_loader:extract_dataframe:167 - find markdown_str 
| 姓名 | 任期 | 出生年份 | 祖籍 |
| --- | --- | --- | --- |
| 陈克潜 | -, 19 ...
2026-08-09 11:28:31.992 | INFO     | eval.evaluation.metric_utils:primary_key_preprocess:246 - primary_key_preprocess result: ```json
{
  "陈克潜": "陈克潜",
  "钱培德": "钱培德",
  "朱秀林": "朱秀林",
  "熊思东": "熊思东",
  "张晓宏": "张晓宏"
}
```
2026-08-09 11:28:31.992 | INFO     | eval.evaluation.evaluation:evaluate_single_query:223 - col: 姓名, primary_key_map {'陈克潜': '陈克潜', '钱培德': '钱培德', '朱秀林': '朱秀林', '熊思东': '熊思东', '张晓宏': '张晓宏'}
2026-08-09 11:28:31.999 | INFO     | eval.evaluation.evaluation:evaluate_single_query:275 - deep2wide_result_70_苏州大学, df_inner shape: (5, 8), answer_df shape: (9, 4), response_df shape: (7, 5)
2026-08-09 11:28:35.849 | DEBUG    | eval.evaluation.evaluation:evaluate_single_query:321 - deep2wide_result_70_苏州大学, col 任期, metric_func_name llm_judge, score [0, 0, 1, 1, 0]
2026-08-09 11:28:35.849 | DEBUG    | eval.evaluation.evaluation:metric_call:77 - metric_func_name number_near score 1.0 msg number near in range 5.0%, response: 1926.0, target: 1926.0
2026-08-09 11:28:35.849 | DEBUG    | eval.evaluation.evaluation:metric_call:77 - metric_func_name number_near score 1.0 msg number near in range 5.0%, response: 1934.0, target: 1947.0
2026-08-09 11:28:35.849 | DEBUG    | eval.evaluation.evaluation:metric_call:77 - metric_func_name number_near score 1.0 msg number near in range 5.0%, response: 1951.0, target: 1955.0
2026-08-09 11:28:35.849 | DEBUG    | eval.evaluation.evaluation:metric_call:77 - metric_func_name number_near score 1.0 msg number near in range 5.0%, response: 1962.0, target: 1962.0
2026-08-09 11:28:35.849 | DEBUG    | eval.evaluation.evaluation:metric_call:77 - metric_func_name number_near score 1.0 msg number near in range 5.0%, response: 1967.0, target: 1967.0
2026-08-09 11:28:35.850 | DEBUG    | eval.evaluation.evaluation:evaluate_single_query:321 - deep2wide_result_70_苏州大学, col 出生年份, metric_func_name number_near, score [1.0, 1.0, 1.0, 1.0, 1.0]
2026-08-09 11:28:39.725 | DEBUG    | eval.evaluation.evaluation:evaluate_single_query:321 - deep2wide_result_70_苏州大学, col 祖籍, metric_func_name llm_judge, score [0, 1, 1, 0, 0]
2026-08-09 11:28:39.732 | INFO     | eval.evaluation.evaluation:evaluate_single_query:380 - deep2wide_result_70_苏州大学, P/R/F1 by unique_columns: 0.7143/0.5556/0.6250
2026-08-09 11:28:39.732 | INFO     | eval.evaluation.evaluation:evaluate_single_query:383 - deep2wide_result_70_苏州大学, P/R/F1 by row: 0.1429/0.1111/0.1250
2026-08-09 11:28:39.732 | INFO     | eval.evaluation.evaluation:evaluate_single_query:386 - deep2wide_result_70_苏州大学, P/R/F1 by item: 0.5000/0.3889/0.4375
2026-08-09 11:28:39.733 | INFO     | eval.evaluation.evaluation:evaluate_single_query:398 - deep2wide_result_70_苏州大学, final table score: 0.0
{"event": "eval_done", "idx": 3, "instance_id": "deep2wide_result_70_苏州大学", "score": 0.0, "entity_acc": 1.0, "f1_by_row": 0.125, "f1_by_item": 0.43750000000000006, "column_f1": 0.6250000000000001, "error": null, "elapsed_seconds": 14.765, "running_n": 3}
2026-08-09 11:28:41.061 | DEBUG    | eval.evaluation.data_loader:extract_dataframe:167 - find markdown_str 
| 中文名字 | 外文名 | 面积 | 地理位置 |
| --- | --- | --- | --- |
| 大开曼岛 | G ...
2026-08-09 11:28:43.843 | INFO     | eval.evaluation.metric_utils:primary_key_preprocess:246 - primary_key_preprocess result: ```json
{
  "大开曼岛": "大开曼岛",
  "小开曼岛": "小开曼",
  "开曼布拉克岛": "开曼布拉克"
}
```
2026-08-09 11:28:43.843 | INFO     | eval.evaluation.evaluation:evaluate_single_query:223 - col: 中文名字, primary_key_map {'大开曼岛': '大开曼岛', '小开曼岛': '小开曼', '开曼布拉克岛': '开曼布拉克'}
2026-08-09 11:28:43.849 | INFO     | eval.evaluation.evaluation:evaluate_single_query:275 - deep2wide_result_73_开曼群岛, df_inner shape: (3, 8), answer_df shape: (3, 4), response_df shape: (3, 5)
2026-08-09 11:28:46.089 | DEBUG    | eval.evaluation.evaluation:evaluate_single_query:321 - deep2wide_result_73_开曼群岛, col 外文名, metric_func_name llm_judge, score [1, 1, 1]
2026-08-09 11:28:46.090 | DEBUG    | eval.evaluation.evaluation:metric_call:77 - metric_func_name number_near score 0.0 msg number not near, response: 38.0, target: 23.0
2026-08-09 11:28:46.090 | DEBUG    | eval.evaluation.evaluation:metric_call:77 - metric_func_name number_near score 0.0 msg number not near, response: 28.5, target: 26.0
2026-08-09 11:28:46.090 | DEBUG    | eval.evaluation.evaluation:metric_call:77 - metric_func_name number_near score 0.0 msg number not near, response: 197.0, target: 220.0
2026-08-09 11:28:46.091 | DEBUG    | eval.evaluation.evaluation:evaluate_single_query:321 - deep2wide_result_73_开曼群岛, col 面积, metric_func_name number_near, score [0.0, 0.0, 0.0]
2026-08-09 11:28:49.079 | DEBUG    | eval.evaluation.evaluation:evaluate_single_query:321 - deep2wide_result_73_开曼群岛, col 地理位置, metric_func_name llm_judge, score [1, 1, 0]
2026-08-09 11:28:49.084 | INFO     | eval.evaluation.evaluation:evaluate_single_query:380 - deep2wide_result_73_开曼群岛, P/R/F1 by unique_columns: 1.0000/1.0000/1.0000
2026-08-09 11:28:49.084 | INFO     | eval.evaluation.evaluation:evaluate_single_query:383 - deep2wide_result_73_开曼群岛, P/R/F1 by row: 0.0000/0.0000/0.0000
2026-08-09 11:28:49.084 | INFO     | eval.evaluation.evaluation:evaluate_single_query:386 - deep2wide_result_73_开曼群岛, P/R/F1 by item: 0.6667/0.6667/0.6667
2026-08-09 11:28:49.085 | INFO     | eval.evaluation.evaluation:evaluate_single_query:398 - deep2wide_result_73_开曼群岛, final table score: 0.0
{"event": "eval_done", "idx": 4, "instance_id": "deep2wide_result_73_开曼群岛", "score": 0.0, "entity_acc": 1.0, "f1_by_row": 0.0, "f1_by_item": 0.6666666666666666, "column_f1": 1.0, "error": null, "elapsed_seconds": 9.336, "running_n": 4}
{"event": "eval_done", "idx": 5, "instance_id": "deep2wide_result_74_约翰·弗兰克海默", "score": 0.0, "entity_acc": 0.0, "f1_by_row": 0.0, "f1_by_item": 0.0, "column_f1": 0.0, "error": null, "elapsed_seconds": 4.845, "running_n": 5}
2026-08-09 11:28:55.607 | DEBUG    | eval.evaluation.data_loader:extract_dataframe:167 - find markdown_str 
| 中文名称 | 英文名称 | 校训 |
| --- | --- | --- |
| 斯坦福大学 | Stanford Uni ...
2026-08-09 11:28:58.315 | INFO     | eval.evaluation.metric_utils:primary_key_preprocess:246 - primary_key_preprocess result: ```json
{
  "斯坦福大学": "斯坦福大学",
  "圣克拉拉大学": "圣塔克拉拉大学",
  "圣何塞州立大学": "圣何塞州立大学"
}
```
2026-08-09 11:28:58.315 | INFO     | eval.evaluation.evaluation:evaluate_single_query:223 - col: 中文名称, primary_key_map {'斯坦福大学': '斯坦福大学', '圣克拉拉大学': '圣塔克拉拉大学', '圣何塞州立大学': '圣何塞州立大学'}
2026-08-09 11:28:58.320 | INFO     | eval.evaluation.evaluation:evaluate_single_query:275 - deep2wide_result_75_硅谷, df_inner shape: (3, 6), answer_df shape: (5, 3), response_df shape: (3, 4)
2026-08-09 11:28:58.321 | DEBUG    | eval.evaluation.evaluation:metric_call:77 - metric_func_name exact_match score 1.0 msg exact match, response: stanforduniversity, target: stanforduniversity
2026-08-09 11:28:58.321 | DEBUG    | eval.evaluation.evaluation:metric_call:77 - metric_func_name exact_match score 1.0 msg exact match, response: santaclarauniversity, target: santaclarauniversity
2026-08-09 11:28:58.321 | DEBUG    | eval.evaluation.evaluation:metric_call:77 - metric_func_name exact_match score 0.0 msg exact not match, response: sanjoséstateuniversity, target: sanjosestateuniversity
2026-08-09 11:28:58.322 | DEBUG    | eval.evaluation.evaluation:evaluate_single_query:321 - deep2wide_result_75_硅谷, col 英文名称, metric_func_name exact_match, score [1.0, 1.0, 0.0]
2026-08-09 11:29:02.953 | DEBUG    | eval.evaluation.evaluation:evaluate_single_query:321 - deep2wide_result_75_硅谷, col 校训, metric_func_name llm_judge, score [1, 1, 1]
2026-08-09 11:29:02.958 | INFO     | eval.evaluation.evaluation:evaluate_single_query:380 - deep2wide_result_75_硅谷, P/R/F1 by unique_columns: 1.0000/0.6000/0.7500
2026-08-09 11:29:02.958 | INFO     | eval.evaluation.evaluation:evaluate_single_query:383 - deep2wide_result_75_硅谷, P/R/F1 by row: 0.6667/0.4000/0.5000
2026-08-09 11:29:02.958 | INFO     | eval.evaluation.evaluation:evaluate_single_query:386 - deep2wide_result_75_硅谷, P/R/F1 by item: 0.8889/0.5333/0.6667
2026-08-09 11:29:02.959 | INFO     | eval.evaluation.evaluation:evaluate_single_query:398 - deep2wide_result_75_硅谷, final table score: 0.0
{"event": "eval_done", "idx": 6, "instance_id": "deep2wide_result_75_硅谷", "score": 0.0, "entity_acc": 1.0, "f1_by_row": 0.5, "f1_by_item": 0.6666666666666667, "column_f1": 0.7499999999999999, "error": null, "elapsed_seconds": 8.995, "running_n": 6}
2026-08-09 11:29:07.774 | DEBUG    | eval.evaluation.data_loader:extract_dataframe:167 - find markdown_str 
| 姓名 | 职业 | 出生日期 |
| --- | --- | --- |
| 韩雪 | 演员、歌手 | Jan 11, 1 ...
2026-08-09 11:29:10.463 | INFO     | eval.evaluation.metric_utils:primary_key_preprocess:246 - primary_key_preprocess result: ```json
{
  "韩雪": "韩雪",
  "张钧甯": "张钧甯",
  "刘语熙": "刘语熙",
  "谢天华": "谢天华",
  "吴倩": "吴倩",
  "白敬亭": "白敬亭",
  "张丹峰": "张丹峰",
  "大张伟": "大张伟"
}
```
2026-08-09 11:29:10.463 | INFO     | eval.evaluation.evaluation:evaluate_single_query:223 - col: 姓名, primary_key_map {'韩雪': '韩雪', '张钧甯': '张钧甯', '刘语熙': '刘语熙', '谢天华': '谢天华', '吴倩': '吴倩', '白敬亭': '白敬亭', '张丹峰': '张丹峰', '大张伟': '大张伟'}
2026-08-09 11:29:13.071 | INFO     | eval.evaluation.evaluation:evaluate_single_query:275 - deep2wide_result_76_跟着贝尔去冒险, df_inner shape: (8, 6), answer_df shape: (10, 3), response_df shape: (8, 4)
2026-08-09 11:29:16.884 | DEBUG    | eval.evaluation.evaluation:evaluate_single_query:321 - deep2wide_result_76_跟着贝尔去冒险, col 职业, metric_func_name llm_judge, score [1, 0, 1, 1, 0, 1, 1, 1]
2026-08-09 11:29:16.938 | DEBUG    | eval.evaluation.evaluation:metric_call:77 - metric_func_name date_near score 0.0 msg date not convertable, response: 1981-04-01, target: 29677
2026-08-09 11:29:16.991 | DEBUG    | eval.evaluation.evaluation:metric_call:77 - metric_func_name date_near score 0.0 msg date not convertable, response: 1983-01-11, target: 30327
2026-08-09 11:29:17.044 | DEBUG    | eval.evaluation.evaluation:metric_call:77 - metric_func_name date_near score 0.0 msg date not convertable, response: 1982-09-04, target: 30198
2026-08-09 11:29:17.097 | DEBUG    | eval.evaluation.evaluation:metric_call:77 - metric_func_name date_near score 0.0 msg date not convertable, response: 1992-09-26, target: 33873
2026-08-09 11:29:17.149 | DEBUG    | eval.evaluation.evaluation:metric_call:77 - metric_func_name date_near score 0.0 msg date not convertable, response: 1983-08-31, target: 30559
2026-08-09 11:29:17.201 | DEBUG    | eval.evaluation.evaluation:metric_call:77 - metric_func_name date_near score 0.0 msg date not convertable, response: 1986-09-27, target: 31317
2026-08-09 11:29:17.253 | DEBUG    | eval.evaluation.evaluation:metric_call:77 - metric_func_name date_near score 0.0 msg date not convertable, response: 1993-10-15, target: 34257
2026-08-09 11:29:17.305 | DEBUG    | eval.evaluation.evaluation:metric_call:77 - metric_func_name date_near score 0.0 msg date not convertable, response: 1967-07-15, target: 24668
2026-08-09 11:29:17.306 | DEBUG    | eval.evaluation.evaluation:evaluate_single_query:321 - deep2wide_result_76_跟着贝尔去冒险, col 出生日期, metric_func_name date_near, score [0.0, 0.0, 0.0, 0.0, 0.0, 0.0, 0.0, 0.0]
2026-08-09 11:29:17.311 | INFO     | eval.evaluation.evaluation:evaluate_single_query:380 - deep2wide_result_76_跟着贝尔去冒险, P/R/F1 by unique_columns: 1.0000/0.8000/0.8889
2026-08-09 11:29:17.311 | INFO     | eval.evaluation.evaluation:evaluate_single_query:383 - deep2wide_result_76_跟着贝尔去冒险, P/R/F1 by row: 0.0000/0.0000/0.0000
2026-08-09 11:29:17.311 | INFO     | eval.evaluation.evaluation:evaluate_single_query:386 - deep2wide_result_76_跟着贝尔去冒险, P/R/F1 by item: 0.5833/0.4667/0.5185
2026-08-09 11:29:17.312 | INFO     | eval.evaluation.evaluation:evaluate_single_query:398 - deep2wide_result_76_跟着贝尔去冒险, final table score: 0.0
{"event": "eval_done", "idx": 7, "instance_id": "deep2wide_result_76_跟着贝尔去冒险", "score": 0.0, "entity_acc": 1.0, "f1_by_row": 0.0, "f1_by_item": 0.5185185185185186, "column_f1": 0.888888888888889, "error": null, "elapsed_seconds": 14.339, "running_n": 7}
SUMMARY {"n": 7, "valid_n": 7, "errors": 0, "complete": true, "judge_calls_current_process": 20, "score": 0.0, "entity_acc": 0.7142857142857143, "precision_by_row": 0.11564625850340136, "recall_by_row": 0.073015873015873, "f1_by_row": 0.08928571428571429, "precision_by_item": 0.48412698412698413, "recall_by_item": 0.40079365079365076, "f1_by_item": 0.43419312169312174, "column_precision": 0.673469387755102, "column_recall": 0.5650793650793651, "column_f1": 0.6091269841269842}
