INFO: Pandarallel will run on 8 workers.
INFO: Pandarallel will use Memory file system to transfer data between the main process and workers.
{"event": "eval_start", "selected": 7, "resume_committed": 0, "committed_errors": 0, "crash_only_resume": false}
2026-08-09 11:28:07.443 | DEBUG    | eval.evaluation.data_loader:extract_dataframe:167 - find markdown_str 
| 区域名称 | 省份 | 认定年份 |
| --- | --- | --- |
| 长白山旅游度假区 | 吉林省 | 201 ...
2026-08-09 11:28:25.482 | INFO     | eval.evaluation.metric_utils:primary_key_preprocess:246 - primary_key_preprocess result: ```json
{
  "长白山旅游度假区": "长白山旅游度假区",
  "汤山温泉旅游度假区": "汤山温泉旅游度假区",
  "天目湖旅游度假区": "天目湖旅游度假区",
  "阳澄湖半岛旅游度假区": "阳澄湖半岛旅游度假区",
  "东钱湖旅游度假区": "东钱湖旅游度假区",
  "湖州太湖旅游度假区": "太湖旅游度假区",
  "湘湖旅游度假区": "浙江湘湖旅游度假区",
  "凤凰岛旅游度假区": "凤凰岛旅游度假区",
  "海阳旅游度假区": "海阳旅游度假区",
  "尧山温泉旅游度假区": "尧山温泉旅游度假区",
  "武当太极湖旅游度假区": "武当山太极湖旅游度假区",
  "灰汤温泉旅游度假区": "灰汤温泉旅游度假区",
  "东部华侨城旅游度假区": "东部华侨城旅游度假区",
  "仙女山旅游度假区": "仙女山旅游度假区",
  "邛海旅游度假区": "邛海旅游度假区",
  "阳宗海旅游度假区": "阳宗海旅游度假区",
  "西双版纳旅游度假区": "西双版纳旅游度假区",
  "北戴河旅游度假区": "河北省秦皇岛市北戴河度假区",
  "巢湖半汤温泉养生度假区": "合肥市巢湖半汤温泉养生度假区",
  "明月山温汤旅游度假区": "宜春市明月山温汤旅游度假区",
  "日照山海天旅游度假区": "日照山海天旅游度假区",
  "柳叶湖旅游度假区": "常德柳叶湖旅游度假区",
  "赤水河谷旅游度假区": "赤水市赤水河谷旅游度假区",
  "林芝鲁朗旅游度假区": "林芝市鲁朗小镇旅游度假区",
  "河源巴伐利亚庄园": "河源巴伐利亚庄园",
  "桂林阳朔遇龙河旅游度假区": "桂林阳朔遇龙河旅游度假区",
  "成都天府青城康养休闲旅游度假区": "成都天府青城康养休闲旅游度假区",
  "玉溪抚仙湖旅游度假区": "玉溪抚仙湖旅游度假区",
  "崇礼冰雪旅游度假区": "崇礼冰雪旅游度假区",
  "亚布力滑雪旅游度假区": "亚布力滑雪旅游度假区",
  "上海佘山国家旅游度假区": "上海佘山国家旅游度假区",
  "常州太湖湾旅游度假区": "常州太湖湾旅游度假区",
  "无锡宜兴阳羡生态旅游度假区": "无锡市宜兴阳羡国家旅游度假区",
  "淳安千岛湖旅游度假区": "淳安千岛湖旅游度假区",
  "烟台蓬莱旅游度假区": "烟台市蓬莱旅游度假区",
  "重庆丰都南天湖旅游度假区": "重庆丰都南天湖旅游度假区",
  "六盘水野玉海山地旅游度假区": "六盘水市野玉海山地旅游度假区",
  "那拉提旅游度假区": "那拉提旅游度假区",
  "新余仙女湖七夕文化旅游度假区": "江西省新余市仙女湖七夕文化旅游度假区",
  "北海银滩旅游度假区": "北海银滩国家旅游度假区",
  "大理古城旅游度假区": "大理古城旅游度假区",
  "商洛牛背梁旅游度假区": "陕西省商洛市牛背梁旅游度假区",
  "宿迁骆马湖旅游度假区": "宿迁骆马湖旅游度假区",
  "赣州大余丫山旅游度假区": "江西省赣州市大余县丫山旅游度假区",
  "神农架木鱼旅游度假区": "湖北省神农架木鱼旅游度假区",
  "密云古北水镇国际休闲旅游度假区": "密云古北水镇国际休闲旅游度假区",
  "晋城太行锡崖沟旅游度假区": "晋城太行锡崖沟旅游度假区",
  "兴安盟阿尔山旅游度假区": "兴安盟阿尔山旅游度假区",
  "大连长山群岛旅游度假区": "大连长山群岛旅游度假区",
  "长白山华美胜地旅游度假区": "长白山华美胜地旅游度假区",
  "苏州吴江东太湖生态旅游度假区": "苏州吴江东太湖生态旅游度假区",
  "湖州吴兴西塞山旅游度假区": "湖州吴兴西塞山旅游度假区",
  "黄山黟县国际乡村旅游度假区": "黄山黟县国际乡村旅游度假区",
  "南昌梅岭生态旅游度假区": "南昌梅岭生态旅游度假区",
  "德州齐河黄河国际生态城旅游度假区": "德州齐河黄河国际生态城旅游度假区",
  "郑州银基国际旅游度假区": "郑州银基国际旅游度假区",
  "武汉黄陂区木兰湖旅游度假区": "武汉黄陂区木兰湖旅游度假区",
  "长沙铜官窑文化旅游度假区": "长沙铜官窑文化旅游度假区",
  "珠海横琴长隆国际海洋度假区": "珠海横琴长隆国际海洋度假区",
  "桂林雁山旅游度假区": "桂林雁山旅游度假区",
  "万宁石梅湾旅游度假区": "万宁石梅湾旅游度假区",
  "石柱黄水旅游度假区": "石柱黄水旅游度假区",
  "成都西岭雪山—花水湾旅游度假区": "成都西岭雪山-花水湾旅游度假区",
  "德宏芒市孔雀湖旅游度假区": "德宏芒市孔雀湖旅游度假区",
  "临夏永靖刘家峡旅游度假区": "临夏永靖刘家峡旅游度假区",
  "中卫大漠黄河（沙坡头）旅游度假区": "中卫大漠黄河（沙坡头）旅游度假区",
  "五家渠青格达湖旅游度假区": "五家渠青格达湖旅游度假区"
}
```
2026-08-09 11:28:25.483 | INFO     | eval.evaluation.evaluation:evaluate_single_query:223 - col: 区域名称, primary_key_map {'长白山旅游度假区': '长白山旅游度假区', '汤山温泉旅游度假区': '汤山温泉旅游度假区', '天目湖旅游度假区': '天目湖旅游度假区', '阳澄湖半岛旅游度假区': '阳澄湖半岛旅游度假区', '东钱湖旅游度假区': '东钱湖旅游度假区', '湖州太湖旅游度假区': '太湖旅游度假区', '湘湖旅游度假区': '浙江湘湖旅游度假区', '凤凰岛旅游度假区': '凤凰岛旅游度假区', '海阳旅游度假区': '海阳旅游度假区', '尧山温泉旅游度假区': '尧山温泉旅游度假区', '武当太极湖旅游度假区': '武当山太极湖旅游度假区', '灰汤温泉旅游度假区': '灰汤温泉旅游度假区', '东部华侨城旅游度假区': '东部华侨城旅游度假区', '仙女山旅游度假区': '仙女山旅游度假区', '邛海旅游度假区': '邛海旅游度假区', '阳宗海旅游度假区': '阳宗海旅游度假区', '西双版纳旅游度假区': '西双版纳旅游度假区', '北戴河旅游度假区': '河北省秦皇岛市北戴河度假区', '巢湖半汤温泉养生度假区': '合肥市巢湖半汤温泉养生度假区', '明月山温汤旅游度假区': '宜春市明月山温汤旅游度假区', '日照山海天旅游度假区': '日照山海天旅游度假区', '柳叶湖旅游度假区': '常德柳叶湖旅游度假区', '赤水河谷旅游度假区': '赤水市赤水河谷旅游度假区', '林芝鲁朗旅游度假区': '林芝市鲁朗小镇旅游度假区', '河源巴伐利亚庄园': '河源巴伐利亚庄园', '桂林阳朔遇龙河旅游度假区': '桂林阳朔遇龙河旅游度假区', '成都天府青城康养休闲旅游度假区': '成都天府青城康养休闲旅游度假区', '玉溪抚仙湖旅游度假区': '玉溪抚仙湖旅游度假区', '崇礼冰雪旅游度假区': '崇礼冰雪旅游度假区', '亚布力滑雪旅游度假区': '亚布力滑雪旅游度假区', '上海佘山国家旅游度假区': '上海佘山国家旅游度假区', '常州太湖湾旅游度假区': '常州太湖湾旅游度假区', '无锡宜兴阳羡生态旅游度假区': '无锡市宜兴阳羡国家旅游度假区', '淳安千岛湖旅游度假区': '淳安千岛湖旅游度假区', '烟台蓬莱旅游度假区': '烟台市蓬莱旅游度假区', '重庆丰都南天湖旅游度假区': '重庆丰都南天湖旅游度假区', '六盘水野玉海山地旅游度假区': '六盘水市野玉海山地旅游度假区', '那拉提旅游度假区': '那拉提旅游度假区', '新余仙女湖七夕文化旅游度假区': '江西省新余市仙女湖七夕文化旅游度假区', '北海银滩旅游度假区': '北海银滩国家旅游度假区', '大理古城旅游度假区': '大理古城旅游度假区', '商洛牛背梁旅游度假区': '陕西省商洛市牛背梁旅游度假区', '宿迁骆马湖旅游度假区': '宿迁骆马湖旅游度假区', '赣州大余丫山旅游度假区': '江西省赣州市大余县丫山旅游度假区', '神农架木鱼旅游度假区': '湖北省神农架木鱼旅游度假区', '密云古北水镇国际休闲旅游度假区': '密云古北水镇国际休闲旅游度假区', '晋城太行锡崖沟旅游度假区': '晋城太行锡崖沟旅游度假区', '兴安盟阿尔山旅游度假区': '兴安盟阿尔山旅游度假区', '大连长山群岛旅游度假区': '大连长山群岛旅游度假区', '长白山华美胜地旅游度假区': '长白山华美胜地旅游度假区', '苏州吴江东太湖生态旅游度假区': '苏州吴江东太湖生态旅游度假区', '湖州吴兴西塞山旅游度假区': '湖州吴兴西塞山旅游度假区', '黄山黟县国际乡村旅游度假区': '黄山黟县国际乡村旅游度假区', '南昌梅岭生态旅游度假区': '南昌梅岭生态旅游度假区', '德州齐河黄河国际生态城旅游度假区': '德州齐河黄河国际生态城旅游度假区', '郑州银基国际旅游度假区': '郑州银基国际旅游度假区', '武汉黄陂区木兰湖旅游度假区': '武汉黄陂区木兰湖旅游度假区', '长沙铜官窑文化旅游度假区': '长沙铜官窑文化旅游度假区', '珠海横琴长隆国际海洋度假区': '珠海横琴长隆国际海洋度假区', '桂林雁山旅游度假区': '桂林雁山旅游度假区', '万宁石梅湾旅游度假区': '万宁石梅湾旅游度假区', '石柱黄水旅游度假区': '石柱黄水旅游度假区', '成都西岭雪山—花水湾旅游度假区': '成都西岭雪山-花水湾旅游度假区', '德宏芒市孔雀湖旅游度假区': '德宏芒市孔雀湖旅游度假区', '临夏永靖刘家峡旅游度假区': '临夏永靖刘家峡旅游度假区', '中卫大漠黄河（沙坡头）旅游度假区': '中卫大漠黄河（沙坡头）旅游度假区', '五家渠青格达湖旅游度假区': '五家渠青格达湖旅游度假区'}
2026-08-09 11:28:25.490 | INFO     | eval.evaluation.evaluation:evaluate_single_query:275 - wide2deep_ws_zh_038, df_inner shape: (67, 6), answer_df shape: (85, 3), response_df shape: (85, 4)
2026-08-09 11:28:32.524 | DEBUG    | eval.evaluation.evaluation:evaluate_single_query:321 - wide2deep_ws_zh_038, col 省份, metric_func_name llm_judge, score [1, 1, 1, 1, 1, 1, 1, 1, 1, 1, 1, 1, 1, 1, 1, 1, 1, 1, 1, 1, 1, 1, 1, 1, 1, 1, 1, 1, 1, 1, 1, 1, 1, 1, 1, 1, 1, 1, 1, 1, 1, 1, 1, 1, 1, 1, 1, 1, 1, 1, 1, 1, 1, 1, 1, 1, 1, 1, 1, 1, 1, 1, 1, 1, 1, 1, 1]
2026-08-09 11:28:32.525 | DEBUG    | eval.evaluation.evaluation:metric_call:77 - metric_func_name number_near score 1.0 msg number near in range 0.0%, response: 2020.0, target: 2020.0
2026-08-09 11:28:32.525 | DEBUG    | eval.evaluation.evaluation:metric_call:77 - metric_func_name number_near score 1.0 msg number near in range 0.0%, response: 2015.0, target: 2015.0
2026-08-09 11:28:32.525 | DEBUG    | eval.evaluation.evaluation:metric_call:77 - metric_func_name number_near score 1.0 msg number near in range 0.0%, response: 2020.0, target: 2020.0
2026-08-09 11:28:32.525 | DEBUG    | eval.evaluation.evaluation:metric_call:77 - metric_func_name number_near score 1.0 msg number near in range 0.0%, response: 2020.0, target: 2020.0
2026-08-09 11:28:32.525 | DEBUG    | eval.evaluation.evaluation:metric_call:77 - metric_func_name number_near score 1.0 msg number near in range 0.0%, response: 2015.0, target: 2015.0
2026-08-09 11:28:32.525 | DEBUG    | eval.evaluation.evaluation:metric_call:77 - metric_func_name number_near score 0.0 msg number not near, response: 2020.0, target: 2018.0
2026-08-09 11:28:32.525 | DEBUG    | eval.evaluation.evaluation:metric_call:77 - metric_func_name number_near score 1.0 msg number near in range 0.0%, response: 2015.0, target: 2015.0
2026-08-09 11:28:32.525 | DEBUG    | eval.evaluation.evaluation:metric_call:77 - metric_func_name number_near score 1.0 msg number near in range 0.0%, response: 2015.0, target: 2015.0
2026-08-09 11:28:32.525 | DEBUG    | eval.evaluation.evaluation:metric_call:77 - metric_func_name number_near score 1.0 msg number near in range 0.0%, response: 2020.0, target: 2020.0
2026-08-09 11:28:32.525 | DEBUG    | eval.evaluation.evaluation:metric_call:77 - metric_func_name number_near score 1.0 msg number near in range 0.0%, response: 2015.0, target: 2015.0
2026-08-09 11:28:32.525 | DEBUG    | eval.evaluation.evaluation:metric_call:77 - metric_func_name number_near score 1.0 msg number near in range 0.0%, response: 2015.0, target: 2015.0
2026-08-09 11:28:32.525 | DEBUG    | eval.evaluation.evaluation:metric_call:77 - metric_func_name number_near score 1.0 msg number near in range 0.0%, response: 2015.0, target: 2015.0
2026-08-09 11:28:32.525 | DEBUG    | eval.evaluation.evaluation:metric_call:77 - metric_func_name number_near score 1.0 msg number near in range 0.0%, response: 2020.0, target: 2020.0
2026-08-09 11:28:32.525 | DEBUG    | eval.evaluation.evaluation:metric_call:77 - metric_func_name number_near score 0.0 msg number not near, response: 2017.0, target: 2018.0
2026-08-09 11:28:32.525 | DEBUG    | eval.evaluation.evaluation:metric_call:77 - metric_func_name number_near score 0.0 msg number not near, response: 2017.0, target: 2018.0
2026-08-09 11:28:32.525 | DEBUG    | eval.evaluation.evaluation:metric_call:77 - metric_func_name number_near score 1.0 msg number near in range 0.0%, response: 2015.0, target: 2015.0
2026-08-09 11:28:32.525 | DEBUG    | eval.evaluation.evaluation:metric_call:77 - metric_func_name number_near score 0.0 msg number not near, response: 2020.0, target: 2018.0
2026-08-09 11:28:32.525 | DEBUG    | eval.evaluation.evaluation:metric_call:77 - metric_func_name number_near score 1.0 msg number near in range 0.0%, response: 2015.0, target: 2015.0
2026-08-09 11:28:32.526 | DEBUG    | eval.evaluation.evaluation:metric_call:77 - metric_func_name number_near score 0.0 msg number not near, response: 2017.0, target: 2020.0
2026-08-09 11:28:32.526 | DEBUG    | eval.evaluation.evaluation:metric_call:77 - metric_func_name number_near score 1.0 msg number near in range 0.0%, response: 2015.0, target: 2015.0
2026-08-09 11:28:32.526 | DEBUG    | eval.evaluation.evaluation:metric_call:77 - metric_func_name number_near score 1.0 msg number near in range 0.0%, response: 2015.0, target: 2015.0
2026-08-09 11:28:32.526 | DEBUG    | eval.evaluation.evaluation:metric_call:77 - metric_func_name number_near score 1.0 msg number near in range 0.0%, response: 2015.0, target: 2015.0
2026-08-09 11:28:32.526 | DEBUG    | eval.evaluation.evaluation:metric_call:77 - metric_func_name number_near score 0.0 msg number not near, response: 2017.0, target: 2020.0
2026-08-09 11:28:32.526 | DEBUG    | eval.evaluation.evaluation:metric_call:77 - metric_func_name number_near score 1.0 msg number near in range 0.0%, response: 2015.0, target: 2015.0
2026-08-09 11:28:32.526 | DEBUG    | eval.evaluation.evaluation:metric_call:77 - metric_func_name number_near score 1.0 msg number near in range 0.0%, response: 2019.0, target: 2019.0
2026-08-09 11:28:32.526 | DEBUG    | eval.evaluation.evaluation:metric_call:77 - metric_func_name number_near score 1.0 msg number near in range 0.0%, response: 2019.0, target: 2019.0
2026-08-09 11:28:32.526 | DEBUG    | eval.evaluation.evaluation:metric_call:77 - metric_func_name number_near score 1.0 msg number near in range 0.0%, response: 2015.0, target: 2015.0
2026-08-09 11:28:32.526 | DEBUG    | eval.evaluation.evaluation:metric_call:77 - metric_func_name number_near score 1.0 msg number near in range 0.0%, response: 2020.0, target: 2020.0
2026-08-09 11:28:32.526 | DEBUG    | eval.evaluation.evaluation:metric_call:77 - metric_func_name number_near score 1.0 msg number near in range 0.0%, response: 2015.0, target: 2015.0
2026-08-09 11:28:32.526 | DEBUG    | eval.evaluation.evaluation:metric_call:77 - metric_func_name number_near score 1.0 msg number near in range 0.0%, response: 2019.0, target: 2019.0
2026-08-09 11:28:32.526 | DEBUG    | eval.evaluation.evaluation:metric_call:77 - metric_func_name number_near score 0.0 msg number not near, response: 2017.0, target: 2018.0
2026-08-09 11:28:32.526 | DEBUG    | eval.evaluation.evaluation:metric_call:77 - metric_func_name number_near score 1.0 msg number near in range 0.0%, response: 2020.0, target: 2020.0
2026-08-09 11:28:32.526 | DEBUG    | eval.evaluation.evaluation:metric_call:77 - metric_func_name number_near score 1.0 msg number near in range 0.0%, response: 2015.0, target: 2015.0
2026-08-09 11:28:32.526 | DEBUG    | eval.evaluation.evaluation:metric_call:77 - metric_func_name number_near score 1.0 msg number near in range 0.0%, response: 2015.0, target: 2015.0
2026-08-09 11:28:32.526 | DEBUG    | eval.evaluation.evaluation:metric_call:77 - metric_func_name number_near score 1.0 msg number near in range 0.0%, response: 2019.0, target: 2019.0
2026-08-09 11:28:32.526 | DEBUG    | eval.evaluation.evaluation:metric_call:77 - metric_func_name number_near score 0.0 msg number not near, response: 2022.0, target: 2020.0
2026-08-09 11:28:32.526 | DEBUG    | eval.evaluation.evaluation:metric_call:77 - metric_func_name number_near score 0.0 msg number not near, response: 2017.0, target: 2018.0
2026-08-09 11:28:32.526 | DEBUG    | eval.evaluation.evaluation:metric_call:77 - metric_func_name number_near score 1.0 msg number near in range 0.0%, response: 2020.0, target: 2020.0
2026-08-09 11:28:32.526 | DEBUG    | eval.evaluation.evaluation:metric_call:77 - metric_func_name number_near score 0.0 msg number not near, response: 2017.0, target: 2023.0
2026-08-09 11:28:32.527 | DEBUG    | eval.evaluation.evaluation:metric_call:77 - metric_func_name number_near score 0.0 msg number not near, response: 2022.0, target: 2023.0
2026-08-09 11:28:32.527 | DEBUG    | eval.evaluation.evaluation:metric_call:77 - metric_func_name number_near score 1.0 msg number near in range 0.0%, response: 2023.0, target: 2023.0
2026-08-09 11:28:32.527 | DEBUG    | eval.evaluation.evaluation:metric_call:77 - metric_func_name number_near score 1.0 msg number near in range 0.0%, response: 2023.0, target: 2023.0
2026-08-09 11:28:32.527 | DEBUG    | eval.evaluation.evaluation:metric_call:77 - metric_func_name number_near score 0.0 msg number not near, response: 2022.0, target: 2023.0
2026-08-09 11:28:32.527 | DEBUG    | eval.evaluation.evaluation:metric_call:77 - metric_func_name number_near score 1.0 msg number near in range 0.0%, response: 2023.0, target: 2023.0
2026-08-09 11:28:32.527 | DEBUG    | eval.evaluation.evaluation:metric_call:77 - metric_func_name number_near score 0.0 msg number not near, response: 2022.0, target: 2023.0
2026-08-09 11:28:32.527 | DEBUG    | eval.evaluation.evaluation:metric_call:77 - metric_func_name number_near score 1.0 msg number near in range 0.0%, response: 2024.0, target: 2024.0
2026-08-09 11:28:32.527 | DEBUG    | eval.evaluation.evaluation:metric_call:77 - metric_func_name number_near score 1.0 msg number near in range 0.0%, response: 2024.0, target: 2024.0
2026-08-09 11:28:32.527 | DEBUG    | eval.evaluation.evaluation:metric_call:77 - metric_func_name number_near score 1.0 msg number near in range 0.0%, response: 2024.0, target: 2024.0
2026-08-09 11:28:32.527 | DEBUG    | eval.evaluation.evaluation:metric_call:77 - metric_func_name number_near score 1.0 msg number near in range 0.0%, response: 2024.0, target: 2024.0
2026-08-09 11:28:32.527 | DEBUG    | eval.evaluation.evaluation:metric_call:77 - metric_func_name number_near score 1.0 msg number near in range 0.0%, response: 2024.0, target: 2024.0
2026-08-09 11:28:32.527 | DEBUG    | eval.evaluation.evaluation:metric_call:77 - metric_func_name number_near score 1.0 msg number near in range 0.0%, response: 2024.0, target: 2024.0
2026-08-09 11:28:32.527 | DEBUG    | eval.evaluation.evaluation:metric_call:77 - metric_func_name number_near score 1.0 msg number near in range 0.0%, response: 2024.0, target: 2024.0
2026-08-09 11:28:32.527 | DEBUG    | eval.evaluation.evaluation:metric_call:77 - metric_func_name number_near score 1.0 msg number near in range 0.0%, response: 2024.0, target: 2024.0
2026-08-09 11:28:32.527 | DEBUG    | eval.evaluation.evaluation:metric_call:77 - metric_func_name number_near score 1.0 msg number near in range 0.0%, response: 2024.0, target: 2024.0
2026-08-09 11:28:32.527 | DEBUG    | eval.evaluation.evaluation:metric_call:77 - metric_func_name number_near score 1.0 msg number near in range 0.0%, response: 2024.0, target: 2024.0
2026-08-09 11:28:32.527 | DEBUG    | eval.evaluation.evaluation:metric_call:77 - metric_func_name number_near score 1.0 msg number near in range 0.0%, response: 2024.0, target: 2024.0
2026-08-09 11:28:32.527 | DEBUG    | eval.evaluation.evaluation:metric_call:77 - metric_func_name number_near score 1.0 msg number near in range 0.0%, response: 2024.0, target: 2024.0
2026-08-09 11:28:32.527 | DEBUG    | eval.evaluation.evaluation:metric_call:77 - metric_func_name number_near score 1.0 msg number near in range 0.0%, response: 2024.0, target: 2024.0
2026-08-09 11:28:32.527 | DEBUG    | eval.evaluation.evaluation:metric_call:77 - metric_func_name number_near score 1.0 msg number near in range 0.0%, response: 2024.0, target: 2024.0
2026-08-09 11:28:32.527 | DEBUG    | eval.evaluation.evaluation:metric_call:77 - metric_func_name number_near score 1.0 msg number near in range 0.0%, response: 2024.0, target: 2024.0
2026-08-09 11:28:32.528 | DEBUG    | eval.evaluation.evaluation:metric_call:77 - metric_func_name number_near score 1.0 msg number near in range 0.0%, response: 2024.0, target: 2024.0
2026-08-09 11:28:32.528 | DEBUG    | eval.evaluation.evaluation:metric_call:77 - metric_func_name number_near score 1.0 msg number near in range 0.0%, response: 2024.0, target: 2024.0
2026-08-09 11:28:32.528 | DEBUG    | eval.evaluation.evaluation:metric_call:77 - metric_func_name number_near score 1.0 msg number near in range 0.0%, response: 2024.0, target: 2024.0
2026-08-09 11:28:32.528 | DEBUG    | eval.evaluation.evaluation:metric_call:77 - metric_func_name number_near score 1.0 msg number near in range 0.0%, response: 2024.0, target: 2024.0
2026-08-09 11:28:32.528 | DEBUG    | eval.evaluation.evaluation:metric_call:77 - metric_func_name number_near score 1.0 msg number near in range 0.0%, response: 2024.0, target: 2024.0
2026-08-09 11:28:32.528 | DEBUG    | eval.evaluation.evaluation:metric_call:77 - metric_func_name number_near score 1.0 msg number near in range 0.0%, response: 2024.0, target: 2024.0
2026-08-09 11:28:32.528 | DEBUG    | eval.evaluation.evaluation:metric_call:77 - metric_func_name number_near score 1.0 msg number near in range 0.0%, response: 2024.0, target: 2024.0
2026-08-09 11:28:32.529 | DEBUG    | eval.evaluation.evaluation:evaluate_single_query:321 - wide2deep_ws_zh_038, col 认定年份, metric_func_name number_near, score [1.0, 1.0, 1.0, 1.0, 1.0, 0.0, 1.0, 1.0, 1.0, 1.0, 1.0, 1.0, 1.0, 0.0, 0.0, 1.0, 0.0, 1.0, 0.0, 1.0, 1.0, 1.0, 0.0, 1.0, 1.0, 1.0, 1.0, 1.0, 1.0, 1.0, 0.0, 1.0, 1.0, 1.0, 1.0, 0.0, 0.0, 1.0, 0.0, 0.0, 1.0, 1.0, 0.0, 1.0, 0.0, 1.0, 1.0, 1.0, 1.0, 1.0, 1.0, 1.0, 1.0, 1.0, 1.0, 1.0, 1.0, 1.0, 1.0, 1.0, 1.0, 1.0, 1.0, 1.0, 1.0, 1.0, 1.0]
2026-08-09 11:28:32.535 | INFO     | eval.evaluation.evaluation:evaluate_single_query:380 - wide2deep_ws_zh_038, P/R/F1 by unique_columns: 0.7882/0.7882/0.7882
2026-08-09 11:28:32.535 | INFO     | eval.evaluation.evaluation:evaluate_single_query:383 - wide2deep_ws_zh_038, P/R/F1 by row: 0.6353/0.6353/0.6353
2026-08-09 11:28:32.535 | INFO     | eval.evaluation.evaluation:evaluate_single_query:386 - wide2deep_ws_zh_038, P/R/F1 by item: 0.7373/0.7373/0.7373
2026-08-09 11:28:32.538 | INFO     | eval.evaluation.evaluation:evaluate_single_query:398 - wide2deep_ws_zh_038, final table score: 0.0
{"event": "eval_done", "idx": 1, "instance_id": "wide2deep_ws_zh_038", "score": 0.0, "entity_acc": 1.0, "f1_by_row": 0.6352941176470588, "f1_by_item": 0.7372549019607844, "column_f1": 0.788235294117647, "error": null, "elapsed_seconds": 29.006, "running_n": 1}
2026-08-09 11:28:34.310 | DEBUG    | eval.evaluation.data_loader:extract_dataframe:167 - find markdown_str 
| 演员名称 | 播出年份 | 影视名称 | 角色名 | 搭档演员 | 播放平台 |
| --- | --- | --- |  ...
2026-08-09 11:28:37.001 | INFO     | eval.evaluation.metric_utils:primary_key_preprocess:246 - primary_key_preprocess result: ```json
{
  "刘亦菲": "刘亦菲",
  "杨幂": "杨幂",
  "刘诗诗": "刘诗诗",
  "唐嫣": "唐嫣",
  "赵丽颖": "赵丽颖"
}
```
2026-08-09 11:28:37.002 | INFO     | eval.evaluation.evaluation:evaluate_single_query:223 - col: 演员名称, primary_key_map {'刘亦菲': '刘亦菲', '杨幂': '杨幂', '刘诗诗': '刘诗诗', '唐嫣': '唐嫣', '赵丽颖': '赵丽颖'}
2026-08-09 11:28:41.910 | INFO     | eval.evaluation.metric_utils:primary_key_preprocess:246 - primary_key_preprocess result: ```json
{
  "五月之恋": "五月之恋",
  "恋爱大赢家": "恋爱大赢家",
  "四大名捕大结局": "四大名捕大结局",
  "玫瑰的故事": "玫瑰的故事",
  "红粉世家": "红粉世家",
  "古剑奇谭": "古剑奇谭",
  "微时代": "微时代",
  "分手大师": "分手大师",
  "小时代3：刺金时代": "小时代3：刺金时代",
  "哈尔滨一九四四": "哈尔滨一九四四",
  "狐妖小红娘月红篇": "狐妖小红娘·月红篇",
  "没有什么是一顿火锅解决不了的": "没有一顿火锅解决不了的事",
  "月影风荷": "月影风荷",
  "步步惊情": "步步惊情",
  "犀利仁师": "犀利仁师",
  "风中奇缘": "风中奇缘",
  "绣春刀": "绣春刀",
  "深夜前的五分钟": "深夜前的五分钟",
  "金玉良缘": "金玉良缘",
  "格子间女人": "格子间女人",
  "露水红颜": "露水红颜",
  "妻子的秘密": "妻子的秘密",
  "杉杉来了": "杉杉来了",
  "与凤行": "与凤行",
  "第二十条": "第二十条",
  "乔妍的心事": "乔妍的心事"
}
```
2026-08-09 11:28:41.910 | INFO     | eval.evaluation.evaluation:evaluate_single_query:223 - col: 影视名称, primary_key_map {'五月之恋': '五月之恋', '恋爱大赢家': '恋爱大赢家', '四大名捕大结局': '四大名捕大结局', '玫瑰的故事': '玫瑰的故事', '红粉世家': '红粉世家', '古剑奇谭': '古剑奇谭', '微时代': '微时代', '分手大师': '分手大师', '小时代3：刺金时代': '小时代3：刺金时代', '哈尔滨一九四四': '哈尔滨一九四四', '狐妖小红娘月红篇': '狐妖小红娘·月红篇', '没有什么是一顿火锅解决不了的': '没有一顿火锅解决不了的事', '月影风荷': '月影风荷', '步步惊情': '步步惊情', '犀利仁师': '犀利仁师', '风中奇缘': '风中奇缘', '绣春刀': '绣春刀', '深夜前的五分钟': '深夜前的五分钟', '金玉良缘': '金玉良缘', '格子间女人': '格子间女人', '露水红颜': '露水红颜', '妻子的秘密': '妻子的秘密', '杉杉来了': '杉杉来了', '与凤行': '与凤行', '第二十条': '第二十条', '乔妍的心事': '乔妍的心事'}
2026-08-09 11:28:41.917 | INFO     | eval.evaluation.evaluation:evaluate_single_query:275 - wide2deep_ws_zh_048, df_inner shape: (26, 12), answer_df shape: (35, 6), response_df shape: (34, 8)
2026-08-09 11:28:41.918 | DEBUG    | eval.evaluation.evaluation:metric_call:77 - metric_func_name exact_match score 1.0 msg exact match, response: 2004年, target: 2004年
2026-08-09 11:28:41.918 | DEBUG    | eval.evaluation.evaluation:metric_call:77 - metric_func_name exact_match score 1.0 msg exact match, response: 2014年, target: 2014年
2026-08-09 11:28:41.918 | DEBUG    | eval.evaluation.evaluation:metric_call:77 - metric_func_name exact_match score 1.0 msg exact match, response: 2014年, target: 2014年
2026-08-09 11:28:41.918 | DEBUG    | eval.evaluation.evaluation:metric_call:77 - metric_func_name exact_match score 1.0 msg exact match, response: 2014年, target: 2014年
2026-08-09 11:28:41.918 | DEBUG    | eval.evaluation.evaluation:metric_call:77 - metric_func_name exact_match score 1.0 msg exact match, response: 2014年, target: 2014年
2026-08-09 11:28:41.918 | DEBUG    | eval.evaluation.evaluation:metric_call:77 - metric_func_name exact_match score 1.0 msg exact match, response: 2014年, target: 2014年
2026-08-09 11:28:41.918 | DEBUG    | eval.evaluation.evaluation:metric_call:77 - metric_func_name exact_match score 1.0 msg exact match, response: 2014年, target: 2014年
2026-08-09 11:28:41.919 | DEBUG    | eval.evaluation.evaluation:metric_call:77 - metric_func_name exact_match score 1.0 msg exact match, response: 2014年, target: 2014年
2026-08-09 11:28:41.919 | DEBUG    | eval.evaluation.evaluation:metric_call:77 - metric_func_name exact_match score 1.0 msg exact match, response: 2014年, target: 2014年
2026-08-09 11:28:41.919 | DEBUG    | eval.evaluation.evaluation:metric_call:77 - metric_func_name exact_match score 1.0 msg exact match, response: 2004年, target: 2004年
2026-08-09 11:28:41.919 | DEBUG    | eval.evaluation.evaluation:metric_call:77 - metric_func_name exact_match score 1.0 msg exact match, response: 2014年, target: 2014年
2026-08-09 11:28:41.919 | DEBUG    | eval.evaluation.evaluation:metric_call:77 - metric_func_name exact_match score 1.0 msg exact match, response: 2014年, target: 2014年
2026-08-09 11:28:41.919 | DEBUG    | eval.evaluation.evaluation:metric_call:77 - metric_func_name exact_match score 1.0 msg exact match, response: 2014年, target: 2014年
2026-08-09 11:28:41.919 | DEBUG    | eval.evaluation.evaluation:metric_call:77 - metric_func_name exact_match score 1.0 msg exact match, response: 2014年, target: 2014年
2026-08-09 11:28:41.919 | DEBUG    | eval.evaluation.evaluation:metric_call:77 - metric_func_name exact_match score 1.0 msg exact match, response: 2024年, target: 2024年
2026-08-09 11:28:41.919 | DEBUG    | eval.evaluation.evaluation:metric_call:77 - metric_func_name exact_match score 1.0 msg exact match, response: 2024年, target: 2024年
2026-08-09 11:28:41.919 | DEBUG    | eval.evaluation.evaluation:metric_call:77 - metric_func_name exact_match score 1.0 msg exact match, response: 2024年, target: 2024年
2026-08-09 11:28:41.919 | DEBUG    | eval.evaluation.evaluation:metric_call:77 - metric_func_name exact_match score 1.0 msg exact match, response: 2004年, target: 2004年
2026-08-09 11:28:41.919 | DEBUG    | eval.evaluation.evaluation:metric_call:77 - metric_func_name exact_match score 1.0 msg exact match, response: 2004年, target: 2004年
2026-08-09 11:28:41.919 | DEBUG    | eval.evaluation.evaluation:metric_call:77 - metric_func_name exact_match score 1.0 msg exact match, response: 2014年, target: 2014年
2026-08-09 11:28:41.919 | DEBUG    | eval.evaluation.evaluation:metric_call:77 - metric_func_name exact_match score 1.0 msg exact match, response: 2024年, target: 2024年
2026-08-09 11:28:41.919 | DEBUG    | eval.evaluation.evaluation:metric_call:77 - metric_func_name exact_match score 1.0 msg exact match, response: 2014年, target: 2014年
2026-08-09 11:28:41.919 | DEBUG    | eval.evaluation.evaluation:metric_call:77 - metric_func_name exact_match score 1.0 msg exact match, response: 2014年, target: 2014年
2026-08-09 11:28:41.919 | DEBUG    | eval.evaluation.evaluation:metric_call:77 - metric_func_name exact_match score 1.0 msg exact match, response: 2024年, target: 2024年
2026-08-09 11:28:41.919 | DEBUG    | eval.evaluation.evaluation:metric_call:77 - metric_func_name exact_match score 1.0 msg exact match, response: 2024年, target: 2024年
2026-08-09 11:28:41.919 | DEBUG    | eval.evaluation.evaluation:metric_call:77 - metric_func_name exact_match score 1.0 msg exact match, response: 2024年, target: 2024年
2026-08-09 11:28:41.920 | DEBUG    | eval.evaluation.evaluation:evaluate_single_query:321 - wide2deep_ws_zh_048, col 播出年份, metric_func_name exact_match, score [1.0, 1.0, 1.0, 1.0, 1.0, 1.0, 1.0, 1.0, 1.0, 1.0, 1.0, 1.0, 1.0, 1.0, 1.0, 1.0, 1.0, 1.0, 1.0, 1.0, 1.0, 1.0, 1.0, 1.0, 1.0, 1.0]
2026-08-09 11:28:46.947 | DEBUG    | eval.evaluation.evaluation:evaluate_single_query:321 - wide2deep_ws_zh_048, col 角色名, metric_func_name llm_judge, score [1, 1, 1, 0, 1, 0, 1, 1, 1, 1, 1, 1, 0, 1, 1, 1, 1, 1, 1, 1, 1, 1, 1, 1, 1, 1]
2026-08-09 11:28:50.468 | DEBUG    | eval.evaluation.evaluation:evaluate_single_query:321 - wide2deep_ws_zh_048, col 搭档演员, metric_func_name llm_judge, score [0, 1, 1, 1, 1, 1, 1, 1, 1, 1, 1, 0, 0, 1, 1, 1, 1, 0, 1, 1, 1, 1, 1, 1, 1, 1]
2026-08-09 11:28:55.899 | DEBUG    | eval.evaluation.evaluation:evaluate_single_query:321 - wide2deep_ws_zh_048, col 播放平台, metric_func_name llm_judge, score [0, 1, 0, 1, 1, 1, 1, 0, 1, 0, 1, 1, 1, 1, 1, 1, 1, 1, 1, 1, 1, 1, 1, 1, 1, 1]
2026-08-09 11:28:55.905 | INFO     | eval.evaluation.evaluation:evaluate_single_query:380 - wide2deep_ws_zh_048, P/R/F1 by unique_columns: 0.7647/0.7429/0.7536
2026-08-09 11:28:55.905 | INFO     | eval.evaluation.evaluation:evaluate_single_query:383 - wide2deep_ws_zh_048, P/R/F1 by row: 0.5000/0.4857/0.4928
2026-08-09 11:28:55.905 | INFO     | eval.evaluation.evaluation:evaluate_single_query:386 - wide2deep_ws_zh_048, P/R/F1 by item: 0.7108/0.6905/0.7005
2026-08-09 11:28:55.907 | INFO     | eval.evaluation.evaluation:evaluate_single_query:398 - wide2deep_ws_zh_048, final table score: 0.0
{"event": "eval_done", "idx": 2, "instance_id": "wide2deep_ws_zh_048", "score": 0.0, "entity_acc": 1.0, "f1_by_row": 0.49275362318840576, "f1_by_item": 0.7004830917874397, "column_f1": 0.7536231884057971, "error": null, "elapsed_seconds": 23.356, "running_n": 2}
2026-08-09 11:28:58.524 | DEBUG    | eval.evaluation.data_loader:extract_dataframe:167 - find markdown_str 
| 调整年份 | 调整生效日期 | 调整前的一年期LPR | 调整后的一年期LPR | 调整前的五年期LPR | 调整后的五年 ...
2026-08-09 11:29:01.874 | INFO     | eval.evaluation.metric_utils:primary_key_preprocess:246 - primary_key_preprocess result: ```json
{
  "2020年": "2020",
  "2021年": "2021",
  "2022年": "2022",
  "2023年": "2023",
  "2024年": "2024",
  "2025年": "2025"
}
```
2026-08-09 11:29:01.874 | INFO     | eval.evaluation.evaluation:evaluate_single_query:223 - col: 调整年份, primary_key_map {'2020年': '2020', '2021年': '2021', '2022年': '2022', '2023年': '2023', '2024年': '2024', '2025年': '2025'}
2026-08-09 11:29:07.319 | INFO     | eval.evaluation.metric_utils:primary_key_preprocess:246 - primary_key_preprocess result: ```json
{
  "2020年1月6日": "1月6日",
  "2020年2月3日": "2月3日",
  "2020年2月20日": "2月20日",
  "2020年3月30日": "3月30日",
  "2020年4月20日": "4月20日",
  "2021年7月15日": "7月15日",
  "2021年12月15日": "12月15日",
  "2022年1月17日": "1月17日",
  "2022年1月20日": "1月20日",
  "2022年4月25日": "4月25日",
  "2022年5月20日": "5月20日",
  "2022年8月15日": "8月15日",
  "2022年8月22日": "8月22日",
  "2022年12月5日": "12月5日",
  "2023年3月27日": "3月27日",
  "2023年6月13日": "6月13日",
  "2023年6月20日": "6月20日",
  "2023年8月15日": "8月15日",
  "2023年8月21日": "8月21日",
  "2023年9月15日": "9月15日",
  "2024年2月5日": "2月5日",
  "2024年2月20日": "2月20日",
  "2024年7月22日": "7月22日",
  "2024年9月27日": "9月27日",
  "2024年10月21日": "10月21日",
  "2025年5月8日": "5月8日",
  "2025年5月15日": "5月15日",
  "2025年5月20日": "5月20日"
}
```
2026-08-09 11:29:07.319 | INFO     | eval.evaluation.evaluation:evaluate_single_query:223 - col: 调整生效日期, primary_key_map {'2020年1月6日': '1月6日', '2020年2月3日': '2月3日', '2020年2月20日': '2月20日', '2020年3月30日': '3月30日', '2020年4月20日': '4月20日', '2021年7月15日': '7月15日', '2021年12月15日': '12月15日', '2022年1月17日': '1月17日', '2022年1月20日': '1月20日', '2022年4月25日': '4月25日', '2022年5月20日': '5月20日', '2022年8月15日': '8月15日', '2022年8月22日': '8月22日', '2022年12月5日': '12月5日', '2023年3月27日': '3月27日', '2023年6月13日': '6月13日', '2023年6月20日': '6月20日', '2023年8月15日': '8月15日', '2023年8月21日': '8月21日', '2023年9月15日': '9月15日', '2024年2月5日': '2月5日', '2024年2月20日': '2月20日', '2024年7月22日': '7月22日', '2024年9月27日': '9月27日', '2024年10月21日': '10月21日', '2025年5月8日': '5月8日', '2025年5月15日': '5月15日', '2025年5月20日': '5月20日'}
2026-08-09 11:29:07.327 | INFO     | eval.evaluation.evaluation:evaluate_single_query:275 - wide2deep_ws_zh_068, df_inner shape: (28, 20), answer_df shape: (32, 10), response_df shape: (28, 12)
2026-08-09 11:29:07.328 | DEBUG    | eval.evaluation.evaluation:metric_call:77 - metric_func_name exact_match score 1.0 msg exact match, response: nan, target: nan
2026-08-09 11:29:07.328 | DEBUG    | eval.evaluation.evaluation:metric_call:77 - metric_func_name exact_match score 1.0 msg exact match, response: nan, target: nan
2026-08-09 11:29:07.328 | DEBUG    | eval.evaluation.evaluation:metric_call:77 - metric_func_name exact_match score 1.0 msg exact match, response: 4.15%, target: 4.15%
2026-08-09 11:29:07.328 | DEBUG    | eval.evaluation.evaluation:metric_call:77 - metric_func_name exact_match score 1.0 msg exact match, response: nan, target: nan
2026-08-09 11:29:07.328 | DEBUG    | eval.evaluation.evaluation:metric_call:77 - metric_func_name exact_match score 1.0 msg exact match, response: 4.05%, target: 4.05%
2026-08-09 11:29:07.328 | DEBUG    | eval.evaluation.evaluation:metric_call:77 - metric_func_name exact_match score 1.0 msg exact match, response: nan, target: nan
2026-08-09 11:29:07.328 | DEBUG    | eval.evaluation.evaluation:metric_call:77 - metric_func_name exact_match score 1.0 msg exact match, response: nan, target: nan
2026-08-09 11:29:07.328 | DEBUG    | eval.evaluation.evaluation:metric_call:77 - metric_func_name exact_match score 1.0 msg exact match, response: nan, target: nan
2026-08-09 11:29:07.328 | DEBUG    | eval.evaluation.evaluation:metric_call:77 - metric_func_name exact_match score 0.0 msg exact not match, response: 3.85%, target: 3.80%
2026-08-09 11:29:07.328 | DEBUG    | eval.evaluation.evaluation:metric_call:77 - metric_func_name exact_match score 1.0 msg exact match, response: nan, target: nan
2026-08-09 11:29:07.328 | DEBUG    | eval.evaluation.evaluation:metric_call:77 - metric_func_name exact_match score 0.0 msg exact not match, response: nan, target: 3.70%
2026-08-09 11:29:07.328 | DEBUG    | eval.evaluation.evaluation:metric_call:77 - metric_func_name exact_match score 1.0 msg exact match, response: nan, target: nan
2026-08-09 11:29:07.328 | DEBUG    | eval.evaluation.evaluation:metric_call:77 - metric_func_name exact_match score 1.0 msg exact match, response: 3.70%, target: 3.70%
2026-08-09 11:29:07.328 | DEBUG    | eval.evaluation.evaluation:metric_call:77 - metric_func_name exact_match score 1.0 msg exact match, response: nan, target: nan
2026-08-09 11:29:07.328 | DEBUG    | eval.evaluation.evaluation:metric_call:77 - metric_func_name exact_match score 1.0 msg exact match, response: nan, target: nan
2026-08-09 11:29:07.328 | DEBUG    | eval.evaluation.evaluation:metric_call:77 - metric_func_name exact_match score 1.0 msg exact match, response: nan, target: nan
2026-08-09 11:29:07.328 | DEBUG    | eval.evaluation.evaluation:metric_call:77 - metric_func_name exact_match score 1.0 msg exact match, response: 3.65%, target: 3.65%
2026-08-09 11:29:07.329 | DEBUG    | eval.evaluation.evaluation:metric_call:77 - metric_func_name exact_match score 1.0 msg exact match, response: nan, target: nan
2026-08-09 11:29:07.329 | DEBUG    | eval.evaluation.evaluation:metric_call:77 - metric_func_name exact_match score 1.0 msg exact match, response: 3.55%, target: 3.55%
2026-08-09 11:29:07.329 | DEBUG    | eval.evaluation.evaluation:metric_call:77 - metric_func_name exact_match score 1.0 msg exact match, response: nan, target: nan
2026-08-09 11:29:07.329 | DEBUG    | eval.evaluation.evaluation:metric_call:77 - metric_func_name exact_match score 1.0 msg exact match, response: nan, target: nan
2026-08-09 11:29:07.329 | DEBUG    | eval.evaluation.evaluation:metric_call:77 - metric_func_name exact_match score 0.0 msg exact not match, response: nan, target: 3.45%
2026-08-09 11:29:07.329 | DEBUG    | eval.evaluation.evaluation:metric_call:77 - metric_func_name exact_match score 1.0 msg exact match, response: 3.45%, target: 3.45%
2026-08-09 11:29:07.329 | DEBUG    | eval.evaluation.evaluation:metric_call:77 - metric_func_name exact_match score 1.0 msg exact match, response: nan, target: nan
2026-08-09 11:29:07.329 | DEBUG    | eval.evaluation.evaluation:metric_call:77 - metric_func_name exact_match score 1.0 msg exact match, response: 3.35%, target: 3.35%
2026-08-09 11:29:07.329 | DEBUG    | eval.evaluation.evaluation:metric_call:77 - metric_func_name exact_match score 1.0 msg exact match, response: nan, target: nan
2026-08-09 11:29:07.329 | DEBUG    | eval.evaluation.evaluation:metric_call:77 - metric_func_name exact_match score 1.0 msg exact match, response: nan, target: nan
2026-08-09 11:29:07.329 | DEBUG    | eval.evaluation.evaluation:metric_call:77 - metric_func_name exact_match score 1.0 msg exact match, response: 3.10%, target: 3.10%
2026-08-09 11:29:07.330 | DEBUG    | eval.evaluation.evaluation:evaluate_single_query:321 - wide2deep_ws_zh_068, col 调整前的一年期lpr, metric_func_name exact_match, score [1.0, 1.0, 1.0, 1.0, 1.0, 1.0, 1.0, 1.0, 0.0, 1.0, 0.0, 1.0, 1.0, 1.0, 1.0, 1.0, 1.0, 1.0, 1.0, 1.0, 1.0, 0.0, 1.0, 1.0, 1.0, 1.0, 1.0, 1.0]
2026-08-09 11:29:07.330 | DEBUG    | eval.evaluation.evaluation:metric_call:77 - metric_func_name exact_match score 1.0 msg exact match, response: nan, target: nan
2026-08-09 11:29:07.330 | DEBUG    | eval.evaluation.evaluation:metric_call:77 - metric_func_name exact_match score 1.0 msg exact match, response: nan, target: nan
2026-08-09 11:29:07.330 | DEBUG    | eval.evaluation.evaluation:metric_call:77 - metric_func_name exact_match score 1.0 msg exact match, response: 4.05%, target: 4.05%
2026-08-09 11:29:07.330 | DEBUG    | eval.evaluation.evaluation:metric_call:77 - metric_func_name exact_match score 1.0 msg exact match, response: nan, target: nan
2026-08-09 11:29:07.330 | DEBUG    | eval.evaluation.evaluation:metric_call:77 - metric_func_name exact_match score 1.0 msg exact match, response: 3.85%, target: 3.85%
2026-08-09 11:29:07.330 | DEBUG    | eval.evaluation.evaluation:metric_call:77 - metric_func_name exact_match score 1.0 msg exact match, response: nan, target: nan
2026-08-09 11:29:07.330 | DEBUG    | eval.evaluation.evaluation:metric_call:77 - metric_func_name exact_match score 1.0 msg exact match, response: nan, target: nan
2026-08-09 11:29:07.330 | DEBUG    | eval.evaluation.evaluation:metric_call:77 - metric_func_name exact_match score 1.0 msg exact match, response: nan, target: nan
2026-08-09 11:29:07.330 | DEBUG    | eval.evaluation.evaluation:metric_call:77 - metric_func_name exact_match score 1.0 msg exact match, response: 3.70%, target: 3.70%
2026-08-09 11:29:07.330 | DEBUG    | eval.evaluation.evaluation:metric_call:77 - metric_func_name exact_match score 1.0 msg exact match, response: nan, target: nan
2026-08-09 11:29:07.330 | DEBUG    | eval.evaluation.evaluation:metric_call:77 - metric_func_name exact_match score 0.0 msg exact not match, response: nan, target: 3.70%
2026-08-09 11:29:07.330 | DEBUG    | eval.evaluation.evaluation:metric_call:77 - metric_func_name exact_match score 1.0 msg exact match, response: nan, target: nan
2026-08-09 11:29:07.330 | DEBUG    | eval.evaluation.evaluation:metric_call:77 - metric_func_name exact_match score 1.0 msg exact match, response: 3.65%, target: 3.65%
2026-08-09 11:29:07.330 | DEBUG    | eval.evaluation.evaluation:metric_call:77 - metric_func_name exact_match score 1.0 msg exact match, response: nan, target: nan
2026-08-09 11:29:07.331 | DEBUG    | eval.evaluation.evaluation:metric_call:77 - metric_func_name exact_match score 1.0 msg exact match, response: nan, target: nan
2026-08-09 11:29:07.331 | DEBUG    | eval.evaluation.evaluation:metric_call:77 - metric_func_name exact_match score 1.0 msg exact match, response: nan, target: nan
2026-08-09 11:29:07.331 | DEBUG    | eval.evaluation.evaluation:metric_call:77 - metric_func_name exact_match score 1.0 msg exact match, response: 3.55%, target: 3.55%
2026-08-09 11:29:07.331 | DEBUG    | eval.evaluation.evaluation:metric_call:77 - metric_func_name exact_match score 1.0 msg exact match, response: nan, target: nan
2026-08-09 11:29:07.331 | DEBUG    | eval.evaluation.evaluation:metric_call:77 - metric_func_name exact_match score 1.0 msg exact match, response: 3.45%, target: 3.45%
2026-08-09 11:29:07.331 | DEBUG    | eval.evaluation.evaluation:metric_call:77 - metric_func_name exact_match score 1.0 msg exact match, response: nan, target: nan
2026-08-09 11:29:07.331 | DEBUG    | eval.evaluation.evaluation:metric_call:77 - metric_func_name exact_match score 1.0 msg exact match, response: nan, target: nan
2026-08-09 11:29:07.331 | DEBUG    | eval.evaluation.evaluation:metric_call:77 - metric_func_name exact_match score 0.0 msg exact not match, response: nan, target: 3.45%
2026-08-09 11:29:07.331 | DEBUG    | eval.evaluation.evaluation:metric_call:77 - metric_func_name exact_match score 1.0 msg exact match, response: 3.35%, target: 3.35%
2026-08-09 11:29:07.331 | DEBUG    | eval.evaluation.evaluation:metric_call:77 - metric_func_name exact_match score 1.0 msg exact match, response: nan, target: nan
2026-08-09 11:29:07.331 | DEBUG    | eval.evaluation.evaluation:metric_call:77 - metric_func_name exact_match score 1.0 msg exact match, response: 3.10%, target: 3.10%
2026-08-09 11:29:07.331 | DEBUG    | eval.evaluation.evaluation:metric_call:77 - metric_func_name exact_match score 1.0 msg exact match, response: nan, target: nan
2026-08-09 11:29:07.331 | DEBUG    | eval.evaluation.evaluation:metric_call:77 - metric_func_name exact_match score 1.0 msg exact match, response: nan, target: nan
2026-08-09 11:29:07.331 | DEBUG    | eval.evaluation.evaluation:metric_call:77 - metric_func_name exact_match score 1.0 msg exact match, response: 3.00%, target: 3.00%
2026-08-09 11:29:07.332 | DEBUG    | eval.evaluation.evaluation:evaluate_single_query:321 - wide2deep_ws_zh_068, col 调整后的一年期lpr, metric_func_name exact_match, score [1.0, 1.0, 1.0, 1.0, 1.0, 1.0, 1.0, 1.0, 1.0, 1.0, 0.0, 1.0, 1.0, 1.0, 1.0, 1.0, 1.0, 1.0, 1.0, 1.0, 1.0, 0.0, 1.0, 1.0, 1.0, 1.0, 1.0, 1.0]
2026-08-09 11:29:07.332 | DEBUG    | eval.evaluation.evaluation:metric_call:77 - metric_func_name exact_match score 1.0 msg exact match, response: nan, target: nan
2026-08-09 11:29:07.332 | DEBUG    | eval.evaluation.evaluation:metric_call:77 - metric_func_name exact_match score 1.0 msg exact match, response: nan, target: nan
2026-08-09 11:29:07.332 | DEBUG    | eval.evaluation.evaluation:metric_call:77 - metric_func_name exact_match score 1.0 msg exact match, response: 4.80%, target: 4.80%
2026-08-09 11:29:07.332 | DEBUG    | eval.evaluation.evaluation:metric_call:77 - metric_func_name exact_match score 1.0 msg exact match, response: nan, target: nan
2026-08-09 11:29:07.332 | DEBUG    | eval.evaluation.evaluation:metric_call:77 - metric_func_name exact_match score 1.0 msg exact match, response: 4.75%, target: 4.75%
2026-08-09 11:29:07.332 | DEBUG    | eval.evaluation.evaluation:metric_call:77 - metric_func_name exact_match score 1.0 msg exact match, response: nan, target: nan
2026-08-09 11:29:07.332 | DEBUG    | eval.evaluation.evaluation:metric_call:77 - metric_func_name exact_match score 1.0 msg exact match, response: nan, target: nan
2026-08-09 11:29:07.332 | DEBUG    | eval.evaluation.evaluation:metric_call:77 - metric_func_name exact_match score 1.0 msg exact match, response: nan, target: nan
2026-08-09 11:29:07.332 | DEBUG    | eval.evaluation.evaluation:metric_call:77 - metric_func_name exact_match score 1.0 msg exact match, response: 4.65%, target: 4.65%
2026-08-09 11:29:07.332 | DEBUG    | eval.evaluation.evaluation:metric_call:77 - metric_func_name exact_match score 1.0 msg exact match, response: nan, target: nan
2026-08-09 11:29:07.332 | DEBUG    | eval.evaluation.evaluation:metric_call:77 - metric_func_name exact_match score 1.0 msg exact match, response: 4.60%, target: 4.60%
2026-08-09 11:29:07.333 | DEBUG    | eval.evaluation.evaluation:metric_call:77 - metric_func_name exact_match score 1.0 msg exact match, response: nan, target: nan
2026-08-09 11:29:07.333 | DEBUG    | eval.evaluation.evaluation:metric_call:77 - metric_func_name exact_match score 1.0 msg exact match, response: 4.45%, target: 4.45%
2026-08-09 11:29:07.333 | DEBUG    | eval.evaluation.evaluation:metric_call:77 - metric_func_name exact_match score 1.0 msg exact match, response: nan, target: nan
2026-08-09 11:29:07.333 | DEBUG    | eval.evaluation.evaluation:metric_call:77 - metric_func_name exact_match score 1.0 msg exact match, response: nan, target: nan
2026-08-09 11:29:07.333 | DEBUG    | eval.evaluation.evaluation:metric_call:77 - metric_func_name exact_match score 1.0 msg exact match, response: nan, target: nan
2026-08-09 11:29:07.333 | DEBUG    | eval.evaluation.evaluation:metric_call:77 - metric_func_name exact_match score 1.0 msg exact match, response: 4.30%, target: 4.30%
2026-08-09 11:29:07.333 | DEBUG    | eval.evaluation.evaluation:metric_call:77 - metric_func_name exact_match score 1.0 msg exact match, response: nan, target: nan
2026-08-09 11:29:07.333 | DEBUG    | eval.evaluation.evaluation:metric_call:77 - metric_func_name exact_match score 0.0 msg exact not match, response: nan, target: 4.20%
2026-08-09 11:29:07.333 | DEBUG    | eval.evaluation.evaluation:metric_call:77 - metric_func_name exact_match score 1.0 msg exact match, response: nan, target: nan
2026-08-09 11:29:07.333 | DEBUG    | eval.evaluation.evaluation:metric_call:77 - metric_func_name exact_match score 1.0 msg exact match, response: nan, target: nan
2026-08-09 11:29:07.333 | DEBUG    | eval.evaluation.evaluation:metric_call:77 - metric_func_name exact_match score 1.0 msg exact match, response: 4.20%, target: 4.20%
2026-08-09 11:29:07.333 | DEBUG    | eval.evaluation.evaluation:metric_call:77 - metric_func_name exact_match score 1.0 msg exact match, response: 3.95%, target: 3.95%
2026-08-09 11:29:07.333 | DEBUG    | eval.evaluation.evaluation:metric_call:77 - metric_func_name exact_match score 1.0 msg exact match, response: nan, target: nan
2026-08-09 11:29:07.333 | DEBUG    | eval.evaluation.evaluation:metric_call:77 - metric_func_name exact_match score 1.0 msg exact match, response: 3.85%, target: 3.85%
2026-08-09 11:29:07.333 | DEBUG    | eval.evaluation.evaluation:metric_call:77 - metric_func_name exact_match score 1.0 msg exact match, response: nan, target: nan
2026-08-09 11:29:07.333 | DEBUG    | eval.evaluation.evaluation:metric_call:77 - metric_func_name exact_match score 1.0 msg exact match, response: nan, target: nan
2026-08-09 11:29:07.333 | DEBUG    | eval.evaluation.evaluation:metric_call:77 - metric_func_name exact_match score 1.0 msg exact match, response: 3.60%, target: 3.60%
2026-08-09 11:29:07.334 | DEBUG    | eval.evaluation.evaluation:evaluate_single_query:321 - wide2deep_ws_zh_068, col 调整前的五年期lpr, metric_func_name exact_match, score [1.0, 1.0, 1.0, 1.0, 1.0, 1.0, 1.0, 1.0, 1.0, 1.0, 1.0, 1.0, 1.0, 1.0, 1.0, 1.0, 1.0, 1.0, 0.0, 1.0, 1.0, 1.0, 1.0, 1.0, 1.0, 1.0, 1.0, 1.0]
2026-08-09 11:29:07.334 | DEBUG    | eval.evaluation.evaluation:metric_call:77 - metric_func_name exact_match score 1.0 msg exact match, response: nan, target: nan
2026-08-09 11:29:07.334 | DEBUG    | eval.evaluation.evaluation:metric_call:77 - metric_func_name exact_match score 1.0 msg exact match, response: nan, target: nan
2026-08-09 11:29:07.334 | DEBUG    | eval.evaluation.evaluation:metric_call:77 - metric_func_name exact_match score 1.0 msg exact match, response: 4.75%, target: 4.75%
2026-08-09 11:29:07.334 | DEBUG    | eval.evaluation.evaluation:metric_call:77 - metric_func_name exact_match score 1.0 msg exact match, response: nan, target: nan
2026-08-09 11:29:07.334 | DEBUG    | eval.evaluation.evaluation:metric_call:77 - metric_func_name exact_match score 1.0 msg exact match, response: 4.65%, target: 4.65%
2026-08-09 11:29:07.334 | DEBUG    | eval.evaluation.evaluation:metric_call:77 - metric_func_name exact_match score 1.0 msg exact match, response: nan, target: nan
2026-08-09 11:29:07.334 | DEBUG    | eval.evaluation.evaluation:metric_call:77 - metric_func_name exact_match score 1.0 msg exact match, response: nan, target: nan
2026-08-09 11:29:07.334 | DEBUG    | eval.evaluation.evaluation:metric_call:77 - metric_func_name exact_match score 1.0 msg exact match, response: nan, target: nan
2026-08-09 11:29:07.335 | DEBUG    | eval.evaluation.evaluation:metric_call:77 - metric_func_name exact_match score 1.0 msg exact match, response: 4.60%, target: 4.60%
2026-08-09 11:29:07.335 | DEBUG    | eval.evaluation.evaluation:metric_call:77 - metric_func_name exact_match score 1.0 msg exact match, response: nan, target: nan
2026-08-09 11:29:07.335 | DEBUG    | eval.evaluation.evaluation:metric_call:77 - metric_func_name exact_match score 1.0 msg exact match, response: 4.45%, target: 4.45%
2026-08-09 11:29:07.335 | DEBUG    | eval.evaluation.evaluation:metric_call:77 - metric_func_name exact_match score 1.0 msg exact match, response: nan, target: nan
2026-08-09 11:29:07.335 | DEBUG    | eval.evaluation.evaluation:metric_call:77 - metric_func_name exact_match score 1.0 msg exact match, response: 4.30%, target: 4.30%
2026-08-09 11:29:07.335 | DEBUG    | eval.evaluation.evaluation:metric_call:77 - metric_func_name exact_match score 1.0 msg exact match, response: nan, target: nan
2026-08-09 11:29:07.335 | DEBUG    | eval.evaluation.evaluation:metric_call:77 - metric_func_name exact_match score 1.0 msg exact match, response: nan, target: nan
2026-08-09 11:29:07.335 | DEBUG    | eval.evaluation.evaluation:metric_call:77 - metric_func_name exact_match score 1.0 msg exact match, response: nan, target: nan
2026-08-09 11:29:07.335 | DEBUG    | eval.evaluation.evaluation:metric_call:77 - metric_func_name exact_match score 1.0 msg exact match, response: 4.20%, target: 4.20%
2026-08-09 11:29:07.335 | DEBUG    | eval.evaluation.evaluation:metric_call:77 - metric_func_name exact_match score 1.0 msg exact match, response: nan, target: nan
2026-08-09 11:29:07.335 | DEBUG    | eval.evaluation.evaluation:metric_call:77 - metric_func_name exact_match score 0.0 msg exact not match, response: nan, target: 4.20%
2026-08-09 11:29:07.335 | DEBUG    | eval.evaluation.evaluation:metric_call:77 - metric_func_name exact_match score 1.0 msg exact match, response: nan, target: nan
2026-08-09 11:29:07.335 | DEBUG    | eval.evaluation.evaluation:metric_call:77 - metric_func_name exact_match score 1.0 msg exact match, response: nan, target: nan
2026-08-09 11:29:07.335 | DEBUG    | eval.evaluation.evaluation:metric_call:77 - metric_func_name exact_match score 1.0 msg exact match, response: 3.95%, target: 3.95%
2026-08-09 11:29:07.335 | DEBUG    | eval.evaluation.evaluation:metric_call:77 - metric_func_name exact_match score 1.0 msg exact match, response: 3.85%, target: 3.85%
2026-08-09 11:29:07.335 | DEBUG    | eval.evaluation.evaluation:metric_call:77 - metric_func_name exact_match score 1.0 msg exact match, response: nan, target: nan
2026-08-09 11:29:07.335 | DEBUG    | eval.evaluation.evaluation:metric_call:77 - metric_func_name exact_match score 1.0 msg exact match, response: 3.60%, target: 3.60%
2026-08-09 11:29:07.335 | DEBUG    | eval.evaluation.evaluation:metric_call:77 - metric_func_name exact_match score 1.0 msg exact match, response: nan, target: nan
2026-08-09 11:29:07.335 | DEBUG    | eval.evaluation.evaluation:metric_call:77 - metric_func_name exact_match score 1.0 msg exact match, response: nan, target: nan
2026-08-09 11:29:07.335 | DEBUG    | eval.evaluation.evaluation:metric_call:77 - metric_func_name exact_match score 1.0 msg exact match, response: 3.50%, target: 3.50%
2026-08-09 11:29:07.336 | DEBUG    | eval.evaluation.evaluation:evaluate_single_query:321 - wide2deep_ws_zh_068, col 调整后的五年期lpr, metric_func_name exact_match, score [1.0, 1.0, 1.0, 1.0, 1.0, 1.0, 1.0, 1.0, 1.0, 1.0, 1.0, 1.0, 1.0, 1.0, 1.0, 1.0, 1.0, 1.0, 0.0, 1.0, 1.0, 1.0, 1.0, 1.0, 1.0, 1.0, 1.0, 1.0]
2026-08-09 11:29:07.336 | DEBUG    | eval.evaluation.evaluation:metric_call:77 - metric_func_name exact_match score 1.0 msg exact match, response: nan, target: nan
2026-08-09 11:29:07.336 | DEBUG    | eval.evaluation.evaluation:metric_call:77 - metric_func_name exact_match score 1.0 msg exact match, response: 2.50%, target: 2.50%
2026-08-09 11:29:07.336 | DEBUG    | eval.evaluation.evaluation:metric_call:77 - metric_func_name exact_match score 1.0 msg exact match, response: nan, target: nan
2026-08-09 11:29:07.336 | DEBUG    | eval.evaluation.evaluation:metric_call:77 - metric_func_name exact_match score 1.0 msg exact match, response: 2.40%, target: 2.40%
2026-08-09 11:29:07.336 | DEBUG    | eval.evaluation.evaluation:metric_call:77 - metric_func_name exact_match score 1.0 msg exact match, response: nan, target: nan
2026-08-09 11:29:07.337 | DEBUG    | eval.evaluation.evaluation:metric_call:77 - metric_func_name exact_match score 1.0 msg exact match, response: nan, target: nan
2026-08-09 11:29:07.337 | DEBUG    | eval.evaluation.evaluation:metric_call:77 - metric_func_name exact_match score 1.0 msg exact match, response: nan, target: nan
2026-08-09 11:29:07.337 | DEBUG    | eval.evaluation.evaluation:metric_call:77 - metric_func_name exact_match score 1.0 msg exact match, response: 2.20%, target: 2.20%
2026-08-09 11:29:07.337 | DEBUG    | eval.evaluation.evaluation:metric_call:77 - metric_func_name exact_match score 1.0 msg exact match, response: nan, target: nan
2026-08-09 11:29:07.337 | DEBUG    | eval.evaluation.evaluation:metric_call:77 - metric_func_name exact_match score 1.0 msg exact match, response: nan, target: nan
2026-08-09 11:29:07.337 | DEBUG    | eval.evaluation.evaluation:metric_call:77 - metric_func_name exact_match score 1.0 msg exact match, response: nan, target: nan
2026-08-09 11:29:07.337 | DEBUG    | eval.evaluation.evaluation:metric_call:77 - metric_func_name exact_match score 1.0 msg exact match, response: 2.10%, target: 2.10%
2026-08-09 11:29:07.337 | DEBUG    | eval.evaluation.evaluation:metric_call:77 - metric_func_name exact_match score 1.0 msg exact match, response: nan, target: nan
2026-08-09 11:29:07.337 | DEBUG    | eval.evaluation.evaluation:metric_call:77 - metric_func_name exact_match score 1.0 msg exact match, response: nan, target: nan
2026-08-09 11:29:07.337 | DEBUG    | eval.evaluation.evaluation:metric_call:77 - metric_func_name exact_match score 1.0 msg exact match, response: nan, target: nan
2026-08-09 11:29:07.337 | DEBUG    | eval.evaluation.evaluation:metric_call:77 - metric_func_name exact_match score 1.0 msg exact match, response: 2.00%, target: 2.00%
2026-08-09 11:29:07.337 | DEBUG    | eval.evaluation.evaluation:metric_call:77 - metric_func_name exact_match score 1.0 msg exact match, response: nan, target: nan
2026-08-09 11:29:07.337 | DEBUG    | eval.evaluation.evaluation:metric_call:77 - metric_func_name exact_match score 1.0 msg exact match, response: 1.90%, target: 1.90%
2026-08-09 11:29:07.337 | DEBUG    | eval.evaluation.evaluation:metric_call:77 - metric_func_name exact_match score 1.0 msg exact match, response: nan, target: nan
2026-08-09 11:29:07.337 | DEBUG    | eval.evaluation.evaluation:metric_call:77 - metric_func_name exact_match score 1.0 msg exact match, response: nan, target: nan
2026-08-09 11:29:07.337 | DEBUG    | eval.evaluation.evaluation:metric_call:77 - metric_func_name exact_match score 1.0 msg exact match, response: nan, target: nan
2026-08-09 11:29:07.337 | DEBUG    | eval.evaluation.evaluation:metric_call:77 - metric_func_name exact_match score 1.0 msg exact match, response: nan, target: nan
2026-08-09 11:29:07.337 | DEBUG    | eval.evaluation.evaluation:metric_call:77 - metric_func_name exact_match score 1.0 msg exact match, response: 1.80%, target: 1.80%
2026-08-09 11:29:07.337 | DEBUG    | eval.evaluation.evaluation:metric_call:77 - metric_func_name exact_match score 0.0 msg exact not match, response: 1.70%, target: nan
2026-08-09 11:29:07.337 | DEBUG    | eval.evaluation.evaluation:metric_call:77 - metric_func_name exact_match score 1.0 msg exact match, response: nan, target: nan
2026-08-09 11:29:07.337 | DEBUG    | eval.evaluation.evaluation:metric_call:77 - metric_func_name exact_match score 1.0 msg exact match, response: 1.50%, target: 1.50%
2026-08-09 11:29:07.338 | DEBUG    | eval.evaluation.evaluation:metric_call:77 - metric_func_name exact_match score 1.0 msg exact match, response: nan, target: nan
2026-08-09 11:29:07.338 | DEBUG    | eval.evaluation.evaluation:metric_call:77 - metric_func_name exact_match score 1.0 msg exact match, response: nan, target: nan
2026-08-09 11:29:07.338 | DEBUG    | eval.evaluation.evaluation:evaluate_single_query:321 - wide2deep_ws_zh_068, col 调整前的7天逆回购操作利率, metric_func_name exact_match, score [1.0, 1.0, 1.0, 1.0, 1.0, 1.0, 1.0, 1.0, 1.0, 1.0, 1.0, 1.0, 1.0, 1.0, 1.0, 1.0, 1.0, 1.0, 1.0, 1.0, 1.0, 1.0, 1.0, 0.0, 1.0, 1.0, 1.0, 1.0]
2026-08-09 11:29:07.338 | DEBUG    | eval.evaluation.evaluation:metric_call:77 - metric_func_name exact_match score 1.0 msg exact match, response: nan, target: nan
2026-08-09 11:29:07.339 | DEBUG    | eval.evaluation.evaluation:metric_call:77 - metric_func_name exact_match score 1.0 msg exact match, response: 2.40%, target: 2.40%
2026-08-09 11:29:07.339 | DEBUG    | eval.evaluation.evaluation:metric_call:77 - metric_func_name exact_match score 1.0 msg exact match, response: nan, target: nan
2026-08-09 11:29:07.339 | DEBUG    | eval.evaluation.evaluation:metric_call:77 - metric_func_name exact_match score 1.0 msg exact match, response: 2.20%, target: 2.20%
2026-08-09 11:29:07.339 | DEBUG    | eval.evaluation.evaluation:metric_call:77 - metric_func_name exact_match score 1.0 msg exact match, response: nan, target: nan
2026-08-09 11:29:07.339 | DEBUG    | eval.evaluation.evaluation:metric_call:77 - metric_func_name exact_match score 1.0 msg exact match, response: nan, target: nan
2026-08-09 11:29:07.339 | DEBUG    | eval.evaluation.evaluation:metric_call:77 - metric_func_name exact_match score 1.0 msg exact match, response: nan, target: nan
2026-08-09 11:29:07.339 | DEBUG    | eval.evaluation.evaluation:metric_call:77 - metric_func_name exact_match score 1.0 msg exact match, response: 2.10%, target: 2.10%
2026-08-09 11:29:07.339 | DEBUG    | eval.evaluation.evaluation:metric_call:77 - metric_func_name exact_match score 1.0 msg exact match, response: nan, target: nan
2026-08-09 11:29:07.339 | DEBUG    | eval.evaluation.evaluation:metric_call:77 - metric_func_name exact_match score 1.0 msg exact match, response: nan, target: nan
2026-08-09 11:29:07.339 | DEBUG    | eval.evaluation.evaluation:metric_call:77 - metric_func_name exact_match score 1.0 msg exact match, response: nan, target: nan
2026-08-09 11:29:07.339 | DEBUG    | eval.evaluation.evaluation:metric_call:77 - metric_func_name exact_match score 1.0 msg exact match, response: 2.00%, target: 2.00%
2026-08-09 11:29:07.339 | DEBUG    | eval.evaluation.evaluation:metric_call:77 - metric_func_name exact_match score 1.0 msg exact match, response: nan, target: nan
2026-08-09 11:29:07.339 | DEBUG    | eval.evaluation.evaluation:metric_call:77 - metric_func_name exact_match score 1.0 msg exact match, response: nan, target: nan
2026-08-09 11:29:07.339 | DEBUG    | eval.evaluation.evaluation:metric_call:77 - metric_func_name exact_match score 1.0 msg exact match, response: nan, target: nan
2026-08-09 11:29:07.339 | DEBUG    | eval.evaluation.evaluation:metric_call:77 - metric_func_name exact_match score 1.0 msg exact match, response: 1.90%, target: 1.90%
2026-08-09 11:29:07.339 | DEBUG    | eval.evaluation.evaluation:metric_call:77 - metric_func_name exact_match score 1.0 msg exact match, response: nan, target: nan
2026-08-09 11:29:07.339 | DEBUG    | eval.evaluation.evaluation:metric_call:77 - metric_func_name exact_match score 1.0 msg exact match, response: 1.80%, target: 1.80%
2026-08-09 11:29:07.339 | DEBUG    | eval.evaluation.evaluation:metric_call:77 - metric_func_name exact_match score 1.0 msg exact match, response: nan, target: nan
2026-08-09 11:29:07.339 | DEBUG    | eval.evaluation.evaluation:metric_call:77 - metric_func_name exact_match score 1.0 msg exact match, response: nan, target: nan
2026-08-09 11:29:07.339 | DEBUG    | eval.evaluation.evaluation:metric_call:77 - metric_func_name exact_match score 1.0 msg exact match, response: nan, target: nan
2026-08-09 11:29:07.339 | DEBUG    | eval.evaluation.evaluation:metric_call:77 - metric_func_name exact_match score 1.0 msg exact match, response: nan, target: nan
2026-08-09 11:29:07.340 | DEBUG    | eval.evaluation.evaluation:metric_call:77 - metric_func_name exact_match score 1.0 msg exact match, response: 1.70%, target: 1.70%
2026-08-09 11:29:07.340 | DEBUG    | eval.evaluation.evaluation:metric_call:77 - metric_func_name exact_match score 0.0 msg exact not match, response: 1.50%, target: nan
2026-08-09 11:29:07.340 | DEBUG    | eval.evaluation.evaluation:metric_call:77 - metric_func_name exact_match score 1.0 msg exact match, response: nan, target: nan
2026-08-09 11:29:07.340 | DEBUG    | eval.evaluation.evaluation:metric_call:77 - metric_func_name exact_match score 1.0 msg exact match, response: 1.40%, target: 1.40%
2026-08-09 11:29:07.340 | DEBUG    | eval.evaluation.evaluation:metric_call:77 - metric_func_name exact_match score 1.0 msg exact match, response: nan, target: nan
2026-08-09 11:29:07.340 | DEBUG    | eval.evaluation.evaluation:metric_call:77 - metric_func_name exact_match score 1.0 msg exact match, response: nan, target: nan
2026-08-09 11:29:07.340 | DEBUG    | eval.evaluation.evaluation:evaluate_single_query:321 - wide2deep_ws_zh_068, col 调整后的7天逆回购操作利率, metric_func_name exact_match, score [1.0, 1.0, 1.0, 1.0, 1.0, 1.0, 1.0, 1.0, 1.0, 1.0, 1.0, 1.0, 1.0, 1.0, 1.0, 1.0, 1.0, 1.0, 1.0, 1.0, 1.0, 1.0, 1.0, 0.0, 1.0, 1.0, 1.0, 1.0]
2026-08-09 11:29:07.341 | DEBUG    | eval.evaluation.evaluation:metric_call:77 - metric_func_name exact_match score 0.0 msg exact not match, response: 9.9%, target: 大型金融机构：13.00%
中小型金融机构：11.00%
2026-08-09 11:29:07.341 | DEBUG    | eval.evaluation.evaluation:metric_call:77 - metric_func_name exact_match score 1.0 msg exact match, response: nan, target: nan
2026-08-09 11:29:07.341 | DEBUG    | eval.evaluation.evaluation:metric_call:77 - metric_func_name exact_match score 1.0 msg exact match, response: nan, target: nan
2026-08-09 11:29:07.341 | DEBUG    | eval.evaluation.evaluation:metric_call:77 - metric_func_name exact_match score 1.0 msg exact match, response: nan, target: nan
2026-08-09 11:29:07.341 | DEBUG    | eval.evaluation.evaluation:metric_call:77 - metric_func_name exact_match score 1.0 msg exact match, response: nan, target: nan
2026-08-09 11:29:07.341 | DEBUG    | eval.evaluation.evaluation:metric_call:77 - metric_func_name exact_match score 0.0 msg exact not match, response: 9.4%, target: 大型金融机构：12.50%
中小型金融机构：9.50%
2026-08-09 11:29:07.341 | DEBUG    | eval.evaluation.evaluation:metric_call:77 - metric_func_name exact_match score 0.0 msg exact not match, response: 8.9%, target: 大型金融机构：12.00%
中小型金融机构：9.00%
2026-08-09 11:29:07.341 | DEBUG    | eval.evaluation.evaluation:metric_call:77 - metric_func_name exact_match score 1.0 msg exact match, response: nan, target: nan
2026-08-09 11:29:07.341 | DEBUG    | eval.evaluation.evaluation:metric_call:77 - metric_func_name exact_match score 1.0 msg exact match, response: nan, target: nan
2026-08-09 11:29:07.341 | DEBUG    | eval.evaluation.evaluation:metric_call:77 - metric_func_name exact_match score 0.0 msg exact not match, response: 8.4%, target: 大型金融机构：11.50%
中小型金融机构：8.50%
2026-08-09 11:29:07.341 | DEBUG    | eval.evaluation.evaluation:metric_call:77 - metric_func_name exact_match score 1.0 msg exact match, response: nan, target: nan
2026-08-09 11:29:07.341 | DEBUG    | eval.evaluation.evaluation:metric_call:77 - metric_func_name exact_match score 1.0 msg exact match, response: nan, target: nan
2026-08-09 11:29:07.341 | DEBUG    | eval.evaluation.evaluation:metric_call:77 - metric_func_name exact_match score 1.0 msg exact match, response: nan, target: nan
2026-08-09 11:29:07.341 | DEBUG    | eval.evaluation.evaluation:metric_call:77 - metric_func_name exact_match score 0.0 msg exact not match, response: 8.1%, target: 大型金融机构：11.25%
中小型金融机构：8.25%
2026-08-09 11:29:07.341 | DEBUG    | eval.evaluation.evaluation:metric_call:77 - metric_func_name exact_match score 0.0 msg exact not match, response: 7.8%, target: 大型金融机构：11.00%
中小型金融机构：8.00%
2026-08-09 11:29:07.341 | DEBUG    | eval.evaluation.evaluation:metric_call:77 - metric_func_name exact_match score 1.0 msg exact match, response: nan, target: nan
2026-08-09 11:29:07.341 | DEBUG    | eval.evaluation.evaluation:metric_call:77 - metric_func_name exact_match score 1.0 msg exact match, response: nan, target: nan
2026-08-09 11:29:07.341 | DEBUG    | eval.evaluation.evaluation:metric_call:77 - metric_func_name exact_match score 1.0 msg exact match, response: nan, target: nan
2026-08-09 11:29:07.342 | DEBUG    | eval.evaluation.evaluation:metric_call:77 - metric_func_name exact_match score 1.0 msg exact match, response: nan, target: nan
2026-08-09 11:29:07.342 | DEBUG    | eval.evaluation.evaluation:metric_call:77 - metric_func_name exact_match score 0.0 msg exact not match, response: 7.6%, target: 大型金融机构：10.75%
中小型金融机构：7.75%
2026-08-09 11:29:07.342 | DEBUG    | eval.evaluation.evaluation:metric_call:77 - metric_func_name exact_match score 0.0 msg exact not match, response: 7.4%, target: 大型金融机构：10.50%
中小型金融机构：7.50%
2026-08-09 11:29:07.342 | DEBUG    | eval.evaluation.evaluation:metric_call:77 - metric_func_name exact_match score 1.0 msg exact match, response: nan, target: nan
2026-08-09 11:29:07.342 | DEBUG    | eval.evaluation.evaluation:metric_call:77 - metric_func_name exact_match score 1.0 msg exact match, response: nan, target: nan
2026-08-09 11:29:07.342 | DEBUG    | eval.evaluation.evaluation:metric_call:77 - metric_func_name exact_match score 0.0 msg exact not match, response: 7.0%, target: 大型金融机构：10.00%
中小型金融机构：7.00%
2026-08-09 11:29:07.342 | DEBUG    | eval.evaluation.evaluation:metric_call:77 - metric_func_name exact_match score 1.0 msg exact match, response: nan, target: nan
2026-08-09 11:29:07.342 | DEBUG    | eval.evaluation.evaluation:metric_call:77 - metric_func_name exact_match score 1.0 msg exact match, response: nan, target: nan
2026-08-09 11:29:07.342 | DEBUG    | eval.evaluation.evaluation:metric_call:77 - metric_func_name exact_match score 0.0 msg exact not match, response: 6.6%, target: 大型金融机构：9.50%
中小型金融机构：6.50%
2026-08-09 11:29:07.342 | DEBUG    | eval.evaluation.evaluation:metric_call:77 - metric_func_name exact_match score 1.0 msg exact match, response: nan, target: nan
2026-08-09 11:29:07.343 | DEBUG    | eval.evaluation.evaluation:evaluate_single_query:321 - wide2deep_ws_zh_068, col 调整前的金融机构存款准备金率, metric_func_name exact_match, score [0.0, 1.0, 1.0, 1.0, 1.0, 0.0, 0.0, 1.0, 1.0, 0.0, 1.0, 1.0, 1.0, 0.0, 0.0, 1.0, 1.0, 1.0, 1.0, 0.0, 0.0, 1.0, 1.0, 0.0, 1.0, 1.0, 0.0, 1.0]
2026-08-09 11:29:07.343 | DEBUG    | eval.evaluation.evaluation:metric_call:77 - metric_func_name exact_match score 0.0 msg exact not match, response: 9.4%, target: 大型金融机构：12.50%
中小型金融机构：10.50%
2026-08-09 11:29:07.343 | DEBUG    | eval.evaluation.evaluation:metric_call:77 - metric_func_name exact_match score 1.0 msg exact match, response: nan, target: nan
2026-08-09 11:29:07.343 | DEBUG    | eval.evaluation.evaluation:metric_call:77 - metric_func_name exact_match score 1.0 msg exact match, response: nan, target: nan
2026-08-09 11:29:07.343 | DEBUG    | eval.evaluation.evaluation:metric_call:77 - metric_func_name exact_match score 1.0 msg exact match, response: nan, target: nan
2026-08-09 11:29:07.343 | DEBUG    | eval.evaluation.evaluation:metric_call:77 - metric_func_name exact_match score 1.0 msg exact match, response: nan, target: nan
2026-08-09 11:29:07.343 | DEBUG    | eval.evaluation.evaluation:metric_call:77 - metric_func_name exact_match score 0.0 msg exact not match, response: 8.9%, target: 大型金融机构：12.00%
中小型金融机构：9.00%
2026-08-09 11:29:07.343 | DEBUG    | eval.evaluation.evaluation:metric_call:77 - metric_func_name exact_match score 0.0 msg exact not match, response: 8.4%, target: 大型金融机构：11.50%
中小型金融机构：8.50%
2026-08-09 11:29:07.343 | DEBUG    | eval.evaluation.evaluation:metric_call:77 - metric_func_name exact_match score 1.0 msg exact match, response: nan, target: nan
2026-08-09 11:29:07.343 | DEBUG    | eval.evaluation.evaluation:metric_call:77 - metric_func_name exact_match score 1.0 msg exact match, response: nan, target: nan
2026-08-09 11:29:07.343 | DEBUG    | eval.evaluation.evaluation:metric_call:77 - metric_func_name exact_match score 0.0 msg exact not match, response: 8.1%, target: 大型金融机构：11.25%
中小型金融机构：8.25%
2026-08-09 11:29:07.343 | DEBUG    | eval.evaluation.evaluation:metric_call:77 - metric_func_name exact_match score 1.0 msg exact match, response: nan, target: nan
2026-08-09 11:29:07.343 | DEBUG    | eval.evaluation.evaluation:metric_call:77 - metric_func_name exact_match score 1.0 msg exact match, response: nan, target: nan
2026-08-09 11:29:07.343 | DEBUG    | eval.evaluation.evaluation:metric_call:77 - metric_func_name exact_match score 1.0 msg exact match, response: nan, target: nan
2026-08-09 11:29:07.343 | DEBUG    | eval.evaluation.evaluation:metric_call:77 - metric_func_name exact_match score 0.0 msg exact not match, response: 7.8%, target: 大型金融机构：11.00%
中小型金融机构：8.00%
2026-08-09 11:29:07.343 | DEBUG    | eval.evaluation.evaluation:metric_call:77 - metric_func_name exact_match score 0.0 msg exact not match, response: 7.6%, target: 大型金融机构：10.75%
中小型金融机构：7.75%
2026-08-09 11:29:07.344 | DEBUG    | eval.evaluation.evaluation:metric_call:77 - metric_func_name exact_match score 1.0 msg exact match, response: nan, target: nan
2026-08-09 11:29:07.344 | DEBUG    | eval.evaluation.evaluation:metric_call:77 - metric_func_name exact_match score 1.0 msg exact match, response: nan, target: nan
2026-08-09 11:29:07.344 | DEBUG    | eval.evaluation.evaluation:metric_call:77 - metric_func_name exact_match score 1.0 msg exact match, response: nan, target: nan
2026-08-09 11:29:07.344 | DEBUG    | eval.evaluation.evaluation:metric_call:77 - metric_func_name exact_match score 1.0 msg exact match, response: nan, target: nan
2026-08-09 11:29:07.344 | DEBUG    | eval.evaluation.evaluation:metric_call:77 - metric_func_name exact_match score 0.0 msg exact not match, response: 7.4%, target: 大型金融机构：10.50%
中小型金融机构：7.50%
2026-08-09 11:29:07.344 | DEBUG    | eval.evaluation.evaluation:metric_call:77 - metric_func_name exact_match score 0.0 msg exact not match, response: 7.0%, target: 大型金融机构：10.00%
中小型金融机构：7.00%
2026-08-09 11:29:07.344 | DEBUG    | eval.evaluation.evaluation:metric_call:77 - metric_func_name exact_match score 1.0 msg exact match, response: nan, target: nan
2026-08-09 11:29:07.344 | DEBUG    | eval.evaluation.evaluation:metric_call:77 - metric_func_name exact_match score 1.0 msg exact match, response: nan, target: nan
2026-08-09 11:29:07.344 | DEBUG    | eval.evaluation.evaluation:metric_call:77 - metric_func_name exact_match score 0.0 msg exact not match, response: 6.6%, target: 大型金融机构：9.50%
中小型金融机构：6.50%
2026-08-09 11:29:07.344 | DEBUG    | eval.evaluation.evaluation:metric_call:77 - metric_func_name exact_match score 1.0 msg exact match, response: nan, target: nan
2026-08-09 11:29:07.344 | DEBUG    | eval.evaluation.evaluation:metric_call:77 - metric_func_name exact_match score 1.0 msg exact match, response: nan, target: nan
2026-08-09 11:29:07.344 | DEBUG    | eval.evaluation.evaluation:metric_call:77 - metric_func_name exact_match score 0.0 msg exact not match, response: 6.2%, target: 大型金融机构：9.00%
中小型金融机构：6.00%
2026-08-09 11:29:07.344 | DEBUG    | eval.evaluation.evaluation:metric_call:77 - metric_func_name exact_match score 1.0 msg exact match, response: nan, target: nan
2026-08-09 11:29:07.345 | DEBUG    | eval.evaluation.evaluation:evaluate_single_query:321 - wide2deep_ws_zh_068, col 调整后的金融机构存款准备金率, metric_func_name exact_match, score [0.0, 1.0, 1.0, 1.0, 1.0, 0.0, 0.0, 1.0, 1.0, 0.0, 1.0, 1.0, 1.0, 0.0, 0.0, 1.0, 1.0, 1.0, 1.0, 0.0, 0.0, 1.0, 1.0, 0.0, 1.0, 1.0, 0.0, 1.0]
2026-08-09 11:29:07.349 | INFO     | eval.evaluation.evaluation:evaluate_single_query:380 - wide2deep_ws_zh_068, P/R/F1 by unique_columns: 1.0000/0.8750/0.9333
2026-08-09 11:29:07.349 | INFO     | eval.evaluation.evaluation:evaluate_single_query:383 - wide2deep_ws_zh_068, P/R/F1 by row: 0.5000/0.4375/0.4667
2026-08-09 11:29:07.349 | INFO     | eval.evaluation.evaluation:evaluate_single_query:386 - wide2deep_ws_zh_068, P/R/F1 by item: 0.8964/0.7844/0.8367
2026-08-09 11:29:07.356 | INFO     | eval.evaluation.evaluation:evaluate_single_query:398 - wide2deep_ws_zh_068, final table score: 0.0
{"event": "eval_done", "idx": 3, "instance_id": "wide2deep_ws_zh_068", "score": 0.0, "entity_acc": 1.0, "f1_by_row": 0.4666666666666667, "f1_by_item": 0.8366666666666667, "column_f1": 0.9333333333333333, "error": null, "elapsed_seconds": 11.423, "running_n": 3}
2026-08-09 11:29:11.069 | DEBUG    | eval.evaluation.data_loader:extract_dataframe:167 - find markdown_str 
| National Park Name | State(s) | 2023 Total Visitor Spending(m ...
2026-08-09 11:29:13.411 | INFO     | eval.evaluation.metric_utils:primary_key_preprocess:246 - primary_key_preprocess result: ```json
{}
```
2026-08-09 11:29:13.411 | INFO     | eval.evaluation.evaluation:evaluate_single_query:223 - col: nationalparkname, primary_key_map {}
2026-08-09 11:29:13.418 | INFO     | eval.evaluation.evaluation:evaluate_single_query:275 - wide2deep_ws_en_017, df_inner shape: (0, 14), answer_df shape: (13, 7), response_df shape: (1, 8)
2026-08-09 11:29:16.345 | DEBUG    | eval.evaluation.evaluation:evaluate_single_query:321 - wide2deep_ws_en_017, col state(s), metric_func_name llm_judge, score []
2026-08-09 11:29:16.348 | ERROR    | eval.evaluation.evaluation:evaluate_single_query:401 - evaluator error: 
Traceback (most recent call last):
  File "/home/azureuser/workspace-gzy/zyf/deep/external/Marco-Search-Agent/Marco-DeepResearch-Family/DeepWideSearch/eval/evaluation/evaluation.py", line 315, in evaluate_single_query
    df_inner_score[f"{col}_{metric_func_name}"] = (
    ~~~~~~~~~~~~~~^^^^^^^^^^^^^^^^^^^^^^^^^^^^^
  File "/home/azureuser/workspace-gzy/zyf/deep/.venv-eval/lib/python3.12/site-packages/pandas/core/frame.py", line 4312, in __setitem__
    self._set_item_frame_value(key, value)
  File "/home/azureuser/workspace-gzy/zyf/deep/.venv-eval/lib/python3.12/site-packages/pandas/core/frame.py", line 4470, in _set_item_frame_value
    raise ValueError(
ValueError: Cannot set a DataFrame with multiple columns to the single column 2023totalvisitorspending(milliondollars)_number_near

{"event": "eval_done", "idx": 4, "instance_id": "wide2deep_ws_en_017", "score": null, "entity_acc": null, "f1_by_row": null, "f1_by_item": null, "column_f1": null, "error": "RuntimeError: official evaluator reported an internal error", "elapsed_seconds": 8.974, "running_n": 4}
2026-08-09 11:29:18.939 | DEBUG    | eval.evaluation.data_loader:extract_dataframe:167 - find markdown_str 
| Brand | Worldwide | New York | Detroit | Seattle |
| --- | -- ...
2026-08-09 11:29:20.507 | INFO     | eval.evaluation.metric_utils:primary_key_preprocess:246 - primary_key_preprocess result: ```json
{
  "McDonald's": "McDonald’s",
  "Burger King": "Burger King"
}
```
2026-08-09 11:29:20.508 | INFO     | eval.evaluation.evaluation:evaluate_single_query:223 - col: brand, primary_key_map {"McDonald's": 'McDonald’s', 'Burger King': 'Burger King'}
2026-08-09 11:29:20.513 | INFO     | eval.evaluation.evaluation:evaluate_single_query:275 - wide2deep_ws_en_028, df_inner shape: (2, 10), answer_df shape: (5, 5), response_df shape: (2, 6)
2026-08-09 11:29:20.514 | DEBUG    | eval.evaluation.evaluation:metric_call:77 - metric_func_name number_near score 1.0 msg number near in range 0.0%, response: 43477.0, target: 43477.0
2026-08-09 11:29:20.514 | DEBUG    | eval.evaluation.evaluation:metric_call:77 - metric_func_name number_near score 1.0 msg number near in range 0.0%, response: 19732.0, target: 19732.0
2026-08-09 11:29:20.515 | DEBUG    | eval.evaluation.evaluation:evaluate_single_query:321 - wide2deep_ws_en_028, col worldwide, metric_func_name number_near, score [1.0, 1.0]
2026-08-09 11:29:20.515 | DEBUG    | eval.evaluation.evaluation:metric_call:77 - metric_func_name exact_match score 1.0 msg exact match, response: nan, target: nan
2026-08-09 11:29:20.515 | DEBUG    | eval.evaluation.evaluation:metric_call:77 - metric_func_name exact_match score 1.0 msg exact match, response: nan, target: nan
2026-08-09 11:29:20.516 | DEBUG    | eval.evaluation.evaluation:evaluate_single_query:321 - wide2deep_ws_en_028, col newyork, metric_func_name exact_match, score [1.0, 1.0]
2026-08-09 11:29:20.516 | DEBUG    | eval.evaluation.evaluation:metric_call:77 - metric_func_name exact_match score 1.0 msg exact match, response: nan, target: nan
2026-08-09 11:29:20.516 | DEBUG    | eval.evaluation.evaluation:metric_call:77 - metric_func_name exact_match score 1.0 msg exact match, response: nan, target: nan
2026-08-09 11:29:20.516 | DEBUG    | eval.evaluation.evaluation:evaluate_single_query:321 - wide2deep_ws_en_028, col detroit, metric_func_name exact_match, score [1.0, 1.0]
2026-08-09 11:29:20.517 | DEBUG    | eval.evaluation.evaluation:metric_call:77 - metric_func_name exact_match score 1.0 msg exact match, response: nan, target: nan
2026-08-09 11:29:20.517 | DEBUG    | eval.evaluation.evaluation:metric_call:77 - metric_func_name exact_match score 1.0 msg exact match, response: nan, target: nan
2026-08-09 11:29:20.517 | DEBUG    | eval.evaluation.evaluation:evaluate_single_query:321 - wide2deep_ws_en_028, col seattle, metric_func_name exact_match, score [1.0, 1.0]
2026-08-09 11:29:20.521 | INFO     | eval.evaluation.evaluation:evaluate_single_query:380 - wide2deep_ws_en_028, P/R/F1 by unique_columns: 1.0000/0.4000/0.5714
2026-08-09 11:29:20.521 | INFO     | eval.evaluation.evaluation:evaluate_single_query:383 - wide2deep_ws_en_028, P/R/F1 by row: 1.0000/0.4000/0.5714
2026-08-09 11:29:20.521 | INFO     | eval.evaluation.evaluation:evaluate_single_query:386 - wide2deep_ws_en_028, P/R/F1 by item: 1.0000/0.4000/0.5714
2026-08-09 11:29:20.523 | INFO     | eval.evaluation.evaluation:evaluate_single_query:398 - wide2deep_ws_en_028, final table score: 0.0
{"event": "eval_done", "idx": 5, "instance_id": "wide2deep_ws_en_028", "score": 0.0, "entity_acc": 1.0, "f1_by_row": 0.5714285714285715, "f1_by_item": 0.5714285714285715, "column_f1": 0.5714285714285715, "error": null, "elapsed_seconds": 4.158, "running_n": 5}
2026-08-09 11:29:22.278 | DEBUG    | eval.evaluation.data_loader:extract_dataframe:167 - find markdown_str 
| Case Name | Case Date | Case File Number | Opinion Author | V ...
2026-08-09 11:29:23.536 | INFO     | eval.evaluation.metric_utils:primary_key_preprocess:246 - primary_key_preprocess result: ```json
{
  "casename": "casename",
  "casedate": "casedate",
  "casefilenumber": "docketnumber",
  "opinionauthor": "opinionauthor",
  "verdict": "judgmentoutcome"
}
```
2026-08-09 11:29:23.536 | INFO     | eval.evaluation.evaluation:evaluate_single_query:172 - column map: {'casename': 'casename', 'casedate': 'casedate', 'casefilenumber': 'docketnumber', 'opinionauthor': 'opinionauthor', 'verdict': 'judgmentoutcome'}
2026-08-09 11:29:23.536 | INFO     | eval.evaluation.evaluation:evaluate_single_query:173 - befor mapping: Index(['casename', 'casedate', 'casefilenumber', 'opinionauthor', 'verdict'], dtype='object')
2026-08-09 11:29:23.537 | INFO     | eval.evaluation.evaluation:evaluate_single_query:175 - after mapping: Index(['casename', 'casedate', 'docketnumber', 'opinionauthor',
       'judgmentoutcome'],
      dtype='object')
2026-08-09 11:29:27.518 | INFO     | eval.evaluation.metric_utils:primary_key_preprocess:246 - primary_key_preprocess result: ```json
{
  "E.M.D. Sales, Inc. v. Carrera": "E.M.D. Sales, Inc. v. Carrera",
  "Wisconsin Bell, Inc. v. United States ex rel. Heath": "Wisconsin Bell, Inc. v. United States, ex rel. Todd Heath",
  "Glossip v. Oklahoma": "Glossip v. Oklahoma",
  "Lackey v. Stinnie": "Lackey v. Stinnie",
  "Williams v. Reed": "Williams v. Reed",
  "Dewberry Group, Inc. v. Dewberry Engineers Inc.": "Dewberry Group, Inc. v. Dewberry Engineers, Inc.",
  "FDA v. Wages and White Lion Investments, L.L.C.": "Food and Drug Administration v. Wages and White Lion Investments, LLC",
  "City and County of San Francisco v. EPA": "City and County of San Francisco v. Environmental Protection Agency",
  "Thompson v. United States": "Thompson v. United States",
  "Bondi v. VanDerStok": "Bondi v. VanDerStok",
  "Medical Marijuana, Inc. v. Horn": "Medical Marijuana, Inc. v. Horn",
  "Feliciano v. Department of Transportation": "Feliciano v. Department of Transportation",
  "Cunningham v. Cornell University": "Cunningham v. Cornell University",
  "Advocate Christ Medical Center v. Kennedy": "Advocate Christ Medical Center v. Kennedy",
  "Barnes v. Felix": "Barnes v. Felix",
  "Kousisis v. United States": "Kousisis v. United States",
  "Waetzig v. Halliburton Energy Services, Inc.": "Waetzig v. Halliburton Energy Services",
  "Seven County Infrastructure Coalition v. Eagle County": "Seven County Infrastructure Coalition v. Eagle County, Colorado"
}
```
2026-08-09 11:29:27.518 | INFO     | eval.evaluation.evaluation:evaluate_single_query:223 - col: casename, primary_key_map {'E.M.D. Sales, Inc. v. Carrera': 'E.M.D. Sales, Inc. v. Carrera', 'Wisconsin Bell, Inc. v. United States ex rel. Heath': 'Wisconsin Bell, Inc. v. United States, ex rel. Todd Heath', 'Glossip v. Oklahoma': 'Glossip v. Oklahoma', 'Lackey v. Stinnie': 'Lackey v. Stinnie', 'Williams v. Reed': 'Williams v. Reed', 'Dewberry Group, Inc. v. Dewberry Engineers Inc.': 'Dewberry Group, Inc. v. Dewberry Engineers, Inc.', 'FDA v. Wages and White Lion Investments, L.L.C.': 'Food and Drug Administration v. Wages and White Lion Investments, LLC', 'City and County of San Francisco v. EPA': 'City and County of San Francisco v. Environmental Protection Agency', 'Thompson v. United States': 'Thompson v. United States', 'Bondi v. VanDerStok': 'Bondi v. VanDerStok', 'Medical Marijuana, Inc. v. Horn': 'Medical Marijuana, Inc. v. Horn', 'Feliciano v. Department of Transportation': 'Feliciano v. Department of Transportation', 'Cunningham v. Cornell University': 'Cunningham v. Cornell University', 'Advocate Christ Medical Center v. Kennedy': 'Advocate Christ Medical Center v. Kennedy', 'Barnes v. Felix': 'Barnes v. Felix', 'Kousisis v. United States': 'Kousisis v. United States', 'Waetzig v. Halliburton Energy Services, Inc.': 'Waetzig v. Halliburton Energy Services', 'Seven County Infrastructure Coalition v. Eagle County': 'Seven County Infrastructure Coalition v. Eagle County, Colorado'}
2026-08-09 11:29:27.524 | INFO     | eval.evaluation.evaluation:evaluate_single_query:275 - wide2deep_ws_en_030, df_inner shape: (18, 10), answer_df shape: (25, 5), response_df shape: (20, 6)
2026-08-09 11:29:27.525 | DEBUG    | eval.evaluation.evaluation:metric_call:77 - metric_func_name exact_match score 1.0 msg exact match, response: 2025-01-15, target: 2025-01-15
2026-08-09 11:29:27.525 | DEBUG    | eval.evaluation.evaluation:metric_call:77 - metric_func_name exact_match score 0.0 msg exact not match, response: 2025-02-25, target: 2025-02-21
2026-08-09 11:29:27.525 | DEBUG    | eval.evaluation.evaluation:metric_call:77 - metric_func_name exact_match score 1.0 msg exact match, response: 2025-02-21, target: 2025-02-21
2026-08-09 11:29:27.525 | DEBUG    | eval.evaluation.evaluation:metric_call:77 - metric_func_name exact_match score 1.0 msg exact match, response: 2025-02-25, target: 2025-02-25
2026-08-09 11:29:27.525 | DEBUG    | eval.evaluation.evaluation:metric_call:77 - metric_func_name exact_match score 1.0 msg exact match, response: 2025-02-25, target: 2025-02-25
2026-08-09 11:29:27.525 | DEBUG    | eval.evaluation.evaluation:metric_call:77 - metric_func_name exact_match score 1.0 msg exact match, response: 2025-02-26, target: 2025-02-26
2026-08-09 11:29:27.525 | DEBUG    | eval.evaluation.evaluation:metric_call:77 - metric_func_name exact_match score 0.0 msg exact not match, response: 2025-05-27, target: 2025-02-26
2026-08-09 11:29:27.525 | DEBUG    | eval.evaluation.evaluation:metric_call:77 - metric_func_name exact_match score 1.0 msg exact match, response: 2025-03-04, target: 2025-03-04
2026-08-09 11:29:27.525 | DEBUG    | eval.evaluation.evaluation:metric_call:77 - metric_func_name exact_match score 1.0 msg exact match, response: 2025-03-21, target: 2025-03-21
2026-08-09 11:29:27.525 | DEBUG    | eval.evaluation.evaluation:metric_call:77 - metric_func_name exact_match score 1.0 msg exact match, response: 2025-03-26, target: 2025-03-26
2026-08-09 11:29:27.525 | DEBUG    | eval.evaluation.evaluation:metric_call:77 - metric_func_name exact_match score 1.0 msg exact match, response: 2025-04-02, target: 2025-04-02
2026-08-09 11:29:27.525 | DEBUG    | eval.evaluation.evaluation:metric_call:77 - metric_func_name exact_match score 0.0 msg exact not match, response: 2025-03-04, target: 2025-04-02
2026-08-09 11:29:27.525 | DEBUG    | eval.evaluation.evaluation:metric_call:77 - metric_func_name exact_match score 1.0 msg exact match, response: 2025-04-17, target: 2025-04-17
2026-08-09 11:29:27.525 | DEBUG    | eval.evaluation.evaluation:metric_call:77 - metric_func_name exact_match score 1.0 msg exact match, response: 2025-04-29, target: 2025-04-29
2026-08-09 11:29:27.525 | DEBUG    | eval.evaluation.evaluation:metric_call:77 - metric_func_name exact_match score 0.0 msg exact not match, response: 2025-04-02, target: 2025-04-30
2026-08-09 11:29:27.525 | DEBUG    | eval.evaluation.evaluation:metric_call:77 - metric_func_name exact_match score 1.0 msg exact match, response: 2025-05-15, target: 2025-05-15
2026-08-09 11:29:27.525 | DEBUG    | eval.evaluation.evaluation:metric_call:77 - metric_func_name exact_match score 1.0 msg exact match, response: 2025-05-22, target: 2025-05-22
2026-08-09 11:29:27.526 | DEBUG    | eval.evaluation.evaluation:metric_call:77 - metric_func_name exact_match score 1.0 msg exact match, response: 2025-05-29, target: 2025-05-29
2026-08-09 11:29:27.526 | DEBUG    | eval.evaluation.evaluation:evaluate_single_query:321 - wide2deep_ws_en_030, col casedate, metric_func_name exact_match, score [1.0, 0.0, 1.0, 1.0, 1.0, 1.0, 0.0, 1.0, 1.0, 1.0, 1.0, 0.0, 1.0, 1.0, 0.0, 1.0, 1.0, 1.0]
2026-08-09 11:29:30.420 | DEBUG    | eval.evaluation.evaluation:evaluate_single_query:321 - wide2deep_ws_en_030, col docketnumber, metric_func_name llm_judge, score [1, 1, 1, 1, 1, 1, 1, 1, 1, 1, 1, 1, 1, 1, 1, 1, 1, 1]
2026-08-09 11:29:34.327 | DEBUG    | eval.evaluation.evaluation:evaluate_single_query:321 - wide2deep_ws_en_030, col opinionauthor, metric_func_name llm_judge, score [1, 0, 1, 1, 1, 1, 1, 1, 1, 1, 0, 1, 0, 1, 0, 1, 1, 1]
2026-08-09 11:29:38.787 | DEBUG    | eval.evaluation.evaluation:evaluate_single_query:321 - wide2deep_ws_en_030, col judgmentoutcome, metric_func_name llm_judge, score [0, 1, 0, 1, 0, 1, 1, 0, 1, 1, 0, 1, 0, 1, 0, 1, 1, 1]
2026-08-09 11:29:38.792 | INFO     | eval.evaluation.evaluation:evaluate_single_query:380 - wide2deep_ws_en_030, P/R/F1 by unique_columns: 0.9000/0.7200/0.8000
2026-08-09 11:29:38.792 | INFO     | eval.evaluation.evaluation:evaluate_single_query:383 - wide2deep_ws_en_030, P/R/F1 by row: 0.4000/0.3200/0.3556
2026-08-09 11:29:38.792 | INFO     | eval.evaluation.evaluation:evaluate_single_query:386 - wide2deep_ws_en_030, P/R/F1 by item: 0.7500/0.6000/0.6667
2026-08-09 11:29:38.794 | INFO     | eval.evaluation.evaluation:evaluate_single_query:398 - wide2deep_ws_en_030, final table score: 0.0
{"event": "eval_done", "idx": 6, "instance_id": "wide2deep_ws_en_030", "score": 0.0, "entity_acc": 1.0, "f1_by_row": 0.35555555555555557, "f1_by_item": 0.6666666666666665, "column_f1": 0.7999999999999999, "error": null, "elapsed_seconds": 18.251, "running_n": 6}
{"event": "eval_done", "idx": 7, "instance_id": "wide2deep_ws_en_035", "score": 0.0, "entity_acc": 0.0, "f1_by_row": 0.0, "f1_by_item": 0.0, "column_f1": 0.0, "error": null, "elapsed_seconds": 2.5, "running_n": 7}
SUMMARY {"n": 7, "valid_n": 6, "errors": 1, "complete": false, "judge_calls_current_process": 24, "score": 0.0, "entity_acc": 0.8333333333333334, "precision_by_row": 0.5058823529411764, "recall_by_row": 0.3797514005602241, "f1_by_row": 0.420283089081043, "precision_by_item": 0.6824112978524743, "recall_by_item": 0.5353510154061625, "f1_by_item": 0.5854166497516881, "column_precision": 0.7421568627450981, "column_recall": 0.5876820728291317, "column_f1": 0.6411033978808914}
