INFO: Pandarallel will run on 8 workers.
INFO: Pandarallel will use Memory file system to transfer data between the main process and workers.
{"event": "eval_start", "selected": 7, "resume_committed": 0, "committed_errors": 0, "crash_only_resume": false}
{"event": "eval_done", "idx": 1, "instance_id": "deep2wide_result_49_山西省", "score": 0.0, "entity_acc": 0.0, "f1_by_row": 0.0, "f1_by_item": 0.0, "column_f1": 0.0, "error": null, "elapsed_seconds": 2.161, "running_n": 1}
2026-08-09 11:28:08.942 | DEBUG    | eval.evaluation.data_loader:extract_dataframe:167 - find markdown_str 
| 姓名 | 字 | 号 | 祖籍 |
| --- | --- | --- | --- |
| 金农 | 寿门、司农、吉金 | ...
2026-08-09 11:28:10.325 | INFO     | eval.evaluation.metric_utils:primary_key_preprocess:246 - primary_key_preprocess result: ```json
{
  "金农": "金农",
  "郑燮": "郑燮",
  "黄慎": "黄慎",
  "李鱓": "李鱓",
  "李方膺": "李方膺",
  "汪士慎": "汪士慎",
  "罗聘": "罗聘",
  "高翔": "高翔"
}
```
2026-08-09 11:28:10.325 | INFO     | eval.evaluation.evaluation:evaluate_single_query:223 - col: 姓名, primary_key_map {'金农': '金农', '郑燮': '郑燮', '黄慎': '黄慎', '李鱓': '李鱓', '李方膺': '李方膺', '汪士慎': '汪士慎', '罗聘': '罗聘', '高翔': '高翔'}
2026-08-09 11:28:10.332 | INFO     | eval.evaluation.evaluation:evaluate_single_query:275 - deep2wide_result_50_扬州八怪, df_inner shape: (8, 8), answer_df shape: (8, 4), response_df shape: (8, 5)
2026-08-09 11:28:27.427 | DEBUG    | eval.evaluation.evaluation:evaluate_single_query:321 - deep2wide_result_50_扬州八怪, col 字, metric_func_name llm_judge, score [1, 1, 1, 1, 1, 1, 1, 1]
2026-08-09 11:28:32.231 | DEBUG    | eval.evaluation.evaluation:evaluate_single_query:321 - deep2wide_result_50_扬州八怪, col 号, metric_func_name llm_judge, score [1, 1, 1, 1, 1, 1, 1, 1]
2026-08-09 11:28:36.752 | DEBUG    | eval.evaluation.evaluation:evaluate_single_query:321 - deep2wide_result_50_扬州八怪, col 祖籍, metric_func_name llm_judge, score [1, 1, 1, 1, 1, 1, 0, 1]
2026-08-09 11:28:36.758 | INFO     | eval.evaluation.evaluation:evaluate_single_query:380 - deep2wide_result_50_扬州八怪, P/R/F1 by unique_columns: 1.0000/1.0000/1.0000
2026-08-09 11:28:36.758 | INFO     | eval.evaluation.evaluation:evaluate_single_query:383 - deep2wide_result_50_扬州八怪, P/R/F1 by row: 0.8750/0.8750/0.8750
2026-08-09 11:28:36.758 | INFO     | eval.evaluation.evaluation:evaluate_single_query:386 - deep2wide_result_50_扬州八怪, P/R/F1 by item: 0.9688/0.9688/0.9688
2026-08-09 11:28:36.759 | INFO     | eval.evaluation.evaluation:evaluate_single_query:398 - deep2wide_result_50_扬州八怪, final table score: 0.0
{"event": "eval_done", "idx": 2, "instance_id": "deep2wide_result_50_扬州八怪", "score": 0.0, "entity_acc": 1.0, "f1_by_row": 0.875, "f1_by_item": 0.96875, "column_f1": 1.0, "error": null, "elapsed_seconds": 30.976, "running_n": 2}
{"event": "eval_done", "idx": 3, "instance_id": "deep2wide_result_52_乐清市知临中学", "score": 0.0, "entity_acc": 0.0, "f1_by_row": 0.0, "f1_by_item": 0.0, "column_f1": 0.0, "error": null, "elapsed_seconds": 2.196, "running_n": 3}
{"event": "eval_done", "idx": 4, "instance_id": "deep2wide_result_53_潘虹", "score": 0.0, "entity_acc": 0.0, "f1_by_row": 0.0, "f1_by_item": 0.0, "column_f1": 0.0, "error": null, "elapsed_seconds": 1.228, "running_n": 4}
2026-08-09 11:28:42.534 | DEBUG    | eval.evaluation.data_loader:extract_dataframe:167 - find markdown_str 
| 剧名 | 年份 | 饰演者 | 总集数 | 导演 |
| --- | --- | --- | --- | --- |
|  ...
2026-08-09 11:28:44.265 | INFO     | eval.evaluation.metric_utils:primary_key_preprocess:246 - primary_key_preprocess result: ```json
{
  "三国演义": "《三国演义》",
  "三国": "《三国》"
}
```
2026-08-09 11:28:44.265 | INFO     | eval.evaluation.evaluation:evaluate_single_query:223 - col: 剧名, primary_key_map {'三国演义': '《三国演义》', '三国': '《三国》'}
2026-08-09 11:28:44.303 | INFO     | eval.evaluation.evaluation:evaluate_single_query:275 - deep2wide_result_54_庞德, df_inner shape: (2, 10), answer_df shape: (4, 5), response_df shape: (2, 6)
2026-08-09 11:28:44.306 | DEBUG    | eval.evaluation.evaluation:metric_call:77 - metric_func_name date_near score 0.0 msg date not near, response: 1994-10-23 00:00:00, target: 1994-08-01 00:00:00
2026-08-09 11:28:44.308 | DEBUG    | eval.evaluation.evaluation:metric_call:77 - metric_func_name date_near score 0.0 msg date not near, response: 2010-05-02 00:00:00, target: 2010-08-01 00:00:00
2026-08-09 11:28:44.309 | DEBUG    | eval.evaluation.evaluation:evaluate_single_query:321 - deep2wide_result_54_庞德, col 年份, metric_func_name date_near, score [0.0, 0.0]
2026-08-09 11:28:46.366 | DEBUG    | eval.evaluation.evaluation:evaluate_single_query:321 - deep2wide_result_54_庞德, col 饰演者, metric_func_name llm_judge, score [0, 0]
2026-08-09 11:28:46.367 | DEBUG    | eval.evaluation.evaluation:metric_call:77 - metric_func_name number_near score 1.0 msg number near in range 5.0%, response: 84.0, target: 84.0
2026-08-09 11:28:46.367 | DEBUG    | eval.evaluation.evaluation:metric_call:77 - metric_func_name number_near score 1.0 msg number near in range 5.0%, response: 95.0, target: 95.0
2026-08-09 11:28:46.367 | DEBUG    | eval.evaluation.evaluation:evaluate_single_query:321 - deep2wide_result_54_庞德, col 总集数, metric_func_name number_near, score [1.0, 1.0]
2026-08-09 11:28:48.964 | DEBUG    | eval.evaluation.evaluation:evaluate_single_query:321 - deep2wide_result_54_庞德, col 导演, metric_func_name llm_judge, score [1, 1]
2026-08-09 11:28:48.969 | INFO     | eval.evaluation.evaluation:evaluate_single_query:380 - deep2wide_result_54_庞德, P/R/F1 by unique_columns: 1.0000/0.5000/0.6667
2026-08-09 11:28:48.969 | INFO     | eval.evaluation.evaluation:evaluate_single_query:383 - deep2wide_result_54_庞德, P/R/F1 by row: 0.0000/0.0000/0.0000
2026-08-09 11:28:48.969 | INFO     | eval.evaluation.evaluation:evaluate_single_query:386 - deep2wide_result_54_庞德, P/R/F1 by item: 0.6000/0.3000/0.4000
2026-08-09 11:28:48.970 | INFO     | eval.evaluation.evaluation:evaluate_single_query:398 - deep2wide_result_54_庞德, final table score: 0.0
{"event": "eval_done", "idx": 5, "instance_id": "deep2wide_result_54_庞德", "score": 0.0, "entity_acc": 1.0, "f1_by_row": 0.0, "f1_by_item": 0.4, "column_f1": 0.6666666666666666, "error": null, "elapsed_seconds": 8.735, "running_n": 5}
2026-08-09 11:28:58.231 | DEBUG    | eval.evaluation.data_loader:extract_dataframe:167 - find markdown_str 
| 电视动画名称 | 配音角色 | 导演 |
| --- | --- | --- |
| 《.hack//黄昏的腕轮传说》 | ...
2026-08-09 11:29:02.803 | INFO     | eval.evaluation.metric_utils:primary_key_preprocess:246 - primary_key_preprocess result: ```json
{
  "《拜托了☆双子星》": "拜托了双子星",
  "《百变之星》": "百变之星",
  "《神魂合体 Godannar!!》": "神魂合体",
  "《魔侦探洛基 RAGNAROK》": "魔侦探洛基",
  "《MOUSE》": "MOUSE",
  "《蒲公英之恋》": "蒲公英",
  "《妄想科学美少女》": "妄想科学美少女"
}
```
2026-08-09 11:29:02.804 | INFO     | eval.evaluation.evaluation:evaluate_single_query:223 - col: 电视动画名称, primary_key_map {'《拜托了☆双子星》': '拜托了双子星', '《百变之星》': '百变之星', '《神魂合体 Godannar!!》': '神魂合体', '《魔侦探洛基 RAGNAROK》': '魔侦探洛基', '《MOUSE》': 'MOUSE', '《蒲公英之恋》': '蒲公英', '《妄想科学美少女》': '妄想科学美少女'}
2026-08-09 11:29:02.809 | INFO     | eval.evaluation.evaluation:evaluate_single_query:275 - deep2wide_result_56_中原麻衣, df_inner shape: (7, 6), answer_df shape: (11, 3), response_df shape: (11, 4)
2026-08-09 11:29:06.271 | DEBUG    | eval.evaluation.evaluation:evaluate_single_query:321 - deep2wide_result_56_中原麻衣, col 配音角色, metric_func_name llm_judge, score [1, 1, 1, 1, 1, 1, 1]
2026-08-09 11:29:08.466 | DEBUG    | eval.evaluation.evaluation:evaluate_single_query:321 - deep2wide_result_56_中原麻衣, col 导演, metric_func_name llm_judge, score [1, 1, 1, 1, 1, 1, 1]
2026-08-09 11:29:08.470 | INFO     | eval.evaluation.evaluation:evaluate_single_query:380 - deep2wide_result_56_中原麻衣, P/R/F1 by unique_columns: 0.6364/0.6364/0.6364
2026-08-09 11:29:08.470 | INFO     | eval.evaluation.evaluation:evaluate_single_query:383 - deep2wide_result_56_中原麻衣, P/R/F1 by row: 0.6364/0.6364/0.6364
2026-08-09 11:29:08.470 | INFO     | eval.evaluation.evaluation:evaluate_single_query:386 - deep2wide_result_56_中原麻衣, P/R/F1 by item: 0.6364/0.6364/0.6364
2026-08-09 11:29:08.471 | INFO     | eval.evaluation.evaluation:evaluate_single_query:398 - deep2wide_result_56_中原麻衣, final table score: 0.0
{"event": "eval_done", "idx": 6, "instance_id": "deep2wide_result_56_中原麻衣", "score": 0.0, "entity_acc": 1.0, "f1_by_row": 0.6363636363636364, "f1_by_item": 0.6363636363636364, "column_f1": 0.6363636363636364, "error": null, "elapsed_seconds": 19.484, "running_n": 6}
{"event": "eval_done", "idx": 7, "instance_id": "deep2wide_result_57_GDC", "score": 0.0, "entity_acc": 0.0, "f1_by_row": 0.0, "f1_by_item": 0.0, "column_f1": 0.0, "error": null, "elapsed_seconds": 2.224, "running_n": 7}
SUMMARY {"n": 7, "valid_n": 7, "errors": 0, "complete": true, "judge_calls_current_process": 17, "score": 0.0, "entity_acc": 0.42857142857142855, "precision_by_row": 0.21590909090909088, "recall_by_row": 0.21590909090909088, "f1_by_row": 0.21590909090909088, "precision_by_item": 0.3150162337662338, "recall_by_item": 0.2721590909090909, "f1_by_item": 0.28644480519480514, "column_precision": 0.3766233766233766, "column_recall": 0.3051948051948052, "column_f1": 0.32900432900432897}
