INFO: Pandarallel will run on 8 workers.
INFO: Pandarallel will use Memory file system to transfer data between the main process and workers.
{"event": "eval_start", "selected": 7, "resume_committed": 0, "committed_errors": 0, "crash_only_resume": false}
2026-08-18 08:26:18.794 | DEBUG    | eval.evaluation.data_loader:extract_dataframe:167 - find markdown_str 
| 场景名称 | 具体事项 | 实施方式 | 牵头部门 | 配合部门 | 完成时限 |
| --- | --- | --- | ...
2026-08-18 08:26:42.734 | INFO     | eval.evaluation.metric_utils:primary_key_preprocess:246 - primary_key_preprocess result: ```json
{
  "企业变更登记、企业印章刻制、基本账户变更、税控设备变更发行、社会保险登记变更、住房公积金企业缴存登记变更": "将企业变更登记、印章刻制、基本账户变更、税控设备变更发行、社会保险登记变更、住房公积金企业缴存登记变更等事项集成，同时依托金税四期电票平台推广工作，逐步优化税控系统变更环节。",
  "企业营业执照信息核验、食品经营许可、户外招牌设施设置规范管理、公众聚集场所投入使用营业前消防安全检查": "在集成企业营业执照信息核验、食品经营许可以及公众聚集场所投入使用、营业前消防安全检查等事项的基础上，增加牌匾标识（店铺招牌）规范设置、烟草制品零售许可（设区的市级权限）新办、小餐饮店许可、城镇污水排入排水管网许可（直辖市权限）首次申请、城镇污水排入排水管网许可（设区的市级权限）首次申请等事项，实现一口受理，并联审批。",
  "供水、供电、供气、通信网络联合报装": "持续完善水电气网联合报装，推动供电报装、燃气报装、供排水报装、通信报装等服务事项集成办理，实现一口受理、联合服务。",
  "统筹办理行政处罚信息、经营异常名录信息、严重失信主体名单信息等信用修复": "严格落实国家失信信息信用修复指引，推动优化“信用中国（北京）”网站建设。将行政处罚信息修复、异常经营名录信息修复、严重失信主体名单信息修复等事项集成，建立统一修复入口。建立并优化线上线下并行的行政处罚信息修复渠道，探索统一修复周期，统一数据归集周期，实现一次修复，同步公示。",
  "企业上市所需相关领域合法合规信息查询核验": "将拟上市企业在城市管理、规划自然资源、劳动保障、生态环境保护、市场监管、卫生健康、文化和旅游市场、应急管理、住房和工程建设、住房公积金缴存、科技、交通运输、合法纳税、知识产权、水资源保护、消防安全、电信监管等领域合法合规情况的全部信息或部分信息，建立协调机制，完善信息系统，加强数据共享，进行集成化信息核查及汇总，统一回复拟上市企业或保推荐机构，推进企业上市合法合规信息核查及企业上市提质增效。",
  "企业破产所需登记、税务、社保、住房公积金、不动产、车辆等信息核查": "将破产企业的注册登记等基本情况、不动产登记和交易情况、车辆情况、社保参保缴费记录情况、医保缴存情况、公积金缴存情况、税款缴纳情况、海关税款缴纳和货物通关情况等多方面信息，建立协调机制，完善信息系统，加强数据共享，进行集成化信息核查及汇总，明确市区两级登记管辖机关出证权限，结合各领域业务实际理顺市区两级对接流程，统一回复破产管理人，推进企业破产信息核查及企业破产提质增效。",
  "税务注销、企业注销登记、海关报关单位备案注销、社会保险登记注销、住房公积金单位缴存登记注销、银行账户注销、企业印章注销": "在集成税务注销、企业注销登记、海关报关单位备案注销、注销社会保险登记、银行账户注销、企业印章注销、公积金账户注销、医保账户注销等事项的基础上，增加办理进度和结果查询等服务，实现一口受理，并联审批。",
  "出生医学证明办理、预防接种证办理、户口登记、城乡居民基本医疗保险登记、社会保障卡申领": "在集成《出生医学证明》办理（首签）、本市户口登记、社会保障卡申领、办理居民医保登记的基础上，增加预防接种证办理、生育医疗费用报销、科学育儿指导等服务事项集成。",
  "户籍、居住证、不动产、社会保险等入学信息联查与报名服务": "在集成新生儿入学信息采集、户籍类证明、居住证、不动产权证书、社会保险参保缴费记录查询、租房信息核验、医保缴费记录查询等功能的基础上，优化集成办理页面，细化政策引导。",
  "社会保障卡申领、启用、补换、挂失及在人社、就医购药、交通、文旅等居民服务领域应用": "依托第三代社会保障卡，持续完善农村劳动力求职登记等就业和人力资源服务、社保服务，就医购药、交通出行，以及参观公园、博物馆、文艺场馆等事项集成服务，并拓展京津冀“一卡通”应用场景。",
  "残疾人证办理、困难残疾人生活补贴、重度残疾人护理补贴、残疾人就业帮扶、城乡居民基本养老保险资助、基本医疗保险参保资助": "在集成残疾人证新办、困难残疾人生活补贴和重度残疾人护理补贴资格认定、城乡居民基本养老保险补助、低保特困等困难群众医疗救助等事项的基础上，增加残疾人证换领、迁移、挂失补办、注销、残疾类别/等级变更等服务事项集成，提供残疾人就业帮扶服务。",
  "职工正常退休申请、基本养老金申领、基本医疗保险退休待遇核定、住房公积金提取、独生子女父母一次性奖励等关联事项": "在集成企业参保人员达到法定退休年龄领取基本养老保险待遇资格确认、基本养老保险视同缴费年限认定、特殊工种提前退休核准、因病或非因工致残完全丧失劳动能力提前退休（退职）核准、新增退休人员养老保险待遇核定发放、基本医疗保险视同缴费年限核定以及离休、退休提取住房公积金等功能的基础上，增加城镇独生子女父母奖励金事项，实现一口受理，并联审批。",
  "企业营业执照信息核验、道路货物运输经营许可、普通货运车辆道路运输证配发、驾驶员从业资格信息核验": "将道路货物运输经营许可、普通道路货物运输车辆《道路运输证》办理、道路货物运输分公司经营备案等事项集成，并在申办环节实现企业营业执照信息自动核验。",
  "个体工商户转型为企业登记": "个体工商户转型为企业变更登记",
  "公章刻制备案": "公章刻制备案",
  "社会保险登记变更": "社会保险登记或参保信息变更",
  "住房公积金缴存登记变更": "住房公积金企业缴存登记或信息变更",
  "建筑工程施工许可": "建筑工程施工许可证核发",
  "建设工程消防设计审查": "建设工程消防设计审查",
  "城市建筑垃圾处置核准": "城市建筑垃圾处置核准",
  "城镇污水排入排水管网许可": "城镇污水排入排水管网许可（临时）",
  "工程质量安全监督手续办理": "建设工程质量监督手续办理",
  "汽车报废更新补贴申请": "汽车报废更新补贴申请",
  "食品经营许可": "食品经营许可",
  "出具死亡证明（正常死亡）": "出具死亡证明（正常死亡）",
  "注销户口": "户口注销",
  "医疗保险个人账户清算": "参保人员职工基本医疗保险个人账户余额一次性支取",
  "住房公积金提取": "住房公积金提取",
  "遗属待遇申领": "遗属待遇申领",
  "内地居民婚姻登记": "内地居民婚姻登记",
  "户口登记项目变更": "户口登记项目变更（婚姻状况）",
  "外国人来华工作许可": "外国人来华工作许可签发/变更/延期",
  "外国人工作类居留证件签发": "外国人居留证件签发/变更/延期"
}
```
2026-08-18 08:26:42.734 | INFO     | eval.evaluation.evaluation:evaluate_single_query:223 - col: 具体事项, primary_key_map {'企业变更登记、企业印章刻制、基本账户变更、税控设备变更发行、社会保险登记变更、住房公积金企业缴存登记变更': '将企业变更登记、印章刻制、基本账户变更、税控设备变更发行、社会保险登记变更、住房公积金企业缴存登记变更等事项集成，同时依托金税四期电票平台推广工作，逐步优化税控系统变更环节。', '企业营业执照信息核验、食品经营许可、户外招牌设施设置规范管理、公众聚集场所投入使用营业前消防安全检查': '在集成企业营业执照信息核验、食品经营许可以及公众聚集场所投入使用、营业前消防安全检查等事项的基础上，增加牌匾标识（店铺招牌）规范设置、烟草制品零售许可（设区的市级权限）新办、小餐饮店许可、城镇污水排入排水管网许可（直辖市权限）首次申请、城镇污水排入排水管网许可（设区的市级权限）首次申请等事项，实现一口受理，并联审批。', '供水、供电、供气、通信网络联合报装': '持续完善水电气网联合报装，推动供电报装、燃气报装、供排水报装、通信报装等服务事项集成办理，实现一口受理、联合服务。', '统筹办理行政处罚信息、经营异常名录信息、严重失信主体名单信息等信用修复': '严格落实国家失信信息信用修复指引，推动优化“信用中国（北京）”网站建设。将行政处罚信息修复、异常经营名录信息修复、严重失信主体名单信息修复等事项集成，建立统一修复入口。建立并优化线上线下并行的行政处罚信息修复渠道，探索统一修复周期，统一数据归集周期，实现一次修复，同步公示。', '企业上市所需相关领域合法合规信息查询核验': '将拟上市企业在城市管理、规划自然资源、劳动保障、生态环境保护、市场监管、卫生健康、文化和旅游市场、应急管理、住房和工程建设、住房公积金缴存、科技、交通运输、合法纳税、知识产权、水资源保护、消防安全、电信监管等领域合法合规情况的全部信息或部分信息，建立协调机制，完善信息系统，加强数据共享，进行集成化信息核查及汇总，统一回复拟上市企业或保推荐机构，推进企业上市合法合规信息核查及企业上市提质增效。', '企业破产所需登记、税务、社保、住房公积金、不动产、车辆等信息核查': '将破产企业的注册登记等基本情况、不动产登记和交易情况、车辆情况、社保参保缴费记录情况、医保缴存情况、公积金缴存情况、税款缴纳情况、海关税款缴纳和货物通关情况等多方面信息，建立协调机制，完善信息系统，加强数据共享，进行集成化信息核查及汇总，明确市区两级登记管辖机关出证权限，结合各领域业务实际理顺市区两级对接流程，统一回复破产管理人，推进企业破产信息核查及企业破产提质增效。', '税务注销、企业注销登记、海关报关单位备案注销、社会保险登记注销、住房公积金单位缴存登记注销、银行账户注销、企业印章注销': '在集成税务注销、企业注销登记、海关报关单位备案注销、注销社会保险登记、银行账户注销、企业印章注销、公积金账户注销、医保账户注销等事项的基础上，增加办理进度和结果查询等服务，实现一口受理，并联审批。', '出生医学证明办理、预防接种证办理、户口登记、城乡居民基本医疗保险登记、社会保障卡申领': '在集成《出生医学证明》办理（首签）、本市户口登记、社会保障卡申领、办理居民医保登记的基础上，增加预防接种证办理、生育医疗费用报销、科学育儿指导等服务事项集成。', '户籍、居住证、不动产、社会保险等入学信息联查与报名服务': '在集成新生儿入学信息采集、户籍类证明、居住证、不动产权证书、社会保险参保缴费记录查询、租房信息核验、医保缴费记录查询等功能的基础上，优化集成办理页面，细化政策引导。', '社会保障卡申领、启用、补换、挂失及在人社、就医购药、交通、文旅等居民服务领域应用': '依托第三代社会保障卡，持续完善农村劳动力求职登记等就业和人力资源服务、社保服务，就医购药、交通出行，以及参观公园、博物馆、文艺场馆等事项集成服务，并拓展京津冀“一卡通”应用场景。', '残疾人证办理、困难残疾人生活补贴、重度残疾人护理补贴、残疾人就业帮扶、城乡居民基本养老保险资助、基本医疗保险参保资助': '在集成残疾人证新办、困难残疾人生活补贴和重度残疾人护理补贴资格认定、城乡居民基本养老保险补助、低保特困等困难群众医疗救助等事项的基础上，增加残疾人证换领、迁移、挂失补办、注销、残疾类别/等级变更等服务事项集成，提供残疾人就业帮扶服务。', '职工正常退休申请、基本养老金申领、基本医疗保险退休待遇核定、住房公积金提取、独生子女父母一次性奖励等关联事项': '在集成企业参保人员达到法定退休年龄领取基本养老保险待遇资格确认、基本养老保险视同缴费年限认定、特殊工种提前退休核准、因病或非因工致残完全丧失劳动能力提前退休（退职）核准、新增退休人员养老保险待遇核定发放、基本医疗保险视同缴费年限核定以及离休、退休提取住房公积金等功能的基础上，增加城镇独生子女父母奖励金事项，实现一口受理，并联审批。', '企业营业执照信息核验、道路货物运输经营许可、普通货运车辆道路运输证配发、驾驶员从业资格信息核验': '将道路货物运输经营许可、普通道路货物运输车辆《道路运输证》办理、道路货物运输分公司经营备案等事项集成，并在申办环节实现企业营业执照信息自动核验。', '个体工商户转型为企业登记': '个体工商户转型为企业变更登记', '公章刻制备案': '公章刻制备案', '社会保险登记变更': '社会保险登记或参保信息变更', '住房公积金缴存登记变更': '住房公积金企业缴存登记或信息变更', '建筑工程施工许可': '建筑工程施工许可证核发', '建设工程消防设计审查': '建设工程消防设计审查', '城市建筑垃圾处置核准': '城市建筑垃圾处置核准', '城镇污水排入排水管网许可': '城镇污水排入排水管网许可（临时）', '工程质量安全监督手续办理': '建设工程质量监督手续办理', '汽车报废更新补贴申请': '汽车报废更新补贴申请', '食品经营许可': '食品经营许可', '出具死亡证明（正常死亡）': '出具死亡证明（正常死亡）', '注销户口': '户口注销', '医疗保险个人账户清算': '参保人员职工基本医疗保险个人账户余额一次性支取', '住房公积金提取': '住房公积金提取', '遗属待遇申领': '遗属待遇申领', '内地居民婚姻登记': '内地居民婚姻登记', '户口登记项目变更': '户口登记项目变更（婚姻状况）', '外国人来华工作许可': '外国人来华工作许可签发/变更/延期', '外国人工作类居留证件签发': '外国人居留证件签发/变更/延期'}
2026-08-18 08:26:42.744 | INFO     | eval.evaluation.evaluation:evaluate_single_query:275 - wide2deep_ws_zh_062, df_inner shape: (31, 12), answer_df shape: (128, 6), response_df shape: (65, 7)
2026-08-18 08:26:50.980 | DEBUG    | eval.evaluation.evaluation:evaluate_single_query:321 - wide2deep_ws_zh_062, col 场景名称, metric_func_name llm_judge, score [1, 1, 1, 1, 1, 1, 1, 1, 0, 0, 0, 1, 1, 0, 1, 1, 1, 1, 1, 1, 1, 1, 1, 1, 1, 1, 1, 1, 1, 1, 1]
2026-08-18 08:26:50.980 | DEBUG    | eval.evaluation.evaluation:metric_call:77 - metric_func_name exact_match score 0.0 msg exact not match, response: 线上线下集成办理, target: 优化
2026-08-18 08:26:50.981 | DEBUG    | eval.evaluation.evaluation:metric_call:77 - metric_func_name exact_match score 0.0 msg exact not match, response: 线上线下集成办理, target: 优化
2026-08-18 08:26:50.981 | DEBUG    | eval.evaluation.evaluation:metric_call:77 - metric_func_name exact_match score 0.0 msg exact not match, response: 线上线下集成办理, target: 优化
2026-08-18 08:26:50.981 | DEBUG    | eval.evaluation.evaluation:metric_call:77 - metric_func_name exact_match score 0.0 msg exact not match, response: 线上线下集成办理, target: 新建
2026-08-18 08:26:50.981 | DEBUG    | eval.evaluation.evaluation:metric_call:77 - metric_func_name exact_match score 0.0 msg exact not match, response: 线上线下集成办理, target: 新建
2026-08-18 08:26:50.981 | DEBUG    | eval.evaluation.evaluation:metric_call:77 - metric_func_name exact_match score 0.0 msg exact not match, response: 线上线下集成办理, target: 新建
2026-08-18 08:26:50.981 | DEBUG    | eval.evaluation.evaluation:metric_call:77 - metric_func_name exact_match score 0.0 msg exact not match, response: 线上线下集成办理, target: 新建
2026-08-18 08:26:50.981 | DEBUG    | eval.evaluation.evaluation:metric_call:77 - metric_func_name exact_match score 0.0 msg exact not match, response: 线上线下集成办理, target: 新建
2026-08-18 08:26:50.981 | DEBUG    | eval.evaluation.evaluation:metric_call:77 - metric_func_name exact_match score 0.0 msg exact not match, response: 线上线下集成办理, target: 优化
2026-08-18 08:26:50.981 | DEBUG    | eval.evaluation.evaluation:metric_call:77 - metric_func_name exact_match score 0.0 msg exact not match, response: 线上线下集成办理, target: 优化
2026-08-18 08:26:50.981 | DEBUG    | eval.evaluation.evaluation:metric_call:77 - metric_func_name exact_match score 0.0 msg exact not match, response: 线上线下集成办理, target: 优化
2026-08-18 08:26:50.981 | DEBUG    | eval.evaluation.evaluation:metric_call:77 - metric_func_name exact_match score 0.0 msg exact not match, response: 线上线下集成办理, target: 新建
2026-08-18 08:26:50.981 | DEBUG    | eval.evaluation.evaluation:metric_call:77 - metric_func_name exact_match score 0.0 msg exact not match, response: 线上线下集成办理, target: 新建
2026-08-18 08:26:50.981 | DEBUG    | eval.evaluation.evaluation:metric_call:77 - metric_func_name exact_match score 0.0 msg exact not match, response: 线上办理, target: 新建
2026-08-18 08:26:50.981 | DEBUG    | eval.evaluation.evaluation:metric_call:77 - metric_func_name exact_match score 0.0 msg exact not match, response: 线上线下集成办理, target: 优化
2026-08-18 08:26:50.981 | DEBUG    | eval.evaluation.evaluation:metric_call:77 - metric_func_name exact_match score 0.0 msg exact not match, response: 线上线下集成办理, target: 优化
2026-08-18 08:26:50.981 | DEBUG    | eval.evaluation.evaluation:metric_call:77 - metric_func_name exact_match score 0.0 msg exact not match, response: 线上线下集成办理, target: 优化
2026-08-18 08:26:50.981 | DEBUG    | eval.evaluation.evaluation:metric_call:77 - metric_func_name exact_match score 0.0 msg exact not match, response: 线上线下集成办理, target: 优化
2026-08-18 08:26:50.981 | DEBUG    | eval.evaluation.evaluation:metric_call:77 - metric_func_name exact_match score 0.0 msg exact not match, response: 线上线下集成办理, target: 新建和迁移
2026-08-18 08:26:50.981 | DEBUG    | eval.evaluation.evaluation:metric_call:77 - metric_func_name exact_match score 0.0 msg exact not match, response: 线上线下集成办理, target: 新建和迁移
2026-08-18 08:26:50.981 | DEBUG    | eval.evaluation.evaluation:metric_call:77 - metric_func_name exact_match score 0.0 msg exact not match, response: 线上线下集成办理, target: 新建和迁移
2026-08-18 08:26:50.981 | DEBUG    | eval.evaluation.evaluation:metric_call:77 - metric_func_name exact_match score 0.0 msg exact not match, response: 线上线下集成办理, target: 优化
2026-08-18 08:26:50.981 | DEBUG    | eval.evaluation.evaluation:metric_call:77 - metric_func_name exact_match score 0.0 msg exact not match, response: 线上线下集成办理, target: 优化
2026-08-18 08:26:50.981 | DEBUG    | eval.evaluation.evaluation:metric_call:77 - metric_func_name exact_match score 0.0 msg exact not match, response: 线上线下集成办理, target: 优化
2026-08-18 08:26:50.981 | DEBUG    | eval.evaluation.evaluation:metric_call:77 - metric_func_name exact_match score 0.0 msg exact not match, response: 线上集成办理, target: 优化
2026-08-18 08:26:50.982 | DEBUG    | eval.evaluation.evaluation:metric_call:77 - metric_func_name exact_match score 0.0 msg exact not match, response: 线上线下集成办理, target: 优化
2026-08-18 08:26:50.982 | DEBUG    | eval.evaluation.evaluation:metric_call:77 - metric_func_name exact_match score 0.0 msg exact not match, response: 线上线下集成办理, target: 优化
2026-08-18 08:26:50.982 | DEBUG    | eval.evaluation.evaluation:metric_call:77 - metric_func_name exact_match score 0.0 msg exact not match, response: 线上线下集成办理, target: 优化
2026-08-18 08:26:50.982 | DEBUG    | eval.evaluation.evaluation:metric_call:77 - metric_func_name exact_match score 0.0 msg exact not match, response: 线上集成办理, target: 优化
2026-08-18 08:26:50.982 | DEBUG    | eval.evaluation.evaluation:metric_call:77 - metric_func_name exact_match score 0.0 msg exact not match, response: 线上线下集成办理, target: 优化
2026-08-18 08:26:50.982 | DEBUG    | eval.evaluation.evaluation:metric_call:77 - metric_func_name exact_match score 0.0 msg exact not match, response: 线上线下集成办理, target: 优化
2026-08-18 08:26:50.982 | DEBUG    | eval.evaluation.evaluation:evaluate_single_query:321 - wide2deep_ws_zh_062, col 实施方式, metric_func_name exact_match, score [0.0, 0.0, 0.0, 0.0, 0.0, 0.0, 0.0, 0.0, 0.0, 0.0, 0.0, 0.0, 0.0, 0.0, 0.0, 0.0, 0.0, 0.0, 0.0, 0.0, 0.0, 0.0, 0.0, 0.0, 0.0, 0.0, 0.0, 0.0, 0.0, 0.0, 0.0]
2026-08-18 08:26:50.983 | DEBUG    | eval.evaluation.evaluation:metric_call:77 - metric_func_name exact_match score 0.0 msg exact not match, response: 北京市市场监督管理局, target: 市市场监管局
2026-08-18 08:26:50.983 | DEBUG    | eval.evaluation.evaluation:metric_call:77 - metric_func_name exact_match score 0.0 msg exact not match, response: 北京市市场监督管理局, target: 市市场监管局
2026-08-18 08:26:50.983 | DEBUG    | eval.evaluation.evaluation:metric_call:77 - metric_func_name exact_match score 0.0 msg exact not match, response: 北京市市场监督管理局, target: 市市场监管局
2026-08-18 08:26:50.983 | DEBUG    | eval.evaluation.evaluation:metric_call:77 - metric_func_name exact_match score 0.0 msg exact not match, response: 北京市住房和城乡建设委员会, target: 市住房城乡建设委
2026-08-18 08:26:50.983 | DEBUG    | eval.evaluation.evaluation:metric_call:77 - metric_func_name exact_match score 0.0 msg exact not match, response: 北京市住房和城乡建设委员会, target: 市住房城乡建设委
2026-08-18 08:26:50.983 | DEBUG    | eval.evaluation.evaluation:metric_call:77 - metric_func_name exact_match score 0.0 msg exact not match, response: 北京市住房和城乡建设委员会, target: 市住房城乡建设委
2026-08-18 08:26:50.983 | DEBUG    | eval.evaluation.evaluation:metric_call:77 - metric_func_name exact_match score 0.0 msg exact not match, response: 北京市住房和城乡建设委员会, target: 市住房城乡建设委
2026-08-18 08:26:50.983 | DEBUG    | eval.evaluation.evaluation:metric_call:77 - metric_func_name exact_match score 0.0 msg exact not match, response: 北京市住房和城乡建设委员会, target: 市住房城乡建设委
2026-08-18 08:26:50.983 | DEBUG    | eval.evaluation.evaluation:metric_call:77 - metric_func_name exact_match score 0.0 msg exact not match, response: 北京市市场监督管理局, target: 市民政局
2026-08-18 08:26:50.983 | DEBUG    | eval.evaluation.evaluation:metric_call:77 - metric_func_name exact_match score 0.0 msg exact not match, response: 北京市民政局, target: 市民政局
2026-08-18 08:26:50.983 | DEBUG    | eval.evaluation.evaluation:metric_call:77 - metric_func_name exact_match score 0.0 msg exact not match, response: 北京市民政局, target: 市民政局
2026-08-18 08:26:50.983 | DEBUG    | eval.evaluation.evaluation:metric_call:77 - metric_func_name exact_match score 0.0 msg exact not match, response: 北京市科学技术委员会、中关村科技园区管理委员会, target: 市科委、中关村管委会
2026-08-18 08:26:50.983 | DEBUG    | eval.evaluation.evaluation:metric_call:77 - metric_func_name exact_match score 0.0 msg exact not match, response: 北京市科学技术委员会、中关村科技园区管理委员会, target: 市科委、中关村管委会
2026-08-18 08:26:50.983 | DEBUG    | eval.evaluation.evaluation:metric_call:77 - metric_func_name exact_match score 0.0 msg exact not match, response: 北京市商务局, target: 市商务局
2026-08-18 08:26:50.983 | DEBUG    | eval.evaluation.evaluation:metric_call:77 - metric_func_name exact_match score 0.0 msg exact not match, response: 北京市民政局, target: 市公安局、市卫生健康委
2026-08-18 08:26:50.983 | DEBUG    | eval.evaluation.evaluation:metric_call:77 - metric_func_name exact_match score 0.0 msg exact not match, response: 北京市民政局, target: 市公安局、市卫生健康委
2026-08-18 08:26:50.983 | DEBUG    | eval.evaluation.evaluation:metric_call:77 - metric_func_name exact_match score 0.0 msg exact not match, response: 北京市民政局, target: 市公安局、市卫生健康委
2026-08-18 08:26:50.983 | DEBUG    | eval.evaluation.evaluation:metric_call:77 - metric_func_name exact_match score 0.0 msg exact not match, response: 北京市民政局, target: 市公安局、市卫生健康委
2026-08-18 08:26:50.983 | DEBUG    | eval.evaluation.evaluation:metric_call:77 - metric_func_name exact_match score 0.0 msg exact not match, response: 北京市市场监督管理局, target: 市市场监管局
2026-08-18 08:26:50.983 | DEBUG    | eval.evaluation.evaluation:metric_call:77 - metric_func_name exact_match score 0.0 msg exact not match, response: 北京市交通委员会, target: 市交通委
2026-08-18 08:26:50.984 | DEBUG    | eval.evaluation.evaluation:metric_call:77 - metric_func_name exact_match score 0.0 msg exact not match, response: 北京市经济和信息化局, target: 市经济和信息化局
2026-08-18 08:26:50.984 | DEBUG    | eval.evaluation.evaluation:metric_call:77 - metric_func_name exact_match score 0.0 msg exact not match, response: 北京市市场监督管理局, target: 市市场监管局
2026-08-18 08:26:50.984 | DEBUG    | eval.evaluation.evaluation:metric_call:77 - metric_func_name exact_match score 0.0 msg exact not match, response: 北京市市场监督管理局, target: 市市场监管局
2026-08-18 08:26:50.984 | DEBUG    | eval.evaluation.evaluation:metric_call:77 - metric_func_name exact_match score 0.0 msg exact not match, response: 北京市城市管理委员会, target: 市城市管理委、市水务局、市通信管理局
2026-08-18 08:26:50.984 | DEBUG    | eval.evaluation.evaluation:metric_call:77 - metric_func_name exact_match score 0.0 msg exact not match, response: 北京市政务服务和数据管理局, target: 市政务和数据局
2026-08-18 08:26:50.984 | DEBUG    | eval.evaluation.evaluation:metric_call:77 - metric_func_name exact_match score 0.0 msg exact not match, response: 北京市高级人民法院, target: 市政务和数据局
2026-08-18 08:26:50.984 | DEBUG    | eval.evaluation.evaluation:metric_call:77 - metric_func_name exact_match score 0.0 msg exact not match, response: 北京市人力资源和社会保障局, target: 市人力资源社会保障局
2026-08-18 08:26:50.984 | DEBUG    | eval.evaluation.evaluation:metric_call:77 - metric_func_name exact_match score 0.0 msg exact not match, response: 北京市卫生健康委员会, target: 市卫生健康委
2026-08-18 08:26:50.984 | DEBUG    | eval.evaluation.evaluation:metric_call:77 - metric_func_name exact_match score 0.0 msg exact not match, response: 北京市教育委员会, target: 市教委
2026-08-18 08:26:50.984 | DEBUG    | eval.evaluation.evaluation:metric_call:77 - metric_func_name exact_match score 0.0 msg exact not match, response: 北京市残疾人联合会, target: 市残联
2026-08-18 08:26:50.984 | DEBUG    | eval.evaluation.evaluation:metric_call:77 - metric_func_name exact_match score 0.0 msg exact not match, response: 北京市人力资源和社会保障局, target: 市人力资源社会保障局
2026-08-18 08:26:50.985 | DEBUG    | eval.evaluation.evaluation:evaluate_single_query:321 - wide2deep_ws_zh_062, col 牵头部门, metric_func_name exact_match, score [0.0, 0.0, 0.0, 0.0, 0.0, 0.0, 0.0, 0.0, 0.0, 0.0, 0.0, 0.0, 0.0, 0.0, 0.0, 0.0, 0.0, 0.0, 0.0, 0.0, 0.0, 0.0, 0.0, 0.0, 0.0, 0.0, 0.0, 0.0, 0.0, 0.0, 0.0]
2026-08-18 08:27:16.657 | DEBUG    | eval.evaluation.evaluation:evaluate_single_query:321 - wide2deep_ws_zh_062, col 配合部门, metric_func_name llm_judge, score [0, 0, 0, 0, 0, 0, 0, 0, 0, 0, 1, 0, 0, 0, 0, 0, 0, 0, 0, 0, 0, 0, 0, 0, 0, 0, 0, 0, 0, 0, 0]
2026-08-18 08:27:16.658 | DEBUG    | eval.evaluation.evaluation:metric_call:77 - metric_func_name exact_match score 0.0 msg exact not match, response: 2025年底前, target: 2025年7月底
2026-08-18 08:27:16.658 | DEBUG    | eval.evaluation.evaluation:metric_call:77 - metric_func_name exact_match score 0.0 msg exact not match, response: 2025年底前, target: 2025年7月底
2026-08-18 08:27:16.658 | DEBUG    | eval.evaluation.evaluation:metric_call:77 - metric_func_name exact_match score 0.0 msg exact not match, response: 2025年底前, target: 2025年7月底
2026-08-18 08:27:16.658 | DEBUG    | eval.evaluation.evaluation:metric_call:77 - metric_func_name exact_match score 0.0 msg exact not match, response: 2025年底前, target: 2025年7月底
2026-08-18 08:27:16.658 | DEBUG    | eval.evaluation.evaluation:metric_call:77 - metric_func_name exact_match score 0.0 msg exact not match, response: 2025年底前, target: 2025年7月底
2026-08-18 08:27:16.658 | DEBUG    | eval.evaluation.evaluation:metric_call:77 - metric_func_name exact_match score 0.0 msg exact not match, response: 2025年底前, target: 2025年7月底
2026-08-18 08:27:16.658 | DEBUG    | eval.evaluation.evaluation:metric_call:77 - metric_func_name exact_match score 0.0 msg exact not match, response: 2025年底前, target: 2025年7月底
2026-08-18 08:27:16.658 | DEBUG    | eval.evaluation.evaluation:metric_call:77 - metric_func_name exact_match score 0.0 msg exact not match, response: 2025年底前, target: 2025年7月底
2026-08-18 08:27:16.658 | DEBUG    | eval.evaluation.evaluation:metric_call:77 - metric_func_name exact_match score 0.0 msg exact not match, response: 2025年底前, target: 2025年10月底
2026-08-18 08:27:16.658 | DEBUG    | eval.evaluation.evaluation:metric_call:77 - metric_func_name exact_match score 0.0 msg exact not match, response: 2025年底前, target: 2025年7月底
2026-08-18 08:27:16.658 | DEBUG    | eval.evaluation.evaluation:metric_call:77 - metric_func_name exact_match score 0.0 msg exact not match, response: 2025年底前, target: 2025年7月底
2026-08-18 08:27:16.658 | DEBUG    | eval.evaluation.evaluation:metric_call:77 - metric_func_name exact_match score 0.0 msg exact not match, response: 2025年底前, target: 2025年8月底
2026-08-18 08:27:16.658 | DEBUG    | eval.evaluation.evaluation:metric_call:77 - metric_func_name exact_match score 0.0 msg exact not match, response: 2025年底前, target: 2025年8月底
2026-08-18 08:27:16.658 | DEBUG    | eval.evaluation.evaluation:metric_call:77 - metric_func_name exact_match score 0.0 msg exact not match, response: 2025年底前, target: 2025年7月底
2026-08-18 08:27:16.658 | DEBUG    | eval.evaluation.evaluation:metric_call:77 - metric_func_name exact_match score 0.0 msg exact not match, response: 2025年底前, target: 2025年7月底
2026-08-18 08:27:16.658 | DEBUG    | eval.evaluation.evaluation:metric_call:77 - metric_func_name exact_match score 0.0 msg exact not match, response: 2025年底前, target: 2025年7月底
2026-08-18 08:27:16.659 | DEBUG    | eval.evaluation.evaluation:metric_call:77 - metric_func_name exact_match score 0.0 msg exact not match, response: 2025年底前, target: 2025年7月底
2026-08-18 08:27:16.659 | DEBUG    | eval.evaluation.evaluation:metric_call:77 - metric_func_name exact_match score 0.0 msg exact not match, response: 2025年底前, target: 2025年7月底
2026-08-18 08:27:16.659 | DEBUG    | eval.evaluation.evaluation:metric_call:77 - metric_func_name exact_match score 0.0 msg exact not match, response: 2024年底前, target: 2024年10月底
2026-08-18 08:27:16.659 | DEBUG    | eval.evaluation.evaluation:metric_call:77 - metric_func_name exact_match score 0.0 msg exact not match, response: 2024年底前, target: 2024年10月底
2026-08-18 08:27:16.659 | DEBUG    | eval.evaluation.evaluation:metric_call:77 - metric_func_name exact_match score 0.0 msg exact not match, response: 2024年底前, target: 2024年10月底
2026-08-18 08:27:16.659 | DEBUG    | eval.evaluation.evaluation:metric_call:77 - metric_func_name exact_match score 0.0 msg exact not match, response: 2024年底前, target: 2024年10月底
2026-08-18 08:27:16.659 | DEBUG    | eval.evaluation.evaluation:metric_call:77 - metric_func_name exact_match score 0.0 msg exact not match, response: 2024年底前, target: 2024年6月底
2026-08-18 08:27:16.659 | DEBUG    | eval.evaluation.evaluation:metric_call:77 - metric_func_name exact_match score 0.0 msg exact not match, response: 2024年底前, target: 2024年10月底
2026-08-18 08:27:16.659 | DEBUG    | eval.evaluation.evaluation:metric_call:77 - metric_func_name exact_match score 0.0 msg exact not match, response: 2024年底前, target: 2024年10月底
2026-08-18 08:27:16.659 | DEBUG    | eval.evaluation.evaluation:metric_call:77 - metric_func_name exact_match score 0.0 msg exact not match, response: 2024年底前, target: 2024年10月底
2026-08-18 08:27:16.659 | DEBUG    | eval.evaluation.evaluation:metric_call:77 - metric_func_name exact_match score 0.0 msg exact not match, response: 2024年底前, target: 2024年6月底
2026-08-18 08:27:16.659 | DEBUG    | eval.evaluation.evaluation:metric_call:77 - metric_func_name exact_match score 0.0 msg exact not match, response: 2024年底前, target: 2024年10月底
2026-08-18 08:27:16.659 | DEBUG    | eval.evaluation.evaluation:metric_call:77 - metric_func_name exact_match score 0.0 msg exact not match, response: 2024年底前, target: 2024年9月底
2026-08-18 08:27:16.659 | DEBUG    | eval.evaluation.evaluation:metric_call:77 - metric_func_name exact_match score 0.0 msg exact not match, response: 2024年底前, target: 2024年10月底
2026-08-18 08:27:16.659 | DEBUG    | eval.evaluation.evaluation:metric_call:77 - metric_func_name exact_match score 0.0 msg exact not match, response: 2024年底前, target: 2024年6月底
2026-08-18 08:27:16.660 | DEBUG    | eval.evaluation.evaluation:evaluate_single_query:321 - wide2deep_ws_zh_062, col 完成时限, metric_func_name exact_match, score [0.0, 0.0, 0.0, 0.0, 0.0, 0.0, 0.0, 0.0, 0.0, 0.0, 0.0, 0.0, 0.0, 0.0, 0.0, 0.0, 0.0, 0.0, 0.0, 0.0, 0.0, 0.0, 0.0, 0.0, 0.0, 0.0, 0.0, 0.0, 0.0, 0.0, 0.0]
2026-08-18 08:27:16.670 | INFO     | eval.evaluation.evaluation:evaluate_single_query:380 - wide2deep_ws_zh_062, P/R/F1 by unique_columns: 0.4769/0.2422/0.3212
2026-08-18 08:27:16.670 | INFO     | eval.evaluation.evaluation:evaluate_single_query:383 - wide2deep_ws_zh_062, P/R/F1 by row: 0.0000/0.0000/0.0000
2026-08-18 08:27:16.670 | INFO     | eval.evaluation.evaluation:evaluate_single_query:386 - wide2deep_ws_zh_062, P/R/F1 by item: 0.1513/0.0768/0.1019
2026-08-18 08:27:16.675 | INFO     | eval.evaluation.evaluation:evaluate_single_query:398 - wide2deep_ws_zh_062, final table score: 0.0
{"event": "eval_done", "idx": 1, "instance_id": "wide2deep_ws_zh_062", "score": 0.0, "entity_acc": 1.0, "f1_by_row": 0.0, "f1_by_item": 0.10189982728842834, "column_f1": 0.32124352331606215, "error": null, "elapsed_seconds": 63.983, "running_n": 1}
2026-08-18 08:27:19.360 | DEBUG    | eval.evaluation.data_loader:extract_dataframe:167 - find markdown_str 
| 期刊名称 | 论文名称 | 论文关键词 | 论文作者 |
| --- | --- | --- | --- |
| 体育科学 ...
2026-08-18 08:27:22.787 | INFO     | eval.evaluation.metric_utils:primary_key_preprocess:246 - primary_key_preprocess result: ```json
{
  "未知（所给资料未收录截至2025年5月31日最新一期的论文目录）": "未知（所给资料未收录截至2025年5月31日最新一期的论文目录）"
}
```
2026-08-18 08:27:22.787 | INFO     | eval.evaluation.evaluation:evaluate_single_query:223 - col: 论文名称, primary_key_map {'未知（所给资料未收录截至2025年5月31日最新一期的论文目录）': '未知（所给资料未收录截至2025年5月31日最新一期的论文目录）'}
2026-08-18 08:27:22.796 | INFO     | eval.evaluation.evaluation:evaluate_single_query:275 - wide2deep_ws_zh_098, df_inner shape: (0, 8), answer_df shape: (208, 4), response_df shape: (1, 5)
2026-08-18 08:27:24.993 | DEBUG    | eval.evaluation.evaluation:evaluate_single_query:321 - wide2deep_ws_zh_098, col 期刊名称, metric_func_name llm_judge, score []
2026-08-18 08:27:28.591 | DEBUG    | eval.evaluation.evaluation:evaluate_single_query:321 - wide2deep_ws_zh_098, col 论文关键词, metric_func_name llm_judge, score []
2026-08-18 08:27:31.135 | DEBUG    | eval.evaluation.evaluation:evaluate_single_query:321 - wide2deep_ws_zh_098, col 论文作者, metric_func_name llm_judge, score []
2026-08-18 08:27:31.143 | INFO     | eval.evaluation.evaluation:evaluate_single_query:380 - wide2deep_ws_zh_098, P/R/F1 by unique_columns: 0.0000/0.0000/0.0000
2026-08-18 08:27:31.144 | INFO     | eval.evaluation.evaluation:evaluate_single_query:383 - wide2deep_ws_zh_098, P/R/F1 by row: 0.0000/0.0000/0.0000
2026-08-18 08:27:31.144 | INFO     | eval.evaluation.evaluation:evaluate_single_query:386 - wide2deep_ws_zh_098, P/R/F1 by item: 0.0000/0.0000/0.0000
2026-08-18 08:27:31.144 | INFO     | eval.evaluation.evaluation:evaluate_single_query:398 - wide2deep_ws_zh_098, final table score: 0.0
{"event": "eval_done", "idx": 2, "instance_id": "wide2deep_ws_zh_098", "score": 0.0, "entity_acc": 1.0, "f1_by_row": 0.0, "f1_by_item": 0.0, "column_f1": 0.0, "error": null, "elapsed_seconds": 14.44, "running_n": 2}
{"event": "eval_done", "idx": 3, "instance_id": "deep2wide_result_22_橄榄树", "score": 0.0, "entity_acc": 0.0, "f1_by_row": 0.0, "f1_by_item": 0.0, "column_f1": 0.0, "error": null, "elapsed_seconds": 6.468, "running_n": 3}
2026-08-18 08:27:47.886 | DEBUG    | eval.evaluation.data_loader:extract_dataframe:167 - find markdown_str 
| 名称 | 面积 | 政府驻地首府 |
| --- | --- | --- |
| 安达卢西亚自治区 | 87,268平方千 ...
2026-08-18 08:27:49.578 | INFO     | eval.evaluation.metric_utils:primary_key_preprocess:246 - primary_key_preprocess result: ```json
{
  "名称": "名称",
  "面积": "面积",
  "政府驻地首府": "政府驻地/首府"
}
```
2026-08-18 08:27:49.579 | INFO     | eval.evaluation.evaluation:evaluate_single_query:172 - column map: {'名称': '名称', '面积': '面积', '政府驻地首府': '政府驻地/首府'}
2026-08-18 08:27:49.579 | INFO     | eval.evaluation.evaluation:evaluate_single_query:173 - befor mapping: Index(['名称', '面积', '政府驻地首府'], dtype='object')
2026-08-18 08:27:49.580 | INFO     | eval.evaluation.evaluation:evaluate_single_query:175 - after mapping: Index(['名称', '面积', '政府驻地/首府'], dtype='object')
2026-08-18 08:27:55.638 | INFO     | eval.evaluation.metric_utils:primary_key_preprocess:246 - primary_key_preprocess result: ```json
{
  "安达卢西亚自治区": "安达卢西亚自治区",
  "阿拉贡自治区": "阿拉贡自治区",
  "阿斯图里亚斯自治区": "阿斯图里亚斯自治区",
  "巴利阿里群岛自治区": "巴利阿里群岛",
  "巴斯克地区自治区": "巴斯克自治区",
  "加那利群岛自治区": "加那利群岛",
  "坎塔布里亚自治区": "坎塔布里亚自治区",
  "卡斯蒂利亚-拉曼查自治区": "卡斯蒂利亚-拉曼恰自治区",
  "卡斯蒂利亚-莱昂自治区": "卡斯蒂利亚－莱昂",
  "加泰罗尼亚自治区": "加泰罗尼亚",
  "埃斯特雷马杜拉自治区": "埃斯特雷马杜拉自治区",
  "加利西亚自治区": "加利西亚自治区",
  "拉里奥哈自治区": "拉里奥哈自治区",
  "马德里自治区": "马德里自治区",
  "穆尔西亚自治区": "穆尔西亚省",
  "纳瓦拉自治区": "纳瓦拉自治区",
  "巴伦西亚自治区": "巴伦西亚省"
}
```
2026-08-18 08:27:55.638 | INFO     | eval.evaluation.evaluation:evaluate_single_query:223 - col: 名称, primary_key_map {'安达卢西亚自治区': '安达卢西亚自治区', '阿拉贡自治区': '阿拉贡自治区', '阿斯图里亚斯自治区': '阿斯图里亚斯自治区', '巴利阿里群岛自治区': '巴利阿里群岛', '巴斯克地区自治区': '巴斯克自治区', '加那利群岛自治区': '加那利群岛', '坎塔布里亚自治区': '坎塔布里亚自治区', '卡斯蒂利亚-拉曼查自治区': '卡斯蒂利亚-拉曼恰自治区', '卡斯蒂利亚-莱昂自治区': '卡斯蒂利亚－莱昂', '加泰罗尼亚自治区': '加泰罗尼亚', '埃斯特雷马杜拉自治区': '埃斯特雷马杜拉自治区', '加利西亚自治区': '加利西亚自治区', '拉里奥哈自治区': '拉里奥哈自治区', '马德里自治区': '马德里自治区', '穆尔西亚自治区': '穆尔西亚省', '纳瓦拉自治区': '纳瓦拉自治区', '巴伦西亚自治区': '巴伦西亚省'}
2026-08-18 08:27:55.645 | INFO     | eval.evaluation.evaluation:evaluate_single_query:275 - deep2wide_result_40_西班牙, df_inner shape: (17, 6), answer_df shape: (17, 3), response_df shape: (17, 4)
2026-08-18 08:27:55.646 | DEBUG    | eval.evaluation.evaluation:metric_call:77 - metric_func_name number_near score 1.0 msg number near in range 5.0%, response: 87268.0, target: 87268.0
2026-08-18 08:27:55.646 | DEBUG    | eval.evaluation.evaluation:metric_call:77 - metric_func_name number_near score 1.0 msg number near in range 5.0%, response: 47719.0, target: 47720.0
2026-08-18 08:27:55.646 | DEBUG    | eval.evaluation.evaluation:metric_call:77 - metric_func_name number_near score 0.0 msg number not convertable, response: 10604.0, target: None
2026-08-18 08:27:55.646 | DEBUG    | eval.evaluation.evaluation:metric_call:77 - metric_func_name number_near score 1.0 msg number near in range 5.0%, response: 4992.0, target: 5014.0
2026-08-18 08:27:55.646 | DEBUG    | eval.evaluation.evaluation:metric_call:77 - metric_func_name number_near score 1.0 msg number near in range 5.0%, response: 7234.0, target: 7233.0
2026-08-18 08:27:55.646 | DEBUG    | eval.evaluation.evaluation:metric_call:77 - metric_func_name number_near score 1.0 msg number near in range 5.0%, response: 7447.0, target: 7273.0
2026-08-18 08:27:55.646 | DEBUG    | eval.evaluation.evaluation:metric_call:77 - metric_func_name number_near score 0.0 msg number not convertable, response: 5321.0, target: None
2026-08-18 08:27:55.646 | DEBUG    | eval.evaluation.evaluation:metric_call:77 - metric_func_name number_near score 1.0 msg number near in range 5.0%, response: 94223.0, target: 94223.0
2026-08-18 08:27:55.647 | DEBUG    | eval.evaluation.evaluation:metric_call:77 - metric_func_name number_near score 1.0 msg number near in range 5.0%, response: 79463.0, target: 79409.0
2026-08-18 08:27:55.647 | DEBUG    | eval.evaluation.evaluation:metric_call:77 - metric_func_name number_near score 1.0 msg number near in range 5.0%, response: 32114.0, target: 32108.0
2026-08-18 08:27:55.647 | DEBUG    | eval.evaluation.evaluation:metric_call:77 - metric_func_name number_near score 1.0 msg number near in range 5.0%, response: 41634.0, target: 41634.0
2026-08-18 08:27:55.647 | DEBUG    | eval.evaluation.evaluation:metric_call:77 - metric_func_name number_near score 1.0 msg number near in range 5.0%, response: 29574.0, target: 29574.0
2026-08-18 08:27:55.647 | DEBUG    | eval.evaluation.evaluation:metric_call:77 - metric_func_name number_near score 0.0 msg number not near, response: 8028.0, target: 607.0
2026-08-18 08:27:55.647 | DEBUG    | eval.evaluation.evaluation:metric_call:77 - metric_func_name number_near score 1.0 msg number near in range 5.0%, response: 11313.0, target: 11314.0
2026-08-18 08:27:55.647 | DEBUG    | eval.evaluation.evaluation:metric_call:77 - metric_func_name number_near score 0.0 msg number not convertable, response: 10391.0, target: None
2026-08-18 08:27:55.647 | DEBUG    | eval.evaluation.evaluation:metric_call:77 - metric_func_name number_near score 1.0 msg number near in range 5.0%, response: 5045.0, target: 5045.0
2026-08-18 08:27:55.647 | DEBUG    | eval.evaluation.evaluation:metric_call:77 - metric_func_name number_near score 0.0 msg number not near, response: 23255.0, target: 10.563
2026-08-18 08:27:55.647 | DEBUG    | eval.evaluation.evaluation:evaluate_single_query:321 - deep2wide_result_40_西班牙, col 面积, metric_func_name number_near, score [1.0, 1.0, 0.0, 1.0, 1.0, 1.0, 0.0, 1.0, 1.0, 1.0, 1.0, 1.0, 0.0, 1.0, 0.0, 1.0, 0.0]
2026-08-18 08:27:55.648 | DEBUG    | eval.evaluation.evaluation:metric_call:77 - metric_func_name exact_match score 1.0 msg exact match, response: 塞维利亚, target: 塞维利亚
2026-08-18 08:27:55.648 | DEBUG    | eval.evaluation.evaluation:metric_call:77 - metric_func_name exact_match score 1.0 msg exact match, response: 萨拉戈萨, target: 萨拉戈萨
2026-08-18 08:27:55.648 | DEBUG    | eval.evaluation.evaluation:metric_call:77 - metric_func_name exact_match score 1.0 msg exact match, response: 奥维耶多, target: 奥维耶多
2026-08-18 08:27:55.648 | DEBUG    | eval.evaluation.evaluation:metric_call:77 - metric_func_name exact_match score 1.0 msg exact match, response: 帕尔马, target: 帕尔马
2026-08-18 08:27:55.648 | DEBUG    | eval.evaluation.evaluation:metric_call:77 - metric_func_name exact_match score 1.0 msg exact match, response: 维多利亚-加斯泰斯, target: 维多利亚-加斯泰斯
2026-08-18 08:27:55.648 | DEBUG    | eval.evaluation.evaluation:metric_call:77 - metric_func_name exact_match score 1.0 msg exact match, response: 圣克鲁斯-德特内里费、拉斯帕尔马斯, target: 圣克鲁斯-德特内里费、拉斯帕尔马斯
2026-08-18 08:27:55.648 | DEBUG    | eval.evaluation.evaluation:metric_call:77 - metric_func_name exact_match score 1.0 msg exact match, response: 桑坦德, target: 桑坦德
2026-08-18 08:27:55.648 | DEBUG    | eval.evaluation.evaluation:metric_call:77 - metric_func_name exact_match score 0.0 msg exact not match, response: 瓦拉多利德（政府驻地）, target: 巴利亚多利德
2026-08-18 08:27:55.648 | DEBUG    | eval.evaluation.evaluation:metric_call:77 - metric_func_name exact_match score 0.0 msg exact not match, response: 托莱多, target: 托莱多市
2026-08-18 08:27:55.648 | DEBUG    | eval.evaluation.evaluation:metric_call:77 - metric_func_name exact_match score 1.0 msg exact match, response: 巴塞罗那, target: 巴塞罗那
2026-08-18 08:27:55.648 | DEBUG    | eval.evaluation.evaluation:metric_call:77 - metric_func_name exact_match score 1.0 msg exact match, response: 梅里达, target: 梅里达
2026-08-18 08:27:55.648 | DEBUG    | eval.evaluation.evaluation:metric_call:77 - metric_func_name exact_match score 0.0 msg exact not match, response: 圣地亚哥-德孔波斯特拉, target: 圣地亚哥德孔波斯特拉
2026-08-18 08:27:55.648 | DEBUG    | eval.evaluation.evaluation:metric_call:77 - metric_func_name exact_match score 1.0 msg exact match, response: 马德里, target: 马德里
2026-08-18 08:27:55.648 | DEBUG    | eval.evaluation.evaluation:metric_call:77 - metric_func_name exact_match score 1.0 msg exact match, response: 穆尔西亚, target: 穆尔西亚
2026-08-18 08:27:55.648 | DEBUG    | eval.evaluation.evaluation:metric_call:77 - metric_func_name exact_match score 1.0 msg exact match, response: 潘普洛纳, target: 潘普洛纳
2026-08-18 08:27:55.648 | DEBUG    | eval.evaluation.evaluation:metric_call:77 - metric_func_name exact_match score 1.0 msg exact match, response: 洛格罗尼奥, target: 洛格罗尼奥
2026-08-18 08:27:55.648 | DEBUG    | eval.evaluation.evaluation:metric_call:77 - metric_func_name exact_match score 0.0 msg exact not match, response: 瓦伦西亚, target: 巴伦西亚
2026-08-18 08:27:55.649 | DEBUG    | eval.evaluation.evaluation:evaluate_single_query:321 - deep2wide_result_40_西班牙, col 政府驻地/首府, metric_func_name exact_match, score [1.0, 1.0, 1.0, 1.0, 1.0, 1.0, 1.0, 0.0, 0.0, 1.0, 1.0, 0.0, 1.0, 1.0, 1.0, 1.0, 0.0]
2026-08-18 08:27:55.653 | INFO     | eval.evaluation.evaluation:evaluate_single_query:380 - deep2wide_result_40_西班牙, P/R/F1 by unique_columns: 1.0000/1.0000/1.0000
2026-08-18 08:27:55.653 | INFO     | eval.evaluation.evaluation:evaluate_single_query:383 - deep2wide_result_40_西班牙, P/R/F1 by row: 0.5294/0.5294/0.5294
2026-08-18 08:27:55.653 | INFO     | eval.evaluation.evaluation:evaluate_single_query:386 - deep2wide_result_40_西班牙, P/R/F1 by item: 0.8235/0.8235/0.8235
2026-08-18 08:27:55.655 | INFO     | eval.evaluation.evaluation:evaluate_single_query:398 - deep2wide_result_40_西班牙, final table score: 0.0
{"event": "eval_done", "idx": 4, "instance_id": "deep2wide_result_40_西班牙", "score": 0.0, "entity_acc": 1.0, "f1_by_row": 0.5294117647058824, "f1_by_item": 0.8235294117647058, "column_f1": 1.0, "error": null, "elapsed_seconds": 17.998, "running_n": 4}
2026-08-18 08:28:01.968 | DEBUG    | eval.evaluation.data_loader:extract_dataframe:167 - find markdown_str 
| 姓名 | 字 | 籍贯 |
| --- | --- | --- |
| 张机（后世称张仲景） | 仲景 | 南阳郡涅阳县（ ...
2026-08-18 08:28:03.854 | INFO     | eval.evaluation.metric_utils:primary_key_preprocess:246 - primary_key_preprocess result: ```json
{
  "张机（后世称张仲景）": "张仲景",
  "华佗": "华佗",
  "董奉": "董奉"
}
```
2026-08-18 08:28:03.854 | INFO     | eval.evaluation.evaluation:evaluate_single_query:223 - col: 姓名, primary_key_map {'张机（后世称张仲景）': '张仲景', '华佗': '华佗', '董奉': '董奉'}
2026-08-18 08:28:03.860 | INFO     | eval.evaluation.evaluation:evaluate_single_query:275 - deep2wide_result_42_建安三神医, df_inner shape: (3, 6), answer_df shape: (3, 3), response_df shape: (3, 4)
2026-08-18 08:28:08.425 | DEBUG    | eval.evaluation.evaluation:evaluate_single_query:321 - deep2wide_result_42_建安三神医, col 字, metric_func_name llm_judge, score [1, 1, 1]
2026-08-18 08:28:15.334 | DEBUG    | eval.evaluation.evaluation:evaluate_single_query:321 - deep2wide_result_42_建安三神医, col 籍贯, metric_func_name llm_judge, score [0, 1, 1]
2026-08-18 08:28:15.338 | INFO     | eval.evaluation.evaluation:evaluate_single_query:380 - deep2wide_result_42_建安三神医, P/R/F1 by unique_columns: 1.0000/1.0000/1.0000
2026-08-18 08:28:15.338 | INFO     | eval.evaluation.evaluation:evaluate_single_query:383 - deep2wide_result_42_建安三神医, P/R/F1 by row: 0.6667/0.6667/0.6667
2026-08-18 08:28:15.338 | INFO     | eval.evaluation.evaluation:evaluate_single_query:386 - deep2wide_result_42_建安三神医, P/R/F1 by item: 0.8889/0.8889/0.8889
2026-08-18 08:28:15.339 | INFO     | eval.evaluation.evaluation:evaluate_single_query:398 - deep2wide_result_42_建安三神医, final table score: 0.0
{"event": "eval_done", "idx": 5, "instance_id": "deep2wide_result_42_建安三神医", "score": 0.0, "entity_acc": 1.0, "f1_by_row": 0.6666666666666666, "f1_by_item": 0.8888888888888888, "column_f1": 1.0, "error": null, "elapsed_seconds": 19.652, "running_n": 5}
2026-08-18 08:28:21.494 | DEBUG    | eval.evaluation.data_loader:extract_dataframe:167 - find markdown_str 
| 姓名 | 参加年份 | 奖项 |
| --- | --- | --- |
| 周游 | -, 2011 | 金牌 |
|  ...
2026-08-18 08:28:23.125 | INFO     | eval.evaluation.metric_utils:primary_key_preprocess:246 - primary_key_preprocess result: ```json
{
  "谢柏庭": "谢柏庭",
  "韩新淼": "韩新淼"
}
```
2026-08-18 08:28:23.125 | INFO     | eval.evaluation.evaluation:evaluate_single_query:223 - col: 姓名, primary_key_map {'谢柏庭': '谢柏庭', '韩新淼': '韩新淼'}
2026-08-18 08:28:23.256 | INFO     | eval.evaluation.evaluation:evaluate_single_query:275 - deep2wide_result_48_乐清市知临中学, df_inner shape: (2, 6), answer_df shape: (6, 3), response_df shape: (8, 4)
2026-08-18 08:28:23.259 | DEBUG    | eval.evaluation.evaluation:metric_call:77 - metric_func_name date_near score 0.0 msg date not near, response: 2020-08-01 00:00:00, target: 2018-06-08 00:00:00
2026-08-18 08:28:23.261 | DEBUG    | eval.evaluation.evaluation:metric_call:77 - metric_func_name date_near score 0.0 msg date not near, response: 2014-08-01 00:00:00, target: 2018-07-08 00:00:00
2026-08-18 08:28:23.263 | DEBUG    | eval.evaluation.evaluation:evaluate_single_query:321 - deep2wide_result_48_乐清市知临中学, col 参加年份, metric_func_name date_near, score [0.0, 0.0]
2026-08-18 08:28:23.263 | DEBUG    | eval.evaluation.evaluation:metric_call:77 - metric_func_name exact_match score 1.0 msg exact match, response: 金牌, target: 金牌
2026-08-18 08:28:23.263 | DEBUG    | eval.evaluation.evaluation:metric_call:77 - metric_func_name exact_match score 1.0 msg exact match, response: 金牌, target: 金牌
2026-08-18 08:28:23.264 | DEBUG    | eval.evaluation.evaluation:evaluate_single_query:321 - deep2wide_result_48_乐清市知临中学, col 奖项, metric_func_name exact_match, score [1.0, 1.0]
2026-08-18 08:28:23.268 | INFO     | eval.evaluation.evaluation:evaluate_single_query:380 - deep2wide_result_48_乐清市知临中学, P/R/F1 by unique_columns: 0.2500/0.3333/0.2857
2026-08-18 08:28:23.268 | INFO     | eval.evaluation.evaluation:evaluate_single_query:383 - deep2wide_result_48_乐清市知临中学, P/R/F1 by row: 0.0000/0.0000/0.0000
2026-08-18 08:28:23.268 | INFO     | eval.evaluation.evaluation:evaluate_single_query:386 - deep2wide_result_48_乐清市知临中学, P/R/F1 by item: 0.1667/0.2222/0.1905
2026-08-18 08:28:23.269 | INFO     | eval.evaluation.evaluation:evaluate_single_query:398 - deep2wide_result_48_乐清市知临中学, final table score: 0.0
{"event": "eval_done", "idx": 6, "instance_id": "deep2wide_result_48_乐清市知临中学", "score": 0.0, "entity_acc": 1.0, "f1_by_row": 0.0, "f1_by_item": 0.1904761904761905, "column_f1": 0.28571428571428575, "error": null, "elapsed_seconds": 7.908, "running_n": 6}
{"event": "eval_done", "idx": 7, "instance_id": "deep2wide_result_51_安提帕特王朝", "score": 0.0, "entity_acc": 0.0, "f1_by_row": 0.0, "f1_by_item": 0.0, "column_f1": 0.0, "error": null, "elapsed_seconds": 2.644, "running_n": 7}
SUMMARY {"n": 7, "valid_n": 7, "errors": 0, "complete": true, "judge_calls_current_process": 20, "score": 0.0, "entity_acc": 0.7142857142857143, "precision_by_row": 0.17086834733893558, "recall_by_row": 0.17086834733893558, "f1_by_row": 0.17086834733893558, "precision_by_item": 0.2900524312289018, "recall_by_item": 0.28735191993464054, "f1_by_item": 0.2863991883454591, "column_precision": 0.38956043956043956, "column_recall": 0.3679315476190476, "column_f1": 0.37242254414719256}
