INFO: Pandarallel will run on 8 workers.
INFO: Pandarallel will use Memory file system to transfer data between the main process and workers.
{"event": "eval_start", "selected": 7, "resume_committed": 0, "committed_errors": 0, "crash_only_resume": false}
2026-08-18 08:26:29.137 | DEBUG    | eval.evaluation.data_loader:extract_dataframe:167 - find markdown_str 
| 时间 | 风格 | 时期 | 艺术类型 | 绘画媒材 | 收藏类型和艺术品名称 |
| --- | --- | --- | ...
2026-08-18 08:26:38.874 | INFO     | eval.evaluation.metric_utils:primary_key_preprocess:246 - primary_key_preprocess result: ```json
{
  "时间": "时间",
  "风格": "风格",
  "时期": "时期",
  "艺术类型": "艺术类型",
  "绘画媒材": "绘画媒材"
}
```
2026-08-18 08:26:38.874 | INFO     | eval.evaluation.evaluation:evaluate_single_query:172 - column map: {'时间': '时间', '风格': '风格', '时期': '时期', '艺术类型': '艺术类型', '绘画媒材': '绘画媒材'}
2026-08-18 08:26:38.875 | INFO     | eval.evaluation.evaluation:evaluate_single_query:173 - befor mapping: Index(['时间', '风格', '时期', '艺术类型', '绘画媒材', '收藏类型和艺术品名称'], dtype='object')
2026-08-18 08:26:38.875 | INFO     | eval.evaluation.evaluation:evaluate_single_query:175 - after mapping: Index(['时间', '风格', '时期', '艺术类型', '绘画媒材', '收藏类型和艺术品名称'], dtype='object')
2026-08-18 08:26:38.875 | INFO     | eval.evaluation.evaluation:evaluate_single_query:179 - instance_id: deep2wide_result_8_保罗高更, msg: required_columns ['时间', '风格', '时期', '艺术类型', '绘画媒材', '收藏类型', '艺术品名称'] != response_df Index(['时间', '风格', '时期', '艺术类型', '绘画媒材', '收藏类型和艺术品名称'], dtype='object')
{"event": "eval_done", "idx": 1, "instance_id": "deep2wide_result_8_保罗高更", "score": 0.0, "entity_acc": 1.0, "f1_by_row": 0.0, "f1_by_item": 0.0, "column_f1": 0.0, "error": null, "elapsed_seconds": 26.161, "running_n": 1}
{"event": "eval_done", "idx": 2, "instance_id": "deep2wide_result_9_凌洁", "score": 0.0, "entity_acc": 0.0, "f1_by_row": 0.0, "f1_by_item": 0.0, "column_f1": 0.0, "error": null, "elapsed_seconds": 4.787, "running_n": 2}
2026-08-18 08:26:48.844 | DEBUG    | eval.evaluation.data_loader:extract_dataframe:167 - find markdown_str 
| 俱乐部名称 | 执教时间 | 俱乐部主场馆 |
| --- | --- | --- |
| 格雷米奥（Grêmio） |  ...
2026-08-18 08:26:54.764 | INFO     | eval.evaluation.metric_utils:primary_key_preprocess:246 - primary_key_preprocess result: ```json
{
  "格雷米奥（Grêmio）": "格雷米奥足球俱乐部",
  "科林蒂安（Corinthians）": "科林蒂安足球俱乐部",
  "米内罗竞技（Atlético Mineiro）": "米内罗竞技足球俱乐部",
  "帕尔梅拉斯（Palmeiras）": "帕尔梅拉斯足球俱乐部",
  "艾因（Al Ain）": "阿联酋阿尔艾因足球俱乐部",
  "巴西国际（Internacional）": "巴西国际足球俱乐部",
  "阿布扎比统一（Al Wahda）": "阿联酋瓦赫达足球俱乐部",
  "科林蒂安（Corinthians，第二次）": "科林蒂安足球俱乐部"
}
```
2026-08-18 08:26:54.764 | INFO     | eval.evaluation.evaluation:evaluate_single_query:223 - col: 俱乐部名称, primary_key_map {'格雷米奥（Grêmio）': '格雷米奥足球俱乐部', '科林蒂安（Corinthians）': '科林蒂安足球俱乐部', '米内罗竞技（Atlético Mineiro）': '米内罗竞技足球俱乐部', '帕尔梅拉斯（Palmeiras）': '帕尔梅拉斯足球俱乐部', '艾因（Al Ain）': '阿联酋阿尔艾因足球俱乐部', '巴西国际（Internacional）': '巴西国际足球俱乐部', '阿布扎比统一（Al Wahda）': '阿联酋瓦赫达足球俱乐部', '科林蒂安（Corinthians，第二次）': '科林蒂安足球俱乐部'}
2026-08-18 08:26:57.341 | INFO     | eval.evaluation.evaluation:evaluate_single_query:275 - deep2wide_result_10_蒂特, df_inner shape: (8, 6), answer_df shape: (7, 3), response_df shape: (9, 4)
2026-08-18 08:26:57.442 | DEBUG    | eval.evaluation.evaluation:metric_call:77 - metric_func_name date_near score 0.0 msg date not convertable, response: -, 2001—-, 2003, target: 23-08-18
2026-08-18 08:26:57.556 | DEBUG    | eval.evaluation.evaluation:metric_call:77 - metric_func_name date_near score 1.0 msg date near, response: -, 2004—-, 2005, target: 2004年5月—2005年2月
2026-08-18 08:26:57.671 | DEBUG    | eval.evaluation.evaluation:metric_call:77 - metric_func_name date_near score 1.0 msg date near, response: -, 2010—-, 2013, target: 2004年5月—2005年2月
2026-08-18 08:26:57.688 | DEBUG    | eval.evaluation.evaluation:metric_call:77 - metric_func_name date_near score 0.0 msg date not convertable, response: 2005-08-01, target: 2005年3月—7月
2026-08-18 08:26:57.704 | DEBUG    | eval.evaluation.evaluation:metric_call:77 - metric_func_name date_near score 0.0 msg date not convertable, response: 2006-08-01, target: 2006年5月—11月
2026-08-18 08:26:57.714 | DEBUG    | eval.evaluation.evaluation:metric_call:77 - metric_func_name date_near score 0.0 msg date not convertable, response: 2007-08-01, target: 2008年上半年
2026-08-18 08:26:57.829 | DEBUG    | eval.evaluation.evaluation:metric_call:77 - metric_func_name date_near score 1.0 msg date near, response: -, 2008—-, 2009, target: 2008年6月—2009年10月
2026-08-18 08:26:57.832 | DEBUG    | eval.evaluation.evaluation:metric_call:77 - metric_func_name date_near score 0.0 msg date not near, response: 2010-08-01 00:00:00, target: 2010-10-09 00:00:00
2026-08-18 08:26:57.833 | DEBUG    | eval.evaluation.evaluation:evaluate_single_query:321 - deep2wide_result_10_蒂特, col 执教时间, metric_func_name date_near, score [0.0, 1.0, 1.0, 0.0, 0.0, 0.0, 1.0, 0.0]
2026-08-18 08:27:02.719 | DEBUG    | eval.evaluation.evaluation:evaluate_single_query:321 - deep2wide_result_10_蒂特, col 俱乐部主场馆, metric_func_name llm_judge, score [1, 0, 0, 1, 0, 0, 1, 1]
2026-08-18 08:27:02.727 | INFO     | eval.evaluation.evaluation:evaluate_single_query:380 - deep2wide_result_10_蒂特, P/R/F1 by unique_columns: 0.8889/1.1429/1.0000
2026-08-18 08:27:02.727 | INFO     | eval.evaluation.evaluation:evaluate_single_query:383 - deep2wide_result_10_蒂特, P/R/F1 by row: 0.1111/0.1429/0.1250
2026-08-18 08:27:02.727 | INFO     | eval.evaluation.evaluation:evaluate_single_query:386 - deep2wide_result_10_蒂特, P/R/F1 by item: 0.5556/0.7143/0.6250
2026-08-18 08:27:02.729 | INFO     | eval.evaluation.evaluation:evaluate_single_query:398 - deep2wide_result_10_蒂特, final table score: 0.0
{"event": "eval_done", "idx": 3, "instance_id": "deep2wide_result_10_蒂特", "score": null, "entity_acc": null, "f1_by_row": null, "f1_by_item": null, "column_f1": null, "error": "RuntimeError: official evaluator returned out-of-range metrics: {'column_recall': np.float64(1.1428571428571428)}", "elapsed_seconds": 19.016, "running_n": 3}
{"event": "eval_done", "idx": 4, "instance_id": "deep2wide_result_11_印毅俊", "score": 0.0, "entity_acc": 0.0, "f1_by_row": 0.0, "f1_by_item": 0.0, "column_f1": 0.0, "error": null, "elapsed_seconds": 5.017, "running_n": 4}
{"event": "eval_done", "idx": 5, "instance_id": "deep2wide_result_13_张国立", "score": 0.0, "entity_acc": 0.0, "f1_by_row": 0.0, "f1_by_item": 0.0, "column_f1": 0.0, "error": null, "elapsed_seconds": 18.752, "running_n": 5}
2026-08-18 08:27:35.135 | DEBUG    | eval.evaluation.data_loader:extract_dataframe:167 - find markdown_str 
| 电视剧名称 | 开播时间 | 角色名 |
| --- | --- | --- |
| 匆匆那年：好久不见 | Dec 28 ...
2026-08-18 08:27:55.844 | INFO     | eval.evaluation.metric_utils:primary_key_preprocess:246 - primary_key_preprocess result: ```json
{
  "一起同过窗": "2016",
  "我女朋友的男朋友": "2017",
  "开封奇谈": "2017",
  "一起同过窗第二季": "2017",
  "重明卫：大明机密": "2018",
  "皓镧传": "2019",
  "陪你到世界之巅": "2019",
  "我的单板女孩": "2019",
  "非常目击": "2020",
  "且听凤鸣": "2020",
  "我的小确幸": "2021",
  "你给我的喜欢": "2023",
  "少爷和我": "2024",
  "又见逍遥": "2024",
  "火柴小姐和美味先生": "2024",
  "春花焰": "2024"
}
```
2026-08-18 08:27:55.844 | INFO     | eval.evaluation.evaluation:evaluate_single_query:223 - col: 电视剧名称, primary_key_map {'一起同过窗': '2016', '我女朋友的男朋友': '2017', '开封奇谈': '2017', '一起同过窗第二季': '2017', '重明卫：大明机密': '2018', '皓镧传': '2019', '陪你到世界之巅': '2019', '我的单板女孩': '2019', '非常目击': '2020', '且听凤鸣': '2020', '我的小确幸': '2021', '你给我的喜欢': '2023', '少爷和我': '2024', '又见逍遥': '2024', '火柴小姐和美味先生': '2024', '春花焰': '2024'}
2026-08-18 08:27:55.931 | INFO     | eval.evaluation.evaluation:evaluate_single_query:275 - deep2wide_result_14_李川, df_inner shape: (16, 6), answer_df shape: (8, 3), response_df shape: (20, 4)
2026-08-18 08:27:55.940 | DEBUG    | eval.evaluation.evaluation:metric_call:77 - metric_func_name date_near score 0.0 msg date not convertable, response: 2016-07-15, target: 《一起同过窗》
2026-08-18 08:27:55.948 | DEBUG    | eval.evaluation.evaluation:metric_call:77 - metric_func_name date_near score 0.0 msg date not convertable, response: 2017-05-25, target: 《那片星空那片海第二季》
2026-08-18 08:27:55.956 | DEBUG    | eval.evaluation.evaluation:metric_call:77 - metric_func_name date_near score 0.0 msg date not convertable, response: 2017-10-30, target: 《那片星空那片海第二季》
2026-08-18 08:27:55.964 | DEBUG    | eval.evaluation.evaluation:metric_call:77 - metric_func_name date_near score 0.0 msg date not convertable, response: 2017-11-30, target: 《那片星空那片海第二季》
2026-08-18 08:27:55.972 | DEBUG    | eval.evaluation.evaluation:metric_call:77 - metric_func_name date_near score 0.0 msg date not convertable, response: 2018-12-11, target: 《重明卫：大明机密》
2026-08-18 08:27:55.980 | DEBUG    | eval.evaluation.evaluation:metric_call:77 - metric_func_name date_near score 0.0 msg date not convertable, response: 2019-01-19, target: 《皓镧传》
2026-08-18 08:27:55.988 | DEBUG    | eval.evaluation.evaluation:metric_call:77 - metric_func_name date_near score 0.0 msg date not convertable, response: 2019-06-09, target: 《皓镧传》
2026-08-18 08:27:55.995 | DEBUG    | eval.evaluation.evaluation:metric_call:77 - metric_func_name date_near score 0.0 msg date not convertable, response: 2019-07-31, target: 《皓镧传》
2026-08-18 08:27:56.003 | DEBUG    | eval.evaluation.evaluation:metric_call:77 - metric_func_name date_near score 0.0 msg date not convertable, response: 2020-08-18, target: 《蓬莱间》
2026-08-18 08:27:56.010 | DEBUG    | eval.evaluation.evaluation:metric_call:77 - metric_func_name date_near score 0.0 msg date not convertable, response: 2020-08-10, target: 《蓬莱间》
2026-08-18 08:27:56.018 | DEBUG    | eval.evaluation.evaluation:metric_call:77 - metric_func_name date_near score 0.0 msg date not convertable, response: 2021-01-13, target: 《我的小确幸》
2026-08-18 08:27:56.027 | DEBUG    | eval.evaluation.evaluation:metric_call:77 - metric_func_name date_near score 0.0 msg date not convertable, response: 2023-04-24, target: 《你给我的喜欢》
2026-08-18 08:27:56.034 | DEBUG    | eval.evaluation.evaluation:metric_call:77 - metric_func_name date_near score 0.0 msg date not convertable, response: 2024-02-04, target: 《少爷和我》
2026-08-18 08:27:56.042 | DEBUG    | eval.evaluation.evaluation:metric_call:77 - metric_func_name date_near score 0.0 msg date not convertable, response: 2024-04-02, target: 《少爷和我》
2026-08-18 08:27:56.049 | DEBUG    | eval.evaluation.evaluation:metric_call:77 - metric_func_name date_near score 0.0 msg date not convertable, response: 2024-04-18, target: 《少爷和我》
2026-08-18 08:27:56.057 | DEBUG    | eval.evaluation.evaluation:metric_call:77 - metric_func_name date_near score 0.0 msg date not convertable, response: 2024-10-14, target: 《少爷和我》
2026-08-18 08:27:56.058 | DEBUG    | eval.evaluation.evaluation:evaluate_single_query:321 - deep2wide_result_14_李川, col 开播时间, metric_func_name date_near, score [0.0, 0.0, 0.0, 0.0, 0.0, 0.0, 0.0, 0.0, 0.0, 0.0, 0.0, 0.0, 0.0, 0.0, 0.0, 0.0]
2026-08-18 08:28:00.338 | DEBUG    | eval.evaluation.evaluation:evaluate_single_query:321 - deep2wide_result_14_李川, col 角色名, metric_func_name llm_judge, score [1, 0, 0, 0, 1, 1, 0, 0, 0, 0, 1, 1, 0, 0, 0, 0]
2026-08-18 08:28:00.343 | INFO     | eval.evaluation.evaluation:evaluate_single_query:380 - deep2wide_result_14_李川, P/R/F1 by unique_columns: 0.8000/2.0000/1.1429
2026-08-18 08:28:00.343 | INFO     | eval.evaluation.evaluation:evaluate_single_query:383 - deep2wide_result_14_李川, P/R/F1 by row: 0.0000/0.0000/0.0000
2026-08-18 08:28:00.343 | INFO     | eval.evaluation.evaluation:evaluate_single_query:386 - deep2wide_result_14_李川, P/R/F1 by item: 0.3500/0.8750/0.5000
2026-08-18 08:28:00.345 | INFO     | eval.evaluation.evaluation:evaluate_single_query:398 - deep2wide_result_14_李川, final table score: 0.0
{"event": "eval_done", "idx": 6, "instance_id": "deep2wide_result_14_李川", "score": null, "entity_acc": null, "f1_by_row": null, "f1_by_item": null, "column_f1": null, "error": "RuntimeError: official evaluator returned out-of-range metrics: {'column_recall': np.float64(2.0), 'column_f1': np.float64(1.142857142857143)}", "elapsed_seconds": 33.765, "running_n": 6}
{"event": "eval_done", "idx": 7, "instance_id": "deep2wide_result_15_肖央", "score": 0.0, "entity_acc": 0.0, "f1_by_row": 0.0, "f1_by_item": 0.0, "column_f1": 0.0, "error": null, "elapsed_seconds": 5.664, "running_n": 7}
SUMMARY {"n": 7, "valid_n": 5, "errors": 2, "complete": false, "judge_calls_current_process": 12, "score": 0.0, "entity_acc": 0.2, "precision_by_row": 0.0, "recall_by_row": 0.0, "f1_by_row": 0.0, "precision_by_item": 0.0, "recall_by_item": 0.0, "f1_by_item": 0.0, "column_precision": 0.0, "column_recall": 0.0, "column_f1": 0.0}
