INFO: Pandarallel will run on 8 workers.
INFO: Pandarallel will use Memory file system to transfer data between the main process and workers.
{"event": "eval_start", "selected": 7, "resume_committed": 0, "committed_errors": 0, "crash_only_resume": false}
{"event": "eval_done", "idx": 1, "instance_id": "wide2deep_ws_zh_059", "score": 0.0, "entity_acc": 0.0, "f1_by_row": 0.0, "f1_by_item": 0.0, "column_f1": 0.0, "error": null, "elapsed_seconds": 4.132, "running_n": 1}
{"event": "eval_done", "idx": 2, "instance_id": "wide2deep_ws_en_006", "score": 0.0, "entity_acc": 0.0, "f1_by_row": 0.0, "f1_by_item": 0.0, "column_f1": 0.0, "error": null, "elapsed_seconds": 2.159, "running_n": 2}
2026-08-18 08:26:21.043 | DEBUG    | eval.evaluation.data_loader:extract_dataframe:167 - find markdown_str 
| State | Number of Congressional Districts | Number of Elector ...
2026-08-18 08:26:41.592 | INFO     | eval.evaluation.metric_utils:primary_key_preprocess:246 - primary_key_preprocess result: ```json
{
  "Alabama": "Alabama",
  "Alaska": "Alaska",
  "Arizona": "Arizona",
  "Arkansas": "Arkansas",
  "California": "California",
  "Colorado": "Colorado",
  "Connecticut": "Connecticut",
  "Delaware": "Delaware",
  "Florida": "Florida",
  "Georgia": "Georgia",
  "Hawaii": "Hawaii",
  "Idaho": "Idaho",
  "Illinois": "Illinois",
  "Indiana": "Indiana",
  "Iowa": "Iowa",
  "Kansas": "Kansas",
  "Kentucky": "Kentucky",
  "Louisiana": "Louisiana",
  "Maine": "Maine",
  "Maryland": "Maryland",
  "Massachusetts": "Massachusetts",
  "Michigan": "Michigan",
  "Minnesota": "Minnesota",
  "Mississippi": "Mississippi",
  "Missouri": "Missouri",
  "Montana": "Montana",
  "Nebraska": "Nebraska",
  "Nevada": "Nevada",
  "New Hampshire": "New Hampshire",
  "New Jersey": "New Jersey",
  "New Mexico": "New Mexico",
  "New York": "New York",
  "North Carolina": "North Carolina",
  "North Dakota": "North Dakota",
  "Ohio": "Ohio",
  "Oklahoma": "Oklahoma",
  "Oregon": "Oregon",
  "Pennsylvania": "Pennsylvania",
  "Rhode Island": "Rhode Island",
  "South Carolina": "South Carolina",
  "South Dakota": "South Dakota",
  "Tennessee": "Tennessee",
  "Texas": "Texas",
  "Utah": "Utah",
  "Vermont": "Vermont",
  "Virginia": "Virginia",
  "Washington": "Washington",
  "West Virginia": "West Virginia",
  "Wisconsin": "Wisconsin",
  "Wyoming": "Wyoming"
}
```
2026-08-18 08:26:41.592 | INFO     | eval.evaluation.evaluation:evaluate_single_query:223 - col: state, primary_key_map {'Alabama': 'Alabama', 'Alaska': 'Alaska', 'Arizona': 'Arizona', 'Arkansas': 'Arkansas', 'California': 'California', 'Colorado': 'Colorado', 'Connecticut': 'Connecticut', 'Delaware': 'Delaware', 'Florida': 'Florida', 'Georgia': 'Georgia', 'Hawaii': 'Hawaii', 'Idaho': 'Idaho', 'Illinois': 'Illinois', 'Indiana': 'Indiana', 'Iowa': 'Iowa', 'Kansas': 'Kansas', 'Kentucky': 'Kentucky', 'Louisiana': 'Louisiana', 'Maine': 'Maine', 'Maryland': 'Maryland', 'Massachusetts': 'Massachusetts', 'Michigan': 'Michigan', 'Minnesota': 'Minnesota', 'Mississippi': 'Mississippi', 'Missouri': 'Missouri', 'Montana': 'Montana', 'Nebraska': 'Nebraska', 'Nevada': 'Nevada', 'New Hampshire': 'New Hampshire', 'New Jersey': 'New Jersey', 'New Mexico': 'New Mexico', 'New York': 'New York', 'North Carolina': 'North Carolina', 'North Dakota': 'North Dakota', 'Ohio': 'Ohio', 'Oklahoma': 'Oklahoma', 'Oregon': 'Oregon', 'Pennsylvania': 'Pennsylvania', 'Rhode Island': 'Rhode Island', 'South Carolina': 'South Carolina', 'South Dakota': 'South Dakota', 'Tennessee': 'Tennessee', 'Texas': 'Texas', 'Utah': 'Utah', 'Vermont': 'Vermont', 'Virginia': 'Virginia', 'Washington': 'Washington', 'West Virginia': 'West Virginia', 'Wisconsin': 'Wisconsin', 'Wyoming': 'Wyoming'}
2026-08-18 08:26:41.602 | INFO     | eval.evaluation.evaluation:evaluate_single_query:275 - wide2deep_ws_en_026, df_inner shape: (50, 10), answer_df shape: (50, 5), response_df shape: (50, 6)
2026-08-18 08:26:41.604 | DEBUG    | eval.evaluation.evaluation:metric_call:77 - metric_func_name exact_match score 1.0 msg exact match, response: 7, target: 7
2026-08-18 08:26:41.604 | DEBUG    | eval.evaluation.evaluation:metric_call:77 - metric_func_name exact_match score 1.0 msg exact match, response: 1, target: 1
2026-08-18 08:26:41.604 | DEBUG    | eval.evaluation.evaluation:metric_call:77 - metric_func_name exact_match score 1.0 msg exact match, response: 9, target: 9
2026-08-18 08:26:41.604 | DEBUG    | eval.evaluation.evaluation:metric_call:77 - metric_func_name exact_match score 1.0 msg exact match, response: 4, target: 4
2026-08-18 08:26:41.604 | DEBUG    | eval.evaluation.evaluation:metric_call:77 - metric_func_name exact_match score 1.0 msg exact match, response: 52, target: 52
2026-08-18 08:26:41.604 | DEBUG    | eval.evaluation.evaluation:metric_call:77 - metric_func_name exact_match score 1.0 msg exact match, response: 8, target: 8
2026-08-18 08:26:41.605 | DEBUG    | eval.evaluation.evaluation:metric_call:77 - metric_func_name exact_match score 1.0 msg exact match, response: 5, target: 5
2026-08-18 08:26:41.605 | DEBUG    | eval.evaluation.evaluation:metric_call:77 - metric_func_name exact_match score 1.0 msg exact match, response: 1, target: 1
2026-08-18 08:26:41.605 | DEBUG    | eval.evaluation.evaluation:metric_call:77 - metric_func_name exact_match score 1.0 msg exact match, response: 28, target: 28
2026-08-18 08:26:41.605 | DEBUG    | eval.evaluation.evaluation:metric_call:77 - metric_func_name exact_match score 1.0 msg exact match, response: 14, target: 14
2026-08-18 08:26:41.605 | DEBUG    | eval.evaluation.evaluation:metric_call:77 - metric_func_name exact_match score 1.0 msg exact match, response: 2, target: 2
2026-08-18 08:26:41.605 | DEBUG    | eval.evaluation.evaluation:metric_call:77 - metric_func_name exact_match score 1.0 msg exact match, response: 2, target: 2
2026-08-18 08:26:41.605 | DEBUG    | eval.evaluation.evaluation:metric_call:77 - metric_func_name exact_match score 1.0 msg exact match, response: 17, target: 17
2026-08-18 08:26:41.605 | DEBUG    | eval.evaluation.evaluation:metric_call:77 - metric_func_name exact_match score 1.0 msg exact match, response: 9, target: 9
2026-08-18 08:26:41.605 | DEBUG    | eval.evaluation.evaluation:metric_call:77 - metric_func_name exact_match score 1.0 msg exact match, response: 4, target: 4
2026-08-18 08:26:41.605 | DEBUG    | eval.evaluation.evaluation:metric_call:77 - metric_func_name exact_match score 1.0 msg exact match, response: 4, target: 4
2026-08-18 08:26:41.605 | DEBUG    | eval.evaluation.evaluation:metric_call:77 - metric_func_name exact_match score 1.0 msg exact match, response: 6, target: 6
2026-08-18 08:26:41.605 | DEBUG    | eval.evaluation.evaluation:metric_call:77 - metric_func_name exact_match score 1.0 msg exact match, response: 6, target: 6
2026-08-18 08:26:41.605 | DEBUG    | eval.evaluation.evaluation:metric_call:77 - metric_func_name exact_match score 1.0 msg exact match, response: 2, target: 2
2026-08-18 08:26:41.605 | DEBUG    | eval.evaluation.evaluation:metric_call:77 - metric_func_name exact_match score 1.0 msg exact match, response: 8, target: 8
2026-08-18 08:26:41.605 | DEBUG    | eval.evaluation.evaluation:metric_call:77 - metric_func_name exact_match score 1.0 msg exact match, response: 9, target: 9
2026-08-18 08:26:41.605 | DEBUG    | eval.evaluation.evaluation:metric_call:77 - metric_func_name exact_match score 1.0 msg exact match, response: 13, target: 13
2026-08-18 08:26:41.605 | DEBUG    | eval.evaluation.evaluation:metric_call:77 - metric_func_name exact_match score 1.0 msg exact match, response: 8, target: 8
2026-08-18 08:26:41.605 | DEBUG    | eval.evaluation.evaluation:metric_call:77 - metric_func_name exact_match score 1.0 msg exact match, response: 4, target: 4
2026-08-18 08:26:41.605 | DEBUG    | eval.evaluation.evaluation:metric_call:77 - metric_func_name exact_match score 1.0 msg exact match, response: 8, target: 8
2026-08-18 08:26:41.605 | DEBUG    | eval.evaluation.evaluation:metric_call:77 - metric_func_name exact_match score 1.0 msg exact match, response: 2, target: 2
2026-08-18 08:26:41.605 | DEBUG    | eval.evaluation.evaluation:metric_call:77 - metric_func_name exact_match score 1.0 msg exact match, response: 3, target: 3
2026-08-18 08:26:41.605 | DEBUG    | eval.evaluation.evaluation:metric_call:77 - metric_func_name exact_match score 1.0 msg exact match, response: 4, target: 4
2026-08-18 08:26:41.605 | DEBUG    | eval.evaluation.evaluation:metric_call:77 - metric_func_name exact_match score 1.0 msg exact match, response: 2, target: 2
2026-08-18 08:26:41.605 | DEBUG    | eval.evaluation.evaluation:metric_call:77 - metric_func_name exact_match score 1.0 msg exact match, response: 12, target: 12
2026-08-18 08:26:41.605 | DEBUG    | eval.evaluation.evaluation:metric_call:77 - metric_func_name exact_match score 1.0 msg exact match, response: 3, target: 3
2026-08-18 08:26:41.605 | DEBUG    | eval.evaluation.evaluation:metric_call:77 - metric_func_name exact_match score 1.0 msg exact match, response: 26, target: 26
2026-08-18 08:26:41.606 | DEBUG    | eval.evaluation.evaluation:metric_call:77 - metric_func_name exact_match score 1.0 msg exact match, response: 14, target: 14
2026-08-18 08:26:41.606 | DEBUG    | eval.evaluation.evaluation:metric_call:77 - metric_func_name exact_match score 1.0 msg exact match, response: 1, target: 1
2026-08-18 08:26:41.606 | DEBUG    | eval.evaluation.evaluation:metric_call:77 - metric_func_name exact_match score 1.0 msg exact match, response: 15, target: 15
2026-08-18 08:26:41.606 | DEBUG    | eval.evaluation.evaluation:metric_call:77 - metric_func_name exact_match score 1.0 msg exact match, response: 5, target: 5
2026-08-18 08:26:41.606 | DEBUG    | eval.evaluation.evaluation:metric_call:77 - metric_func_name exact_match score 1.0 msg exact match, response: 6, target: 6
2026-08-18 08:26:41.606 | DEBUG    | eval.evaluation.evaluation:metric_call:77 - metric_func_name exact_match score 1.0 msg exact match, response: 17, target: 17
2026-08-18 08:26:41.606 | DEBUG    | eval.evaluation.evaluation:metric_call:77 - metric_func_name exact_match score 1.0 msg exact match, response: 2, target: 2
2026-08-18 08:26:41.606 | DEBUG    | eval.evaluation.evaluation:metric_call:77 - metric_func_name exact_match score 1.0 msg exact match, response: 7, target: 7
2026-08-18 08:26:41.606 | DEBUG    | eval.evaluation.evaluation:metric_call:77 - metric_func_name exact_match score 1.0 msg exact match, response: 1, target: 1
2026-08-18 08:26:41.606 | DEBUG    | eval.evaluation.evaluation:metric_call:77 - metric_func_name exact_match score 1.0 msg exact match, response: 9, target: 9
2026-08-18 08:26:41.606 | DEBUG    | eval.evaluation.evaluation:metric_call:77 - metric_func_name exact_match score 1.0 msg exact match, response: 38, target: 38
2026-08-18 08:26:41.606 | DEBUG    | eval.evaluation.evaluation:metric_call:77 - metric_func_name exact_match score 1.0 msg exact match, response: 4, target: 4
2026-08-18 08:26:41.606 | DEBUG    | eval.evaluation.evaluation:metric_call:77 - metric_func_name exact_match score 1.0 msg exact match, response: 1, target: 1
2026-08-18 08:26:41.606 | DEBUG    | eval.evaluation.evaluation:metric_call:77 - metric_func_name exact_match score 1.0 msg exact match, response: 11, target: 11
2026-08-18 08:26:41.606 | DEBUG    | eval.evaluation.evaluation:metric_call:77 - metric_func_name exact_match score 1.0 msg exact match, response: 10, target: 10
2026-08-18 08:26:41.606 | DEBUG    | eval.evaluation.evaluation:metric_call:77 - metric_func_name exact_match score 1.0 msg exact match, response: 2, target: 2
2026-08-18 08:26:41.606 | DEBUG    | eval.evaluation.evaluation:metric_call:77 - metric_func_name exact_match score 1.0 msg exact match, response: 8, target: 8
2026-08-18 08:26:41.606 | DEBUG    | eval.evaluation.evaluation:metric_call:77 - metric_func_name exact_match score 1.0 msg exact match, response: 1, target: 1
2026-08-18 08:26:41.607 | DEBUG    | eval.evaluation.evaluation:evaluate_single_query:321 - wide2deep_ws_en_026, col numberofcongressionaldistricts, metric_func_name exact_match, score [1.0, 1.0, 1.0, 1.0, 1.0, 1.0, 1.0, 1.0, 1.0, 1.0, 1.0, 1.0, 1.0, 1.0, 1.0, 1.0, 1.0, 1.0, 1.0, 1.0, 1.0, 1.0, 1.0, 1.0, 1.0, 1.0, 1.0, 1.0, 1.0, 1.0, 1.0, 1.0, 1.0, 1.0, 1.0, 1.0, 1.0, 1.0, 1.0, 1.0, 1.0, 1.0, 1.0, 1.0, 1.0, 1.0, 1.0, 1.0, 1.0, 1.0]
2026-08-18 08:26:41.607 | DEBUG    | eval.evaluation.evaluation:metric_call:77 - metric_func_name exact_match score 1.0 msg exact match, response: 9, target: 9
2026-08-18 08:26:41.607 | DEBUG    | eval.evaluation.evaluation:metric_call:77 - metric_func_name exact_match score 1.0 msg exact match, response: 3, target: 3
2026-08-18 08:26:41.607 | DEBUG    | eval.evaluation.evaluation:metric_call:77 - metric_func_name exact_match score 1.0 msg exact match, response: 11, target: 11
2026-08-18 08:26:41.607 | DEBUG    | eval.evaluation.evaluation:metric_call:77 - metric_func_name exact_match score 1.0 msg exact match, response: 6, target: 6
2026-08-18 08:26:41.607 | DEBUG    | eval.evaluation.evaluation:metric_call:77 - metric_func_name exact_match score 1.0 msg exact match, response: 54, target: 54
2026-08-18 08:26:41.607 | DEBUG    | eval.evaluation.evaluation:metric_call:77 - metric_func_name exact_match score 1.0 msg exact match, response: 10, target: 10
2026-08-18 08:26:41.607 | DEBUG    | eval.evaluation.evaluation:metric_call:77 - metric_func_name exact_match score 1.0 msg exact match, response: 7, target: 7
2026-08-18 08:26:41.607 | DEBUG    | eval.evaluation.evaluation:metric_call:77 - metric_func_name exact_match score 1.0 msg exact match, response: 3, target: 3
2026-08-18 08:26:41.607 | DEBUG    | eval.evaluation.evaluation:metric_call:77 - metric_func_name exact_match score 1.0 msg exact match, response: 30, target: 30
2026-08-18 08:26:41.608 | DEBUG    | eval.evaluation.evaluation:metric_call:77 - metric_func_name exact_match score 1.0 msg exact match, response: 16, target: 16
2026-08-18 08:26:41.608 | DEBUG    | eval.evaluation.evaluation:metric_call:77 - metric_func_name exact_match score 1.0 msg exact match, response: 4, target: 4
2026-08-18 08:26:41.608 | DEBUG    | eval.evaluation.evaluation:metric_call:77 - metric_func_name exact_match score 1.0 msg exact match, response: 4, target: 4
2026-08-18 08:26:41.608 | DEBUG    | eval.evaluation.evaluation:metric_call:77 - metric_func_name exact_match score 1.0 msg exact match, response: 19, target: 19
2026-08-18 08:26:41.608 | DEBUG    | eval.evaluation.evaluation:metric_call:77 - metric_func_name exact_match score 1.0 msg exact match, response: 11, target: 11
2026-08-18 08:26:41.608 | DEBUG    | eval.evaluation.evaluation:metric_call:77 - metric_func_name exact_match score 1.0 msg exact match, response: 6, target: 6
2026-08-18 08:26:41.608 | DEBUG    | eval.evaluation.evaluation:metric_call:77 - metric_func_name exact_match score 1.0 msg exact match, response: 6, target: 6
2026-08-18 08:26:41.608 | DEBUG    | eval.evaluation.evaluation:metric_call:77 - metric_func_name exact_match score 1.0 msg exact match, response: 8, target: 8
2026-08-18 08:26:41.608 | DEBUG    | eval.evaluation.evaluation:metric_call:77 - metric_func_name exact_match score 1.0 msg exact match, response: 8, target: 8
2026-08-18 08:26:41.608 | DEBUG    | eval.evaluation.evaluation:metric_call:77 - metric_func_name exact_match score 1.0 msg exact match, response: 4, target: 4
2026-08-18 08:26:41.608 | DEBUG    | eval.evaluation.evaluation:metric_call:77 - metric_func_name exact_match score 1.0 msg exact match, response: 10, target: 10
2026-08-18 08:26:41.608 | DEBUG    | eval.evaluation.evaluation:metric_call:77 - metric_func_name exact_match score 1.0 msg exact match, response: 11, target: 11
2026-08-18 08:26:41.608 | DEBUG    | eval.evaluation.evaluation:metric_call:77 - metric_func_name exact_match score 1.0 msg exact match, response: 15, target: 15
2026-08-18 08:26:41.608 | DEBUG    | eval.evaluation.evaluation:metric_call:77 - metric_func_name exact_match score 1.0 msg exact match, response: 10, target: 10
2026-08-18 08:26:41.608 | DEBUG    | eval.evaluation.evaluation:metric_call:77 - metric_func_name exact_match score 1.0 msg exact match, response: 6, target: 6
2026-08-18 08:26:41.608 | DEBUG    | eval.evaluation.evaluation:metric_call:77 - metric_func_name exact_match score 1.0 msg exact match, response: 10, target: 10
2026-08-18 08:26:41.608 | DEBUG    | eval.evaluation.evaluation:metric_call:77 - metric_func_name exact_match score 1.0 msg exact match, response: 4, target: 4
2026-08-18 08:26:41.608 | DEBUG    | eval.evaluation.evaluation:metric_call:77 - metric_func_name exact_match score 1.0 msg exact match, response: 5, target: 5
2026-08-18 08:26:41.608 | DEBUG    | eval.evaluation.evaluation:metric_call:77 - metric_func_name exact_match score 1.0 msg exact match, response: 6, target: 6
2026-08-18 08:26:41.608 | DEBUG    | eval.evaluation.evaluation:metric_call:77 - metric_func_name exact_match score 1.0 msg exact match, response: 4, target: 4
2026-08-18 08:26:41.608 | DEBUG    | eval.evaluation.evaluation:metric_call:77 - metric_func_name exact_match score 1.0 msg exact match, response: 14, target: 14
2026-08-18 08:26:41.608 | DEBUG    | eval.evaluation.evaluation:metric_call:77 - metric_func_name exact_match score 1.0 msg exact match, response: 5, target: 5
2026-08-18 08:26:41.608 | DEBUG    | eval.evaluation.evaluation:metric_call:77 - metric_func_name exact_match score 1.0 msg exact match, response: 28, target: 28
2026-08-18 08:26:41.608 | DEBUG    | eval.evaluation.evaluation:metric_call:77 - metric_func_name exact_match score 1.0 msg exact match, response: 16, target: 16
2026-08-18 08:26:41.608 | DEBUG    | eval.evaluation.evaluation:metric_call:77 - metric_func_name exact_match score 1.0 msg exact match, response: 3, target: 3
2026-08-18 08:26:41.608 | DEBUG    | eval.evaluation.evaluation:metric_call:77 - metric_func_name exact_match score 1.0 msg exact match, response: 17, target: 17
2026-08-18 08:26:41.608 | DEBUG    | eval.evaluation.evaluation:metric_call:77 - metric_func_name exact_match score 1.0 msg exact match, response: 7, target: 7
2026-08-18 08:26:41.609 | DEBUG    | eval.evaluation.evaluation:metric_call:77 - metric_func_name exact_match score 1.0 msg exact match, response: 8, target: 8
2026-08-18 08:26:41.609 | DEBUG    | eval.evaluation.evaluation:metric_call:77 - metric_func_name exact_match score 1.0 msg exact match, response: 19, target: 19
2026-08-18 08:26:41.609 | DEBUG    | eval.evaluation.evaluation:metric_call:77 - metric_func_name exact_match score 1.0 msg exact match, response: 4, target: 4
2026-08-18 08:26:41.609 | DEBUG    | eval.evaluation.evaluation:metric_call:77 - metric_func_name exact_match score 1.0 msg exact match, response: 9, target: 9
2026-08-18 08:26:41.609 | DEBUG    | eval.evaluation.evaluation:metric_call:77 - metric_func_name exact_match score 1.0 msg exact match, response: 3, target: 3
2026-08-18 08:26:41.609 | DEBUG    | eval.evaluation.evaluation:metric_call:77 - metric_func_name exact_match score 1.0 msg exact match, response: 11, target: 11
2026-08-18 08:26:41.609 | DEBUG    | eval.evaluation.evaluation:metric_call:77 - metric_func_name exact_match score 1.0 msg exact match, response: 40, target: 40
2026-08-18 08:26:41.609 | DEBUG    | eval.evaluation.evaluation:metric_call:77 - metric_func_name exact_match score 1.0 msg exact match, response: 6, target: 6
2026-08-18 08:26:41.609 | DEBUG    | eval.evaluation.evaluation:metric_call:77 - metric_func_name exact_match score 1.0 msg exact match, response: 3, target: 3
2026-08-18 08:26:41.609 | DEBUG    | eval.evaluation.evaluation:metric_call:77 - metric_func_name exact_match score 1.0 msg exact match, response: 13, target: 13
2026-08-18 08:26:41.609 | DEBUG    | eval.evaluation.evaluation:metric_call:77 - metric_func_name exact_match score 1.0 msg exact match, response: 12, target: 12
2026-08-18 08:26:41.609 | DEBUG    | eval.evaluation.evaluation:metric_call:77 - metric_func_name exact_match score 1.0 msg exact match, response: 4, target: 4
2026-08-18 08:26:41.609 | DEBUG    | eval.evaluation.evaluation:metric_call:77 - metric_func_name exact_match score 1.0 msg exact match, response: 10, target: 10
2026-08-18 08:26:41.609 | DEBUG    | eval.evaluation.evaluation:metric_call:77 - metric_func_name exact_match score 1.0 msg exact match, response: 3, target: 3
2026-08-18 08:26:41.610 | DEBUG    | eval.evaluation.evaluation:evaluate_single_query:321 - wide2deep_ws_en_026, col numberofelectors, metric_func_name exact_match, score [1.0, 1.0, 1.0, 1.0, 1.0, 1.0, 1.0, 1.0, 1.0, 1.0, 1.0, 1.0, 1.0, 1.0, 1.0, 1.0, 1.0, 1.0, 1.0, 1.0, 1.0, 1.0, 1.0, 1.0, 1.0, 1.0, 1.0, 1.0, 1.0, 1.0, 1.0, 1.0, 1.0, 1.0, 1.0, 1.0, 1.0, 1.0, 1.0, 1.0, 1.0, 1.0, 1.0, 1.0, 1.0, 1.0, 1.0, 1.0, 1.0, 1.0]
2026-08-18 08:26:47.074 | DEBUG    | eval.evaluation.evaluation:evaluate_single_query:321 - wide2deep_ws_en_026, col governor(party), metric_func_name llm_judge, score [1, 1, 1, 1, 1, 1, 1, 1, 1, 1, 1, 1, 1, 1, 1, 1, 1, 1, 1, 1, 1, 1, 1, 1, 1, 1, 1, 1, 1, 1, 1, 1, 1, 1, 1, 1, 1, 1, 1, 1, 1, 1, 1, 1, 1, 1, 1, 1, 1, 1]
2026-08-18 08:26:53.673 | DEBUG    | eval.evaluation.evaluation:evaluate_single_query:321 - wide2deep_ws_en_026, col senator1(party)&senator2(party), metric_func_name llm_judge, score [1, 1, 1, 1, 1, 1, 1, 1, 1, 1, 1, 1, 1, 1, 1, 1, 1, 1, 1, 1, 1, 1, 1, 1, 1, 1, 1, 1, 1, 0, 1, 1, 1, 1, 1, 1, 1, 1, 1, 1, 1, 1, 1, 1, 1, 1, 1, 1, 1, 1]
2026-08-18 08:26:53.681 | INFO     | eval.evaluation.evaluation:evaluate_single_query:380 - wide2deep_ws_en_026, P/R/F1 by unique_columns: 1.0000/1.0000/1.0000
2026-08-18 08:26:53.681 | INFO     | eval.evaluation.evaluation:evaluate_single_query:383 - wide2deep_ws_en_026, P/R/F1 by row: 0.9800/0.9800/0.9800
2026-08-18 08:26:53.681 | INFO     | eval.evaluation.evaluation:evaluate_single_query:386 - wide2deep_ws_en_026, P/R/F1 by item: 0.9960/0.9960/0.9960
2026-08-18 08:26:53.686 | INFO     | eval.evaluation.evaluation:evaluate_single_query:398 - wide2deep_ws_en_026, final table score: 0.0
{"event": "eval_done", "idx": 3, "instance_id": "wide2deep_ws_en_026", "score": 0.0, "entity_acc": 1.0, "f1_by_row": 0.98, "f1_by_item": 0.996, "column_f1": 1.0, "error": null, "elapsed_seconds": 34.641, "running_n": 3}
2026-08-18 08:26:57.271 | DEBUG    | eval.evaluation.data_loader:extract_dataframe:167 - find markdown_str 
| Region | Model Code | First Retail Availability Date | Launch ...
2026-08-18 08:27:03.628 | INFO     | eval.evaluation.metric_utils:primary_key_preprocess:246 - primary_key_preprocess result: ```json
{
  "U.S.": "U.S.",
  "China": "China",
  "Japan": "Japan"
}
```
2026-08-18 08:27:03.628 | INFO     | eval.evaluation.evaluation:evaluate_single_query:223 - col: region, primary_key_map {'U.S.': 'U.S.', 'China': 'China', 'Japan': 'Japan'}
2026-08-18 08:27:07.315 | INFO     | eval.evaluation.metric_utils:primary_key_preprocess:246 - primary_key_preprocess result: ```json
{
  "HD01": "HD01",
  "HD03": "HD03",
  "HD07": "HD07",
  "HD15": "HD15",
  "HD16": "HD16",
  "HD08": "HD08"
}
```
2026-08-18 08:27:07.315 | INFO     | eval.evaluation.evaluation:evaluate_single_query:223 - col: modelcode, primary_key_map {'HD01': 'HD01', 'HD03': 'HD03', 'HD07': 'HD07', 'HD15': 'HD15', 'HD16': 'HD16', 'HD08': 'HD08'}
2026-08-18 08:27:07.386 | INFO     | eval.evaluation.evaluation:evaluate_single_query:275 - wide2deep_ws_en_066, df_inner shape: (15, 12), answer_df shape: (15, 6), response_df shape: (18, 8)
2026-08-18 08:27:07.390 | DEBUG    | eval.evaluation.evaluation:metric_call:77 - metric_func_name date_near score 1.0 msg date near, response: 2016-09-01 00:00:00, target: 2016-09-01 00:00:00
2026-08-18 08:27:07.393 | DEBUG    | eval.evaluation.evaluation:metric_call:77 - metric_func_name date_near score 1.0 msg date near, response: 2019-09-01 00:00:00, target: 2019-09-01 00:00:00
2026-08-18 08:27:07.395 | DEBUG    | eval.evaluation.evaluation:metric_call:77 - metric_func_name date_near score 1.0 msg date near, response: 2021-07-01 00:00:00, target: 2021-08-01 00:00:00
2026-08-18 08:27:07.397 | DEBUG    | eval.evaluation.evaluation:metric_call:77 - metric_func_name date_near score 0.0 msg date not near, response: 2023-05-01 00:00:00, target: 2024-05-01 00:00:00
2026-08-18 08:27:07.399 | DEBUG    | eval.evaluation.evaluation:metric_call:77 - metric_func_name date_near score 0.0 msg date not near, response: 2024-05-01 00:00:00, target: 2024-03-01 00:00:00
2026-08-18 08:27:07.403 | DEBUG    | eval.evaluation.evaluation:metric_call:77 - metric_func_name date_near score 1.0 msg date near, response: 2016-08-01 00:00:00, target: 2016-08-01 00:00:00
2026-08-18 08:27:07.405 | DEBUG    | eval.evaluation.evaluation:metric_call:77 - metric_func_name date_near score 0.0 msg date not near, response: 2019-07-01 00:00:00, target: 2019-09-01 00:00:00
2026-08-18 08:27:07.407 | DEBUG    | eval.evaluation.evaluation:metric_call:77 - metric_func_name date_near score 1.0 msg date near, response: 2021-07-01 00:00:00, target: 2021-07-01 00:00:00
2026-08-18 08:27:07.409 | DEBUG    | eval.evaluation.evaluation:metric_call:77 - metric_func_name date_near score 0.0 msg date not near, response: 2023-04-01 00:00:00, target: 2024-04-01 00:00:00
2026-08-18 08:27:07.412 | DEBUG    | eval.evaluation.evaluation:metric_call:77 - metric_func_name date_near score 1.0 msg date near, response: 2024-03-01 00:00:00, target: 2024-04-01 00:00:00
2026-08-18 08:27:07.414 | DEBUG    | eval.evaluation.evaluation:metric_call:77 - metric_func_name date_near score 1.0 msg date near, response: 2016-04-01 00:00:00, target: 2016-04-01 00:00:00
2026-08-18 08:27:07.416 | DEBUG    | eval.evaluation.evaluation:metric_call:77 - metric_func_name date_near score 1.0 msg date near, response: 2019-09-01 00:00:00, target: 2019-09-01 00:00:00
2026-08-18 08:27:07.418 | DEBUG    | eval.evaluation.evaluation:metric_call:77 - metric_func_name date_near score 1.0 msg date near, response: 2021-09-01 00:00:00, target: 2021-09-01 00:00:00
2026-08-18 08:27:07.420 | DEBUG    | eval.evaluation.evaluation:metric_call:77 - metric_func_name date_near score 1.0 msg date near, response: 2023-04-01 00:00:00, target: 2023-04-01 00:00:00
2026-08-18 08:27:07.422 | DEBUG    | eval.evaluation.evaluation:metric_call:77 - metric_func_name date_near score 0.0 msg date not near, response: 2024-06-01 00:00:00, target: 2023-03-01 00:00:00
2026-08-18 08:27:07.423 | DEBUG    | eval.evaluation.evaluation:evaluate_single_query:321 - wide2deep_ws_en_066, col firstretailavailabilitydate, metric_func_name date_near, score [1.0, 1.0, 1.0, 0.0, 0.0, 1.0, 0.0, 1.0, 0.0, 1.0, 1.0, 1.0, 1.0, 1.0, 0.0]
2026-08-18 08:27:24.284 | DEBUG    | eval.evaluation.evaluation:evaluate_single_query:321 - wide2deep_ws_en_066, col launchmsrp, metric_func_name llm_judge, score [0, 0, 0, 1, 1, 1, 1, 0, 0, 0, 0, 0, 0, 1, 0]
2026-08-18 08:27:24.284 | DEBUG    | eval.evaluation.evaluation:metric_call:77 - metric_func_name exact_match score 1.0 msg exact match, response: 3, target: 3
2026-08-18 08:27:24.284 | DEBUG    | eval.evaluation.evaluation:metric_call:77 - metric_func_name exact_match score 1.0 msg exact match, response: 4, target: 4
2026-08-18 08:27:24.285 | DEBUG    | eval.evaluation.evaluation:metric_call:77 - metric_func_name exact_match score 0.0 msg exact not match, response: 5, target: 3
2026-08-18 08:27:24.285 | DEBUG    | eval.evaluation.evaluation:metric_call:77 - metric_func_name exact_match score 1.0 msg exact match, response: 5, target: 5
2026-08-18 08:27:24.285 | DEBUG    | eval.evaluation.evaluation:metric_call:77 - metric_func_name exact_match score 1.0 msg exact match, response: 5, target: 5
2026-08-18 08:27:24.285 | DEBUG    | eval.evaluation.evaluation:metric_call:77 - metric_func_name exact_match score 1.0 msg exact match, response: 3, target: 3
2026-08-18 08:27:24.285 | DEBUG    | eval.evaluation.evaluation:metric_call:77 - metric_func_name exact_match score 1.0 msg exact match, response: 4, target: 4
2026-08-18 08:27:24.285 | DEBUG    | eval.evaluation.evaluation:metric_call:77 - metric_func_name exact_match score 1.0 msg exact match, response: 5, target: 5
2026-08-18 08:27:24.285 | DEBUG    | eval.evaluation.evaluation:metric_call:77 - metric_func_name exact_match score 1.0 msg exact match, response: 5, target: 5
2026-08-18 08:27:24.285 | DEBUG    | eval.evaluation.evaluation:metric_call:77 - metric_func_name exact_match score 1.0 msg exact match, response: 5, target: 5
2026-08-18 08:27:24.285 | DEBUG    | eval.evaluation.evaluation:metric_call:77 - metric_func_name exact_match score 1.0 msg exact match, response: 3, target: 3
2026-08-18 08:27:24.285 | DEBUG    | eval.evaluation.evaluation:metric_call:77 - metric_func_name exact_match score 1.0 msg exact match, response: 4, target: 4
2026-08-18 08:27:24.285 | DEBUG    | eval.evaluation.evaluation:metric_call:77 - metric_func_name exact_match score 1.0 msg exact match, response: 5, target: 5
2026-08-18 08:27:24.285 | DEBUG    | eval.evaluation.evaluation:metric_call:77 - metric_func_name exact_match score 0.0 msg exact not match, response: 5, target: 3
2026-08-18 08:27:24.285 | DEBUG    | eval.evaluation.evaluation:metric_call:77 - metric_func_name exact_match score 0.0 msg exact not match, response: 5, target: 3
2026-08-18 08:27:24.286 | DEBUG    | eval.evaluation.evaluation:evaluate_single_query:321 - wide2deep_ws_en_066, col numberofincludedattachments, metric_func_name exact_match, score [1.0, 1.0, 0.0, 1.0, 1.0, 1.0, 1.0, 1.0, 1.0, 1.0, 1.0, 1.0, 1.0, 0.0, 0.0]
2026-08-18 08:27:24.286 | DEBUG    | eval.evaluation.evaluation:metric_call:77 - metric_func_name exact_match score 1.0 msg exact match, response: 2, target: 2
2026-08-18 08:27:24.286 | DEBUG    | eval.evaluation.evaluation:metric_call:77 - metric_func_name exact_match score 1.0 msg exact match, response: 2, target: 2
2026-08-18 08:27:24.286 | DEBUG    | eval.evaluation.evaluation:metric_call:77 - metric_func_name exact_match score 1.0 msg exact match, response: 2, target: 2
2026-08-18 08:27:24.286 | DEBUG    | eval.evaluation.evaluation:metric_call:77 - metric_func_name exact_match score 1.0 msg exact match, response: 2, target: 2
2026-08-18 08:27:24.286 | DEBUG    | eval.evaluation.evaluation:metric_call:77 - metric_func_name exact_match score 1.0 msg exact match, response: 2, target: 2
2026-08-18 08:27:24.286 | DEBUG    | eval.evaluation.evaluation:metric_call:77 - metric_func_name exact_match score 1.0 msg exact match, response: 2, target: 2
2026-08-18 08:27:24.286 | DEBUG    | eval.evaluation.evaluation:metric_call:77 - metric_func_name exact_match score 1.0 msg exact match, response: 2, target: 2
2026-08-18 08:27:24.286 | DEBUG    | eval.evaluation.evaluation:metric_call:77 - metric_func_name exact_match score 1.0 msg exact match, response: 2, target: 2
2026-08-18 08:27:24.286 | DEBUG    | eval.evaluation.evaluation:metric_call:77 - metric_func_name exact_match score 1.0 msg exact match, response: 2, target: 2
2026-08-18 08:27:24.286 | DEBUG    | eval.evaluation.evaluation:metric_call:77 - metric_func_name exact_match score 1.0 msg exact match, response: 2, target: 2
2026-08-18 08:27:24.286 | DEBUG    | eval.evaluation.evaluation:metric_call:77 - metric_func_name exact_match score 1.0 msg exact match, response: 2, target: 2
2026-08-18 08:27:24.286 | DEBUG    | eval.evaluation.evaluation:metric_call:77 - metric_func_name exact_match score 1.0 msg exact match, response: 2, target: 2
2026-08-18 08:27:24.286 | DEBUG    | eval.evaluation.evaluation:metric_call:77 - metric_func_name exact_match score 1.0 msg exact match, response: 2, target: 2
2026-08-18 08:27:24.286 | DEBUG    | eval.evaluation.evaluation:metric_call:77 - metric_func_name exact_match score 1.0 msg exact match, response: 2, target: 2
2026-08-18 08:27:24.286 | DEBUG    | eval.evaluation.evaluation:metric_call:77 - metric_func_name exact_match score 1.0 msg exact match, response: 2, target: 2
2026-08-18 08:27:24.287 | DEBUG    | eval.evaluation.evaluation:evaluate_single_query:321 - wide2deep_ws_en_066, col warranty(yrs), metric_func_name exact_match, score [1.0, 1.0, 1.0, 1.0, 1.0, 1.0, 1.0, 1.0, 1.0, 1.0, 1.0, 1.0, 1.0, 1.0, 1.0]
2026-08-18 08:27:24.293 | INFO     | eval.evaluation.evaluation:evaluate_single_query:380 - wide2deep_ws_en_066, P/R/F1 by unique_columns: 0.8333/1.0000/0.9091
2026-08-18 08:27:24.294 | INFO     | eval.evaluation.evaluation:evaluate_single_query:383 - wide2deep_ws_en_066, P/R/F1 by row: 0.0556/0.0667/0.0606
2026-08-18 08:27:24.294 | INFO     | eval.evaluation.evaluation:evaluate_single_query:386 - wide2deep_ws_en_066, P/R/F1 by item: 0.6667/0.8000/0.7273
2026-08-18 08:27:24.296 | INFO     | eval.evaluation.evaluation:evaluate_single_query:398 - wide2deep_ws_en_066, final table score: 0.0
{"event": "eval_done", "idx": 4, "instance_id": "wide2deep_ws_en_066", "score": 0.0, "entity_acc": 1.0, "f1_by_row": 0.0606060606060606, "f1_by_item": 0.7272727272727272, "column_f1": 0.9090909090909091, "error": null, "elapsed_seconds": 30.588, "running_n": 4}
2026-08-18 08:27:29.055 | DEBUG    | eval.evaluation.data_loader:extract_dataframe:167 - find markdown_str 
| School | Year Founded | Public/Private | Total Students |
| - ...
2026-08-18 08:27:42.150 | INFO     | eval.evaluation.metric_utils:primary_key_preprocess:246 - primary_key_preprocess result: ```json
{
  "Baehwa Girls' High School": "Baehwa Girls’ High School",
  "Bosung Girls' High School": "Bosung Girls’ High School",
  "Changdeok Girls' High School": "Changduk Girls’ High School",
  "Daewon Girls' High School": "Daewon Girls' High School",
  "Dongduk Girls' High School": "Dongduk Girls’ High School",
  "Dongil Girls' High School": "Dongil Girls’ High School",
  "Dongmyung Girls' High School": "Dongmyung Girls’ High School",
  "Eunkwang Girls' High School": "Eunkwang Girls’ High School",
  "Ewha Girls' High School": "Ewha Girls’ High School",
  "Geumok Girls' High School": "Geumok Girls’ High School",
  "Gyeonggi Girls' High School": "Kyunggi Girls’ High School",
  "Hyesung Girls' High School": "Hyesung Girls' High School",
  "Jinmyeong Girls' High School": "Jinmyeong Girls’ High School",
  "Jinseon Girls' High School": "Jinseon Girls’ High School",
  "Jungshin Girls' High School": "Jungshin Girls’ High School",
  "Kyungbok Girls' High School": "Kyungbok Girls’ High School",
  "Muhak Girls' High School": "Muhak Girls' High School",
  "Seomun Girls' High School": "Seomun Girls’ High School",
  "Seoul Girls' High School": "Seoul Girls’ High School",
  "Seongsim Girls' High School": "Sacred Heart Girls’ High School（a.k.a Seongsim Girls' High School)",
  "Shingwang Girls' High School": "Shinkwang Girls’ High School",
  "Songgok Girls' High School": "Songgok Girls’ High School",
  "Sookmyung Girls' High School": "Sookmyung Girls’ High School",
  "Sungshin Girls' High School": "Sungshin Girls’ High School",
  "Sunil Girls' High School": "Sunil Girls’ High School",
  "Yeongdeungpo Girls' High School": "Yeongdeungpo Girls' High School",
  "Youngshin Girls' High School": "Youngshin Girls’ High School"
}
```
2026-08-18 08:27:42.151 | INFO     | eval.evaluation.evaluation:evaluate_single_query:223 - col: school, primary_key_map {"Baehwa Girls' High School": 'Baehwa Girls’ High School', "Bosung Girls' High School": 'Bosung Girls’ High School', "Changdeok Girls' High School": 'Changduk Girls’ High School', "Daewon Girls' High School": "Daewon Girls' High School", "Dongduk Girls' High School": 'Dongduk Girls’ High School', "Dongil Girls' High School": 'Dongil Girls’ High School', "Dongmyung Girls' High School": 'Dongmyung Girls’ High School', "Eunkwang Girls' High School": 'Eunkwang Girls’ High School', "Ewha Girls' High School": 'Ewha Girls’ High School', "Geumok Girls' High School": 'Geumok Girls’ High School', "Gyeonggi Girls' High School": 'Kyunggi Girls’ High School', "Hyesung Girls' High School": "Hyesung Girls' High School", "Jinmyeong Girls' High School": 'Jinmyeong Girls’ High School', "Jinseon Girls' High School": 'Jinseon Girls’ High School', "Jungshin Girls' High School": 'Jungshin Girls’ High School', "Kyungbok Girls' High School": 'Kyungbok Girls’ High School', "Muhak Girls' High School": "Muhak Girls' High School", "Seomun Girls' High School": 'Seomun Girls’ High School', "Seoul Girls' High School": 'Seoul Girls’ High School', "Seongsim Girls' High School": "Sacred Heart Girls’ High School（a.k.a Seongsim Girls' High School)", "Shingwang Girls' High School": 'Shinkwang Girls’ High School', "Songgok Girls' High School": 'Songgok Girls’ High School', "Sookmyung Girls' High School": 'Sookmyung Girls’ High School', "Sungshin Girls' High School": 'Sungshin Girls’ High School', "Sunil Girls' High School": 'Sunil Girls’ High School', "Yeongdeungpo Girls' High School": "Yeongdeungpo Girls' High School", "Youngshin Girls' High School": 'Youngshin Girls’ High School'}
2026-08-18 08:27:42.159 | INFO     | eval.evaluation.evaluation:evaluate_single_query:275 - wide2deep_ws_en_067, df_inner shape: (27, 8), answer_df shape: (66, 4), response_df shape: (31, 5)
2026-08-18 08:27:42.160 | DEBUG    | eval.evaluation.evaluation:metric_call:77 - metric_func_name exact_match score 0.0 msg exact not match, response: 1977, target: 1983
2026-08-18 08:27:42.160 | DEBUG    | eval.evaluation.evaluation:metric_call:77 - metric_func_name exact_match score 1.0 msg exact match, response: 1886, target: 1886
2026-08-18 08:27:42.160 | DEBUG    | eval.evaluation.evaluation:metric_call:77 - metric_func_name exact_match score 1.0 msg exact match, response: 1906, target: 1906
2026-08-18 08:27:42.160 | DEBUG    | eval.evaluation.evaluation:metric_call:77 - metric_func_name exact_match score 1.0 msg exact match, response: 1908, target: 1908
2026-08-18 08:27:42.160 | DEBUG    | eval.evaluation.evaluation:metric_call:77 - metric_func_name exact_match score 1.0 msg exact match, response: 1898, target: 1898
2026-08-18 08:27:42.160 | DEBUG    | eval.evaluation.evaluation:metric_call:77 - metric_func_name exact_match score 0.0 msg exact not match, response: 1910, target: 1908
2026-08-18 08:27:42.160 | DEBUG    | eval.evaluation.evaluation:metric_call:77 - metric_func_name exact_match score 1.0 msg exact match, response: 1958, target: 1958
2026-08-18 08:27:42.160 | DEBUG    | eval.evaluation.evaluation:metric_call:77 - metric_func_name exact_match score 1.0 msg exact match, response: 1940, target: 1940
2026-08-18 08:27:42.160 | DEBUG    | eval.evaluation.evaluation:metric_call:77 - metric_func_name exact_match score 0.0 msg exact not match, response: 1960, target: 1983
2026-08-18 08:27:42.160 | DEBUG    | eval.evaluation.evaluation:metric_call:77 - metric_func_name exact_match score 1.0 msg exact match, response: 1953, target: 1953
2026-08-18 08:27:42.160 | DEBUG    | eval.evaluation.evaluation:metric_call:77 - metric_func_name exact_match score 0.0 msg exact not match, response: 1974, target: 1972
2026-08-18 08:27:42.160 | DEBUG    | eval.evaluation.evaluation:metric_call:77 - metric_func_name exact_match score 0.0 msg exact not match, response: 1967, target: 1921
2026-08-18 08:27:42.160 | DEBUG    | eval.evaluation.evaluation:metric_call:77 - metric_func_name exact_match score 0.0 msg exact not match, response: 1960, target: 1972
2026-08-18 08:27:42.160 | DEBUG    | eval.evaluation.evaluation:metric_call:77 - metric_func_name exact_match score 1.0 msg exact match, response: 1936, target: 1936
2026-08-18 08:27:42.160 | DEBUG    | eval.evaluation.evaluation:metric_call:77 - metric_func_name exact_match score 0.0 msg exact not match, response: 1982, target: 1981
2026-08-18 08:27:42.160 | DEBUG    | eval.evaluation.evaluation:metric_call:77 - metric_func_name exact_match score 1.0 msg exact match, response: 1906, target: 1906
2026-08-18 08:27:42.161 | DEBUG    | eval.evaluation.evaluation:metric_call:77 - metric_func_name exact_match score 0.0 msg exact not match, response: 1953, target: 1994
2026-08-18 08:27:42.161 | DEBUG    | eval.evaluation.evaluation:metric_call:77 - metric_func_name exact_match score 1.0 msg exact match, response: 1977, target: 1977
2026-08-18 08:27:42.161 | DEBUG    | eval.evaluation.evaluation:metric_call:77 - metric_func_name exact_match score 1.0 msg exact match, response: 1907, target: 1907
2026-08-18 08:27:42.161 | DEBUG    | eval.evaluation.evaluation:metric_call:77 - metric_func_name exact_match score 0.0 msg exact not match, response: 1906, target: 1946
2026-08-18 08:27:42.161 | DEBUG    | eval.evaluation.evaluation:metric_call:77 - metric_func_name exact_match score 0.0 msg exact not match, response: 1957, target: 1960
2026-08-18 08:27:42.161 | DEBUG    | eval.evaluation.evaluation:metric_call:77 - metric_func_name exact_match score 0.0 msg exact not match, response: 1972, target: 1973
2026-08-18 08:27:42.161 | DEBUG    | eval.evaluation.evaluation:metric_call:77 - metric_func_name exact_match score 0.0 msg exact not match, response: 1958, target: 1988
2026-08-18 08:27:42.161 | DEBUG    | eval.evaluation.evaluation:metric_call:77 - metric_func_name exact_match score 0.0 msg exact not match, response: 1974, target: 1971
2026-08-18 08:27:42.161 | DEBUG    | eval.evaluation.evaluation:metric_call:77 - metric_func_name exact_match score 1.0 msg exact match, response: 1946, target: 1946
2026-08-18 08:27:42.161 | DEBUG    | eval.evaluation.evaluation:metric_call:77 - metric_func_name exact_match score 1.0 msg exact match, response: 1887, target: 1887
2026-08-18 08:27:42.161 | DEBUG    | eval.evaluation.evaluation:metric_call:77 - metric_func_name exact_match score 0.0 msg exact not match, response: 1945, target: 1941
2026-08-18 08:27:42.162 | DEBUG    | eval.evaluation.evaluation:evaluate_single_query:321 - wide2deep_ws_en_067, col yearfounded, metric_func_name exact_match, score [0.0, 1.0, 1.0, 1.0, 1.0, 0.0, 1.0, 1.0, 0.0, 1.0, 0.0, 0.0, 0.0, 1.0, 0.0, 1.0, 0.0, 1.0, 1.0, 0.0, 0.0, 0.0, 0.0, 0.0, 1.0, 1.0, 0.0]
2026-08-18 08:27:42.162 | DEBUG    | eval.evaluation.evaluation:metric_call:77 - metric_func_name exact_match score 1.0 msg exact match, response: private, target: private
2026-08-18 08:27:42.162 | DEBUG    | eval.evaluation.evaluation:metric_call:77 - metric_func_name exact_match score 1.0 msg exact match, response: private, target: private
2026-08-18 08:27:42.162 | DEBUG    | eval.evaluation.evaluation:metric_call:77 - metric_func_name exact_match score 1.0 msg exact match, response: private, target: private
2026-08-18 08:27:42.162 | DEBUG    | eval.evaluation.evaluation:metric_call:77 - metric_func_name exact_match score 1.0 msg exact match, response: public, target: public
2026-08-18 08:27:42.162 | DEBUG    | eval.evaluation.evaluation:metric_call:77 - metric_func_name exact_match score 1.0 msg exact match, response: private, target: private
2026-08-18 08:27:42.162 | DEBUG    | eval.evaluation.evaluation:metric_call:77 - metric_func_name exact_match score 1.0 msg exact match, response: private, target: private
2026-08-18 08:27:42.162 | DEBUG    | eval.evaluation.evaluation:metric_call:77 - metric_func_name exact_match score 1.0 msg exact match, response: public, target: public
2026-08-18 08:27:42.162 | DEBUG    | eval.evaluation.evaluation:metric_call:77 - metric_func_name exact_match score 1.0 msg exact match, response: public, target: public
2026-08-18 08:27:42.162 | DEBUG    | eval.evaluation.evaluation:metric_call:77 - metric_func_name exact_match score 1.0 msg exact match, response: private, target: private
2026-08-18 08:27:42.162 | DEBUG    | eval.evaluation.evaluation:metric_call:77 - metric_func_name exact_match score 1.0 msg exact match, response: public, target: public
2026-08-18 08:27:42.162 | DEBUG    | eval.evaluation.evaluation:metric_call:77 - metric_func_name exact_match score 1.0 msg exact match, response: private, target: private
2026-08-18 08:27:42.162 | DEBUG    | eval.evaluation.evaluation:metric_call:77 - metric_func_name exact_match score 1.0 msg exact match, response: private, target: private
2026-08-18 08:27:42.162 | DEBUG    | eval.evaluation.evaluation:metric_call:77 - metric_func_name exact_match score 1.0 msg exact match, response: private, target: private
2026-08-18 08:27:42.162 | DEBUG    | eval.evaluation.evaluation:metric_call:77 - metric_func_name exact_match score 1.0 msg exact match, response: private, target: private
2026-08-18 08:27:42.162 | DEBUG    | eval.evaluation.evaluation:metric_call:77 - metric_func_name exact_match score 1.0 msg exact match, response: public, target: public
2026-08-18 08:27:42.162 | DEBUG    | eval.evaluation.evaluation:metric_call:77 - metric_func_name exact_match score 1.0 msg exact match, response: private, target: private
2026-08-18 08:27:42.162 | DEBUG    | eval.evaluation.evaluation:metric_call:77 - metric_func_name exact_match score 1.0 msg exact match, response: private, target: private
2026-08-18 08:27:42.162 | DEBUG    | eval.evaluation.evaluation:metric_call:77 - metric_func_name exact_match score 1.0 msg exact match, response: private, target: private
2026-08-18 08:27:42.162 | DEBUG    | eval.evaluation.evaluation:metric_call:77 - metric_func_name exact_match score 1.0 msg exact match, response: private, target: private
2026-08-18 08:27:42.162 | DEBUG    | eval.evaluation.evaluation:metric_call:77 - metric_func_name exact_match score 1.0 msg exact match, response: private, target: private
2026-08-18 08:27:42.162 | DEBUG    | eval.evaluation.evaluation:metric_call:77 - metric_func_name exact_match score 1.0 msg exact match, response: private, target: private
2026-08-18 08:27:42.162 | DEBUG    | eval.evaluation.evaluation:metric_call:77 - metric_func_name exact_match score 1.0 msg exact match, response: private, target: private
2026-08-18 08:27:42.163 | DEBUG    | eval.evaluation.evaluation:metric_call:77 - metric_func_name exact_match score 1.0 msg exact match, response: private, target: private
2026-08-18 08:27:42.163 | DEBUG    | eval.evaluation.evaluation:metric_call:77 - metric_func_name exact_match score 1.0 msg exact match, response: private, target: private
2026-08-18 08:27:42.163 | DEBUG    | eval.evaluation.evaluation:metric_call:77 - metric_func_name exact_match score 1.0 msg exact match, response: private, target: private
2026-08-18 08:27:42.163 | DEBUG    | eval.evaluation.evaluation:metric_call:77 - metric_func_name exact_match score 1.0 msg exact match, response: private, target: private
2026-08-18 08:27:42.163 | DEBUG    | eval.evaluation.evaluation:metric_call:77 - metric_func_name exact_match score 1.0 msg exact match, response: public, target: public
2026-08-18 08:27:42.163 | DEBUG    | eval.evaluation.evaluation:evaluate_single_query:321 - wide2deep_ws_en_067, col public/private, metric_func_name exact_match, score [1.0, 1.0, 1.0, 1.0, 1.0, 1.0, 1.0, 1.0, 1.0, 1.0, 1.0, 1.0, 1.0, 1.0, 1.0, 1.0, 1.0, 1.0, 1.0, 1.0, 1.0, 1.0, 1.0, 1.0, 1.0, 1.0, 1.0]
2026-08-18 08:27:42.163 | DEBUG    | eval.evaluation.evaluation:metric_call:77 - metric_func_name number_near score 0.0 msg number not convertable, response: None, target: 681.0
2026-08-18 08:27:42.164 | DEBUG    | eval.evaluation.evaluation:metric_call:77 - metric_func_name number_near score 0.0 msg number not convertable, response: None, target: 1178.0
2026-08-18 08:27:42.164 | DEBUG    | eval.evaluation.evaluation:metric_call:77 - metric_func_name number_near score 0.0 msg number not convertable, response: None, target: 1160.0
2026-08-18 08:27:42.164 | DEBUG    | eval.evaluation.evaluation:metric_call:77 - metric_func_name number_near score 0.0 msg number not convertable, response: None, target: 1104.0
2026-08-18 08:27:42.164 | DEBUG    | eval.evaluation.evaluation:metric_call:77 - metric_func_name number_near score 0.0 msg number not convertable, response: None, target: 510.0
2026-08-18 08:27:42.164 | DEBUG    | eval.evaluation.evaluation:metric_call:77 - metric_func_name number_near score 0.0 msg number not convertable, response: None, target: 889.0
2026-08-18 08:27:42.164 | DEBUG    | eval.evaluation.evaluation:metric_call:77 - metric_func_name number_near score 0.0 msg number not convertable, response: None, target: 803.0
2026-08-18 08:27:42.164 | DEBUG    | eval.evaluation.evaluation:metric_call:77 - metric_func_name number_near score 0.0 msg number not convertable, response: None, target: 521.0
2026-08-18 08:27:42.164 | DEBUG    | eval.evaluation.evaluation:metric_call:77 - metric_func_name number_near score 0.0 msg number not convertable, response: None, target: 860.0
2026-08-18 08:27:42.164 | DEBUG    | eval.evaluation.evaluation:metric_call:77 - metric_func_name number_near score 0.0 msg number not convertable, response: None, target: 434.0
2026-08-18 08:27:42.164 | DEBUG    | eval.evaluation.evaluation:metric_call:77 - metric_func_name number_near score 0.0 msg number not convertable, response: None, target: 628.0
2026-08-18 08:27:42.164 | DEBUG    | eval.evaluation.evaluation:metric_call:77 - metric_func_name number_near score 0.0 msg number not convertable, response: None, target: 870.0
2026-08-18 08:27:42.164 | DEBUG    | eval.evaluation.evaluation:metric_call:77 - metric_func_name number_near score 0.0 msg number not convertable, response: None, target: 886.0
2026-08-18 08:27:42.164 | DEBUG    | eval.evaluation.evaluation:metric_call:77 - metric_func_name number_near score 0.0 msg number not convertable, response: None, target: 607.0
2026-08-18 08:27:42.164 | DEBUG    | eval.evaluation.evaluation:metric_call:77 - metric_func_name number_near score 0.0 msg number not convertable, response: None, target: 737.0
2026-08-18 08:27:42.164 | DEBUG    | eval.evaluation.evaluation:metric_call:77 - metric_func_name number_near score 0.0 msg number not convertable, response: None, target: 1231.0
2026-08-18 08:27:42.164 | DEBUG    | eval.evaluation.evaluation:metric_call:77 - metric_func_name number_near score 0.0 msg number not convertable, response: None, target: 602.0
2026-08-18 08:27:42.164 | DEBUG    | eval.evaluation.evaluation:metric_call:77 - metric_func_name number_near score 0.0 msg number not convertable, response: None, target: 912.0
2026-08-18 08:27:42.164 | DEBUG    | eval.evaluation.evaluation:metric_call:77 - metric_func_name number_near score 0.0 msg number not convertable, response: None, target: 378.0
2026-08-18 08:27:42.164 | DEBUG    | eval.evaluation.evaluation:metric_call:77 - metric_func_name number_near score 0.0 msg number not convertable, response: None, target: 246.0
2026-08-18 08:27:42.164 | DEBUG    | eval.evaluation.evaluation:metric_call:77 - metric_func_name number_near score 0.0 msg number not convertable, response: None, target: 406.0
2026-08-18 08:27:42.164 | DEBUG    | eval.evaluation.evaluation:metric_call:77 - metric_func_name number_near score 0.0 msg number not convertable, response: None, target: 663.0
2026-08-18 08:27:42.164 | DEBUG    | eval.evaluation.evaluation:metric_call:77 - metric_func_name number_near score 0.0 msg number not convertable, response: None, target: 734.0
2026-08-18 08:27:42.164 | DEBUG    | eval.evaluation.evaluation:metric_call:77 - metric_func_name number_near score 1.0 msg number equal, response: NULL, target: NULL
2026-08-18 08:27:42.164 | DEBUG    | eval.evaluation.evaluation:metric_call:77 - metric_func_name number_near score 0.0 msg number not convertable, response: None, target: 700.0
2026-08-18 08:27:42.164 | DEBUG    | eval.evaluation.evaluation:metric_call:77 - metric_func_name number_near score 0.0 msg number not convertable, response: None, target: 910.0
2026-08-18 08:27:42.164 | DEBUG    | eval.evaluation.evaluation:metric_call:77 - metric_func_name number_near score 0.0 msg number not convertable, response: None, target: 439.0
2026-08-18 08:27:42.165 | DEBUG    | eval.evaluation.evaluation:evaluate_single_query:321 - wide2deep_ws_en_067, col totalstudents, metric_func_name number_near, score [0.0, 0.0, 0.0, 0.0, 0.0, 0.0, 0.0, 0.0, 0.0, 0.0, 0.0, 0.0, 0.0, 0.0, 0.0, 0.0, 0.0, 0.0, 0.0, 0.0, 0.0, 0.0, 0.0, 1.0, 0.0, 0.0, 0.0]
2026-08-18 08:27:42.169 | INFO     | eval.evaluation.evaluation:evaluate_single_query:380 - wide2deep_ws_en_067, P/R/F1 by unique_columns: 0.8710/0.4091/0.5567
2026-08-18 08:27:42.169 | INFO     | eval.evaluation.evaluation:evaluate_single_query:383 - wide2deep_ws_en_067, P/R/F1 by row: 0.0000/0.0000/0.0000
2026-08-18 08:27:42.169 | INFO     | eval.evaluation.evaluation:evaluate_single_query:386 - wide2deep_ws_en_067, P/R/F1 by item: 0.5484/0.2576/0.3505
2026-08-18 08:27:42.172 | INFO     | eval.evaluation.evaluation:evaluate_single_query:398 - wide2deep_ws_en_067, final table score: 0.0
{"event": "eval_done", "idx": 5, "instance_id": "wide2deep_ws_en_067", "score": 0.0, "entity_acc": 1.0, "f1_by_row": 0.0, "f1_by_item": 0.35051546391752575, "column_f1": 0.5567010309278351, "error": null, "elapsed_seconds": 17.845, "running_n": 5}
2026-08-18 08:27:44.677 | DEBUG    | eval.evaluation.data_loader:extract_dataframe:167 - find markdown_str 
| Drama Title | Premiere Date | Director | Number of Episodes | ...
2026-08-18 08:27:49.074 | INFO     | eval.evaluation.metric_utils:primary_key_preprocess:246 - primary_key_preprocess result: ```json
{
  "The Bequeathed": "The Bequeathed",
  "A Killer Paradox": "A Killer Paradox",
  "Chicken Nugget": "Chicken Nugget",
  "Parasyte: The Grey": "Parasyte: The Grey",
  "Goodbye Earth": "Goodbye Earth",
  "The 8 Show": "The 8 Show",
  "Hierarchy": "Hierarchy ",
  "The Whirlwind": "The Whirlwind",
  "Sweet Home Season 3": "Sweet Home 3",
  "The Frog": "Silent Frogs",
  "Gyeongseong Creature Season 2": "Gyeongseong Creature 2",
  "Hellbound Season 2": "Hellbound season 2",
  "Mr. Plankton": "Mr. Plankton",
  "The Trunk": "The Trunk",
  "Squid Game Season 2": "Squid Game season 2"
}
```
2026-08-18 08:27:49.075 | INFO     | eval.evaluation.evaluation:evaluate_single_query:223 - col: dramatitle, primary_key_map {'The Bequeathed': 'The Bequeathed', 'A Killer Paradox': 'A Killer Paradox', 'Chicken Nugget': 'Chicken Nugget', 'Parasyte: The Grey': 'Parasyte: The Grey', 'Goodbye Earth': 'Goodbye Earth', 'The 8 Show': 'The 8 Show', 'Hierarchy': 'Hierarchy ', 'The Whirlwind': 'The Whirlwind', 'Sweet Home Season 3': 'Sweet Home 3', 'The Frog': 'Silent Frogs', 'Gyeongseong Creature Season 2': 'Gyeongseong Creature 2', 'Hellbound Season 2': 'Hellbound season 2', 'Mr. Plankton': 'Mr. Plankton', 'The Trunk': 'The Trunk', 'Squid Game Season 2': 'Squid Game season 2'}
2026-08-18 08:27:49.082 | INFO     | eval.evaluation.evaluation:evaluate_single_query:275 - wide2deep_ws_en_095, df_inner shape: (15, 10), answer_df shape: (38, 5), response_df shape: (15, 6)
2026-08-18 08:27:49.083 | DEBUG    | eval.evaluation.evaluation:metric_call:77 - metric_func_name exact_match score 1.0 msg exact match, response: 2024-01-19, target: 2024-01-19
2026-08-18 08:27:49.083 | DEBUG    | eval.evaluation.evaluation:metric_call:77 - metric_func_name exact_match score 1.0 msg exact match, response: 2024-02-09, target: 2024-02-09
2026-08-18 08:27:49.083 | DEBUG    | eval.evaluation.evaluation:metric_call:77 - metric_func_name exact_match score 1.0 msg exact match, response: 2024-03-15, target: 2024-03-15
2026-08-18 08:27:49.083 | DEBUG    | eval.evaluation.evaluation:metric_call:77 - metric_func_name exact_match score 1.0 msg exact match, response: 2024-04-05, target: 2024-04-05
2026-08-18 08:27:49.083 | DEBUG    | eval.evaluation.evaluation:metric_call:77 - metric_func_name exact_match score 1.0 msg exact match, response: 2024-04-26, target: 2024-04-26
2026-08-18 08:27:49.083 | DEBUG    | eval.evaluation.evaluation:metric_call:77 - metric_func_name exact_match score 1.0 msg exact match, response: 2024-05-17, target: 2024-05-17
2026-08-18 08:27:49.083 | DEBUG    | eval.evaluation.evaluation:metric_call:77 - metric_func_name exact_match score 1.0 msg exact match, response: 2024-06-07, target: 2024-06-07
2026-08-18 08:27:49.083 | DEBUG    | eval.evaluation.evaluation:metric_call:77 - metric_func_name exact_match score 1.0 msg exact match, response: 2024-06-28, target: 2024-06-28
2026-08-18 08:27:49.083 | DEBUG    | eval.evaluation.evaluation:metric_call:77 - metric_func_name exact_match score 1.0 msg exact match, response: 2024-07-19, target: 2024-07-19
2026-08-18 08:27:49.083 | DEBUG    | eval.evaluation.evaluation:metric_call:77 - metric_func_name exact_match score 1.0 msg exact match, response: 2024-08-23, target: 2024-08-23
2026-08-18 08:27:49.083 | DEBUG    | eval.evaluation.evaluation:metric_call:77 - metric_func_name exact_match score 1.0 msg exact match, response: 2024-09-27, target: 2024-09-27
2026-08-18 08:27:49.083 | DEBUG    | eval.evaluation.evaluation:metric_call:77 - metric_func_name exact_match score 1.0 msg exact match, response: 2024-10-25, target: 2024-10-25
2026-08-18 08:27:49.083 | DEBUG    | eval.evaluation.evaluation:metric_call:77 - metric_func_name exact_match score 1.0 msg exact match, response: 2024-11-08, target: 2024-11-08
2026-08-18 08:27:49.083 | DEBUG    | eval.evaluation.evaluation:metric_call:77 - metric_func_name exact_match score 1.0 msg exact match, response: 2024-11-29, target: 2024-11-29
2026-08-18 08:27:49.083 | DEBUG    | eval.evaluation.evaluation:metric_call:77 - metric_func_name exact_match score 1.0 msg exact match, response: 2024-12-26, target: 2024-12-26
2026-08-18 08:27:49.084 | DEBUG    | eval.evaluation.evaluation:evaluate_single_query:321 - wide2deep_ws_en_095, col premieredate, metric_func_name exact_match, score [1.0, 1.0, 1.0, 1.0, 1.0, 1.0, 1.0, 1.0, 1.0, 1.0, 1.0, 1.0, 1.0, 1.0, 1.0]
2026-08-18 08:28:02.560 | DEBUG    | eval.evaluation.evaluation:evaluate_single_query:321 - wide2deep_ws_en_095, col director, metric_func_name llm_judge, score [0, 1, 1, 1, 1, 1, 1, 1, 1, 1, 0, 1, 1, 1, 1]
2026-08-18 08:28:02.561 | DEBUG    | eval.evaluation.evaluation:metric_call:77 - metric_func_name exact_match score 0.0 msg exact not match, response: 6episodes, target: 6
2026-08-18 08:28:02.561 | DEBUG    | eval.evaluation.evaluation:metric_call:77 - metric_func_name exact_match score 1.0 msg exact match, response: 8, target: 8
2026-08-18 08:28:02.561 | DEBUG    | eval.evaluation.evaluation:metric_call:77 - metric_func_name exact_match score 1.0 msg exact match, response: 10, target: 10
2026-08-18 08:28:02.561 | DEBUG    | eval.evaluation.evaluation:metric_call:77 - metric_func_name exact_match score 1.0 msg exact match, response: 6, target: 6
2026-08-18 08:28:02.561 | DEBUG    | eval.evaluation.evaluation:metric_call:77 - metric_func_name exact_match score 1.0 msg exact match, response: 12, target: 12
2026-08-18 08:28:02.561 | DEBUG    | eval.evaluation.evaluation:metric_call:77 - metric_func_name exact_match score 1.0 msg exact match, response: 8, target: 8
2026-08-18 08:28:02.561 | DEBUG    | eval.evaluation.evaluation:metric_call:77 - metric_func_name exact_match score 1.0 msg exact match, response: 7, target: 7
2026-08-18 08:28:02.561 | DEBUG    | eval.evaluation.evaluation:metric_call:77 - metric_func_name exact_match score 1.0 msg exact match, response: 12, target: 12
2026-08-18 08:28:02.561 | DEBUG    | eval.evaluation.evaluation:metric_call:77 - metric_func_name exact_match score 1.0 msg exact match, response: 8, target: 8
2026-08-18 08:28:02.561 | DEBUG    | eval.evaluation.evaluation:metric_call:77 - metric_func_name exact_match score 1.0 msg exact match, response: 8, target: 8
2026-08-18 08:28:02.561 | DEBUG    | eval.evaluation.evaluation:metric_call:77 - metric_func_name exact_match score 1.0 msg exact match, response: 7, target: 7
2026-08-18 08:28:02.561 | DEBUG    | eval.evaluation.evaluation:metric_call:77 - metric_func_name exact_match score 1.0 msg exact match, response: 6, target: 6
2026-08-18 08:28:02.561 | DEBUG    | eval.evaluation.evaluation:metric_call:77 - metric_func_name exact_match score 1.0 msg exact match, response: 10, target: 10
2026-08-18 08:28:02.561 | DEBUG    | eval.evaluation.evaluation:metric_call:77 - metric_func_name exact_match score 1.0 msg exact match, response: 8, target: 8
2026-08-18 08:28:02.561 | DEBUG    | eval.evaluation.evaluation:metric_call:77 - metric_func_name exact_match score 1.0 msg exact match, response: 7, target: 7
2026-08-18 08:28:02.562 | DEBUG    | eval.evaluation.evaluation:evaluate_single_query:321 - wide2deep_ws_en_095, col numberofepisodes, metric_func_name exact_match, score [0.0, 1.0, 1.0, 1.0, 1.0, 1.0, 1.0, 1.0, 1.0, 1.0, 1.0, 1.0, 1.0, 1.0, 1.0]
2026-08-18 08:28:06.197 | DEBUG    | eval.evaluation.evaluation:evaluate_single_query:321 - wide2deep_ws_en_095, col awards, metric_func_name llm_judge, score [1, 1, 1, 1, 1, 1, 1, 1, 1, 1, 1, 1, 1, 1, 1]
2026-08-18 08:28:06.203 | INFO     | eval.evaluation.evaluation:evaluate_single_query:380 - wide2deep_ws_en_095, P/R/F1 by unique_columns: 1.0000/0.3947/0.5660
2026-08-18 08:28:06.203 | INFO     | eval.evaluation.evaluation:evaluate_single_query:383 - wide2deep_ws_en_095, P/R/F1 by row: 0.8667/0.3421/0.4906
2026-08-18 08:28:06.203 | INFO     | eval.evaluation.evaluation:evaluate_single_query:386 - wide2deep_ws_en_095, P/R/F1 by item: 0.9600/0.3789/0.5434
2026-08-18 08:28:06.205 | INFO     | eval.evaluation.evaluation:evaluate_single_query:398 - wide2deep_ws_en_095, final table score: 0.0
{"event": "eval_done", "idx": 6, "instance_id": "wide2deep_ws_en_095", "score": 0.0, "entity_acc": 1.0, "f1_by_row": 0.4905660377358491, "f1_by_item": 0.5433962264150943, "column_f1": 0.5660377358490566, "error": null, "elapsed_seconds": 24.008, "running_n": 6}
{"event": "eval_done", "idx": 7, "instance_id": "wide2deep_ws_zh_028", "score": 0.0, "entity_acc": 0.0, "f1_by_row": 0.0, "f1_by_item": 0.0, "column_f1": 0.0, "error": null, "elapsed_seconds": 2.445, "running_n": 7}
SUMMARY {"n": 7, "valid_n": 7, "errors": 0, "complete": true, "judge_calls_current_process": 17, "score": 0.0, "entity_acc": 0.5714285714285714, "precision_by_row": 0.27174603174603174, "recall_by_row": 0.19839598997493732, "f1_by_row": 0.21873887119170138, "precision_by_item": 0.45300768049155143, "recall_by_item": 0.34750330371383004, "f1_by_item": 0.3738834882293353, "column_precision": 0.5291858678955453, "column_recall": 0.4005468215994532, "column_f1": 0.4331185251239716}
