INFO: Pandarallel will run on 8 workers.
INFO: Pandarallel will use Memory file system to transfer data between the main process and workers.
{"event": "eval_start", "selected": 7, "resume_committed": 0, "committed_errors": 0, "crash_only_resume": false}
2026-08-11 11:55:35.405 | DEBUG    | eval.evaluation.data_loader:extract_dataframe:167 - find markdown_str 
| Line Number | Line Name | Total Stations | Termini |
| --- |  ...
2026-08-11 11:55:39.102 | INFO     | eval.evaluation.metric_utils:primary_key_preprocess:246 - primary_key_preprocess result: ```json
{
  "M1": "M1",
  "T1": "T1",
  "T2": "T2",
  "T3": "T3",
  "T4": "T4",
  "T5": "T5",
  "T6": "T6",
  "T7": "T7",
  "T8": "T8",
  "T9": "T9"
}
```
2026-08-11 11:55:39.102 | INFO     | eval.evaluation.evaluation:evaluate_single_query:223 - col: linenumber, primary_key_map {'M1': 'M1', 'T1': 'T1', 'T2': 'T2', 'T3': 'T3', 'T4': 'T4', 'T5': 'T5', 'T6': 'T6', 'T7': 'T7', 'T8': 'T8', 'T9': 'T9'}
2026-08-11 11:55:39.108 | INFO     | eval.evaluation.evaluation:evaluate_single_query:275 - wide2deep_ws_en_032, df_inner shape: (10, 8), answer_df shape: (10, 4), response_df shape: (10, 5)
2026-08-11 11:55:43.829 | DEBUG    | eval.evaluation.evaluation:evaluate_single_query:321 - wide2deep_ws_en_032, col linename, metric_func_name llm_judge, score [1, 1, 1, 1, 1, 1, 1, 1, 1, 1]
2026-08-11 11:55:43.829 | DEBUG    | eval.evaluation.evaluation:metric_call:77 - metric_func_name exact_match score 0.0 msg exact not match, response: 52, target: 56
2026-08-11 11:55:43.829 | DEBUG    | eval.evaluation.evaluation:metric_call:77 - metric_func_name exact_match score 1.0 msg exact match, response: 37, target: 37
2026-08-11 11:55:43.829 | DEBUG    | eval.evaluation.evaluation:metric_call:77 - metric_func_name exact_match score 1.0 msg exact match, response: 30, target: 30
2026-08-11 11:55:43.829 | DEBUG    | eval.evaluation.evaluation:metric_call:77 - metric_func_name exact_match score 1.0 msg exact match, response: 33, target: 33
2026-08-11 11:55:43.829 | DEBUG    | eval.evaluation.evaluation:metric_call:77 - metric_func_name exact_match score 1.0 msg exact match, response: 30, target: 30
2026-08-11 11:55:43.829 | DEBUG    | eval.evaluation.evaluation:metric_call:77 - metric_func_name exact_match score 1.0 msg exact match, response: 6, target: 6
2026-08-11 11:55:43.829 | DEBUG    | eval.evaluation.evaluation:metric_call:77 - metric_func_name exact_match score 1.0 msg exact match, response: 2, target: 2
2026-08-11 11:55:43.829 | DEBUG    | eval.evaluation.evaluation:metric_call:77 - metric_func_name exact_match score 0.0 msg exact not match, response: 30, target: 34
2026-08-11 11:55:43.829 | DEBUG    | eval.evaluation.evaluation:metric_call:77 - metric_func_name exact_match score 1.0 msg exact match, response: 31, target: 31
2026-08-11 11:55:43.829 | DEBUG    | eval.evaluation.evaluation:metric_call:77 - metric_func_name exact_match score 1.0 msg exact match, response: 21, target: 21
2026-08-11 11:55:43.830 | DEBUG    | eval.evaluation.evaluation:evaluate_single_query:321 - wide2deep_ws_en_032, col totalstations, metric_func_name exact_match, score [0.0, 1.0, 1.0, 1.0, 1.0, 1.0, 1.0, 0.0, 1.0, 1.0]
2026-08-11 11:55:47.554 | DEBUG    | eval.evaluation.evaluation:evaluate_single_query:321 - wide2deep_ws_en_032, col termini, metric_func_name llm_judge, score [1, 1, 1, 1, 1, 1, 1, 0, 1, 1]
2026-08-11 11:55:47.561 | INFO     | eval.evaluation.evaluation:evaluate_single_query:380 - wide2deep_ws_en_032, P/R/F1 by unique_columns: 1.0000/1.0000/1.0000
2026-08-11 11:55:47.561 | INFO     | eval.evaluation.evaluation:evaluate_single_query:383 - wide2deep_ws_en_032, P/R/F1 by row: 0.8000/0.8000/0.8000
2026-08-11 11:55:47.561 | INFO     | eval.evaluation.evaluation:evaluate_single_query:386 - wide2deep_ws_en_032, P/R/F1 by item: 0.9250/0.9250/0.9250
2026-08-11 11:55:47.563 | INFO     | eval.evaluation.evaluation:evaluate_single_query:398 - wide2deep_ws_en_032, final table score: 0.0
{"event": "eval_done", "idx": 1, "instance_id": "wide2deep_ws_en_032", "score": 0.0, "entity_acc": 1.0, "f1_by_row": 0.8000000000000002, "f1_by_item": 0.925, "column_f1": 1.0, "error": null, "elapsed_seconds": 17.1, "running_n": 1}
{"event": "eval_done", "idx": 2, "instance_id": "wide2deep_ws_en_046", "score": 0.0, "entity_acc": 0.0, "f1_by_row": 0.0, "f1_by_item": 0.0, "column_f1": 0.0, "error": null, "elapsed_seconds": 2.938, "running_n": 2}
2026-08-11 11:55:52.212 | DEBUG    | eval.evaluation.data_loader:extract_dataframe:167 - find markdown_str 
| Award Year | Laureate | Talk Title | Event City |
| --- | --- ...
2026-08-11 11:55:56.689 | INFO     | eval.evaluation.metric_utils:primary_key_preprocess:246 - primary_key_preprocess result: ```json
{
  "Bono": "Bono",
  "Edward Burtynsky": "Edward Burtynsky",
  "Robert Fischell": "Robert Fischell",
  "Lawrence Brilliant": "Lawrence Brilliant",
  "Jehane Noujaim": "Jehane Noujaim",
  "Cameron Sinclair": "Cameron Sinclair",
  "Bill Clinton": "Bill Clinton",
  "James Nachtwey": "James Nachtwey",
  "E.O. Wilson": "EO Wilson",
  "Dave Eggers": "Dave Eggers",
  "Karen Armstrong": "Karen Armstrong",
  "Neil Turok": "Neil Turok",
  "José Antonio Abreu": "José Abreu",
  "Sylvia Earle": "Sylvia Earle",
  "Jill Tarter": "Jill Tarter",
  "Jamie Oliver": "Jamie Oliver",
  "JR": "JR",
  "The City 2.0": "The City 2.0",
  "Sugata Mitra": "Sugata Mitra",
  "Charmian Gooch": "Charmian Gooch",
  "Dave Isay": "Dave Isay"
}
```
2026-08-11 11:55:56.689 | INFO     | eval.evaluation.evaluation:evaluate_single_query:223 - col: laureate, primary_key_map {'Bono': 'Bono', 'Edward Burtynsky': 'Edward Burtynsky', 'Robert Fischell': 'Robert Fischell', 'Lawrence Brilliant': 'Lawrence Brilliant', 'Jehane Noujaim': 'Jehane Noujaim', 'Cameron Sinclair': 'Cameron Sinclair', 'Bill Clinton': 'Bill Clinton', 'James Nachtwey': 'James Nachtwey', 'E.O. Wilson': 'EO Wilson', 'Dave Eggers': 'Dave Eggers', 'Karen Armstrong': 'Karen Armstrong', 'Neil Turok': 'Neil Turok', 'José Antonio Abreu': 'José Abreu', 'Sylvia Earle': 'Sylvia Earle', 'Jill Tarter': 'Jill Tarter', 'Jamie Oliver': 'Jamie Oliver', 'JR': 'JR', 'The City 2.0': 'The City 2.0', 'Sugata Mitra': 'Sugata Mitra', 'Charmian Gooch': 'Charmian Gooch', 'Dave Isay': 'Dave Isay'}
2026-08-11 11:55:56.695 | INFO     | eval.evaluation.evaluation:evaluate_single_query:275 - wide2deep_ws_en_059, df_inner shape: (21, 8), answer_df shape: (21, 4), response_df shape: (21, 5)
2026-08-11 11:55:56.695 | DEBUG    | eval.evaluation.evaluation:metric_call:77 - metric_func_name exact_match score 1.0 msg exact match, response: 2005, target: 2005
2026-08-11 11:55:56.695 | DEBUG    | eval.evaluation.evaluation:metric_call:77 - metric_func_name exact_match score 1.0 msg exact match, response: 2005, target: 2005
2026-08-11 11:55:56.695 | DEBUG    | eval.evaluation.evaluation:metric_call:77 - metric_func_name exact_match score 1.0 msg exact match, response: 2005, target: 2005
2026-08-11 11:55:56.695 | DEBUG    | eval.evaluation.evaluation:metric_call:77 - metric_func_name exact_match score 1.0 msg exact match, response: 2006, target: 2006
2026-08-11 11:55:56.696 | DEBUG    | eval.evaluation.evaluation:metric_call:77 - metric_func_name exact_match score 1.0 msg exact match, response: 2006, target: 2006
2026-08-11 11:55:56.696 | DEBUG    | eval.evaluation.evaluation:metric_call:77 - metric_func_name exact_match score 1.0 msg exact match, response: 2006, target: 2006
2026-08-11 11:55:56.696 | DEBUG    | eval.evaluation.evaluation:metric_call:77 - metric_func_name exact_match score 1.0 msg exact match, response: 2007, target: 2007
2026-08-11 11:55:56.696 | DEBUG    | eval.evaluation.evaluation:metric_call:77 - metric_func_name exact_match score 1.0 msg exact match, response: 2007, target: 2007
2026-08-11 11:55:56.696 | DEBUG    | eval.evaluation.evaluation:metric_call:77 - metric_func_name exact_match score 1.0 msg exact match, response: 2007, target: 2007
2026-08-11 11:55:56.696 | DEBUG    | eval.evaluation.evaluation:metric_call:77 - metric_func_name exact_match score 1.0 msg exact match, response: 2008, target: 2008
2026-08-11 11:55:56.696 | DEBUG    | eval.evaluation.evaluation:metric_call:77 - metric_func_name exact_match score 1.0 msg exact match, response: 2008, target: 2008
2026-08-11 11:55:56.696 | DEBUG    | eval.evaluation.evaluation:metric_call:77 - metric_func_name exact_match score 1.0 msg exact match, response: 2008, target: 2008
2026-08-11 11:55:56.696 | DEBUG    | eval.evaluation.evaluation:metric_call:77 - metric_func_name exact_match score 1.0 msg exact match, response: 2009, target: 2009
2026-08-11 11:55:56.696 | DEBUG    | eval.evaluation.evaluation:metric_call:77 - metric_func_name exact_match score 1.0 msg exact match, response: 2009, target: 2009
2026-08-11 11:55:56.696 | DEBUG    | eval.evaluation.evaluation:metric_call:77 - metric_func_name exact_match score 1.0 msg exact match, response: 2009, target: 2009
2026-08-11 11:55:56.696 | DEBUG    | eval.evaluation.evaluation:metric_call:77 - metric_func_name exact_match score 1.0 msg exact match, response: 2010, target: 2010
2026-08-11 11:55:56.696 | DEBUG    | eval.evaluation.evaluation:metric_call:77 - metric_func_name exact_match score 1.0 msg exact match, response: 2011, target: 2011
2026-08-11 11:55:56.696 | DEBUG    | eval.evaluation.evaluation:metric_call:77 - metric_func_name exact_match score 1.0 msg exact match, response: 2012, target: 2012
2026-08-11 11:55:56.696 | DEBUG    | eval.evaluation.evaluation:metric_call:77 - metric_func_name exact_match score 1.0 msg exact match, response: 2013, target: 2013
2026-08-11 11:55:56.696 | DEBUG    | eval.evaluation.evaluation:metric_call:77 - metric_func_name exact_match score 1.0 msg exact match, response: 2014, target: 2014
2026-08-11 11:55:56.696 | DEBUG    | eval.evaluation.evaluation:metric_call:77 - metric_func_name exact_match score 1.0 msg exact match, response: 2015, target: 2015
2026-08-11 11:55:56.697 | DEBUG    | eval.evaluation.evaluation:evaluate_single_query:321 - wide2deep_ws_en_059, col awardyear, metric_func_name exact_match, score [1.0, 1.0, 1.0, 1.0, 1.0, 1.0, 1.0, 1.0, 1.0, 1.0, 1.0, 1.0, 1.0, 1.0, 1.0, 1.0, 1.0, 1.0, 1.0, 1.0, 1.0]
2026-08-11 11:56:02.238 | DEBUG    | eval.evaluation.evaluation:evaluate_single_query:321 - wide2deep_ws_en_059, col talktitle, metric_func_name llm_judge, score [0, 1, 1, 1, 1, 1, 1, 1, 1, 1, 1, 1, 1, 1, 1, 1, 1, 1, 1, 1, 1]
2026-08-11 11:56:07.350 | DEBUG    | eval.evaluation.evaluation:evaluate_single_query:321 - wide2deep_ws_en_059, col eventcity, metric_func_name llm_judge, score [1, 1, 1, 1, 1, 1, 1, 1, 1, 1, 1, 1, 1, 1, 1, 1, 1, 0, 1, 1, 1]
2026-08-11 11:56:07.356 | INFO     | eval.evaluation.evaluation:evaluate_single_query:380 - wide2deep_ws_en_059, P/R/F1 by unique_columns: 1.0000/1.0000/1.0000
2026-08-11 11:56:07.356 | INFO     | eval.evaluation.evaluation:evaluate_single_query:383 - wide2deep_ws_en_059, P/R/F1 by row: 0.9048/0.9048/0.9048
2026-08-11 11:56:07.357 | INFO     | eval.evaluation.evaluation:evaluate_single_query:386 - wide2deep_ws_en_059, P/R/F1 by item: 0.9762/0.9762/0.9762
2026-08-11 11:56:07.358 | INFO     | eval.evaluation.evaluation:evaluate_single_query:398 - wide2deep_ws_en_059, final table score: 0.0
{"event": "eval_done", "idx": 3, "instance_id": "wide2deep_ws_en_059", "score": 0.0, "entity_acc": 1.0, "f1_by_row": 0.9047619047619048, "f1_by_item": 0.9761904761904762, "column_f1": 1.0, "error": null, "elapsed_seconds": 16.807, "running_n": 3}
2026-08-11 11:56:10.278 | DEBUG    | eval.evaluation.data_loader:extract_dataframe:167 - find markdown_str 
| Annual | Award Category | Winning Song/Album | Performer(s) | ...
2026-08-11 11:56:14.619 | INFO     | eval.evaluation.metric_utils:primary_key_preprocess:246 - primary_key_preprocess result: ```json
{
  "38": "38",
  "39": "39",
  "40": "40",
  "41": "41",
  "42": "42",
  "43": "43",
  "44": "44",
  "45": "45",
  "46": "46",
  "47": "47",
  "48": "48",
  "49": "49",
  "50": "50",
  "51": "51",
  "52": "52",
  "53": "53",
  "54": "54",
  "55": "55",
  "56": "56",
  "57": "57",
  "58": "58",
  "59": "59",
  "60": "60",
  "61": "61",
  "62": "62",
  "63": "63",
  "64": "64",
  "65": "65",
  "66": "66",
  "67": "67"
}
```
2026-08-11 11:56:14.619 | INFO     | eval.evaluation.evaluation:evaluate_single_query:223 - col: annual, primary_key_map {'38': '38', '39': '39', '40': '40', '41': '41', '42': '42', '43': '43', '44': '44', '45': '45', '46': '46', '47': '47', '48': '48', '49': '49', '50': '50', '51': '51', '52': '52', '53': '53', '54': '54', '55': '55', '56': '56', '57': '57', '58': '58', '59': '59', '60': '60', '61': '61', '62': '62', '63': '63', '64': '64', '65': '65', '66': '66', '67': '67'}
2026-08-11 11:56:21.236 | INFO     | eval.evaluation.metric_utils:primary_key_preprocess:246 - primary_key_preprocess result: ```json
{
  "Best Rap Solo Performance": "Best Rap Solo Performance",
  "Best Rap Performance by a Duo or Group": "Best Rap Performance By A Duo Or Group",
  "Best Rap Album": "Best Rap Album",
  "Best Rap/Sung Collaboration": "Best Rap/Sung Collaboration (aka Best Rap/Sung Performance or Best Melodic Rap Performance)",
  "Best Female Rap Solo Performance": "Best Female Rap Solo Performance",
  "Best Male Rap Solo Performance": "Best Male Rap Solo Performance",
  "Best Rap Song": "Best Rap Song",
  "Best Rap Performance": "Best Rap Performance",
  "Best Rap/Sung Performance": "Best Rap/Sung Performance (aka Best Rap/Sung Collaboration or Best Melodic Rap Performance)",
  "Best Melodic Rap Performance": "Best Melodic Rap Performance (aka Best Rap/Sung Collaboration or Best Rap/Sung Performance)"
}
```
2026-08-11 11:56:21.236 | INFO     | eval.evaluation.evaluation:evaluate_single_query:223 - col: awardcategory, primary_key_map {'Best Rap Solo Performance': 'Best Rap Solo Performance', 'Best Rap Performance by a Duo or Group': 'Best Rap Performance By A Duo Or Group', 'Best Rap Album': 'Best Rap Album', 'Best Rap/Sung Collaboration': 'Best Rap/Sung Collaboration (aka Best Rap/Sung Performance or Best Melodic Rap Performance)', 'Best Female Rap Solo Performance': 'Best Female Rap Solo Performance', 'Best Male Rap Solo Performance': 'Best Male Rap Solo Performance', 'Best Rap Song': 'Best Rap Song', 'Best Rap Performance': 'Best Rap Performance', 'Best Rap/Sung Performance': 'Best Rap/Sung Performance (aka Best Rap/Sung Collaboration or Best Melodic Rap Performance)', 'Best Melodic Rap Performance': 'Best Melodic Rap Performance (aka Best Rap/Sung Collaboration or Best Rap/Sung Performance)'}
2026-08-11 11:56:32.091 | INFO     | eval.evaluation.metric_utils:primary_key_preprocess:246 - primary_key_preprocess result: ```json
{
  "Gangsta's Paradise": "Gangsta's Paradise",
  "I'll Be There for You/You're All I Need to Get By": "I'll Be There For You/You're All I Need To Get By",
  "Poverty's Paradise": "Poverty's Paradise",
  "Hey Lover": "Hey Lover",
  "Tha Crossroads": "Tha Crossroads",
  "The Score": "The Score",
  "Men in Black": "Men In Black",
  "I'll Be Missing You": "I'll Be Missing You",
  "No Way Out": "No Way Out",
  "Gettin' Jiggy wit It": "Gettin' Jiggy Wit It",
  "Intergalactic": "Intergalactic",
  "Vol. 2... Hard Knock Life": "Vol. 2...Hard Knock Life",
  "My Name Is": "My Name Is",
  "You Got Me": "You Got Me",
  "The Slim Shady LP": "The Slim Shady LP",
  "The Real Slim Shady": "The Real Slim Shady",
  "Forgot About Dre": "Forgot About Dre",
  "The Marshall Mathers LP": "The Marshall Mathers LP",
  "Get Ur Freak On": "Get Ur Freak On",
  "Ms. Jackson": "Ms. Jackson",
  "Let Me Blow Ya Mind": "Let Me Blow Ya Mind",
  "Stankonia": "Stankonia",
  "Scream a.k.a. Itchin'": "Scream a.k.a. Itchin'",
  "Hot in Herre": "Hot In Herre",
  "The Whole World": "The Whole World",
  "Dilemma": "Dilemma",
  "The Eminem Show": "The Eminem Show",
  "Work It": "Work It",
  "Lose Yourself": "Lose Yourself",
  "Shake Ya Tailfeather": "Shake Ya Tailfeather",
  "Crazy in Love": "Crazy In Love",
  "Speakerboxxx/The Love Below": "Speakerboxxx/The Love Below",
  "99 Problems": "99 Problems",
  "Let's Get It Started": "Let's Get It Started",
  "Yeah!": "Yeah!",
  "Jesus Walks": "Jesus Walks",
  "The College Dropout": "The College Dropout",
  "Gold Digger": "Gold Digger",
  "Don't Phunk with My Heart": "Don't Phunk With My Heart",
  "Numb/Encore": "Numb/Encore",
  "Diamonds from Sierra Leone": "Diamonds From Sierra Leone",
  "Late Registration": "Late Registration",
  "What You Know": "What You Know",
  "Ridin'": "Ridin",
  "My Love": "My Love",
  "Money Maker": "Money Maker",
  "Release Therapy": "Release Therapy",
  "Stronger": "Stronger",
  "Southside": "Southside",
  "Umbrella": "Umbrella",
  "Good Life": "Good Life",
  "Graduation": "Graduation",
  "A Milli": "A Milli",
  "Swagga Like Us": "Swagga Like Us",
  "American Boy": "American Boy",
  "Lollipop": "Lollipop",
  "Tha Carter III": "Tha Carter III",
  "D.O.A. (Death of Auto-Tune)": "D.O.A. (Death Of Auto-Tune)",
  "Crack a Bottle": "Crack A Bottle",
  "Run This Town": "Run This Town",
  "Relapse": "Relapse",
  "Not Afraid": "Not Afraid",
  "On to the Next One": "On To The Next One",
  "Empire State of Mind": "Empire State Of Mind",
  "Recovery": "Recovery",
  "Otis": "Otis",
  "All of the Lights": "All Of The Lights",
  "My Beautiful Dark Twisted Fantasy": "My Beautiful Dark Twisted Fantasy",
  "N****s in Paris": "N****s In Paris",
  "No Church in the Wild": "No Church In The Wild",
  "Take Care": "Take Care",
  "Thrift Shop": "Thrift Shop",
  "Holy Grail": "Holy Grail",
  "The Heist": "The Heist",
  "i": "I",
  "The Monster": "The Monster",
  "The Marshall Mathers LP 2": "The Marshall Mathers LP2",
  "Alright": "Alright",
  "These Walls": "These Walls",
  "To Pimp a Butterfly": "To Pimp A Butterfly",
  "No Problem": "No Problem",
  "Hotline Bling": "Hotline Bling",
  "Coloring Book": "Coloring Book",
  "HUMBLE.": "HUMBLE.",
  "LOYALTY.": "LOYALTY.",
  "DAMN.": "DAMN.",
  "King's Dead": "King's Dead",
  "Bubblin": "Bubblin",
  "This Is America": "This Is America",
  "God's Plan": "God's Plan",
  "Invasion of Privacy": "Invasion Of Privacy",
  "Racks in the Middle": "Racks In The Middle",
  "Higher": "Higher",
  "a lot": "A Lot",
  "Igor": "Igor",
  "Savage": "Savage",
  "Lockdown": "Lockdown",
  "King’s Disease": "King’s Disease",
  "Family Ties": "Family Ties",
  "Hurricane": "Hurricane",
  "Jail": "Jail",
  "Call Me If You Get Lost": "Call Me If You Get Lost",
  "The Heart Part 5": "The Heart Part 5",
  "Wait for U": "WAIT FOR U",
  "Mr. Morale & the Big Steppers": "Mr. Morale & The Big Steppers",
  "Scientists & Engineers": "SCIENTISTS & ENGINEERS",
  "All My Life": "All My Life",
  "Michael": "MICHAEL",
  "Not Like Us": "Not Like Us",
  "3:AM": "3:AM",
  "Alligator Bites Never Heal": "Alligator Bites Never Heal"
}
```
2026-08-11 11:56:32.091 | INFO     | eval.evaluation.evaluation:evaluate_single_query:223 - col: winningsong/album, primary_key_map {"Gangsta's Paradise": "Gangsta's Paradise", "I'll Be There for You/You're All I Need to Get By": "I'll Be There For You/You're All I Need To Get By", "Poverty's Paradise": "Poverty's Paradise", 'Hey Lover': 'Hey Lover', 'Tha Crossroads': 'Tha Crossroads', 'The Score': 'The Score', 'Men in Black': 'Men In Black', "I'll Be Missing You": "I'll Be Missing You", 'No Way Out': 'No Way Out', "Gettin' Jiggy wit It": "Gettin' Jiggy Wit It", 'Intergalactic': 'Intergalactic', 'Vol. 2... Hard Knock Life': 'Vol. 2...Hard Knock Life', 'My Name Is': 'My Name Is', 'You Got Me': 'You Got Me', 'The Slim Shady LP': 'The Slim Shady LP', 'The Real Slim Shady': 'The Real Slim Shady', 'Forgot About Dre': 'Forgot About Dre', 'The Marshall Mathers LP': 'The Marshall Mathers LP', 'Get Ur Freak On': 'Get Ur Freak On', 'Ms. Jackson': 'Ms. Jackson', 'Let Me Blow Ya Mind': 'Let Me Blow Ya Mind', 'Stankonia': 'Stankonia', "Scream a.k.a. Itchin'": "Scream a.k.a. Itchin'", 'Hot in Herre': 'Hot In Herre', 'The Whole World': 'The Whole World', 'Dilemma': 'Dilemma', 'The Eminem Show': 'The Eminem Show', 'Work It': 'Work It', 'Lose Yourself': 'Lose Yourself', 'Shake Ya Tailfeather': 'Shake Ya Tailfeather', 'Crazy in Love': 'Crazy In Love', 'Speakerboxxx/The Love Below': 'Speakerboxxx/The Love Below', '99 Problems': '99 Problems', "Let's Get It Started": "Let's Get It Started", 'Yeah!': 'Yeah!', 'Jesus Walks': 'Jesus Walks', 'The College Dropout': 'The College Dropout', 'Gold Digger': 'Gold Digger', "Don't Phunk with My Heart": "Don't Phunk With My Heart", 'Numb/Encore': 'Numb/Encore', 'Diamonds from Sierra Leone': 'Diamonds From Sierra Leone', 'Late Registration': 'Late Registration', 'What You Know': 'What You Know', "Ridin'": 'Ridin', 'My Love': 'My Love', 'Money Maker': 'Money Maker', 'Release Therapy': 'Release Therapy', 'Stronger': 'Stronger', 'Southside': 'Southside', 'Umbrella': 'Umbrella', 'Good Life': 'Good Life', 'Graduation': 'Graduation', 'A Milli': 'A Milli', 'Swagga Like Us': 'Swagga Like Us', 'American Boy': 'American Boy', 'Lollipop': 'Lollipop', 'Tha Carter III': 'Tha Carter III', 'D.O.A. (Death of Auto-Tune)': 'D.O.A. (Death Of Auto-Tune)', 'Crack a Bottle': 'Crack A Bottle', 'Run This Town': 'Run This Town', 'Relapse': 'Relapse', 'Not Afraid': 'Not Afraid', 'On to the Next One': 'On To The Next One', 'Empire State of Mind': 'Empire State Of Mind', 'Recovery': 'Recovery', 'Otis': 'Otis', 'All of the Lights': 'All Of The Lights', 'My Beautiful Dark Twisted Fantasy': 'My Beautiful Dark Twisted Fantasy', 'N****s in Paris': 'N****s In Paris', 'No Church in the Wild': 'No Church In The Wild', 'Take Care': 'Take Care', 'Thrift Shop': 'Thrift Shop', 'Holy Grail': 'Holy Grail', 'The Heist': 'The Heist', 'i': 'I', 'The Monster': 'The Monster', 'The Marshall Mathers LP 2': 'The Marshall Mathers LP2', 'Alright': 'Alright', 'These Walls': 'These Walls', 'To Pimp a Butterfly': 'To Pimp A Butterfly', 'No Problem': 'No Problem', 'Hotline Bling': 'Hotline Bling', 'Coloring Book': 'Coloring Book', 'HUMBLE.': 'HUMBLE.', 'LOYALTY.': 'LOYALTY.', 'DAMN.': 'DAMN.', "King's Dead": "King's Dead", 'Bubblin': 'Bubblin', 'This Is America': 'This Is America', "God's Plan": "God's Plan", 'Invasion of Privacy': 'Invasion Of Privacy', 'Racks in the Middle': 'Racks In The Middle', 'Higher': 'Higher', 'a lot': 'A Lot', 'Igor': 'Igor', 'Savage': 'Savage', 'Lockdown': 'Lockdown', 'King’s Disease': 'King’s Disease', 'Family Ties': 'Family Ties', 'Hurricane': 'Hurricane', 'Jail': 'Jail', 'Call Me If You Get Lost': 'Call Me If You Get Lost', 'The Heart Part 5': 'The Heart Part 5', 'Wait for U': 'WAIT FOR U', 'Mr. Morale & the Big Steppers': 'Mr. Morale & The Big Steppers', 'Scientists & Engineers': 'SCIENTISTS & ENGINEERS', 'All My Life': 'All My Life', 'Michael': 'MICHAEL', 'Not Like Us': 'Not Like Us', '3:AM': '3:AM', 'Alligator Bites Never Heal': 'Alligator Bites Never Heal'}
2026-08-11 11:56:32.099 | INFO     | eval.evaluation.evaluation:evaluate_single_query:275 - wide2deep_ws_en_075, df_inner shape: (123, 8), answer_df shape: (125, 4), response_df shape: (125, 7)
2026-08-11 11:56:44.905 | DEBUG    | eval.evaluation.evaluation:evaluate_single_query:321 - wide2deep_ws_en_075, col performer(s), metric_func_name llm_judge, score [1, 1, 1, 1, 1, 1, 1, 1, 1, 1, 1, 1, 1, 1, 1, 1, 1, 1, 1, 1, 1, 1, 1, 1, 1, 1, 1, 1, 1, 1, 1, 1, 1, 1, 1, 1, 1, 1, 1, 1, 1, 1, 1, 1, 1, 1, 1, 1, 1, 1, 1, 1, 1, 1, 1, 1, 1, 1, 1, 1, 1, 1, 1, 1, 1, 1, 1, 1, 1, 1, 1, 1, 1, 1, 1, 1, 1, 1, 1, 1, 1, 1, 1, 1, 1, 1, 1, 1, 1, 1, 1, 1, 1, 1, 1, 1, 1, 1, 1, 1, 1, 1, 1, 1, 1, 1, 1, 1, 1, 1, 1, 1, 1, 1, 1, 1, 1, 1, 1, 1, 1, 1, 1]
2026-08-11 11:56:44.913 | INFO     | eval.evaluation.evaluation:evaluate_single_query:380 - wide2deep_ws_en_075, P/R/F1 by unique_columns: 0.9840/0.9840/0.9840
2026-08-11 11:56:44.913 | INFO     | eval.evaluation.evaluation:evaluate_single_query:383 - wide2deep_ws_en_075, P/R/F1 by row: 0.9840/0.9840/0.9840
2026-08-11 11:56:44.913 | INFO     | eval.evaluation.evaluation:evaluate_single_query:386 - wide2deep_ws_en_075, P/R/F1 by item: 0.9840/0.9840/0.9840
2026-08-11 11:56:44.921 | INFO     | eval.evaluation.evaluation:evaluate_single_query:398 - wide2deep_ws_en_075, final table score: 0.0
{"event": "eval_done", "idx": 4, "instance_id": "wide2deep_ws_en_075", "score": 0.0, "entity_acc": 1.0, "f1_by_row": 0.984, "f1_by_item": 0.984, "column_f1": 0.984, "error": null, "elapsed_seconds": 37.544, "running_n": 4}
{"event": "eval_done", "idx": 5, "instance_id": "wide2deep_ws_en_094", "score": 0.0, "entity_acc": 0.0, "f1_by_row": 0.0, "f1_by_item": 0.0, "column_f1": 0.0, "error": null, "elapsed_seconds": 2.456, "running_n": 5}
2026-08-11 11:56:49.017 | DEBUG    | eval.evaluation.data_loader:extract_dataframe:167 - find markdown_str 
| Camera Model | Effective Pixels | Weight | Maximum Frames per ...
2026-08-11 11:56:51.699 | INFO     | eval.evaluation.metric_utils:primary_key_preprocess:246 - primary_key_preprocess result: ```json
{
  "Nikon Z7": "Z7",
  "Nikon Z6": "Z6",
  "Nikon Z50": "Z50",
  "Nikon Z5": "Z5",
  "Nikon Z6II": "Z6Ⅱ",
  "Nikon Z7II": "Z7Ⅱ",
  "Nikon Z9": "Z9",
  "Nikon Z fc": "Zfc",
  "Nikon Z30": "Z30",
  "Nikon Z8": "Z8",
  "Nikon Z f": "Zf",
  "Nikon Z6III": "Z6Ⅲ",
  "Nikon Z50II": "Z50Ⅱ",
  "Nikon Z5II": "Z5Ⅱ"
}
```
2026-08-11 11:56:51.699 | INFO     | eval.evaluation.evaluation:evaluate_single_query:223 - col: cameramodel, primary_key_map {'Nikon Z7': 'Z7', 'Nikon Z6': 'Z6', 'Nikon Z50': 'Z50', 'Nikon Z5': 'Z5', 'Nikon Z6II': 'Z6Ⅱ', 'Nikon Z7II': 'Z7Ⅱ', 'Nikon Z9': 'Z9', 'Nikon Z fc': 'Zfc', 'Nikon Z30': 'Z30', 'Nikon Z8': 'Z8', 'Nikon Z f': 'Zf', 'Nikon Z6III': 'Z6Ⅲ', 'Nikon Z50II': 'Z50Ⅱ', 'Nikon Z5II': 'Z5Ⅱ'}
2026-08-11 11:56:51.707 | INFO     | eval.evaluation.evaluation:evaluate_single_query:275 - wide2deep_ws_en_096, df_inner shape: (14, 18), answer_df shape: (14, 9), response_df shape: (14, 10)
2026-08-11 11:56:57.850 | DEBUG    | eval.evaluation.evaluation:evaluate_single_query:321 - wide2deep_ws_en_096, col effectivepixels, metric_func_name llm_judge, score [1, 1, 0, 0, 1, 1, 1, 1, 1, 1, 1, 1, 1, 1]
2026-08-11 11:56:57.850 | DEBUG    | eval.evaluation.evaluation:metric_call:77 - metric_func_name number_near score 1.0 msg number near in range 5.0%, response: 1340.0, target: 1340.0
2026-08-11 11:56:57.850 | DEBUG    | eval.evaluation.evaluation:metric_call:77 - metric_func_name number_near score 1.0 msg number near in range 5.0%, response: 910.0, target: 910.0
2026-08-11 11:56:57.851 | DEBUG    | eval.evaluation.evaluation:metric_call:77 - metric_func_name number_near score 1.0 msg number near in range 5.0%, response: 705.0, target: 705.0
2026-08-11 11:56:57.851 | DEBUG    | eval.evaluation.evaluation:metric_call:77 - metric_func_name number_near score 1.0 msg number near in range 5.0%, response: 675.0, target: 675.0
2026-08-11 11:56:57.851 | DEBUG    | eval.evaluation.evaluation:metric_call:77 - metric_func_name number_near score 1.0 msg number near in range 5.0%, response: 760.0, target: 760.0
2026-08-11 11:56:57.851 | DEBUG    | eval.evaluation.evaluation:metric_call:77 - metric_func_name number_near score 1.0 msg number near in range 5.0%, response: 705.0, target: 705.0
2026-08-11 11:56:57.851 | DEBUG    | eval.evaluation.evaluation:metric_call:77 - metric_func_name number_near score 1.0 msg number near in range 5.0%, response: 675.0, target: 675.0
2026-08-11 11:56:57.851 | DEBUG    | eval.evaluation.evaluation:metric_call:77 - metric_func_name number_near score 1.0 msg number near in range 5.0%, response: 700.0, target: 700.0
2026-08-11 11:56:57.851 | DEBUG    | eval.evaluation.evaluation:metric_call:77 - metric_func_name number_near score 1.0 msg number near in range 5.0%, response: 675.0, target: 675.0
2026-08-11 11:56:57.851 | DEBUG    | eval.evaluation.evaluation:metric_call:77 - metric_func_name number_near score 1.0 msg number near in range 5.0%, response: 710.0, target: 710.0
2026-08-11 11:56:57.851 | DEBUG    | eval.evaluation.evaluation:metric_call:77 - metric_func_name number_near score 1.0 msg number near in range 5.0%, response: 445.0, target: 445.0
2026-08-11 11:56:57.851 | DEBUG    | eval.evaluation.evaluation:metric_call:77 - metric_func_name number_near score 1.0 msg number near in range 5.0%, response: 550.0, target: 550.0
2026-08-11 11:56:57.851 | DEBUG    | eval.evaluation.evaluation:metric_call:77 - metric_func_name number_near score 1.0 msg number near in range 5.0%, response: 450.0, target: 450.0
2026-08-11 11:56:57.851 | DEBUG    | eval.evaluation.evaluation:metric_call:77 - metric_func_name number_near score 1.0 msg number near in range 5.0%, response: 405.0, target: 405.0
2026-08-11 11:56:57.852 | DEBUG    | eval.evaluation.evaluation:evaluate_single_query:321 - wide2deep_ws_en_096, col weight, metric_func_name number_near, score [1.0, 1.0, 1.0, 1.0, 1.0, 1.0, 1.0, 1.0, 1.0, 1.0, 1.0, 1.0, 1.0, 1.0]
2026-08-11 11:56:57.852 | DEBUG    | eval.evaluation.evaluation:metric_call:77 - metric_func_name exact_match score 0.0 msg exact not match, response: 120fpsat11mpjpeg;30fpsatfull-resolutionjpeg;20fpsraw, target: 120fps
2026-08-11 11:56:57.852 | DEBUG    | eval.evaluation.evaluation:metric_call:77 - metric_func_name exact_match score 0.0 msg exact not match, response: 120fpsat11mpjpeg;30fpsatfull-resolutionjpeg;20fpsraw, target: 120fps
2026-08-11 11:56:57.852 | DEBUG    | eval.evaluation.evaluation:metric_call:77 - metric_func_name exact_match score 1.0 msg exact match, response: 10fps, target: 10fps
2026-08-11 11:56:57.852 | DEBUG    | eval.evaluation.evaluation:metric_call:77 - metric_func_name exact_match score 1.0 msg exact match, response: 9fps, target: 9fps
2026-08-11 11:56:57.852 | DEBUG    | eval.evaluation.evaluation:metric_call:77 - metric_func_name exact_match score 0.0 msg exact not match, response: 120fpsindx-formatjpeg;60fpsfull-framejpeg;20fpsraw, target: 120fps
2026-08-11 11:56:57.852 | DEBUG    | eval.evaluation.evaluation:metric_call:77 - metric_func_name exact_match score 1.0 msg exact match, response: 14fps, target: 14fps
2026-08-11 11:56:57.852 | DEBUG    | eval.evaluation.evaluation:metric_call:77 - metric_func_name exact_match score 1.0 msg exact match, response: 12fps, target: 12fps
2026-08-11 11:56:57.852 | DEBUG    | eval.evaluation.evaluation:metric_call:77 - metric_func_name exact_match score 0.0 msg exact not match, response: 30fpsjpegwithpre-releasecapture;14fpsraw, target: 30fps
2026-08-11 11:56:57.852 | DEBUG    | eval.evaluation.evaluation:metric_call:77 - metric_func_name exact_match score 1.0 msg exact match, response: 4.5fps, target: 4.5fps
2026-08-11 11:56:57.852 | DEBUG    | eval.evaluation.evaluation:metric_call:77 - metric_func_name exact_match score 0.0 msg exact not match, response: 30fpsjpegwithpre-releasecapture;14fpsraw, target: 30fps
2026-08-11 11:56:57.852 | DEBUG    | eval.evaluation.evaluation:metric_call:77 - metric_func_name exact_match score 1.0 msg exact match, response: 11fps, target: 11fps
2026-08-11 11:56:57.852 | DEBUG    | eval.evaluation.evaluation:metric_call:77 - metric_func_name exact_match score 0.0 msg exact not match, response: 30fpsjpegwithpre-releasecapture;11fpsraw, target: 30fps
2026-08-11 11:56:57.852 | DEBUG    | eval.evaluation.evaluation:metric_call:77 - metric_func_name exact_match score 1.0 msg exact match, response: 11fps, target: 11fps
2026-08-11 11:56:57.852 | DEBUG    | eval.evaluation.evaluation:metric_call:77 - metric_func_name exact_match score 1.0 msg exact match, response: 11fps, target: 11fps
2026-08-11 11:56:57.853 | DEBUG    | eval.evaluation.evaluation:evaluate_single_query:321 - wide2deep_ws_en_096, col maximumframespersecond, metric_func_name exact_match, score [0.0, 0.0, 1.0, 1.0, 0.0, 1.0, 1.0, 0.0, 1.0, 0.0, 1.0, 0.0, 1.0, 1.0]
2026-08-11 11:57:13.374 | DEBUG    | eval.evaluation.evaluation:evaluate_single_query:321 - wide2deep_ws_en_096, col shutterspeedrange, metric_func_name llm_judge, score [1, 1, 1, 1, 1, 1, 1, 1, 1, 1, 0, 0, 1, 1]
2026-08-11 11:57:20.278 | DEBUG    | eval.evaluation.evaluation:evaluate_single_query:321 - wide2deep_ws_en_096, col highestnumberoffocuspoints, metric_func_name llm_judge, score [1, 1, 1, 1, 1, 1, 1, 1, 1, 0, 1, 0, 1, 1]
2026-08-11 11:57:25.639 | DEBUG    | eval.evaluation.evaluation:evaluate_single_query:321 - wide2deep_ws_en_096, col digitalimageprocessor, metric_func_name llm_judge, score [1, 1, 1, 1, 1, 1, 1, 1, 1, 1, 1, 1, 1, 1]
2026-08-11 11:57:30.240 | DEBUG    | eval.evaluation.evaluation:evaluate_single_query:321 - wide2deep_ws_en_096, col isorange, metric_func_name llm_judge, score [1, 1, 1, 1, 1, 1, 1, 1, 1, 1, 1, 1, 1, 1]
2026-08-11 11:57:35.870 | DEBUG    | eval.evaluation.evaluation:evaluate_single_query:321 - wide2deep_ws_en_096, col in-cameravibrationreductiontechnology, metric_func_name llm_judge, score [1, 1, 1, 1, 1, 1, 1, 1, 1, 1, 1, 1, 1, 1]
2026-08-11 11:57:35.875 | INFO     | eval.evaluation.evaluation:evaluate_single_query:380 - wide2deep_ws_en_096, P/R/F1 by unique_columns: 1.0000/1.0000/1.0000
2026-08-11 11:57:35.875 | INFO     | eval.evaluation.evaluation:evaluate_single_query:383 - wide2deep_ws_en_096, P/R/F1 by row: 0.3571/0.3571/0.3571
2026-08-11 11:57:35.876 | INFO     | eval.evaluation.evaluation:evaluate_single_query:386 - wide2deep_ws_en_096, P/R/F1 by item: 0.9048/0.9048/0.9048
2026-08-11 11:57:35.878 | INFO     | eval.evaluation.evaluation:evaluate_single_query:398 - wide2deep_ws_en_096, final table score: 0.0
{"event": "eval_done", "idx": 6, "instance_id": "wide2deep_ws_en_096", "score": 0.0, "entity_acc": 1.0, "f1_by_row": 0.35714285714285715, "f1_by_item": 0.9047619047619048, "column_f1": 1.0, "error": null, "elapsed_seconds": 48.47, "running_n": 6}
2026-08-11 11:57:39.317 | DEBUG    | eval.evaluation.data_loader:extract_dataframe:167 - find markdown_str 
| 第x次人口普查 | 普查地区 | 人口数量 | 儿童人口数量 | 青中年人口数量 | 老年人口数量 | 大学人口数量 |
 ...
2026-08-11 11:57:42.141 | INFO     | eval.evaluation.metric_utils:primary_key_preprocess:246 - primary_key_preprocess result: ```json
{
  "第七次人口普查": "第七次人口普查"
}
```
2026-08-11 11:57:42.142 | INFO     | eval.evaluation.evaluation:evaluate_single_query:223 - col: 第x次人口普查, primary_key_map {'第七次人口普查': '第七次人口普查'}
2026-08-11 11:57:47.484 | INFO     | eval.evaluation.metric_utils:primary_key_preprocess:246 - primary_key_preprocess result: ```json
{
  "北京市": "北京市",
  "天津市": "天津市",
  "河北省": "河北省",
  "山西省": "山西省",
  "内蒙古自治区": "内蒙古自治区",
  "辽宁省": "辽宁省",
  "吉林省": "吉林省",
  "黑龙江省": "黑龙江省",
  "上海市": "上海市",
  "江苏省": "江苏省",
  "浙江省": "浙江省",
  "安徽省": "安徽省",
  "福建省": "福建省",
  "江西省": "江西省",
  "山东省": "山东省",
  "河南省": "河南省",
  "湖北省": "湖北省",
  "湖南省": "湖南省",
  "广东省": "广东省",
  "广西壮族自治区": "广西壮族自治区",
  "海南省": "海南省",
  "重庆市": "重庆市",
  "四川省": "四川省",
  "贵州省": "贵州省",
  "云南省": "云南省",
  "西藏自治区": "西藏自治区",
  "陕西省": "陕西省",
  "甘肃省": "甘肃省",
  "青海省": "青海省",
  "宁夏回族自治区": "宁夏回族自治区",
  "新疆维吾尔自治区": "新疆维吾尔自治区"
}
```
2026-08-11 11:57:47.484 | INFO     | eval.evaluation.evaluation:evaluate_single_query:223 - col: 普查地区, primary_key_map {'北京市': '北京市', '天津市': '天津市', '河北省': '河北省', '山西省': '山西省', '内蒙古自治区': '内蒙古自治区', '辽宁省': '辽宁省', '吉林省': '吉林省', '黑龙江省': '黑龙江省', '上海市': '上海市', '江苏省': '江苏省', '浙江省': '浙江省', '安徽省': '安徽省', '福建省': '福建省', '江西省': '江西省', '山东省': '山东省', '河南省': '河南省', '湖北省': '湖北省', '湖南省': '湖南省', '广东省': '广东省', '广西壮族自治区': '广西壮族自治区', '海南省': '海南省', '重庆市': '重庆市', '四川省': '四川省', '贵州省': '贵州省', '云南省': '云南省', '西藏自治区': '西藏自治区', '陕西省': '陕西省', '甘肃省': '甘肃省', '青海省': '青海省', '宁夏回族自治区': '宁夏回族自治区', '新疆维吾尔自治区': '新疆维吾尔自治区'}
2026-08-11 11:57:47.493 | INFO     | eval.evaluation.evaluation:evaluate_single_query:275 - wide2deep_ws_zh_053, df_inner shape: (31, 14), answer_df shape: (152, 7), response_df shape: (31, 9)
2026-08-11 11:57:47.495 | DEBUG    | eval.evaluation.evaluation:metric_call:77 - metric_func_name number_near score 1.0 msg number near in range 5.0%, response: 21893095.0, target: 21893095.0
2026-08-11 11:57:47.495 | DEBUG    | eval.evaluation.evaluation:metric_call:77 - metric_func_name number_near score 1.0 msg number near in range 5.0%, response: 13866009.0, target: 13866009.0
2026-08-11 11:57:47.495 | DEBUG    | eval.evaluation.evaluation:metric_call:77 - metric_func_name number_near score 1.0 msg number near in range 5.0%, response: 74610235.0, target: 74610235.0
2026-08-11 11:57:47.495 | DEBUG    | eval.evaluation.evaluation:metric_call:77 - metric_func_name number_near score 1.0 msg number near in range 5.0%, response: 34915616.0, target: 34915616.0
2026-08-11 11:57:47.495 | DEBUG    | eval.evaluation.evaluation:metric_call:77 - metric_func_name number_near score 1.0 msg number near in range 5.0%, response: 24049155.0, target: 24049155.0
2026-08-11 11:57:47.495 | DEBUG    | eval.evaluation.evaluation:metric_call:77 - metric_func_name number_near score 1.0 msg number near in range 5.0%, response: 42591407.0, target: 42591407.0
2026-08-11 11:57:47.495 | DEBUG    | eval.evaluation.evaluation:metric_call:77 - metric_func_name number_near score 1.0 msg number near in range 5.0%, response: 24073453.0, target: 24073453.0
2026-08-11 11:57:47.495 | DEBUG    | eval.evaluation.evaluation:metric_call:77 - metric_func_name number_near score 1.0 msg number near in range 5.0%, response: 31850088.0, target: 31850088.0
2026-08-11 11:57:47.495 | DEBUG    | eval.evaluation.evaluation:metric_call:77 - metric_func_name number_near score 1.0 msg number near in range 5.0%, response: 24870895.0, target: 24870895.0
2026-08-11 11:57:47.495 | DEBUG    | eval.evaluation.evaluation:metric_call:77 - metric_func_name number_near score 1.0 msg number near in range 5.0%, response: 84748016.0, target: 84748016.0
2026-08-11 11:57:47.495 | DEBUG    | eval.evaluation.evaluation:metric_call:77 - metric_func_name number_near score 1.0 msg number near in range 5.0%, response: 64567588.0, target: 64567588.0
2026-08-11 11:57:47.495 | DEBUG    | eval.evaluation.evaluation:metric_call:77 - metric_func_name number_near score 1.0 msg number near in range 5.0%, response: 61027171.0, target: 61027171.0
2026-08-11 11:57:47.495 | DEBUG    | eval.evaluation.evaluation:metric_call:77 - metric_func_name number_near score 1.0 msg number near in range 5.0%, response: 41540086.0, target: 41540086.0
2026-08-11 11:57:47.495 | DEBUG    | eval.evaluation.evaluation:metric_call:77 - metric_func_name number_near score 1.0 msg number near in range 5.0%, response: 45188635.0, target: 45188635.0
2026-08-11 11:57:47.495 | DEBUG    | eval.evaluation.evaluation:metric_call:77 - metric_func_name number_near score 1.0 msg number near in range 5.0%, response: 101527453.0, target: 101527453.0
2026-08-11 11:57:47.495 | DEBUG    | eval.evaluation.evaluation:metric_call:77 - metric_func_name number_near score 1.0 msg number near in range 5.0%, response: 99365519.0, target: 99365519.0
2026-08-11 11:57:47.495 | DEBUG    | eval.evaluation.evaluation:metric_call:77 - metric_func_name number_near score 1.0 msg number near in range 5.0%, response: 57752557.0, target: 57752557.0
2026-08-11 11:57:47.495 | DEBUG    | eval.evaluation.evaluation:metric_call:77 - metric_func_name number_near score 1.0 msg number near in range 5.0%, response: 66444864.0, target: 66444864.0
2026-08-11 11:57:47.495 | DEBUG    | eval.evaluation.evaluation:metric_call:77 - metric_func_name number_near score 1.0 msg number near in range 5.0%, response: 126012510.0, target: 126012510.0
2026-08-11 11:57:47.495 | DEBUG    | eval.evaluation.evaluation:metric_call:77 - metric_func_name number_near score 1.0 msg number near in range 5.0%, response: 50126804.0, target: 50126804.0
2026-08-11 11:57:47.495 | DEBUG    | eval.evaluation.evaluation:metric_call:77 - metric_func_name number_near score 1.0 msg number near in range 5.0%, response: 10081232.0, target: 10081232.0
2026-08-11 11:57:47.495 | DEBUG    | eval.evaluation.evaluation:metric_call:77 - metric_func_name number_near score 1.0 msg number near in range 5.0%, response: 32054159.0, target: 32054159.0
2026-08-11 11:57:47.495 | DEBUG    | eval.evaluation.evaluation:metric_call:77 - metric_func_name number_near score 1.0 msg number near in range 5.0%, response: 83674866.0, target: 83674866.0
2026-08-11 11:57:47.496 | DEBUG    | eval.evaluation.evaluation:metric_call:77 - metric_func_name number_near score 1.0 msg number near in range 5.0%, response: 38562148.0, target: 38562148.0
2026-08-11 11:57:47.496 | DEBUG    | eval.evaluation.evaluation:metric_call:77 - metric_func_name number_near score 1.0 msg number near in range 5.0%, response: 47209277.0, target: 47209277.0
2026-08-11 11:57:47.496 | DEBUG    | eval.evaluation.evaluation:metric_call:77 - metric_func_name number_near score 1.0 msg number near in range 5.0%, response: 3648100.0, target: 3648100.0
2026-08-11 11:57:47.496 | DEBUG    | eval.evaluation.evaluation:metric_call:77 - metric_func_name number_near score 1.0 msg number near in range 5.0%, response: 39528999.0, target: 39528999.0
2026-08-11 11:57:47.496 | DEBUG    | eval.evaluation.evaluation:metric_call:77 - metric_func_name number_near score 1.0 msg number near in range 5.0%, response: 25019831.0, target: 25019831.0
2026-08-11 11:57:47.496 | DEBUG    | eval.evaluation.evaluation:metric_call:77 - metric_func_name number_near score 1.0 msg number near in range 5.0%, response: 5923957.0, target: 5923957.0
2026-08-11 11:57:47.496 | DEBUG    | eval.evaluation.evaluation:metric_call:77 - metric_func_name number_near score 1.0 msg number near in range 5.0%, response: 7202654.0, target: 7202654.0
2026-08-11 11:57:47.496 | DEBUG    | eval.evaluation.evaluation:metric_call:77 - metric_func_name number_near score 1.0 msg number near in range 5.0%, response: 25852345.0, target: 25852345.0
2026-08-11 11:57:47.496 | DEBUG    | eval.evaluation.evaluation:evaluate_single_query:321 - wide2deep_ws_zh_053, col 人口数量, metric_func_name number_near, score [1.0, 1.0, 1.0, 1.0, 1.0, 1.0, 1.0, 1.0, 1.0, 1.0, 1.0, 1.0, 1.0, 1.0, 1.0, 1.0, 1.0, 1.0, 1.0, 1.0, 1.0, 1.0, 1.0, 1.0, 1.0, 1.0, 1.0, 1.0, 1.0, 1.0, 1.0]
2026-08-11 11:57:47.497 | DEBUG    | eval.evaluation.evaluation:metric_call:77 - metric_func_name number_near score 0.0 msg number not convertable, response: None, target: 2591507.0
2026-08-11 11:57:47.497 | DEBUG    | eval.evaluation.evaluation:metric_call:77 - metric_func_name number_near score 0.0 msg number not convertable, response: None, target: 1868056.0
2026-08-11 11:57:47.497 | DEBUG    | eval.evaluation.evaluation:metric_call:77 - metric_func_name number_near score 0.0 msg number not convertable, response: None, target: 15088968.0
2026-08-11 11:57:47.497 | DEBUG    | eval.evaluation.evaluation:metric_call:77 - metric_func_name number_near score 0.0 msg number not convertable, response: None, target: 5709895.0
2026-08-11 11:57:47.497 | DEBUG    | eval.evaluation.evaluation:metric_call:77 - metric_func_name number_near score 0.0 msg number not convertable, response: None, target: 3377673.0
2026-08-11 11:57:47.497 | DEBUG    | eval.evaluation.evaluation:metric_call:77 - metric_func_name number_near score 0.0 msg number not convertable, response: None, target: 4737939.0
2026-08-11 11:57:47.497 | DEBUG    | eval.evaluation.evaluation:metric_call:77 - metric_func_name number_near score 0.0 msg number not convertable, response: None, target: 2818723.0
2026-08-11 11:57:47.497 | DEBUG    | eval.evaluation.evaluation:metric_call:77 - metric_func_name number_near score 0.0 msg number not convertable, response: None, target: 3286466.0
2026-08-11 11:57:47.497 | DEBUG    | eval.evaluation.evaluation:metric_call:77 - metric_func_name number_near score 0.0 msg number not convertable, response: None, target: 2436296.0
2026-08-11 11:57:47.497 | DEBUG    | eval.evaluation.evaluation:metric_call:77 - metric_func_name number_near score 0.0 msg number not convertable, response: None, target: 12891948.0
2026-08-11 11:57:47.497 | DEBUG    | eval.evaluation.evaluation:metric_call:77 - metric_func_name number_near score 0.0 msg number not convertable, response: None, target: 8681781.0
2026-08-11 11:57:47.497 | DEBUG    | eval.evaluation.evaluation:metric_call:77 - metric_func_name number_near score 0.0 msg number not convertable, response: None, target: 11742682.0
2026-08-11 11:57:47.497 | DEBUG    | eval.evaluation.evaluation:metric_call:77 - metric_func_name number_near score 0.0 msg number not convertable, response: None, target: 8025225.0
2026-08-11 11:57:47.497 | DEBUG    | eval.evaluation.evaluation:metric_call:77 - metric_func_name number_near score 0.0 msg number not convertable, response: None, target: 9922364.0
2026-08-11 11:57:47.497 | DEBUG    | eval.evaluation.evaluation:metric_call:77 - metric_func_name number_near score 0.0 msg number not convertable, response: None, target: 19062638.0
2026-08-11 11:57:47.497 | DEBUG    | eval.evaluation.evaluation:metric_call:77 - metric_func_name number_near score 0.0 msg number not convertable, response: None, target: 22988954.0
2026-08-11 11:57:47.497 | DEBUG    | eval.evaluation.evaluation:metric_call:77 - metric_func_name number_near score 0.0 msg number not convertable, response: None, target: 9420477.0
2026-08-11 11:57:47.497 | DEBUG    | eval.evaluation.evaluation:metric_call:77 - metric_func_name number_near score 0.0 msg number not convertable, response: None, target: 12969522.0
2026-08-11 11:57:47.497 | DEBUG    | eval.evaluation.evaluation:metric_call:77 - metric_func_name number_near score 0.0 msg number not convertable, response: None, target: 23749882.0
2026-08-11 11:57:47.497 | DEBUG    | eval.evaluation.evaluation:metric_call:77 - metric_func_name number_near score 0.0 msg number not convertable, response: None, target: 11842501.0
2026-08-11 11:57:47.497 | DEBUG    | eval.evaluation.evaluation:metric_call:77 - metric_func_name number_near score 0.0 msg number not convertable, response: None, target: 2013725.0
2026-08-11 11:57:47.497 | DEBUG    | eval.evaluation.evaluation:metric_call:77 - metric_func_name number_near score 0.0 msg number not convertable, response: None, target: 5098363.0
2026-08-11 11:57:47.498 | DEBUG    | eval.evaluation.evaluation:metric_call:77 - metric_func_name number_near score 0.0 msg number not convertable, response: None, target: 13471112.0
2026-08-11 11:57:47.498 | DEBUG    | eval.evaluation.evaluation:metric_call:77 - metric_func_name number_near score 0.0 msg number not convertable, response: None, target: 9242038.0
2026-08-11 11:57:47.498 | DEBUG    | eval.evaluation.evaluation:metric_call:77 - metric_func_name number_near score 0.0 msg number not convertable, response: None, target: 9237474.0
2026-08-11 11:57:47.498 | DEBUG    | eval.evaluation.evaluation:metric_call:77 - metric_func_name number_near score 0.0 msg number not convertable, response: None, target: 894865.0
2026-08-11 11:57:47.498 | DEBUG    | eval.evaluation.evaluation:metric_call:77 - metric_func_name number_near score 0.0 msg number not convertable, response: None, target: 6852205.0
2026-08-11 11:57:47.498 | DEBUG    | eval.evaluation.evaluation:metric_call:77 - metric_func_name number_near score 0.0 msg number not convertable, response: None, target: 4853543.0
2026-08-11 11:57:47.498 | DEBUG    | eval.evaluation.evaluation:metric_call:77 - metric_func_name number_near score 0.0 msg number not convertable, response: None, target: 1232956.0
2026-08-11 11:57:47.498 | DEBUG    | eval.evaluation.evaluation:metric_call:77 - metric_func_name number_near score 0.0 msg number not convertable, response: None, target: 1468004.0
2026-08-11 11:57:47.498 | DEBUG    | eval.evaluation.evaluation:metric_call:77 - metric_func_name number_near score 0.0 msg number not convertable, response: None, target: 5806156.0
2026-08-11 11:57:47.498 | DEBUG    | eval.evaluation.evaluation:evaluate_single_query:321 - wide2deep_ws_zh_053, col 儿童人口数量, metric_func_name number_near, score [0.0, 0.0, 0.0, 0.0, 0.0, 0.0, 0.0, 0.0, 0.0, 0.0, 0.0, 0.0, 0.0, 0.0, 0.0, 0.0, 0.0, 0.0, 0.0, 0.0, 0.0, 0.0, 0.0, 0.0, 0.0, 0.0, 0.0, 0.0, 0.0, 0.0, 0.0]
2026-08-11 11:57:47.499 | DEBUG    | eval.evaluation.evaluation:metric_call:77 - metric_func_name number_near score 0.0 msg number not convertable, response: None, target: 15002998.0
2026-08-11 11:57:47.499 | DEBUG    | eval.evaluation.evaluation:metric_call:77 - metric_func_name number_near score 0.0 msg number not convertable, response: None, target: 8995265.0
2026-08-11 11:57:47.499 | DEBUG    | eval.evaluation.evaluation:metric_call:77 - metric_func_name number_near score 0.0 msg number not convertable, response: None, target: 44709219.0
2026-08-11 11:57:47.499 | DEBUG    | eval.evaluation.evaluation:metric_call:77 - metric_func_name number_near score 0.0 msg number not convertable, response: None, target: 22598696.0
2026-08-11 11:57:47.499 | DEBUG    | eval.evaluation.evaluation:metric_call:77 - metric_func_name number_near score 0.0 msg number not convertable, response: None, target: 15914249.0
2026-08-11 11:57:47.499 | DEBUG    | eval.evaluation.evaluation:metric_call:77 - metric_func_name number_near score 0.0 msg number not convertable, response: None, target: 26899001.0
2026-08-11 11:57:47.499 | DEBUG    | eval.evaluation.evaluation:metric_call:77 - metric_func_name number_near score 0.0 msg number not convertable, response: None, target: 15703565.0
2026-08-11 11:57:47.499 | DEBUG    | eval.evaluation.evaluation:metric_call:77 - metric_func_name number_near score 0.0 msg number not convertable, response: None, target: 21167932.0
2026-08-11 11:57:47.499 | DEBUG    | eval.evaluation.evaluation:metric_call:77 - metric_func_name number_near score 0.0 msg number not convertable, response: None, target: 16619137.0
2026-08-11 11:57:47.499 | DEBUG    | eval.evaluation.evaluation:metric_call:77 - metric_func_name number_near score 0.0 msg number not convertable, response: None, target: 53350723.0
2026-08-11 11:57:47.499 | DEBUG    | eval.evaluation.evaluation:metric_call:77 - metric_func_name number_near score 0.0 msg number not convertable, response: None, target: 43813123.0
2026-08-11 11:57:47.499 | DEBUG    | eval.evaluation.evaluation:metric_call:77 - metric_func_name number_near score 0.0 msg number not convertable, response: None, target: 37815253.0
2026-08-11 11:57:47.499 | DEBUG    | eval.evaluation.evaluation:metric_call:77 - metric_func_name number_near score 0.0 msg number not convertable, response: None, target: 26876992.0
2026-08-11 11:57:47.499 | DEBUG    | eval.evaluation.evaluation:metric_call:77 - metric_func_name number_near score 0.0 msg number not convertable, response: None, target: 27641490.0
2026-08-11 11:57:47.499 | DEBUG    | eval.evaluation.evaluation:metric_call:77 - metric_func_name number_near score 0.0 msg number not convertable, response: None, target: 61244009.0
2026-08-11 11:57:47.499 | DEBUG    | eval.evaluation.evaluation:metric_call:77 - metric_func_name number_near score 0.0 msg number not convertable, response: None, target: 58412517.0
2026-08-11 11:57:47.499 | DEBUG    | eval.evaluation.evaluation:metric_call:77 - metric_func_name number_near score 0.0 msg number not convertable, response: None, target: 36537085.0
2026-08-11 11:57:47.499 | DEBUG    | eval.evaluation.evaluation:metric_call:77 - metric_func_name number_near score 0.0 msg number not convertable, response: None, target: 40264061.0
2026-08-11 11:57:47.499 | DEBUG    | eval.evaluation.evaluation:metric_call:77 - metric_func_name number_near score 0.0 msg number not convertable, response: None, target: 86697562.0
2026-08-11 11:57:47.499 | DEBUG    | eval.evaluation.evaluation:metric_call:77 - metric_func_name number_near score 0.0 msg number not convertable, response: None, target: 29920524.0
2026-08-11 11:57:47.499 | DEBUG    | eval.evaluation.evaluation:metric_call:77 - metric_func_name number_near score 0.0 msg number not convertable, response: None, target: 6590908.0
2026-08-11 11:57:47.499 | DEBUG    | eval.evaluation.evaluation:metric_call:77 - metric_func_name number_near score 0.0 msg number not convertable, response: None, target: 19945356.0
2026-08-11 11:57:47.499 | DEBUG    | eval.evaluation.evaluation:metric_call:77 - metric_func_name number_near score 0.0 msg number not convertable, response: None, target: 52039950.0
2026-08-11 11:57:47.499 | DEBUG    | eval.evaluation.evaluation:metric_call:77 - metric_func_name number_near score 0.0 msg number not convertable, response: None, target: 23388753.0
2026-08-11 11:57:47.500 | DEBUG    | eval.evaluation.evaluation:metric_call:77 - metric_func_name number_near score 0.0 msg number not convertable, response: None, target: 30933773.0
2026-08-11 11:57:47.500 | DEBUG    | eval.evaluation.evaluation:metric_call:77 - metric_func_name number_near score 0.0 msg number not convertable, response: None, target: 2442251.0
2026-08-11 11:57:47.500 | DEBUG    | eval.evaluation.evaluation:metric_call:77 - metric_func_name number_near score 0.0 msg number not convertable, response: None, target: 25085592.0
2026-08-11 11:57:47.500 | DEBUG    | eval.evaluation.evaluation:metric_call:77 - metric_func_name number_near score 0.0 msg number not convertable, response: None, target: 15905297.0
2026-08-11 11:57:47.500 | DEBUG    | eval.evaluation.evaluation:metric_call:77 - metric_func_name number_near score 0.0 msg number not convertable, response: None, target: 3971599.0
2026-08-11 11:57:47.500 | DEBUG    | eval.evaluation.evaluation:metric_call:77 - metric_func_name number_near score 0.0 msg number not convertable, response: None, target: 4760508.0
2026-08-11 11:57:47.500 | DEBUG    | eval.evaluation.evaluation:metric_call:77 - metric_func_name number_near score 0.0 msg number not convertable, response: None, target: 17129180.0
2026-08-11 11:57:47.500 | DEBUG    | eval.evaluation.evaluation:evaluate_single_query:321 - wide2deep_ws_zh_053, col 青中年人口数量, metric_func_name number_near, score [0.0, 0.0, 0.0, 0.0, 0.0, 0.0, 0.0, 0.0, 0.0, 0.0, 0.0, 0.0, 0.0, 0.0, 0.0, 0.0, 0.0, 0.0, 0.0, 0.0, 0.0, 0.0, 0.0, 0.0, 0.0, 0.0, 0.0, 0.0, 0.0, 0.0, 0.0]
2026-08-11 11:57:47.501 | DEBUG    | eval.evaluation.evaluation:metric_call:77 - metric_func_name number_near score 0.0 msg number not convertable, response: None, target: 4298590.0
2026-08-11 11:57:47.501 | DEBUG    | eval.evaluation.evaluation:metric_call:77 - metric_func_name number_near score 0.0 msg number not convertable, response: None, target: 3002688.0
2026-08-11 11:57:47.501 | DEBUG    | eval.evaluation.evaluation:metric_call:77 - metric_func_name number_near score 0.0 msg number not convertable, response: None, target: 14812048.0
2026-08-11 11:57:47.501 | DEBUG    | eval.evaluation.evaluation:metric_call:77 - metric_func_name number_near score 0.0 msg number not convertable, response: None, target: 6607025.0
2026-08-11 11:57:47.501 | DEBUG    | eval.evaluation.evaluation:metric_call:77 - metric_func_name number_near score 0.0 msg number not convertable, response: None, target: 4757233.0
2026-08-11 11:57:47.501 | DEBUG    | eval.evaluation.evaluation:metric_call:77 - metric_func_name number_near score 0.0 msg number not convertable, response: None, target: 10954467.0
2026-08-11 11:57:47.501 | DEBUG    | eval.evaluation.evaluation:metric_call:77 - metric_func_name number_near score 0.0 msg number not convertable, response: None, target: 5551165.0
2026-08-11 11:57:47.501 | DEBUG    | eval.evaluation.evaluation:metric_call:77 - metric_func_name number_near score 0.0 msg number not convertable, response: None, target: 7395690.0
2026-08-11 11:57:47.501 | DEBUG    | eval.evaluation.evaluation:metric_call:77 - metric_func_name number_near score 0.0 msg number not convertable, response: None, target: 5815462.0
2026-08-11 11:57:47.501 | DEBUG    | eval.evaluation.evaluation:metric_call:77 - metric_func_name number_near score 0.0 msg number not convertable, response: None, target: 18505345.0
2026-08-11 11:57:47.501 | DEBUG    | eval.evaluation.evaluation:metric_call:77 - metric_func_name number_near score 0.0 msg number not convertable, response: None, target: 12072684.0
2026-08-11 11:57:47.501 | DEBUG    | eval.evaluation.evaluation:metric_call:77 - metric_func_name number_near score 0.0 msg number not convertable, response: None, target: 11469236.0
2026-08-11 11:57:47.501 | DEBUG    | eval.evaluation.evaluation:metric_call:77 - metric_func_name number_near score 0.0 msg number not convertable, response: None, target: 6637869.0
2026-08-11 11:57:47.501 | DEBUG    | eval.evaluation.evaluation:metric_call:77 - metric_func_name number_near score 0.0 msg number not convertable, response: None, target: 7624781.0
2026-08-11 11:57:47.501 | DEBUG    | eval.evaluation.evaluation:metric_call:77 - metric_func_name number_near score 0.0 msg number not convertable, response: None, target: 21220806.0
2026-08-11 11:57:47.501 | DEBUG    | eval.evaluation.evaluation:metric_call:77 - metric_func_name number_near score 0.0 msg number not convertable, response: None, target: 17964048.0
2026-08-11 11:57:47.501 | DEBUG    | eval.evaluation.evaluation:metric_call:77 - metric_func_name number_near score 0.0 msg number not convertable, response: None, target: 11794995.0
2026-08-11 11:57:47.501 | DEBUG    | eval.evaluation.evaluation:metric_call:77 - metric_func_name number_near score 0.0 msg number not convertable, response: None, target: 13211281.0
2026-08-11 11:57:47.501 | DEBUG    | eval.evaluation.evaluation:metric_call:77 - metric_func_name number_near score 0.0 msg number not convertable, response: None, target: 15565066.0
2026-08-11 11:57:47.501 | DEBUG    | eval.evaluation.evaluation:metric_call:77 - metric_func_name number_near score 0.0 msg number not convertable, response: None, target: 8363779.0
2026-08-11 11:57:47.501 | DEBUG    | eval.evaluation.evaluation:metric_call:77 - metric_func_name number_near score 0.0 msg number not convertable, response: None, target: 1476599.0
2026-08-11 11:57:47.501 | DEBUG    | eval.evaluation.evaluation:metric_call:77 - metric_func_name number_near score 0.0 msg number not convertable, response: None, target: 7010440.0
2026-08-11 11:57:47.501 | DEBUG    | eval.evaluation.evaluation:metric_call:77 - metric_func_name number_near score 0.0 msg number not convertable, response: None, target: 18163804.0
2026-08-11 11:57:47.501 | DEBUG    | eval.evaluation.evaluation:metric_call:77 - metric_func_name number_near score 0.0 msg number not convertable, response: None, target: 5931357.0
2026-08-11 11:57:47.502 | DEBUG    | eval.evaluation.evaluation:metric_call:77 - metric_func_name number_near score 0.0 msg number not convertable, response: None, target: 7038030.0
2026-08-11 11:57:47.502 | DEBUG    | eval.evaluation.evaluation:metric_call:77 - metric_func_name number_near score 0.0 msg number not convertable, response: None, target: 310984.0
2026-08-11 11:57:47.502 | DEBUG    | eval.evaluation.evaluation:metric_call:77 - metric_func_name number_near score 0.0 msg number not convertable, response: None, target: 7591202.0
2026-08-11 11:57:47.502 | DEBUG    | eval.evaluation.evaluation:metric_call:77 - metric_func_name number_near score 0.0 msg number not convertable, response: None, target: 4260991.0
2026-08-11 11:57:47.502 | DEBUG    | eval.evaluation.evaluation:metric_call:77 - metric_func_name number_near score 0.0 msg number not convertable, response: None, target: 719402.0
2026-08-11 11:57:47.502 | DEBUG    | eval.evaluation.evaluation:metric_call:77 - metric_func_name number_near score 0.0 msg number not convertable, response: None, target: 974142.0
2026-08-11 11:57:47.502 | DEBUG    | eval.evaluation.evaluation:metric_call:77 - metric_func_name number_near score 0.0 msg number not convertable, response: None, target: 2917009.0
2026-08-11 11:57:47.502 | DEBUG    | eval.evaluation.evaluation:evaluate_single_query:321 - wide2deep_ws_zh_053, col 老年人口数量, metric_func_name number_near, score [0.0, 0.0, 0.0, 0.0, 0.0, 0.0, 0.0, 0.0, 0.0, 0.0, 0.0, 0.0, 0.0, 0.0, 0.0, 0.0, 0.0, 0.0, 0.0, 0.0, 0.0, 0.0, 0.0, 0.0, 0.0, 0.0, 0.0, 0.0, 0.0, 0.0, 0.0]
2026-08-11 11:57:47.503 | DEBUG    | eval.evaluation.evaluation:metric_call:77 - metric_func_name number_near score 0.0 msg number not convertable, response: None, target: 9190783.0
2026-08-11 11:57:47.503 | DEBUG    | eval.evaluation.evaluation:metric_call:77 - metric_func_name number_near score 0.0 msg number not convertable, response: None, target: 3735543.0
2026-08-11 11:57:47.503 | DEBUG    | eval.evaluation.evaluation:metric_call:77 - metric_func_name number_near score 0.0 msg number not convertable, response: None, target: 9264910.0
2026-08-11 11:57:47.503 | DEBUG    | eval.evaluation.evaluation:metric_call:77 - metric_func_name number_near score 0.0 msg number not convertable, response: None, target: 6060480.0
2026-08-11 11:57:47.503 | DEBUG    | eval.evaluation.evaluation:metric_call:77 - metric_func_name number_near score 0.0 msg number not convertable, response: None, target: 4494308.0
2026-08-11 11:57:47.503 | DEBUG    | eval.evaluation.evaluation:metric_call:77 - metric_func_name number_near score 0.0 msg number not convertable, response: None, target: 7758336.0
2026-08-11 11:57:47.503 | DEBUG    | eval.evaluation.evaluation:metric_call:77 - metric_func_name number_near score 0.0 msg number not convertable, response: None, target: 4029488.0
2026-08-11 11:57:47.503 | DEBUG    | eval.evaluation.evaluation:metric_call:77 - metric_func_name number_near score 0.0 msg number not convertable, response: None, target: 4711443.0
2026-08-11 11:57:47.503 | DEBUG    | eval.evaluation.evaluation:metric_call:77 - metric_func_name number_near score 0.0 msg number not convertable, response: None, target: 8424214.0
2026-08-11 11:57:47.503 | DEBUG    | eval.evaluation.evaluation:metric_call:77 - metric_func_name number_near score 0.0 msg number not convertable, response: None, target: 15816765.0
2026-08-11 11:57:47.503 | DEBUG    | eval.evaluation.evaluation:metric_call:77 - metric_func_name number_near score 0.0 msg number not convertable, response: None, target: 10970312.0
2026-08-11 11:57:47.503 | DEBUG    | eval.evaluation.evaluation:metric_call:77 - metric_func_name number_near score 0.0 msg number not convertable, response: None, target: 8104629.0
2026-08-11 11:57:47.503 | DEBUG    | eval.evaluation.evaluation:metric_call:77 - metric_func_name number_near score 0.0 msg number not convertable, response: None, target: 5877073.0
2026-08-11 11:57:47.503 | DEBUG    | eval.evaluation.evaluation:metric_call:77 - metric_func_name number_near score 0.0 msg number not convertable, response: None, target: 5375897.0
2026-08-11 11:57:47.503 | DEBUG    | eval.evaluation.evaluation:metric_call:77 - metric_func_name number_near score 0.0 msg number not convertable, response: None, target: 14603470.0
2026-08-11 11:57:47.503 | DEBUG    | eval.evaluation.evaluation:metric_call:77 - metric_func_name number_near score 0.0 msg number not convertable, response: None, target: 11669874.0
2026-08-11 11:57:47.503 | DEBUG    | eval.evaluation.evaluation:metric_call:77 - metric_func_name number_near score 0.0 msg number not convertable, response: None, target: 8952544.0
2026-08-11 11:57:47.503 | DEBUG    | eval.evaluation.evaluation:metric_call:77 - metric_func_name number_near score 0.0 msg number not convertable, response: None, target: 8132245.0
2026-08-11 11:57:47.503 | DEBUG    | eval.evaluation.evaluation:metric_call:77 - metric_func_name number_near score 0.0 msg number not convertable, response: None, target: 19782909.0
2026-08-11 11:57:47.503 | DEBUG    | eval.evaluation.evaluation:metric_call:77 - metric_func_name number_near score 0.0 msg number not convertable, response: None, target: 5416558.0
2026-08-11 11:57:47.503 | DEBUG    | eval.evaluation.evaluation:metric_call:77 - metric_func_name number_near score 0.0 msg number not convertable, response: None, target: 1403194.0
2026-08-11 11:57:47.503 | DEBUG    | eval.evaluation.evaluation:metric_call:77 - metric_func_name number_near score 0.0 msg number not convertable, response: None, target: 4940218.0
2026-08-11 11:57:47.503 | DEBUG    | eval.evaluation.evaluation:metric_call:77 - metric_func_name number_near score 0.0 msg number not convertable, response: None, target: 11100847.0
2026-08-11 11:57:47.503 | DEBUG    | eval.evaluation.evaluation:metric_call:77 - metric_func_name number_near score 0.0 msg number not convertable, response: None, target: 4223271.0
2026-08-11 11:57:47.503 | DEBUG    | eval.evaluation.evaluation:metric_call:77 - metric_func_name number_near score 0.0 msg number not convertable, response: None, target: 5476730.0
2026-08-11 11:57:47.504 | DEBUG    | eval.evaluation.evaluation:metric_call:77 - metric_func_name number_near score 0.0 msg number not convertable, response: None, target: 401980.0
2026-08-11 11:57:47.504 | DEBUG    | eval.evaluation.evaluation:metric_call:77 - metric_func_name number_near score 0.0 msg number not convertable, response: None, target: 7272031.0
2026-08-11 11:57:47.504 | DEBUG    | eval.evaluation.evaluation:metric_call:77 - metric_func_name number_near score 0.0 msg number not convertable, response: None, target: 3629350.0
2026-08-11 11:57:47.504 | DEBUG    | eval.evaluation.evaluation:metric_call:77 - metric_func_name number_near score 0.0 msg number not convertable, response: None, target: 881494.0
2026-08-11 11:57:47.504 | DEBUG    | eval.evaluation.evaluation:metric_call:77 - metric_func_name number_near score 0.0 msg number not convertable, response: None, target: 1248938.0
2026-08-11 11:57:47.504 | DEBUG    | eval.evaluation.evaluation:metric_call:77 - metric_func_name number_near score 0.0 msg number not convertable, response: None, target: 4274826.0
2026-08-11 11:57:47.504 | DEBUG    | eval.evaluation.evaluation:evaluate_single_query:321 - wide2deep_ws_zh_053, col 大学人口数量, metric_func_name number_near, score [0.0, 0.0, 0.0, 0.0, 0.0, 0.0, 0.0, 0.0, 0.0, 0.0, 0.0, 0.0, 0.0, 0.0, 0.0, 0.0, 0.0, 0.0, 0.0, 0.0, 0.0, 0.0, 0.0, 0.0, 0.0, 0.0, 0.0, 0.0, 0.0, 0.0, 0.0]
2026-08-11 11:57:47.510 | INFO     | eval.evaluation.evaluation:evaluate_single_query:380 - wide2deep_ws_zh_053, P/R/F1 by unique_columns: 1.0000/0.2039/0.3388
2026-08-11 11:57:47.510 | INFO     | eval.evaluation.evaluation:evaluate_single_query:383 - wide2deep_ws_zh_053, P/R/F1 by row: 0.0000/0.0000/0.0000
2026-08-11 11:57:47.510 | INFO     | eval.evaluation.evaluation:evaluate_single_query:386 - wide2deep_ws_zh_053, P/R/F1 by item: 0.4286/0.0874/0.1452
2026-08-11 11:57:47.515 | INFO     | eval.evaluation.evaluation:evaluate_single_query:398 - wide2deep_ws_zh_053, final table score: 0.0
{"event": "eval_done", "idx": 7, "instance_id": "wide2deep_ws_zh_053", "score": 0.0, "entity_acc": 1.0, "f1_by_row": 0.0, "f1_by_item": 0.1451990632318501, "column_f1": 0.33879781420765026, "error": null, "elapsed_seconds": 11.618, "running_n": 7}
SUMMARY {"n": 7, "valid_n": 7, "errors": 0, "complete": true, "judge_calls_current_process": 26, "score": 0.0, "entity_acc": 0.7142857142857143, "precision_by_row": 0.4351292517006803, "recall_by_row": 0.4351292517006803, "f1_by_row": 0.4351292517006803, "precision_by_item": 0.6026462585034013, "recall_by_item": 0.5539083422842822, "f1_by_item": 0.5621644920263187, "column_precision": 0.712, "column_recall": 0.5982781954887217, "column_f1": 0.6175425448868072}
