INFO: Pandarallel will run on 8 workers.
INFO: Pandarallel will use Memory file system to transfer data between the main process and workers.
{"event": "eval_start", "selected": 7, "resume_committed": 0, "committed_errors": 0, "crash_only_resume": false}
2026-08-11 11:55:34.232 | DEBUG    | eval.evaluation.data_loader:extract_dataframe:167 - find markdown_str 
| 电影名称 | 上映时间 | 主演 |
| --- | --- | --- |
| 异次元骇客（The Thirteenth ...
2026-08-11 11:55:40.920 | INFO     | eval.evaluation.metric_utils:primary_key_preprocess:246 - primary_key_preprocess result: ```json
{
  "异次元骇客（The Thirteenth Floor）": "异次元骇客",
  "冷热病（Kaltes Fieber）": "Kaltes Fieber",
  "神鬼任务2（The Art of War II: Betrayal）": "神鬼任务2",
  "新生鬼娃娃（It's Alive）": "它是活尸",
  "完美人生（Perfect Life）": "完美生活"
}
```
2026-08-11 11:55:40.921 | INFO     | eval.evaluation.evaluation:evaluate_single_query:223 - col: 电影名称, primary_key_map {'异次元骇客（The Thirteenth Floor）': '异次元骇客', '冷热病（Kaltes Fieber）': 'Kaltes Fieber', '神鬼任务2（The Art of War II: Betrayal）': '神鬼任务2', "新生鬼娃娃（It's Alive）": '它是活尸', '完美人生（Perfect Life）': '完美生活'}
2026-08-11 11:55:41.056 | INFO     | eval.evaluation.evaluation:evaluate_single_query:275 - deep2wide_result_16_约瑟夫·鲁斯纳克, df_inner shape: (5, 6), answer_df shape: (7, 3), response_df shape: (7, 4)
2026-08-11 11:55:41.060 | DEBUG    | eval.evaluation.evaluation:metric_call:77 - metric_func_name date_near score 0.0 msg date not near, response: 1999-05-28 00:00:00, target: 2011-08-27 00:00:00
2026-08-11 11:55:41.062 | DEBUG    | eval.evaluation.evaluation:metric_call:77 - metric_func_name date_near score 0.0 msg date not near, response: 2008-08-12 00:00:00, target: 2011-08-18 00:00:00
2026-08-11 11:55:41.064 | DEBUG    | eval.evaluation.evaluation:metric_call:77 - metric_func_name date_near score 0.0 msg date not near, response: 2009-04-03 00:00:00, target: 2011-08-17 00:00:00
2026-08-11 11:55:41.066 | DEBUG    | eval.evaluation.evaluation:metric_call:77 - metric_func_name date_near score 0.0 msg date not near, response: 2010-08-01 00:00:00, target: 2011-08-16 00:00:00
2026-08-11 11:55:41.068 | DEBUG    | eval.evaluation.evaluation:metric_call:77 - metric_func_name date_near score 0.0 msg date not near, response: 1984-08-01 00:00:00, target: 2042-08-11 00:00:00
2026-08-11 11:55:41.069 | DEBUG    | eval.evaluation.evaluation:evaluate_single_query:321 - deep2wide_result_16_约瑟夫·鲁斯纳克, col 上映时间, metric_func_name date_near, score [0.0, 0.0, 0.0, 0.0, 0.0]
2026-08-11 11:55:46.267 | DEBUG    | eval.evaluation.evaluation:evaluate_single_query:321 - deep2wide_result_16_约瑟夫·鲁斯纳克, col 主演, metric_func_name llm_judge, score [1, 1, 1, 1, 0]
2026-08-11 11:55:46.274 | INFO     | eval.evaluation.evaluation:evaluate_single_query:380 - deep2wide_result_16_约瑟夫·鲁斯纳克, P/R/F1 by unique_columns: 0.7143/0.7143/0.7143
2026-08-11 11:55:46.274 | INFO     | eval.evaluation.evaluation:evaluate_single_query:383 - deep2wide_result_16_约瑟夫·鲁斯纳克, P/R/F1 by row: 0.0000/0.0000/0.0000
2026-08-11 11:55:46.274 | INFO     | eval.evaluation.evaluation:evaluate_single_query:386 - deep2wide_result_16_约瑟夫·鲁斯纳克, P/R/F1 by item: 0.4286/0.4286/0.4286
2026-08-11 11:55:46.276 | INFO     | eval.evaluation.evaluation:evaluate_single_query:398 - deep2wide_result_16_约瑟夫·鲁斯纳克, final table score: 0.0
{"event": "eval_done", "idx": 1, "instance_id": "deep2wide_result_16_约瑟夫·鲁斯纳克", "score": 0.0, "entity_acc": 1.0, "f1_by_row": 0.0, "f1_by_item": 0.42857142857142855, "column_f1": 0.7142857142857143, "error": null, "elapsed_seconds": 15.853, "running_n": 1}
2026-08-11 11:55:51.673 | DEBUG    | eval.evaluation.data_loader:extract_dataframe:167 - find markdown_str 
| 电影名称 | 导演 | 编剧 |
| --- | --- | --- |
| 《白日焰火》 | 刁亦男 | 刁亦男 |
| ...
2026-08-11 11:55:54.717 | INFO     | eval.evaluation.metric_utils:primary_key_preprocess:246 - primary_key_preprocess result: ```json
{
  "《心迷宫》": "心迷宫",
  "《一个勺子》": "一个勺子"
}
```
2026-08-11 11:55:54.719 | INFO     | eval.evaluation.evaluation:evaluate_single_query:223 - col: 电影名称, primary_key_map {'《心迷宫》': '心迷宫', '《一个勺子》': '一个勺子'}
2026-08-11 11:55:54.725 | INFO     | eval.evaluation.evaluation:evaluate_single_query:275 - deep2wide_result_17_第七届“中国影协杯”十佳优秀电影剧本, df_inner shape: (2, 6), answer_df shape: (10, 3), response_df shape: (10, 4)
2026-08-11 11:56:00.910 | DEBUG    | eval.evaluation.evaluation:evaluate_single_query:321 - deep2wide_result_17_第七届“中国影协杯”十佳优秀电影剧本, col 导演, metric_func_name llm_judge, score [1, 1]
2026-08-11 11:56:03.979 | DEBUG    | eval.evaluation.evaluation:evaluate_single_query:321 - deep2wide_result_17_第七届“中国影协杯”十佳优秀电影剧本, col 编剧, metric_func_name llm_judge, score [1, 1]
2026-08-11 11:56:03.984 | INFO     | eval.evaluation.evaluation:evaluate_single_query:380 - deep2wide_result_17_第七届“中国影协杯”十佳优秀电影剧本, P/R/F1 by unique_columns: 0.2000/0.2000/0.2000
2026-08-11 11:56:03.984 | INFO     | eval.evaluation.evaluation:evaluate_single_query:383 - deep2wide_result_17_第七届“中国影协杯”十佳优秀电影剧本, P/R/F1 by row: 0.2000/0.2000/0.2000
2026-08-11 11:56:03.984 | INFO     | eval.evaluation.evaluation:evaluate_single_query:386 - deep2wide_result_17_第七届“中国影协杯”十佳优秀电影剧本, P/R/F1 by item: 0.2000/0.2000/0.2000
2026-08-11 11:56:03.985 | INFO     | eval.evaluation.evaluation:evaluate_single_query:398 - deep2wide_result_17_第七届“中国影协杯”十佳优秀电影剧本, final table score: 0.0
{"event": "eval_done", "idx": 2, "instance_id": "deep2wide_result_17_第七届“中国影协杯”十佳优秀电影剧本", "score": 0.0, "entity_acc": 1.0, "f1_by_row": 0.20000000000000004, "f1_by_item": 0.20000000000000004, "column_f1": 0.20000000000000004, "error": null, "elapsed_seconds": 17.689, "running_n": 2}
2026-08-11 11:56:07.227 | DEBUG    | eval.evaluation.data_loader:extract_dataframe:167 - find markdown_str 
| 播出时间 | 节目名称 | 播出单位 | 期数 |
| --- | --- | --- | --- |
| Dec 02, ...
2026-08-11 11:56:10.525 | INFO     | eval.evaluation.metric_utils:primary_key_preprocess:246 - primary_key_preprocess result: ```json
{
  "跨界歌王第二季": "《跨界歌王第二季》",
  "明日之子乐团季": "《明日之子乐团季》",
  "明日创作计划": "《明日创作计划》"
}
```
2026-08-11 11:56:10.526 | INFO     | eval.evaluation.evaluation:evaluate_single_query:223 - col: 节目名称, primary_key_map {'跨界歌王第二季': '《跨界歌王第二季》', '明日之子乐团季': '《明日之子乐团季》', '明日创作计划': '《明日创作计划》'}
2026-08-11 11:56:12.241 | INFO     | eval.evaluation.evaluation:evaluate_single_query:275 - deep2wide_result_20_朴树, df_inner shape: (3, 8), answer_df shape: (9, 4), response_df shape: (10, 5)
2026-08-11 11:56:12.283 | DEBUG    | eval.evaluation.evaluation:metric_call:77 - metric_func_name date_near score 0.0 msg date not convertable, response: Aug 14, 2021—Nov 13, 2021, target: 2021-08-14
2026-08-11 11:56:12.357 | DEBUG    | eval.evaluation.evaluation:metric_call:77 - metric_func_name date_near score 0.0 msg date not convertable, response: Jul 11, 2020—Sep 26, 2020, target: 2020-05-01
2026-08-11 11:56:12.360 | DEBUG    | eval.evaluation.evaluation:metric_call:77 - metric_func_name date_near score 1.0 msg date near, response: 2017-06-10 00:00:00, target: 2017-06-26 00:00:00
2026-08-11 11:56:12.361 | DEBUG    | eval.evaluation.evaluation:evaluate_single_query:321 - deep2wide_result_20_朴树, col 播出时间, metric_func_name date_near, score [0.0, 0.0, 1.0]
2026-08-11 11:56:15.731 | DEBUG    | eval.evaluation.evaluation:evaluate_single_query:321 - deep2wide_result_20_朴树, col 播出单位, metric_func_name llm_judge, score [1, 1, 1]
2026-08-11 11:56:15.732 | DEBUG    | eval.evaluation.evaluation:metric_call:77 - metric_func_name number_near score 0.0 msg number not near, response: 1.0, target: 10.0
2026-08-11 11:56:15.732 | DEBUG    | eval.evaluation.evaluation:metric_call:77 - metric_func_name number_near score 0.0 msg number not near, response: 1.0, target: 10.0
2026-08-11 11:56:15.732 | DEBUG    | eval.evaluation.evaluation:metric_call:77 - metric_func_name number_near score 0.0 msg number not near, response: 9.0, target: 13.0
2026-08-11 11:56:15.733 | DEBUG    | eval.evaluation.evaluation:evaluate_single_query:321 - deep2wide_result_20_朴树, col 期数, metric_func_name number_near, score [0.0, 0.0, 0.0]
2026-08-11 11:56:15.738 | INFO     | eval.evaluation.evaluation:evaluate_single_query:380 - deep2wide_result_20_朴树, P/R/F1 by unique_columns: 0.3000/0.3333/0.3158
2026-08-11 11:56:15.738 | INFO     | eval.evaluation.evaluation:evaluate_single_query:383 - deep2wide_result_20_朴树, P/R/F1 by row: 0.0000/0.0000/0.0000
2026-08-11 11:56:15.738 | INFO     | eval.evaluation.evaluation:evaluate_single_query:386 - deep2wide_result_20_朴树, P/R/F1 by item: 0.1750/0.1944/0.1842
2026-08-11 11:56:15.740 | INFO     | eval.evaluation.evaluation:evaluate_single_query:398 - deep2wide_result_20_朴树, final table score: 0.0
{"event": "eval_done", "idx": 3, "instance_id": "deep2wide_result_20_朴树", "score": 0.0, "entity_acc": 1.0, "f1_by_row": 0.0, "f1_by_item": 0.18421052631578944, "column_f1": 0.3157894736842105, "error": null, "elapsed_seconds": 11.734, "running_n": 3}
2026-08-11 11:56:19.140 | DEBUG    | eval.evaluation.data_loader:extract_dataframe:167 - find markdown_str 
| 名称 | 演唱者 | 发行时间 | 发行公司 | 歌曲时长 |
| --- | --- | --- | --- | --- ...
2026-08-11 11:56:22.917 | INFO     | eval.evaluation.metric_utils:primary_key_preprocess:246 - primary_key_preprocess result: ```json
{
  "让我留在你身边": "让我留在你身边",
  "无名之辈": "无名之辈"
}
```
2026-08-11 11:56:22.918 | INFO     | eval.evaluation.evaluation:evaluate_single_query:223 - col: 名称, primary_key_map {'让我留在你身边': '让我留在你身边', '无名之辈': '无名之辈'}
2026-08-11 11:56:23.535 | INFO     | eval.evaluation.evaluation:evaluate_single_query:275 - deep2wide_result_21_唐汉霄, df_inner shape: (2, 10), answer_df shape: (20, 5), response_df shape: (8, 6)
2026-08-11 11:56:27.364 | DEBUG    | eval.evaluation.evaluation:evaluate_single_query:321 - deep2wide_result_21_唐汉霄, col 演唱者, metric_func_name llm_judge, score [1, 1]
2026-08-11 11:56:27.367 | DEBUG    | eval.evaluation.evaluation:metric_call:77 - metric_func_name date_near score 0.0 msg date not near, response: 2018-11-16 00:00:00, target: 2019-07-19 00:00:00
2026-08-11 11:56:27.370 | DEBUG    | eval.evaluation.evaluation:metric_call:77 - metric_func_name date_near score 1.0 msg date near, response: 2016-11-08 00:00:00, target: 2016-11-08 00:00:00
2026-08-11 11:56:27.370 | DEBUG    | eval.evaluation.evaluation:evaluate_single_query:321 - deep2wide_result_21_唐汉霄, col 发行时间, metric_func_name date_near, score [0.0, 1.0]
2026-08-11 11:56:31.035 | DEBUG    | eval.evaluation.evaluation:evaluate_single_query:321 - deep2wide_result_21_唐汉霄, col 发行公司, metric_func_name llm_judge, score [0, 0]
2026-08-11 11:56:31.036 | DEBUG    | eval.evaluation.evaluation:metric_call:77 - metric_func_name number_near score 1.0 msg number near in range 5.0%, response: 4.0, target: 4.0
2026-08-11 11:56:31.036 | DEBUG    | eval.evaluation.evaluation:metric_call:77 - metric_func_name number_near score 0.0 msg number not near, response: 4.0, target: 3.0
2026-08-11 11:56:31.036 | DEBUG    | eval.evaluation.evaluation:evaluate_single_query:321 - deep2wide_result_21_唐汉霄, col 歌曲时长, metric_func_name number_near, score [1.0, 0.0]
2026-08-11 11:56:31.041 | INFO     | eval.evaluation.evaluation:evaluate_single_query:380 - deep2wide_result_21_唐汉霄, P/R/F1 by unique_columns: 0.2500/0.1000/0.1429
2026-08-11 11:56:31.041 | INFO     | eval.evaluation.evaluation:evaluate_single_query:383 - deep2wide_result_21_唐汉霄, P/R/F1 by row: 0.0000/0.0000/0.0000
2026-08-11 11:56:31.042 | INFO     | eval.evaluation.evaluation:evaluate_single_query:386 - deep2wide_result_21_唐汉霄, P/R/F1 by item: 0.1500/0.0600/0.0857
2026-08-11 11:56:31.043 | INFO     | eval.evaluation.evaluation:evaluate_single_query:398 - deep2wide_result_21_唐汉霄, final table score: 0.0
{"event": "eval_done", "idx": 4, "instance_id": "deep2wide_result_21_唐汉霄", "score": 0.0, "entity_acc": 1.0, "f1_by_row": 0.0, "f1_by_item": 0.08571428571428572, "column_f1": 0.14285714285714288, "error": null, "elapsed_seconds": 15.287, "running_n": 4}
2026-08-11 11:56:36.191 | DEBUG    | eval.evaluation.data_loader:extract_dataframe:167 - find markdown_str 
| 作品名称 | 播出时间 | 饰演角色 | 导演 | 主演 |
| --- | --- | --- | --- | ---  ...
2026-08-11 11:56:39.951 | INFO     | eval.evaluation.metric_utils:primary_key_preprocess:246 - primary_key_preprocess result: ```json
{
  "最好的我们": "最好的我们",
  "鬼吹灯之牧野诡事": "鬼吹灯之牧野诡事",
  "黄金瞳": "黄金瞳",
  "小欢喜": "小欢喜",
  "护卫者": "护卫者"
}
```
2026-08-11 11:56:39.951 | INFO     | eval.evaluation.evaluation:evaluate_single_query:223 - col: 作品名称, primary_key_map {'最好的我们': '最好的我们', '鬼吹灯之牧野诡事': '鬼吹灯之牧野诡事', '黄金瞳': '黄金瞳', '小欢喜': '小欢喜', '护卫者': '护卫者'}
2026-08-11 11:56:39.992 | INFO     | eval.evaluation.evaluation:evaluate_single_query:275 - deep2wide_result_23_王栎鑫, df_inner shape: (5, 10), answer_df shape: (11, 5), response_df shape: (16, 6)
2026-08-11 11:56:39.995 | DEBUG    | eval.evaluation.evaluation:metric_call:77 - metric_func_name date_near score 1.0 msg date near, response: 2022-12-16 00:00:00, target: 2022-12-16 00:00:00
2026-08-11 11:56:39.997 | DEBUG    | eval.evaluation.evaluation:metric_call:77 - metric_func_name date_near score 1.0 msg date near, response: 2019-07-31 00:00:00, target: 2019-07-31 00:00:00
2026-08-11 11:56:39.999 | DEBUG    | eval.evaluation.evaluation:metric_call:77 - metric_func_name date_near score 1.0 msg date near, response: 2019-02-26 00:00:00, target: 2019-02-26 00:00:00
2026-08-11 11:56:40.002 | DEBUG    | eval.evaluation.evaluation:metric_call:77 - metric_func_name date_near score 1.0 msg date near, response: 2017-07-03 00:00:00, target: 2017-07-03 00:00:00
2026-08-11 11:56:40.004 | DEBUG    | eval.evaluation.evaluation:metric_call:77 - metric_func_name date_near score 1.0 msg date near, response: 2016-04-08 00:00:00, target: 2016-04-08 00:00:00
2026-08-11 11:56:40.005 | DEBUG    | eval.evaluation.evaluation:evaluate_single_query:321 - deep2wide_result_23_王栎鑫, col 播出时间, metric_func_name date_near, score [1.0, 1.0, 1.0, 1.0, 1.0]
2026-08-11 11:56:42.289 | DEBUG    | eval.evaluation.evaluation:evaluate_single_query:321 - deep2wide_result_23_王栎鑫, col 饰演角色, metric_func_name llm_judge, score [1, 1, 1, 1, 1]
2026-08-11 11:56:45.498 | DEBUG    | eval.evaluation.evaluation:evaluate_single_query:321 - deep2wide_result_23_王栎鑫, col 导演, metric_func_name llm_judge, score [1, 1, 1, 1, 1]
2026-08-11 11:56:49.338 | DEBUG    | eval.evaluation.evaluation:evaluate_single_query:321 - deep2wide_result_23_王栎鑫, col 主演, metric_func_name llm_judge, score [0, 0, 0, 0, 0]
2026-08-11 11:56:49.343 | INFO     | eval.evaluation.evaluation:evaluate_single_query:380 - deep2wide_result_23_王栎鑫, P/R/F1 by unique_columns: 0.3125/0.4545/0.3704
2026-08-11 11:56:49.343 | INFO     | eval.evaluation.evaluation:evaluate_single_query:383 - deep2wide_result_23_王栎鑫, P/R/F1 by row: 0.0000/0.0000/0.0000
2026-08-11 11:56:49.343 | INFO     | eval.evaluation.evaluation:evaluate_single_query:386 - deep2wide_result_23_王栎鑫, P/R/F1 by item: 0.2500/0.3636/0.2963
2026-08-11 11:56:49.344 | INFO     | eval.evaluation.evaluation:evaluate_single_query:398 - deep2wide_result_23_王栎鑫, final table score: 0.0
{"event": "eval_done", "idx": 5, "instance_id": "deep2wide_result_23_王栎鑫", "score": 0.0, "entity_acc": 1.0, "f1_by_row": 0.0, "f1_by_item": 0.2962962962962963, "column_f1": 0.3703703703703703, "error": null, "elapsed_seconds": 18.274, "running_n": 5}
{"event": "eval_done", "idx": 6, "instance_id": "deep2wide_result_24_平安", "score": 0.0, "entity_acc": 0.0, "f1_by_row": 0.0, "f1_by_item": 0.0, "column_f1": 0.0, "error": null, "elapsed_seconds": 2.561, "running_n": 6}
2026-08-11 11:56:54.965 | DEBUG    | eval.evaluation.data_loader:extract_dataframe:167 - find markdown_str 
| 名称 | 放映时间 | 饰演角色 | 导演 | 主演 |
| --- | --- | --- | --- | --- |
 ...
2026-08-11 11:56:57.845 | INFO     | eval.evaluation.metric_utils:primary_key_preprocess:246 - primary_key_preprocess result: ```json
{
  "昨夜之灯": "昨夜之灯",
  "竹篱笆外的春天": "竹篱笆外的春天",
  "皇家大贼": "皇家大贼",
  "画皮Ⅱ": "画皮Ⅱ",
  "西游记之孙悟空三打白骨精": "西游记之孙悟空三打白骨精",
  "封神第一部：朝歌风云": "封神第一部：朝歌风云",
  "封神第二部：战火西岐": "封神第二部：战火西岐"
}
```
2026-08-11 11:56:57.845 | INFO     | eval.evaluation.evaluation:evaluate_single_query:223 - col: 名称, primary_key_map {'昨夜之灯': '昨夜之灯', '竹篱笆外的春天': '竹篱笆外的春天', '皇家大贼': '皇家大贼', '画皮Ⅱ': '画皮Ⅱ', '西游记之孙悟空三打白骨精': '西游记之孙悟空三打白骨精', '封神第一部：朝歌风云': '封神第一部：朝歌风云', '封神第二部：战火西岐': '封神第二部：战火西岐'}
2026-08-11 11:56:57.872 | INFO     | eval.evaluation.evaluation:evaluate_single_query:275 - deep2wide_result_25_费翔, df_inner shape: (7, 10), answer_df shape: (10, 5), response_df shape: (8, 6)
2026-08-11 11:56:57.875 | DEBUG    | eval.evaluation.evaluation:metric_call:77 - metric_func_name date_near score 1.0 msg date near, response: 2025-01-29 00:00:00, target: 2025-01-29 00:00:00
2026-08-11 11:56:57.878 | DEBUG    | eval.evaluation.evaluation:metric_call:77 - metric_func_name date_near score 1.0 msg date near, response: 2023-07-20 00:00:00, target: 2023-07-20 00:00:00
2026-08-11 11:56:57.880 | DEBUG    | eval.evaluation.evaluation:metric_call:77 - metric_func_name date_near score 1.0 msg date near, response: 2016-02-08 00:00:00, target: 2016-02-08 00:00:00
2026-08-11 11:56:57.882 | DEBUG    | eval.evaluation.evaluation:metric_call:77 - metric_func_name date_near score 1.0 msg date near, response: 2012-06-28 00:00:00, target: 2012-06-28 00:00:00
2026-08-11 11:56:57.884 | DEBUG    | eval.evaluation.evaluation:metric_call:77 - metric_func_name date_near score 1.0 msg date near, response: 1985-08-01 00:00:00, target: 1985-08-10 00:00:00
2026-08-11 11:56:57.887 | DEBUG    | eval.evaluation.evaluation:metric_call:77 - metric_func_name date_near score 0.0 msg date not near, response: 1985-08-01 00:00:00, target: 1985-05-31 00:00:00
2026-08-11 11:56:57.889 | DEBUG    | eval.evaluation.evaluation:metric_call:77 - metric_func_name date_near score 0.0 msg date not near, response: 1982-08-01 00:00:00, target: 1983-08-01 00:00:00
2026-08-11 11:56:57.890 | DEBUG    | eval.evaluation.evaluation:evaluate_single_query:321 - deep2wide_result_25_费翔, col 放映时间, metric_func_name date_near, score [1.0, 1.0, 1.0, 1.0, 1.0, 0.0, 0.0]
2026-08-11 11:57:02.183 | DEBUG    | eval.evaluation.evaluation:evaluate_single_query:321 - deep2wide_result_25_费翔, col 饰演角色, metric_func_name llm_judge, score [1, 1, 1, 1, 0, 0, 0]
2026-08-11 11:57:06.036 | DEBUG    | eval.evaluation.evaluation:evaluate_single_query:321 - deep2wide_result_25_费翔, col 导演, metric_func_name llm_judge, score [1, 1, 1, 1, 1, 1, 1]
2026-08-11 11:57:26.352 | DEBUG    | eval.evaluation.evaluation:evaluate_single_query:321 - deep2wide_result_25_费翔, col 主演, metric_func_name llm_judge, score [1, 1, 1, 1, 1, 1, 0]
2026-08-11 11:57:26.363 | INFO     | eval.evaluation.evaluation:evaluate_single_query:380 - deep2wide_result_25_费翔, P/R/F1 by unique_columns: 0.8750/0.7000/0.7778
2026-08-11 11:57:26.363 | INFO     | eval.evaluation.evaluation:evaluate_single_query:383 - deep2wide_result_25_费翔, P/R/F1 by row: 0.5000/0.4000/0.4444
2026-08-11 11:57:26.363 | INFO     | eval.evaluation.evaluation:evaluate_single_query:386 - deep2wide_result_25_费翔, P/R/F1 by item: 0.7250/0.5800/0.6444
2026-08-11 11:57:26.364 | INFO     | eval.evaluation.evaluation:evaluate_single_query:398 - deep2wide_result_25_费翔, final table score: 0.0
{"event": "eval_done", "idx": 7, "instance_id": "deep2wide_result_25_费翔", "score": 0.0, "entity_acc": 1.0, "f1_by_row": 0.4444444444444445, "f1_by_item": 0.6444444444444445, "column_f1": 0.7777777777777777, "error": null, "elapsed_seconds": 34.43, "running_n": 7}
SUMMARY {"n": 7, "valid_n": 7, "errors": 0, "complete": true, "judge_calls_current_process": 25, "score": 0.0, "entity_acc": 0.8571428571428571, "precision_by_row": 0.09999999999999999, "recall_by_row": 0.08571428571428573, "f1_by_row": 0.09206349206349207, "precision_by_item": 0.2755102040816327, "recall_by_item": 0.2609503195217481, "f1_by_item": 0.2627481401917492, "column_precision": 0.3788265306122449, "column_recall": 0.357452071737786, "column_f1": 0.3601543541393165}
