INFO: Pandarallel will run on 8 workers.
INFO: Pandarallel will use Memory file system to transfer data between the main process and workers.
{"event": "eval_start", "selected": 7, "resume_committed": 0, "committed_errors": 0, "crash_only_resume": false}
2026-08-11 11:55:34.011 | DEBUG    | eval.evaluation.data_loader:extract_dataframe:167 - find markdown_str 
| 时间 | 核心架构 | 产品系列 | 处理器型号 | 制造工艺 | 核心 | 线程 | 核心频率(GHz) | 二级缓存( ...
2026-08-11 11:55:40.078 | INFO     | eval.evaluation.metric_utils:primary_key_preprocess:246 - primary_key_preprocess result: ```json
{
  "Ryzen 9 7900": "AMD 锐龙 9 7900",
  "Ryzen 7 7700": "AMD 锐龙 7 7700",
  "Ryzen 5 7600": "AMD 锐龙 5 7600",
  "Ryzen 9 7950X3D": "AMD 锐龙 9 7950X3D",
  "Ryzen 9 7900X3D": "AMD 锐龙 9 7900X3D",
  "Ryzen 7 7800X3D": "AMD 锐龙 7 7800X3D",
  "Ryzen Threadripper PRO 7995WX": "AMD 锐龙 Threadripper PRO 7995WX",
  "Ryzen Threadripper PRO 7985WX": "AMD 锐龙 Threadripper PRO 7985WX",
  "Ryzen Threadripper PRO 7975WX": "AMD 锐龙 Threadripper PRO 7975WX",
  "Ryzen Threadripper PRO 7965WX": "AMD 锐龙 Threadripper PRO 7965WX",
  "Ryzen Threadripper PRO 7955WX": "AMD 锐龙 Threadripper PRO 7955WX",
  "Ryzen Threadripper PRO 7945WX": "AMD 锐龙 Threadripper PRO 7945WX",
  "Ryzen Threadripper 7980X": "AMD 锐龙 Threadripper 7980X",
  "Ryzen Threadripper 7970X": "AMD 锐龙 Threadripper 7970X",
  "Ryzen Threadripper 7960X": "AMD 锐龙 Threadripper 7960X"
}
```
2026-08-11 11:55:40.078 | INFO     | eval.evaluation.evaluation:evaluate_single_query:223 - col: 处理器型号, primary_key_map {'Ryzen 9 7900': 'AMD 锐龙 9 7900', 'Ryzen 7 7700': 'AMD 锐龙 7 7700', 'Ryzen 5 7600': 'AMD 锐龙 5 7600', 'Ryzen 9 7950X3D': 'AMD 锐龙 9 7950X3D', 'Ryzen 9 7900X3D': 'AMD 锐龙 9 7900X3D', 'Ryzen 7 7800X3D': 'AMD 锐龙 7 7800X3D', 'Ryzen Threadripper PRO 7995WX': 'AMD 锐龙 Threadripper PRO 7995WX', 'Ryzen Threadripper PRO 7985WX': 'AMD 锐龙 Threadripper PRO 7985WX', 'Ryzen Threadripper PRO 7975WX': 'AMD 锐龙 Threadripper PRO 7975WX', 'Ryzen Threadripper PRO 7965WX': 'AMD 锐龙 Threadripper PRO 7965WX', 'Ryzen Threadripper PRO 7955WX': 'AMD 锐龙 Threadripper PRO 7955WX', 'Ryzen Threadripper PRO 7945WX': 'AMD 锐龙 Threadripper PRO 7945WX', 'Ryzen Threadripper 7980X': 'AMD 锐龙 Threadripper 7980X', 'Ryzen Threadripper 7970X': 'AMD 锐龙 Threadripper 7970X', 'Ryzen Threadripper 7960X': 'AMD 锐龙 Threadripper 7960X'}
2026-08-11 11:55:40.456 | INFO     | eval.evaluation.evaluation:evaluate_single_query:275 - wide2deep_ws_zh_061, df_inner shape: (15, 24), answer_df shape: (331, 12), response_df shape: (33, 13)
2026-08-11 11:55:40.460 | DEBUG    | eval.evaluation.evaluation:metric_call:77 - metric_func_name date_near score 0.0 msg date not near, response: 2023-11-21 00:00:00, target: 2023-10-19 00:00:00
2026-08-11 11:55:40.462 | DEBUG    | eval.evaluation.evaluation:metric_call:77 - metric_func_name date_near score 0.0 msg date not near, response: 2023-11-21 00:00:00, target: 2023-10-19 00:00:00
2026-08-11 11:55:40.464 | DEBUG    | eval.evaluation.evaluation:metric_call:77 - metric_func_name date_near score 0.0 msg date not near, response: 2023-11-21 00:00:00, target: 2023-10-19 00:00:00
2026-08-11 11:55:40.467 | DEBUG    | eval.evaluation.evaluation:metric_call:77 - metric_func_name date_near score 0.0 msg date not near, response: 2023-11-21 00:00:00, target: 2023-10-19 00:00:00
2026-08-11 11:55:40.469 | DEBUG    | eval.evaluation.evaluation:metric_call:77 - metric_func_name date_near score 0.0 msg date not near, response: 2023-11-21 00:00:00, target: 2023-10-19 00:00:00
2026-08-11 11:55:40.471 | DEBUG    | eval.evaluation.evaluation:metric_call:77 - metric_func_name date_near score 0.0 msg date not near, response: 2023-11-21 00:00:00, target: 2023-10-19 00:00:00
2026-08-11 11:55:40.474 | DEBUG    | eval.evaluation.evaluation:metric_call:77 - metric_func_name date_near score 0.0 msg date not near, response: 2023-11-21 00:00:00, target: 2023-10-19 00:00:00
2026-08-11 11:55:40.476 | DEBUG    | eval.evaluation.evaluation:metric_call:77 - metric_func_name date_near score 0.0 msg date not near, response: 2023-11-21 00:00:00, target: 2023-10-19 00:00:00
2026-08-11 11:55:40.478 | DEBUG    | eval.evaluation.evaluation:metric_call:77 - metric_func_name date_near score 0.0 msg date not near, response: 2023-11-21 00:00:00, target: 2023-10-19 00:00:00
2026-08-11 11:55:40.480 | DEBUG    | eval.evaluation.evaluation:metric_call:77 - metric_func_name date_near score 1.0 msg date near, response: 2023-02-28 00:00:00, target: 2023-02-28 00:00:00
2026-08-11 11:55:40.482 | DEBUG    | eval.evaluation.evaluation:metric_call:77 - metric_func_name date_near score 1.0 msg date near, response: 2023-02-28 00:00:00, target: 2023-02-28 00:00:00
2026-08-11 11:55:40.484 | DEBUG    | eval.evaluation.evaluation:metric_call:77 - metric_func_name date_near score 1.0 msg date near, response: 2023-01-10 00:00:00, target: 2023-01-14 00:00:00
2026-08-11 11:55:40.486 | DEBUG    | eval.evaluation.evaluation:metric_call:77 - metric_func_name date_near score 1.0 msg date near, response: 2023-04-06 00:00:00, target: 2023-04-06 00:00:00
2026-08-11 11:55:40.488 | DEBUG    | eval.evaluation.evaluation:metric_call:77 - metric_func_name date_near score 1.0 msg date near, response: 2023-01-10 00:00:00, target: 2023-01-14 00:00:00
2026-08-11 11:55:40.491 | DEBUG    | eval.evaluation.evaluation:metric_call:77 - metric_func_name date_near score 1.0 msg date near, response: 2023-01-10 00:00:00, target: 2023-01-14 00:00:00
2026-08-11 11:55:40.491 | DEBUG    | eval.evaluation.evaluation:evaluate_single_query:321 - wide2deep_ws_zh_061, col 时间, metric_func_name date_near, score [0.0, 0.0, 0.0, 0.0, 0.0, 0.0, 0.0, 0.0, 0.0, 1.0, 1.0, 1.0, 1.0, 1.0, 1.0]
2026-08-11 11:55:45.801 | DEBUG    | eval.evaluation.evaluation:evaluate_single_query:321 - wide2deep_ws_zh_061, col 核心架构, metric_func_name llm_judge, score [0, 0, 0, 0, 0, 0, 0, 0, 0, 0, 0, 0, 0, 0, 0]
2026-08-11 11:55:51.473 | DEBUG    | eval.evaluation.evaluation:evaluate_single_query:321 - wide2deep_ws_zh_061, col 产品系列, metric_func_name llm_judge, score [1, 1, 1, 1, 1, 1, 1, 1, 1, 0, 0, 1, 0, 1, 1]
2026-08-11 11:55:56.168 | DEBUG    | eval.evaluation.evaluation:evaluate_single_query:321 - wide2deep_ws_zh_061, col 制造工艺, metric_func_name llm_judge, score [0, 0, 0, 0, 0, 0, 0, 0, 0, 0, 0, 0, 0, 0, 0]
2026-08-11 11:55:56.168 | DEBUG    | eval.evaluation.evaluation:metric_call:77 - metric_func_name exact_match score 1.0 msg exact match, response: 96, target: 96
2026-08-11 11:55:56.168 | DEBUG    | eval.evaluation.evaluation:metric_call:77 - metric_func_name exact_match score 1.0 msg exact match, response: 64, target: 64
2026-08-11 11:55:56.168 | DEBUG    | eval.evaluation.evaluation:metric_call:77 - metric_func_name exact_match score 1.0 msg exact match, response: 32, target: 32
2026-08-11 11:55:56.168 | DEBUG    | eval.evaluation.evaluation:metric_call:77 - metric_func_name exact_match score 1.0 msg exact match, response: 24, target: 24
2026-08-11 11:55:56.168 | DEBUG    | eval.evaluation.evaluation:metric_call:77 - metric_func_name exact_match score 1.0 msg exact match, response: 16, target: 16
2026-08-11 11:55:56.168 | DEBUG    | eval.evaluation.evaluation:metric_call:77 - metric_func_name exact_match score 1.0 msg exact match, response: 12, target: 12
2026-08-11 11:55:56.168 | DEBUG    | eval.evaluation.evaluation:metric_call:77 - metric_func_name exact_match score 1.0 msg exact match, response: 64, target: 64
2026-08-11 11:55:56.168 | DEBUG    | eval.evaluation.evaluation:metric_call:77 - metric_func_name exact_match score 1.0 msg exact match, response: 32, target: 32
2026-08-11 11:55:56.168 | DEBUG    | eval.evaluation.evaluation:metric_call:77 - metric_func_name exact_match score 1.0 msg exact match, response: 24, target: 24
2026-08-11 11:55:56.168 | DEBUG    | eval.evaluation.evaluation:metric_call:77 - metric_func_name exact_match score 1.0 msg exact match, response: 16, target: 16
2026-08-11 11:55:56.168 | DEBUG    | eval.evaluation.evaluation:metric_call:77 - metric_func_name exact_match score 1.0 msg exact match, response: 12, target: 12
2026-08-11 11:55:56.168 | DEBUG    | eval.evaluation.evaluation:metric_call:77 - metric_func_name exact_match score 1.0 msg exact match, response: 12, target: 12
2026-08-11 11:55:56.169 | DEBUG    | eval.evaluation.evaluation:metric_call:77 - metric_func_name exact_match score 1.0 msg exact match, response: 8, target: 8
2026-08-11 11:55:56.169 | DEBUG    | eval.evaluation.evaluation:metric_call:77 - metric_func_name exact_match score 1.0 msg exact match, response: 8, target: 8
2026-08-11 11:55:56.169 | DEBUG    | eval.evaluation.evaluation:metric_call:77 - metric_func_name exact_match score 1.0 msg exact match, response: 6, target: 6
2026-08-11 11:55:56.169 | DEBUG    | eval.evaluation.evaluation:evaluate_single_query:321 - wide2deep_ws_zh_061, col 核心, metric_func_name exact_match, score [1.0, 1.0, 1.0, 1.0, 1.0, 1.0, 1.0, 1.0, 1.0, 1.0, 1.0, 1.0, 1.0, 1.0, 1.0]
2026-08-11 11:55:56.169 | DEBUG    | eval.evaluation.evaluation:metric_call:77 - metric_func_name exact_match score 1.0 msg exact match, response: 192, target: 192
2026-08-11 11:55:56.170 | DEBUG    | eval.evaluation.evaluation:metric_call:77 - metric_func_name exact_match score 1.0 msg exact match, response: 128, target: 128
2026-08-11 11:55:56.170 | DEBUG    | eval.evaluation.evaluation:metric_call:77 - metric_func_name exact_match score 1.0 msg exact match, response: 64, target: 64
2026-08-11 11:55:56.170 | DEBUG    | eval.evaluation.evaluation:metric_call:77 - metric_func_name exact_match score 1.0 msg exact match, response: 48, target: 48
2026-08-11 11:55:56.170 | DEBUG    | eval.evaluation.evaluation:metric_call:77 - metric_func_name exact_match score 1.0 msg exact match, response: 32, target: 32
2026-08-11 11:55:56.170 | DEBUG    | eval.evaluation.evaluation:metric_call:77 - metric_func_name exact_match score 1.0 msg exact match, response: 24, target: 24
2026-08-11 11:55:56.170 | DEBUG    | eval.evaluation.evaluation:metric_call:77 - metric_func_name exact_match score 1.0 msg exact match, response: 128, target: 128
2026-08-11 11:55:56.170 | DEBUG    | eval.evaluation.evaluation:metric_call:77 - metric_func_name exact_match score 1.0 msg exact match, response: 64, target: 64
2026-08-11 11:55:56.170 | DEBUG    | eval.evaluation.evaluation:metric_call:77 - metric_func_name exact_match score 1.0 msg exact match, response: 48, target: 48
2026-08-11 11:55:56.170 | DEBUG    | eval.evaluation.evaluation:metric_call:77 - metric_func_name exact_match score 1.0 msg exact match, response: 32, target: 32
2026-08-11 11:55:56.170 | DEBUG    | eval.evaluation.evaluation:metric_call:77 - metric_func_name exact_match score 1.0 msg exact match, response: 24, target: 24
2026-08-11 11:55:56.170 | DEBUG    | eval.evaluation.evaluation:metric_call:77 - metric_func_name exact_match score 1.0 msg exact match, response: 24, target: 24
2026-08-11 11:55:56.170 | DEBUG    | eval.evaluation.evaluation:metric_call:77 - metric_func_name exact_match score 1.0 msg exact match, response: 16, target: 16
2026-08-11 11:55:56.170 | DEBUG    | eval.evaluation.evaluation:metric_call:77 - metric_func_name exact_match score 1.0 msg exact match, response: 16, target: 16
2026-08-11 11:55:56.170 | DEBUG    | eval.evaluation.evaluation:metric_call:77 - metric_func_name exact_match score 1.0 msg exact match, response: 12, target: 12
2026-08-11 11:55:56.171 | DEBUG    | eval.evaluation.evaluation:evaluate_single_query:321 - wide2deep_ws_zh_061, col 线程, metric_func_name exact_match, score [1.0, 1.0, 1.0, 1.0, 1.0, 1.0, 1.0, 1.0, 1.0, 1.0, 1.0, 1.0, 1.0, 1.0, 1.0]
2026-08-11 11:56:00.182 | DEBUG    | eval.evaluation.evaluation:evaluate_single_query:321 - wide2deep_ws_zh_061, col 核心频率(ghz), metric_func_name llm_judge, score [1, 1, 1, 1, 1, 1, 1, 1, 1, 1, 1, 1, 1, 1, 1]
2026-08-11 11:56:00.182 | DEBUG    | eval.evaluation.evaluation:metric_call:77 - metric_func_name exact_match score 1.0 msg exact match, response: 96, target: 96
2026-08-11 11:56:00.182 | DEBUG    | eval.evaluation.evaluation:metric_call:77 - metric_func_name exact_match score 1.0 msg exact match, response: 64, target: 64
2026-08-11 11:56:00.182 | DEBUG    | eval.evaluation.evaluation:metric_call:77 - metric_func_name exact_match score 1.0 msg exact match, response: 32, target: 32
2026-08-11 11:56:00.182 | DEBUG    | eval.evaluation.evaluation:metric_call:77 - metric_func_name exact_match score 1.0 msg exact match, response: 24, target: 24
2026-08-11 11:56:00.182 | DEBUG    | eval.evaluation.evaluation:metric_call:77 - metric_func_name exact_match score 1.0 msg exact match, response: 16, target: 16
2026-08-11 11:56:00.182 | DEBUG    | eval.evaluation.evaluation:metric_call:77 - metric_func_name exact_match score 1.0 msg exact match, response: 12, target: 12
2026-08-11 11:56:00.183 | DEBUG    | eval.evaluation.evaluation:metric_call:77 - metric_func_name exact_match score 1.0 msg exact match, response: 64, target: 64
2026-08-11 11:56:00.183 | DEBUG    | eval.evaluation.evaluation:metric_call:77 - metric_func_name exact_match score 1.0 msg exact match, response: 32, target: 32
2026-08-11 11:56:00.183 | DEBUG    | eval.evaluation.evaluation:metric_call:77 - metric_func_name exact_match score 1.0 msg exact match, response: 24, target: 24
2026-08-11 11:56:00.183 | DEBUG    | eval.evaluation.evaluation:metric_call:77 - metric_func_name exact_match score 1.0 msg exact match, response: 16, target: 16
2026-08-11 11:56:00.183 | DEBUG    | eval.evaluation.evaluation:metric_call:77 - metric_func_name exact_match score 1.0 msg exact match, response: 12, target: 12
2026-08-11 11:56:00.183 | DEBUG    | eval.evaluation.evaluation:metric_call:77 - metric_func_name exact_match score 1.0 msg exact match, response: 12, target: 12
2026-08-11 11:56:00.183 | DEBUG    | eval.evaluation.evaluation:metric_call:77 - metric_func_name exact_match score 1.0 msg exact match, response: 8, target: 8
2026-08-11 11:56:00.183 | DEBUG    | eval.evaluation.evaluation:metric_call:77 - metric_func_name exact_match score 1.0 msg exact match, response: 8, target: 8
2026-08-11 11:56:00.183 | DEBUG    | eval.evaluation.evaluation:metric_call:77 - metric_func_name exact_match score 1.0 msg exact match, response: 6, target: 6
2026-08-11 11:56:00.184 | DEBUG    | eval.evaluation.evaluation:evaluate_single_query:321 - wide2deep_ws_zh_061, col 二级缓存(mb), metric_func_name exact_match, score [1.0, 1.0, 1.0, 1.0, 1.0, 1.0, 1.0, 1.0, 1.0, 1.0, 1.0, 1.0, 1.0, 1.0, 1.0]
2026-08-11 11:56:00.184 | DEBUG    | eval.evaluation.evaluation:metric_call:77 - metric_func_name number_near score 1.0 msg number near in range 1.0%, response: 384.0, target: 384.0
2026-08-11 11:56:00.184 | DEBUG    | eval.evaluation.evaluation:metric_call:77 - metric_func_name number_near score 1.0 msg number near in range 1.0%, response: 256.0, target: 256.0
2026-08-11 11:56:00.184 | DEBUG    | eval.evaluation.evaluation:metric_call:77 - metric_func_name number_near score 1.0 msg number near in range 1.0%, response: 128.0, target: 128.0
2026-08-11 11:56:00.184 | DEBUG    | eval.evaluation.evaluation:metric_call:77 - metric_func_name number_near score 1.0 msg number near in range 1.0%, response: 128.0, target: 128.0
2026-08-11 11:56:00.184 | DEBUG    | eval.evaluation.evaluation:metric_call:77 - metric_func_name number_near score 1.0 msg number near in range 1.0%, response: 64.0, target: 64.0
2026-08-11 11:56:00.184 | DEBUG    | eval.evaluation.evaluation:metric_call:77 - metric_func_name number_near score 1.0 msg number near in range 1.0%, response: 64.0, target: 64.0
2026-08-11 11:56:00.184 | DEBUG    | eval.evaluation.evaluation:metric_call:77 - metric_func_name number_near score 1.0 msg number near in range 1.0%, response: 256.0, target: 256.0
2026-08-11 11:56:00.184 | DEBUG    | eval.evaluation.evaluation:metric_call:77 - metric_func_name number_near score 1.0 msg number near in range 1.0%, response: 128.0, target: 128.0
2026-08-11 11:56:00.184 | DEBUG    | eval.evaluation.evaluation:metric_call:77 - metric_func_name number_near score 1.0 msg number near in range 1.0%, response: 128.0, target: 128.0
2026-08-11 11:56:00.184 | DEBUG    | eval.evaluation.evaluation:metric_call:77 - metric_func_name number_near score 1.0 msg number near in range 1.0%, response: 128.0, target: 128.0
2026-08-11 11:56:00.184 | DEBUG    | eval.evaluation.evaluation:metric_call:77 - metric_func_name number_near score 1.0 msg number near in range 1.0%, response: 128.0, target: 128.0
2026-08-11 11:56:00.185 | DEBUG    | eval.evaluation.evaluation:metric_call:77 - metric_func_name number_near score 1.0 msg number near in range 1.0%, response: 64.0, target: 64.0
2026-08-11 11:56:00.185 | DEBUG    | eval.evaluation.evaluation:metric_call:77 - metric_func_name number_near score 1.0 msg number near in range 1.0%, response: 96.0, target: 96.0
2026-08-11 11:56:00.185 | DEBUG    | eval.evaluation.evaluation:metric_call:77 - metric_func_name number_near score 1.0 msg number near in range 1.0%, response: 32.0, target: 32.0
2026-08-11 11:56:00.185 | DEBUG    | eval.evaluation.evaluation:metric_call:77 - metric_func_name number_near score 1.0 msg number near in range 1.0%, response: 32.0, target: 32.0
2026-08-11 11:56:00.185 | DEBUG    | eval.evaluation.evaluation:evaluate_single_query:321 - wide2deep_ws_zh_061, col 三级缓存(mb), metric_func_name number_near, score [1.0, 1.0, 1.0, 1.0, 1.0, 1.0, 1.0, 1.0, 1.0, 1.0, 1.0, 1.0, 1.0, 1.0, 1.0]
2026-08-11 11:56:04.959 | DEBUG    | eval.evaluation.evaluation:evaluate_single_query:321 - wide2deep_ws_zh_061, col 显卡型号, metric_func_name llm_judge, score [0, 0, 0, 0, 0, 0, 0, 0, 0, 1, 1, 1, 1, 1, 1]
2026-08-11 11:56:04.959 | DEBUG    | eval.evaluation.evaluation:metric_call:77 - metric_func_name number_near score 0.0 msg number not convertable, response: 0.0, target: None
2026-08-11 11:56:04.959 | DEBUG    | eval.evaluation.evaluation:metric_call:77 - metric_func_name number_near score 0.0 msg number not convertable, response: 0.0, target: None
2026-08-11 11:56:04.959 | DEBUG    | eval.evaluation.evaluation:metric_call:77 - metric_func_name number_near score 0.0 msg number not convertable, response: 0.0, target: None
2026-08-11 11:56:04.959 | DEBUG    | eval.evaluation.evaluation:metric_call:77 - metric_func_name number_near score 0.0 msg number not convertable, response: 0.0, target: None
2026-08-11 11:56:04.959 | DEBUG    | eval.evaluation.evaluation:metric_call:77 - metric_func_name number_near score 0.0 msg number not convertable, response: 0.0, target: None
2026-08-11 11:56:04.959 | DEBUG    | eval.evaluation.evaluation:metric_call:77 - metric_func_name number_near score 0.0 msg number not convertable, response: 0.0, target: None
2026-08-11 11:56:04.959 | DEBUG    | eval.evaluation.evaluation:metric_call:77 - metric_func_name number_near score 0.0 msg number not convertable, response: 0.0, target: None
2026-08-11 11:56:04.959 | DEBUG    | eval.evaluation.evaluation:metric_call:77 - metric_func_name number_near score 0.0 msg number not convertable, response: 0.0, target: None
2026-08-11 11:56:04.959 | DEBUG    | eval.evaluation.evaluation:metric_call:77 - metric_func_name number_near score 0.0 msg number not convertable, response: 0.0, target: None
2026-08-11 11:56:04.959 | DEBUG    | eval.evaluation.evaluation:metric_call:77 - metric_func_name number_near score 1.0 msg number near in range 1.0%, response: 2.0, target: 2.0
2026-08-11 11:56:04.959 | DEBUG    | eval.evaluation.evaluation:metric_call:77 - metric_func_name number_near score 1.0 msg number near in range 1.0%, response: 2.0, target: 2.0
2026-08-11 11:56:04.960 | DEBUG    | eval.evaluation.evaluation:metric_call:77 - metric_func_name number_near score 1.0 msg number near in range 1.0%, response: 2.0, target: 2.0
2026-08-11 11:56:04.960 | DEBUG    | eval.evaluation.evaluation:metric_call:77 - metric_func_name number_near score 1.0 msg number near in range 1.0%, response: 2.0, target: 2.0
2026-08-11 11:56:04.960 | DEBUG    | eval.evaluation.evaluation:metric_call:77 - metric_func_name number_near score 1.0 msg number near in range 1.0%, response: 2.0, target: 2.0
2026-08-11 11:56:04.960 | DEBUG    | eval.evaluation.evaluation:metric_call:77 - metric_func_name number_near score 1.0 msg number near in range 1.0%, response: 2.0, target: 2.0
2026-08-11 11:56:04.961 | DEBUG    | eval.evaluation.evaluation:evaluate_single_query:321 - wide2deep_ws_zh_061, col 显卡核心数, metric_func_name number_near, score [0.0, 0.0, 0.0, 0.0, 0.0, 0.0, 0.0, 0.0, 0.0, 1.0, 1.0, 1.0, 1.0, 1.0, 1.0]
2026-08-11 11:56:04.972 | INFO     | eval.evaluation.evaluation:evaluate_single_query:380 - wide2deep_ws_zh_061, P/R/F1 by unique_columns: 0.4545/0.0453/0.0824
2026-08-11 11:56:04.972 | INFO     | eval.evaluation.evaluation:evaluate_single_query:383 - wide2deep_ws_zh_061, P/R/F1 by row: 0.0000/0.0000/0.0000
2026-08-11 11:56:04.972 | INFO     | eval.evaluation.evaluation:evaluate_single_query:386 - wide2deep_ws_zh_061, P/R/F1 by item: 0.3030/0.0302/0.0549
2026-08-11 11:56:04.976 | INFO     | eval.evaluation.evaluation:evaluate_single_query:398 - wide2deep_ws_zh_061, final table score: 0.0
{"event": "eval_done", "idx": 1, "instance_id": "wide2deep_ws_zh_061", "score": 0.0, "entity_acc": 1.0, "f1_by_row": 0.0, "f1_by_item": 0.05494505494505494, "column_f1": 0.08241758241758242, "error": null, "elapsed_seconds": 34.547, "running_n": 1}
{"event": "eval_done", "idx": 2, "instance_id": "wide2deep_ws_zh_081", "score": 0.0, "entity_acc": 0.0, "f1_by_row": 0.0, "f1_by_item": 0.0, "column_f1": 0.0, "error": null, "elapsed_seconds": 2.773, "running_n": 2}
2026-08-11 11:56:10.461 | DEBUG    | eval.evaluation.data_loader:extract_dataframe:167 - find markdown_str 
| 国家 | 项目名称 | 承包公司 | 启动时间 | 竣工时间 |
| --- | --- | --- | --- | -- ...
2026-08-11 11:56:19.065 | INFO     | eval.evaluation.metric_utils:primary_key_preprocess:246 - primary_key_preprocess result: ```json
{
  "沃特古图机场新建机场航站楼项目": "埃塞俄比亚机场项目群沃特古图机场项目",
  "恩塔姆边境检查站二期项目": "刚果（布）恩塔姆边境检查站二期项目",
  "JULU水电站项目": "印尼JULU水电站项目",
  "迪拜五期900兆瓦光伏项目B区块": "迪拜五期光伏项目B区块",
  "中国援波纳佩州政府办公楼维修项目": "中国援密克罗尼西亚波纳佩州政府办公楼维修项目",
  "恩图至恩乔莱公路项目": "喀麦隆恩恩公路",
  "T1210住宅群项目": "科威特T1210住宅群项目",
  "瓦列沃快速路项目": "塞尔维亚瓦列沃快速路",
  "吉扎克州扎法拉巴德220千伏数字化变电站项目": "乌兹别克斯坦首个数字化变电站",
  "康翁波500兆瓦光伏电站项目": "埃及康翁波500兆瓦光伏电站",
  "圣乔治机场升级改造项目": "格林纳达圣乔治机场升级改造",
  "梅罗油田四期项目": "巴西梅罗油田四期",
  "中国援乍得恩贾梅纳体育场项目": "乍得恩贾梅纳体育场",
  "诺西贝新增道路修复项目": "马达加斯加诺西贝新增道路修复",
  "莫兰特贝市政综合园区项目": "牙买加莫兰特贝市政综合园区"
}
```
2026-08-11 11:56:19.065 | INFO     | eval.evaluation.evaluation:evaluate_single_query:223 - col: 项目名称, primary_key_map {'沃特古图机场新建机场航站楼项目': '埃塞俄比亚机场项目群沃特古图机场项目', '恩塔姆边境检查站二期项目': '刚果（布）恩塔姆边境检查站二期项目', 'JULU水电站项目': '印尼JULU水电站项目', '迪拜五期900兆瓦光伏项目B区块': '迪拜五期光伏项目B区块', '中国援波纳佩州政府办公楼维修项目': '中国援密克罗尼西亚波纳佩州政府办公楼维修项目', '恩图至恩乔莱公路项目': '喀麦隆恩恩公路', 'T1210住宅群项目': '科威特T1210住宅群项目', '瓦列沃快速路项目': '塞尔维亚瓦列沃快速路', '吉扎克州扎法拉巴德220千伏数字化变电站项目': '乌兹别克斯坦首个数字化变电站', '康翁波500兆瓦光伏电站项目': '埃及康翁波500兆瓦光伏电站', '圣乔治机场升级改造项目': '格林纳达圣乔治机场升级改造', '梅罗油田四期项目': '巴西梅罗油田四期', '中国援乍得恩贾梅纳体育场项目': '乍得恩贾梅纳体育场', '诺西贝新增道路修复项目': '马达加斯加诺西贝新增道路修复', '莫兰特贝市政综合园区项目': '牙买加莫兰特贝市政综合园区'}
2026-08-11 11:56:23.304 | INFO     | eval.evaluation.metric_utils:primary_key_preprocess:246 - primary_key_preprocess result: ```json
{
  "2025年1月": "2025年1月",
  "2025年2月": "2025年2月",
  "2025年5月": "2025年5月"
}
```
2026-08-11 11:56:23.305 | INFO     | eval.evaluation.evaluation:evaluate_single_query:223 - col: 竣工时间, primary_key_map {'2025年1月': '2025年1月', '2025年2月': '2025年2月', '2025年5月': '2025年5月'}
2026-08-11 11:56:24.929 | INFO     | eval.evaluation.evaluation:evaluate_single_query:275 - wide2deep_ws_zh_085, df_inner shape: (15, 10), answer_df shape: (75, 5), response_df shape: (15, 7)
2026-08-11 11:56:24.929 | DEBUG    | eval.evaluation.evaluation:metric_call:77 - metric_func_name exact_match score 1.0 msg exact match, response: 埃及, target: 埃及
2026-08-11 11:56:24.930 | DEBUG    | eval.evaluation.evaluation:metric_call:77 - metric_func_name exact_match score 1.0 msg exact match, response: 格林纳达, target: 格林纳达
2026-08-11 11:56:24.930 | DEBUG    | eval.evaluation.evaluation:metric_call:77 - metric_func_name exact_match score 1.0 msg exact match, response: 巴西, target: 巴西
2026-08-11 11:56:24.930 | DEBUG    | eval.evaluation.evaluation:metric_call:77 - metric_func_name exact_match score 1.0 msg exact match, response: 乍得, target: 乍得
2026-08-11 11:56:24.930 | DEBUG    | eval.evaluation.evaluation:metric_call:77 - metric_func_name exact_match score 1.0 msg exact match, response: 马达加斯加, target: 马达加斯加
2026-08-11 11:56:24.930 | DEBUG    | eval.evaluation.evaluation:metric_call:77 - metric_func_name exact_match score 1.0 msg exact match, response: 牙买加, target: 牙买加
2026-08-11 11:56:24.930 | DEBUG    | eval.evaluation.evaluation:metric_call:77 - metric_func_name exact_match score 1.0 msg exact match, response: 塞尔维亚, target: 塞尔维亚
2026-08-11 11:56:24.930 | DEBUG    | eval.evaluation.evaluation:metric_call:77 - metric_func_name exact_match score 1.0 msg exact match, response: 喀麦隆, target: 喀麦隆
2026-08-11 11:56:24.931 | DEBUG    | eval.evaluation.evaluation:metric_call:77 - metric_func_name exact_match score 1.0 msg exact match, response: 乌兹别克斯坦, target: 乌兹别克斯坦
2026-08-11 11:56:24.931 | DEBUG    | eval.evaluation.evaluation:metric_call:77 - metric_func_name exact_match score 1.0 msg exact match, response: 科威特, target: 科威特
2026-08-11 11:56:24.931 | DEBUG    | eval.evaluation.evaluation:metric_call:77 - metric_func_name exact_match score 1.0 msg exact match, response: 阿联酋, target: 阿联酋
2026-08-11 11:56:24.931 | DEBUG    | eval.evaluation.evaluation:metric_call:77 - metric_func_name exact_match score 0.0 msg exact not match, response: 密克罗尼西亚联邦, target: 密克罗尼西亚
2026-08-11 11:56:24.931 | DEBUG    | eval.evaluation.evaluation:metric_call:77 - metric_func_name exact_match score 1.0 msg exact match, response: 埃塞俄比亚, target: 埃塞俄比亚
2026-08-11 11:56:24.931 | DEBUG    | eval.evaluation.evaluation:metric_call:77 - metric_func_name exact_match score 1.0 msg exact match, response: 刚果（布）, target: 刚果（布）
2026-08-11 11:56:24.931 | DEBUG    | eval.evaluation.evaluation:metric_call:77 - metric_func_name exact_match score 0.0 msg exact not match, response: 印度尼西亚, target: 印尼
2026-08-11 11:56:24.931 | DEBUG    | eval.evaluation.evaluation:evaluate_single_query:321 - wide2deep_ws_zh_085, col 国家, metric_func_name exact_match, score [1.0, 1.0, 1.0, 1.0, 1.0, 1.0, 1.0, 1.0, 1.0, 1.0, 1.0, 0.0, 1.0, 1.0, 0.0]
2026-08-11 11:56:31.639 | DEBUG    | eval.evaluation.evaluation:evaluate_single_query:321 - wide2deep_ws_zh_085, col 承包公司, metric_func_name llm_judge, score [0, 1, 1, 1, 1, 1, 1, 1, 1, 1, 1, 1, 1, 1, 1]
2026-08-11 11:56:31.649 | DEBUG    | eval.evaluation.evaluation:metric_call:77 - metric_func_name date_near score 0.0 msg date not convertable, response: 未知, target: 2024-12-01
2026-08-11 11:56:31.660 | DEBUG    | eval.evaluation.evaluation:metric_call:77 - metric_func_name date_near score 0.0 msg date not convertable, response: 未知（仅知2021年开工）, target: 2020-10-01
2026-08-11 11:56:31.667 | DEBUG    | eval.evaluation.evaluation:metric_call:77 - metric_func_name date_near score 0.0 msg date not convertable, response: 未知, target: 2026-08-01
2026-08-11 11:56:31.673 | DEBUG    | eval.evaluation.evaluation:metric_call:77 - metric_func_name date_near score 0.0 msg date not convertable, response: 未知, target: 2019-12-01
2026-08-11 11:56:31.679 | DEBUG    | eval.evaluation.evaluation:metric_call:77 - metric_func_name date_near score 0.0 msg date not convertable, response: 未知, target: 2022-11-01
2026-08-11 11:56:31.685 | DEBUG    | eval.evaluation.evaluation:metric_call:77 - metric_func_name date_near score 0.0 msg date not convertable, response: 未知, target: 2026-08-01
2026-08-11 11:56:31.690 | DEBUG    | eval.evaluation.evaluation:metric_call:77 - metric_func_name date_near score 0.0 msg date not convertable, response: 未知, target: 2026-08-01
2026-08-11 11:56:31.693 | DEBUG    | eval.evaluation.evaluation:metric_call:77 - metric_func_name date_near score 1.0 msg date near, response: 2021-10-01 00:00:00, target: 2021-10-01 00:00:00
2026-08-11 11:56:31.698 | DEBUG    | eval.evaluation.evaluation:metric_call:77 - metric_func_name date_near score 0.0 msg date not convertable, response: 未知, target: 2021-12-01
2026-08-11 11:56:31.704 | DEBUG    | eval.evaluation.evaluation:metric_call:77 - metric_func_name date_near score 0.0 msg date not convertable, response: 未知, target: 2026-08-01
2026-08-11 11:56:31.710 | DEBUG    | eval.evaluation.evaluation:metric_call:77 - metric_func_name date_near score 0.0 msg date not convertable, response: 未知, target: 2026-08-01
2026-08-11 11:56:31.715 | DEBUG    | eval.evaluation.evaluation:metric_call:77 - metric_func_name date_near score 0.0 msg date not convertable, response: 未知, target: 2023-07-01
2026-08-11 11:56:31.721 | DEBUG    | eval.evaluation.evaluation:metric_call:77 - metric_func_name date_near score 0.0 msg date not convertable, response: 未知, target: 2026-08-01
2026-08-11 11:56:31.727 | DEBUG    | eval.evaluation.evaluation:metric_call:77 - metric_func_name date_near score 0.0 msg date not convertable, response: 未知, target: 2026-08-01
2026-08-11 11:56:31.732 | DEBUG    | eval.evaluation.evaluation:metric_call:77 - metric_func_name date_near score 0.0 msg date not convertable, response: 未知, target: 2022-06-01
2026-08-11 11:56:31.733 | DEBUG    | eval.evaluation.evaluation:evaluate_single_query:321 - wide2deep_ws_zh_085, col 启动时间, metric_func_name date_near, score [0.0, 0.0, 0.0, 0.0, 0.0, 0.0, 0.0, 1.0, 0.0, 0.0, 0.0, 0.0, 0.0, 0.0, 0.0]
2026-08-11 11:56:31.739 | INFO     | eval.evaluation.evaluation:evaluate_single_query:380 - wide2deep_ws_zh_085, P/R/F1 by unique_columns: 1.0000/0.2000/0.3333
2026-08-11 11:56:31.739 | INFO     | eval.evaluation.evaluation:evaluate_single_query:383 - wide2deep_ws_zh_085, P/R/F1 by row: 0.0667/0.0133/0.0222
2026-08-11 11:56:31.739 | INFO     | eval.evaluation.evaluation:evaluate_single_query:386 - wide2deep_ws_zh_085, P/R/F1 by item: 0.7733/0.1547/0.2578
2026-08-11 11:56:31.741 | INFO     | eval.evaluation.evaluation:evaluate_single_query:398 - wide2deep_ws_zh_085, final table score: 0.0
{"event": "eval_done", "idx": 3, "instance_id": "wide2deep_ws_zh_085", "score": 0.0, "entity_acc": 1.0, "f1_by_row": 0.022222222222222223, "f1_by_item": 0.2577777777777778, "column_f1": 0.33333333333333337, "error": null, "elapsed_seconds": 23.959, "running_n": 3}
2026-08-11 11:56:34.173 | DEBUG    | eval.evaluation.data_loader:extract_dataframe:167 - find markdown_str 
| 车型名称 | 车身尺寸 | 最大扭矩 | 前悬架类型 | 后悬架类型 | 辅助驾驶系统及功能 |
| --- | ---  ...
2026-08-11 11:56:37.472 | INFO     | eval.evaluation.metric_utils:primary_key_preprocess:246 - primary_key_preprocess result: ```json
{
  "车型名称": "车型名称",
  "车身尺寸": "车身尺寸",
  "最大扭矩": "最大扭矩",
  "前悬架类型": "前悬架类型",
  "后悬架类型": "后悬架类型"
}
```
2026-08-11 11:56:37.473 | INFO     | eval.evaluation.evaluation:evaluate_single_query:172 - column map: {'车型名称': '车型名称', '车身尺寸': '车身尺寸', '最大扭矩': '最大扭矩', '前悬架类型': '前悬架类型', '后悬架类型': '后悬架类型'}
2026-08-11 11:56:37.473 | INFO     | eval.evaluation.evaluation:evaluate_single_query:173 - befor mapping: Index(['车型名称', '车身尺寸', '最大扭矩', '前悬架类型', '后悬架类型', '辅助驾驶系统及功能'], dtype='object')
2026-08-11 11:56:37.473 | INFO     | eval.evaluation.evaluation:evaluate_single_query:175 - after mapping: Index(['车型名称', '车身尺寸', '最大扭矩', '前悬架类型', '后悬架类型', '辅助驾驶系统及功能'], dtype='object')
2026-08-11 11:56:37.474 | INFO     | eval.evaluation.evaluation:evaluate_single_query:179 - instance_id: wide2deep_ws_zh_088, msg: required_columns ['车型名称', '车身尺寸', '最大扭矩', '前悬架类型', '后悬架类型'] != response_df Index(['车型名称', '车身尺寸', '最大扭矩', '前悬架类型', '后悬架类型', '辅助驾驶系统及功能'], dtype='object')
{"event": "eval_done", "idx": 4, "instance_id": "wide2deep_ws_zh_088", "score": 0.0, "entity_acc": 1.0, "f1_by_row": 0.0, "f1_by_item": 0.0, "column_f1": 0.0, "error": null, "elapsed_seconds": 5.716, "running_n": 4}
2026-08-11 11:56:41.103 | DEBUG    | eval.evaluation.data_loader:extract_dataframe:167 - find markdown_str 
| 学校名称 | 建校年份 | 主管部门 | 学校官网地址 | 2025中国校友会排行榜名次 | 2026QS世界大学排名名次 ...
2026-08-11 11:56:47.267 | INFO     | eval.evaluation.metric_utils:primary_key_preprocess:246 - primary_key_preprocess result: ```json
{
  "北京大学": "北京大学",
  "清华大学": "清华大学",
  "中国人民大学": "中国人民大学",
  "北京师范大学": "北京师范大学",
  "北京航空航天大学": "北京航空航天大学",
  "中国农业大学": "中国农业大学",
  "北京理工大学": "北京理工大学",
  "中央民族大学": "中央民族大学",
  "南开大学": "南开大学",
  "天津大学": "天津大学",
  "大连理工大学": "大连理工大学",
  "东北大学": "东北大学",
  "吉林大学": "吉林大学",
  "哈尔滨工业大学": "哈尔滨工业大学",
  "复旦大学": "复旦大学",
  "同济大学": "同济大学",
  "上海交通大学": "上海交通大学",
  "华东师范大学": "华东师范大学",
  "南京大学": "南京大学",
  "东南大学": "东南大学",
  "浙江大学": "浙江大学",
  "中国科学技术大学": "中国科学技术大学",
  "厦门大学": "厦门大学",
  "山东大学": "山东大学",
  "中国海洋大学": "中国海洋大学",
  "武汉大学": "武汉大学",
  "华中科技大学": "华中科技大学",
  "湖南大学": "湖南大学",
  "中南大学": "中南大学",
  "中国人民解放军国防科技大学": "国防科技大学",
  "中山大学": "中山大学",
  "华南理工大学": "华南理工大学",
  "四川大学": "四川大学",
  "电子科技大学": "电子科技大学",
  "重庆大学": "重庆大学",
  "西安交通大学": "西安交通大学",
  "西北工业大学": "西北工业大学",
  "西北农林科技大学": "西北农林科技大学",
  "兰州大学": "兰州大学"
}
```
2026-08-11 11:56:47.267 | INFO     | eval.evaluation.evaluation:evaluate_single_query:223 - col: 学校名称, primary_key_map {'北京大学': '北京大学', '清华大学': '清华大学', '中国人民大学': '中国人民大学', '北京师范大学': '北京师范大学', '北京航空航天大学': '北京航空航天大学', '中国农业大学': '中国农业大学', '北京理工大学': '北京理工大学', '中央民族大学': '中央民族大学', '南开大学': '南开大学', '天津大学': '天津大学', '大连理工大学': '大连理工大学', '东北大学': '东北大学', '吉林大学': '吉林大学', '哈尔滨工业大学': '哈尔滨工业大学', '复旦大学': '复旦大学', '同济大学': '同济大学', '上海交通大学': '上海交通大学', '华东师范大学': '华东师范大学', '南京大学': '南京大学', '东南大学': '东南大学', '浙江大学': '浙江大学', '中国科学技术大学': '中国科学技术大学', '厦门大学': '厦门大学', '山东大学': '山东大学', '中国海洋大学': '中国海洋大学', '武汉大学': '武汉大学', '华中科技大学': '华中科技大学', '湖南大学': '湖南大学', '中南大学': '中南大学', '中国人民解放军国防科技大学': '国防科技大学', '中山大学': '中山大学', '华南理工大学': '华南理工大学', '四川大学': '四川大学', '电子科技大学': '电子科技大学', '重庆大学': '重庆大学', '西安交通大学': '西安交通大学', '西北工业大学': '西北工业大学', '西北农林科技大学': '西北农林科技大学', '兰州大学': '兰州大学'}
2026-08-11 11:56:47.274 | INFO     | eval.evaluation.evaluation:evaluate_single_query:275 - wide2deep_ws_zh_089, df_inner shape: (39, 12), answer_df shape: (39, 6), response_df shape: (39, 7)
2026-08-11 11:56:47.275 | DEBUG    | eval.evaluation.evaluation:metric_call:77 - metric_func_name exact_match score 1.0 msg exact match, response: 1898年, target: 1898年
2026-08-11 11:56:47.275 | DEBUG    | eval.evaluation.evaluation:metric_call:77 - metric_func_name exact_match score 1.0 msg exact match, response: 1911年, target: 1911年
2026-08-11 11:56:47.275 | DEBUG    | eval.evaluation.evaluation:metric_call:77 - metric_func_name exact_match score 1.0 msg exact match, response: 1905年, target: 1905年
2026-08-11 11:56:47.275 | DEBUG    | eval.evaluation.evaluation:metric_call:77 - metric_func_name exact_match score 1.0 msg exact match, response: 1897年, target: 1897年
2026-08-11 11:56:47.275 | DEBUG    | eval.evaluation.evaluation:metric_call:77 - metric_func_name exact_match score 1.0 msg exact match, response: 1896年, target: 1896年
2026-08-11 11:56:47.275 | DEBUG    | eval.evaluation.evaluation:metric_call:77 - metric_func_name exact_match score 1.0 msg exact match, response: 1902年, target: 1902年
2026-08-11 11:56:47.275 | DEBUG    | eval.evaluation.evaluation:metric_call:77 - metric_func_name exact_match score 1.0 msg exact match, response: 1952年, target: 1952年
2026-08-11 11:56:47.275 | DEBUG    | eval.evaluation.evaluation:metric_call:77 - metric_func_name exact_match score 1.0 msg exact match, response: 1958年, target: 1958年
2026-08-11 11:56:47.276 | DEBUG    | eval.evaluation.evaluation:metric_call:77 - metric_func_name exact_match score 1.0 msg exact match, response: 1893年, target: 1893年
2026-08-11 11:56:47.276 | DEBUG    | eval.evaluation.evaluation:metric_call:77 - metric_func_name exact_match score 1.0 msg exact match, response: 1919年, target: 1919年
2026-08-11 11:56:47.276 | DEBUG    | eval.evaluation.evaluation:metric_call:77 - metric_func_name exact_match score 1.0 msg exact match, response: 1937年, target: 1937年
2026-08-11 11:56:47.276 | DEBUG    | eval.evaluation.evaluation:metric_call:77 - metric_func_name exact_match score 1.0 msg exact match, response: 1924年, target: 1924年
2026-08-11 11:56:47.276 | DEBUG    | eval.evaluation.evaluation:metric_call:77 - metric_func_name exact_match score 1.0 msg exact match, response: 1920年, target: 1920年
2026-08-11 11:56:47.276 | DEBUG    | eval.evaluation.evaluation:metric_call:77 - metric_func_name exact_match score 1.0 msg exact match, response: 1902年, target: 1902年
2026-08-11 11:56:47.276 | DEBUG    | eval.evaluation.evaluation:metric_call:77 - metric_func_name exact_match score 1.0 msg exact match, response: 1896年, target: 1896年
2026-08-11 11:56:47.276 | DEBUG    | eval.evaluation.evaluation:metric_call:77 - metric_func_name exact_match score 1.0 msg exact match, response: 1953年, target: 1953年
2026-08-11 11:56:47.276 | DEBUG    | eval.evaluation.evaluation:metric_call:77 - metric_func_name exact_match score 1.0 msg exact match, response: 1901年, target: 1901年
2026-08-11 11:56:47.276 | DEBUG    | eval.evaluation.evaluation:metric_call:77 - metric_func_name exact_match score 1.0 msg exact match, response: 1907年, target: 1907年
2026-08-11 11:56:47.276 | DEBUG    | eval.evaluation.evaluation:metric_call:77 - metric_func_name exact_match score 1.0 msg exact match, response: 1896年, target: 1896年
2026-08-11 11:56:47.276 | DEBUG    | eval.evaluation.evaluation:metric_call:77 - metric_func_name exact_match score 1.0 msg exact match, response: 1952年, target: 1952年
2026-08-11 11:56:47.276 | DEBUG    | eval.evaluation.evaluation:metric_call:77 - metric_func_name exact_match score 1.0 msg exact match, response: 1921年, target: 1921年
2026-08-11 11:56:47.276 | DEBUG    | eval.evaluation.evaluation:metric_call:77 - metric_func_name exact_match score 1.0 msg exact match, response: 1902年, target: 1902年
2026-08-11 11:56:47.276 | DEBUG    | eval.evaluation.evaluation:metric_call:77 - metric_func_name exact_match score 1.0 msg exact match, response: 1895年, target: 1895年
2026-08-11 11:56:47.276 | DEBUG    | eval.evaluation.evaluation:metric_call:77 - metric_func_name exact_match score 1.0 msg exact match, response: 1938年, target: 1938年
2026-08-11 11:56:47.276 | DEBUG    | eval.evaluation.evaluation:metric_call:77 - metric_func_name exact_match score 1.0 msg exact match, response: 1940年, target: 1940年
2026-08-11 11:56:47.276 | DEBUG    | eval.evaluation.evaluation:metric_call:77 - metric_func_name exact_match score 1.0 msg exact match, response: 1918年, target: 1918年
2026-08-11 11:56:47.276 | DEBUG    | eval.evaluation.evaluation:metric_call:77 - metric_func_name exact_match score 0.0 msg exact not match, response: 1951年, target: 1879年
2026-08-11 11:56:47.276 | DEBUG    | eval.evaluation.evaluation:metric_call:77 - metric_func_name exact_match score 1.0 msg exact match, response: 1946年, target: 1946年
2026-08-11 11:56:47.276 | DEBUG    | eval.evaluation.evaluation:metric_call:77 - metric_func_name exact_match score 1.0 msg exact match, response: 1949年, target: 1949年
2026-08-11 11:56:47.276 | DEBUG    | eval.evaluation.evaluation:metric_call:77 - metric_func_name exact_match score 1.0 msg exact match, response: 1914年, target: 1914年
2026-08-11 11:56:47.276 | DEBUG    | eval.evaluation.evaluation:metric_call:77 - metric_func_name exact_match score 1.0 msg exact match, response: 1905年, target: 1905年
2026-08-11 11:56:47.276 | DEBUG    | eval.evaluation.evaluation:metric_call:77 - metric_func_name exact_match score 1.0 msg exact match, response: 1923年, target: 1923年
2026-08-11 11:56:47.276 | DEBUG    | eval.evaluation.evaluation:metric_call:77 - metric_func_name exact_match score 1.0 msg exact match, response: 1956年, target: 1956年
2026-08-11 11:56:47.277 | DEBUG    | eval.evaluation.evaluation:metric_call:77 - metric_func_name exact_match score 1.0 msg exact match, response: 976年, target: 976年
2026-08-11 11:56:47.277 | DEBUG    | eval.evaluation.evaluation:metric_call:77 - metric_func_name exact_match score 1.0 msg exact match, response: 1929年, target: 1929年
2026-08-11 11:56:47.277 | DEBUG    | eval.evaluation.evaluation:metric_call:77 - metric_func_name exact_match score 1.0 msg exact match, response: 1909年, target: 1909年
2026-08-11 11:56:47.277 | DEBUG    | eval.evaluation.evaluation:metric_call:77 - metric_func_name exact_match score 1.0 msg exact match, response: 1924年, target: 1924年
2026-08-11 11:56:47.277 | DEBUG    | eval.evaluation.evaluation:metric_call:77 - metric_func_name exact_match score 1.0 msg exact match, response: 1934年, target: 1934年
2026-08-11 11:56:47.277 | DEBUG    | eval.evaluation.evaluation:metric_call:77 - metric_func_name exact_match score 1.0 msg exact match, response: 1941年, target: 1941年
2026-08-11 11:56:47.277 | DEBUG    | eval.evaluation.evaluation:evaluate_single_query:321 - wide2deep_ws_zh_089, col 建校年份, metric_func_name exact_match, score [1.0, 1.0, 1.0, 1.0, 1.0, 1.0, 1.0, 1.0, 1.0, 1.0, 1.0, 1.0, 1.0, 1.0, 1.0, 1.0, 1.0, 1.0, 1.0, 1.0, 1.0, 1.0, 1.0, 1.0, 1.0, 1.0, 0.0, 1.0, 1.0, 1.0, 1.0, 1.0, 1.0, 1.0, 1.0, 1.0, 1.0, 1.0, 1.0]
2026-08-11 11:56:57.599 | DEBUG    | eval.evaluation.evaluation:evaluate_single_query:321 - wide2deep_ws_zh_089, col 主管部门, metric_func_name llm_judge, score [1, 1, 1, 1, 1, 1, 1, 1, 1, 1, 1, 1, 1, 1, 1, 0, 1, 1, 1, 1, 1, 1, 1, 1, 1, 1, 1, 1, 1, 1, 1, 1, 1, 1, 1, 1, 1, 1, 1]
2026-08-11 11:57:07.786 | DEBUG    | eval.evaluation.evaluation:evaluate_single_query:321 - wide2deep_ws_zh_089, col 学校官网地址, metric_func_name llm_judge, score [1, 1, 1, 1, 1, 1, 1, 1, 1, 1, 1, 1, 1, 1, 1, 1, 1, 1, 1, 1, 1, 1, 1, 1, 1, 1, 1, 1, 1, 1, 1, 1, 1, 1, 1, 1, 1, 0, 1]
2026-08-11 11:57:07.786 | DEBUG    | eval.evaluation.evaluation:metric_call:77 - metric_func_name exact_match score 1.0 msg exact match, response: 1, target: 1
2026-08-11 11:57:07.787 | DEBUG    | eval.evaluation.evaluation:metric_call:77 - metric_func_name exact_match score 1.0 msg exact match, response: 2, target: 2
2026-08-11 11:57:07.787 | DEBUG    | eval.evaluation.evaluation:metric_call:77 - metric_func_name exact_match score 1.0 msg exact match, response: 4, target: 4
2026-08-11 11:57:07.787 | DEBUG    | eval.evaluation.evaluation:metric_call:77 - metric_func_name exact_match score 1.0 msg exact match, response: 5, target: 5
2026-08-11 11:57:07.787 | DEBUG    | eval.evaluation.evaluation:metric_call:77 - metric_func_name exact_match score 1.0 msg exact match, response: 6, target: 6
2026-08-11 11:57:07.787 | DEBUG    | eval.evaluation.evaluation:metric_call:77 - metric_func_name exact_match score 1.0 msg exact match, response: 7, target: 7
2026-08-11 11:57:07.787 | DEBUG    | eval.evaluation.evaluation:metric_call:77 - metric_func_name exact_match score 1.0 msg exact match, response: 8, target: 8
2026-08-11 11:57:07.787 | DEBUG    | eval.evaluation.evaluation:metric_call:77 - metric_func_name exact_match score 1.0 msg exact match, response: 9, target: 9
2026-08-11 11:57:07.788 | DEBUG    | eval.evaluation.evaluation:metric_call:77 - metric_func_name exact_match score 1.0 msg exact match, response: 10, target: 10
2026-08-11 11:57:07.788 | DEBUG    | eval.evaluation.evaluation:metric_call:77 - metric_func_name exact_match score 1.0 msg exact match, response: 11, target: 11
2026-08-11 11:57:07.788 | DEBUG    | eval.evaluation.evaluation:metric_call:77 - metric_func_name exact_match score 1.0 msg exact match, response: 12, target: 12
2026-08-11 11:57:07.788 | DEBUG    | eval.evaluation.evaluation:metric_call:77 - metric_func_name exact_match score 1.0 msg exact match, response: 13, target: 13
2026-08-11 11:57:07.788 | DEBUG    | eval.evaluation.evaluation:metric_call:77 - metric_func_name exact_match score 1.0 msg exact match, response: 14, target: 14
2026-08-11 11:57:07.788 | DEBUG    | eval.evaluation.evaluation:metric_call:77 - metric_func_name exact_match score 1.0 msg exact match, response: 14, target: 14
2026-08-11 11:57:07.788 | DEBUG    | eval.evaluation.evaluation:metric_call:77 - metric_func_name exact_match score 1.0 msg exact match, response: 15, target: 15
2026-08-11 11:57:07.788 | DEBUG    | eval.evaluation.evaluation:metric_call:77 - metric_func_name exact_match score 1.0 msg exact match, response: 15, target: 15
2026-08-11 11:57:07.788 | DEBUG    | eval.evaluation.evaluation:metric_call:77 - metric_func_name exact_match score 1.0 msg exact match, response: 16, target: 16
2026-08-11 11:57:07.788 | DEBUG    | eval.evaluation.evaluation:metric_call:77 - metric_func_name exact_match score 1.0 msg exact match, response: 17, target: 17
2026-08-11 11:57:07.788 | DEBUG    | eval.evaluation.evaluation:metric_call:77 - metric_func_name exact_match score 1.0 msg exact match, response: 18, target: 18
2026-08-11 11:57:07.788 | DEBUG    | eval.evaluation.evaluation:metric_call:77 - metric_func_name exact_match score 1.0 msg exact match, response: 19, target: 19
2026-08-11 11:57:07.788 | DEBUG    | eval.evaluation.evaluation:metric_call:77 - metric_func_name exact_match score 1.0 msg exact match, response: 20, target: 20
2026-08-11 11:57:07.788 | DEBUG    | eval.evaluation.evaluation:metric_call:77 - metric_func_name exact_match score 1.0 msg exact match, response: 21, target: 21
2026-08-11 11:57:07.788 | DEBUG    | eval.evaluation.evaluation:metric_call:77 - metric_func_name exact_match score 1.0 msg exact match, response: 22, target: 22
2026-08-11 11:57:07.788 | DEBUG    | eval.evaluation.evaluation:metric_call:77 - metric_func_name exact_match score 1.0 msg exact match, response: 23, target: 23
2026-08-11 11:57:07.788 | DEBUG    | eval.evaluation.evaluation:metric_call:77 - metric_func_name exact_match score 1.0 msg exact match, response: 24, target: 24
2026-08-11 11:57:07.788 | DEBUG    | eval.evaluation.evaluation:metric_call:77 - metric_func_name exact_match score 1.0 msg exact match, response: 25, target: 25
2026-08-11 11:57:07.788 | DEBUG    | eval.evaluation.evaluation:metric_call:77 - metric_func_name exact_match score 1.0 msg exact match, response: 25, target: 25
2026-08-11 11:57:07.788 | DEBUG    | eval.evaluation.evaluation:metric_call:77 - metric_func_name exact_match score 1.0 msg exact match, response: 26, target: 26
2026-08-11 11:57:07.788 | DEBUG    | eval.evaluation.evaluation:metric_call:77 - metric_func_name exact_match score 1.0 msg exact match, response: 27, target: 27
2026-08-11 11:57:07.788 | DEBUG    | eval.evaluation.evaluation:metric_call:77 - metric_func_name exact_match score 1.0 msg exact match, response: 28, target: 28
2026-08-11 11:57:07.788 | DEBUG    | eval.evaluation.evaluation:metric_call:77 - metric_func_name exact_match score 1.0 msg exact match, response: 29, target: 29
2026-08-11 11:57:07.788 | DEBUG    | eval.evaluation.evaluation:metric_call:77 - metric_func_name exact_match score 1.0 msg exact match, response: 29, target: 29
2026-08-11 11:57:07.788 | DEBUG    | eval.evaluation.evaluation:metric_call:77 - metric_func_name exact_match score 1.0 msg exact match, response: 31, target: 31
2026-08-11 11:57:07.788 | DEBUG    | eval.evaluation.evaluation:metric_call:77 - metric_func_name exact_match score 1.0 msg exact match, response: 32, target: 32
2026-08-11 11:57:07.789 | DEBUG    | eval.evaluation.evaluation:metric_call:77 - metric_func_name exact_match score 1.0 msg exact match, response: 33, target: 33
2026-08-11 11:57:07.789 | DEBUG    | eval.evaluation.evaluation:metric_call:77 - metric_func_name exact_match score 1.0 msg exact match, response: 34, target: 34
2026-08-11 11:57:07.789 | DEBUG    | eval.evaluation.evaluation:metric_call:77 - metric_func_name exact_match score 1.0 msg exact match, response: 47, target: 47
2026-08-11 11:57:07.789 | DEBUG    | eval.evaluation.evaluation:metric_call:77 - metric_func_name exact_match score 1.0 msg exact match, response: 54, target: 54
2026-08-11 11:57:07.789 | DEBUG    | eval.evaluation.evaluation:metric_call:77 - metric_func_name exact_match score 1.0 msg exact match, response: 81, target: 81
2026-08-11 11:57:07.789 | DEBUG    | eval.evaluation.evaluation:evaluate_single_query:321 - wide2deep_ws_zh_089, col 2025中国校友会排行榜名次, metric_func_name exact_match, score [1.0, 1.0, 1.0, 1.0, 1.0, 1.0, 1.0, 1.0, 1.0, 1.0, 1.0, 1.0, 1.0, 1.0, 1.0, 1.0, 1.0, 1.0, 1.0, 1.0, 1.0, 1.0, 1.0, 1.0, 1.0, 1.0, 1.0, 1.0, 1.0, 1.0, 1.0, 1.0, 1.0, 1.0, 1.0, 1.0, 1.0, 1.0, 1.0]
2026-08-11 11:57:07.790 | DEBUG    | eval.evaluation.evaluation:metric_call:77 - metric_func_name exact_match score 1.0 msg exact match, response: 14, target: 14
2026-08-11 11:57:07.790 | DEBUG    | eval.evaluation.evaluation:metric_call:77 - metric_func_name exact_match score 1.0 msg exact match, response: 17, target: 17
2026-08-11 11:57:07.790 | DEBUG    | eval.evaluation.evaluation:metric_call:77 - metric_func_name exact_match score 1.0 msg exact match, response: 30, target: 30
2026-08-11 11:57:07.790 | DEBUG    | eval.evaluation.evaluation:metric_call:77 - metric_func_name exact_match score 1.0 msg exact match, response: 49, target: 49
2026-08-11 11:57:07.790 | DEBUG    | eval.evaluation.evaluation:metric_call:77 - metric_func_name exact_match score 1.0 msg exact match, response: 47, target: 47
2026-08-11 11:57:07.790 | DEBUG    | eval.evaluation.evaluation:metric_call:77 - metric_func_name exact_match score 1.0 msg exact match, response: 103, target: 103
2026-08-11 11:57:07.790 | DEBUG    | eval.evaluation.evaluation:metric_call:77 - metric_func_name exact_match score 1.0 msg exact match, response: 319, target: 319
2026-08-11 11:57:07.790 | DEBUG    | eval.evaluation.evaluation:metric_call:77 - metric_func_name exact_match score 1.0 msg exact match, response: 132, target: 132
2026-08-11 11:57:07.790 | DEBUG    | eval.evaluation.evaluation:metric_call:77 - metric_func_name exact_match score 1.0 msg exact match, response: 186, target: 186
2026-08-11 11:57:07.790 | DEBUG    | eval.evaluation.evaluation:metric_call:77 - metric_func_name exact_match score 1.0 msg exact match, response: 355, target: 355
2026-08-11 11:57:07.790 | DEBUG    | eval.evaluation.evaluation:metric_call:77 - metric_func_name exact_match score 1.0 msg exact match, response: 566, target: 566
2026-08-11 11:57:07.790 | DEBUG    | eval.evaluation.evaluation:metric_call:77 - metric_func_name exact_match score 1.0 msg exact match, response: 276, target: 276
2026-08-11 11:57:07.791 | DEBUG    | eval.evaluation.evaluation:metric_call:77 - metric_func_name exact_match score 1.0 msg exact match, response: 256, target: 256
2026-08-11 11:57:07.791 | DEBUG    | eval.evaluation.evaluation:metric_call:77 - metric_func_name exact_match score 1.0 msg exact match, response: 247, target: 247
2026-08-11 11:57:07.791 | DEBUG    | eval.evaluation.evaluation:metric_call:77 - metric_func_name exact_match score 1.0 msg exact match, response: 305, target: 305
2026-08-11 11:57:07.792 | DEBUG    | eval.evaluation.evaluation:metric_call:77 - metric_func_name exact_match score 1.0 msg exact match, response: nan, target: nan
2026-08-11 11:57:07.792 | DEBUG    | eval.evaluation.evaluation:metric_call:77 - metric_func_name exact_match score 0.0 msg exact not match, response: 343, target: 339
2026-08-11 11:57:07.792 | DEBUG    | eval.evaluation.evaluation:metric_call:77 - metric_func_name exact_match score 1.0 msg exact match, response: 177, target: 177
2026-08-11 11:57:07.792 | DEBUG    | eval.evaluation.evaluation:metric_call:77 - metric_func_name exact_match score 1.0 msg exact match, response: 324, target: 324
2026-08-11 11:57:07.792 | DEBUG    | eval.evaluation.evaluation:metric_call:77 - metric_func_name exact_match score 1.0 msg exact match, response: 388, target: 388
2026-08-11 11:57:07.792 | DEBUG    | eval.evaluation.evaluation:metric_call:77 - metric_func_name exact_match score 1.0 msg exact match, response: 341, target: 341
2026-08-11 11:57:07.792 | DEBUG    | eval.evaluation.evaluation:metric_call:77 - metric_func_name exact_match score 1.0 msg exact match, response: 392, target: 392
2026-08-11 11:57:07.792 | DEBUG    | eval.evaluation.evaluation:metric_call:77 - metric_func_name exact_match score 1.0 msg exact match, response: 257, target: 257
2026-08-11 11:57:07.792 | DEBUG    | eval.evaluation.evaluation:metric_call:77 - metric_func_name exact_match score 1.0 msg exact match, response: 499, target: 499
2026-08-11 11:57:07.792 | DEBUG    | eval.evaluation.evaluation:metric_call:77 - metric_func_name exact_match score 1.0 msg exact match, response: 259, target: 259
2026-08-11 11:57:07.792 | DEBUG    | eval.evaluation.evaluation:metric_call:77 - metric_func_name exact_match score 1.0 msg exact match, response: 377, target: 377
2026-08-11 11:57:07.792 | DEBUG    | eval.evaluation.evaluation:metric_call:77 - metric_func_name exact_match score 1.0 msg exact match, response: 433, target: 433
2026-08-11 11:57:07.792 | DEBUG    | eval.evaluation.evaluation:metric_call:77 - metric_func_name exact_match score 1.0 msg exact match, response: 473, target: 473
2026-08-11 11:57:07.792 | DEBUG    | eval.evaluation.evaluation:metric_call:77 - metric_func_name exact_match score 0.0 msg exact not match, response: 448, target: 482
2026-08-11 11:57:07.792 | DEBUG    | eval.evaluation.evaluation:metric_call:77 - metric_func_name exact_match score 1.0 msg exact match, response: 491, target: 491
2026-08-11 11:57:07.792 | DEBUG    | eval.evaluation.evaluation:metric_call:77 - metric_func_name exact_match score 0.0 msg exact not match, response: 711-720, target: 504
2026-08-11 11:57:07.792 | DEBUG    | eval.evaluation.evaluation:metric_call:77 - metric_func_name exact_match score 0.0 msg exact not match, response: 618, target: nan
2026-08-11 11:57:07.792 | DEBUG    | eval.evaluation.evaluation:metric_call:77 - metric_func_name exact_match score 1.0 msg exact match, response: 519, target: 519
2026-08-11 11:57:07.792 | DEBUG    | eval.evaluation.evaluation:metric_call:77 - metric_func_name exact_match score 1.0 msg exact match, response: 504, target: 504
2026-08-11 11:57:07.792 | DEBUG    | eval.evaluation.evaluation:metric_call:77 - metric_func_name exact_match score 1.0 msg exact match, response: 504, target: 504
2026-08-11 11:57:07.792 | DEBUG    | eval.evaluation.evaluation:metric_call:77 - metric_func_name exact_match score 0.0 msg exact not match, response: 721-730, target: 791-800
2026-08-11 11:57:07.792 | DEBUG    | eval.evaluation.evaluation:metric_call:77 - metric_func_name exact_match score 0.0 msg exact not match, response: 624, target: 801-850
2026-08-11 11:57:07.792 | DEBUG    | eval.evaluation.evaluation:metric_call:77 - metric_func_name exact_match score 0.0 msg exact not match, response: 851-900, target: 801-850
2026-08-11 11:57:07.792 | DEBUG    | eval.evaluation.evaluation:metric_call:77 - metric_func_name exact_match score 1.0 msg exact match, response: nan, target: nan
2026-08-11 11:57:07.793 | DEBUG    | eval.evaluation.evaluation:evaluate_single_query:321 - wide2deep_ws_zh_089, col 2026qs世界大学排名名次, metric_func_name exact_match, score [1.0, 1.0, 1.0, 1.0, 1.0, 1.0, 1.0, 1.0, 1.0, 1.0, 1.0, 1.0, 1.0, 1.0, 1.0, 1.0, 0.0, 1.0, 1.0, 1.0, 1.0, 1.0, 1.0, 1.0, 1.0, 1.0, 1.0, 1.0, 0.0, 1.0, 0.0, 0.0, 1.0, 1.0, 1.0, 0.0, 0.0, 0.0, 1.0]
2026-08-11 11:57:07.799 | INFO     | eval.evaluation.evaluation:evaluate_single_query:380 - wide2deep_ws_zh_089, P/R/F1 by unique_columns: 1.0000/1.0000/1.0000
2026-08-11 11:57:07.799 | INFO     | eval.evaluation.evaluation:evaluate_single_query:383 - wide2deep_ws_zh_089, P/R/F1 by row: 0.7692/0.7692/0.7692
2026-08-11 11:57:07.799 | INFO     | eval.evaluation.evaluation:evaluate_single_query:386 - wide2deep_ws_zh_089, P/R/F1 by item: 0.9573/0.9573/0.9573
2026-08-11 11:57:07.803 | INFO     | eval.evaluation.evaluation:evaluate_single_query:398 - wide2deep_ws_zh_089, final table score: 0.0
{"event": "eval_done", "idx": 5, "instance_id": "wide2deep_ws_zh_089", "score": 0.0, "entity_acc": 1.0, "f1_by_row": 0.7692307692307693, "f1_by_item": 0.9572649572649573, "column_f1": 1.0, "error": null, "elapsed_seconds": 30.309, "running_n": 5}
2026-08-11 11:57:11.170 | DEBUG    | eval.evaluation.data_loader:extract_dataframe:167 - find markdown_str 
| 线路名称 | 总站数 | 总里程数 | 首次通车时间 | 运营机构 | 起点站和终点站 |
| --- | --- | - ...
2026-08-11 11:57:17.973 | INFO     | eval.evaluation.metric_utils:primary_key_preprocess:246 - primary_key_preprocess result: ```json
{
  "北京地铁1号线": "1号线(或八通线)",
  "北京地铁2号线": "2号线",
  "北京地铁3号线": "3号线",
  "北京地铁4号线": "4号线（大兴线）",
  "北京地铁5号线": "5号线",
  "北京地铁6号线": "6号线",
  "北京地铁7号线": "7号线",
  "北京地铁8号线": "8号线",
  "北京地铁9号线": "9号线",
  "北京地铁10号线": "10号线",
  "北京地铁11号线": "11号线",
  "北京地铁12号线": "12号线",
  "北京地铁13号线": "13号线",
  "北京地铁14号线": "14号线",
  "北京地铁15号线": "15号线",
  "北京地铁16号线": "16号线",
  "北京地铁17号线": "17号线",
  "北京地铁19号线": "19号线",
  "北京地铁八通线": "1号线(或八通线)",
  "北京地铁大兴线": "4号线（大兴线）",
  "北京地铁亦庄线": "亦庄线",
  "北京地铁房山线": "房山线",
  "北京地铁昌平线": "昌平线",
  "北京地铁燕房线": "燕房线",
  "北京地铁S1线": "S1线",
  "北京地铁首都机场线": "首都机场线",
  "北京大兴国际机场线": "大兴机场线",
  "北京地铁西郊线": "现代有轨电车西郊线",
  "北京亦庄新城现代有轨电车T1线": "亦庄新城现代有轨电车T1线"
}
```
2026-08-11 11:57:17.973 | INFO     | eval.evaluation.evaluation:evaluate_single_query:223 - col: 线路名称, primary_key_map {'北京地铁1号线': '1号线(或八通线)', '北京地铁2号线': '2号线', '北京地铁3号线': '3号线', '北京地铁4号线': '4号线（大兴线）', '北京地铁5号线': '5号线', '北京地铁6号线': '6号线', '北京地铁7号线': '7号线', '北京地铁8号线': '8号线', '北京地铁9号线': '9号线', '北京地铁10号线': '10号线', '北京地铁11号线': '11号线', '北京地铁12号线': '12号线', '北京地铁13号线': '13号线', '北京地铁14号线': '14号线', '北京地铁15号线': '15号线', '北京地铁16号线': '16号线', '北京地铁17号线': '17号线', '北京地铁19号线': '19号线', '北京地铁八通线': '1号线(或八通线)', '北京地铁大兴线': '4号线（大兴线）', '北京地铁亦庄线': '亦庄线', '北京地铁房山线': '房山线', '北京地铁昌平线': '昌平线', '北京地铁燕房线': '燕房线', '北京地铁S1线': 'S1线', '北京地铁首都机场线': '首都机场线', '北京大兴国际机场线': '大兴机场线', '北京地铁西郊线': '现代有轨电车西郊线', '北京亦庄新城现代有轨电车T1线': '亦庄新城现代有轨电车T1线'}
2026-08-11 11:57:17.980 | INFO     | eval.evaluation.evaluation:evaluate_single_query:275 - wide2deep_ws_zh_090, df_inner shape: (29, 12), answer_df shape: (27, 6), response_df shape: (29, 7)
2026-08-11 11:57:17.981 | DEBUG    | eval.evaluation.evaluation:metric_call:77 - metric_func_name exact_match score 0.0 msg exact not match, response: 23座, target: 34
2026-08-11 11:57:17.981 | DEBUG    | eval.evaluation.evaluation:metric_call:77 - metric_func_name exact_match score 0.0 msg exact not match, response: 13座, target: 34
2026-08-11 11:57:17.981 | DEBUG    | eval.evaluation.evaluation:metric_call:77 - metric_func_name exact_match score 0.0 msg exact not match, response: 18座, target: 18
2026-08-11 11:57:17.981 | DEBUG    | eval.evaluation.evaluation:metric_call:77 - metric_func_name exact_match score 0.0 msg exact not match, response: 10座, target: 10
2026-08-11 11:57:17.981 | DEBUG    | eval.evaluation.evaluation:metric_call:77 - metric_func_name exact_match score 0.0 msg exact not match, response: 24座, target: 35
2026-08-11 11:57:17.981 | DEBUG    | eval.evaluation.evaluation:metric_call:77 - metric_func_name exact_match score 0.0 msg exact not match, response: 11座, target: 35
2026-08-11 11:57:17.981 | DEBUG    | eval.evaluation.evaluation:metric_call:77 - metric_func_name exact_match score 0.0 msg exact not match, response: 23座, target: 23
2026-08-11 11:57:17.981 | DEBUG    | eval.evaluation.evaluation:metric_call:77 - metric_func_name exact_match score 0.0 msg exact not match, response: 34座, target: 34
2026-08-11 11:57:17.981 | DEBUG    | eval.evaluation.evaluation:metric_call:77 - metric_func_name exact_match score 0.0 msg exact not match, response: 30座, target: 30
2026-08-11 11:57:17.981 | DEBUG    | eval.evaluation.evaluation:metric_call:77 - metric_func_name exact_match score 0.0 msg exact not match, response: 35座, target: 34
2026-08-11 11:57:17.981 | DEBUG    | eval.evaluation.evaluation:metric_call:77 - metric_func_name exact_match score 0.0 msg exact not match, response: 13座, target: 13
2026-08-11 11:57:17.981 | DEBUG    | eval.evaluation.evaluation:metric_call:77 - metric_func_name exact_match score 0.0 msg exact not match, response: 45座, target: 45
2026-08-11 11:57:17.981 | DEBUG    | eval.evaluation.evaluation:metric_call:77 - metric_func_name exact_match score 0.0 msg exact not match, response: 4座, target: 4
2026-08-11 11:57:17.981 | DEBUG    | eval.evaluation.evaluation:metric_call:77 - metric_func_name exact_match score 0.0 msg exact not match, response: 20座, target: 20
2026-08-11 11:57:17.981 | DEBUG    | eval.evaluation.evaluation:metric_call:77 - metric_func_name exact_match score 0.0 msg exact not match, response: 17座, target: 17
2026-08-11 11:57:17.981 | DEBUG    | eval.evaluation.evaluation:metric_call:77 - metric_func_name exact_match score 0.0 msg exact not match, response: 33座, target: 33
2026-08-11 11:57:17.981 | DEBUG    | eval.evaluation.evaluation:metric_call:77 - metric_func_name exact_match score 0.0 msg exact not match, response: 20座, target: 20
2026-08-11 11:57:17.981 | DEBUG    | eval.evaluation.evaluation:metric_call:77 - metric_func_name exact_match score 0.0 msg exact not match, response: 30座, target: 30
2026-08-11 11:57:17.981 | DEBUG    | eval.evaluation.evaluation:metric_call:77 - metric_func_name exact_match score 0.0 msg exact not match, response: 10座, target: 16
2026-08-11 11:57:17.981 | DEBUG    | eval.evaluation.evaluation:metric_call:77 - metric_func_name exact_match score 0.0 msg exact not match, response: 10座, target: 10
2026-08-11 11:57:17.981 | DEBUG    | eval.evaluation.evaluation:metric_call:77 - metric_func_name exact_match score 0.0 msg exact not match, response: 16座, target: 16
2026-08-11 11:57:17.982 | DEBUG    | eval.evaluation.evaluation:metric_call:77 - metric_func_name exact_match score 0.0 msg exact not match, response: 9座, target: 9
2026-08-11 11:57:17.982 | DEBUG    | eval.evaluation.evaluation:metric_call:77 - metric_func_name exact_match score 0.0 msg exact not match, response: 20座, target: 20
2026-08-11 11:57:17.982 | DEBUG    | eval.evaluation.evaluation:metric_call:77 - metric_func_name exact_match score 0.0 msg exact not match, response: 14座, target: 14
2026-08-11 11:57:17.982 | DEBUG    | eval.evaluation.evaluation:metric_call:77 - metric_func_name exact_match score 0.0 msg exact not match, response: 8座, target: 8
2026-08-11 11:57:17.982 | DEBUG    | eval.evaluation.evaluation:metric_call:77 - metric_func_name exact_match score 0.0 msg exact not match, response: 5座, target: 5
2026-08-11 11:57:17.982 | DEBUG    | eval.evaluation.evaluation:metric_call:77 - metric_func_name exact_match score 0.0 msg exact not match, response: 6座, target: 6
2026-08-11 11:57:17.982 | DEBUG    | eval.evaluation.evaluation:metric_call:77 - metric_func_name exact_match score 0.0 msg exact not match, response: 3座, target: 3
2026-08-11 11:57:17.982 | DEBUG    | eval.evaluation.evaluation:metric_call:77 - metric_func_name exact_match score 0.0 msg exact not match, response: 14座, target: 14
2026-08-11 11:57:17.982 | DEBUG    | eval.evaluation.evaluation:evaluate_single_query:321 - wide2deep_ws_zh_090, col 总站数, metric_func_name exact_match, score [0.0, 0.0, 0.0, 0.0, 0.0, 0.0, 0.0, 0.0, 0.0, 0.0, 0.0, 0.0, 0.0, 0.0, 0.0, 0.0, 0.0, 0.0, 0.0, 0.0, 0.0, 0.0, 0.0, 0.0, 0.0, 0.0, 0.0, 0.0, 0.0]
2026-08-11 11:57:17.983 | DEBUG    | eval.evaluation.evaluation:metric_call:77 - metric_func_name number_near score 0.0 msg number not near, response: 31.0, target: 52.7
2026-08-11 11:57:17.983 | DEBUG    | eval.evaluation.evaluation:metric_call:77 - metric_func_name number_near score 0.0 msg number not near, response: 23.4, target: 52.7
2026-08-11 11:57:17.983 | DEBUG    | eval.evaluation.evaluation:metric_call:77 - metric_func_name number_near score 1.0 msg number near in range 5.0%, response: 23.1, target: 23.1
2026-08-11 11:57:17.983 | DEBUG    | eval.evaluation.evaluation:metric_call:77 - metric_func_name number_near score 0.0 msg number not near, response: 15.7, target: 14.7
2026-08-11 11:57:17.983 | DEBUG    | eval.evaluation.evaluation:metric_call:77 - metric_func_name number_near score 0.0 msg number not near, response: 28.2, target: 50.0
2026-08-11 11:57:17.983 | DEBUG    | eval.evaluation.evaluation:metric_call:77 - metric_func_name number_near score 0.0 msg number not near, response: 21.8, target: 50.0
2026-08-11 11:57:17.983 | DEBUG    | eval.evaluation.evaluation:metric_call:77 - metric_func_name number_near score 1.0 msg number near in range 5.0%, response: 27.6, target: 27.5
2026-08-11 11:57:17.983 | DEBUG    | eval.evaluation.evaluation:metric_call:77 - metric_func_name number_near score 1.0 msg number near in range 5.0%, response: 52.9, target: 52.9
2026-08-11 11:57:17.983 | DEBUG    | eval.evaluation.evaluation:metric_call:77 - metric_func_name number_near score 1.0 msg number near in range 5.0%, response: 40.3, target: 40.3
2026-08-11 11:57:17.983 | DEBUG    | eval.evaluation.evaluation:metric_call:77 - metric_func_name number_near score 1.0 msg number near in range 5.0%, response: 49.5, target: 51.6
2026-08-11 11:57:17.983 | DEBUG    | eval.evaluation.evaluation:metric_call:77 - metric_func_name number_near score 1.0 msg number near in range 5.0%, response: 16.5, target: 16.5
2026-08-11 11:57:17.983 | DEBUG    | eval.evaluation.evaluation:metric_call:77 - metric_func_name number_near score 1.0 msg number near in range 5.0%, response: 57.1, target: 57.1
2026-08-11 11:57:17.983 | DEBUG    | eval.evaluation.evaluation:metric_call:77 - metric_func_name number_near score 0.0 msg number not near, response: 4.2, target: 3.9
2026-08-11 11:57:17.983 | DEBUG    | eval.evaluation.evaluation:metric_call:77 - metric_func_name number_near score 1.0 msg number near in range 5.0%, response: 27.5, target: 27.5
2026-08-11 11:57:17.983 | DEBUG    | eval.evaluation.evaluation:metric_call:77 - metric_func_name number_near score 1.0 msg number near in range 5.0%, response: 40.9, target: 40.5
2026-08-11 11:57:17.983 | DEBUG    | eval.evaluation.evaluation:metric_call:77 - metric_func_name number_near score 0.0 msg number not near, response: 47.3, target: 50.8
2026-08-11 11:57:17.983 | DEBUG    | eval.evaluation.evaluation:metric_call:77 - metric_func_name number_near score 1.0 msg number near in range 5.0%, response: 41.4, target: 41.4
2026-08-11 11:57:17.983 | DEBUG    | eval.evaluation.evaluation:metric_call:77 - metric_func_name number_near score 1.0 msg number near in range 5.0%, response: 49.8, target: 48.9
2026-08-11 11:57:17.983 | DEBUG    | eval.evaluation.evaluation:metric_call:77 - metric_func_name number_near score 0.0 msg number not near, response: 16.5, target: 49.7
2026-08-11 11:57:17.983 | DEBUG    | eval.evaluation.evaluation:metric_call:77 - metric_func_name number_near score 0.0 msg number not near, response: 22.4, target: 20.9
2026-08-11 11:57:17.983 | DEBUG    | eval.evaluation.evaluation:metric_call:77 - metric_func_name number_near score 1.0 msg number near in range 5.0%, response: 31.8, target: 31.8
2026-08-11 11:57:17.983 | DEBUG    | eval.evaluation.evaluation:metric_call:77 - metric_func_name number_near score 1.0 msg number near in range 5.0%, response: 14.4, target: 14.4
2026-08-11 11:57:17.983 | DEBUG    | eval.evaluation.evaluation:metric_call:77 - metric_func_name number_near score 1.0 msg number near in range 5.0%, response: 43.2, target: 43.8
2026-08-11 11:57:17.984 | DEBUG    | eval.evaluation.evaluation:metric_call:77 - metric_func_name number_near score 1.0 msg number near in range 5.0%, response: 23.2, target: 23.3
2026-08-11 11:57:17.984 | DEBUG    | eval.evaluation.evaluation:metric_call:77 - metric_func_name number_near score 1.0 msg number near in range 5.0%, response: 10.2, target: 10.2
2026-08-11 11:57:17.984 | DEBUG    | eval.evaluation.evaluation:metric_call:77 - metric_func_name number_near score 1.0 msg number near in range 5.0%, response: 30.0, target: 29.8
2026-08-11 11:57:17.984 | DEBUG    | eval.evaluation.evaluation:metric_call:77 - metric_func_name number_near score 1.0 msg number near in range 5.0%, response: 8.8, target: 8.8
2026-08-11 11:57:17.984 | DEBUG    | eval.evaluation.evaluation:metric_call:77 - metric_func_name number_near score 1.0 msg number near in range 5.0%, response: 41.4, target: 41.36
2026-08-11 11:57:17.984 | DEBUG    | eval.evaluation.evaluation:metric_call:77 - metric_func_name number_near score 1.0 msg number near in range 5.0%, response: 13.3, target: 13.25
2026-08-11 11:57:17.984 | DEBUG    | eval.evaluation.evaluation:evaluate_single_query:321 - wide2deep_ws_zh_090, col 总里程数, metric_func_name number_near, score [0.0, 0.0, 1.0, 0.0, 0.0, 0.0, 1.0, 1.0, 1.0, 1.0, 1.0, 1.0, 0.0, 1.0, 1.0, 0.0, 1.0, 1.0, 0.0, 0.0, 1.0, 1.0, 1.0, 1.0, 1.0, 1.0, 1.0, 1.0, 1.0]
2026-08-11 11:57:22.245 | DEBUG    | eval.evaluation.evaluation:evaluate_single_query:321 - wide2deep_ws_zh_090, col 首次通车时间, metric_func_name llm_judge, score [0, 0, 0, 1, 1, 0, 1, 1, 1, 1, 1, 1, 1, 1, 1, 1, 1, 1, 1, 1, 1, 1, 1, 1, 1, 1, 1, 1, 1]
2026-08-11 11:57:30.790 | DEBUG    | eval.evaluation.evaluation:evaluate_single_query:321 - wide2deep_ws_zh_090, col 运营机构, metric_func_name llm_judge, score [0, 0, 0, 0, 1, 1, 0, 0, 1, 1, 0, 0, 0, 1, 1, 1, 0, 1, 1, 1, 0, 1, 0, 0, 1, 0, 0, 1, 0]
2026-08-11 11:57:30.791 | DEBUG    | eval.evaluation.evaluation:metric_call:77 - metric_func_name exact_match score 0.0 msg exact not match, response: 苹果园站—四惠东站（截至2025年6月30日，苹果园站暂停运营；与八通线贯通运营）, target: 古城站、环球度假区站
2026-08-11 11:57:30.791 | DEBUG    | eval.evaluation.evaluation:metric_call:77 - metric_func_name exact_match score 0.0 msg exact not match, response: 四惠站—环球度假区站（与1号线贯通运营）, target: 古城站、环球度假区站
2026-08-11 11:57:30.791 | DEBUG    | eval.evaluation.evaluation:metric_call:77 - metric_func_name exact_match score 0.0 msg exact not match, response: 西直门站—西直门站（环线）, target: 西直门站、西直门站
2026-08-11 11:57:30.791 | DEBUG    | eval.evaluation.evaluation:metric_call:77 - metric_func_name exact_match score 0.0 msg exact not match, response: 东四十条站—东坝北站, target: 东四十条站、东坝北站
2026-08-11 11:57:30.791 | DEBUG    | eval.evaluation.evaluation:metric_call:77 - metric_func_name exact_match score 0.0 msg exact not match, response: 安河桥北站—公益西桥站（与大兴线贯通运营）, target: 天宫院站、安河桥北站
2026-08-11 11:57:30.791 | DEBUG    | eval.evaluation.evaluation:metric_call:77 - metric_func_name exact_match score 0.0 msg exact not match, response: 公益西桥站—天宫院站（与4号线贯通运营）, target: 天宫院站、安河桥北站
2026-08-11 11:57:30.791 | DEBUG    | eval.evaluation.evaluation:metric_call:77 - metric_func_name exact_match score 0.0 msg exact not match, response: 天通苑北站—宋家庄站, target: 宋家庄站、天通苑北站
2026-08-11 11:57:30.791 | DEBUG    | eval.evaluation.evaluation:metric_call:77 - metric_func_name exact_match score 0.0 msg exact not match, response: 金安桥站—潞城站, target: 金安桥站、潞城站
2026-08-11 11:57:30.791 | DEBUG    | eval.evaluation.evaluation:metric_call:77 - metric_func_name exact_match score 0.0 msg exact not match, response: 北京西站—环球度假区站, target: 北京西站、环球度假区站
2026-08-11 11:57:30.791 | DEBUG    | eval.evaluation.evaluation:metric_call:77 - metric_func_name exact_match score 0.0 msg exact not match, response: 朱辛庄站—瀛海站, target: 朱辛庄站、瀛海站
2026-08-11 11:57:30.791 | DEBUG    | eval.evaluation.evaluation:metric_call:77 - metric_func_name exact_match score 0.0 msg exact not match, response: 国家图书馆站—郭公庄站, target: 郭公庄站、国家图书馆站
2026-08-11 11:57:30.791 | DEBUG    | eval.evaluation.evaluation:metric_call:77 - metric_func_name exact_match score 0.0 msg exact not match, response: 巴沟站—巴沟站（环线）, target: 巴沟站、巴沟站
2026-08-11 11:57:30.791 | DEBUG    | eval.evaluation.evaluation:metric_call:77 - metric_func_name exact_match score 0.0 msg exact not match, response: 金安桥站—新首钢站, target: 模式口站、新首钢站
2026-08-11 11:57:30.791 | DEBUG    | eval.evaluation.evaluation:metric_call:77 - metric_func_name exact_match score 0.0 msg exact not match, response: 四季青桥站—东坝北站, target: 四季青桥站、东坝北站
2026-08-11 11:57:30.791 | DEBUG    | eval.evaluation.evaluation:metric_call:77 - metric_func_name exact_match score 0.0 msg exact not match, response: 西直门站—东直门站, target: 西直门站、东直门站
2026-08-11 11:57:30.791 | DEBUG    | eval.evaluation.evaluation:metric_call:77 - metric_func_name exact_match score 0.0 msg exact not match, response: 张郭庄站—善各庄站, target: 张郭庄站、善各庄站
2026-08-11 11:57:30.791 | DEBUG    | eval.evaluation.evaluation:metric_call:77 - metric_func_name exact_match score 0.0 msg exact not match, response: 清华东路西口站—俸伯站, target: 俸伯站、清华东路西口站
2026-08-11 11:57:30.792 | DEBUG    | eval.evaluation.evaluation:metric_call:77 - metric_func_name exact_match score 0.0 msg exact not match, response: 北安河站—宛平城站, target: 北安河站、宛平城站
2026-08-11 11:57:30.792 | DEBUG    | eval.evaluation.evaluation:metric_call:77 - metric_func_name exact_match score 0.0 msg exact not match, response: 北段：未来科学城北站—工人体育场站；南段：十里河站—嘉会湖站（截至2025年6月30日两段尚未贯通）, target: 未来科学城北站、嘉会湖站
2026-08-11 11:57:30.792 | DEBUG    | eval.evaluation.evaluation:metric_call:77 - metric_func_name exact_match score 0.0 msg exact not match, response: 牡丹园站—新宫站, target: 新宫站、牡丹园站
2026-08-11 11:57:30.792 | DEBUG    | eval.evaluation.evaluation:metric_call:77 - metric_func_name exact_match score 0.0 msg exact not match, response: 东管头南站—阎村东站, target: 东管头南站、阎村东站
2026-08-11 11:57:30.792 | DEBUG    | eval.evaluation.evaluation:metric_call:77 - metric_func_name exact_match score 0.0 msg exact not match, response: 阎村东站—燕山站, target: 阎村东站、燕山站
2026-08-11 11:57:30.792 | DEBUG    | eval.evaluation.evaluation:metric_call:77 - metric_func_name exact_match score 0.0 msg exact not match, response: 西土城站—昌平西山口站, target: 昌平西山口站、蓟门桥站
2026-08-11 11:57:30.792 | DEBUG    | eval.evaluation.evaluation:metric_call:77 - metric_func_name exact_match score 0.0 msg exact not match, response: 宋家庄站—亦庄火车站, target: 宋家庄站、亦庄火车站
2026-08-11 11:57:30.792 | DEBUG    | eval.evaluation.evaluation:metric_call:77 - metric_func_name exact_match score 0.0 msg exact not match, response: 苹果园站—石厂站, target: 苹果园站、石厂站
2026-08-11 11:57:30.792 | DEBUG    | eval.evaluation.evaluation:metric_call:77 - metric_func_name exact_match score 0.0 msg exact not match, response: 北新桥站—首都机场2号航站楼站／3号航站楼站（机场支线采用环形折返运营）, target: 北新桥站、2号航站楼站
2026-08-11 11:57:30.792 | DEBUG    | eval.evaluation.evaluation:metric_call:77 - metric_func_name exact_match score 0.0 msg exact not match, response: 巴沟站—香山站, target: 巴沟站、香山站
2026-08-11 11:57:30.792 | DEBUG    | eval.evaluation.evaluation:metric_call:77 - metric_func_name exact_match score 0.0 msg exact not match, response: 草桥站—大兴机场站, target: 草桥站、大兴机场站
2026-08-11 11:57:30.792 | DEBUG    | eval.evaluation.evaluation:metric_call:77 - metric_func_name exact_match score 0.0 msg exact not match, response: 屈庄站—定海园站, target: 定海园站、屈庄站
2026-08-11 11:57:30.793 | DEBUG    | eval.evaluation.evaluation:evaluate_single_query:321 - wide2deep_ws_zh_090, col 起点站和终点站, metric_func_name exact_match, score [0.0, 0.0, 0.0, 0.0, 0.0, 0.0, 0.0, 0.0, 0.0, 0.0, 0.0, 0.0, 0.0, 0.0, 0.0, 0.0, 0.0, 0.0, 0.0, 0.0, 0.0, 0.0, 0.0, 0.0, 0.0, 0.0, 0.0, 0.0, 0.0]
2026-08-11 11:57:30.800 | INFO     | eval.evaluation.evaluation:evaluate_single_query:380 - wide2deep_ws_zh_090, P/R/F1 by unique_columns: 1.0000/1.0741/1.0357
2026-08-11 11:57:30.800 | INFO     | eval.evaluation.evaluation:evaluate_single_query:383 - wide2deep_ws_zh_090, P/R/F1 by row: 0.0000/0.0000/0.0000
2026-08-11 11:57:30.800 | INFO     | eval.evaluation.evaluation:evaluate_single_query:386 - wide2deep_ws_zh_090, P/R/F1 by item: 0.5000/0.5370/0.5179
2026-08-11 11:57:30.803 | INFO     | eval.evaluation.evaluation:evaluate_single_query:398 - wide2deep_ws_zh_090, final table score: 0.0
{"event": "eval_done", "idx": 6, "instance_id": "wide2deep_ws_zh_090", "score": null, "entity_acc": null, "f1_by_row": null, "f1_by_item": null, "column_f1": null, "error": "RuntimeError: official evaluator returned out-of-range metrics: {'column_recall': np.float64(1.0740740740740742), 'column_f1': np.float64(1.0357142857142856)}", "elapsed_seconds": 22.985, "running_n": 6}
2026-08-11 11:57:33.799 | DEBUG    | eval.evaluation.data_loader:extract_dataframe:167 - find markdown_str 
| Mission Name | Mission Type | Crew Names | Backup Crew Names  ...
2026-08-11 11:57:39.500 | INFO     | eval.evaluation.metric_utils:primary_key_preprocess:246 - primary_key_preprocess result: ```json
{
  "1961-05-05": "1961-05-05",
  "1961-07-21": "1961-07-21",
  "1962-02-20": "1962-02-20",
  "1962-05-24": "1962-05-24",
  "1962-10-03": "1962-10-03",
  "1963-05-15": "1963-05-15",
  "1965-03-23": "1965-03-23",
  "1965-06-03": "1965-06-03",
  "1965-08-21": "1965-08-21",
  "1965-12-15": "1965-12-15",
  "1965-12-04": "1965-12-04",
  "1966-03-16": "1966-03-16",
  "1966-06-03": "1966-06-03",
  "1966-07-18": "1966-07-18",
  "1966-09-12": "1966-09-12",
  "1966-11-11": "1966-11-11",
  "1968-10-11": "1968-10-11",
  "1968-12-21": "1968-12-21",
  "1969-03-03": "1969-03-03",
  "1969-05-18": "1969-05-18",
  "1969-07-16": "1969-07-16",
  "1969-11-14": "1969-11-14",
  "1970-04-11": "1970-04-11",
  "1971-01-31": "1971-01-31",
  "1971-07-26": "1971-07-26",
  "1972-04-16": "1972-04-16",
  "1972-12-07": "1972-12-07",
  "1973-05-25": "1973-05-25",
  "1973-07-28": "1973-07-28",
  "1973-11-16": "1973-11-16"
}
```
2026-08-11 11:57:39.500 | INFO     | eval.evaluation.evaluation:evaluate_single_query:223 - col: launchdate, primary_key_map {'1961-05-05': '1961-05-05', '1961-07-21': '1961-07-21', '1962-02-20': '1962-02-20', '1962-05-24': '1962-05-24', '1962-10-03': '1962-10-03', '1963-05-15': '1963-05-15', '1965-03-23': '1965-03-23', '1965-06-03': '1965-06-03', '1965-08-21': '1965-08-21', '1965-12-15': '1965-12-15', '1965-12-04': '1965-12-04', '1966-03-16': '1966-03-16', '1966-06-03': '1966-06-03', '1966-07-18': '1966-07-18', '1966-09-12': '1966-09-12', '1966-11-11': '1966-11-11', '1968-10-11': '1968-10-11', '1968-12-21': '1968-12-21', '1969-03-03': '1969-03-03', '1969-05-18': '1969-05-18', '1969-07-16': '1969-07-16', '1969-11-14': '1969-11-14', '1970-04-11': '1970-04-11', '1971-01-31': '1971-01-31', '1971-07-26': '1971-07-26', '1972-04-16': '1972-04-16', '1972-12-07': '1972-12-07', '1973-05-25': '1973-05-25', '1973-07-28': '1973-07-28', '1973-11-16': '1973-11-16'}
2026-08-11 11:57:39.509 | INFO     | eval.evaluation.evaluation:evaluate_single_query:275 - wide2deep_ws_en_007, df_inner shape: (30, 22), answer_df shape: (37, 11), response_df shape: (31, 12)
2026-08-11 11:57:44.577 | DEBUG    | eval.evaluation.evaluation:evaluate_single_query:321 - wide2deep_ws_en_007, col missionname, metric_func_name llm_judge, score [1, 1, 1, 1, 1, 1, 1, 1, 1, 1, 1, 1, 1, 1, 1, 1, 1, 1, 1, 1, 1, 1, 1, 1, 1, 1, 1, 1, 1, 1]
2026-08-11 11:58:02.191 | DEBUG    | eval.evaluation.evaluation:evaluate_single_query:321 - wide2deep_ws_en_007, col missiontype, metric_func_name llm_judge, score [1, 1, 1, 1, 1, 1, 1, 1, 1, 1, 1, 1, 1, 1, 1, 1, 1, 1, 1, 1, 1, 1, 1, 1, 1, 1, 1, 1, 1, 1]
2026-08-11 11:58:07.426 | DEBUG    | eval.evaluation.evaluation:evaluate_single_query:321 - wide2deep_ws_en_007, col crewnames, metric_func_name llm_judge, score [1, 1, 1, 1, 1, 1, 1, 1, 1, 1, 1, 1, 0, 1, 1, 1, 1, 1, 1, 1, 1, 1, 1, 1, 1, 1, 1, 1, 1, 1]
2026-08-11 11:58:17.373 | DEBUG    | eval.evaluation.evaluation:evaluate_single_query:321 - wide2deep_ws_en_007, col backupcrewnames, metric_func_name llm_judge, score [1, 1, 1, 1, 1, 1, 1, 1, 1, 1, 0, 1, 0, 0, 0, 1, 1, 1, 1, 1, 1, 1, 1, 1, 1, 1, 0, 1, 1, 1]
2026-08-11 11:58:25.426 | DEBUG    | eval.evaluation.evaluation:evaluate_single_query:321 - wide2deep_ws_en_007, col launchpad, metric_func_name llm_judge, score [1, 1, 1, 1, 1, 1, 1, 1, 1, 0, 0, 0, 0, 0, 0, 0, 1, 1, 1, 1, 1, 1, 1, 1, 1, 1, 1, 1, 1, 1]
2026-08-11 11:58:25.426 | DEBUG    | eval.evaluation.evaluation:metric_call:77 - metric_func_name exact_match score 1.0 msg exact match, response: 1961-05-05, target: 1961-05-05
2026-08-11 11:58:25.426 | DEBUG    | eval.evaluation.evaluation:metric_call:77 - metric_func_name exact_match score 1.0 msg exact match, response: 1961-07-21, target: 1961-07-21
2026-08-11 11:58:25.426 | DEBUG    | eval.evaluation.evaluation:metric_call:77 - metric_func_name exact_match score 1.0 msg exact match, response: 1962-02-20, target: 1962-02-20
2026-08-11 11:58:25.426 | DEBUG    | eval.evaluation.evaluation:metric_call:77 - metric_func_name exact_match score 1.0 msg exact match, response: 1962-05-24, target: 1962-05-24
2026-08-11 11:58:25.426 | DEBUG    | eval.evaluation.evaluation:metric_call:77 - metric_func_name exact_match score 1.0 msg exact match, response: 1962-10-03, target: 1962-10-03
2026-08-11 11:58:25.426 | DEBUG    | eval.evaluation.evaluation:metric_call:77 - metric_func_name exact_match score 0.0 msg exact not match, response: 1963-05-16, target: 1963-05-15
2026-08-11 11:58:25.426 | DEBUG    | eval.evaluation.evaluation:metric_call:77 - metric_func_name exact_match score 1.0 msg exact match, response: 1965-03-23, target: 1965-03-23
2026-08-11 11:58:25.426 | DEBUG    | eval.evaluation.evaluation:metric_call:77 - metric_func_name exact_match score 1.0 msg exact match, response: 1965-06-07, target: 1965-06-07
2026-08-11 11:58:25.426 | DEBUG    | eval.evaluation.evaluation:metric_call:77 - metric_func_name exact_match score 1.0 msg exact match, response: 1965-08-29, target: 1965-08-29
2026-08-11 11:58:25.426 | DEBUG    | eval.evaluation.evaluation:metric_call:77 - metric_func_name exact_match score 1.0 msg exact match, response: 1965-12-16, target: 1965-12-16
2026-08-11 11:58:25.427 | DEBUG    | eval.evaluation.evaluation:metric_call:77 - metric_func_name exact_match score 1.0 msg exact match, response: 1965-12-18, target: 1965-12-18
2026-08-11 11:58:25.427 | DEBUG    | eval.evaluation.evaluation:metric_call:77 - metric_func_name exact_match score 0.0 msg exact not match, response: 1966-03-17, target: 1966-03-16
2026-08-11 11:58:25.427 | DEBUG    | eval.evaluation.evaluation:metric_call:77 - metric_func_name exact_match score 1.0 msg exact match, response: 1966-06-06, target: 1966-06-06
2026-08-11 11:58:25.427 | DEBUG    | eval.evaluation.evaluation:metric_call:77 - metric_func_name exact_match score 1.0 msg exact match, response: 1966-07-21, target: 1966-07-21
2026-08-11 11:58:25.427 | DEBUG    | eval.evaluation.evaluation:metric_call:77 - metric_func_name exact_match score 1.0 msg exact match, response: 1966-09-15, target: 1966-09-15
2026-08-11 11:58:25.427 | DEBUG    | eval.evaluation.evaluation:metric_call:77 - metric_func_name exact_match score 1.0 msg exact match, response: 1966-11-15, target: 1966-11-15
2026-08-11 11:58:25.427 | DEBUG    | eval.evaluation.evaluation:metric_call:77 - metric_func_name exact_match score 1.0 msg exact match, response: 1968-10-22, target: 1968-10-22
2026-08-11 11:58:25.427 | DEBUG    | eval.evaluation.evaluation:metric_call:77 - metric_func_name exact_match score 1.0 msg exact match, response: 1968-12-27, target: 1968-12-27
2026-08-11 11:58:25.427 | DEBUG    | eval.evaluation.evaluation:metric_call:77 - metric_func_name exact_match score 1.0 msg exact match, response: 1969-03-13, target: 1969-03-13
2026-08-11 11:58:25.427 | DEBUG    | eval.evaluation.evaluation:metric_call:77 - metric_func_name exact_match score 1.0 msg exact match, response: 1969-05-26, target: 1969-05-26
2026-08-11 11:58:25.427 | DEBUG    | eval.evaluation.evaluation:metric_call:77 - metric_func_name exact_match score 1.0 msg exact match, response: 1969-07-24, target: 1969-07-24
2026-08-11 11:58:25.427 | DEBUG    | eval.evaluation.evaluation:metric_call:77 - metric_func_name exact_match score 1.0 msg exact match, response: 1969-11-24, target: 1969-11-24
2026-08-11 11:58:25.427 | DEBUG    | eval.evaluation.evaluation:metric_call:77 - metric_func_name exact_match score 1.0 msg exact match, response: 1970-04-17, target: 1970-04-17
2026-08-11 11:58:25.427 | DEBUG    | eval.evaluation.evaluation:metric_call:77 - metric_func_name exact_match score 1.0 msg exact match, response: 1971-02-09, target: 1971-02-09
2026-08-11 11:58:25.427 | DEBUG    | eval.evaluation.evaluation:metric_call:77 - metric_func_name exact_match score 1.0 msg exact match, response: 1971-08-07, target: 1971-08-07
2026-08-11 11:58:25.427 | DEBUG    | eval.evaluation.evaluation:metric_call:77 - metric_func_name exact_match score 1.0 msg exact match, response: 1972-04-27, target: 1972-04-27
2026-08-11 11:58:25.427 | DEBUG    | eval.evaluation.evaluation:metric_call:77 - metric_func_name exact_match score 1.0 msg exact match, response: 1972-12-19, target: 1972-12-19
2026-08-11 11:58:25.427 | DEBUG    | eval.evaluation.evaluation:metric_call:77 - metric_func_name exact_match score 1.0 msg exact match, response: 1973-06-22, target: 1973-06-22
2026-08-11 11:58:25.427 | DEBUG    | eval.evaluation.evaluation:metric_call:77 - metric_func_name exact_match score 1.0 msg exact match, response: 1973-09-25, target: 1973-09-25
2026-08-11 11:58:25.427 | DEBUG    | eval.evaluation.evaluation:metric_call:77 - metric_func_name exact_match score 1.0 msg exact match, response: 1974-02-08, target: 1974-02-08
2026-08-11 11:58:25.428 | DEBUG    | eval.evaluation.evaluation:evaluate_single_query:321 - wide2deep_ws_en_007, col landingdate, metric_func_name exact_match, score [1.0, 1.0, 1.0, 1.0, 1.0, 0.0, 1.0, 1.0, 1.0, 1.0, 1.0, 0.0, 1.0, 1.0, 1.0, 1.0, 1.0, 1.0, 1.0, 1.0, 1.0, 1.0, 1.0, 1.0, 1.0, 1.0, 1.0, 1.0, 1.0, 1.0]
2026-08-11 11:58:39.440 | DEBUG    | eval.evaluation.evaluation:evaluate_single_query:321 - wide2deep_ws_en_007, col landinglocation, metric_func_name llm_judge, score [0, 1, 0, 0, 0, 0, 0, 0, 1, 0, 1, 0, 1, 1, 1, 1, 0, 1, 0, 0, 1, 0, 0, 0, 0, 0, 0, 1, 1, 1]
2026-08-11 11:58:45.686 | DEBUG    | eval.evaluation.evaluation:evaluate_single_query:321 - wide2deep_ws_en_007, col vehicle, metric_func_name llm_judge, score [1, 1, 1, 1, 1, 1, 1, 1, 1, 1, 1, 1, 1, 1, 1, 1, 1, 1, 1, 1, 1, 1, 1, 1, 1, 1, 1, 1, 1, 1]
2026-08-11 11:58:51.842 | DEBUG    | eval.evaluation.evaluation:evaluate_single_query:321 - wide2deep_ws_en_007, col orbitduration, metric_func_name llm_judge, score [0, 1, 1, 1, 1, 1, 1, 1, 1, 1, 1, 1, 1, 1, 1, 1, 1, 1, 1, 1, 1, 1, 1, 0, 0, 0, 0, 1, 1, 1]
2026-08-11 11:58:55.340 | DEBUG    | eval.evaluation.evaluation:evaluate_single_query:321 - wide2deep_ws_en_007, col missionstatus, metric_func_name llm_judge, score [1, 1, 1, 1, 1, 1, 1, 1, 1, 1, 1, 1, 0, 1, 1, 1, 1, 1, 1, 1, 1, 1, 1, 1, 1, 1, 1, 1, 1, 1]
2026-08-11 11:58:55.349 | INFO     | eval.evaluation.evaluation:evaluate_single_query:380 - wide2deep_ws_en_007, P/R/F1 by unique_columns: 0.9677/0.8108/0.8824
2026-08-11 11:58:55.349 | INFO     | eval.evaluation.evaluation:evaluate_single_query:383 - wide2deep_ws_en_007, P/R/F1 by row: 0.2258/0.1892/0.2059
2026-08-11 11:58:55.349 | INFO     | eval.evaluation.evaluation:evaluate_single_query:386 - wide2deep_ws_en_007, P/R/F1 by item: 0.8534/0.7150/0.7781
2026-08-11 11:58:55.352 | INFO     | eval.evaluation.evaluation:evaluate_single_query:398 - wide2deep_ws_en_007, final table score: 0.0
{"event": "eval_done", "idx": 7, "instance_id": "wide2deep_ws_en_007", "score": 0.0, "entity_acc": 1.0, "f1_by_row": 0.2058823529411765, "f1_by_item": 0.7780748663101604, "column_f1": 0.8823529411764706, "error": null, "elapsed_seconds": 84.531, "running_n": 7}
SUMMARY {"n": 7, "valid_n": 6, "errors": 1, "complete": false, "judge_calls_current_process": 33, "score": 0.0, "entity_acc": 0.8333333333333334, "precision_by_row": 0.17695064791838985, "recall_by_row": 0.16195888195888197, "f1_by_row": 0.166222557399028, "precision_by_item": 0.4811668379410315, "recall_by_item": 0.30952180321364614, "f1_by_item": 0.34134377604965843, "column_precision": 0.5703812316715543, "column_recall": 0.34268800522576953, "column_f1": 0.3830173094878977}
