INFO: Pandarallel will run on 8 workers.
INFO: Pandarallel will use Memory file system to transfer data between the main process and workers.
{"event": "eval_start", "selected": 6, "resume_committed": 0, "committed_errors": 0, "crash_only_resume": false}
2026-08-11 11:55:36.624 | DEBUG    | eval.evaluation.data_loader:extract_dataframe:167 - find markdown_str 
| 博物馆名称 | 地址 | 开放时间 |
| --- | --- | --- |
| 中国国家博物馆 | 北京市东城区东长安 ...
2026-08-11 11:55:52.050 | INFO     | eval.evaluation.metric_utils:primary_key_preprocess:246 - primary_key_preprocess result: ```json
{
  "中国国家博物馆": "中国国家博物馆",
  "北京鲁迅博物馆（北京新文化运动纪念馆）": "北京鲁迅博物馆（北京新文化运动纪念馆）",
  "中国美术馆": "中国美术馆",
  "民族文化宫博物馆": "民族文化宫博物馆",
  "中国农业博物馆": "中国农业博物馆",
  "中国人民抗日战争纪念馆": "中国人民抗日战争纪念馆",
  "中国人民革命军事博物馆": "中国人民革命军事博物馆",
  "中国航空博物馆": "中国航空博物馆",
  "国家自然博物馆": "北京自然博物馆",
  "首都博物馆": "首都博物馆",
  "焦庄户地道战遗址纪念馆": "焦庄户地道战遗址纪念馆",
  "徐悲鸿纪念馆": "徐悲鸿纪念馆",
  "李大钊烈士陵园": "李大钊烈士陵园",
  "北京考古遗址博物馆（大葆台遗址馆区）": "北京市大葆台西汉墓博物馆",
  "北京考古遗址博物馆（金中都水关遗址馆区）": "北京辽金城垣博物馆",
  "老舍纪念馆": "老舍纪念馆",
  "北京南海子麋鹿苑博物馆": "北京南海子麋鹿苑博物馆",
  "卢沟桥历史博物馆": "卢沟桥历史博物馆",
  "平北抗日战争纪念馆": "平北抗日战争纪念馆",
  "冀热察挺进军司令部旧址陈列馆": "冀热察挺进军司令部旧址陈列馆",
  "曹雪芹纪念馆": "曹雪芹纪念馆",
  "香山双清别墅": "双清别墅",
  "中国电信博物馆": "北京通信电信博物馆",
  "老甲艺术馆": "老甲艺术馆"
}
```
2026-08-11 11:55:52.050 | INFO     | eval.evaluation.evaluation:evaluate_single_query:223 - col: 博物馆名称, primary_key_map {'中国国家博物馆': '中国国家博物馆', '北京鲁迅博物馆（北京新文化运动纪念馆）': '北京鲁迅博物馆（北京新文化运动纪念馆）', '中国美术馆': '中国美术馆', '民族文化宫博物馆': '民族文化宫博物馆', '中国农业博物馆': '中国农业博物馆', '中国人民抗日战争纪念馆': '中国人民抗日战争纪念馆', '中国人民革命军事博物馆': '中国人民革命军事博物馆', '中国航空博物馆': '中国航空博物馆', '国家自然博物馆': '北京自然博物馆', '首都博物馆': '首都博物馆', '焦庄户地道战遗址纪念馆': '焦庄户地道战遗址纪念馆', '徐悲鸿纪念馆': '徐悲鸿纪念馆', '李大钊烈士陵园': '李大钊烈士陵园', '北京考古遗址博物馆（大葆台遗址馆区）': '北京市大葆台西汉墓博物馆', '北京考古遗址博物馆（金中都水关遗址馆区）': '北京辽金城垣博物馆', '老舍纪念馆': '老舍纪念馆', '北京南海子麋鹿苑博物馆': '北京南海子麋鹿苑博物馆', '卢沟桥历史博物馆': '卢沟桥历史博物馆', '平北抗日战争纪念馆': '平北抗日战争纪念馆', '冀热察挺进军司令部旧址陈列馆': '冀热察挺进军司令部旧址陈列馆', '曹雪芹纪念馆': '曹雪芹纪念馆', '香山双清别墅': '双清别墅', '中国电信博物馆': '北京通信电信博物馆', '老甲艺术馆': '老甲艺术馆'}
2026-08-11 11:55:52.057 | INFO     | eval.evaluation.evaluation:evaluate_single_query:275 - wide2deep_ws_zh_073, df_inner shape: (24, 6), answer_df shape: (84, 3), response_df shape: (29, 4)
2026-08-11 11:56:06.233 | DEBUG    | eval.evaluation.evaluation:evaluate_single_query:321 - wide2deep_ws_zh_073, col 地址, metric_func_name llm_judge, score [1, 1, 1, 0, 1, 1, 1, 1, 1, 1, 1, 1, 1, 1, 1, 1, 1, 1, 1, 1, 1, 0, 1, 1]
2026-08-11 11:56:14.906 | DEBUG    | eval.evaluation.evaluation:evaluate_single_query:321 - wide2deep_ws_zh_073, col 开放时间, metric_func_name llm_judge, score [1, 1, 0, 0, 0, 1, 0, 1, 0, 0, 0, 0, 1, 1, 0, 0, 1, 1, 0, 1, 0, 0, 1, 0]
2026-08-11 11:56:14.912 | INFO     | eval.evaluation.evaluation:evaluate_single_query:380 - wide2deep_ws_zh_073, P/R/F1 by unique_columns: 0.8276/0.2857/0.4248
2026-08-11 11:56:14.912 | INFO     | eval.evaluation.evaluation:evaluate_single_query:383 - wide2deep_ws_zh_073, P/R/F1 by row: 0.3448/0.1190/0.1770
2026-08-11 11:56:14.912 | INFO     | eval.evaluation.evaluation:evaluate_single_query:386 - wide2deep_ws_zh_073, P/R/F1 by item: 0.6437/0.2222/0.3304
2026-08-11 11:56:14.914 | INFO     | eval.evaluation.evaluation:evaluate_single_query:398 - wide2deep_ws_zh_073, final table score: 0.0
{"event": "eval_done", "idx": 1, "instance_id": "wide2deep_ws_zh_073", "score": 0.0, "entity_acc": 1.0, "f1_by_row": 0.17699115044247785, "f1_by_item": 0.3303834808259587, "column_f1": 0.4247787610619469, "error": null, "elapsed_seconds": 44.495, "running_n": 1}
{"event": "eval_done", "idx": 2, "instance_id": "wide2deep_ws_en_036", "score": 0.0, "entity_acc": 0.0, "f1_by_row": 0.0, "f1_by_item": 0.0, "column_f1": 0.0, "error": null, "elapsed_seconds": 3.17, "running_n": 2}
2026-08-11 11:56:20.902 | DEBUG    | eval.evaluation.data_loader:extract_dataframe:167 - find markdown_str 
| Country | Year | Per Capita Health Expenditure (EUR) | Life E ...
2026-08-11 11:56:23.994 | INFO     | eval.evaluation.metric_utils:primary_key_preprocess:246 - primary_key_preprocess result: ```json
{
  "Denmark": "Denmark",
  "Finland": "Finland",
  "Iceland": "Iceland",
  "Norway": "Norway",
  "Sweden": "Sweden"
}
```
2026-08-11 11:56:23.995 | INFO     | eval.evaluation.evaluation:evaluate_single_query:223 - col: country, primary_key_map {'Denmark': 'Denmark', 'Finland': 'Finland', 'Iceland': 'Iceland', 'Norway': 'Norway', 'Sweden': 'Sweden'}
2026-08-11 11:56:28.472 | INFO     | eval.evaluation.metric_utils:primary_key_preprocess:246 - primary_key_preprocess result: ```json
{
  "2020": "2020",
  "2021": "2021",
  "2022": "2022",
  "2023": "2023"
}
```
2026-08-11 11:56:28.473 | INFO     | eval.evaluation.evaluation:evaluate_single_query:223 - col: year, primary_key_map {'2020': '2020', '2021': '2021', '2022': '2022', '2023': '2023'}
2026-08-11 11:56:28.479 | INFO     | eval.evaluation.evaluation:evaluate_single_query:275 - wide2deep_ws_en_063, df_inner shape: (20, 12), answer_df shape: (20, 6), response_df shape: (20, 8)
2026-08-11 11:56:28.481 | DEBUG    | eval.evaluation.evaluation:metric_call:77 - metric_func_name number_near score 0.0 msg number not near, response: 5355.0, target: 5640.0
2026-08-11 11:56:28.481 | DEBUG    | eval.evaluation.evaluation:metric_call:77 - metric_func_name number_near score 0.0 msg number not near, response: 5786.0, target: 6447.0
2026-08-11 11:56:28.481 | DEBUG    | eval.evaluation.evaluation:metric_call:77 - metric_func_name number_near score 0.0 msg number not near, response: 6059.0, target: 5576.0
2026-08-11 11:56:28.481 | DEBUG    | eval.evaluation.evaluation:metric_call:77 - metric_func_name number_near score 0.0 msg number not near, response: 6298.0, target: 5555.0
2026-08-11 11:56:28.481 | DEBUG    | eval.evaluation.evaluation:metric_call:77 - metric_func_name number_near score 1.0 msg number near in range 5.0%, response: 3982.0, target: 4090.0
2026-08-11 11:56:28.481 | DEBUG    | eval.evaluation.evaluation:metric_call:77 - metric_func_name number_near score 1.0 msg number near in range 5.0%, response: 4410.0, target: 4544.0
2026-08-11 11:56:28.481 | DEBUG    | eval.evaluation.evaluation:metric_call:77 - metric_func_name number_near score 0.0 msg number not near, response: 4788.0, target: 4234.0
2026-08-11 11:56:28.481 | DEBUG    | eval.evaluation.evaluation:metric_call:77 - metric_func_name number_near score 0.0 msg number not convertable, response: 4936.0, target: None
2026-08-11 11:56:28.481 | DEBUG    | eval.evaluation.evaluation:metric_call:77 - metric_func_name number_near score 0.0 msg number not near, response: 4219.0, target: 4916.0
2026-08-11 11:56:28.481 | DEBUG    | eval.evaluation.evaluation:metric_call:77 - metric_func_name number_near score 0.0 msg number not near, response: 5000.0, target: 5806.0
2026-08-11 11:56:28.481 | DEBUG    | eval.evaluation.evaluation:metric_call:77 - metric_func_name number_near score 1.0 msg number near in range 5.0%, response: 5730.0, target: 5917.0
2026-08-11 11:56:28.481 | DEBUG    | eval.evaluation.evaluation:metric_call:77 - metric_func_name number_near score 0.0 msg number not near, response: 5690.0, target: 6215.0
2026-08-11 11:56:28.481 | DEBUG    | eval.evaluation.evaluation:metric_call:77 - metric_func_name number_near score 1.0 msg number near in range 5.0%, response: 6965.0, target: 6758.0
2026-08-11 11:56:28.481 | DEBUG    | eval.evaluation.evaluation:metric_call:77 - metric_func_name number_near score 1.0 msg number near in range 5.0%, response: 7614.0, target: 7914.0
2026-08-11 11:56:28.481 | DEBUG    | eval.evaluation.evaluation:metric_call:77 - metric_func_name number_near score 0.0 msg number not near, response: 8050.0, target: 8507.0
2026-08-11 11:56:28.481 | DEBUG    | eval.evaluation.evaluation:metric_call:77 - metric_func_name number_near score 0.0 msg number not convertable, response: 7790.0, target: None
2026-08-11 11:56:28.481 | DEBUG    | eval.evaluation.evaluation:metric_call:77 - metric_func_name number_near score 1.0 msg number near in range 5.0%, response: 5055.0, target: 5181.0
2026-08-11 11:56:28.481 | DEBUG    | eval.evaluation.evaluation:metric_call:77 - metric_func_name number_near score 1.0 msg number near in range 5.0%, response: 5742.0, target: 5905.0
2026-08-11 11:56:28.481 | DEBUG    | eval.evaluation.evaluation:metric_call:77 - metric_func_name number_near score 0.0 msg number not near, response: 5642.0, target: 5129.0
2026-08-11 11:56:28.481 | DEBUG    | eval.evaluation.evaluation:metric_call:77 - metric_func_name number_near score 0.0 msg number not near, response: 5590.0, target: 5310.0
2026-08-11 11:56:28.482 | DEBUG    | eval.evaluation.evaluation:evaluate_single_query:321 - wide2deep_ws_en_063, col percapitahealthexpenditure(eur), metric_func_name number_near, score [0.0, 0.0, 0.0, 0.0, 1.0, 1.0, 0.0, 0.0, 0.0, 0.0, 1.0, 0.0, 1.0, 1.0, 0.0, 0.0, 1.0, 1.0, 0.0, 0.0]
2026-08-11 11:56:28.482 | DEBUG    | eval.evaluation.evaluation:metric_call:77 - metric_func_name number_near score 1.0 msg number near in range 5.0%, response: 81.6, target: 82.0
2026-08-11 11:56:28.482 | DEBUG    | eval.evaluation.evaluation:metric_call:77 - metric_func_name number_near score 1.0 msg number near in range 5.0%, response: 81.4, target: 81.0
2026-08-11 11:56:28.482 | DEBUG    | eval.evaluation.evaluation:metric_call:77 - metric_func_name number_near score 1.0 msg number near in range 5.0%, response: 81.3, target: 81.3
2026-08-11 11:56:28.482 | DEBUG    | eval.evaluation.evaluation:metric_call:77 - metric_func_name number_near score 1.0 msg number near in range 5.0%, response: 81.9, target: 81.85
2026-08-11 11:56:28.482 | DEBUG    | eval.evaluation.evaluation:metric_call:77 - metric_func_name number_near score 1.0 msg number near in range 5.0%, response: 82.0, target: 82.0
2026-08-11 11:56:28.483 | DEBUG    | eval.evaluation.evaluation:metric_call:77 - metric_func_name number_near score 1.0 msg number near in range 5.0%, response: 81.9, target: 82.0
2026-08-11 11:56:28.483 | DEBUG    | eval.evaluation.evaluation:metric_call:77 - metric_func_name number_near score 1.0 msg number near in range 5.0%, response: 81.2, target: 81.0
2026-08-11 11:56:28.483 | DEBUG    | eval.evaluation.evaluation:metric_call:77 - metric_func_name number_near score 1.0 msg number near in range 5.0%, response: 81.7, target: 81.69
2026-08-11 11:56:28.483 | DEBUG    | eval.evaluation.evaluation:metric_call:77 - metric_func_name number_near score 1.0 msg number near in range 5.0%, response: 83.1, target: 83.0
2026-08-11 11:56:28.483 | DEBUG    | eval.evaluation.evaluation:metric_call:77 - metric_func_name number_near score 1.0 msg number near in range 5.0%, response: 83.1, target: 83.0
2026-08-11 11:56:28.483 | DEBUG    | eval.evaluation.evaluation:metric_call:77 - metric_func_name number_near score 1.0 msg number near in range 5.0%, response: 82.2, target: 82.0
2026-08-11 11:56:28.483 | DEBUG    | eval.evaluation.evaluation:metric_call:77 - metric_func_name number_near score 1.0 msg number near in range 5.0%, response: 83.0, target: 82.61
2026-08-11 11:56:28.483 | DEBUG    | eval.evaluation.evaluation:metric_call:77 - metric_func_name number_near score 1.0 msg number near in range 5.0%, response: 83.2, target: 83.0
2026-08-11 11:56:28.483 | DEBUG    | eval.evaluation.evaluation:metric_call:77 - metric_func_name number_near score 1.0 msg number near in range 5.0%, response: 83.2, target: 83.0
2026-08-11 11:56:28.483 | DEBUG    | eval.evaluation.evaluation:metric_call:77 - metric_func_name number_near score 1.0 msg number near in range 5.0%, response: 82.6, target: 82.51
2026-08-11 11:56:28.483 | DEBUG    | eval.evaluation.evaluation:metric_call:77 - metric_func_name number_near score 1.0 msg number near in range 5.0%, response: 83.1, target: 83.11
2026-08-11 11:56:28.483 | DEBUG    | eval.evaluation.evaluation:metric_call:77 - metric_func_name number_near score 1.0 msg number near in range 5.0%, response: 82.4, target: 82.0
2026-08-11 11:56:28.483 | DEBUG    | eval.evaluation.evaluation:metric_call:77 - metric_func_name number_near score 1.0 msg number near in range 5.0%, response: 83.0, target: 83.0
2026-08-11 11:56:28.483 | DEBUG    | eval.evaluation.evaluation:metric_call:77 - metric_func_name number_near score 1.0 msg number near in range 5.0%, response: 82.4, target: 83.06
2026-08-11 11:56:28.483 | DEBUG    | eval.evaluation.evaluation:metric_call:77 - metric_func_name number_near score 1.0 msg number near in range 5.0%, response: 83.1, target: 83.31
2026-08-11 11:56:28.484 | DEBUG    | eval.evaluation.evaluation:evaluate_single_query:321 - wide2deep_ws_en_063, col lifeexpectancy(years), metric_func_name number_near, score [1.0, 1.0, 1.0, 1.0, 1.0, 1.0, 1.0, 1.0, 1.0, 1.0, 1.0, 1.0, 1.0, 1.0, 1.0, 1.0, 1.0, 1.0, 1.0, 1.0]
2026-08-11 11:56:28.484 | DEBUG    | eval.evaluation.evaluation:metric_call:77 - metric_func_name number_near score 1.0 msg number near in range 5.0%, response: 9.1, target: 8.96
2026-08-11 11:56:28.484 | DEBUG    | eval.evaluation.evaluation:metric_call:77 - metric_func_name number_near score 1.0 msg number near in range 5.0%, response: 9.5, target: 9.05
2026-08-11 11:56:28.484 | DEBUG    | eval.evaluation.evaluation:metric_call:77 - metric_func_name number_near score 0.0 msg number not near, response: 9.1, target: 7.96
2026-08-11 11:56:28.484 | DEBUG    | eval.evaluation.evaluation:metric_call:77 - metric_func_name number_near score 0.0 msg number not convertable, response: 8.8, target: None
2026-08-11 11:56:28.484 | DEBUG    | eval.evaluation.evaluation:metric_call:77 - metric_func_name number_near score 1.0 msg number near in range 5.0%, response: 7.8, target: 7.83
2026-08-11 11:56:28.484 | DEBUG    | eval.evaluation.evaluation:metric_call:77 - metric_func_name number_near score 1.0 msg number near in range 5.0%, response: 8.3, target: 8.0
2026-08-11 11:56:28.484 | DEBUG    | eval.evaluation.evaluation:metric_call:77 - metric_func_name number_near score 1.0 msg number near in range 5.0%, response: 8.1, target: 7.89
2026-08-11 11:56:28.484 | DEBUG    | eval.evaluation.evaluation:metric_call:77 - metric_func_name number_near score 0.0 msg number not convertable, response: 8.2, target: None
2026-08-11 11:56:28.484 | DEBUG    | eval.evaluation.evaluation:metric_call:77 - metric_func_name number_near score 1.0 msg number near in range 5.0%, response: 8.0, target: 8.08
2026-08-11 11:56:28.484 | DEBUG    | eval.evaluation.evaluation:metric_call:77 - metric_func_name number_near score 1.0 msg number near in range 5.0%, response: 8.6, target: 8.2
2026-08-11 11:56:28.484 | DEBUG    | eval.evaluation.evaluation:metric_call:77 - metric_func_name number_near score 0.0 msg number not near, response: 8.3, target: 7.86
2026-08-11 11:56:28.484 | DEBUG    | eval.evaluation.evaluation:metric_call:77 - metric_func_name number_near score 0.0 msg number not convertable, response: 8.1, target: None
2026-08-11 11:56:28.484 | DEBUG    | eval.evaluation.evaluation:metric_call:77 - metric_func_name number_near score 1.0 msg number near in range 5.0%, response: 9.4, target: 9.82
2026-08-11 11:56:28.485 | DEBUG    | eval.evaluation.evaluation:metric_call:77 - metric_func_name number_near score 0.0 msg number not near, response: 9.9, target: 8.43
2026-08-11 11:56:28.485 | DEBUG    | eval.evaluation.evaluation:metric_call:77 - metric_func_name number_near score 0.0 msg number not near, response: 8.7, target: 6.81
2026-08-11 11:56:28.485 | DEBUG    | eval.evaluation.evaluation:metric_call:77 - metric_func_name number_near score 0.0 msg number not convertable, response: 8.2, target: None
2026-08-11 11:56:28.485 | DEBUG    | eval.evaluation.evaluation:metric_call:77 - metric_func_name number_near score 1.0 msg number near in range 5.0%, response: 9.4, target: 9.77
2026-08-11 11:56:28.485 | DEBUG    | eval.evaluation.evaluation:metric_call:77 - metric_func_name number_near score 1.0 msg number near in range 5.0%, response: 9.7, target: 9.56
2026-08-11 11:56:28.485 | DEBUG    | eval.evaluation.evaluation:metric_call:77 - metric_func_name number_near score 1.0 msg number near in range 5.0%, response: 9.0, target: 9.02
2026-08-11 11:56:28.485 | DEBUG    | eval.evaluation.evaluation:metric_call:77 - metric_func_name number_near score 0.0 msg number not convertable, response: 8.8, target: None
2026-08-11 11:56:28.485 | DEBUG    | eval.evaluation.evaluation:evaluate_single_query:321 - wide2deep_ws_en_063, col domesticgovernmenthealthexpenditure(%ofgdp), metric_func_name number_near, score [1.0, 1.0, 0.0, 0.0, 1.0, 1.0, 1.0, 0.0, 1.0, 1.0, 0.0, 0.0, 1.0, 0.0, 0.0, 0.0, 1.0, 1.0, 1.0, 0.0]
2026-08-11 11:56:28.486 | DEBUG    | eval.evaluation.evaluation:metric_call:77 - metric_func_name number_near score 1.0 msg number near in range 5.0%, response: 13.5, target: 13.38
2026-08-11 11:56:28.486 | DEBUG    | eval.evaluation.evaluation:metric_call:77 - metric_func_name number_near score 1.0 msg number near in range 5.0%, response: 12.8, target: 12.7
2026-08-11 11:56:28.486 | DEBUG    | eval.evaluation.evaluation:metric_call:77 - metric_func_name number_near score 1.0 msg number near in range 5.0%, response: 13.1, target: 13.03
2026-08-11 11:56:28.486 | DEBUG    | eval.evaluation.evaluation:metric_call:77 - metric_func_name number_near score 1.0 msg number near in range 5.0%, response: 13.3, target: 13.84
2026-08-11 11:56:28.486 | DEBUG    | eval.evaluation.evaluation:metric_call:77 - metric_func_name number_near score 1.0 msg number near in range 5.0%, response: 16.4, target: 16.47
2026-08-11 11:56:28.486 | DEBUG    | eval.evaluation.evaluation:metric_call:77 - metric_func_name number_near score 1.0 msg number near in range 5.0%, response: 15.9, target: 16.66
2026-08-11 11:56:28.486 | DEBUG    | eval.evaluation.evaluation:metric_call:77 - metric_func_name number_near score 1.0 msg number near in range 5.0%, response: 16.1, target: 16.1
2026-08-11 11:56:28.486 | DEBUG    | eval.evaluation.evaluation:metric_call:77 - metric_func_name number_near score 0.0 msg number not convertable, response: 16.4, target: None
2026-08-11 11:56:28.486 | DEBUG    | eval.evaluation.evaluation:metric_call:77 - metric_func_name number_near score 0.0 msg number not near, response: 13.8, target: 14.87
2026-08-11 11:56:28.486 | DEBUG    | eval.evaluation.evaluation:metric_call:77 - metric_func_name number_near score 0.0 msg number not near, response: 13.2, target: 14.54
2026-08-11 11:56:28.486 | DEBUG    | eval.evaluation.evaluation:metric_call:77 - metric_func_name number_near score 1.0 msg number near in range 5.0%, response: 13.6, target: 13.67
2026-08-11 11:56:28.486 | DEBUG    | eval.evaluation.evaluation:metric_call:77 - metric_func_name number_near score 1.0 msg number near in range 5.0%, response: 13.8, target: 14.38
2026-08-11 11:56:28.486 | DEBUG    | eval.evaluation.evaluation:metric_call:77 - metric_func_name number_near score 1.0 msg number near in range 5.0%, response: 13.9, target: 13.79
2026-08-11 11:56:28.486 | DEBUG    | eval.evaluation.evaluation:metric_call:77 - metric_func_name number_near score 1.0 msg number near in range 5.0%, response: 13.4, target: 13.85
2026-08-11 11:56:28.486 | DEBUG    | eval.evaluation.evaluation:metric_call:77 - metric_func_name number_near score 1.0 msg number near in range 5.0%, response: 13.8, target: 14.08
2026-08-11 11:56:28.486 | DEBUG    | eval.evaluation.evaluation:metric_call:77 - metric_func_name number_near score 0.0 msg number not convertable, response: 14.0, target: None
2026-08-11 11:56:28.486 | DEBUG    | eval.evaluation.evaluation:metric_call:77 - metric_func_name number_near score 0.0 msg number not near, response: 13.5, target: 12.83
2026-08-11 11:56:28.486 | DEBUG    | eval.evaluation.evaluation:metric_call:77 - metric_func_name number_near score 1.0 msg number near in range 5.0%, response: 13.0, target: 12.8
2026-08-11 11:56:28.486 | DEBUG    | eval.evaluation.evaluation:metric_call:77 - metric_func_name number_near score 1.0 msg number near in range 5.0%, response: 13.3, target: 12.87
2026-08-11 11:56:28.486 | DEBUG    | eval.evaluation.evaluation:metric_call:77 - metric_func_name number_near score 0.0 msg number not near, response: 13.5, target: 12.68
2026-08-11 11:56:28.487 | DEBUG    | eval.evaluation.evaluation:evaluate_single_query:321 - wide2deep_ws_en_063, col out-of-pocketexpenditure(%ofcurrenthealthexpenditure), metric_func_name number_near, score [1.0, 1.0, 1.0, 1.0, 1.0, 1.0, 1.0, 0.0, 0.0, 0.0, 1.0, 1.0, 1.0, 1.0, 1.0, 0.0, 0.0, 1.0, 1.0, 0.0]
2026-08-11 11:56:28.493 | INFO     | eval.evaluation.evaluation:evaluate_single_query:380 - wide2deep_ws_en_063, P/R/F1 by unique_columns: 1.0000/1.0000/1.0000
2026-08-11 11:56:28.493 | INFO     | eval.evaluation.evaluation:evaluate_single_query:383 - wide2deep_ws_en_063, P/R/F1 by row: 0.2000/0.2000/0.2000
2026-08-11 11:56:28.493 | INFO     | eval.evaluation.evaluation:evaluate_single_query:386 - wide2deep_ws_en_063, P/R/F1 by item: 0.7667/0.7667/0.7667
2026-08-11 11:56:28.496 | INFO     | eval.evaluation.evaluation:evaluate_single_query:398 - wide2deep_ws_en_063, final table score: 0.0
{"event": "eval_done", "idx": 3, "instance_id": "wide2deep_ws_en_063", "score": 0.0, "entity_acc": 1.0, "f1_by_row": 0.20000000000000004, "f1_by_item": 0.7666666666666667, "column_f1": 1.0, "error": null, "elapsed_seconds": 10.368, "running_n": 3}
2026-08-11 11:56:31.363 | DEBUG    | eval.evaluation.data_loader:extract_dataframe:167 - find markdown_str 
| 时间(年份) | 赛事地点 | 赛事名称 | 组别结果 |
| --- | --- | --- | --- |
| 200 ...
2026-08-11 11:56:35.258 | INFO     | eval.evaluation.metric_utils:primary_key_preprocess:246 - primary_key_preprocess result: ```json
{
  "2006": "2006",
  "2008": "2008",
  "2009": "2009",
  "2010": "2010",
  "2011": "2011",
  "2012": "2012",
  "2013": "2013",
  "2014": "2014",
  "2015": "2015",
  "2016": "2016",
  "2017": "2017",
  "2018": "2018",
  "2019": "2019",
  "2022": "2022",
  "2023": "2023",
  "2024": "2024"
}
```
2026-08-11 11:56:35.258 | INFO     | eval.evaluation.evaluation:evaluate_single_query:223 - col: 时间(年份), primary_key_map {'2006': '2006', '2008': '2008', '2009': '2009', '2010': '2010', '2011': '2011', '2012': '2012', '2013': '2013', '2014': '2014', '2015': '2015', '2016': '2016', '2017': '2017', '2018': '2018', '2019': '2019', '2022': '2022', '2023': '2023', '2024': '2024'}
2026-08-11 11:56:40.283 | INFO     | eval.evaluation.metric_utils:primary_key_preprocess:246 - primary_key_preprocess result: ```json
{
  "德国不来梅": "不莱梅",
  "中国广州": "广州",
  "奥地利林茨": "林茨",
  "俄罗斯莫斯科": "莫斯科",
  "阿联酋迪拜": "迪拜",
  "荷兰鹿特丹": "鹿特丹",
  "德国马格德堡": "马格德堡",
  "德国多特蒙德": "多特蒙德",
  "英国伦敦": "伦敦",
  "英国利物浦": "利物浦",
  "日本东京": "东京",
  "中国苏州": "苏州",
  "瑞典哈尔姆斯塔德": "哈尔姆斯塔德",
  "马来西亚吉隆坡": "吉隆坡",
  "巴西里约热内卢": "里约",
  "德国杜塞尔多夫": "杜塞尔多夫",
  "匈牙利布达佩斯": "布达佩斯",
  "中国成都": "成都",
  "韩国釜山": "釜山",
  "中国澳门": "澳门",
  "法国巴黎": "巴黎"
}
```
2026-08-11 11:56:40.284 | INFO     | eval.evaluation.evaluation:evaluate_single_query:223 - col: 赛事地点, primary_key_map {'德国不来梅': '不莱梅', '中国广州': '广州', '奥地利林茨': '林茨', '俄罗斯莫斯科': '莫斯科', '阿联酋迪拜': '迪拜', '荷兰鹿特丹': '鹿特丹', '德国马格德堡': '马格德堡', '德国多特蒙德': '多特蒙德', '英国伦敦': '伦敦', '英国利物浦': '利物浦', '日本东京': '东京', '中国苏州': '苏州', '瑞典哈尔姆斯塔德': '哈尔姆斯塔德', '马来西亚吉隆坡': '吉隆坡', '巴西里约热内卢': '里约', '德国杜塞尔多夫': '杜塞尔多夫', '匈牙利布达佩斯': '布达佩斯', '中国成都': '成都', '韩国釜山': '釜山', '中国澳门': '澳门', '法国巴黎': '巴黎'}
2026-08-11 11:56:43.141 | INFO     | eval.evaluation.metric_utils:primary_key_preprocess:246 - primary_key_preprocess result: ```json
{
  "男子团体冠军": "男团冠军",
  "男子双打冠军": "男双冠军",
  "男子单打冠军": "男单冠军",
  "混合团体冠军": "混团冠军"
}
```
2026-08-11 11:56:43.141 | INFO     | eval.evaluation.evaluation:evaluate_single_query:223 - col: 组别结果, primary_key_map {'男子团体冠军': '男团冠军', '男子双打冠军': '男双冠军', '男子单打冠军': '男单冠军', '混合团体冠军': '混团冠军'}
2026-08-11 11:56:45.982 | INFO     | eval.evaluation.metric_utils:primary_key_preprocess:246 - primary_key_preprocess result: ```json
{
  "世锦赛": "世锦赛",
  "世界杯": "世界杯",
  "奥运会": "奥运会"
}
```
2026-08-11 11:56:45.982 | INFO     | eval.evaluation.evaluation:evaluate_single_query:223 - col: 赛事名称, primary_key_map {'世锦赛': '世锦赛', '世界杯': '世界杯', '奥运会': '奥运会'}
2026-08-11 11:56:45.989 | INFO     | eval.evaluation.evaluation:evaluate_single_query:275 - wide2deep_ws_zh_009, df_inner shape: (29, 8), answer_df shape: (31, 4), response_df shape: (31, 8)
2026-08-11 11:56:45.995 | INFO     | eval.evaluation.evaluation:evaluate_single_query:380 - wide2deep_ws_zh_009, P/R/F1 by unique_columns: 0.9355/0.9355/0.9355
2026-08-11 11:56:45.995 | INFO     | eval.evaluation.evaluation:evaluate_single_query:383 - wide2deep_ws_zh_009, P/R/F1 by row: 0.9355/0.9355/0.9355
2026-08-11 11:56:45.995 | INFO     | eval.evaluation.evaluation:evaluate_single_query:386 - wide2deep_ws_zh_009, P/R/F1 by item: 0.9355/0.9355/0.9355
2026-08-11 11:56:45.998 | INFO     | eval.evaluation.evaluation:evaluate_single_query:398 - wide2deep_ws_zh_009, final table score: 0.0
{"event": "eval_done", "idx": 4, "instance_id": "wide2deep_ws_zh_009", "score": 0.0, "entity_acc": 1.0, "f1_by_row": 0.9354838709677419, "f1_by_item": 0.9354838709677419, "column_f1": 0.9354838709677419, "error": null, "elapsed_seconds": 17.485, "running_n": 4}
2026-08-11 11:56:48.437 | DEBUG    | eval.evaluation.data_loader:extract_dataframe:167 - find markdown_str 
| 年份 | 国家 | 全球排名 | 军费支出 | 当年GDP | 总统 | 国防部长 |
| --- | --- | --- ...
2026-08-11 11:56:52.307 | INFO     | eval.evaluation.metric_utils:primary_key_preprocess:246 - primary_key_preprocess result: ```json
{
  "2019年": "2019",
  "2020年": "2020",
  "2021年": "2021",
  "2022年": "2022",
  "2023年": "2023",
  "2024年": "2024"
}
```
2026-08-11 11:56:52.307 | INFO     | eval.evaluation.evaluation:evaluate_single_query:223 - col: 年份, primary_key_map {'2019年': '2019', '2020年': '2020', '2021年': '2021', '2022年': '2022', '2023年': '2023', '2024年': '2024'}
2026-08-11 11:56:54.539 | INFO     | eval.evaluation.metric_utils:primary_key_preprocess:246 - primary_key_preprocess result: ```json
{
  "美国": "美国",
  "俄罗斯": "俄罗斯",
  "德国": "德国",
  "印度": "印度",
  "日本": "日本"
}
```
2026-08-11 11:56:54.540 | INFO     | eval.evaluation.evaluation:evaluate_single_query:223 - col: 国家, primary_key_map {'美国': '美国', '俄罗斯': '俄罗斯', '德国': '德国', '印度': '印度', '日本': '日本'}
2026-08-11 11:56:54.546 | INFO     | eval.evaluation.evaluation:evaluate_single_query:275 - wide2deep_ws_zh_021, df_inner shape: (30, 14), answer_df shape: (30, 7), response_df shape: (30, 9)
2026-08-11 11:56:54.548 | DEBUG    | eval.evaluation.evaluation:metric_call:77 - metric_func_name exact_match score 0.0 msg exact not match, response: 第1名, target: 1
2026-08-11 11:56:54.548 | DEBUG    | eval.evaluation.evaluation:metric_call:77 - metric_func_name exact_match score 0.0 msg exact not match, response: 第3名, target: 3
2026-08-11 11:56:54.548 | DEBUG    | eval.evaluation.evaluation:metric_call:77 - metric_func_name exact_match score 0.0 msg exact not match, response: 第4名, target: 4
2026-08-11 11:56:54.548 | DEBUG    | eval.evaluation.evaluation:metric_call:77 - metric_func_name exact_match score 0.0 msg exact not match, response: 第5名, target: 5
2026-08-11 11:56:54.548 | DEBUG    | eval.evaluation.evaluation:metric_call:77 - metric_func_name exact_match score 0.0 msg exact not match, response: 第10名, target: 10
2026-08-11 11:56:54.548 | DEBUG    | eval.evaluation.evaluation:metric_call:77 - metric_func_name exact_match score 0.0 msg exact not match, response: 第1名, target: 1
2026-08-11 11:56:54.548 | DEBUG    | eval.evaluation.evaluation:metric_call:77 - metric_func_name exact_match score 0.0 msg exact not match, response: 第3名, target: 3
2026-08-11 11:56:54.548 | DEBUG    | eval.evaluation.evaluation:metric_call:77 - metric_func_name exact_match score 0.0 msg exact not match, response: 第7名, target: 7
2026-08-11 11:56:54.548 | DEBUG    | eval.evaluation.evaluation:metric_call:77 - metric_func_name exact_match score 0.0 msg exact not match, response: 第4名, target: 4
2026-08-11 11:56:54.548 | DEBUG    | eval.evaluation.evaluation:metric_call:77 - metric_func_name exact_match score 0.0 msg exact not match, response: 第10名, target: 10
2026-08-11 11:56:54.548 | DEBUG    | eval.evaluation.evaluation:metric_call:77 - metric_func_name exact_match score 0.0 msg exact not match, response: 第1名, target: 1
2026-08-11 11:56:54.548 | DEBUG    | eval.evaluation.evaluation:metric_call:77 - metric_func_name exact_match score 0.0 msg exact not match, response: 第3名, target: 3
2026-08-11 11:56:54.548 | DEBUG    | eval.evaluation.evaluation:metric_call:77 - metric_func_name exact_match score 0.0 msg exact not match, response: 第7名, target: 7
2026-08-11 11:56:54.548 | DEBUG    | eval.evaluation.evaluation:metric_call:77 - metric_func_name exact_match score 0.0 msg exact not match, response: 第4名, target: 4
2026-08-11 11:56:54.548 | DEBUG    | eval.evaluation.evaluation:metric_call:77 - metric_func_name exact_match score 0.0 msg exact not match, response: 第10名, target: 10
2026-08-11 11:56:54.548 | DEBUG    | eval.evaluation.evaluation:metric_call:77 - metric_func_name exact_match score 0.0 msg exact not match, response: 第1名, target: 1
2026-08-11 11:56:54.548 | DEBUG    | eval.evaluation.evaluation:metric_call:77 - metric_func_name exact_match score 0.0 msg exact not match, response: 第5名, target: 5
2026-08-11 11:56:54.548 | DEBUG    | eval.evaluation.evaluation:metric_call:77 - metric_func_name exact_match score 0.0 msg exact not match, response: 第7名, target: 7
2026-08-11 11:56:54.548 | DEBUG    | eval.evaluation.evaluation:metric_call:77 - metric_func_name exact_match score 0.0 msg exact not match, response: 第3名, target: 3
2026-08-11 11:56:54.548 | DEBUG    | eval.evaluation.evaluation:metric_call:77 - metric_func_name exact_match score 0.0 msg exact not match, response: 第9名, target: 9
2026-08-11 11:56:54.548 | DEBUG    | eval.evaluation.evaluation:metric_call:77 - metric_func_name exact_match score 0.0 msg exact not match, response: 第1名, target: 1
2026-08-11 11:56:54.548 | DEBUG    | eval.evaluation.evaluation:metric_call:77 - metric_func_name exact_match score 0.0 msg exact not match, response: 第4名, target: 4
2026-08-11 11:56:54.549 | DEBUG    | eval.evaluation.evaluation:metric_call:77 - metric_func_name exact_match score 0.0 msg exact not match, response: 第7名, target: 7
2026-08-11 11:56:54.549 | DEBUG    | eval.evaluation.evaluation:metric_call:77 - metric_func_name exact_match score 0.0 msg exact not match, response: 第3名, target: 3
2026-08-11 11:56:54.549 | DEBUG    | eval.evaluation.evaluation:metric_call:77 - metric_func_name exact_match score 0.0 msg exact not match, response: 第9名, target: 9
2026-08-11 11:56:54.549 | DEBUG    | eval.evaluation.evaluation:metric_call:77 - metric_func_name exact_match score 0.0 msg exact not match, response: 第1名, target: 1
2026-08-11 11:56:54.549 | DEBUG    | eval.evaluation.evaluation:metric_call:77 - metric_func_name exact_match score 0.0 msg exact not match, response: 第4名, target: 4
2026-08-11 11:56:54.549 | DEBUG    | eval.evaluation.evaluation:metric_call:77 - metric_func_name exact_match score 0.0 msg exact not match, response: 第7名, target: 7
2026-08-11 11:56:54.549 | DEBUG    | eval.evaluation.evaluation:metric_call:77 - metric_func_name exact_match score 0.0 msg exact not match, response: 第3名, target: 3
2026-08-11 11:56:54.549 | DEBUG    | eval.evaluation.evaluation:metric_call:77 - metric_func_name exact_match score 0.0 msg exact not match, response: 第9名, target: 9
2026-08-11 11:56:54.549 | DEBUG    | eval.evaluation.evaluation:evaluate_single_query:321 - wide2deep_ws_zh_021, col 全球排名, metric_func_name exact_match, score [0.0, 0.0, 0.0, 0.0, 0.0, 0.0, 0.0, 0.0, 0.0, 0.0, 0.0, 0.0, 0.0, 0.0, 0.0, 0.0, 0.0, 0.0, 0.0, 0.0, 0.0, 0.0, 0.0, 0.0, 0.0, 0.0, 0.0, 0.0, 0.0, 0.0]
2026-08-11 11:56:54.550 | DEBUG    | eval.evaluation.evaluation:metric_call:77 - metric_func_name number_near score 1.0 msg number near in range 10.0%, response: 9970.0, target: 9970.0
2026-08-11 11:56:54.550 | DEBUG    | eval.evaluation.evaluation:metric_call:77 - metric_func_name number_near score 1.0 msg number near in range 10.0%, response: 1490.0, target: 1490.0
2026-08-11 11:56:54.550 | DEBUG    | eval.evaluation.evaluation:metric_call:77 - metric_func_name number_near score 1.0 msg number near in range 10.0%, response: 885.0, target: 885.0
2026-08-11 11:56:54.550 | DEBUG    | eval.evaluation.evaluation:metric_call:77 - metric_func_name number_near score 1.0 msg number near in range 10.0%, response: 861.0, target: 861.0
2026-08-11 11:56:54.550 | DEBUG    | eval.evaluation.evaluation:metric_call:77 - metric_func_name number_near score 1.0 msg number near in range 10.0%, response: 553.0, target: 553.0
2026-08-11 11:56:54.550 | DEBUG    | eval.evaluation.evaluation:metric_call:77 - metric_func_name number_near score 1.0 msg number near in range 10.0%, response: 9160.0, target: 9160.0
2026-08-11 11:56:54.550 | DEBUG    | eval.evaluation.evaluation:metric_call:77 - metric_func_name number_near score 1.0 msg number near in range 10.0%, response: 1090.0, target: 1090.0
2026-08-11 11:56:54.550 | DEBUG    | eval.evaluation.evaluation:metric_call:77 - metric_func_name number_near score 1.0 msg number near in range 10.0%, response: 668.0, target: 668.0
2026-08-11 11:56:54.550 | DEBUG    | eval.evaluation.evaluation:metric_call:77 - metric_func_name number_near score 1.0 msg number near in range 10.0%, response: 836.0, target: 836.0
2026-08-11 11:56:54.550 | DEBUG    | eval.evaluation.evaluation:metric_call:77 - metric_func_name number_near score 1.0 msg number near in range 10.0%, response: 502.0, target: 502.0
2026-08-11 11:56:54.550 | DEBUG    | eval.evaluation.evaluation:metric_call:77 - metric_func_name number_near score 1.0 msg number near in range 10.0%, response: 8769.0, target: 8770.0
2026-08-11 11:56:54.550 | DEBUG    | eval.evaluation.evaluation:metric_call:77 - metric_func_name number_near score 1.0 msg number near in range 10.0%, response: 864.0, target: 864.0
2026-08-11 11:56:54.550 | DEBUG    | eval.evaluation.evaluation:metric_call:77 - metric_func_name number_near score 1.0 msg number near in range 10.0%, response: 558.0, target: 558.0
2026-08-11 11:56:54.550 | DEBUG    | eval.evaluation.evaluation:metric_call:77 - metric_func_name number_near score 1.0 msg number near in range 10.0%, response: 814.0, target: 814.0
2026-08-11 11:56:54.550 | DEBUG    | eval.evaluation.evaluation:metric_call:77 - metric_func_name number_near score 1.0 msg number near in range 10.0%, response: 460.0, target: 460.0
2026-08-11 11:56:54.550 | DEBUG    | eval.evaluation.evaluation:metric_call:77 - metric_func_name number_near score 1.0 msg number near in range 10.0%, response: 8062.0, target: 8010.0
2026-08-11 11:56:54.550 | DEBUG    | eval.evaluation.evaluation:metric_call:77 - metric_func_name number_near score 1.0 msg number near in range 10.0%, response: 659.0, target: 659.0
2026-08-11 11:56:54.550 | DEBUG    | eval.evaluation.evaluation:metric_call:77 - metric_func_name number_near score 1.0 msg number near in range 10.0%, response: 560.0, target: 560.0
2026-08-11 11:56:54.550 | DEBUG    | eval.evaluation.evaluation:metric_call:77 - metric_func_name number_near score 1.0 msg number near in range 10.0%, response: 766.0, target: 766.0
2026-08-11 11:56:54.550 | DEBUG    | eval.evaluation.evaluation:metric_call:77 - metric_func_name number_near score 1.0 msg number near in range 10.0%, response: 541.0, target: 541.0
2026-08-11 11:56:54.550 | DEBUG    | eval.evaluation.evaluation:metric_call:77 - metric_func_name number_near score 1.0 msg number near in range 10.0%, response: 7782.0, target: 7780.0
2026-08-11 11:56:54.550 | DEBUG    | eval.evaluation.evaluation:metric_call:77 - metric_func_name number_near score 1.0 msg number near in range 10.0%, response: 617.0, target: 617.0
2026-08-11 11:56:54.550 | DEBUG    | eval.evaluation.evaluation:metric_call:77 - metric_func_name number_near score 1.0 msg number near in range 10.0%, response: 528.0, target: 528.0
2026-08-11 11:56:54.551 | DEBUG    | eval.evaluation.evaluation:metric_call:77 - metric_func_name number_near score 1.0 msg number near in range 10.0%, response: 729.0, target: 729.0
2026-08-11 11:56:54.551 | DEBUG    | eval.evaluation.evaluation:metric_call:77 - metric_func_name number_near score 1.0 msg number near in range 10.0%, response: 491.0, target: 491.0
2026-08-11 11:56:54.551 | DEBUG    | eval.evaluation.evaluation:metric_call:77 - metric_func_name number_near score 1.0 msg number near in range 10.0%, response: 7340.0, target: 7320.0
2026-08-11 11:56:54.551 | DEBUG    | eval.evaluation.evaluation:metric_call:77 - metric_func_name number_near score 1.0 msg number near in range 10.0%, response: 652.0, target: 651.0
2026-08-11 11:56:54.551 | DEBUG    | eval.evaluation.evaluation:metric_call:77 - metric_func_name number_near score 1.0 msg number near in range 10.0%, response: 493.0, target: 493.0
2026-08-11 11:56:54.551 | DEBUG    | eval.evaluation.evaluation:metric_call:77 - metric_func_name number_near score 1.0 msg number near in range 10.0%, response: 715.0, target: 711.0
2026-08-11 11:56:54.551 | DEBUG    | eval.evaluation.evaluation:metric_call:77 - metric_func_name number_near score 1.0 msg number near in range 10.0%, response: 476.0, target: 476.0
2026-08-11 11:56:54.551 | DEBUG    | eval.evaluation.evaluation:evaluate_single_query:321 - wide2deep_ws_zh_021, col 军费支出, metric_func_name number_near, score [1.0, 1.0, 1.0, 1.0, 1.0, 1.0, 1.0, 1.0, 1.0, 1.0, 1.0, 1.0, 1.0, 1.0, 1.0, 1.0, 1.0, 1.0, 1.0, 1.0, 1.0, 1.0, 1.0, 1.0, 1.0, 1.0, 1.0, 1.0, 1.0, 1.0]
2026-08-11 11:56:54.551 | DEBUG    | eval.evaluation.evaluation:metric_call:77 - metric_func_name number_near score 1.0 msg number near in range 10.0%, response: 29.3, target: 29.2
2026-08-11 11:56:54.552 | DEBUG    | eval.evaluation.evaluation:metric_call:77 - metric_func_name number_near score 1.0 msg number near in range 10.0%, response: 2.19, target: 2.05
2026-08-11 11:56:54.552 | DEBUG    | eval.evaluation.evaluation:metric_call:77 - metric_func_name number_near score 1.0 msg number near in range 10.0%, response: 4.69, target: 4.65
2026-08-11 11:56:54.552 | DEBUG    | eval.evaluation.evaluation:metric_call:77 - metric_func_name number_near score 1.0 msg number near in range 10.0%, response: 3.76, target: 3.84
2026-08-11 11:56:54.552 | DEBUG    | eval.evaluation.evaluation:metric_call:77 - metric_func_name number_near score 1.0 msg number near in range 10.0%, response: 4.19, target: 4.1
2026-08-11 11:56:54.552 | DEBUG    | eval.evaluation.evaluation:metric_call:77 - metric_func_name number_near score 1.0 msg number near in range 10.0%, response: 27.81, target: 27.6
2026-08-11 11:56:54.552 | DEBUG    | eval.evaluation.evaluation:metric_call:77 - metric_func_name number_near score 1.0 msg number near in range 10.0%, response: 2.05, target: 2.02
2026-08-11 11:56:54.552 | DEBUG    | eval.evaluation.evaluation:metric_call:77 - metric_func_name number_near score 1.0 msg number near in range 10.0%, response: 4.56, target: 4.52
2026-08-11 11:56:54.552 | DEBUG    | eval.evaluation.evaluation:metric_call:77 - metric_func_name number_near score 1.0 msg number near in range 10.0%, response: 3.5, target: 3.57
2026-08-11 11:56:54.552 | DEBUG    | eval.evaluation.evaluation:metric_call:77 - metric_func_name number_near score 1.0 msg number near in range 10.0%, response: 4.38, target: 4.2
2026-08-11 11:56:54.552 | DEBUG    | eval.evaluation.evaluation:metric_call:77 - metric_func_name number_near score 1.0 msg number near in range 10.0%, response: 26.05, target: 26.02
2026-08-11 11:56:54.552 | DEBUG    | eval.evaluation.evaluation:metric_call:77 - metric_func_name number_near score 1.0 msg number near in range 10.0%, response: 2.29, target: 2.26
2026-08-11 11:56:54.552 | DEBUG    | eval.evaluation.evaluation:metric_call:77 - metric_func_name number_near score 1.0 msg number near in range 10.0%, response: 4.2, target: 4.16
2026-08-11 11:56:54.552 | DEBUG    | eval.evaluation.evaluation:metric_call:77 - metric_func_name number_near score 1.0 msg number near in range 10.0%, response: 3.25, target: 3.35
2026-08-11 11:56:54.552 | DEBUG    | eval.evaluation.evaluation:metric_call:77 - metric_func_name number_near score 1.0 msg number near in range 10.0%, response: 4.45, target: 4.26
2026-08-11 11:56:54.552 | DEBUG    | eval.evaluation.evaluation:metric_call:77 - metric_func_name number_near score 1.0 msg number near in range 10.0%, response: 23.73, target: 23.04
2026-08-11 11:56:54.552 | DEBUG    | eval.evaluation.evaluation:metric_call:77 - metric_func_name number_near score 1.0 msg number near in range 10.0%, response: 1.83, target: 1.84
2026-08-11 11:56:54.552 | DEBUG    | eval.evaluation.evaluation:metric_call:77 - metric_func_name number_near score 1.0 msg number near in range 10.0%, response: 4.36, target: 4.35
2026-08-11 11:56:54.552 | DEBUG    | eval.evaluation.evaluation:metric_call:77 - metric_func_name number_near score 1.0 msg number near in range 10.0%, response: 3.17, target: 3.16
2026-08-11 11:56:54.552 | DEBUG    | eval.evaluation.evaluation:metric_call:77 - metric_func_name number_near score 1.0 msg number near in range 10.0%, response: 5.23, target: 5.04
2026-08-11 11:56:54.552 | DEBUG    | eval.evaluation.evaluation:metric_call:77 - metric_func_name number_near score 1.0 msg number near in range 10.0%, response: 21.38, target: 20.93
2026-08-11 11:56:54.552 | DEBUG    | eval.evaluation.evaluation:metric_call:77 - metric_func_name number_near score 1.0 msg number near in range 10.0%, response: 1.49, target: 1.48
2026-08-11 11:56:54.552 | DEBUG    | eval.evaluation.evaluation:metric_call:77 - metric_func_name number_near score 1.0 msg number near in range 10.0%, response: 3.94, target: 3.94
2026-08-11 11:56:54.552 | DEBUG    | eval.evaluation.evaluation:metric_call:77 - metric_func_name number_near score 1.0 msg number near in range 10.0%, response: 2.67, target: 2.68
2026-08-11 11:56:54.552 | DEBUG    | eval.evaluation.evaluation:metric_call:77 - metric_func_name number_near score 1.0 msg number near in range 10.0%, response: 5.19, target: 5.06
2026-08-11 11:56:54.552 | DEBUG    | eval.evaluation.evaluation:metric_call:77 - metric_func_name number_near score 1.0 msg number near in range 10.0%, response: 21.54, target: 20.5
2026-08-11 11:56:54.552 | DEBUG    | eval.evaluation.evaluation:metric_call:77 - metric_func_name number_near score 1.0 msg number near in range 10.0%, response: 1.69, target: 1.65
2026-08-11 11:56:54.552 | DEBUG    | eval.evaluation.evaluation:metric_call:77 - metric_func_name number_near score 1.0 msg number near in range 10.0%, response: 3.96, target: 3.85
2026-08-11 11:56:54.552 | DEBUG    | eval.evaluation.evaluation:metric_call:77 - metric_func_name number_near score 1.0 msg number near in range 10.0%, response: 2.84, target: 2.83
2026-08-11 11:56:54.553 | DEBUG    | eval.evaluation.evaluation:metric_call:77 - metric_func_name number_near score 1.0 msg number near in range 10.0%, response: 5.25, target: 5.12
2026-08-11 11:56:54.553 | DEBUG    | eval.evaluation.evaluation:evaluate_single_query:321 - wide2deep_ws_zh_021, col 当年gdp, metric_func_name number_near, score [1.0, 1.0, 1.0, 1.0, 1.0, 1.0, 1.0, 1.0, 1.0, 1.0, 1.0, 1.0, 1.0, 1.0, 1.0, 1.0, 1.0, 1.0, 1.0, 1.0, 1.0, 1.0, 1.0, 1.0, 1.0, 1.0, 1.0, 1.0, 1.0, 1.0]
2026-08-11 11:57:00.336 | DEBUG    | eval.evaluation.evaluation:evaluate_single_query:321 - wide2deep_ws_zh_021, col 总统, metric_func_name llm_judge, score [1, 1, 1, 1, 1, 1, 1, 1, 1, 1, 1, 1, 1, 1, 1, 1, 1, 1, 1, 1, 1, 1, 1, 1, 1, 1, 1, 1, 1, 1]
2026-08-11 11:57:05.942 | DEBUG    | eval.evaluation.evaluation:evaluate_single_query:321 - wide2deep_ws_zh_021, col 国防部长, metric_func_name llm_judge, score [1, 1, 1, 1, 1, 1, 1, 1, 1, 1, 1, 1, 1, 1, 0, 1, 1, 1, 1, 1, 1, 1, 1, 1, 1, 1, 1, 0, 1, 1]
2026-08-11 11:57:05.948 | INFO     | eval.evaluation.evaluation:evaluate_single_query:380 - wide2deep_ws_zh_021, P/R/F1 by unique_columns: 1.0000/1.0000/1.0000
2026-08-11 11:57:05.948 | INFO     | eval.evaluation.evaluation:evaluate_single_query:383 - wide2deep_ws_zh_021, P/R/F1 by row: 0.0000/0.0000/0.0000
2026-08-11 11:57:05.948 | INFO     | eval.evaluation.evaluation:evaluate_single_query:386 - wide2deep_ws_zh_021, P/R/F1 by item: 0.8476/0.8476/0.8476
2026-08-11 11:57:05.952 | INFO     | eval.evaluation.evaluation:evaluate_single_query:398 - wide2deep_ws_zh_021, final table score: 0.0
{"event": "eval_done", "idx": 5, "instance_id": "wide2deep_ws_zh_021", "score": 0.0, "entity_acc": 1.0, "f1_by_row": 0.0, "f1_by_item": 0.8476190476190476, "column_f1": 1.0, "error": null, "elapsed_seconds": 19.934, "running_n": 5}
2026-08-11 11:57:08.246 | DEBUG    | eval.evaluation.data_loader:extract_dataframe:167 - find markdown_str 
| Date | Location | Meet | Event | Time | Standing | Gold | Sil ...
2026-08-11 11:57:14.527 | INFO     | eval.evaluation.metric_utils:primary_key_preprocess:246 - primary_key_preprocess result: ```json
{
  "1:54.58": "1:54.58",
  "1:54.35": "1:54.35",
  "1:56.04": "1:56.04",
  "51.10": "0:51.10",
  "4:09.09": "4:09.09",
  "4:08.26": "4:08.26",
  "1:45.32": "1:45.32",
  "1:54.04": "1:54.04",
  "1:57.14": "1:57.14",
  "51.25": "0:51.25",
  "1:45.20": "1:45.20",
  "1:56.68": "1:56.68",
  "51.65": "0:51.65",
  "1:43.86": "1:43.86",
  "1:52.09": "1:52.09",
  "1:54.98": "1:54.98",
  "50.77": "0:50.77",
  "4:03.84": "4:03.84",
  "1:42.96": "1:42.96",
  "1:52.03": "1:52.03",
  "1:54.23": "1:54.23",
  "50.58": "0:50.58",
  "1:43.22": "1:43.22",
  "1:51.51": "1:51.51",
  "49.82": "0:49.82",
  "1:44.79": "1:44.79",
  "1:53.34": "1:53.34",
  "1:54.16": "1:54.16",
  "50.71": "0:50.71",
  "1:53.01": "1:53.01",
  "1:54.27": "1:54.27",
  "51.21": "0:51.21",
  "1:53.36": "1:53.36",
  "1:54.66": "1:54.66",
  "51.14": "0:51.14"
}
```
2026-08-11 11:57:14.527 | INFO     | eval.evaluation.evaluation:evaluate_single_query:223 - col: time, primary_key_map {'1:54.58': '1:54.58', '1:54.35': '1:54.35', '1:56.04': '1:56.04', '51.10': '0:51.10', '4:09.09': '4:09.09', '4:08.26': '4:08.26', '1:45.32': '1:45.32', '1:54.04': '1:54.04', '1:57.14': '1:57.14', '51.25': '0:51.25', '1:45.20': '1:45.20', '1:56.68': '1:56.68', '51.65': '0:51.65', '1:43.86': '1:43.86', '1:52.09': '1:52.09', '1:54.98': '1:54.98', '50.77': '0:50.77', '4:03.84': '4:03.84', '1:42.96': '1:42.96', '1:52.03': '1:52.03', '1:54.23': '1:54.23', '50.58': '0:50.58', '1:43.22': '1:43.22', '1:51.51': '1:51.51', '49.82': '0:49.82', '1:44.79': '1:44.79', '1:53.34': '1:53.34', '1:54.16': '1:54.16', '50.71': '0:50.71', '1:53.01': '1:53.01', '1:54.27': '1:54.27', '51.21': '0:51.21', '1:53.36': '1:53.36', '1:54.66': '1:54.66', '51.14': '0:51.14'}
2026-08-11 11:57:14.535 | INFO     | eval.evaluation.evaluation:evaluate_single_query:275 - wide2deep_ws_en_016, df_inner shape: (35, 18), answer_df shape: (36, 9), response_df shape: (36, 10)
2026-08-11 11:57:20.059 | DEBUG    | eval.evaluation.evaluation:evaluate_single_query:321 - wide2deep_ws_en_016, col date, metric_func_name llm_judge, score [1, 1, 1, 1, 1, 1, 1, 1, 1, 1, 1, 1, 1, 1, 1, 1, 0, 1, 0, 1, 1, 1, 1, 1, 1, 1, 1, 1, 1, 1, 1, 1, 1, 1, 1]
2026-08-11 11:57:20.059 | DEBUG    | eval.evaluation.evaluation:metric_call:77 - metric_func_name exact_match score 1.0 msg exact match, response: athens,greece, target: athens,greece
2026-08-11 11:57:20.059 | DEBUG    | eval.evaluation.evaluation:metric_call:77 - metric_func_name exact_match score 1.0 msg exact match, response: athens,greece, target: athens,greece
2026-08-11 11:57:20.059 | DEBUG    | eval.evaluation.evaluation:metric_call:77 - metric_func_name exact_match score 1.0 msg exact match, response: athens,greece, target: athens,greece
2026-08-11 11:57:20.060 | DEBUG    | eval.evaluation.evaluation:metric_call:77 - metric_func_name exact_match score 1.0 msg exact match, response: athens,greece, target: athens,greece
2026-08-11 11:57:20.060 | DEBUG    | eval.evaluation.evaluation:metric_call:77 - metric_func_name exact_match score 1.0 msg exact match, response: athens,greece, target: athens,greece
2026-08-11 11:57:20.060 | DEBUG    | eval.evaluation.evaluation:metric_call:77 - metric_func_name exact_match score 1.0 msg exact match, response: beijing,china, target: beijing,china
2026-08-11 11:57:20.060 | DEBUG    | eval.evaluation.evaluation:metric_call:77 - metric_func_name exact_match score 1.0 msg exact match, response: beijing,china, target: beijing,china
2026-08-11 11:57:20.060 | DEBUG    | eval.evaluation.evaluation:metric_call:77 - metric_func_name exact_match score 1.0 msg exact match, response: beijing,china, target: beijing,china
2026-08-11 11:57:20.060 | DEBUG    | eval.evaluation.evaluation:metric_call:77 - metric_func_name exact_match score 1.0 msg exact match, response: beijing,china, target: beijing,china
2026-08-11 11:57:20.060 | DEBUG    | eval.evaluation.evaluation:metric_call:77 - metric_func_name exact_match score 1.0 msg exact match, response: beijing,china, target: beijing,china
2026-08-11 11:57:20.060 | DEBUG    | eval.evaluation.evaluation:metric_call:77 - metric_func_name exact_match score 0.0 msg exact not match, response: london,unitedkingdom, target: london,uk
2026-08-11 11:57:20.060 | DEBUG    | eval.evaluation.evaluation:metric_call:77 - metric_func_name exact_match score 0.0 msg exact not match, response: london,unitedkingdom, target: london,uk
2026-08-11 11:57:20.060 | DEBUG    | eval.evaluation.evaluation:metric_call:77 - metric_func_name exact_match score 0.0 msg exact not match, response: london,unitedkingdom, target: london,uk
2026-08-11 11:57:20.060 | DEBUG    | eval.evaluation.evaluation:metric_call:77 - metric_func_name exact_match score 1.0 msg exact match, response: riodejaneiro,brazil, target: riodejaneiro,brazil
2026-08-11 11:57:20.060 | DEBUG    | eval.evaluation.evaluation:metric_call:77 - metric_func_name exact_match score 1.0 msg exact match, response: riodejaneiro,brazil, target: riodejaneiro,brazil
2026-08-11 11:57:20.060 | DEBUG    | eval.evaluation.evaluation:metric_call:77 - metric_func_name exact_match score 1.0 msg exact match, response: riodejaneiro,brazil, target: riodejaneiro,brazil
2026-08-11 11:57:20.060 | DEBUG    | eval.evaluation.evaluation:metric_call:77 - metric_func_name exact_match score 1.0 msg exact match, response: fukuoka,japan, target: fukuoka,japan
2026-08-11 11:57:20.060 | DEBUG    | eval.evaluation.evaluation:metric_call:77 - metric_func_name exact_match score 1.0 msg exact match, response: barcelona,spain, target: barcelona,spain
2026-08-11 11:57:20.060 | DEBUG    | eval.evaluation.evaluation:metric_call:77 - metric_func_name exact_match score 1.0 msg exact match, response: barcelona,spain, target: barcelona,spain
2026-08-11 11:57:20.060 | DEBUG    | eval.evaluation.evaluation:metric_call:77 - metric_func_name exact_match score 1.0 msg exact match, response: barcelona,spain, target: barcelona,spain
2026-08-11 11:57:20.060 | DEBUG    | eval.evaluation.evaluation:metric_call:77 - metric_func_name exact_match score 1.0 msg exact match, response: barcelona,spain, target: barcelona,spain
2026-08-11 11:57:20.060 | DEBUG    | eval.evaluation.evaluation:metric_call:77 - metric_func_name exact_match score 1.0 msg exact match, response: montreal,canada, target: montreal,canada
2026-08-11 11:57:20.060 | DEBUG    | eval.evaluation.evaluation:metric_call:77 - metric_func_name exact_match score 1.0 msg exact match, response: montreal,canada, target: montreal,canada
2026-08-11 11:57:20.060 | DEBUG    | eval.evaluation.evaluation:metric_call:77 - metric_func_name exact_match score 1.0 msg exact match, response: montreal,canada, target: montreal,canada
2026-08-11 11:57:20.060 | DEBUG    | eval.evaluation.evaluation:metric_call:77 - metric_func_name exact_match score 1.0 msg exact match, response: melbourne,australia, target: melbourne,australia
2026-08-11 11:57:20.060 | DEBUG    | eval.evaluation.evaluation:metric_call:77 - metric_func_name exact_match score 1.0 msg exact match, response: melbourne,australia, target: melbourne,australia
2026-08-11 11:57:20.060 | DEBUG    | eval.evaluation.evaluation:metric_call:77 - metric_func_name exact_match score 1.0 msg exact match, response: melbourne,australia, target: melbourne,australia
2026-08-11 11:57:20.060 | DEBUG    | eval.evaluation.evaluation:metric_call:77 - metric_func_name exact_match score 1.0 msg exact match, response: melbourne,australia, target: melbourne,australia
2026-08-11 11:57:20.060 | DEBUG    | eval.evaluation.evaluation:metric_call:77 - metric_func_name exact_match score 1.0 msg exact match, response: rome,italy, target: rome,italy
2026-08-11 11:57:20.061 | DEBUG    | eval.evaluation.evaluation:metric_call:77 - metric_func_name exact_match score 1.0 msg exact match, response: rome,italy, target: rome,italy
2026-08-11 11:57:20.061 | DEBUG    | eval.evaluation.evaluation:metric_call:77 - metric_func_name exact_match score 1.0 msg exact match, response: rome,italy, target: rome,italy
2026-08-11 11:57:20.061 | DEBUG    | eval.evaluation.evaluation:metric_call:77 - metric_func_name exact_match score 1.0 msg exact match, response: shanghai,china, target: shanghai,china
2026-08-11 11:57:20.061 | DEBUG    | eval.evaluation.evaluation:metric_call:77 - metric_func_name exact_match score 1.0 msg exact match, response: shanghai,china, target: shanghai,china
2026-08-11 11:57:20.061 | DEBUG    | eval.evaluation.evaluation:metric_call:77 - metric_func_name exact_match score 1.0 msg exact match, response: shanghai,china, target: shanghai,china
2026-08-11 11:57:20.061 | DEBUG    | eval.evaluation.evaluation:metric_call:77 - metric_func_name exact_match score 1.0 msg exact match, response: shanghai,china, target: shanghai,china
2026-08-11 11:57:20.061 | DEBUG    | eval.evaluation.evaluation:evaluate_single_query:321 - wide2deep_ws_en_016, col location, metric_func_name exact_match, score [1.0, 1.0, 1.0, 1.0, 1.0, 1.0, 1.0, 1.0, 1.0, 1.0, 0.0, 0.0, 0.0, 1.0, 1.0, 1.0, 1.0, 1.0, 1.0, 1.0, 1.0, 1.0, 1.0, 1.0, 1.0, 1.0, 1.0, 1.0, 1.0, 1.0, 1.0, 1.0, 1.0, 1.0, 1.0]
2026-08-11 11:57:32.885 | DEBUG    | eval.evaluation.evaluation:evaluate_single_query:321 - wide2deep_ws_en_016, col meet, metric_func_name llm_judge, score [1, 1, 1, 1, 1, 1, 1, 1, 1, 1, 1, 1, 1, 1, 1, 1, 0, 0, 0, 0, 0, 0, 0, 0, 0, 0, 0, 0, 0, 0, 0, 0, 0, 0, 0]
2026-08-11 11:57:37.342 | DEBUG    | eval.evaluation.evaluation:evaluate_single_query:321 - wide2deep_ws_en_016, col event, metric_func_name llm_judge, score [1, 1, 1, 1, 1, 1, 1, 1, 1, 1, 1, 1, 1, 1, 1, 1, 1, 1, 1, 1, 1, 1, 1, 1, 1, 1, 1, 1, 1, 1, 1, 1, 1, 1, 1]
2026-08-11 11:57:37.343 | DEBUG    | eval.evaluation.evaluation:metric_call:77 - metric_func_name exact_match score 1.0 msg exact match, response: 1, target: 1
2026-08-11 11:57:37.343 | DEBUG    | eval.evaluation.evaluation:metric_call:77 - metric_func_name exact_match score 1.0 msg exact match, response: 3, target: 3
2026-08-11 11:57:37.343 | DEBUG    | eval.evaluation.evaluation:metric_call:77 - metric_func_name exact_match score 1.0 msg exact match, response: 1, target: 1
2026-08-11 11:57:37.343 | DEBUG    | eval.evaluation.evaluation:metric_call:77 - metric_func_name exact_match score 1.0 msg exact match, response: 1, target: 1
2026-08-11 11:57:37.343 | DEBUG    | eval.evaluation.evaluation:metric_call:77 - metric_func_name exact_match score 1.0 msg exact match, response: 1, target: 1
2026-08-11 11:57:37.343 | DEBUG    | eval.evaluation.evaluation:metric_call:77 - metric_func_name exact_match score 1.0 msg exact match, response: 1, target: 1
2026-08-11 11:57:37.343 | DEBUG    | eval.evaluation.evaluation:metric_call:77 - metric_func_name exact_match score 1.0 msg exact match, response: 1, target: 1
2026-08-11 11:57:37.343 | DEBUG    | eval.evaluation.evaluation:metric_call:77 - metric_func_name exact_match score 1.0 msg exact match, response: 1, target: 1
2026-08-11 11:57:37.343 | DEBUG    | eval.evaluation.evaluation:metric_call:77 - metric_func_name exact_match score 1.0 msg exact match, response: 1, target: 1
2026-08-11 11:57:37.343 | DEBUG    | eval.evaluation.evaluation:metric_call:77 - metric_func_name exact_match score 1.0 msg exact match, response: 1, target: 1
2026-08-11 11:57:37.343 | DEBUG    | eval.evaluation.evaluation:metric_call:77 - metric_func_name exact_match score 1.0 msg exact match, response: 2, target: 2
2026-08-11 11:57:37.343 | DEBUG    | eval.evaluation.evaluation:metric_call:77 - metric_func_name exact_match score 1.0 msg exact match, response: 1, target: 1
2026-08-11 11:57:37.343 | DEBUG    | eval.evaluation.evaluation:metric_call:77 - metric_func_name exact_match score 1.0 msg exact match, response: 1, target: 1
2026-08-11 11:57:37.343 | DEBUG    | eval.evaluation.evaluation:metric_call:77 - metric_func_name exact_match score 1.0 msg exact match, response: 1, target: 1
2026-08-11 11:57:37.343 | DEBUG    | eval.evaluation.evaluation:metric_call:77 - metric_func_name exact_match score 1.0 msg exact match, response: 1, target: 1
2026-08-11 11:57:37.343 | DEBUG    | eval.evaluation.evaluation:metric_call:77 - metric_func_name exact_match score 1.0 msg exact match, response: 2, target: 2
2026-08-11 11:57:37.343 | DEBUG    | eval.evaluation.evaluation:metric_call:77 - metric_func_name exact_match score 1.0 msg exact match, response: 1, target: 1
2026-08-11 11:57:37.343 | DEBUG    | eval.evaluation.evaluation:metric_call:77 - metric_func_name exact_match score 1.0 msg exact match, response: 1, target: 1
2026-08-11 11:57:37.343 | DEBUG    | eval.evaluation.evaluation:metric_call:77 - metric_func_name exact_match score 1.0 msg exact match, response: 1, target: 1
2026-08-11 11:57:37.344 | DEBUG    | eval.evaluation.evaluation:metric_call:77 - metric_func_name exact_match score 1.0 msg exact match, response: 2, target: 2
2026-08-11 11:57:37.344 | DEBUG    | eval.evaluation.evaluation:metric_call:77 - metric_func_name exact_match score 1.0 msg exact match, response: 1, target: 1
2026-08-11 11:57:37.344 | DEBUG    | eval.evaluation.evaluation:metric_call:77 - metric_func_name exact_match score 1.0 msg exact match, response: 1, target: 1
2026-08-11 11:57:37.344 | DEBUG    | eval.evaluation.evaluation:metric_call:77 - metric_func_name exact_match score 1.0 msg exact match, response: 1, target: 1
2026-08-11 11:57:37.344 | DEBUG    | eval.evaluation.evaluation:metric_call:77 - metric_func_name exact_match score 1.0 msg exact match, response: 2, target: 2
2026-08-11 11:57:37.344 | DEBUG    | eval.evaluation.evaluation:metric_call:77 - metric_func_name exact_match score 1.0 msg exact match, response: 1, target: 1
2026-08-11 11:57:37.344 | DEBUG    | eval.evaluation.evaluation:metric_call:77 - metric_func_name exact_match score 1.0 msg exact match, response: 1, target: 1
2026-08-11 11:57:37.344 | DEBUG    | eval.evaluation.evaluation:metric_call:77 - metric_func_name exact_match score 1.0 msg exact match, response: 1, target: 1
2026-08-11 11:57:37.344 | DEBUG    | eval.evaluation.evaluation:metric_call:77 - metric_func_name exact_match score 1.0 msg exact match, response: 1, target: 1
2026-08-11 11:57:37.344 | DEBUG    | eval.evaluation.evaluation:metric_call:77 - metric_func_name exact_match score 1.0 msg exact match, response: 2, target: 2
2026-08-11 11:57:37.344 | DEBUG    | eval.evaluation.evaluation:metric_call:77 - metric_func_name exact_match score 1.0 msg exact match, response: 1, target: 1
2026-08-11 11:57:37.344 | DEBUG    | eval.evaluation.evaluation:metric_call:77 - metric_func_name exact_match score 1.0 msg exact match, response: 1, target: 1
2026-08-11 11:57:37.344 | DEBUG    | eval.evaluation.evaluation:metric_call:77 - metric_func_name exact_match score 1.0 msg exact match, response: 2, target: 2
2026-08-11 11:57:37.344 | DEBUG    | eval.evaluation.evaluation:metric_call:77 - metric_func_name exact_match score 1.0 msg exact match, response: 1, target: 1
2026-08-11 11:57:37.344 | DEBUG    | eval.evaluation.evaluation:metric_call:77 - metric_func_name exact_match score 1.0 msg exact match, response: 2, target: 2
2026-08-11 11:57:37.344 | DEBUG    | eval.evaluation.evaluation:metric_call:77 - metric_func_name exact_match score 1.0 msg exact match, response: 1, target: 1
2026-08-11 11:57:37.345 | DEBUG    | eval.evaluation.evaluation:evaluate_single_query:321 - wide2deep_ws_en_016, col standing, metric_func_name exact_match, score [1.0, 1.0, 1.0, 1.0, 1.0, 1.0, 1.0, 1.0, 1.0, 1.0, 1.0, 1.0, 1.0, 1.0, 1.0, 1.0, 1.0, 1.0, 1.0, 1.0, 1.0, 1.0, 1.0, 1.0, 1.0, 1.0, 1.0, 1.0, 1.0, 1.0, 1.0, 1.0, 1.0, 1.0, 1.0]
2026-08-11 11:57:44.129 | DEBUG    | eval.evaluation.evaluation:evaluate_single_query:321 - wide2deep_ws_en_016, col gold, metric_func_name llm_judge, score [1, 0, 1, 1, 1, 1, 1, 1, 1, 1, 1, 1, 1, 1, 1, 1, 1, 1, 1, 1, 1, 1, 1, 1, 1, 1, 1, 1, 1, 1, 1, 1, 1, 1, 1]
2026-08-11 11:57:51.566 | DEBUG    | eval.evaluation.evaluation:evaluate_single_query:321 - wide2deep_ws_en_016, col silver, metric_func_name llm_judge, score [1, 1, 1, 1, 1, 1, 1, 1, 1, 1, 1, 1, 1, 1, 1, 1, 1, 1, 1, 1, 1, 1, 1, 1, 1, 1, 1, 1, 1, 1, 1, 1, 1, 1, 1]
2026-08-11 11:57:56.914 | DEBUG    | eval.evaluation.evaluation:evaluate_single_query:321 - wide2deep_ws_en_016, col bronze, metric_func_name llm_judge, score [1, 1, 1, 1, 1, 1, 1, 1, 1, 1, 1, 1, 1, 1, 1, 1, 1, 0, 1, 1, 1, 1, 1, 1, 1, 1, 1, 1, 1, 1, 1, 1, 1, 1, 0]
2026-08-11 11:57:56.920 | INFO     | eval.evaluation.evaluation:evaluate_single_query:380 - wide2deep_ws_en_016, P/R/F1 by unique_columns: 0.9722/0.9722/0.9722
2026-08-11 11:57:56.921 | INFO     | eval.evaluation.evaluation:evaluate_single_query:383 - wide2deep_ws_en_016, P/R/F1 by row: 0.3333/0.3333/0.3333
2026-08-11 11:57:56.921 | INFO     | eval.evaluation.evaluation:evaluate_single_query:386 - wide2deep_ws_en_016, P/R/F1 by item: 0.8889/0.8889/0.8889
2026-08-11 11:57:56.924 | INFO     | eval.evaluation.evaluation:evaluate_single_query:398 - wide2deep_ws_en_016, final table score: 0.0
{"event": "eval_done", "idx": 6, "instance_id": "wide2deep_ws_en_016", "score": 0.0, "entity_acc": 1.0, "f1_by_row": 0.3333333333333333, "f1_by_item": 0.8888888888888888, "column_f1": 0.9722222222222222, "error": null, "elapsed_seconds": 50.957, "running_n": 6}
SUMMARY {"n": 6, "valid_n": 6, "errors": 0, "complete": true, "judge_calls_current_process": 26, "score": 0.0, "entity_acc": 0.8333333333333334, "precision_by_row": 0.3022741317513286, "recall_by_row": 0.26464413722478236, "f1_by_row": 0.2743013924572589, "precision_by_item": 0.6803894391769809, "recall_by_item": 0.610146782727428, "f1_by_item": 0.6281736591613839, "column_precision": 0.7892153833477527, "column_recall": 0.6989033964840417, "column_f1": 0.7220808090419851}
