INFO: Pandarallel will run on 8 workers.
INFO: Pandarallel will use Memory file system to transfer data between the main process and workers.
{"event": "eval_start", "selected": 7, "resume_committed": 0, "committed_errors": 0, "crash_only_resume": false}
{"event": "eval_done", "idx": 1, "instance_id": "deep2wide_result_16_约瑟夫·鲁斯纳克", "score": 0.0, "entity_acc": 0.0, "f1_by_row": 0.0, "f1_by_item": 0.0, "column_f1": 0.0, "error": null, "elapsed_seconds": 3.736, "running_n": 1}
{"event": "eval_done", "idx": 2, "instance_id": "deep2wide_result_17_第七届“中国影协杯”十佳优秀电影剧本", "score": 0.0, "entity_acc": 0.0, "f1_by_row": 0.0, "f1_by_item": 0.0, "column_f1": 0.0, "error": null, "elapsed_seconds": 2.392, "running_n": 2}
{"event": "eval_done", "idx": 3, "instance_id": "deep2wide_result_20_朴树", "score": 0.0, "entity_acc": 0.0, "f1_by_row": 0.0, "f1_by_item": 0.0, "column_f1": 0.0, "error": null, "elapsed_seconds": 3.103, "running_n": 3}
{"event": "eval_done", "idx": 4, "instance_id": "deep2wide_result_21_唐汉霄", "score": 0.0, "entity_acc": 0.0, "f1_by_row": 0.0, "f1_by_item": 0.0, "column_f1": 0.0, "error": null, "elapsed_seconds": 2.761, "running_n": 4}
{"event": "eval_done", "idx": 5, "instance_id": "deep2wide_result_23_王栎鑫", "score": 0.0, "entity_acc": 0.0, "f1_by_row": 0.0, "f1_by_item": 0.0, "column_f1": 0.0, "error": null, "elapsed_seconds": 2.459, "running_n": 5}
2026-08-08 09:02:23.017 | DEBUG    | eval.evaluation.data_loader:extract_dataframe:167 - find markdown_str 
| 演唱会时间 | 演唱会名称 | 地点 | 场馆名称 |
| --- | --- | --- | --- |
| Dec 2 ...
2026-08-08 09:02:25.569 | INFO     | eval.evaluation.metric_utils:primary_key_preprocess:246 - primary_key_preprocess result: ```json
{
  "“平安夜”个人演唱会": "平安·夜"
}
```
2026-08-08 09:02:25.570 | INFO     | eval.evaluation.evaluation:evaluate_single_query:223 - col: 演唱会名称, primary_key_map {'“平安夜”个人演唱会': '平安·夜'}
2026-08-08 09:02:25.623 | INFO     | eval.evaluation.evaluation:evaluate_single_query:275 - deep2wide_result_24_平安, df_inner shape: (1, 8), answer_df shape: (10, 4), response_df shape: (2, 5)
2026-08-08 09:02:25.627 | DEBUG    | eval.evaluation.evaluation:metric_call:77 - metric_func_name date_near score 1.0 msg date near, response: 2007-12-24 00:00:00, target: 2007-12-29 00:00:00
2026-08-08 09:02:25.627 | DEBUG    | eval.evaluation.evaluation:evaluate_single_query:321 - deep2wide_result_24_平安, col 演唱会时间, metric_func_name date_near, score [1.0]
2026-08-08 09:02:28.327 | DEBUG    | eval.evaluation.evaluation:evaluate_single_query:321 - deep2wide_result_24_平安, col 地点, metric_func_name llm_judge, score [1]
2026-08-08 09:02:31.826 | DEBUG    | eval.evaluation.evaluation:evaluate_single_query:321 - deep2wide_result_24_平安, col 场馆名称, metric_func_name llm_judge, score [0]
2026-08-08 09:02:31.832 | INFO     | eval.evaluation.evaluation:evaluate_single_query:380 - deep2wide_result_24_平安, P/R/F1 by unique_columns: 0.5000/0.1000/0.1667
2026-08-08 09:02:31.832 | INFO     | eval.evaluation.evaluation:evaluate_single_query:383 - deep2wide_result_24_平安, P/R/F1 by row: 0.0000/0.0000/0.0000
2026-08-08 09:02:31.832 | INFO     | eval.evaluation.evaluation:evaluate_single_query:386 - deep2wide_result_24_平安, P/R/F1 by item: 0.3750/0.0750/0.1250
2026-08-08 09:02:31.834 | INFO     | eval.evaluation.evaluation:evaluate_single_query:398 - deep2wide_result_24_平安, final table score: 0.0
{"event": "eval_done", "idx": 6, "instance_id": "deep2wide_result_24_平安", "score": 0.0, "entity_acc": 1.0, "f1_by_row": 0.0, "f1_by_item": 0.12499999999999999, "column_f1": 0.16666666666666669, "error": null, "elapsed_seconds": 12.324, "running_n": 6}
{"event": "eval_done", "idx": 7, "instance_id": "deep2wide_result_25_费翔", "score": 0.0, "entity_acc": 0.0, "f1_by_row": 0.0, "f1_by_item": 0.0, "column_f1": 0.0, "error": null, "elapsed_seconds": 1.464, "running_n": 7}
SUMMARY {"n": 7, "valid_n": 7, "errors": 0, "complete": true, "judge_calls_current_process": 10, "score": 0.0, "entity_acc": 0.14285714285714285, "precision_by_row": 0.0, "recall_by_row": 0.0, "f1_by_row": 0.0, "precision_by_item": 0.05357142857142857, "recall_by_item": 0.010714285714285714, "f1_by_item": 0.017857142857142856, "column_precision": 0.07142857142857142, "column_recall": 0.014285714285714287, "column_f1": 0.02380952380952381}
