INFO: Pandarallel will run on 8 workers.
INFO: Pandarallel will use Memory file system to transfer data between the main process and workers.
{"event": "eval_start", "selected": 7, "resume_committed": 0, "committed_errors": 0, "crash_only_resume": false}
{"event": "eval_done", "idx": 1, "instance_id": "deep2wide_result_1_苏笑柏", "score": 0.0, "entity_acc": 0.0, "f1_by_row": 0.0, "f1_by_item": 0.0, "column_f1": 0.0, "error": null, "elapsed_seconds": 3.335, "running_n": 1}
{"event": "eval_done", "idx": 2, "instance_id": "deep2wide_result_2_成都", "score": 0.0, "entity_acc": 0.0, "f1_by_row": 0.0, "f1_by_item": 0.0, "column_f1": 0.0, "error": null, "elapsed_seconds": 2.235, "running_n": 2}
2026-08-13 14:16:49.923 | DEBUG    | eval.evaluation.data_loader:extract_dataframe:167 - find markdown_str 
| 年份 | 院校 | 专业组 | 投档线总分 | 本段人数 | 累计人数 |
| --- | --- | --- | --- ...
2026-08-13 14:16:53.462 | INFO     | eval.evaluation.metric_utils:primary_key_preprocess:246 - primary_key_preprocess result: ```json
{}
```
2026-08-13 14:16:53.462 | INFO     | eval.evaluation.evaluation:evaluate_single_query:223 - col: 年份, primary_key_map {}
2026-08-13 14:16:57.234 | INFO     | eval.evaluation.metric_utils:primary_key_preprocess:246 - primary_key_preprocess result: ```json
{}
```
2026-08-13 14:16:57.234 | INFO     | eval.evaluation.evaluation:evaluate_single_query:223 - col: 院校, primary_key_map {}
2026-08-13 14:17:01.356 | INFO     | eval.evaluation.metric_utils:primary_key_preprocess:246 - primary_key_preprocess result: ```json
{
  "未知": "未知"
}
```
2026-08-13 14:17:01.357 | INFO     | eval.evaluation.evaluation:evaluate_single_query:223 - col: 专业组, primary_key_map {'未知': '未知'}
2026-08-13 14:17:01.373 | INFO     | eval.evaluation.evaluation:evaluate_single_query:275 - deep2wide_result_3_北京, df_inner shape: (0, 12), answer_df shape: (1355, 6), response_df shape: (1, 9)
2026-08-13 14:17:01.377 | ERROR    | eval.evaluation.evaluation:evaluate_single_query:401 - evaluator error: 
Traceback (most recent call last):
  File "/home/azureuser/workspace-gzy/zyf/deep/external/Marco-Search-Agent/Marco-DeepResearch-Family/DeepWideSearch/eval/evaluation/evaluation.py", line 315, in evaluate_single_query
    df_inner_score[f"{col}_{metric_func_name}"] = (
    ~~~~~~~~~~~~~~^^^^^^^^^^^^^^^^^^^^^^^^^^^^^
  File "/home/azureuser/workspace-gzy/zyf/deep/.venv-eval/lib/python3.12/site-packages/pandas/core/frame.py", line 4312, in __setitem__
    self._set_item_frame_value(key, value)
  File "/home/azureuser/workspace-gzy/zyf/deep/.venv-eval/lib/python3.12/site-packages/pandas/core/frame.py", line 4470, in _set_item_frame_value
    raise ValueError(
ValueError: Cannot set a DataFrame with multiple columns to the single column 投档线总分_number_near

{"event": "eval_done", "idx": 3, "instance_id": "deep2wide_result_3_北京", "score": null, "entity_acc": null, "f1_by_row": null, "f1_by_item": null, "column_f1": null, "error": "RuntimeError: official evaluator reported an internal error", "elapsed_seconds": 13.638, "running_n": 3}
2026-08-13 14:17:06.863 | DEBUG    | eval.evaluation.data_loader:extract_dataframe:167 - find markdown_str 
| 法规名称 | 制定机关 | 时效性 | 公布日期 | 共几章几条 |
| --- | --- | --- | --- |  ...
2026-08-13 14:17:08.342 | INFO     | eval.evaluation.metric_utils:primary_key_preprocess:246 - primary_key_preprocess result: ```json
{}
```
2026-08-13 14:17:08.343 | INFO     | eval.evaluation.evaluation:evaluate_single_query:223 - col: 法规名称, primary_key_map {}
2026-08-13 14:17:08.407 | INFO     | eval.evaluation.evaluation:evaluate_single_query:275 - deep2wide_result_4_四川省阿坝藏族羌族自治州茂县, df_inner shape: (0, 10), answer_df shape: (27, 5), response_df shape: (2, 6)
2026-08-13 14:17:10.310 | DEBUG    | eval.evaluation.evaluation:evaluate_single_query:321 - deep2wide_result_4_四川省阿坝藏族羌族自治州茂县, col 制定机关, metric_func_name llm_judge, score []
2026-08-13 14:17:10.311 | ERROR    | eval.evaluation.evaluation:evaluate_single_query:401 - evaluator error: 
Traceback (most recent call last):
  File "/home/azureuser/workspace-gzy/zyf/deep/external/Marco-Search-Agent/Marco-DeepResearch-Family/DeepWideSearch/eval/evaluation/evaluation.py", line 315, in evaluate_single_query
    df_inner_score[f"{col}_{metric_func_name}"] = (
    ~~~~~~~~~~~~~~^^^^^^^^^^^^^^^^^^^^^^^^^^^^^
  File "/home/azureuser/workspace-gzy/zyf/deep/.venv-eval/lib/python3.12/site-packages/pandas/core/frame.py", line 4312, in __setitem__
    self._set_item_frame_value(key, value)
  File "/home/azureuser/workspace-gzy/zyf/deep/.venv-eval/lib/python3.12/site-packages/pandas/core/frame.py", line 4470, in _set_item_frame_value
    raise ValueError(
ValueError: Cannot set a DataFrame with multiple columns to the single column 时效性_exact_match

{"event": "eval_done", "idx": 4, "instance_id": "deep2wide_result_4_四川省阿坝藏族羌族自治州茂县", "score": null, "entity_acc": null, "f1_by_row": null, "f1_by_item": null, "column_f1": null, "error": "RuntimeError: official evaluator reported an internal error", "elapsed_seconds": 8.915, "running_n": 4}
2026-08-13 14:17:13.019 | DEBUG    | eval.evaluation.data_loader:extract_dataframe:167 - find markdown_str 
| 时间 | 赛事名称 | 级别 | 项目 | 赛事成绩 | 1/16赛-对手 | 1/16赛比分 | 1/16赛胜负 | 1 ...
2026-08-13 14:17:17.471 | INFO     | eval.evaluation.metric_utils:primary_key_preprocess:246 - primary_key_preprocess result: ```json
{
  "时间": "时间",
  "赛事名称": "赛事名称",
  "级别": "级别",
  "项目": "项目",
  "赛事成绩": "赛事成绩",
  "1/16赛-对手": "1/16赛-对手",
  "1/16赛比分": "1/16赛-比分",
  "1/16赛胜负": "1/16赛-胜负",
  "1/8赛对手": "1/8赛-对手",
  "1/8赛比分": "1/8赛-比分",
  "1/8赛胜负": "1/8赛-胜负",
  "1/4赛对手": "1/4赛-对手",
  "1/4赛比分": "1/4赛-比分",
  "1/4赛胜负": "1/4赛-胜负",
  "半决赛对手": "半决赛-对手",
  "半决赛比分": "半决赛-比分",
  "半决赛胜负": "半决赛-胜负",
  "决赛对手": "决赛-对手",
  "决赛比分": "决赛-比分",
  "决赛胜负": "决赛-胜负"
}
```
2026-08-13 14:17:17.471 | INFO     | eval.evaluation.evaluation:evaluate_single_query:172 - column map: {'时间': '时间', '赛事名称': '赛事名称', '级别': '级别', '项目': '项目', '赛事成绩': '赛事成绩', '1/16赛-对手': '1/16赛-对手', '1/16赛比分': '1/16赛-比分', '1/16赛胜负': '1/16赛-胜负', '1/8赛对手': '1/8赛-对手', '1/8赛比分': '1/8赛-比分', '1/8赛胜负': '1/8赛-胜负', '1/4赛对手': '1/4赛-对手', '1/4赛比分': '1/4赛-比分', '1/4赛胜负': '1/4赛-胜负', '半决赛对手': '半决赛-对手', '半决赛比分': '半决赛-比分', '半决赛胜负': '半决赛-胜负', '决赛对手': '决赛-对手', '决赛比分': '决赛-比分', '决赛胜负': '决赛-胜负'}
2026-08-13 14:17:17.471 | INFO     | eval.evaluation.evaluation:evaluate_single_query:173 - befor mapping: Index(['时间', '赛事名称', '级别', '项目', '赛事成绩', '1/16赛-对手', '1/16赛比分', '1/16赛胜负',
       '1/8赛对手', '1/8赛比分', '1/8赛胜负', '1/4赛对手', '1/4赛比分', '1/4赛胜负', '半决赛对手',
       '半决赛比分', '半决赛胜负', '决赛对手', '决赛比分', '决赛胜负'],
      dtype='object')
2026-08-13 14:17:17.472 | INFO     | eval.evaluation.evaluation:evaluate_single_query:175 - after mapping: Index(['时间', '赛事名称', '级别', '项目', '赛事成绩', '1/16赛-对手', '1/16赛-比分', '1/16赛-胜负',
       '1/8赛-对手', '1/8赛-比分', '1/8赛-胜负', '1/4赛-对手', '1/4赛-比分', '1/4赛-胜负',
       '半决赛-对手', '半决赛-比分', '半决赛-胜负', '决赛-对手', '决赛-比分', '决赛-胜负'],
      dtype='object')
2026-08-13 14:17:27.266 | INFO     | eval.evaluation.metric_utils:primary_key_preprocess:246 - primary_key_preprocess result: ```json
{
  "广州亚洲运动会羽毛球比赛": "第十六届亚运会羽毛球赛｜单项",
  "伦敦奥运会羽毛球比赛": "2012年伦敦奥运会羽毛球赛",
  "仁川亚洲运动会羽毛球比赛": "第十七届亚运会羽毛球赛｜单项",
  "里约奥运会羽毛球比赛": "2016年里约奥运会羽毛球赛",
  "雅加达亚洲运动会羽毛球比赛": "第十八届亚运会羽毛球赛｜团体",
  "全英羽毛球公开赛": "2020年全英羽毛球公开赛"
}
```
2026-08-13 14:17:27.267 | INFO     | eval.evaluation.evaluation:evaluate_single_query:223 - col: 赛事名称, primary_key_map {'广州亚洲运动会羽毛球比赛': '第十六届亚运会羽毛球赛｜单项', '伦敦奥运会羽毛球比赛': '2012年伦敦奥运会羽毛球赛', '仁川亚洲运动会羽毛球比赛': '第十七届亚运会羽毛球赛｜单项', '里约奥运会羽毛球比赛': '2016年里约奥运会羽毛球赛', '雅加达亚洲运动会羽毛球比赛': '第十八届亚运会羽毛球赛｜团体', '全英羽毛球公开赛': '2020年全英羽毛球公开赛'}
2026-08-13 14:17:27.541 | INFO     | eval.evaluation.evaluation:evaluate_single_query:275 - deep2wide_result_5_林丹, df_inner shape: (6, 39), answer_df shape: (132, 20), response_df shape: (13, 21)
2026-08-13 14:17:27.544 | DEBUG    | eval.evaluation.evaluation:metric_call:77 - metric_func_name exact_match score 0.0 msg exact not match, response: 世界羽联世界巡回赛超级1000级, target: 超级1000
2026-08-13 14:17:27.544 | DEBUG    | eval.evaluation.evaluation:metric_call:77 - metric_func_name exact_match score 0.0 msg exact not match, response: 洲际综合运动会, target: 洲际运动会
2026-08-13 14:17:27.544 | DEBUG    | eval.evaluation.evaluation:metric_call:77 - metric_func_name exact_match score 1.0 msg exact match, response: 奥运会, target: 奥运会
2026-08-13 14:17:27.544 | DEBUG    | eval.evaluation.evaluation:metric_call:77 - metric_func_name exact_match score 0.0 msg exact not match, response: 洲际综合运动会, target: 洲际运动会
2026-08-13 14:17:27.544 | DEBUG    | eval.evaluation.evaluation:metric_call:77 - metric_func_name exact_match score 1.0 msg exact match, response: 奥运会, target: 奥运会
2026-08-13 14:17:27.544 | DEBUG    | eval.evaluation.evaluation:metric_call:77 - metric_func_name exact_match score 0.0 msg exact not match, response: 洲际综合运动会, target: 洲际运动会
2026-08-13 14:17:27.545 | DEBUG    | eval.evaluation.evaluation:evaluate_single_query:321 - deep2wide_result_5_林丹, col 级别, metric_func_name exact_match, score [0.0, 0.0, 1.0, 0.0, 1.0, 0.0]
2026-08-13 14:17:27.545 | DEBUG    | eval.evaluation.evaluation:metric_call:77 - metric_func_name exact_match score 0.0 msg exact not match, response: 男子单打, target: 男单
2026-08-13 14:17:27.545 | DEBUG    | eval.evaluation.evaluation:metric_call:77 - metric_func_name exact_match score 0.0 msg exact not match, response: 男子单打, target: 男团
2026-08-13 14:17:27.545 | DEBUG    | eval.evaluation.evaluation:metric_call:77 - metric_func_name exact_match score 0.0 msg exact not match, response: 男子单打, target: 男单
2026-08-13 14:17:27.545 | DEBUG    | eval.evaluation.evaluation:metric_call:77 - metric_func_name exact_match score 0.0 msg exact not match, response: 男子单打, target: 男单
2026-08-13 14:17:27.545 | DEBUG    | eval.evaluation.evaluation:metric_call:77 - metric_func_name exact_match score 0.0 msg exact not match, response: 男子单打, target: 男单
2026-08-13 14:17:27.545 | DEBUG    | eval.evaluation.evaluation:metric_call:77 - metric_func_name exact_match score 0.0 msg exact not match, response: 男子单打, target: 男单
2026-08-13 14:17:27.546 | DEBUG    | eval.evaluation.evaluation:evaluate_single_query:321 - deep2wide_result_5_林丹, col 项目, metric_func_name exact_match, score [0.0, 0.0, 0.0, 0.0, 0.0, 0.0]
2026-08-13 14:17:34.123 | DEBUG    | eval.evaluation.evaluation:evaluate_single_query:321 - deep2wide_result_5_林丹, col 赛事成绩, metric_func_name llm_judge, score [1, 0, 0, 1, 1, 1]
2026-08-13 14:17:39.362 | DEBUG    | eval.evaluation.evaluation:evaluate_single_query:321 - deep2wide_result_5_林丹, col 1/16赛-对手, metric_func_name llm_judge, score [0, 1, 1, 0, 1, 0]
2026-08-13 14:17:39.362 | DEBUG    | eval.evaluation.evaluation:metric_call:77 - metric_func_name exact_match score 0.0 msg exact not match, response: 0比2（17比21、8比21）, target: 13-21,22-20,21-10
2026-08-13 14:17:39.362 | DEBUG    | eval.evaluation.evaluation:metric_call:77 - metric_func_name exact_match score 1.0 msg exact match, response: /, target: /
2026-08-13 14:17:39.362 | DEBUG    | eval.evaluation.evaluation:metric_call:77 - metric_func_name exact_match score 1.0 msg exact match, response: /, target: /
2026-08-13 14:17:39.362 | DEBUG    | eval.evaluation.evaluation:metric_call:77 - metric_func_name exact_match score 0.0 msg exact not match, response: /, target: 21-12,28-26
2026-08-13 14:17:39.363 | DEBUG    | eval.evaluation.evaluation:metric_call:77 - metric_func_name exact_match score 1.0 msg exact match, response: /, target: /
2026-08-13 14:17:39.363 | DEBUG    | eval.evaluation.evaluation:metric_call:77 - metric_func_name exact_match score 0.0 msg exact not match, response: 2比0, target: /
2026-08-13 14:17:39.363 | DEBUG    | eval.evaluation.evaluation:evaluate_single_query:321 - deep2wide_result_5_林丹, col 1/16赛-比分, metric_func_name exact_match, score [0.0, 1.0, 1.0, 0.0, 1.0, 0.0]
2026-08-13 14:17:39.363 | DEBUG    | eval.evaluation.evaluation:metric_call:77 - metric_func_name exact_match score 0.0 msg exact not match, response: 负, target: 胜
2026-08-13 14:17:39.364 | DEBUG    | eval.evaluation.evaluation:metric_call:77 - metric_func_name exact_match score 1.0 msg exact match, response: /, target: /
2026-08-13 14:17:39.364 | DEBUG    | eval.evaluation.evaluation:metric_call:77 - metric_func_name exact_match score 1.0 msg exact match, response: /, target: /
2026-08-13 14:17:39.364 | DEBUG    | eval.evaluation.evaluation:metric_call:77 - metric_func_name exact_match score 0.0 msg exact not match, response: /, target: 胜
2026-08-13 14:17:39.364 | DEBUG    | eval.evaluation.evaluation:metric_call:77 - metric_func_name exact_match score 1.0 msg exact match, response: /, target: /
2026-08-13 14:17:39.364 | DEBUG    | eval.evaluation.evaluation:metric_call:77 - metric_func_name exact_match score 1.0 msg exact match, response: 胜, target: 胜
2026-08-13 14:17:39.364 | DEBUG    | eval.evaluation.evaluation:evaluate_single_query:321 - deep2wide_result_5_林丹, col 1/16赛-胜负, metric_func_name exact_match, score [0.0, 1.0, 1.0, 0.0, 1.0, 1.0]
2026-08-13 14:17:44.024 | DEBUG    | eval.evaluation.evaluation:evaluate_single_query:321 - deep2wide_result_5_林丹, col 1/8赛-对手, metric_func_name llm_judge, score [0, 0, 0, 0, 1, 0]
2026-08-13 14:17:44.025 | DEBUG    | eval.evaluation.evaluation:metric_call:77 - metric_func_name exact_match score 0.0 msg exact not match, response: /, target: 21-17,21-8
2026-08-13 14:17:44.025 | DEBUG    | eval.evaluation.evaluation:metric_call:77 - metric_func_name exact_match score 0.0 msg exact not match, response: 0比2（12比21、12比21）, target: /
2026-08-13 14:17:44.025 | DEBUG    | eval.evaluation.evaluation:metric_call:77 - metric_func_name exact_match score 0.0 msg exact not match, response: 2比0（21比6、21比16）, target: /
2026-08-13 14:17:44.025 | DEBUG    | eval.evaluation.evaluation:metric_call:77 - metric_func_name exact_match score 0.0 msg exact not match, response: 2比0, target: 21-16,22-20
2026-08-13 14:17:44.025 | DEBUG    | eval.evaluation.evaluation:metric_call:77 - metric_func_name exact_match score 0.0 msg exact not match, response: 2比0（21比9、21比12）, target: 21-9,21-12
2026-08-13 14:17:44.025 | DEBUG    | eval.evaluation.evaluation:metric_call:77 - metric_func_name exact_match score 0.0 msg exact not match, response: 2比0, target: 21-6,21-13
2026-08-13 14:17:44.026 | DEBUG    | eval.evaluation.evaluation:evaluate_single_query:321 - deep2wide_result_5_林丹, col 1/8赛-比分, metric_func_name exact_match, score [0.0, 0.0, 0.0, 0.0, 0.0, 0.0]
2026-08-13 14:17:44.026 | DEBUG    | eval.evaluation.evaluation:metric_call:77 - metric_func_name exact_match score 0.0 msg exact not match, response: /, target: 负
2026-08-13 14:17:44.026 | DEBUG    | eval.evaluation.evaluation:metric_call:77 - metric_func_name exact_match score 0.0 msg exact not match, response: 负, target: 胜
2026-08-13 14:17:44.026 | DEBUG    | eval.evaluation.evaluation:metric_call:77 - metric_func_name exact_match score 0.0 msg exact not match, response: 胜, target: /
2026-08-13 14:17:44.026 | DEBUG    | eval.evaluation.evaluation:metric_call:77 - metric_func_name exact_match score 1.0 msg exact match, response: 胜, target: 胜
2026-08-13 14:17:44.026 | DEBUG    | eval.evaluation.evaluation:metric_call:77 - metric_func_name exact_match score 1.0 msg exact match, response: 胜, target: 胜
2026-08-13 14:17:44.026 | DEBUG    | eval.evaluation.evaluation:metric_call:77 - metric_func_name exact_match score 1.0 msg exact match, response: 胜, target: 胜
2026-08-13 14:17:44.027 | DEBUG    | eval.evaluation.evaluation:evaluate_single_query:321 - deep2wide_result_5_林丹, col 1/8赛-胜负, metric_func_name exact_match, score [0.0, 0.0, 0.0, 1.0, 1.0, 1.0]
2026-08-13 14:17:47.880 | DEBUG    | eval.evaluation.evaluation:evaluate_single_query:321 - deep2wide_result_5_林丹, col 1/4赛-对手, metric_func_name llm_judge, score [1, 0, 1, 0, 1, 0]
2026-08-13 14:17:47.880 | DEBUG    | eval.evaluation.evaluation:metric_call:77 - metric_func_name exact_match score 1.0 msg exact match, response: /, target: /
2026-08-13 14:17:47.881 | DEBUG    | eval.evaluation.evaluation:metric_call:77 - metric_func_name exact_match score 1.0 msg exact match, response: /, target: /
2026-08-13 14:17:47.881 | DEBUG    | eval.evaluation.evaluation:metric_call:77 - metric_func_name exact_match score 0.0 msg exact not match, response: 2比1（21比6、11比21、21比18）, target: 21-6,11-21,21-18
2026-08-13 14:17:47.881 | DEBUG    | eval.evaluation.evaluation:metric_call:77 - metric_func_name exact_match score 0.0 msg exact not match, response: 2比0（21比12、21比10）, target: 21-14,21-18
2026-08-13 14:17:47.881 | DEBUG    | eval.evaluation.evaluation:metric_call:77 - metric_func_name exact_match score 0.0 msg exact not match, response: 2比1（21比12、16比21、21比16）, target: 21-12,16-21,21-16
2026-08-13 14:17:47.881 | DEBUG    | eval.evaluation.evaluation:metric_call:77 - metric_func_name exact_match score 0.0 msg exact not match, response: 2比0, target: 21-9,21-16
2026-08-13 14:17:47.881 | DEBUG    | eval.evaluation.evaluation:evaluate_single_query:321 - deep2wide_result_5_林丹, col 1/4赛-比分, metric_func_name exact_match, score [1.0, 1.0, 0.0, 0.0, 0.0, 0.0]
2026-08-13 14:17:47.882 | DEBUG    | eval.evaluation.evaluation:metric_call:77 - metric_func_name exact_match score 1.0 msg exact match, response: /, target: /
2026-08-13 14:17:47.882 | DEBUG    | eval.evaluation.evaluation:metric_call:77 - metric_func_name exact_match score 1.0 msg exact match, response: /, target: /
2026-08-13 14:17:47.882 | DEBUG    | eval.evaluation.evaluation:metric_call:77 - metric_func_name exact_match score 1.0 msg exact match, response: 胜, target: 胜
2026-08-13 14:17:47.882 | DEBUG    | eval.evaluation.evaluation:metric_call:77 - metric_func_name exact_match score 1.0 msg exact match, response: 胜, target: 胜
2026-08-13 14:17:47.882 | DEBUG    | eval.evaluation.evaluation:metric_call:77 - metric_func_name exact_match score 1.0 msg exact match, response: 胜, target: 胜
2026-08-13 14:17:47.882 | DEBUG    | eval.evaluation.evaluation:metric_call:77 - metric_func_name exact_match score 1.0 msg exact match, response: 胜, target: 胜
2026-08-13 14:17:47.883 | DEBUG    | eval.evaluation.evaluation:evaluate_single_query:321 - deep2wide_result_5_林丹, col 1/4赛-胜负, metric_func_name exact_match, score [1.0, 1.0, 1.0, 1.0, 1.0, 1.0]
2026-08-13 14:17:52.338 | DEBUG    | eval.evaluation.evaluation:evaluate_single_query:321 - deep2wide_result_5_林丹, col 半决赛-对手, metric_func_name llm_judge, score [1, 0, 1, 1, 1, 1]
2026-08-13 14:17:52.339 | DEBUG    | eval.evaluation.evaluation:metric_call:77 - metric_func_name exact_match score 1.0 msg exact match, response: /, target: /
2026-08-13 14:17:52.339 | DEBUG    | eval.evaluation.evaluation:metric_call:77 - metric_func_name exact_match score 1.0 msg exact match, response: /, target: /
2026-08-13 14:17:52.339 | DEBUG    | eval.evaluation.evaluation:metric_call:77 - metric_func_name exact_match score 0.0 msg exact not match, response: 1比2（15比21、21比11、20比22）, target: 15-21,21-11,22-20
2026-08-13 14:17:52.339 | DEBUG    | eval.evaluation.evaluation:metric_call:77 - metric_func_name exact_match score 0.0 msg exact not match, response: 2比1（22比20、12比21、21比9）, target: 22-20,12-21,21-9
2026-08-13 14:17:52.339 | DEBUG    | eval.evaluation.evaluation:metric_call:77 - metric_func_name exact_match score 0.0 msg exact not match, response: 2比0（21比12、21比10）, target: 21-12,21-10
2026-08-13 14:17:52.339 | DEBUG    | eval.evaluation.evaluation:metric_call:77 - metric_func_name exact_match score 0.0 msg exact not match, response: 2比0（21比14、21比10）, target: 21-14,21-10
2026-08-13 14:17:52.340 | DEBUG    | eval.evaluation.evaluation:evaluate_single_query:321 - deep2wide_result_5_林丹, col 半决赛-比分, metric_func_name exact_match, score [1.0, 1.0, 0.0, 0.0, 0.0, 0.0]
2026-08-13 14:17:52.340 | DEBUG    | eval.evaluation.evaluation:metric_call:77 - metric_func_name exact_match score 1.0 msg exact match, response: /, target: /
2026-08-13 14:17:52.340 | DEBUG    | eval.evaluation.evaluation:metric_call:77 - metric_func_name exact_match score 1.0 msg exact match, response: /, target: /
2026-08-13 14:17:52.340 | DEBUG    | eval.evaluation.evaluation:metric_call:77 - metric_func_name exact_match score 1.0 msg exact match, response: 负, target: 负
2026-08-13 14:17:52.340 | DEBUG    | eval.evaluation.evaluation:metric_call:77 - metric_func_name exact_match score 1.0 msg exact match, response: 胜, target: 胜
2026-08-13 14:17:52.340 | DEBUG    | eval.evaluation.evaluation:metric_call:77 - metric_func_name exact_match score 1.0 msg exact match, response: 胜, target: 胜
2026-08-13 14:17:52.340 | DEBUG    | eval.evaluation.evaluation:metric_call:77 - metric_func_name exact_match score 1.0 msg exact match, response: 胜, target: 胜
2026-08-13 14:17:52.341 | DEBUG    | eval.evaluation.evaluation:evaluate_single_query:321 - deep2wide_result_5_林丹, col 半决赛-胜负, metric_func_name exact_match, score [1.0, 1.0, 1.0, 1.0, 1.0, 1.0]
2026-08-13 14:17:57.292 | DEBUG    | eval.evaluation.evaluation:evaluate_single_query:321 - deep2wide_result_5_林丹, col 决赛-对手, metric_func_name llm_judge, score [1, 0, 1, 0, 1, 1]
2026-08-13 14:17:57.293 | DEBUG    | eval.evaluation.evaluation:metric_call:77 - metric_func_name exact_match score 1.0 msg exact match, response: /, target: /
2026-08-13 14:17:57.293 | DEBUG    | eval.evaluation.evaluation:metric_call:77 - metric_func_name exact_match score 1.0 msg exact match, response: /, target: /
2026-08-13 14:17:57.293 | DEBUG    | eval.evaluation.evaluation:metric_call:77 - metric_func_name exact_match score 1.0 msg exact match, response: /, target: /
2026-08-13 14:17:57.293 | DEBUG    | eval.evaluation.evaluation:metric_call:77 - metric_func_name exact_match score 0.0 msg exact not match, response: 2比1（12比21、21比16、21比16）, target: 12-21,21-16,21-16
2026-08-13 14:17:57.293 | DEBUG    | eval.evaluation.evaluation:metric_call:77 - metric_func_name exact_match score 0.0 msg exact not match, response: 2比1（15比21、21比10、21比19）, target: 15-21,21-10,21-19
2026-08-13 14:17:57.293 | DEBUG    | eval.evaluation.evaluation:metric_call:77 - metric_func_name exact_match score 0.0 msg exact not match, response: 2比1（21比13、15比21、21比10）, target: 21-13,15-21,21-10
2026-08-13 14:17:57.294 | DEBUG    | eval.evaluation.evaluation:evaluate_single_query:321 - deep2wide_result_5_林丹, col 决赛-比分, metric_func_name exact_match, score [1.0, 1.0, 1.0, 0.0, 0.0, 0.0]
2026-08-13 14:17:57.294 | DEBUG    | eval.evaluation.evaluation:metric_call:77 - metric_func_name exact_match score 1.0 msg exact match, response: /, target: /
2026-08-13 14:17:57.294 | DEBUG    | eval.evaluation.evaluation:metric_call:77 - metric_func_name exact_match score 1.0 msg exact match, response: /, target: /
2026-08-13 14:17:57.294 | DEBUG    | eval.evaluation.evaluation:metric_call:77 - metric_func_name exact_match score 1.0 msg exact match, response: /, target: /
2026-08-13 14:17:57.294 | DEBUG    | eval.evaluation.evaluation:metric_call:77 - metric_func_name exact_match score 1.0 msg exact match, response: 胜, target: 胜
2026-08-13 14:17:57.294 | DEBUG    | eval.evaluation.evaluation:metric_call:77 - metric_func_name exact_match score 1.0 msg exact match, response: 胜, target: 胜
2026-08-13 14:17:57.294 | DEBUG    | eval.evaluation.evaluation:metric_call:77 - metric_func_name exact_match score 1.0 msg exact match, response: 胜, target: 胜
2026-08-13 14:17:57.295 | DEBUG    | eval.evaluation.evaluation:evaluate_single_query:321 - deep2wide_result_5_林丹, col 决赛-胜负, metric_func_name exact_match, score [1.0, 1.0, 1.0, 1.0, 1.0, 1.0]
2026-08-13 14:17:57.307 | INFO     | eval.evaluation.evaluation:evaluate_single_query:380 - deep2wide_result_5_林丹, P/R/F1 by unique_columns: 0.4615/0.0455/0.0828
2026-08-13 14:17:57.307 | INFO     | eval.evaluation.evaluation:evaluate_single_query:383 - deep2wide_result_5_林丹, P/R/F1 by row: 0.0000/0.0000/0.0000
2026-08-13 14:17:57.307 | INFO     | eval.evaluation.evaluation:evaluate_single_query:386 - deep2wide_result_5_林丹, P/R/F1 by item: 0.2654/0.0261/0.0476
2026-08-13 14:17:57.313 | INFO     | eval.evaluation.evaluation:evaluate_single_query:398 - deep2wide_result_5_林丹, final table score: 0.0
{"event": "eval_done", "idx": 5, "instance_id": "deep2wide_result_5_林丹", "score": 0.0, "entity_acc": 1.0, "f1_by_row": 0.0, "f1_by_item": 0.04758620689655172, "column_f1": 0.08275862068965517, "error": null, "elapsed_seconds": 46.985, "running_n": 5}
{"event": "eval_done", "idx": 6, "instance_id": "deep2wide_result_6_刘玉栋", "score": 0.0, "entity_acc": 0.0, "f1_by_row": 0.0, "f1_by_item": 0.0, "column_f1": 0.0, "error": null, "elapsed_seconds": 2.839, "running_n": 6}
{"event": "eval_done", "idx": 7, "instance_id": "deep2wide_result_7_阎芳", "score": 0.0, "entity_acc": 0.0, "f1_by_row": 0.0, "f1_by_item": 0.0, "column_f1": 0.0, "error": null, "elapsed_seconds": 9.062, "running_n": 7}
SUMMARY {"n": 7, "valid_n": 5, "errors": 2, "complete": false, "judge_calls_current_process": 20, "score": 0.0, "entity_acc": 0.2, "precision_by_row": 0.0, "recall_by_row": 0.0, "f1_by_row": 0.0, "precision_by_item": 0.05307692307692308, "recall_by_item": 0.005227272727272727, "f1_by_item": 0.009517241379310344, "column_precision": 0.09230769230769231, "column_recall": 0.00909090909090909, "column_f1": 0.016551724137931035}
