INFO: Pandarallel will run on 8 workers.
INFO: Pandarallel will use Memory file system to transfer data between the main process and workers.
{"event": "eval_start", "selected": 7, "resume_committed": 0, "committed_errors": 0, "crash_only_resume": false}
{"event": "eval_done", "idx": 1, "instance_id": "deep2wide_result_72_中华人民共和国治安管理处罚法", "score": 0.0, "entity_acc": 0.0, "f1_by_row": 0.0, "f1_by_item": 0.0, "column_f1": 0.0, "error": null, "elapsed_seconds": 6.195, "running_n": 1}
2026-08-13 14:16:53.277 | DEBUG    | eval.evaluation.data_loader:extract_dataframe:167 - find markdown_str 
| startdate | contractexpirationdate | transfertype | outgoingc ...
2026-08-13 14:16:54.812 | INFO     | eval.evaluation.evaluation:evaluate_single_query:275 - deep2wide_result_81_Amr Zaki, df_inner shape: (1, 13), answer_df shape: (4, 7), response_df shape: (14, 7)
2026-08-13 14:16:54.816 | DEBUG    | eval.evaluation.evaluation:metric_call:77 - metric_func_name date_near score 0.0 msg date not near, response: 2006-06-30 00:00:00, target: 2007-06-30 00:00:00
2026-08-13 14:16:54.817 | DEBUG    | eval.evaluation.evaluation:evaluate_single_query:321 - deep2wide_result_81_Amr Zaki, col contractexpirationdate, metric_func_name date_near, score [0.0]
2026-08-13 14:16:54.817 | DEBUG    | eval.evaluation.evaluation:metric_call:77 - metric_func_name exact_match score 0.0 msg exact not match, response: 永久转会, target: transfer
2026-08-13 14:16:54.818 | DEBUG    | eval.evaluation.evaluation:evaluate_single_query:321 - deep2wide_result_81_Amr Zaki, col transfertype, metric_func_name exact_match, score [0.0]
2026-08-13 14:17:00.072 | DEBUG    | eval.evaluation.evaluation:evaluate_single_query:321 - deep2wide_result_81_Amr Zaki, col outgoingclub, metric_func_name llm_judge, score [0]
2026-08-13 14:17:02.131 | DEBUG    | eval.evaluation.evaluation:evaluate_single_query:321 - deep2wide_result_81_Amr Zaki, col incomingclub, metric_func_name llm_judge, score [1]
2026-08-13 14:17:02.131 | DEBUG    | eval.evaluation.evaluation:metric_call:77 - metric_func_name number_near score 1.0 msg number near in range 5.0%, response: 1922.0, target: 1905.0
2026-08-13 14:17:02.132 | DEBUG    | eval.evaluation.evaluation:evaluate_single_query:321 - deep2wide_result_81_Amr Zaki, col foundingyearoftheincomingclub, metric_func_name number_near, score [1.0]
2026-08-13 14:17:04.059 | DEBUG    | eval.evaluation.evaluation:evaluate_single_query:321 - deep2wide_result_81_Amr Zaki, col incomingclub'sregion, metric_func_name llm_judge, score [1]
2026-08-13 14:17:04.065 | INFO     | eval.evaluation.evaluation:evaluate_single_query:380 - deep2wide_result_81_Amr Zaki, P/R/F1 by unique_columns: 0.0714/0.2500/0.1111
2026-08-13 14:17:04.065 | INFO     | eval.evaluation.evaluation:evaluate_single_query:383 - deep2wide_result_81_Amr Zaki, P/R/F1 by row: 0.0000/0.0000/0.0000
2026-08-13 14:17:04.065 | INFO     | eval.evaluation.evaluation:evaluate_single_query:386 - deep2wide_result_81_Amr Zaki, P/R/F1 by item: 0.0408/0.1429/0.0635
2026-08-13 14:17:04.067 | INFO     | eval.evaluation.evaluation:evaluate_single_query:398 - deep2wide_result_81_Amr Zaki, final table score: 0.0
{"event": "eval_done", "idx": 2, "instance_id": "deep2wide_result_81_Amr Zaki", "score": 0.0, "entity_acc": 1.0, "f1_by_row": 0.0, "f1_by_item": 0.06349206349206349, "column_f1": 0.11111111111111112, "error": null, "elapsed_seconds": 15.8, "running_n": 2}
{"event": "eval_done", "idx": 3, "instance_id": "deep2wide_result_82_Lush Life", "score": 0.0, "entity_acc": 0.0, "f1_by_row": 0.0, "f1_by_item": 0.0, "column_f1": 0.0, "error": null, "elapsed_seconds": 2.491, "running_n": 3}
{"event": "eval_done", "idx": 4, "instance_id": "deep2wide_result_86_Lillian Karabaic", "score": 0.0, "entity_acc": 0.0, "f1_by_row": 0.0, "f1_by_item": 0.0, "column_f1": 0.0, "error": null, "elapsed_seconds": 2.129, "running_n": 4}
{"event": "eval_done", "idx": 5, "instance_id": "deep2wide_result_87_South Korea", "score": 0.0, "entity_acc": 0.0, "f1_by_row": 0.0, "f1_by_item": 0.0, "column_f1": 0.0, "error": null, "elapsed_seconds": 1.286, "running_n": 5}
{"event": "eval_done", "idx": 6, "instance_id": "deep2wide_result_88_South Pacific", "score": 0.0, "entity_acc": 0.0, "f1_by_row": 0.0, "f1_by_item": 0.0, "column_f1": 0.0, "error": null, "elapsed_seconds": 1.088, "running_n": 6}
2026-08-13 14:17:12.246 | DEBUG    | eval.evaluation.data_loader:extract_dataframe:167 - find markdown_str 
| A区地区 | 学校 | 2025年复试分数线 |
| --- | --- | --- |
| 北京 | 中国人民大学 |  ...
2026-08-13 14:17:15.587 | INFO     | eval.evaluation.metric_utils:primary_key_preprocess:246 - primary_key_preprocess result: ```json
{
  "中国人民大学": "中国人民大学",
  "中国传媒大学": "中国传媒大学"
}
```
2026-08-13 14:17:15.587 | INFO     | eval.evaluation.evaluation:evaluate_single_query:223 - col: 学校, primary_key_map {'中国人民大学': '中国人民大学', '中国传媒大学': '中国传媒大学'}
2026-08-13 14:17:15.592 | INFO     | eval.evaluation.evaluation:evaluate_single_query:275 - wide2deep_ws_zh_003, df_inner shape: (2, 6), answer_df shape: (60, 3), response_df shape: (2, 4)
2026-08-13 14:17:21.307 | DEBUG    | eval.evaluation.evaluation:evaluate_single_query:321 - wide2deep_ws_zh_003, col a区地区, metric_func_name llm_judge, score [1, 1]
2026-08-13 14:17:24.114 | DEBUG    | eval.evaluation.evaluation:evaluate_single_query:321 - wide2deep_ws_zh_003, col 2025年复试分数线, metric_func_name llm_judge, score [1, 0]
2026-08-13 14:17:24.119 | INFO     | eval.evaluation.evaluation:evaluate_single_query:380 - wide2deep_ws_zh_003, P/R/F1 by unique_columns: 1.0000/0.0333/0.0645
2026-08-13 14:17:24.119 | INFO     | eval.evaluation.evaluation:evaluate_single_query:383 - wide2deep_ws_zh_003, P/R/F1 by row: 0.5000/0.0167/0.0323
2026-08-13 14:17:24.119 | INFO     | eval.evaluation.evaluation:evaluate_single_query:386 - wide2deep_ws_zh_003, P/R/F1 by item: 0.8333/0.0278/0.0538
2026-08-13 14:17:24.120 | INFO     | eval.evaluation.evaluation:evaluate_single_query:398 - wide2deep_ws_zh_003, final table score: 0.0
{"event": "eval_done", "idx": 7, "instance_id": "wide2deep_ws_zh_003", "score": 0.0, "entity_acc": 1.0, "f1_by_row": 0.03225806451612903, "f1_by_item": 0.05376344086021505, "column_f1": 0.06451612903225806, "error": null, "elapsed_seconds": 12.94, "running_n": 7}
SUMMARY {"n": 7, "valid_n": 7, "errors": 0, "complete": true, "judge_calls_current_process": 13, "score": 0.0, "entity_acc": 0.2857142857142857, "precision_by_row": 0.07142857142857142, "recall_by_row": 0.0023809523809523807, "f1_by_row": 0.004608294930875576, "precision_by_item": 0.12487852283770652, "recall_by_item": 0.024376417233560092, "f1_by_item": 0.01675078633603979, "column_precision": 0.15306122448979592, "column_recall": 0.04047619047619048, "column_f1": 0.025089605734767022}
