INFO: Pandarallel will run on 8 workers.
INFO: Pandarallel will use Memory file system to transfer data between the main process and workers.
{"event": "eval_start", "selected": 7, "resume_committed": 0, "committed_errors": 0, "crash_only_resume": false}
2026-08-13 14:16:47.427 | DEBUG    | eval.evaluation.data_loader:extract_dataframe:167 - find markdown_str 
| 时间 | 风格 | 时期 | 艺术类型 | 绘画媒材 | 收藏类型和艺术品名称 |
| --- | --- | --- | ...
2026-08-13 14:16:54.077 | INFO     | eval.evaluation.metric_utils:primary_key_preprocess:246 - primary_key_preprocess result: ```json
{
  "时间": "时间",
  "风格": "风格",
  "时期": "时期",
  "艺术类型": "艺术类型",
  "绘画媒材": "绘画媒材"
}
```
2026-08-13 14:16:54.077 | INFO     | eval.evaluation.evaluation:evaluate_single_query:172 - column map: {'时间': '时间', '风格': '风格', '时期': '时期', '艺术类型': '艺术类型', '绘画媒材': '绘画媒材'}
2026-08-13 14:16:54.078 | INFO     | eval.evaluation.evaluation:evaluate_single_query:173 - befor mapping: Index(['时间', '风格', '时期', '艺术类型', '绘画媒材', '收藏类型和艺术品名称'], dtype='object')
2026-08-13 14:16:54.078 | INFO     | eval.evaluation.evaluation:evaluate_single_query:175 - after mapping: Index(['时间', '风格', '时期', '艺术类型', '绘画媒材', '收藏类型和艺术品名称'], dtype='object')
2026-08-13 14:16:54.078 | INFO     | eval.evaluation.evaluation:evaluate_single_query:179 - instance_id: deep2wide_result_8_保罗高更, msg: required_columns ['时间', '风格', '时期', '艺术类型', '绘画媒材', '收藏类型', '艺术品名称'] != response_df Index(['时间', '风格', '时期', '艺术类型', '绘画媒材', '收藏类型和艺术品名称'], dtype='object')
{"event": "eval_done", "idx": 1, "instance_id": "deep2wide_result_8_保罗高更", "score": 0.0, "entity_acc": 1.0, "f1_by_row": 0.0, "f1_by_item": 0.0, "column_f1": 0.0, "error": null, "elapsed_seconds": 11.919, "running_n": 1}
{"event": "eval_done", "idx": 2, "instance_id": "deep2wide_result_9_凌洁", "score": 0.0, "entity_acc": 0.0, "f1_by_row": 0.0, "f1_by_item": 0.0, "column_f1": 0.0, "error": null, "elapsed_seconds": 5.41, "running_n": 2}
{"event": "eval_done", "idx": 3, "instance_id": "deep2wide_result_10_蒂特", "score": 0.0, "entity_acc": 0.0, "f1_by_row": 0.0, "f1_by_item": 0.0, "column_f1": 0.0, "error": null, "elapsed_seconds": 2.433, "running_n": 3}
{"event": "eval_done", "idx": 4, "instance_id": "deep2wide_result_11_印毅俊", "score": 0.0, "entity_acc": 0.0, "f1_by_row": 0.0, "f1_by_item": 0.0, "column_f1": 0.0, "error": null, "elapsed_seconds": 3.585, "running_n": 4}
2026-08-13 14:17:08.331 | DEBUG    | eval.evaluation.data_loader:extract_dataframe:167 - find markdown_str 
| 时间 | 作品 | 领衔主演 | 集数 |
| --- | --- | --- | --- |
| -, 1988 | 死 ...
2026-08-13 14:17:13.959 | INFO     | eval.evaluation.metric_utils:primary_key_preprocess:246 - primary_key_preprocess result: ```json
{
  "康熙微服私访记2": "《康熙微服私访记第二部》",
  "康熙微服私访记3": "《康熙微服私访记第三部》",
  "京城大状师": "《京城大状师》",
  "我这一辈子": "《我这一辈子》",
  "康熙微服私访记4": "《康熙微服私访记第四部》",
  "少年嘉庆": "《少年嘉庆》",
  "济公新传": "《济公新传》",
  "龙非龙凤非凤": "《龙非龙凤非凤》",
  "赶走你的忧郁": "《赶走你的忧郁》",
  "养父": "《养父》",
  "你是我爱人": "《你是我爱人》",
  "原乡": "《原乡》",
  "半路父子": "《半路父子》",
  "爱的追踪": "《爱的追踪》"
}
```
2026-08-13 14:17:13.959 | INFO     | eval.evaluation.evaluation:evaluate_single_query:223 - col: 作品, primary_key_map {'康熙微服私访记2': '《康熙微服私访记第二部》', '康熙微服私访记3': '《康熙微服私访记第三部》', '京城大状师': '《京城大状师》', '我这一辈子': '《我这一辈子》', '康熙微服私访记4': '《康熙微服私访记第四部》', '少年嘉庆': '《少年嘉庆》', '济公新传': '《济公新传》', '龙非龙凤非凤': '《龙非龙凤非凤》', '赶走你的忧郁': '《赶走你的忧郁》', '养父': '《养父》', '你是我爱人': '《你是我爱人》', '原乡': '《原乡》', '半路父子': '《半路父子》', '爱的追踪': '《爱的追踪》'}
2026-08-13 14:17:14.120 | INFO     | eval.evaluation.evaluation:evaluate_single_query:275 - deep2wide_result_13_张国立, df_inner shape: (14, 8), answer_df shape: (25, 4), response_df shape: (22, 5)
2026-08-13 14:17:14.123 | DEBUG    | eval.evaluation.evaluation:metric_call:77 - metric_func_name date_near score 0.0 msg date not near, response: 2016-08-01 00:00:00, target: 2013-10-08 00:00:00
2026-08-13 14:17:14.125 | DEBUG    | eval.evaluation.evaluation:metric_call:77 - metric_func_name date_near score 0.0 msg date not near, response: 2014-08-01 00:00:00, target: 2013-12-08 00:00:00
2026-08-13 14:17:14.127 | DEBUG    | eval.evaluation.evaluation:metric_call:77 - metric_func_name date_near score 0.0 msg date not near, response: 2014-08-01 00:00:00, target: 2013-12-08 00:00:00
2026-08-13 14:17:14.129 | DEBUG    | eval.evaluation.evaluation:metric_call:77 - metric_func_name date_near score 0.0 msg date not near, response: 2012-08-01 00:00:00, target: 2013-08-14 00:00:00
2026-08-13 14:17:14.132 | DEBUG    | eval.evaluation.evaluation:metric_call:77 - metric_func_name date_near score 0.0 msg date not near, response: 2011-08-01 00:00:00, target: 2013-08-15 00:00:00
2026-08-13 14:17:14.134 | DEBUG    | eval.evaluation.evaluation:metric_call:77 - metric_func_name date_near score 0.0 msg date not near, response: 2010-08-01 00:00:00, target: 2013-08-18 00:00:00
2026-08-13 14:17:14.136 | DEBUG    | eval.evaluation.evaluation:metric_call:77 - metric_func_name date_near score 0.0 msg date not near, response: 2006-08-01 00:00:00, target: 2013-08-20 00:00:00
2026-08-13 14:17:14.138 | DEBUG    | eval.evaluation.evaluation:metric_call:77 - metric_func_name date_near score 0.0 msg date not near, response: 2006-08-01 00:00:00, target: 2013-08-20 00:00:00
2026-08-13 14:17:14.140 | DEBUG    | eval.evaluation.evaluation:metric_call:77 - metric_func_name date_near score 0.0 msg date not near, response: 2005-08-01 00:00:00, target: 2013-08-21 00:00:00
2026-08-13 14:17:14.142 | DEBUG    | eval.evaluation.evaluation:metric_call:77 - metric_func_name date_near score 0.0 msg date not near, response: 2002-08-01 00:00:00, target: 2013-08-24 00:00:00
2026-08-13 14:17:14.144 | DEBUG    | eval.evaluation.evaluation:metric_call:77 - metric_func_name date_near score 0.0 msg date not near, response: 2002-08-01 00:00:00, target: 2013-08-24 00:00:00
2026-08-13 14:17:14.146 | DEBUG    | eval.evaluation.evaluation:metric_call:77 - metric_func_name date_near score 0.0 msg date not near, response: 2000-08-01 00:00:00, target: 2013-08-25 00:00:00
2026-08-13 14:17:14.149 | DEBUG    | eval.evaluation.evaluation:metric_call:77 - metric_func_name date_near score 0.0 msg date not near, response: 2000-08-01 00:00:00, target: 2013-08-26 00:00:00
2026-08-13 14:17:14.151 | DEBUG    | eval.evaluation.evaluation:metric_call:77 - metric_func_name date_near score 0.0 msg date not near, response: 1999-08-01 00:00:00, target: 2013-08-27 00:00:00
2026-08-13 14:17:14.152 | DEBUG    | eval.evaluation.evaluation:evaluate_single_query:321 - deep2wide_result_13_张国立, col 时间, metric_func_name date_near, score [0.0, 0.0, 0.0, 0.0, 0.0, 0.0, 0.0, 0.0, 0.0, 0.0, 0.0, 0.0, 0.0, 0.0]
2026-08-13 14:17:18.504 | DEBUG    | eval.evaluation.evaluation:evaluate_single_query:321 - deep2wide_result_13_张国立, col 领衔主演, metric_func_name llm_judge, score [0, 0, 0, 1, 0, 0, 0, 0, 0, 0, 0, 1, 0, 0]
2026-08-13 14:17:18.504 | DEBUG    | eval.evaluation.evaluation:metric_call:77 - metric_func_name number_near score 1.0 msg number near in range 5.0%, response: 36.0, target: 36.0
2026-08-13 14:17:18.504 | DEBUG    | eval.evaluation.evaluation:metric_call:77 - metric_func_name number_near score 1.0 msg number near in range 5.0%, response: 36.0, target: 36.0
2026-08-13 14:17:18.504 | DEBUG    | eval.evaluation.evaluation:metric_call:77 - metric_func_name number_near score 1.0 msg number near in range 5.0%, response: 31.0, target: 31.0
2026-08-13 14:17:18.504 | DEBUG    | eval.evaluation.evaluation:metric_call:77 - metric_func_name number_near score 1.0 msg number near in range 5.0%, response: 30.0, target: 30.0
2026-08-13 14:17:18.505 | DEBUG    | eval.evaluation.evaluation:metric_call:77 - metric_func_name number_near score 1.0 msg number near in range 5.0%, response: 40.0, target: 40.0
2026-08-13 14:17:18.505 | DEBUG    | eval.evaluation.evaluation:metric_call:77 - metric_func_name number_near score 1.0 msg number near in range 5.0%, response: 25.0, target: 25.0
2026-08-13 14:17:18.505 | DEBUG    | eval.evaluation.evaluation:metric_call:77 - metric_func_name number_near score 1.0 msg number near in range 5.0%, response: 30.0, target: 30.0
2026-08-13 14:17:18.505 | DEBUG    | eval.evaluation.evaluation:metric_call:77 - metric_func_name number_near score 1.0 msg number near in range 5.0%, response: 30.0, target: 30.0
2026-08-13 14:17:18.505 | DEBUG    | eval.evaluation.evaluation:metric_call:77 - metric_func_name number_near score 1.0 msg number near in range 5.0%, response: 32.0, target: 32.0
2026-08-13 14:17:18.505 | DEBUG    | eval.evaluation.evaluation:metric_call:77 - metric_func_name number_near score 1.0 msg number near in range 5.0%, response: 28.0, target: 28.0
2026-08-13 14:17:18.505 | DEBUG    | eval.evaluation.evaluation:metric_call:77 - metric_func_name number_near score 1.0 msg number near in range 5.0%, response: 22.0, target: 22.0
2026-08-13 14:17:18.505 | DEBUG    | eval.evaluation.evaluation:metric_call:77 - metric_func_name number_near score 1.0 msg number near in range 5.0%, response: 25.0, target: 25.0
2026-08-13 14:17:18.505 | DEBUG    | eval.evaluation.evaluation:metric_call:77 - metric_func_name number_near score 1.0 msg number near in range 5.0%, response: 26.0, target: 26.0
2026-08-13 14:17:18.505 | DEBUG    | eval.evaluation.evaluation:metric_call:77 - metric_func_name number_near score 1.0 msg number near in range 5.0%, response: 30.0, target: 30.0
2026-08-13 14:17:18.506 | DEBUG    | eval.evaluation.evaluation:evaluate_single_query:321 - deep2wide_result_13_张国立, col 集数, metric_func_name number_near, score [1.0, 1.0, 1.0, 1.0, 1.0, 1.0, 1.0, 1.0, 1.0, 1.0, 1.0, 1.0, 1.0, 1.0]
2026-08-13 14:17:18.511 | INFO     | eval.evaluation.evaluation:evaluate_single_query:380 - deep2wide_result_13_张国立, P/R/F1 by unique_columns: 0.6364/0.5600/0.5957
2026-08-13 14:17:18.511 | INFO     | eval.evaluation.evaluation:evaluate_single_query:383 - deep2wide_result_13_张国立, P/R/F1 by row: 0.0000/0.0000/0.0000
2026-08-13 14:17:18.511 | INFO     | eval.evaluation.evaluation:evaluate_single_query:386 - deep2wide_result_13_张国立, P/R/F1 by item: 0.3409/0.3000/0.3191
2026-08-13 14:17:18.513 | INFO     | eval.evaluation.evaluation:evaluate_single_query:398 - deep2wide_result_13_张国立, final table score: 0.0
{"event": "eval_done", "idx": 5, "instance_id": "deep2wide_result_13_张国立", "score": 0.0, "entity_acc": 1.0, "f1_by_row": 0.0, "f1_by_item": 0.3191489361702128, "column_f1": 0.5957446808510639, "error": null, "elapsed_seconds": 12.934, "running_n": 5}
2026-08-13 14:17:25.764 | DEBUG    | eval.evaluation.data_loader:extract_dataframe:167 - find markdown_str 
| 电视剧名称 | 开播时间 | 角色名 |
| --- | --- | --- |
| 一起同过窗 | Jul 15, 20 ...
2026-08-13 14:17:29.943 | INFO     | eval.evaluation.metric_utils:primary_key_preprocess:246 - primary_key_preprocess result: ```json
{
  "一起同过窗": "2016",
  "我女朋友的男朋友": "2017",
  "开封奇谈": "2017",
  "一起同过窗第二季": "2017",
  "重明卫：大明机密": "2018",
  "皓镧传": "2019",
  "我的单板女孩第一季": "2019",
  "我的单板女孩第二季": "2019",
  "蓬莱间": "2020",
  "我的同桌又上热搜了": "2021",
  "你给我的喜欢": "2023",
  "又见逍遥": "2024",
  "叠影江湖": "2024"
}
```
2026-08-13 14:17:29.943 | INFO     | eval.evaluation.evaluation:evaluate_single_query:223 - col: 电视剧名称, primary_key_map {'一起同过窗': '2016', '我女朋友的男朋友': '2017', '开封奇谈': '2017', '一起同过窗第二季': '2017', '重明卫：大明机密': '2018', '皓镧传': '2019', '我的单板女孩第一季': '2019', '我的单板女孩第二季': '2019', '蓬莱间': '2020', '我的同桌又上热搜了': '2021', '你给我的喜欢': '2023', '又见逍遥': '2024', '叠影江湖': '2024'}
2026-08-13 14:17:31.275 | INFO     | eval.evaluation.evaluation:evaluate_single_query:275 - deep2wide_result_14_李川, df_inner shape: (13, 6), answer_df shape: (8, 3), response_df shape: (15, 4)
2026-08-13 14:17:31.285 | DEBUG    | eval.evaluation.evaluation:metric_call:77 - metric_func_name date_near score 0.0 msg date not convertable, response: 2016-07-15, target: 《一起同过窗》
2026-08-13 14:17:31.292 | DEBUG    | eval.evaluation.evaluation:metric_call:77 - metric_func_name date_near score 0.0 msg date not convertable, response: 2017-05-25, target: 《那片星空那片海第二季》
2026-08-13 14:17:31.299 | DEBUG    | eval.evaluation.evaluation:metric_call:77 - metric_func_name date_near score 0.0 msg date not convertable, response: 2017-10-30, target: 《那片星空那片海第二季》
2026-08-13 14:17:31.307 | DEBUG    | eval.evaluation.evaluation:metric_call:77 - metric_func_name date_near score 0.0 msg date not convertable, response: 2017-11-30, target: 《那片星空那片海第二季》
2026-08-13 14:17:31.314 | DEBUG    | eval.evaluation.evaluation:metric_call:77 - metric_func_name date_near score 0.0 msg date not convertable, response: 2018-12-11, target: 《重明卫：大明机密》
2026-08-13 14:17:31.321 | DEBUG    | eval.evaluation.evaluation:metric_call:77 - metric_func_name date_near score 0.0 msg date not convertable, response: 2019-01-19, target: 《皓镧传》
2026-08-13 14:17:31.328 | DEBUG    | eval.evaluation.evaluation:metric_call:77 - metric_func_name date_near score 0.0 msg date not convertable, response: 2019-07-31, target: 《皓镧传》
2026-08-13 14:17:31.334 | DEBUG    | eval.evaluation.evaluation:metric_call:77 - metric_func_name date_near score 0.0 msg date not convertable, response: 2019-08-15, target: 《皓镧传》
2026-08-13 14:17:31.341 | DEBUG    | eval.evaluation.evaluation:metric_call:77 - metric_func_name date_near score 0.0 msg date not convertable, response: 2020-01-06, target: 《蓬莱间》
2026-08-13 14:17:31.348 | DEBUG    | eval.evaluation.evaluation:metric_call:77 - metric_func_name date_near score 0.0 msg date not convertable, response: 2021-07-14, target: 《我的小确幸》
2026-08-13 14:17:31.355 | DEBUG    | eval.evaluation.evaluation:metric_call:77 - metric_func_name date_near score 0.0 msg date not convertable, response: 2023-04-24, target: 《你给我的喜欢》
2026-08-13 14:17:31.362 | DEBUG    | eval.evaluation.evaluation:metric_call:77 - metric_func_name date_near score 0.0 msg date not convertable, response: 2024-04-02, target: 《少爷和我》
2026-08-13 14:17:31.369 | DEBUG    | eval.evaluation.evaluation:metric_call:77 - metric_func_name date_near score 0.0 msg date not convertable, response: 2024-08-09, target: 《少爷和我》
2026-08-13 14:17:31.370 | DEBUG    | eval.evaluation.evaluation:evaluate_single_query:321 - deep2wide_result_14_李川, col 开播时间, metric_func_name date_near, score [0.0, 0.0, 0.0, 0.0, 0.0, 0.0, 0.0, 0.0, 0.0, 0.0, 0.0, 0.0, 0.0]
2026-08-13 14:17:37.133 | DEBUG    | eval.evaluation.evaluation:evaluate_single_query:321 - deep2wide_result_14_李川, col 角色名, metric_func_name llm_judge, score [1, 0, 0, 0, 1, 1, 0, 0, 0, 0, 1, 0, 0]
2026-08-13 14:17:37.138 | INFO     | eval.evaluation.evaluation:evaluate_single_query:380 - deep2wide_result_14_李川, P/R/F1 by unique_columns: 0.8667/1.6250/1.1304
2026-08-13 14:17:37.138 | INFO     | eval.evaluation.evaluation:evaluate_single_query:383 - deep2wide_result_14_李川, P/R/F1 by row: 0.0000/0.0000/0.0000
2026-08-13 14:17:37.138 | INFO     | eval.evaluation.evaluation:evaluate_single_query:386 - deep2wide_result_14_李川, P/R/F1 by item: 0.3778/0.7083/0.4928
2026-08-13 14:17:37.140 | INFO     | eval.evaluation.evaluation:evaluate_single_query:398 - deep2wide_result_14_李川, final table score: 0.0
{"event": "eval_done", "idx": 6, "instance_id": "deep2wide_result_14_李川", "score": null, "entity_acc": null, "f1_by_row": null, "f1_by_item": null, "column_f1": null, "error": "RuntimeError: official evaluator returned out-of-range metrics: {'column_recall': np.float64(1.625), 'column_f1': np.float64(1.1304347826086958)}", "elapsed_seconds": 18.599, "running_n": 6}
{"event": "eval_done", "idx": 7, "instance_id": "deep2wide_result_15_肖央", "score": 0.0, "entity_acc": 0.0, "f1_by_row": 0.0, "f1_by_item": 0.0, "column_f1": 0.0, "error": null, "elapsed_seconds": 2.942, "running_n": 7}
SUMMARY {"n": 7, "valid_n": 6, "errors": 1, "complete": false, "judge_calls_current_process": 12, "score": 0.0, "entity_acc": 0.3333333333333333, "precision_by_row": 0.0, "recall_by_row": 0.0, "f1_by_row": 0.0, "precision_by_item": 0.056818181818181816, "recall_by_item": 0.049999999999999996, "f1_by_item": 0.05319148936170213, "column_precision": 0.10606060606060606, "column_recall": 0.09333333333333334, "column_f1": 0.09929078014184399}
