INFO: Pandarallel will run on 8 workers.
INFO: Pandarallel will use Memory file system to transfer data between the main process and workers.
{"event": "eval_start", "selected": 7, "resume_committed": 0, "committed_errors": 0, "crash_only_resume": false}
{"event": "eval_done", "idx": 1, "instance_id": "deep2wide_result_58_《近月少女的礼仪》", "score": 0.0, "entity_acc": 0.0, "f1_by_row": 0.0, "f1_by_item": 0.0, "column_f1": 0.0, "error": null, "elapsed_seconds": 3.553, "running_n": 1}
{"event": "eval_done", "idx": 2, "instance_id": "deep2wide_result_59_《魔女之泉》", "score": 0.0, "entity_acc": 0.0, "f1_by_row": 0.0, "f1_by_item": 0.0, "column_f1": 0.0, "error": null, "elapsed_seconds": 0.843, "running_n": 2}
2026-08-13 18:04:44.786 | DEBUG    | eval.evaluation.data_loader:extract_dataframe:167 - find markdown_str 
| 中文名称 | 外文名称 | 移动速度 |
| --- | --- | --- |
| 普通僵尸 | Zombie | 普通 ...
2026-08-13 18:04:51.303 | INFO     | eval.evaluation.metric_utils:primary_key_preprocess:246 - primary_key_preprocess result: ```json
{
  "普通僵尸": "普通僵尸",
  "旗帜僵尸": "旗子僵尸",
  "路障僵尸": "路障僵尸",
  "撑杆僵尸": "撑杆僵尸",
  "铁桶僵尸": "铁桶僵尸",
  "读报僵尸": "报纸僵尸",
  "铁栅门僵尸": "铁门僵尸",
  "橄榄球僵尸": "橄榄球僵尸",
  "舞王僵尸": "舞王僵尸",
  "伴舞僵尸": "伴舞僵尸",
  "鸭子救生圈僵尸": "鸭子救生圈僵尸",
  "潜水僵尸": "潜水僵尸",
  "雪橇车僵尸小队": "雪橇车僵尸",
  "海豚骑士僵尸": "海豚骑士僵尸",
  "玩偶匣僵尸": "玩偶匣僵尸",
  "气球僵尸": "气球僵尸",
  "矿工僵尸": "矿工僵尸",
  "跳跳僵尸": "蹦蹦僵尸",
  "僵尸雪人": "僵尸雪人",
  "蹦极僵尸": "蹦极僵尸",
  "扶梯僵尸": "梯子僵尸",
  "投石车僵尸": "投石车僵尸",
  "伽刚特尔": "巨人僵尸",
  "小鬼僵尸": "小鬼僵尸",
  "僵王博士": "埃德加·乔治·僵王博士"
}
```
2026-08-13 18:04:51.303 | INFO     | eval.evaluation.evaluation:evaluate_single_query:223 - col: 中文名称, primary_key_map {'普通僵尸': '普通僵尸', '旗帜僵尸': '旗子僵尸', '路障僵尸': '路障僵尸', '撑杆僵尸': '撑杆僵尸', '铁桶僵尸': '铁桶僵尸', '读报僵尸': '报纸僵尸', '铁栅门僵尸': '铁门僵尸', '橄榄球僵尸': '橄榄球僵尸', '舞王僵尸': '舞王僵尸', '伴舞僵尸': '伴舞僵尸', '鸭子救生圈僵尸': '鸭子救生圈僵尸', '潜水僵尸': '潜水僵尸', '雪橇车僵尸小队': '雪橇车僵尸', '海豚骑士僵尸': '海豚骑士僵尸', '玩偶匣僵尸': '玩偶匣僵尸', '气球僵尸': '气球僵尸', '矿工僵尸': '矿工僵尸', '跳跳僵尸': '蹦蹦僵尸', '僵尸雪人': '僵尸雪人', '蹦极僵尸': '蹦极僵尸', '扶梯僵尸': '梯子僵尸', '投石车僵尸': '投石车僵尸', '伽刚特尔': '巨人僵尸', '小鬼僵尸': '小鬼僵尸', '僵王博士': '埃德加·乔治·僵王博士'}
2026-08-13 18:04:51.312 | INFO     | eval.evaluation.evaluation:evaluate_single_query:275 - deep2wide_result_61_植物大战僵尸, df_inner shape: (25, 6), answer_df shape: (33, 3), response_df shape: (26, 4)
2026-08-13 18:04:56.634 | DEBUG    | eval.evaluation.evaluation:evaluate_single_query:321 - deep2wide_result_61_植物大战僵尸, col 外文名称, metric_func_name llm_judge, score [1, 1, 1, 1, 1, 1, 1, 1, 1, 1, 1, 0, 1, 1, 1, 1, 1, 1, 1, 1, 1, 1, 1, 1, 1]
2026-08-13 18:04:56.634 | DEBUG    | eval.evaluation.evaluation:metric_call:77 - metric_func_name number_near score 1.0 msg number near in range 5.0%, response: 4.7, target: 4.7
2026-08-13 18:04:56.634 | DEBUG    | eval.evaluation.evaluation:metric_call:77 - metric_func_name number_near score 0.0 msg number not near, response: 4.7, target: 3.7
2026-08-13 18:04:56.634 | DEBUG    | eval.evaluation.evaluation:metric_call:77 - metric_func_name number_near score 1.0 msg number near in range 5.0%, response: 4.7, target: 4.7
2026-08-13 18:04:56.635 | DEBUG    | eval.evaluation.evaluation:metric_call:77 - metric_func_name number_near score 0.0 msg number not convertable, response: None, target: 2.5
2026-08-13 18:04:56.635 | DEBUG    | eval.evaluation.evaluation:metric_call:77 - metric_func_name number_near score 1.0 msg number near in range 5.0%, response: 4.7, target: 4.7
2026-08-13 18:04:56.635 | DEBUG    | eval.evaluation.evaluation:metric_call:77 - metric_func_name number_near score 0.0 msg number not convertable, response: None, target: 4.7
2026-08-13 18:04:56.635 | DEBUG    | eval.evaluation.evaluation:metric_call:77 - metric_func_name number_near score 1.0 msg number near in range 5.0%, response: 2.5, target: 2.5
2026-08-13 18:04:56.635 | DEBUG    | eval.evaluation.evaluation:metric_call:77 - metric_func_name number_near score 0.0 msg number not near, response: 2.5, target: 1.2
2026-08-13 18:04:56.635 | DEBUG    | eval.evaluation.evaluation:metric_call:77 - metric_func_name number_near score 0.0 msg number not convertable, response: None, target: 5.5
2026-08-13 18:04:56.635 | DEBUG    | eval.evaluation.evaluation:metric_call:77 - metric_func_name number_near score 1.0 msg number near in range 5.0%, response: 4.7, target: 4.7
2026-08-13 18:04:56.635 | DEBUG    | eval.evaluation.evaluation:metric_call:77 - metric_func_name number_near score 0.0 msg number not near, response: 3.0, target: 4.0
2026-08-13 18:04:56.635 | DEBUG    | eval.evaluation.evaluation:metric_call:77 - metric_func_name number_near score 0.0 msg number not convertable, response: None, target: 3.0
2026-08-13 18:04:56.635 | DEBUG    | eval.evaluation.evaluation:metric_call:77 - metric_func_name number_near score 0.0 msg number not convertable, response: None, target: 0.8
2026-08-13 18:04:56.635 | DEBUG    | eval.evaluation.evaluation:metric_call:77 - metric_func_name number_near score 0.0 msg number not near, response: 3.0, target: 2.2
2026-08-13 18:04:56.635 | DEBUG    | eval.evaluation.evaluation:metric_call:77 - metric_func_name number_near score 1.0 msg number near in range 5.0%, response: 2.5, target: 2.5
2026-08-13 18:04:56.635 | DEBUG    | eval.evaluation.evaluation:metric_call:77 - metric_func_name number_near score 0.0 msg number not convertable, response: None, target: 1.2
2026-08-13 18:04:56.635 | DEBUG    | eval.evaluation.evaluation:metric_call:77 - metric_func_name number_near score 0.0 msg number not convertable, response: None, target: 5.0
2026-08-13 18:04:56.635 | DEBUG    | eval.evaluation.evaluation:metric_call:77 - metric_func_name number_near score 0.0 msg number not near, response: 5.0, target: 2.5
2026-08-13 18:04:56.635 | DEBUG    | eval.evaluation.evaluation:metric_call:77 - metric_func_name number_near score 0.0 msg number not near, response: 6.0, target: 4.7
2026-08-13 18:04:56.635 | DEBUG    | eval.evaluation.evaluation:metric_call:77 - metric_func_name number_near score 0.0 msg number not near, response: 4.7, target: 1.9
2026-08-13 18:04:56.635 | DEBUG    | eval.evaluation.evaluation:metric_call:77 - metric_func_name number_near score 1.0 msg number equal, response: NULL, target: NULL
2026-08-13 18:04:56.635 | DEBUG    | eval.evaluation.evaluation:metric_call:77 - metric_func_name number_near score 1.0 msg number equal, response: NULL, target: NULL
2026-08-13 18:04:56.636 | DEBUG    | eval.evaluation.evaluation:metric_call:77 - metric_func_name number_near score 0.0 msg number not near, response: 2.5, target: 1.9
2026-08-13 18:04:56.636 | DEBUG    | eval.evaluation.evaluation:metric_call:77 - metric_func_name number_near score 0.0 msg number not convertable, response: None, target: 2.0
2026-08-13 18:04:56.636 | DEBUG    | eval.evaluation.evaluation:metric_call:77 - metric_func_name number_near score 0.0 msg number not convertable, response: 4.7, target: None
2026-08-13 18:04:56.636 | DEBUG    | eval.evaluation.evaluation:evaluate_single_query:321 - deep2wide_result_61_植物大战僵尸, col 移动速度, metric_func_name number_near, score [1.0, 0.0, 1.0, 0.0, 1.0, 0.0, 1.0, 0.0, 0.0, 1.0, 0.0, 0.0, 0.0, 0.0, 1.0, 0.0, 0.0, 0.0, 0.0, 0.0, 1.0, 1.0, 0.0, 0.0, 0.0]
2026-08-13 18:04:56.642 | INFO     | eval.evaluation.evaluation:evaluate_single_query:380 - deep2wide_result_61_植物大战僵尸, P/R/F1 by unique_columns: 0.9615/0.7576/0.8475
2026-08-13 18:04:56.642 | INFO     | eval.evaluation.evaluation:evaluate_single_query:383 - deep2wide_result_61_植物大战僵尸, P/R/F1 by row: 0.3077/0.2424/0.2712
2026-08-13 18:04:56.642 | INFO     | eval.evaluation.evaluation:evaluate_single_query:386 - deep2wide_result_61_植物大战僵尸, P/R/F1 by item: 0.7308/0.5758/0.6441
2026-08-13 18:04:56.645 | INFO     | eval.evaluation.evaluation:evaluate_single_query:398 - deep2wide_result_61_植物大战僵尸, final table score: 0.0
{"event": "eval_done", "idx": 3, "instance_id": "deep2wide_result_61_植物大战僵尸", "score": 0.0, "entity_acc": 1.0, "f1_by_row": 0.2711864406779661, "f1_by_item": 0.6440677966101696, "column_f1": 0.8474576271186441, "error": null, "elapsed_seconds": 13.01, "running_n": 3}
{"event": "eval_done", "idx": 4, "instance_id": "deep2wide_result_63_常春藤联盟", "score": 0.0, "entity_acc": 0.0, "f1_by_row": 0.0, "f1_by_item": 0.0, "column_f1": 0.0, "error": null, "elapsed_seconds": 2.764, "running_n": 4}
{"event": "eval_done", "idx": 5, "instance_id": "deep2wide_result_64_哈尔滨工业大学", "score": 0.0, "entity_acc": 0.0, "f1_by_row": 0.0, "f1_by_item": 0.0, "column_f1": 0.0, "error": null, "elapsed_seconds": 1.781, "running_n": 5}
2026-08-13 18:05:07.578 | DEBUG    | eval.evaluation.data_loader:extract_dataframe:167 - find markdown_str 
| 姓名 | 任期 | 出生日期 |
| --- | --- | --- |
| 郭沫若 | 1958–1978 | Nov  ...
2026-08-13 18:05:11.321 | INFO     | eval.evaluation.metric_utils:primary_key_preprocess:246 - primary_key_preprocess result: ```json
{
  "郭沫若": "郭沫若",
  "严济慈": "严济慈",
  "管惟炎": "管惟炎",
  "滕藤": "滕藤",
  "谷超豪": "谷超豪",
  "汤洪高": "汤洪高",
  "朱清时": "朱清时",
  "侯建国": "侯建国",
  "万立骏": "万立骏",
  "包信和": "包信和",
  "常进": "常进"
}
```
2026-08-13 18:05:11.322 | INFO     | eval.evaluation.evaluation:evaluate_single_query:223 - col: 姓名, primary_key_map {'郭沫若': '郭沫若', '严济慈': '严济慈', '管惟炎': '管惟炎', '滕藤': '滕藤', '谷超豪': '谷超豪', '汤洪高': '汤洪高', '朱清时': '朱清时', '侯建国': '侯建国', '万立骏': '万立骏', '包信和': '包信和', '常进': '常进'}
2026-08-13 18:05:13.830 | INFO     | eval.evaluation.evaluation:evaluate_single_query:275 - deep2wide_result_66_中国科学技术大学, df_inner shape: (11, 6), answer_df shape: (11, 3), response_df shape: (11, 4)
2026-08-13 18:05:13.832 | DEBUG    | eval.evaluation.evaluation:metric_call:77 - metric_func_name exact_match score 0.0 msg exact not match, response: 1958–1978, target: 1958年-1978年
2026-08-13 18:05:13.832 | DEBUG    | eval.evaluation.evaluation:metric_call:77 - metric_func_name exact_match score 0.0 msg exact not match, response: 1980–1984, target: 1980年-1984年
2026-08-13 18:05:13.832 | DEBUG    | eval.evaluation.evaluation:metric_call:77 - metric_func_name exact_match score 0.0 msg exact not match, response: 1985–1987, target: 1985年-1987年
2026-08-13 18:05:13.832 | DEBUG    | eval.evaluation.evaluation:metric_call:77 - metric_func_name exact_match score 0.0 msg exact not match, response: 1987–1988, target: 1987年-1988年
2026-08-13 18:05:13.832 | DEBUG    | eval.evaluation.evaluation:metric_call:77 - metric_func_name exact_match score 0.0 msg exact not match, response: 1988–1993, target: 1988年-1993年
2026-08-13 18:05:13.832 | DEBUG    | eval.evaluation.evaluation:metric_call:77 - metric_func_name exact_match score 0.0 msg exact not match, response: 1993–1998, target: 1993年-1998年
2026-08-13 18:05:13.832 | DEBUG    | eval.evaluation.evaluation:metric_call:77 - metric_func_name exact_match score 0.0 msg exact not match, response: 1998–2008, target: 1998年-2008年
2026-08-13 18:05:13.832 | DEBUG    | eval.evaluation.evaluation:metric_call:77 - metric_func_name exact_match score 0.0 msg exact not match, response: 2008–2015, target: 2008年-2015年
2026-08-13 18:05:13.832 | DEBUG    | eval.evaluation.evaluation:metric_call:77 - metric_func_name exact_match score 0.0 msg exact not match, response: 2015–2017, target: 2015年-2017年
2026-08-13 18:05:13.832 | DEBUG    | eval.evaluation.evaluation:metric_call:77 - metric_func_name exact_match score 0.0 msg exact not match, response: 2017–2024, target: 2017年-2024年
2026-08-13 18:05:13.832 | DEBUG    | eval.evaluation.evaluation:metric_call:77 - metric_func_name exact_match score 0.0 msg exact not match, response: 2024–至今, target: 2024年-
2026-08-13 18:05:13.833 | DEBUG    | eval.evaluation.evaluation:evaluate_single_query:321 - deep2wide_result_66_中国科学技术大学, col 任期, metric_func_name exact_match, score [0.0, 0.0, 0.0, 0.0, 0.0, 0.0, 0.0, 0.0, 0.0, 0.0, 0.0]
2026-08-13 18:05:13.836 | DEBUG    | eval.evaluation.evaluation:metric_call:77 - metric_func_name date_near score 1.0 msg date near, response: 1892-11-16 00:00:00, target: 1892-11-16 00:00:00
2026-08-13 18:05:13.886 | DEBUG    | eval.evaluation.evaluation:metric_call:77 - metric_func_name date_near score 0.0 msg date not convertable, response: 1901-01-23, target: 389
2026-08-13 18:05:13.942 | DEBUG    | eval.evaluation.evaluation:metric_call:77 - metric_func_name date_near score 0.0 msg date not convertable, response: 1928-08-18, target: 10458
2026-08-13 18:05:13.996 | DEBUG    | eval.evaluation.evaluation:metric_call:77 - metric_func_name date_near score 0.0 msg date not convertable, response: 1930-08-01, target: 11072
2026-08-13 18:05:13.999 | DEBUG    | eval.evaluation.evaluation:metric_call:77 - metric_func_name date_near score 0.0 msg date not near, response: 1926-05-15 00:00:00, target: 9632-08-01 00:00:00
2026-08-13 18:05:14.052 | DEBUG    | eval.evaluation.evaluation:metric_call:77 - metric_func_name date_near score 0.0 msg date not convertable, response: 1939-08-01, target: 14495
2026-08-13 18:05:14.106 | DEBUG    | eval.evaluation.evaluation:metric_call:77 - metric_func_name date_near score 0.0 msg date not convertable, response: 1946-02-07, target: 16840
2026-08-13 18:05:14.160 | DEBUG    | eval.evaluation.evaluation:metric_call:77 - metric_func_name date_near score 0.0 msg date not convertable, response: 1959-08-01, target: 21824
2026-08-13 18:05:14.214 | DEBUG    | eval.evaluation.evaluation:metric_call:77 - metric_func_name date_near score 0.0 msg date not convertable, response: 1957-07-10, target: 21002
2026-08-13 18:05:14.268 | DEBUG    | eval.evaluation.evaluation:metric_call:77 - metric_func_name date_near score 0.0 msg date not convertable, response: 1959-08-16, target: 21763
2026-08-13 18:05:14.321 | DEBUG    | eval.evaluation.evaluation:metric_call:77 - metric_func_name date_near score 0.0 msg date not convertable, response: 1966-07-15, target: 24289
2026-08-13 18:05:14.322 | DEBUG    | eval.evaluation.evaluation:evaluate_single_query:321 - deep2wide_result_66_中国科学技术大学, col 出生日期, metric_func_name date_near, score [1.0, 0.0, 0.0, 0.0, 0.0, 0.0, 0.0, 0.0, 0.0, 0.0, 0.0]
2026-08-13 18:05:14.327 | INFO     | eval.evaluation.evaluation:evaluate_single_query:380 - deep2wide_result_66_中国科学技术大学, P/R/F1 by unique_columns: 1.0000/1.0000/1.0000
2026-08-13 18:05:14.327 | INFO     | eval.evaluation.evaluation:evaluate_single_query:383 - deep2wide_result_66_中国科学技术大学, P/R/F1 by row: 0.0000/0.0000/0.0000
2026-08-13 18:05:14.327 | INFO     | eval.evaluation.evaluation:evaluate_single_query:386 - deep2wide_result_66_中国科学技术大学, P/R/F1 by item: 0.3636/0.3636/0.3636
2026-08-13 18:05:14.329 | INFO     | eval.evaluation.evaluation:evaluate_single_query:398 - deep2wide_result_66_中国科学技术大学, final table score: 0.0
{"event": "eval_done", "idx": 6, "instance_id": "deep2wide_result_66_中国科学技术大学", "score": 0.0, "entity_acc": 1.0, "f1_by_row": 0.0, "f1_by_item": 0.36363636363636365, "column_f1": 1.0, "error": null, "elapsed_seconds": 13.078, "running_n": 6}
2026-08-13 18:05:17.063 | DEBUG    | eval.evaluation.data_loader:extract_dataframe:167 - find markdown_str 
| 时间 | 荣誉表彰 | 授予单位 | 任教单位 | 社会任职 |
| --- | --- | --- | --- | -- ...
2026-08-13 18:05:20.351 | INFO     | eval.evaluation.metric_utils:primary_key_preprocess:246 - primary_key_preprocess result: ```json
{
  "Julius Edgar Lilienfeld Prize（朱利叶斯·埃德加·利林菲尔德奖）": "朱利叶斯·埃德加·利连菲尔德奖"
}
```
2026-08-13 18:05:20.352 | INFO     | eval.evaluation.evaluation:evaluate_single_query:223 - col: 荣誉表彰, primary_key_map {'Julius Edgar Lilienfeld Prize（朱利叶斯·埃德加·利林菲尔德奖）': '朱利叶斯·埃德加·利连菲尔德奖'}
2026-08-13 18:05:20.380 | INFO     | eval.evaluation.evaluation:evaluate_single_query:275 - deep2wide_result_67_基普·索恩, df_inner shape: (1, 10), answer_df shape: (7, 5), response_df shape: (6, 6)
2026-08-13 18:05:20.383 | DEBUG    | eval.evaluation.evaluation:metric_call:77 - metric_func_name date_near score 0.0 msg date not near, response: 1996-08-01 00:00:00, target: 2013-08-30 00:00:00
2026-08-13 18:05:20.384 | DEBUG    | eval.evaluation.evaluation:evaluate_single_query:321 - deep2wide_result_67_基普·索恩, col 时间, metric_func_name date_near, score [0.0]
2026-08-13 18:05:21.793 | DEBUG    | eval.evaluation.evaluation:evaluate_single_query:321 - deep2wide_result_67_基普·索恩, col 授予单位, metric_func_name llm_judge, score [1]
2026-08-13 18:05:29.054 | DEBUG    | eval.evaluation.evaluation:evaluate_single_query:321 - deep2wide_result_67_基普·索恩, col 任教单位, metric_func_name llm_judge, score [1]
2026-08-13 18:05:30.966 | DEBUG    | eval.evaluation.evaluation:evaluate_single_query:321 - deep2wide_result_67_基普·索恩, col 社会任职, metric_func_name llm_judge, score [0]
2026-08-13 18:05:30.974 | INFO     | eval.evaluation.evaluation:evaluate_single_query:380 - deep2wide_result_67_基普·索恩, P/R/F1 by unique_columns: 0.1667/0.1429/0.1538
2026-08-13 18:05:30.974 | INFO     | eval.evaluation.evaluation:evaluate_single_query:383 - deep2wide_result_67_基普·索恩, P/R/F1 by row: 0.0000/0.0000/0.0000
2026-08-13 18:05:30.974 | INFO     | eval.evaluation.evaluation:evaluate_single_query:386 - deep2wide_result_67_基普·索恩, P/R/F1 by item: 0.1000/0.0857/0.0923
2026-08-13 18:05:30.975 | INFO     | eval.evaluation.evaluation:evaluate_single_query:398 - deep2wide_result_67_基普·索恩, final table score: 0.0
{"event": "eval_done", "idx": 7, "instance_id": "deep2wide_result_67_基普·索恩", "score": 0.0, "entity_acc": 1.0, "f1_by_row": 0.0, "f1_by_item": 0.09230769230769231, "column_f1": 0.15384615384615383, "error": null, "elapsed_seconds": 16.629, "running_n": 7}
SUMMARY {"n": 7, "valid_n": 7, "errors": 0, "complete": true, "judge_calls_current_process": 14, "score": 0.0, "entity_acc": 0.42857142857142855, "precision_by_row": 0.04395604395604396, "recall_by_row": 0.03463203463203463, "f1_by_row": 0.0387409200968523, "precision_by_item": 0.17062937062937064, "recall_by_item": 0.14644403215831786, "f1_by_item": 0.15714455036488936, "column_precision": 0.304029304029304, "column_recall": 0.2714904143475572, "column_f1": 0.28590054013782823}
