INFO: Pandarallel will run on 8 workers.
INFO: Pandarallel will use Memory file system to transfer data between the main process and workers.
{"event": "eval_start", "selected": 7, "resume_committed": 0, "committed_errors": 0, "crash_only_resume": false}
2026-08-13 18:04:42.861 | DEBUG    | eval.evaluation.data_loader:extract_dataframe:167 - find markdown_str 
| 称呼姓名 | 逝世时间 | 祖籍 |
| --- | --- | --- |
| 章德窦皇后 | -, 97 | 扶风平陵 ...
2026-08-13 18:04:45.720 | INFO     | eval.evaluation.metric_utils:primary_key_preprocess:246 - primary_key_preprocess result: ```json
{
  "称呼姓名": "称呼/姓名",
  "逝世时间": "逝世时间",
  "祖籍": "祖籍"
}
```
2026-08-13 18:04:45.720 | INFO     | eval.evaluation.evaluation:evaluate_single_query:172 - column map: {'称呼姓名': '称呼/姓名', '逝世时间': '逝世时间', '祖籍': '祖籍'}
2026-08-13 18:04:45.720 | INFO     | eval.evaluation.evaluation:evaluate_single_query:173 - befor mapping: Index(['称呼姓名', '逝世时间', '祖籍'], dtype='object')
2026-08-13 18:04:45.721 | INFO     | eval.evaluation.evaluation:evaluate_single_query:175 - after mapping: Index(['称呼/姓名', '逝世时间', '祖籍'], dtype='object')
2026-08-13 18:04:49.534 | INFO     | eval.evaluation.metric_utils:primary_key_preprocess:246 - primary_key_preprocess result: ```json
{
  "章德窦皇后": "章德窦皇后",
  "和熹皇后邓绥": "和熹皇后邓绥",
  "安思皇后阎姬": "阎姬",
  "顺烈皇后梁妠": "梁妠",
  "桓思皇后窦妙": "窦妙",
  "灵思何皇后": "灵思皇后"
}
```
2026-08-13 18:04:49.534 | INFO     | eval.evaluation.evaluation:evaluate_single_query:223 - col: 称呼/姓名, primary_key_map {'章德窦皇后': '章德窦皇后', '和熹皇后邓绥': '和熹皇后邓绥', '安思皇后阎姬': '阎姬', '顺烈皇后梁妠': '梁妠', '桓思皇后窦妙': '窦妙', '灵思何皇后': '灵思皇后'}
2026-08-13 18:04:51.902 | INFO     | eval.evaluation.evaluation:evaluate_single_query:275 - deep2wide_result_60_东汉, df_inner shape: (6, 6), answer_df shape: (6, 3), response_df shape: (6, 4)
2026-08-13 18:04:51.906 | DEBUG    | eval.evaluation.evaluation:metric_call:77 - metric_func_name date_near score 0.0 msg date not near, response: 1997-08-01 00:00:00, target: 1929-08-13 00:00:00
2026-08-13 18:04:51.986 | DEBUG    | eval.evaluation.evaluation:metric_call:77 - metric_func_name date_near score 1.0 msg date near, response: -, 121, target: 121年4月17日
2026-08-13 18:04:52.067 | DEBUG    | eval.evaluation.evaluation:metric_call:77 - metric_func_name date_near score 1.0 msg date near, response: -, 126, target: 126年3月30日
2026-08-13 18:04:52.149 | DEBUG    | eval.evaluation.evaluation:metric_call:77 - metric_func_name date_near score 1.0 msg date near, response: -, 150, target: 150年4月6日
2026-08-13 18:04:52.219 | DEBUG    | eval.evaluation.evaluation:metric_call:77 - metric_func_name date_near score 0.0 msg date not convertable, response: -, 172, target: 1854-08-13
2026-08-13 18:04:52.292 | DEBUG    | eval.evaluation.evaluation:metric_call:77 - metric_func_name date_near score 1.0 msg date near, response: Sep 30, 189, target: 189年9月30日
2026-08-13 18:04:52.293 | DEBUG    | eval.evaluation.evaluation:evaluate_single_query:321 - deep2wide_result_60_东汉, col 逝世时间, metric_func_name date_near, score [0.0, 1.0, 1.0, 1.0, 0.0, 1.0]
2026-08-13 18:04:57.085 | DEBUG    | eval.evaluation.evaluation:evaluate_single_query:321 - deep2wide_result_60_东汉, col 祖籍, metric_func_name llm_judge, score [1, 1, 1, 0, 1, 1]
2026-08-13 18:04:57.091 | INFO     | eval.evaluation.evaluation:evaluate_single_query:380 - deep2wide_result_60_东汉, P/R/F1 by unique_columns: 1.0000/1.0000/1.0000
2026-08-13 18:04:57.091 | INFO     | eval.evaluation.evaluation:evaluate_single_query:383 - deep2wide_result_60_东汉, P/R/F1 by row: 0.5000/0.5000/0.5000
2026-08-13 18:04:57.091 | INFO     | eval.evaluation.evaluation:evaluate_single_query:386 - deep2wide_result_60_东汉, P/R/F1 by item: 0.8333/0.8333/0.8333
2026-08-13 18:04:57.093 | INFO     | eval.evaluation.evaluation:evaluate_single_query:398 - deep2wide_result_60_东汉, final table score: 0.0
{"event": "eval_done", "idx": 1, "instance_id": "deep2wide_result_60_东汉", "score": 0.0, "entity_acc": 1.0, "f1_by_row": 0.5, "f1_by_item": 0.8333333333333334, "column_f1": 1.0, "error": null, "elapsed_seconds": 17.919, "running_n": 1}
{"event": "eval_done", "idx": 2, "instance_id": "deep2wide_result_62_诺贝尔奖", "score": 0.0, "entity_acc": 0.0, "f1_by_row": 0.0, "f1_by_item": 0.0, "column_f1": 0.0, "error": null, "elapsed_seconds": 12.671, "running_n": 2}
{"event": "eval_done", "idx": 3, "instance_id": "deep2wide_result_65_中国经济年度人物奖", "score": 0.0, "entity_acc": 0.0, "f1_by_row": 0.0, "f1_by_item": 0.0, "column_f1": 0.0, "error": null, "elapsed_seconds": 2.853, "running_n": 3}
{"event": "eval_done", "idx": 4, "instance_id": "deep2wide_result_71_香港中文大学", "score": 0.0, "entity_acc": 0.0, "f1_by_row": 0.0, "f1_by_item": 0.0, "column_f1": 0.0, "error": null, "elapsed_seconds": 2.881, "running_n": 4}
{"event": "eval_done", "idx": 5, "instance_id": "wide2deep_ws_zh_004", "score": 0.0, "entity_acc": 0.0, "f1_by_row": 0.0, "f1_by_item": 0.0, "column_f1": 0.0, "error": null, "elapsed_seconds": 2.143, "running_n": 5}
2026-08-13 18:05:21.238 | DEBUG    | eval.evaluation.data_loader:extract_dataframe:167 - find markdown_str 
| 学校名称 | 院士姓名 | 出生年份 | 获得奖项 |
| --- | --- | --- | --- |
| 北京大学  ...
2026-08-13 18:05:27.036 | INFO     | eval.evaluation.metric_utils:primary_key_preprocess:246 - primary_key_preprocess result: ```json
{
  "姜伯驹": "姜伯驹",
  "张恭庆": "张恭庆",
  "王诗宬": "王诗宬",
  "文兰": "文兰",
  "张继平": "张继平",
  "田刚": "田刚",
  "鄂维南": "鄂维南",
  "张平文": "张平文",
  "李大潜": "李大潜",
  "洪家兴": "洪家兴",
  "陈恕行": "陈恕行",
  "彭实戈": "彭实戈",
  "王小云": "王小云"
}
```
2026-08-13 18:05:27.037 | INFO     | eval.evaluation.evaluation:evaluate_single_query:223 - col: 院士姓名, primary_key_map {'姜伯驹': '姜伯驹', '张恭庆': '张恭庆', '王诗宬': '王诗宬', '文兰': '文兰', '张继平': '张继平', '田刚': '田刚', '鄂维南': '鄂维南', '张平文': '张平文', '李大潜': '李大潜', '洪家兴': '洪家兴', '陈恕行': '陈恕行', '彭实戈': '彭实戈', '王小云': '王小云'}
2026-08-13 18:05:27.044 | INFO     | eval.evaluation.evaluation:evaluate_single_query:275 - wide2deep_ws_zh_056, df_inner shape: (13, 8), answer_df shape: (16, 4), response_df shape: (15, 5)
2026-08-13 18:05:30.203 | DEBUG    | eval.evaluation.evaluation:evaluate_single_query:321 - wide2deep_ws_zh_056, col 学校名称, metric_func_name llm_judge, score [1, 1, 1, 1, 1, 1, 1, 1, 1, 1, 1, 1, 1]
2026-08-13 18:05:30.204 | DEBUG    | eval.evaluation.evaluation:metric_call:77 - metric_func_name number_near score 1.0 msg number near in range 0.0%, response: 1937.0, target: 1937.0
2026-08-13 18:05:30.204 | DEBUG    | eval.evaluation.evaluation:metric_call:77 - metric_func_name number_near score 1.0 msg number near in range 0.0%, response: 1936.0, target: 1936.0
2026-08-13 18:05:30.204 | DEBUG    | eval.evaluation.evaluation:metric_call:77 - metric_func_name number_near score 1.0 msg number near in range 0.0%, response: 1946.0, target: 1946.0
2026-08-13 18:05:30.204 | DEBUG    | eval.evaluation.evaluation:metric_call:77 - metric_func_name number_near score 1.0 msg number near in range 0.0%, response: 1958.0, target: 1958.0
2026-08-13 18:05:30.204 | DEBUG    | eval.evaluation.evaluation:metric_call:77 - metric_func_name number_near score 0.0 msg number not near, response: 1946.0, target: 1953.0
2026-08-13 18:05:30.204 | DEBUG    | eval.evaluation.evaluation:metric_call:77 - metric_func_name number_near score 1.0 msg number near in range 0.0%, response: 1963.0, target: 1963.0
2026-08-13 18:05:30.204 | DEBUG    | eval.evaluation.evaluation:metric_call:77 - metric_func_name number_near score 1.0 msg number near in range 0.0%, response: 1966.0, target: 1966.0
2026-08-13 18:05:30.205 | DEBUG    | eval.evaluation.evaluation:metric_call:77 - metric_func_name number_near score 0.0 msg number not near, response: 1949.0, target: 1958.0
2026-08-13 18:05:30.205 | DEBUG    | eval.evaluation.evaluation:metric_call:77 - metric_func_name number_near score 1.0 msg number near in range 0.0%, response: 1937.0, target: 1937.0
2026-08-13 18:05:30.205 | DEBUG    | eval.evaluation.evaluation:metric_call:77 - metric_func_name number_near score 1.0 msg number near in range 0.0%, response: 1942.0, target: 1942.0
2026-08-13 18:05:30.205 | DEBUG    | eval.evaluation.evaluation:metric_call:77 - metric_func_name number_near score 0.0 msg number not near, response: 1947.0, target: 1941.0
2026-08-13 18:05:30.205 | DEBUG    | eval.evaluation.evaluation:metric_call:77 - metric_func_name number_near score 1.0 msg number near in range 0.0%, response: 1947.0, target: 1947.0
2026-08-13 18:05:30.205 | DEBUG    | eval.evaluation.evaluation:metric_call:77 - metric_func_name number_near score 1.0 msg number near in range 0.0%, response: 1966.0, target: 1966.0
2026-08-13 18:05:30.205 | DEBUG    | eval.evaluation.evaluation:evaluate_single_query:321 - wide2deep_ws_zh_056, col 出生年份, metric_func_name number_near, score [1.0, 1.0, 1.0, 1.0, 0.0, 1.0, 1.0, 0.0, 1.0, 1.0, 0.0, 1.0, 1.0]
2026-08-13 18:05:34.518 | DEBUG    | eval.evaluation.evaluation:evaluate_single_query:321 - wide2deep_ws_zh_056, col 获得奖项, metric_func_name llm_judge, score [1, 1, 1, 0, 0, 0, 0, 0, 1, 0, 0, 0, 0]
2026-08-13 18:05:34.532 | INFO     | eval.evaluation.evaluation:evaluate_single_query:380 - wide2deep_ws_zh_056, P/R/F1 by unique_columns: 0.8667/0.8125/0.8387
2026-08-13 18:05:34.532 | INFO     | eval.evaluation.evaluation:evaluate_single_query:383 - wide2deep_ws_zh_056, P/R/F1 by row: 0.2667/0.2500/0.2581
2026-08-13 18:05:34.532 | INFO     | eval.evaluation.evaluation:evaluate_single_query:386 - wide2deep_ws_zh_056, P/R/F1 by item: 0.6667/0.6250/0.6452
2026-08-13 18:05:34.535 | INFO     | eval.evaluation.evaluation:evaluate_single_query:398 - wide2deep_ws_zh_056, final table score: 0.0
{"event": "eval_done", "idx": 6, "instance_id": "wide2deep_ws_zh_056", "score": 0.0, "entity_acc": 1.0, "f1_by_row": 0.2580645161290323, "f1_by_item": 0.6451612903225806, "column_f1": 0.8387096774193549, "error": null, "elapsed_seconds": 16.794, "running_n": 6}
2026-08-13 18:05:37.128 | DEBUG    | eval.evaluation.data_loader:extract_dataframe:167 - find markdown_str 
| 年份 | 电视端收视率 | 导演 | 冠名商 |
| --- | --- | --- | --- |
| 2001年 |  ...
2026-08-13 18:05:40.606 | INFO     | eval.evaluation.metric_utils:primary_key_preprocess:246 - primary_key_preprocess result: ```json
{
  "2001年": "2001年",
  "2002年": "2002年",
  "2003年": "2003年",
  "2004年": "2004年",
  "2005年": "2005年",
  "2006年": "2006年",
  "2007年": "2007年",
  "2008年": "2008年",
  "2009年": "2009年",
  "2010年": "2010年",
  "2011年": "2011年",
  "2012年": "2012年",
  "2013年": "2013年",
  "2014年": "2014年",
  "2015年": "2015年",
  "2016年": "2016年",
  "2017年": "2017年",
  "2018年": "2018年",
  "2019年": "2019年",
  "2020年": "2020年",
  "2021年": "2021年",
  "2022年": "2022年",
  "2023年": "2023年",
  "2024年": "2024年",
  "2025年": "2025年"
}
```
2026-08-13 18:05:40.606 | INFO     | eval.evaluation.evaluation:evaluate_single_query:223 - col: 年份, primary_key_map {'2001年': '2001年', '2002年': '2002年', '2003年': '2003年', '2004年': '2004年', '2005年': '2005年', '2006年': '2006年', '2007年': '2007年', '2008年': '2008年', '2009年': '2009年', '2010年': '2010年', '2011年': '2011年', '2012年': '2012年', '2013年': '2013年', '2014年': '2014年', '2015年': '2015年', '2016年': '2016年', '2017年': '2017年', '2018年': '2018年', '2019年': '2019年', '2020年': '2020年', '2021年': '2021年', '2022年': '2022年', '2023年': '2023年', '2024年': '2024年', '2025年': '2025年'}
2026-08-13 18:05:40.612 | INFO     | eval.evaluation.evaluation:evaluate_single_query:275 - wide2deep_ws_zh_070, df_inner shape: (25, 8), answer_df shape: (25, 4), response_df shape: (25, 5)
2026-08-13 18:05:40.613 | DEBUG    | eval.evaluation.evaluation:metric_call:77 - metric_func_name number_near score 1.0 msg number near in range 10.0%, response: 0.34869999999999995, target: 0.332
2026-08-13 18:05:40.614 | DEBUG    | eval.evaluation.evaluation:metric_call:77 - metric_func_name number_near score 1.0 msg number near in range 10.0%, response: 0.35100000000000003, target: 0.35100000000000003
2026-08-13 18:05:40.614 | DEBUG    | eval.evaluation.evaluation:metric_call:77 - metric_func_name number_near score 0.0 msg number not near, response: 0.332, target: 0.386
2026-08-13 18:05:40.614 | DEBUG    | eval.evaluation.evaluation:metric_call:77 - metric_func_name number_near score 1.0 msg number near in range 10.0%, response: 0.41600000000000004, target: 0.41600000000000004
2026-08-13 18:05:40.614 | DEBUG    | eval.evaluation.evaluation:metric_call:77 - metric_func_name number_near score 1.0 msg number near in range 10.0%, response: 0.376, target: 0.36700000000000005
2026-08-13 18:05:40.614 | DEBUG    | eval.evaluation.evaluation:metric_call:77 - metric_func_name number_near score 0.0 msg number not near, response: 0.39399999999999996, target: 0.34700000000000003
2026-08-13 18:05:40.614 | DEBUG    | eval.evaluation.evaluation:metric_call:77 - metric_func_name number_near score 0.0 msg number not near, response: 0.4, target: 0.314
2026-08-13 18:05:40.614 | DEBUG    | eval.evaluation.evaluation:metric_call:77 - metric_func_name number_near score 1.0 msg number near in range 10.0%, response: 0.332, target: 0.32289999999999996
2026-08-13 18:05:40.614 | DEBUG    | eval.evaluation.evaluation:metric_call:77 - metric_func_name number_near score 1.0 msg number near in range 10.0%, response: 0.3482, target: 0.3482
2026-08-13 18:05:40.614 | DEBUG    | eval.evaluation.evaluation:metric_call:77 - metric_func_name number_near score 1.0 msg number near in range 10.0%, response: 0.3826, target: 0.3826
2026-08-13 18:05:40.614 | DEBUG    | eval.evaluation.evaluation:metric_call:77 - metric_func_name number_near score 1.0 msg number near in range 10.0%, response: 0.3104, target: 0.3104
2026-08-13 18:05:40.614 | DEBUG    | eval.evaluation.evaluation:metric_call:77 - metric_func_name number_near score 1.0 msg number near in range 10.0%, response: 0.3275, target: 0.3275
2026-08-13 18:05:40.614 | DEBUG    | eval.evaluation.evaluation:metric_call:77 - metric_func_name number_near score 1.0 msg number near in range 10.0%, response: 0.31170000000000003, target: 0.31170000000000003
2026-08-13 18:05:40.614 | DEBUG    | eval.evaluation.evaluation:metric_call:77 - metric_func_name number_near score 1.0 msg number near in range 10.0%, response: 0.3098, target: 0.3098
2026-08-13 18:05:40.614 | DEBUG    | eval.evaluation.evaluation:metric_call:77 - metric_func_name number_near score 1.0 msg number near in range 10.0%, response: 0.2837, target: 0.29600000000000004
2026-08-13 18:05:40.614 | DEBUG    | eval.evaluation.evaluation:metric_call:77 - metric_func_name number_near score 1.0 msg number near in range 10.0%, response: 0.3098, target: 0.3098
2026-08-13 18:05:40.614 | DEBUG    | eval.evaluation.evaluation:metric_call:77 - metric_func_name number_near score 1.0 msg number near in range 10.0%, response: 0.30879999999999996, target: 0.3146
2026-08-13 18:05:40.614 | DEBUG    | eval.evaluation.evaluation:metric_call:77 - metric_func_name number_near score 1.0 msg number near in range 10.0%, response: 0.35240000000000005, target: 0.325
2026-08-13 18:05:40.615 | DEBUG    | eval.evaluation.evaluation:metric_call:77 - metric_func_name number_near score 1.0 msg number near in range 10.0%, response: 0.3007, target: 0.3007
2026-08-13 18:05:40.615 | DEBUG    | eval.evaluation.evaluation:metric_call:77 - metric_func_name number_near score 0.0 msg number not near, response: 0.3063, target: 0.20629999999999998
2026-08-13 18:05:40.615 | DEBUG    | eval.evaluation.evaluation:metric_call:77 - metric_func_name number_near score 1.0 msg number near in range 10.0%, response: 0.23260000000000003, target: 0.23260000000000003
2026-08-13 18:05:40.615 | DEBUG    | eval.evaluation.evaluation:metric_call:77 - metric_func_name number_near score 1.0 msg number near in range 10.0%, response: 0.2193, target: 0.2193
2026-08-13 18:05:40.615 | DEBUG    | eval.evaluation.evaluation:metric_call:77 - metric_func_name number_near score 0.0 msg number not near, response: 0.2023, target: 0.27
2026-08-13 18:05:40.615 | DEBUG    | eval.evaluation.evaluation:metric_call:77 - metric_func_name number_near score 0.0 msg number not near, response: 0.7561, target: 0.34600000000000003
2026-08-13 18:05:40.615 | DEBUG    | eval.evaluation.evaluation:metric_call:77 - metric_func_name number_near score 0.0 msg number not near, response: 0.7888, target: 0.3436
2026-08-13 18:05:40.616 | DEBUG    | eval.evaluation.evaluation:evaluate_single_query:321 - wide2deep_ws_zh_070, col 电视端收视率, metric_func_name number_near, score [1.0, 1.0, 0.0, 1.0, 1.0, 0.0, 0.0, 1.0, 1.0, 1.0, 1.0, 1.0, 1.0, 1.0, 1.0, 1.0, 1.0, 1.0, 1.0, 0.0, 1.0, 1.0, 0.0, 0.0, 0.0]
2026-08-13 18:05:44.276 | DEBUG    | eval.evaluation.evaluation:evaluate_single_query:321 - wide2deep_ws_zh_070, col 导演, metric_func_name llm_judge, score [0, 1, 1, 1, 1, 1, 1, 1, 1, 1, 0, 1, 1, 1, 1, 1, 1, 1, 1, 1, 1, 1, 1, 1, 1]
2026-08-13 18:05:51.634 | DEBUG    | eval.evaluation.evaluation:evaluate_single_query:321 - wide2deep_ws_zh_070, col 冠名商, metric_func_name llm_judge, score [0, 0, 1, 1, 1, 1, 1, 1, 1, 1, 1, 1, 1, 1, 1, 1, 1, 1, 1, 1, 1, 1, 1, 1, 1]
2026-08-13 18:05:51.639 | INFO     | eval.evaluation.evaluation:evaluate_single_query:380 - wide2deep_ws_zh_070, P/R/F1 by unique_columns: 1.0000/1.0000/1.0000
2026-08-13 18:05:51.639 | INFO     | eval.evaluation.evaluation:evaluate_single_query:383 - wide2deep_ws_zh_070, P/R/F1 by row: 0.6000/0.6000/0.6000
2026-08-13 18:05:51.639 | INFO     | eval.evaluation.evaluation:evaluate_single_query:386 - wide2deep_ws_zh_070, P/R/F1 by item: 0.8900/0.8900/0.8900
2026-08-13 18:05:51.641 | INFO     | eval.evaluation.evaluation:evaluate_single_query:398 - wide2deep_ws_zh_070, final table score: 0.0
{"event": "eval_done", "idx": 7, "instance_id": "wide2deep_ws_zh_070", "score": 0.0, "entity_acc": 1.0, "f1_by_row": 0.6, "f1_by_item": 0.89, "column_f1": 1.0, "error": null, "elapsed_seconds": 17.066, "running_n": 7}
SUMMARY {"n": 7, "valid_n": 7, "errors": 0, "complete": true, "judge_calls_current_process": 16, "score": 0.0, "entity_acc": 0.42857142857142855, "precision_by_row": 0.19523809523809524, "recall_by_row": 0.19285714285714287, "f1_by_row": 0.19400921658986175, "precision_by_item": 0.34142857142857147, "recall_by_item": 0.33547619047619054, "f1_by_item": 0.33835637480798775, "column_precision": 0.4095238095238095, "column_recall": 0.4017857142857143, "column_f1": 0.4055299539170507}
