INFO: Pandarallel will run on 8 workers.
INFO: Pandarallel will use Memory file system to transfer data between the main process and workers.
{"event": "eval_start", "selected": 7, "resume_committed": 0, "committed_errors": 0, "crash_only_resume": false}
2026-08-13 18:04:41.121 | DEBUG    | eval.evaluation.data_loader:extract_dataframe:167 - find markdown_str 
| 时间 | 辟谣/谣言内容 | 详情/真相 |
| --- | --- | --- |
| 具体日期不详（2025年5月中旬 ...
2026-08-13 18:04:48.262 | INFO     | eval.evaluation.metric_utils:primary_key_preprocess:246 - primary_key_preprocess result: ```json
{
  "云南德宏州发生4.5级地震，余震超过千次": "谣言：云南德宏州4.5级地震，余震超千次",
  "云南芒市发生4.7级地震": "谣言：芒市地震4.7级",
  "新疆伊犁霍城县山洪导致洪水冲入主城区": "谣言：新疆伊犁霍城县山洪冲城造成大批牲畜死亡？",
  "新疆伊犁霍城县山洪造成牲畜大批死亡": "谣言：新疆伊犁霍城县山洪冲城造成大批牲畜死亡？",
  "安徽含山河道泄洪": "谣言：安徽省含山县一河道将泄洪？",
  "河南安阳遭遇冰雹，小麦颗粒无收": "谣言：河南安阳多地出现冰雹天气致小麦颗粒无收？",
  "教育部官宣江西南昌2025年中考取消选择题和填空题": "谣言：江西南昌今年中考题型取消选择题和填空题？",
  "成都自2025年6月1日起公路停车位全面免费": "谣言：四川成都6月1日起所有公路边停车位免费？",
  "5·12北川地震遗址开始收费": "谣言：5·12北川老县城地震遗址收费？"
}
```
2026-08-13 18:04:48.262 | INFO     | eval.evaluation.evaluation:evaluate_single_query:223 - col: 辟谣/谣言内容, primary_key_map {'云南德宏州发生4.5级地震，余震超过千次': '谣言：云南德宏州4.5级地震，余震超千次', '云南芒市发生4.7级地震': '谣言：芒市地震4.7级', '新疆伊犁霍城县山洪导致洪水冲入主城区': '谣言：新疆伊犁霍城县山洪冲城造成大批牲畜死亡？', '新疆伊犁霍城县山洪造成牲畜大批死亡': '谣言：新疆伊犁霍城县山洪冲城造成大批牲畜死亡？', '安徽含山河道泄洪': '谣言：安徽省含山县一河道将泄洪？', '河南安阳遭遇冰雹，小麦颗粒无收': '谣言：河南安阳多地出现冰雹天气致小麦颗粒无收？', '教育部官宣江西南昌2025年中考取消选择题和填空题': '谣言：江西南昌今年中考题型取消选择题和填空题？', '成都自2025年6月1日起公路停车位全面免费': '谣言：四川成都6月1日起所有公路边停车位免费？', '5·12北川地震遗址开始收费': '谣言：5·12北川老县城地震遗址收费？'}
2026-08-13 18:04:48.269 | INFO     | eval.evaluation.evaluation:evaluate_single_query:275 - wide2deep_ws_zh_078, df_inner shape: (9, 6), answer_df shape: (33, 3), response_df shape: (17, 4)
2026-08-13 18:04:48.270 | DEBUG    | eval.evaluation.evaluation:metric_call:77 - metric_func_name exact_match score 0.0 msg exact not match, response: 具体日期不详（2025年5月）, target: 2025年5月6日
2026-08-13 18:04:48.270 | DEBUG    | eval.evaluation.evaluation:metric_call:77 - metric_func_name exact_match score 0.0 msg exact not match, response: 具体日期不详（2025年5月）, target: 2025年5月6日
2026-08-13 18:04:48.270 | DEBUG    | eval.evaluation.evaluation:metric_call:77 - metric_func_name exact_match score 0.0 msg exact not match, response: 具体日期不详（2025年5月）, target: 2025年5月9日
2026-08-13 18:04:48.270 | DEBUG    | eval.evaluation.evaluation:metric_call:77 - metric_func_name exact_match score 0.0 msg exact not match, response: 具体日期不详（2025年5月）, target: 2025年5月12日
2026-08-13 18:04:48.270 | DEBUG    | eval.evaluation.evaluation:metric_call:77 - metric_func_name exact_match score 0.0 msg exact not match, response: 具体日期不详（2025年5月）, target: 2025年5月16日
2026-08-13 18:04:48.270 | DEBUG    | eval.evaluation.evaluation:metric_call:77 - metric_func_name exact_match score 0.0 msg exact not match, response: 具体日期不详（2025年5月中旬）, target: 2025年5月19日
2026-08-13 18:04:48.270 | DEBUG    | eval.evaluation.evaluation:metric_call:77 - metric_func_name exact_match score 0.0 msg exact not match, response: 具体日期不详（2025年5月中旬）, target: 2025年5月19日
2026-08-13 18:04:48.270 | DEBUG    | eval.evaluation.evaluation:metric_call:77 - metric_func_name exact_match score 0.0 msg exact not match, response: 具体日期不详（2025年5月）, target: 2025年5月23日
2026-08-13 18:04:48.270 | DEBUG    | eval.evaluation.evaluation:metric_call:77 - metric_func_name exact_match score 0.0 msg exact not match, response: 具体日期不详（2025年5月）, target: 2025年5月30日
2026-08-13 18:04:48.271 | DEBUG    | eval.evaluation.evaluation:evaluate_single_query:321 - wide2deep_ws_zh_078, col 时间, metric_func_name exact_match, score [0.0, 0.0, 0.0, 0.0, 0.0, 0.0, 0.0, 0.0, 0.0]
2026-08-13 18:04:56.258 | DEBUG    | eval.evaluation.evaluation:evaluate_single_query:321 - wide2deep_ws_zh_078, col 详情/真相, metric_func_name llm_judge, score [1, 0, 1, 1, 1, 1, 0, 1, 1]
2026-08-13 18:04:56.263 | INFO     | eval.evaluation.evaluation:evaluate_single_query:380 - wide2deep_ws_zh_078, P/R/F1 by unique_columns: 0.5294/0.2727/0.3600
2026-08-13 18:04:56.263 | INFO     | eval.evaluation.evaluation:evaluate_single_query:383 - wide2deep_ws_zh_078, P/R/F1 by row: 0.0000/0.0000/0.0000
2026-08-13 18:04:56.263 | INFO     | eval.evaluation.evaluation:evaluate_single_query:386 - wide2deep_ws_zh_078, P/R/F1 by item: 0.3137/0.1616/0.2133
2026-08-13 18:04:56.264 | INFO     | eval.evaluation.evaluation:evaluate_single_query:398 - wide2deep_ws_zh_078, final table score: 0.0
{"event": "eval_done", "idx": 1, "instance_id": "wide2deep_ws_zh_078", "score": 0.0, "entity_acc": 1.0, "f1_by_row": 0.0, "f1_by_item": 0.21333333333333335, "column_f1": 0.36, "error": null, "elapsed_seconds": 17.437, "running_n": 1}
2026-08-13 18:04:59.041 | DEBUG    | eval.evaluation.data_loader:extract_dataframe:167 - find markdown_str 
| Result | Value |
| --- | --- |
| 西南F4 | 云南、贵州、四川、重庆（云贵川渝）；共同处 ...
2026-08-13 18:05:02.392 | INFO     | eval.evaluation.metric_utils:primary_key_preprocess:246 - primary_key_preprocess result: ```json
{}
```
2026-08-13 18:05:02.392 | INFO     | eval.evaluation.evaluation:evaluate_single_query:172 - column map: {}
2026-08-13 18:05:02.392 | INFO     | eval.evaluation.evaluation:evaluate_single_query:173 - befor mapping: Index(['result', 'value'], dtype='object')
2026-08-13 18:05:02.393 | INFO     | eval.evaluation.evaluation:evaluate_single_query:175 - after mapping: Index(['result', 'value'], dtype='object')
2026-08-13 18:05:02.393 | INFO     | eval.evaluation.evaluation:evaluate_single_query:179 - instance_id: wide2deep_ws_zh_083, msg: required_columns ['景区名称', '所在城市', '旺季景区票价(元/人)', '旺季开放时间'] != response_df Index(['result', 'value'], dtype='object')
{"event": "eval_done", "idx": 2, "instance_id": "wide2deep_ws_zh_083", "score": 0.0, "entity_acc": 1.0, "f1_by_row": 0.0, "f1_by_item": 0.0, "column_f1": 0.0, "error": null, "elapsed_seconds": 6.113, "running_n": 2}
2026-08-13 18:05:05.666 | DEBUG    | eval.evaluation.data_loader:extract_dataframe:167 - find markdown_str 
| 景区名称景区等级所在城市具体地址 |
| --- |
| 西柏坡景区｜5A｜石家庄市｜石家庄市平山县西柏坡镇 |
| 天桂 ...
2026-08-13 18:05:08.749 | INFO     | eval.evaluation.metric_utils:primary_key_preprocess:246 - primary_key_preprocess result: ```json
{}
```
2026-08-13 18:05:08.749 | INFO     | eval.evaluation.evaluation:evaluate_single_query:172 - column map: {}
2026-08-13 18:05:08.749 | INFO     | eval.evaluation.evaluation:evaluate_single_query:173 - befor mapping: Index(['景区名称景区等级所在城市具体地址'], dtype='object')
2026-08-13 18:05:08.750 | INFO     | eval.evaluation.evaluation:evaluate_single_query:175 - after mapping: Index(['景区名称景区等级所在城市具体地址'], dtype='object')
2026-08-13 18:05:08.750 | INFO     | eval.evaluation.evaluation:evaluate_single_query:179 - instance_id: wide2deep_ws_zh_091, msg: required_columns ['景区名称', '景区等级', '所在城市', '具体地址'] != response_df Index(['景区名称景区等级所在城市具体地址'], dtype='object')
{"event": "eval_done", "idx": 3, "instance_id": "wide2deep_ws_zh_091", "score": 0.0, "entity_acc": 1.0, "f1_by_row": 0.0, "f1_by_item": 0.0, "column_f1": 0.0, "error": null, "elapsed_seconds": 6.339, "running_n": 3}
2026-08-13 18:05:12.429 | DEBUG    | eval.evaluation.data_loader:extract_dataframe:167 - find markdown_str 
| 举办时期 | 展会全称 | 展馆名称 | 展馆详细地址 | 主办单位 | 承办单位 |
| --- | --- | --- ...
2026-08-13 18:05:14.889 | INFO     | eval.evaluation.metric_utils:primary_key_preprocess:246 - primary_key_preprocess result: ```json
{}
```
2026-08-13 18:05:14.889 | INFO     | eval.evaluation.evaluation:evaluate_single_query:172 - column map: {}
2026-08-13 18:05:14.890 | INFO     | eval.evaluation.evaluation:evaluate_single_query:173 - befor mapping: Index(['举办时期', '展会全称', '展馆名称', '展馆详细地址', '主办单位', '承办单位'], dtype='object')
2026-08-13 18:05:14.890 | INFO     | eval.evaluation.evaluation:evaluate_single_query:175 - after mapping: Index(['举办时期', '展会全称', '展馆名称', '展馆详细地址', '主办单位', '承办单位'], dtype='object')
2026-08-13 18:05:14.890 | INFO     | eval.evaluation.evaluation:evaluate_single_query:179 - instance_id: wide2deep_ws_zh_099, msg: required_columns ['景区名称', '所在城市', '旺季成人全价门票价格', '是否属于世界文化和自然遗产'] != response_df Index(['举办时期', '展会全称', '展馆名称', '展馆详细地址', '主办单位', '承办单位'], dtype='object')
{"event": "eval_done", "idx": 4, "instance_id": "wide2deep_ws_zh_099", "score": 0.0, "entity_acc": 1.0, "f1_by_row": 0.0, "f1_by_item": 0.0, "column_f1": 0.0, "error": null, "elapsed_seconds": 6.125, "running_n": 4}
2026-08-13 18:05:17.633 | DEBUG    | eval.evaluation.data_loader:extract_dataframe:167 - find markdown_str 
| Year | Ranking | Game | Publisher | Release Date |
| --- | -- ...
2026-08-13 18:05:21.067 | INFO     | eval.evaluation.metric_utils:primary_key_preprocess:246 - primary_key_preprocess result: ```json
{
  "2020": "2020",
  "2021": "2021",
  "2022": "2022",
  "2023": "2023",
  "2024": "2024"
}
```
2026-08-13 18:05:21.067 | INFO     | eval.evaluation.evaluation:evaluate_single_query:223 - col: year, primary_key_map {'2020': '2020', '2021': '2021', '2022': '2022', '2023': '2023', '2024': '2024'}
2026-08-13 18:05:24.879 | INFO     | eval.evaluation.metric_utils:primary_key_preprocess:246 - primary_key_preprocess result: ```json
{
  "1": "1",
  "2": "2",
  "3": "3",
  "4": "4",
  "5": "5",
  "6": "6",
  "7": "7",
  "8": "8",
  "9": "9",
  "10": "10"
}
```
2026-08-13 18:05:24.879 | INFO     | eval.evaluation.evaluation:evaluate_single_query:223 - col: ranking, primary_key_map {'1': '1', '2': '2', '3': '3', '4': '4', '5': '5', '6': '6', '7': '7', '8': '8', '9': '9', '10': '10'}
2026-08-13 18:05:24.886 | INFO     | eval.evaluation.evaluation:evaluate_single_query:275 - wide2deep_ws_en_060, df_inner shape: (50, 10), answer_df shape: (50, 5), response_df shape: (50, 7)
2026-08-13 18:05:24.887 | DEBUG    | eval.evaluation.evaluation:metric_call:77 - metric_func_name exact_match score 1.0 msg exact match, response: honorofkings, target: honorofkings
2026-08-13 18:05:24.888 | DEBUG    | eval.evaluation.evaluation:metric_call:77 - metric_func_name exact_match score 0.0 msg exact not match, response: monopolygo!, target: pubgmobile
2026-08-13 18:05:24.888 | DEBUG    | eval.evaluation.evaluation:metric_call:77 - metric_func_name exact_match score 1.0 msg exact match, response: royalmatch, target: royalmatch
2026-08-13 18:05:24.888 | DEBUG    | eval.evaluation.evaluation:metric_call:77 - metric_func_name exact_match score 0.0 msg exact not match, response: roblox, target: monopolygo!
2026-08-13 18:05:24.888 | DEBUG    | eval.evaluation.evaluation:metric_call:77 - metric_func_name exact_match score 0.0 msg exact not match, response: lastwar:survival, target: roblox
2026-08-13 18:05:24.888 | DEBUG    | eval.evaluation.evaluation:metric_call:77 - metric_func_name exact_match score 0.0 msg exact not match, response: candycrushsaga, target: dungeon&fighter:origins
2026-08-13 18:05:24.888 | DEBUG    | eval.evaluation.evaluation:metric_call:77 - metric_func_name exact_match score 0.0 msg exact not match, response: whiteoutsurvival, target: candycrushsaga
2026-08-13 18:05:24.888 | DEBUG    | eval.evaluation.evaluation:metric_call:77 - metric_func_name exact_match score 0.0 msg exact not match, response: dungeon&fightermobile, target: lastwar:survival
2026-08-13 18:05:24.888 | DEBUG    | eval.evaluation.evaluation:metric_call:77 - metric_func_name exact_match score 0.0 msg exact not match, response: coinmaster, target: whiteoutsurvival
2026-08-13 18:05:24.888 | DEBUG    | eval.evaluation.evaluation:metric_call:77 - metric_func_name exact_match score 0.0 msg exact not match, response: genshinimpact, target: honkai:starrail
2026-08-13 18:05:24.888 | DEBUG    | eval.evaluation.evaluation:metric_call:77 - metric_func_name exact_match score 1.0 msg exact match, response: honorofkings, target: honorofkings
2026-08-13 18:05:24.888 | DEBUG    | eval.evaluation.evaluation:metric_call:77 - metric_func_name exact_match score 1.0 msg exact match, response: pubgmobile, target: pubgmobile
2026-08-13 18:05:24.888 | DEBUG    | eval.evaluation.evaluation:metric_call:77 - metric_func_name exact_match score 0.0 msg exact not match, response: monopolygo!, target: genshinimpact
2026-08-13 18:05:24.888 | DEBUG    | eval.evaluation.evaluation:metric_call:77 - metric_func_name exact_match score 0.0 msg exact not match, response: candycrushsaga, target: roblox
2026-08-13 18:05:24.888 | DEBUG    | eval.evaluation.evaluation:metric_call:77 - metric_func_name exact_match score 0.0 msg exact not match, response: genshinimpact, target: candycrushsaga
2026-08-13 18:05:24.888 | DEBUG    | eval.evaluation.evaluation:metric_call:77 - metric_func_name exact_match score 0.0 msg exact not match, response: roblox, target: royalmatch
2026-08-13 18:05:24.888 | DEBUG    | eval.evaluation.evaluation:metric_call:77 - metric_func_name exact_match score 0.0 msg exact not match, response: royalmatch, target: honkai:starrail
2026-08-13 18:05:24.888 | DEBUG    | eval.evaluation.evaluation:metric_call:77 - metric_func_name exact_match score 0.0 msg exact not match, response: coinmaster, target: monopolygo!
2026-08-13 18:05:24.888 | DEBUG    | eval.evaluation.evaluation:metric_call:77 - metric_func_name exact_match score 0.0 msg exact not match, response: honkai:starrail, target: romanceofthethreekingdoms:strategyedition
2026-08-13 18:05:24.889 | DEBUG    | eval.evaluation.evaluation:metric_call:77 - metric_func_name exact_match score 0.0 msg exact not match, response: gardenscapes, target: swordofjustice
2026-08-13 18:05:24.889 | DEBUG    | eval.evaluation.evaluation:metric_call:77 - metric_func_name exact_match score 1.0 msg exact match, response: honorofkings, target: honorofkings
2026-08-13 18:05:24.889 | DEBUG    | eval.evaluation.evaluation:metric_call:77 - metric_func_name exact_match score 1.0 msg exact match, response: pubgmobile, target: pubgmobile
2026-08-13 18:05:24.889 | DEBUG    | eval.evaluation.evaluation:metric_call:77 - metric_func_name exact_match score 1.0 msg exact match, response: genshinimpact, target: genshinimpact
2026-08-13 18:05:24.889 | DEBUG    | eval.evaluation.evaluation:metric_call:77 - metric_func_name exact_match score 0.0 msg exact not match, response: candycrushsaga, target: roblox
2026-08-13 18:05:24.889 | DEBUG    | eval.evaluation.evaluation:metric_call:77 - metric_func_name exact_match score 0.0 msg exact not match, response: roblox, target: romanceofthethreekingdoms:strategyedition
2026-08-13 18:05:24.889 | DEBUG    | eval.evaluation.evaluation:metric_call:77 - metric_func_name exact_match score 0.0 msg exact not match, response: coinmaster, target: candycrushsaga
2026-08-13 18:05:24.889 | DEBUG    | eval.evaluation.evaluation:metric_call:77 - metric_func_name exact_match score 0.0 msg exact not match, response: romanceofthethreekingdoms:strategyedition, target: fantasywestwardjourney
2026-08-13 18:05:24.889 | DEBUG    | eval.evaluation.evaluation:metric_call:77 - metric_func_name exact_match score 0.0 msg exact not match, response: pokémongo, target: monsterstrike
2026-08-13 18:05:24.889 | DEBUG    | eval.evaluation.evaluation:metric_call:77 - metric_func_name exact_match score 0.0 msg exact not match, response: fantasywestwardjourney, target: pokémongo
2026-08-13 18:05:24.889 | DEBUG    | eval.evaluation.evaluation:metric_call:77 - metric_func_name exact_match score 0.0 msg exact not match, response: monsterstrike, target: homescapes
2026-08-13 18:05:24.889 | DEBUG    | eval.evaluation.evaluation:metric_call:77 - metric_func_name exact_match score 0.0 msg exact not match, response: pubgmobile, target: honorofkings
2026-08-13 18:05:24.889 | DEBUG    | eval.evaluation.evaluation:metric_call:77 - metric_func_name exact_match score 0.0 msg exact not match, response: honorofkings, target: pubgmobile
2026-08-13 18:05:24.889 | DEBUG    | eval.evaluation.evaluation:metric_call:77 - metric_func_name exact_match score 1.0 msg exact match, response: genshinimpact, target: genshinimpact
2026-08-13 18:05:24.889 | DEBUG    | eval.evaluation.evaluation:metric_call:77 - metric_func_name exact_match score 0.0 msg exact not match, response: coinmaster, target: roblox
2026-08-13 18:05:24.889 | DEBUG    | eval.evaluation.evaluation:metric_call:77 - metric_func_name exact_match score 0.0 msg exact not match, response: roblox, target: romanceofthethreekingdoms:strategyedition
2026-08-13 18:05:24.889 | DEBUG    | eval.evaluation.evaluation:metric_call:77 - metric_func_name exact_match score 0.0 msg exact not match, response: candycrushsaga, target: fantasywestwardjourney
2026-08-13 18:05:24.889 | DEBUG    | eval.evaluation.evaluation:metric_call:77 - metric_func_name exact_match score 1.0 msg exact match, response: pokémongo, target: pokémongo
2026-08-13 18:05:24.889 | DEBUG    | eval.evaluation.evaluation:metric_call:77 - metric_func_name exact_match score 0.0 msg exact not match, response: romanceofthethreekingdoms:strategyedition, target: umamusume:prettyderby
2026-08-13 18:05:24.889 | DEBUG    | eval.evaluation.evaluation:metric_call:77 - metric_func_name exact_match score 0.0 msg exact not match, response: umamusumeprettyderby, target: riseofkingdoms
2026-08-13 18:05:24.889 | DEBUG    | eval.evaluation.evaluation:metric_call:77 - metric_func_name exact_match score 0.0 msg exact not match, response: garenafreefire, target: candycrushsaga
2026-08-13 18:05:24.889 | DEBUG    | eval.evaluation.evaluation:metric_call:77 - metric_func_name exact_match score 0.0 msg exact not match, response: honorofkings, target: pubgmobile
2026-08-13 18:05:24.889 | DEBUG    | eval.evaluation.evaluation:metric_call:77 - metric_func_name exact_match score 0.0 msg exact not match, response: pubgmobile, target: honorofkings
2026-08-13 18:05:24.889 | DEBUG    | eval.evaluation.evaluation:metric_call:77 - metric_func_name exact_match score 0.0 msg exact not match, response: pokémongo, target: romanceofthethreekingdoms:strategyedition
2026-08-13 18:05:24.889 | DEBUG    | eval.evaluation.evaluation:metric_call:77 - metric_func_name exact_match score 0.0 msg exact not match, response: coinmaster, target: roblox
2026-08-13 18:05:24.889 | DEBUG    | eval.evaluation.evaluation:metric_call:77 - metric_func_name exact_match score 0.0 msg exact not match, response: roblox, target: fantasywestwardjourney
2026-08-13 18:05:24.889 | DEBUG    | eval.evaluation.evaluation:metric_call:77 - metric_func_name exact_match score 0.0 msg exact not match, response: monsterstrike, target: pokémongo
2026-08-13 18:05:24.889 | DEBUG    | eval.evaluation.evaluation:metric_call:77 - metric_func_name exact_match score 0.0 msg exact not match, response: riseofkingdoms:lostcrusade, target: afkarena
2026-08-13 18:05:24.890 | DEBUG    | eval.evaluation.evaluation:metric_call:77 - metric_func_name exact_match score 0.0 msg exact not match, response: gardenscapes, target: monsterstrike
2026-08-13 18:05:24.890 | DEBUG    | eval.evaluation.evaluation:metric_call:77 - metric_func_name exact_match score 0.0 msg exact not match, response: fate/grandorder, target: candycrushsaga
2026-08-13 18:05:24.890 | DEBUG    | eval.evaluation.evaluation:metric_call:77 - metric_func_name exact_match score 1.0 msg exact match, response: homescapes, target: homescapes
2026-08-13 18:05:24.890 | DEBUG    | eval.evaluation.evaluation:evaluate_single_query:321 - wide2deep_ws_en_060, col game, metric_func_name exact_match, score [1.0, 0.0, 1.0, 0.0, 0.0, 0.0, 0.0, 0.0, 0.0, 0.0, 1.0, 1.0, 0.0, 0.0, 0.0, 0.0, 0.0, 0.0, 0.0, 0.0, 1.0, 1.0, 1.0, 0.0, 0.0, 0.0, 0.0, 0.0, 0.0, 0.0, 0.0, 0.0, 1.0, 0.0, 0.0, 0.0, 1.0, 0.0, 0.0, 0.0, 0.0, 0.0, 0.0, 0.0, 0.0, 0.0, 0.0, 0.0, 0.0, 1.0]
2026-08-13 18:05:32.661 | DEBUG    | eval.evaluation.evaluation:evaluate_single_query:321 - wide2deep_ws_en_060, col publisher, metric_func_name llm_judge, score [1, 0, 1, 0, 0, 0, 0, 0, 0, 1, 1, 1, 0, 0, 0, 0, 0, 0, 0, 0, 1, 1, 1, 0, 0, 0, 0, 0, 0, 0, 1, 1, 1, 0, 0, 0, 1, 0, 0, 0, 1, 1, 0, 0, 0, 0, 1, 0, 0, 1]
2026-08-13 18:05:32.661 | DEBUG    | eval.evaluation.evaluation:metric_call:77 - metric_func_name exact_match score 1.0 msg exact match, response: 2015-11-26, target: 2015-11-26
2026-08-13 18:05:32.661 | DEBUG    | eval.evaluation.evaluation:metric_call:77 - metric_func_name exact_match score 0.0 msg exact not match, response: 2023-04-11, target: 2018-03-19
2026-08-13 18:05:32.661 | DEBUG    | eval.evaluation.evaluation:metric_call:77 - metric_func_name exact_match score 1.0 msg exact match, response: 2021-02-25, target: 2021-02-25
2026-08-13 18:05:32.661 | DEBUG    | eval.evaluation.evaluation:metric_call:77 - metric_func_name exact_match score 0.0 msg exact not match, response: 2006-09-01, target: 2023-04-11
2026-08-13 18:05:32.661 | DEBUG    | eval.evaluation.evaluation:metric_call:77 - metric_func_name exact_match score 0.0 msg exact not match, response: 2023-08-03, target: 2006-09-01
2026-08-13 18:05:32.661 | DEBUG    | eval.evaluation.evaluation:metric_call:77 - metric_func_name exact_match score 0.0 msg exact not match, response: 2012-04-12, target: 2024-05-21
2026-08-13 18:05:32.661 | DEBUG    | eval.evaluation.evaluation:metric_call:77 - metric_func_name exact_match score 0.0 msg exact not match, response: 2023-02-12, target: 2012-11-14
2026-08-13 18:05:32.661 | DEBUG    | eval.evaluation.evaluation:metric_call:77 - metric_func_name exact_match score 0.0 msg exact not match, response: 2022-03-24, target: 2023-08-02
2026-08-13 18:05:32.661 | DEBUG    | eval.evaluation.evaluation:metric_call:77 - metric_func_name exact_match score 0.0 msg exact not match, response: 2016-12-11, target: 2023-02-12
2026-08-13 18:05:32.661 | DEBUG    | eval.evaluation.evaluation:metric_call:77 - metric_func_name exact_match score 0.0 msg exact not match, response: 2020-09-28, target: 2023-04-26
2026-08-13 18:05:32.661 | DEBUG    | eval.evaluation.evaluation:metric_call:77 - metric_func_name exact_match score 1.0 msg exact match, response: 2015-11-26, target: 2015-11-26
2026-08-13 18:05:32.661 | DEBUG    | eval.evaluation.evaluation:metric_call:77 - metric_func_name exact_match score 1.0 msg exact match, response: 2018-03-19, target: 2018-03-19
2026-08-13 18:05:32.662 | DEBUG    | eval.evaluation.evaluation:metric_call:77 - metric_func_name exact_match score 0.0 msg exact not match, response: 2023-04-11, target: 2020-09-28
2026-08-13 18:05:32.662 | DEBUG    | eval.evaluation.evaluation:metric_call:77 - metric_func_name exact_match score 0.0 msg exact not match, response: 2012-04-12, target: 2006-09-01
2026-08-13 18:05:32.662 | DEBUG    | eval.evaluation.evaluation:metric_call:77 - metric_func_name exact_match score 0.0 msg exact not match, response: 2020-09-28, target: 2012-11-14
2026-08-13 18:05:32.662 | DEBUG    | eval.evaluation.evaluation:metric_call:77 - metric_func_name exact_match score 0.0 msg exact not match, response: 2006-09-01, target: 2021-02-25
2026-08-13 18:05:32.662 | DEBUG    | eval.evaluation.evaluation:metric_call:77 - metric_func_name exact_match score 0.0 msg exact not match, response: 2021-02-25, target: 2023-04-26
2026-08-13 18:05:32.662 | DEBUG    | eval.evaluation.evaluation:metric_call:77 - metric_func_name exact_match score 0.0 msg exact not match, response: 2016-12-11, target: 2023-04-11
2026-08-13 18:05:32.662 | DEBUG    | eval.evaluation.evaluation:metric_call:77 - metric_func_name exact_match score 0.0 msg exact not match, response: 2023-04-26, target: 2019-09-19
2026-08-13 18:05:32.662 | DEBUG    | eval.evaluation.evaluation:metric_call:77 - metric_func_name exact_match score 0.0 msg exact not match, response: 2016-08-25, target: 2023-06-30
2026-08-13 18:05:32.662 | DEBUG    | eval.evaluation.evaluation:metric_call:77 - metric_func_name exact_match score 1.0 msg exact match, response: 2015-11-26, target: 2015-11-26
2026-08-13 18:05:32.662 | DEBUG    | eval.evaluation.evaluation:metric_call:77 - metric_func_name exact_match score 1.0 msg exact match, response: 2018-03-19, target: 2018-03-19
2026-08-13 18:05:32.662 | DEBUG    | eval.evaluation.evaluation:metric_call:77 - metric_func_name exact_match score 1.0 msg exact match, response: 2020-09-28, target: 2020-09-28
2026-08-13 18:05:32.662 | DEBUG    | eval.evaluation.evaluation:metric_call:77 - metric_func_name exact_match score 0.0 msg exact not match, response: 2012-04-12, target: 2006-09-01
2026-08-13 18:05:32.662 | DEBUG    | eval.evaluation.evaluation:metric_call:77 - metric_func_name exact_match score 0.0 msg exact not match, response: 2006-09-01, target: 2019-09-19
2026-08-13 18:05:32.662 | DEBUG    | eval.evaluation.evaluation:metric_call:77 - metric_func_name exact_match score 0.0 msg exact not match, response: 2016-12-11, target: 2012-11-14
2026-08-13 18:05:32.662 | DEBUG    | eval.evaluation.evaluation:metric_call:77 - metric_func_name exact_match score 0.0 msg exact not match, response: 2019-09-20, target: 2015-03-25
2026-08-13 18:05:32.662 | DEBUG    | eval.evaluation.evaluation:metric_call:77 - metric_func_name exact_match score 0.0 msg exact not match, response: 2016-07-06, target: 2013-08-08
2026-08-13 18:05:32.662 | DEBUG    | eval.evaluation.evaluation:metric_call:77 - metric_func_name exact_match score 0.0 msg exact not match, response: 2015-03-26, target: 2016-07-06
2026-08-13 18:05:32.662 | DEBUG    | eval.evaluation.evaluation:metric_call:77 - metric_func_name exact_match score 0.0 msg exact not match, response: 2013-09-27, target: 2017-09-19
2026-08-13 18:05:32.662 | DEBUG    | eval.evaluation.evaluation:metric_call:77 - metric_func_name exact_match score 0.0 msg exact not match, response: 2018-03-19, target: 2015-11-26
2026-08-13 18:05:32.662 | DEBUG    | eval.evaluation.evaluation:metric_call:77 - metric_func_name exact_match score 0.0 msg exact not match, response: 2015-11-26, target: 2018-03-19
2026-08-13 18:05:32.662 | DEBUG    | eval.evaluation.evaluation:metric_call:77 - metric_func_name exact_match score 1.0 msg exact match, response: 2020-09-28, target: 2020-09-28
2026-08-13 18:05:32.662 | DEBUG    | eval.evaluation.evaluation:metric_call:77 - metric_func_name exact_match score 0.0 msg exact not match, response: 2016-12-11, target: 2006-09-01
2026-08-13 18:05:32.663 | DEBUG    | eval.evaluation.evaluation:metric_call:77 - metric_func_name exact_match score 0.0 msg exact not match, response: 2006-09-01, target: 2019-09-19
2026-08-13 18:05:32.663 | DEBUG    | eval.evaluation.evaluation:metric_call:77 - metric_func_name exact_match score 0.0 msg exact not match, response: 2012-04-12, target: 2015-03-25
2026-08-13 18:05:32.663 | DEBUG    | eval.evaluation.evaluation:metric_call:77 - metric_func_name exact_match score 1.0 msg exact match, response: 2016-07-06, target: 2016-07-06
2026-08-13 18:05:32.663 | DEBUG    | eval.evaluation.evaluation:metric_call:77 - metric_func_name exact_match score 0.0 msg exact not match, response: 2019-09-20, target: 2021-02-24
2026-08-13 18:05:32.663 | DEBUG    | eval.evaluation.evaluation:metric_call:77 - metric_func_name exact_match score 0.0 msg exact not match, response: 2021-02-24, target: 2018-05-24
2026-08-13 18:05:32.663 | DEBUG    | eval.evaluation.evaluation:metric_call:77 - metric_func_name exact_match score 0.0 msg exact not match, response: 2017-12-04, target: 2012-11-14
2026-08-13 18:05:32.663 | DEBUG    | eval.evaluation.evaluation:metric_call:77 - metric_func_name exact_match score 0.0 msg exact not match, response: 2015-11-26, target: 2018-03-19
2026-08-13 18:05:32.663 | DEBUG    | eval.evaluation.evaluation:metric_call:77 - metric_func_name exact_match score 0.0 msg exact not match, response: 2018-03-19, target: 2015-11-26
2026-08-13 18:05:32.663 | DEBUG    | eval.evaluation.evaluation:metric_call:77 - metric_func_name exact_match score 0.0 msg exact not match, response: 2016-07-06, target: 2019-09-19
2026-08-13 18:05:32.663 | DEBUG    | eval.evaluation.evaluation:metric_call:77 - metric_func_name exact_match score 0.0 msg exact not match, response: 2016-12-11, target: 2006-09-01
2026-08-13 18:05:32.663 | DEBUG    | eval.evaluation.evaluation:metric_call:77 - metric_func_name exact_match score 0.0 msg exact not match, response: 2006-09-01, target: 2015-03-25
2026-08-13 18:05:32.663 | DEBUG    | eval.evaluation.evaluation:metric_call:77 - metric_func_name exact_match score 0.0 msg exact not match, response: 2013-09-27, target: 2016-07-06
2026-08-13 18:05:32.663 | DEBUG    | eval.evaluation.evaluation:metric_call:77 - metric_func_name exact_match score 0.0 msg exact not match, response: 2018-09-20, target: 2018-06-21
2026-08-13 18:05:32.663 | DEBUG    | eval.evaluation.evaluation:metric_call:77 - metric_func_name exact_match score 0.0 msg exact not match, response: 2016-08-25, target: 2013-08-08
2026-08-13 18:05:32.663 | DEBUG    | eval.evaluation.evaluation:metric_call:77 - metric_func_name exact_match score 0.0 msg exact not match, response: 2015-07-30, target: 2012-11-14
2026-08-13 18:05:32.663 | DEBUG    | eval.evaluation.evaluation:metric_call:77 - metric_func_name exact_match score 1.0 msg exact match, response: 2017-09-19, target: 2017-09-19
2026-08-13 18:05:32.664 | DEBUG    | eval.evaluation.evaluation:evaluate_single_query:321 - wide2deep_ws_en_060, col releasedate, metric_func_name exact_match, score [1.0, 0.0, 1.0, 0.0, 0.0, 0.0, 0.0, 0.0, 0.0, 0.0, 1.0, 1.0, 0.0, 0.0, 0.0, 0.0, 0.0, 0.0, 0.0, 0.0, 1.0, 1.0, 1.0, 0.0, 0.0, 0.0, 0.0, 0.0, 0.0, 0.0, 0.0, 0.0, 1.0, 0.0, 0.0, 0.0, 1.0, 0.0, 0.0, 0.0, 0.0, 0.0, 0.0, 0.0, 0.0, 0.0, 0.0, 0.0, 0.0, 1.0]
2026-08-13 18:05:32.669 | INFO     | eval.evaluation.evaluation:evaluate_single_query:380 - wide2deep_ws_en_060, P/R/F1 by unique_columns: 1.0000/1.0000/1.0000
2026-08-13 18:05:32.669 | INFO     | eval.evaluation.evaluation:evaluate_single_query:383 - wide2deep_ws_en_060, P/R/F1 by row: 0.2000/0.2000/0.2000
2026-08-13 18:05:32.669 | INFO     | eval.evaluation.evaluation:evaluate_single_query:386 - wide2deep_ws_en_060, P/R/F1 by item: 0.5440/0.5440/0.5440
2026-08-13 18:05:32.674 | INFO     | eval.evaluation.evaluation:evaluate_single_query:398 - wide2deep_ws_en_060, final table score: 0.0
{"event": "eval_done", "idx": 5, "instance_id": "wide2deep_ws_en_060", "score": 0.0, "entity_acc": 1.0, "f1_by_row": 0.20000000000000004, "f1_by_item": 0.544, "column_f1": 1.0, "error": null, "elapsed_seconds": 17.766, "running_n": 5}
2026-08-13 18:05:37.818 | DEBUG    | eval.evaluation.data_loader:extract_dataframe:167 - find markdown_str 
| University | Founding Year | Governing Body | Official Websit ...
2026-08-13 18:05:41.679 | INFO     | eval.evaluation.metric_utils:primary_key_preprocess:246 - primary_key_preprocess result: ```json
{
  "University of Birmingham": "University of Birmingham",
  "University of Bristol": "University of Bristol",
  "University of Cambridge": "University of Cambridge",
  "Cardiff University": "Cardiff University",
  "Durham University": "Durham University",
  "University of Edinburgh": "University of Edinburgh",
  "University of Exeter": "University of Exeter",
  "University of Glasgow": "University of Glasgow",
  "Imperial College London": "Imperial College London",
  "King's College London": "King's College London",
  "University of Leeds": "University of Leeds",
  "University of Liverpool": "University of Liverpool",
  "London School of Economics and Political Science": "The London School of Economics and Political Science",
  "University of Manchester": "University of Manchester",
  "Newcastle University": "Newcastle University",
  "University of Nottingham": "University of Nottingham",
  "University of Oxford": "University of Oxford",
  "Queen Mary University of London": "Queen Mary University of London",
  "Queen's University Belfast": "Queen's University Belfast",
  "University of Sheffield": "University of Sheffield",
  "University of Southampton": "University of Southampton",
  "University College London": "University College London",
  "University of Warwick": "University of Warwick",
  "University of York": "University of York"
}
```
2026-08-13 18:05:41.679 | INFO     | eval.evaluation.evaluation:evaluate_single_query:223 - col: university, primary_key_map {'University of Birmingham': 'University of Birmingham', 'University of Bristol': 'University of Bristol', 'University of Cambridge': 'University of Cambridge', 'Cardiff University': 'Cardiff University', 'Durham University': 'Durham University', 'University of Edinburgh': 'University of Edinburgh', 'University of Exeter': 'University of Exeter', 'University of Glasgow': 'University of Glasgow', 'Imperial College London': 'Imperial College London', "King's College London": "King's College London", 'University of Leeds': 'University of Leeds', 'University of Liverpool': 'University of Liverpool', 'London School of Economics and Political Science': 'The London School of Economics and Political Science', 'University of Manchester': 'University of Manchester', 'Newcastle University': 'Newcastle University', 'University of Nottingham': 'University of Nottingham', 'University of Oxford': 'University of Oxford', 'Queen Mary University of London': 'Queen Mary University of London', "Queen's University Belfast": "Queen's University Belfast", 'University of Sheffield': 'University of Sheffield', 'University of Southampton': 'University of Southampton', 'University College London': 'University College London', 'University of Warwick': 'University of Warwick', 'University of York': 'University of York'}
2026-08-13 18:05:41.685 | INFO     | eval.evaluation.evaluation:evaluate_single_query:275 - wide2deep_ws_en_062, df_inner shape: (24, 12), answer_df shape: (24, 6), response_df shape: (24, 7)
2026-08-13 18:05:41.686 | DEBUG    | eval.evaluation.evaluation:metric_call:77 - metric_func_name exact_match score 1.0 msg exact match, response: 1900, target: 1900
2026-08-13 18:05:41.686 | DEBUG    | eval.evaluation.evaluation:metric_call:77 - metric_func_name exact_match score 1.0 msg exact match, response: 1909, target: 1909
2026-08-13 18:05:41.686 | DEBUG    | eval.evaluation.evaluation:metric_call:77 - metric_func_name exact_match score 0.0 msg exact not match, response: 1231, target: 1209
2026-08-13 18:05:41.687 | DEBUG    | eval.evaluation.evaluation:metric_call:77 - metric_func_name exact_match score 0.0 msg exact not match, response: 1884, target: 1883
2026-08-13 18:05:41.687 | DEBUG    | eval.evaluation.evaluation:metric_call:77 - metric_func_name exact_match score 1.0 msg exact match, response: 1832, target: 1832
2026-08-13 18:05:41.687 | DEBUG    | eval.evaluation.evaluation:metric_call:77 - metric_func_name exact_match score 0.0 msg exact not match, response: 1583, target: 1582
2026-08-13 18:05:41.687 | DEBUG    | eval.evaluation.evaluation:metric_call:77 - metric_func_name exact_match score 1.0 msg exact match, response: 1955, target: 1955
2026-08-13 18:05:41.687 | DEBUG    | eval.evaluation.evaluation:metric_call:77 - metric_func_name exact_match score 1.0 msg exact match, response: 1451, target: 1451
2026-08-13 18:05:41.687 | DEBUG    | eval.evaluation.evaluation:metric_call:77 - metric_func_name exact_match score 1.0 msg exact match, response: 1907, target: 1907
2026-08-13 18:05:41.687 | DEBUG    | eval.evaluation.evaluation:metric_call:77 - metric_func_name exact_match score 1.0 msg exact match, response: 1829, target: 1829
2026-08-13 18:05:41.687 | DEBUG    | eval.evaluation.evaluation:metric_call:77 - metric_func_name exact_match score 1.0 msg exact match, response: 1904, target: 1904
2026-08-13 18:05:41.687 | DEBUG    | eval.evaluation.evaluation:metric_call:77 - metric_func_name exact_match score 1.0 msg exact match, response: 1903, target: 1903
2026-08-13 18:05:41.687 | DEBUG    | eval.evaluation.evaluation:metric_call:77 - metric_func_name exact_match score 0.0 msg exact not match, response: 2022, target: 1895
2026-08-13 18:05:41.687 | DEBUG    | eval.evaluation.evaluation:metric_call:77 - metric_func_name exact_match score 1.0 msg exact match, response: 2004, target: 2004
2026-08-13 18:05:41.687 | DEBUG    | eval.evaluation.evaluation:metric_call:77 - metric_func_name exact_match score 0.0 msg exact not match, response: 1963, target: 1834
2026-08-13 18:05:41.687 | DEBUG    | eval.evaluation.evaluation:metric_call:77 - metric_func_name exact_match score 1.0 msg exact match, response: 1948, target: 1948
2026-08-13 18:05:41.687 | DEBUG    | eval.evaluation.evaluation:metric_call:77 - metric_func_name exact_match score 0.0 msg exact not match, response: 1571, target: 1096
2026-08-13 18:05:41.687 | DEBUG    | eval.evaluation.evaluation:metric_call:77 - metric_func_name exact_match score 0.0 msg exact not match, response: 1934, target: 1887
2026-08-13 18:05:41.687 | DEBUG    | eval.evaluation.evaluation:metric_call:77 - metric_func_name exact_match score 0.0 msg exact not match, response: 1908, target: 1845
2026-08-13 18:05:41.687 | DEBUG    | eval.evaluation.evaluation:metric_call:77 - metric_func_name exact_match score 1.0 msg exact match, response: 1905, target: 1905
2026-08-13 18:05:41.687 | DEBUG    | eval.evaluation.evaluation:metric_call:77 - metric_func_name exact_match score 1.0 msg exact match, response: 1952, target: 1952
2026-08-13 18:05:41.687 | DEBUG    | eval.evaluation.evaluation:metric_call:77 - metric_func_name exact_match score 0.0 msg exact not match, response: 1836, target: 1826
2026-08-13 18:05:41.687 | DEBUG    | eval.evaluation.evaluation:metric_call:77 - metric_func_name exact_match score 1.0 msg exact match, response: 1965, target: 1965
2026-08-13 18:05:41.687 | DEBUG    | eval.evaluation.evaluation:metric_call:77 - metric_func_name exact_match score 1.0 msg exact match, response: 1963, target: 1963
2026-08-13 18:05:41.688 | DEBUG    | eval.evaluation.evaluation:evaluate_single_query:321 - wide2deep_ws_en_062, col foundingyear, metric_func_name exact_match, score [1.0, 1.0, 0.0, 0.0, 1.0, 0.0, 1.0, 1.0, 1.0, 1.0, 1.0, 1.0, 0.0, 1.0, 0.0, 1.0, 0.0, 0.0, 0.0, 1.0, 1.0, 0.0, 1.0, 1.0]
2026-08-13 18:05:45.784 | DEBUG    | eval.evaluation.evaluation:evaluate_single_query:321 - wide2deep_ws_en_062, col governingbody, metric_func_name llm_judge, score [1, 1, 0, 1, 1, 1, 1, 1, 1, 1, 1, 1, 1, 1, 1, 1, 0, 1, 1, 1, 1, 1, 1, 1]
2026-08-13 18:05:51.207 | DEBUG    | eval.evaluation.evaluation:evaluate_single_query:321 - wide2deep_ws_en_062, col officialwebsiteaddress, metric_func_name llm_judge, score [1, 1, 1, 1, 1, 1, 1, 1, 1, 1, 1, 1, 1, 1, 1, 1, 1, 1, 1, 1, 1, 1, 1, 1]
2026-08-13 18:05:51.208 | DEBUG    | eval.evaluation.evaluation:metric_call:77 - metric_func_name exact_match score 0.0 msg exact not match, response: 28, target: 36
2026-08-13 18:05:51.208 | DEBUG    | eval.evaluation.evaluation:metric_call:77 - metric_func_name exact_match score 0.0 msg exact not match, response: 15, target: 16
2026-08-13 18:05:51.208 | DEBUG    | eval.evaluation.evaluation:metric_call:77 - metric_func_name exact_match score 1.0 msg exact match, response: 3, target: 3
2026-08-13 18:05:51.208 | DEBUG    | eval.evaluation.evaluation:metric_call:77 - metric_func_name exact_match score 0.0 msg exact not match, response: 37, target: 46
2026-08-13 18:05:51.208 | DEBUG    | eval.evaluation.evaluation:metric_call:77 - metric_func_name exact_match score 0.0 msg exact not match, response: 5, target: 6
2026-08-13 18:05:51.208 | DEBUG    | eval.evaluation.evaluation:metric_call:77 - metric_func_name exact_match score 0.0 msg exact not match, response: 13, target: 15
2026-08-13 18:05:51.208 | DEBUG    | eval.evaluation.evaluation:metric_call:77 - metric_func_name exact_match score 0.0 msg exact not match, response: 17, target: 18
2026-08-13 18:05:51.208 | DEBUG    | eval.evaluation.evaluation:metric_call:77 - metric_func_name exact_match score 0.0 msg exact not match, response: 24, target: 14
2026-08-13 18:05:51.208 | DEBUG    | eval.evaluation.evaluation:metric_call:77 - metric_func_name exact_match score 0.0 msg exact not match, response: 6, target: 5
2026-08-13 18:05:51.208 | DEBUG    | eval.evaluation.evaluation:metric_call:77 - metric_func_name exact_match score 0.0 msg exact not match, response: 21, target: 28
2026-08-13 18:05:51.208 | DEBUG    | eval.evaluation.evaluation:metric_call:77 - metric_func_name exact_match score 0.0 msg exact not match, response: 28, target: 37
2026-08-13 18:05:51.208 | DEBUG    | eval.evaluation.evaluation:metric_call:77 - metric_func_name exact_match score 0.0 msg exact not match, response: 21, target: 27
2026-08-13 18:05:51.208 | DEBUG    | eval.evaluation.evaluation:metric_call:77 - metric_func_name exact_match score 1.0 msg exact match, response: 4, target: 4
2026-08-13 18:05:51.208 | DEBUG    | eval.evaluation.evaluation:metric_call:77 - metric_func_name exact_match score 0.0 msg exact not match, response: 36, target: 31
2026-08-13 18:05:51.208 | DEBUG    | eval.evaluation.evaluation:metric_call:77 - metric_func_name exact_match score 0.0 msg exact not match, response: 81, target: 63
2026-08-13 18:05:51.208 | DEBUG    | eval.evaluation.evaluation:metric_call:77 - metric_func_name exact_match score 0.0 msg exact not match, response: 50, target: 62
2026-08-13 18:05:51.208 | DEBUG    | eval.evaluation.evaluation:metric_call:77 - metric_func_name exact_match score 1.0 msg exact match, response: 1, target: 1
2026-08-13 18:05:51.209 | DEBUG    | eval.evaluation.evaluation:metric_call:77 - metric_func_name exact_match score 0.0 msg exact not match, response: 72, target: 74
2026-08-13 18:05:51.209 | DEBUG    | eval.evaluation.evaluation:metric_call:77 - metric_func_name exact_match score 0.0 msg exact not match, response: 45, target: 43
2026-08-13 18:05:51.209 | DEBUG    | eval.evaluation.evaluation:metric_call:77 - metric_func_name exact_match score 0.0 msg exact not match, response: 16, target: 20
2026-08-13 18:05:51.209 | DEBUG    | eval.evaluation.evaluation:metric_call:77 - metric_func_name exact_match score 0.0 msg exact not match, response: 20, target: 22
2026-08-13 18:05:51.209 | DEBUG    | eval.evaluation.evaluation:metric_call:77 - metric_func_name exact_match score 0.0 msg exact not match, response: 10, target: 9
2026-08-13 18:05:51.209 | DEBUG    | eval.evaluation.evaluation:metric_call:77 - metric_func_name exact_match score 0.0 msg exact not match, response: 7, target: 8
2026-08-13 18:05:51.209 | DEBUG    | eval.evaluation.evaluation:metric_call:77 - metric_func_name exact_match score 0.0 msg exact not match, response: 38, target: 25
2026-08-13 18:05:51.209 | DEBUG    | eval.evaluation.evaluation:evaluate_single_query:321 - wide2deep_ws_en_062, col 2025ukguardianrankings, metric_func_name exact_match, score [0.0, 0.0, 1.0, 0.0, 0.0, 0.0, 0.0, 0.0, 0.0, 0.0, 0.0, 0.0, 1.0, 0.0, 0.0, 0.0, 1.0, 0.0, 0.0, 0.0, 0.0, 0.0, 0.0, 0.0]
2026-08-13 18:05:51.210 | DEBUG    | eval.evaluation.evaluation:metric_call:77 - metric_func_name exact_match score 1.0 msg exact match, response: 76, target: 76
2026-08-13 18:05:51.210 | DEBUG    | eval.evaluation.evaluation:metric_call:77 - metric_func_name exact_match score 1.0 msg exact match, response: 51, target: 51
2026-08-13 18:05:51.210 | DEBUG    | eval.evaluation.evaluation:metric_call:77 - metric_func_name exact_match score 1.0 msg exact match, response: 6, target: 6
2026-08-13 18:05:51.210 | DEBUG    | eval.evaluation.evaluation:metric_call:77 - metric_func_name exact_match score 1.0 msg exact match, response: 181, target: 181
2026-08-13 18:05:51.210 | DEBUG    | eval.evaluation.evaluation:metric_call:77 - metric_func_name exact_match score 1.0 msg exact match, response: 94, target: 94
2026-08-13 18:05:51.210 | DEBUG    | eval.evaluation.evaluation:metric_call:77 - metric_func_name exact_match score 1.0 msg exact match, response: 34, target: 34
2026-08-13 18:05:51.210 | DEBUG    | eval.evaluation.evaluation:metric_call:77 - metric_func_name exact_match score 1.0 msg exact match, response: 155, target: 155
2026-08-13 18:05:51.210 | DEBUG    | eval.evaluation.evaluation:metric_call:77 - metric_func_name exact_match score 1.0 msg exact match, response: 79, target: 79
2026-08-13 18:05:51.210 | DEBUG    | eval.evaluation.evaluation:metric_call:77 - metric_func_name exact_match score 1.0 msg exact match, response: 2, target: 2
2026-08-13 18:05:51.210 | DEBUG    | eval.evaluation.evaluation:metric_call:77 - metric_func_name exact_match score 1.0 msg exact match, response: 31, target: 31
2026-08-13 18:05:51.210 | DEBUG    | eval.evaluation.evaluation:metric_call:77 - metric_func_name exact_match score 1.0 msg exact match, response: 86, target: 86
2026-08-13 18:05:51.210 | DEBUG    | eval.evaluation.evaluation:metric_call:77 - metric_func_name exact_match score 1.0 msg exact match, response: 147, target: 147
2026-08-13 18:05:51.210 | DEBUG    | eval.evaluation.evaluation:metric_call:77 - metric_func_name exact_match score 1.0 msg exact match, response: 56, target: 56
2026-08-13 18:05:51.210 | DEBUG    | eval.evaluation.evaluation:metric_call:77 - metric_func_name exact_match score 1.0 msg exact match, response: 35, target: 35
2026-08-13 18:05:51.210 | DEBUG    | eval.evaluation.evaluation:metric_call:77 - metric_func_name exact_match score 1.0 msg exact match, response: 137, target: 137
2026-08-13 18:05:51.210 | DEBUG    | eval.evaluation.evaluation:metric_call:77 - metric_func_name exact_match score 1.0 msg exact match, response: 97, target: 97
2026-08-13 18:05:51.210 | DEBUG    | eval.evaluation.evaluation:metric_call:77 - metric_func_name exact_match score 1.0 msg exact match, response: 4, target: 4
2026-08-13 18:05:51.211 | DEBUG    | eval.evaluation.evaluation:metric_call:77 - metric_func_name exact_match score 1.0 msg exact match, response: 110, target: 110
2026-08-13 18:05:51.211 | DEBUG    | eval.evaluation.evaluation:metric_call:77 - metric_func_name exact_match score 1.0 msg exact match, response: 199, target: 199
2026-08-13 18:05:51.211 | DEBUG    | eval.evaluation.evaluation:metric_call:77 - metric_func_name exact_match score 1.0 msg exact match, response: 92, target: 92
2026-08-13 18:05:51.211 | DEBUG    | eval.evaluation.evaluation:metric_call:77 - metric_func_name exact_match score 1.0 msg exact match, response: 87, target: 87
2026-08-13 18:05:51.211 | DEBUG    | eval.evaluation.evaluation:metric_call:77 - metric_func_name exact_match score 1.0 msg exact match, response: 9, target: 9
2026-08-13 18:05:51.211 | DEBUG    | eval.evaluation.evaluation:metric_call:77 - metric_func_name exact_match score 1.0 msg exact match, response: 74, target: 74
2026-08-13 18:05:51.211 | DEBUG    | eval.evaluation.evaluation:metric_call:77 - metric_func_name exact_match score 1.0 msg exact match, response: 169, target: 169
2026-08-13 18:05:51.211 | DEBUG    | eval.evaluation.evaluation:evaluate_single_query:321 - wide2deep_ws_en_062, col 2026qsworldrankings, metric_func_name exact_match, score [1.0, 1.0, 1.0, 1.0, 1.0, 1.0, 1.0, 1.0, 1.0, 1.0, 1.0, 1.0, 1.0, 1.0, 1.0, 1.0, 1.0, 1.0, 1.0, 1.0, 1.0, 1.0, 1.0, 1.0]
2026-08-13 18:05:51.217 | INFO     | eval.evaluation.evaluation:evaluate_single_query:380 - wide2deep_ws_en_062, P/R/F1 by unique_columns: 1.0000/1.0000/1.0000
2026-08-13 18:05:51.217 | INFO     | eval.evaluation.evaluation:evaluate_single_query:383 - wide2deep_ws_en_062, P/R/F1 by row: 0.0000/0.0000/0.0000
2026-08-13 18:05:51.217 | INFO     | eval.evaluation.evaluation:evaluate_single_query:386 - wide2deep_ws_en_062, P/R/F1 by item: 0.7778/0.7778/0.7778
2026-08-13 18:05:51.220 | INFO     | eval.evaluation.evaluation:evaluate_single_query:398 - wide2deep_ws_en_062, final table score: 0.0
{"event": "eval_done", "idx": 6, "instance_id": "wide2deep_ws_en_062", "score": 0.0, "entity_acc": 1.0, "f1_by_row": 0.0, "f1_by_item": 0.7777777777777778, "column_f1": 1.0, "error": null, "elapsed_seconds": 18.527, "running_n": 6}
2026-08-13 18:05:53.218 | DEBUG    | eval.evaluation.data_loader:extract_dataframe:167 - find markdown_str 
| Year | Country | Party | Party President | Popular Vote | Vot ...
2026-08-13 18:05:57.739 | INFO     | eval.evaluation.metric_utils:primary_key_preprocess:246 - primary_key_preprocess result: ```json
{
  "2010": "2010",
  "2012": "2012",
  "2017": "2017",
  "2022": "2022"
}
```
2026-08-13 18:05:57.740 | INFO     | eval.evaluation.evaluation:evaluate_single_query:223 - col: year, primary_key_map {'2010': '2010', '2012': '2012', '2017': '2017', '2022': '2022'}
2026-08-13 18:06:03.448 | INFO     | eval.evaluation.metric_utils:primary_key_preprocess:246 - primary_key_preprocess result: ```json
{
  "Germany": "Germany",
  "France": "France"
}
```
2026-08-13 18:06:03.448 | INFO     | eval.evaluation.evaluation:evaluate_single_query:223 - col: country, primary_key_map {'Germany': 'Germany', 'France': 'France'}
2026-08-13 18:06:07.183 | INFO     | eval.evaluation.metric_utils:primary_key_preprocess:246 - primary_key_preprocess result: ```json
{
  "National Democratic Party of Germany (NPD)": "National Democratic Party of Germany",
  "National Front (FN)": "National Front",
  "Alternative for Germany (AfD)": "Alternative for Germany",
  "National Rally (RN)": "National Rally"
}
```
2026-08-13 18:06:07.183 | INFO     | eval.evaluation.evaluation:evaluate_single_query:223 - col: party, primary_key_map {'National Democratic Party of Germany (NPD)': 'National Democratic Party of Germany', 'National Front (FN)': 'National Front', 'Alternative for Germany (AfD)': 'Alternative for Germany', 'National Rally (RN)': 'National Rally'}
2026-08-13 18:06:07.192 | INFO     | eval.evaluation.evaluation:evaluate_single_query:275 - wide2deep_ws_en_074, df_inner shape: (4, 14), answer_df shape: (24, 7), response_df shape: (7, 10)
2026-08-13 18:06:11.357 | DEBUG    | eval.evaluation.evaluation:evaluate_single_query:321 - wide2deep_ws_en_074, col partypresident, metric_func_name llm_judge, score [1, 1, 0, 0]
2026-08-13 18:06:11.357 | DEBUG    | eval.evaluation.evaluation:metric_call:77 - metric_func_name number_near score 1.0 msg number near in range 5.0%, response: 6421426.0, target: 6421426.0
2026-08-13 18:06:11.357 | DEBUG    | eval.evaluation.evaluation:metric_call:77 - metric_func_name number_near score 1.0 msg number near in range 5.0%, response: 7678491.0, target: 7678491.0
2026-08-13 18:06:11.357 | DEBUG    | eval.evaluation.evaluation:metric_call:77 - metric_func_name number_near score 1.0 msg number near in range 5.0%, response: 8133828.0, target: 8133828.0
2026-08-13 18:06:11.358 | DEBUG    | eval.evaluation.evaluation:metric_call:77 - metric_func_name number_near score 0.0 msg number not near, response: 42.0, target: 5878115.0
2026-08-13 18:06:11.358 | DEBUG    | eval.evaluation.evaluation:evaluate_single_query:321 - wide2deep_ws_en_074, col popularvote, metric_func_name number_near, score [1.0, 1.0, 1.0, 0.0]
2026-08-13 18:06:11.358 | DEBUG    | eval.evaluation.evaluation:metric_call:77 - metric_func_name number_near score 1.0 msg number near in range 5.0%, response: 17.9, target: 17.9
2026-08-13 18:06:11.358 | DEBUG    | eval.evaluation.evaluation:metric_call:77 - metric_func_name number_near score 1.0 msg number near in range 5.0%, response: 21.3, target: 21.3
2026-08-13 18:06:11.359 | DEBUG    | eval.evaluation.evaluation:metric_call:77 - metric_func_name number_near score 1.0 msg number near in range 5.0%, response: 23.2, target: 23.15
2026-08-13 18:06:11.359 | DEBUG    | eval.evaluation.evaluation:metric_call:77 - metric_func_name number_near score 0.0 msg number not near, response: 3.4, target: 12.64
2026-08-13 18:06:11.359 | DEBUG    | eval.evaluation.evaluation:evaluate_single_query:321 - wide2deep_ws_en_074, col voteshare(%), metric_func_name number_near, score [1.0, 1.0, 1.0, 0.0]
2026-08-13 18:06:16.107 | DEBUG    | eval.evaluation.evaluation:evaluate_single_query:321 - wide2deep_ws_en_074, col winningparty/bloc, metric_func_name llm_judge, score [1, 1, 1, 0]
2026-08-13 18:06:16.113 | INFO     | eval.evaluation.evaluation:evaluate_single_query:380 - wide2deep_ws_en_074, P/R/F1 by unique_columns: 0.5714/0.1667/0.2581
2026-08-13 18:06:16.113 | INFO     | eval.evaluation.evaluation:evaluate_single_query:383 - wide2deep_ws_en_074, P/R/F1 by row: 0.2857/0.0833/0.1290
2026-08-13 18:06:16.113 | INFO     | eval.evaluation.evaluation:evaluate_single_query:386 - wide2deep_ws_en_074, P/R/F1 by item: 0.4694/0.1369/0.2120
2026-08-13 18:06:16.115 | INFO     | eval.evaluation.evaluation:evaluate_single_query:398 - wide2deep_ws_en_074, final table score: 0.0
{"event": "eval_done", "idx": 7, "instance_id": "wide2deep_ws_en_074", "score": 0.0, "entity_acc": 1.0, "f1_by_row": 0.12903225806451613, "f1_by_item": 0.2119815668202765, "column_f1": 0.25806451612903225, "error": null, "elapsed_seconds": 24.874, "running_n": 7}
SUMMARY {"n": 7, "valid_n": 7, "errors": 0, "complete": true, "judge_calls_current_process": 23, "score": 0.0, "entity_acc": 1.0, "precision_by_row": 0.06938775510204082, "recall_by_row": 0.04047619047619048, "f1_by_row": 0.04700460829493088, "precision_by_item": 0.300698717582271, "recall_by_item": 0.2314712430426716, "f1_by_item": 0.24958466827591255, "column_precision": 0.44297719087635057, "column_recall": 0.3484848484848485, "column_f1": 0.37400921658986175}
