INFO: Pandarallel will run on 8 workers.
INFO: Pandarallel will use Memory file system to transfer data between the main process and workers.
{"event": "eval_start", "selected": 7, "resume_committed": 0, "committed_errors": 0, "crash_only_resume": false}
2026-08-13 18:04:43.531 | DEBUG    | eval.evaluation.data_loader:extract_dataframe:167 - find markdown_str 
| 产品系列 | 产品名称 | 芯片名称 | 发布日期 | 总线接口 | 显存容量 | 显存类型 | 显存位宽 | 核心频率( ...
2026-08-13 18:04:59.813 | INFO     | eval.evaluation.metric_utils:primary_key_preprocess:246 - primary_key_preprocess result: ```json
{
  "RIVA 128": "Riva 128",
  "RIVA 128 ZX": "Riva 128ZX",
  "RIVA TNT": "Riva TNT",
  "Vanta LT": "Vanta LT",
  "RIVA TNT2": "Riva TNT2",
  "RIVA TNT2 Ultra": "Riva TNT2 Ultra",
  "RIVA TNT2 M64": "Riva TNT2 M64",
  "GeForce 256 SDR": "GeForce 256 SDR",
  "GeForce 256 DDR": "GeForce 256 DDR",
  "GeForce2 GTS": "GeForce2 GTS",
  "GeForce2 MX": "GeForce2 MX",
  "GeForce2 Ultra": "GeForce2 Ultra",
  "GeForce2 MX200": "GeForce2 MX 200",
  "GeForce2 MX400": "GeForce2 MX 400",
  "GeForce3": "GeForce3",
  "GeForce3 Ti 200": "GeForce3 Ti200",
  "GeForce3 Ti 500": "GeForce3 Ti500",
  "GeForce4 MX 420": "GeForce4 MX 420",
  "GeForce4 MX 440": "GeForce4 MX 440",
  "GeForce4 MX 460": "GeForce4 MX 460",
  "GeForce4 Ti 4200": "GeForce4 Ti 4200",
  "GeForce4 Ti 4400": "GeForce4 Ti 4400",
  "GeForce4 Ti 4600": "GeForce4 Ti 4600",
  "GeForce FX 5200": "GeForce FX 5200",
  "GeForce FX 5600": "GeForce FX 5600",
  "GeForce FX 5700": "GeForce FX 5700",
  "GeForce FX 5800": "GeForce FX 5800",
  "GeForce FX 5800 Ultra": "GeForce FX 5800 Ultra",
  "GeForce FX 5900": "GeForce FX 5900",
  "GeForce FX 5900 Ultra": "GeForce FX 5900 Ultra",
  "GeForce FX 5950 Ultra": "GeForce FX 5950 Ultra",
  "GeForce 6200": "GeForce 6200",
  "GeForce 6600": "GeForce 6600",
  "GeForce 6600 GT": "GeForce 6600 GT",
  "GeForce 6800": "GeForce 6800",
  "GeForce 6800 GT": "GeForce 6800 GT",
  "GeForce 6800 Ultra": "GeForce 6800 Ultra",
  "GeForce 7300 GT": "GeForce 7300 GT",
  "GeForce 7600 GT": "GeForce 7600 GT",
  "GeForce 7800 GT": "GeForce 7800 GT",
  "GeForce 7800 GTX": "GeForce 7800 GTX",
  "GeForce 7800 GTX 512": "GeForce 7800 GTX 512",
  "GeForce 7900 GT": "GeForce 7900 GT",
  "GeForce 7900 GTX": "GeForce 7900 GTX",
  "GeForce 7950 GX2": "GeForce 7950 GX2",
  "GeForce 8500 GT": "GeForce 8500 GT",
  "GeForce 8600 GT": "GeForce 8600 GT",
  "GeForce 8600 GTS": "GeForce 8600 GTS",
  "GeForce 8800 GTX": "GeForce 8800 GTX",
  "GeForce 8800 Ultra": "GeForce 8800 Ultra",
  "GeForce 9600 GT": "GeForce 9600 GT",
  "GeForce 9800 GTX": "GeForce 9800 GTX",
  "GeForce 9800 GX2": "GeForce 9800 GX2",
  "GeForce GTX 260": "GeForce GTX 260",
  "GeForce GTX 275": "GeForce GTX 275",
  "GeForce GTX 280": "GeForce GTX 280",
  "GeForce GTX 285": "GeForce GTX 285",
  "GeForce GTX 295": "GeForce GTX 295",
  "GeForce GTX 460": "GeForce GTX 460",
  "GeForce GTX 470": "GeForce GTX 470",
  "GeForce GTX 480": "GeForce GTX 480",
  "GeForce GTX 560 Ti": "GeForce GTX 560 Ti",
  "GeForce GTX 570": "GeForce GTX 570",
  "GeForce GTX 580": "GeForce GTX 580",
  "GeForce GTX 590": "GeForce GTX 590",
  "GeForce GTX 650 Ti": "GeForce GTX 650 Ti",
  "GeForce GTX 660": "GeForce GTX 660",
  "GeForce GTX 670": "GeForce GTX 670",
  "GeForce GTX 680": "GeForce GTX 680",
  "GeForce GTX 690": "GeForce GTX 690",
  "GeForce GTX 750 Ti": "GeForce GTX 750 Ti",
  "GeForce GTX 760": "GeForce GTX 760",
  "GeForce GTX 770": "GeForce GTX 770",
  "GeForce GTX 780": "GeForce GTX 780",
  "GeForce GTX 780 Ti": "GeForce GTX 780 Ti",
  "GeForce GTX Titan": "GeForce GTX TITAN",
  "GeForce GTX Titan Black": "GeForce GTX TITAN BLACK",
  "GeForce GTX Titan Z": "GeForce GTX TITAN Z",
  "GeForce GTX 950": "GeForce GTX 950",
  "GeForce GTX 960": "GeForce GTX 960",
  "GeForce GTX 970": "GeForce GTX 970",
  "GeForce GTX 980": "GeForce GTX 980",
  "GeForce GTX 980 Ti": "GeForce GTX 980 Ti",
  "GeForce GTX Titan X": "GeForce GTX TITAN X",
  "GeForce GTX 1050": "GeForce GTX 1050",
  "GeForce GTX 1050 Ti": "GeForce GTX 1050 Ti",
  "GeForce GTX 1060 3GB": "GeForce GTX 1060 3 GB",
  "GeForce GTX 1060 6GB": "GeForce GTX 1060 6 GB",
  "GeForce GTX 1070": "GeForce GTX 1070",
  "GeForce GTX 1070 Ti": "GeForce GTX 1070 Ti",
  "GeForce GTX 1080": "GeForce GTX 1080",
  "GeForce GTX 1080 Ti": "GeForce GTX 1080 Ti",
  "NVIDIA Titan X": "TITAN X Pascal",
  "NVIDIA Titan Xp": "TITAN Xp",
  "GeForce GTX 1650": "GeForce GTX 1650",
  "GeForce GTX 1650 SUPER": "GeForce GTX 1650 SUPER",
  "GeForce GTX 1660": "GeForce GTX 1660",
  "GeForce GTX 1660 SUPER": "GeForce GTX 1660 SUPER",
  "GeForce GTX 1660 Ti": "GeForce GTX 1660 Ti",
  "GeForce RTX 2060": "GeForce RTX 2060",
  "GeForce RTX 2060 SUPER": "GeForce RTX 2060 SUPER",
  "GeForce RTX 2070": "GeForce RTX 2070",
  "GeForce RTX 2070 SUPER": "GeForce RTX 2070 SUPER",
  "GeForce RTX 2080": "GeForce RTX 2080",
  "GeForce RTX 2080 SUPER": "GeForce RTX 2080 SUPER",
  "GeForce RTX 2080 Ti": "GeForce RTX 2080 Ti",
  "NVIDIA Titan RTX": "TITAN RTX",
  "GeForce RTX 3050 8GB": "GeForce RTX 3050 8 GB",
  "GeForce RTX 3050 6GB": "GeForce RTX 3050 6 GB",
  "GeForce RTX 3060 Ti": "GeForce RTX 3060 Ti",
  "GeForce RTX 3070": "GeForce RTX 3070",
  "GeForce RTX 3070 Ti": "GeForce RTX 3070 Ti",
  "GeForce RTX 3080 10GB": "GeForce RTX 3080",
  "GeForce RTX 3080 12GB": "GeForce RTX 3080 12 GB",
  "GeForce RTX 3080 Ti": "GeForce RTX 3080 Ti",
  "GeForce RTX 3090": "GeForce RTX 3090",
  "GeForce RTX 3090 Ti": "GeForce RTX 3090 Ti",
  "GeForce RTX 4060": "GeForce RTX 4060",
  "GeForce RTX 4060 Ti 8GB": "GeForce RTX 4060 Ti 8 GB",
  "GeForce RTX 4060 Ti 16GB": "GeForce RTX 4060 Ti 16 GB",
  "GeForce RTX 4070": "GeForce RTX 4070",
  "GeForce RTX 4070 SUPER": "GeForce RTX 4070 SUPER",
  "GeForce RTX 4070 Ti": "GeForce RTX 4070 Ti",
  "GeForce RTX 4070 Ti SUPER": "GeForce RTX 4070 Ti SUPER",
  "GeForce RTX 4080": "GeForce RTX 4080",
  "GeForce RTX 4080 SUPER": "GeForce RTX 4080 SUPER",
  "GeForce RTX 4090": "GeForce RTX 4090",
  "GeForce RTX 4090 D": "GeForce RTX 4090 D"
}
```
2026-08-13 18:04:59.813 | INFO     | eval.evaluation.evaluation:evaluate_single_query:223 - col: 产品名称, primary_key_map {'RIVA 128': 'Riva 128', 'RIVA 128 ZX': 'Riva 128ZX', 'RIVA TNT': 'Riva TNT', 'Vanta LT': 'Vanta LT', 'RIVA TNT2': 'Riva TNT2', 'RIVA TNT2 Ultra': 'Riva TNT2 Ultra', 'RIVA TNT2 M64': 'Riva TNT2 M64', 'GeForce 256 SDR': 'GeForce 256 SDR', 'GeForce 256 DDR': 'GeForce 256 DDR', 'GeForce2 GTS': 'GeForce2 GTS', 'GeForce2 MX': 'GeForce2 MX', 'GeForce2 Ultra': 'GeForce2 Ultra', 'GeForce2 MX200': 'GeForce2 MX 200', 'GeForce2 MX400': 'GeForce2 MX 400', 'GeForce3': 'GeForce3', 'GeForce3 Ti 200': 'GeForce3 Ti200', 'GeForce3 Ti 500': 'GeForce3 Ti500', 'GeForce4 MX 420': 'GeForce4 MX 420', 'GeForce4 MX 440': 'GeForce4 MX 440', 'GeForce4 MX 460': 'GeForce4 MX 460', 'GeForce4 Ti 4200': 'GeForce4 Ti 4200', 'GeForce4 Ti 4400': 'GeForce4 Ti 4400', 'GeForce4 Ti 4600': 'GeForce4 Ti 4600', 'GeForce FX 5200': 'GeForce FX 5200', 'GeForce FX 5600': 'GeForce FX 5600', 'GeForce FX 5700': 'GeForce FX 5700', 'GeForce FX 5800': 'GeForce FX 5800', 'GeForce FX 5800 Ultra': 'GeForce FX 5800 Ultra', 'GeForce FX 5900': 'GeForce FX 5900', 'GeForce FX 5900 Ultra': 'GeForce FX 5900 Ultra', 'GeForce FX 5950 Ultra': 'GeForce FX 5950 Ultra', 'GeForce 6200': 'GeForce 6200', 'GeForce 6600': 'GeForce 6600', 'GeForce 6600 GT': 'GeForce 6600 GT', 'GeForce 6800': 'GeForce 6800', 'GeForce 6800 GT': 'GeForce 6800 GT', 'GeForce 6800 Ultra': 'GeForce 6800 Ultra', 'GeForce 7300 GT': 'GeForce 7300 GT', 'GeForce 7600 GT': 'GeForce 7600 GT', 'GeForce 7800 GT': 'GeForce 7800 GT', 'GeForce 7800 GTX': 'GeForce 7800 GTX', 'GeForce 7800 GTX 512': 'GeForce 7800 GTX 512', 'GeForce 7900 GT': 'GeForce 7900 GT', 'GeForce 7900 GTX': 'GeForce 7900 GTX', 'GeForce 7950 GX2': 'GeForce 7950 GX2', 'GeForce 8500 GT': 'GeForce 8500 GT', 'GeForce 8600 GT': 'GeForce 8600 GT', 'GeForce 8600 GTS': 'GeForce 8600 GTS', 'GeForce 8800 GTX': 'GeForce 8800 GTX', 'GeForce 8800 Ultra': 'GeForce 8800 Ultra', 'GeForce 9600 GT': 'GeForce 9600 GT', 'GeForce 9800 GTX': 'GeForce 9800 GTX', 'GeForce 9800 GX2': 'GeForce 9800 GX2', 'GeForce GTX 260': 'GeForce GTX 260', 'GeForce GTX 275': 'GeForce GTX 275', 'GeForce GTX 280': 'GeForce GTX 280', 'GeForce GTX 285': 'GeForce GTX 285', 'GeForce GTX 295': 'GeForce GTX 295', 'GeForce GTX 460': 'GeForce GTX 460', 'GeForce GTX 470': 'GeForce GTX 470', 'GeForce GTX 480': 'GeForce GTX 480', 'GeForce GTX 560 Ti': 'GeForce GTX 560 Ti', 'GeForce GTX 570': 'GeForce GTX 570', 'GeForce GTX 580': 'GeForce GTX 580', 'GeForce GTX 590': 'GeForce GTX 590', 'GeForce GTX 650 Ti': 'GeForce GTX 650 Ti', 'GeForce GTX 660': 'GeForce GTX 660', 'GeForce GTX 670': 'GeForce GTX 670', 'GeForce GTX 680': 'GeForce GTX 680', 'GeForce GTX 690': 'GeForce GTX 690', 'GeForce GTX 750 Ti': 'GeForce GTX 750 Ti', 'GeForce GTX 760': 'GeForce GTX 760', 'GeForce GTX 770': 'GeForce GTX 770', 'GeForce GTX 780': 'GeForce GTX 780', 'GeForce GTX 780 Ti': 'GeForce GTX 780 Ti', 'GeForce GTX Titan': 'GeForce GTX TITAN', 'GeForce GTX Titan Black': 'GeForce GTX TITAN BLACK', 'GeForce GTX Titan Z': 'GeForce GTX TITAN Z', 'GeForce GTX 950': 'GeForce GTX 950', 'GeForce GTX 960': 'GeForce GTX 960', 'GeForce GTX 970': 'GeForce GTX 970', 'GeForce GTX 980': 'GeForce GTX 980', 'GeForce GTX 980 Ti': 'GeForce GTX 980 Ti', 'GeForce GTX Titan X': 'GeForce GTX TITAN X', 'GeForce GTX 1050': 'GeForce GTX 1050', 'GeForce GTX 1050 Ti': 'GeForce GTX 1050 Ti', 'GeForce GTX 1060 3GB': 'GeForce GTX 1060 3 GB', 'GeForce GTX 1060 6GB': 'GeForce GTX 1060 6 GB', 'GeForce GTX 1070': 'GeForce GTX 1070', 'GeForce GTX 1070 Ti': 'GeForce GTX 1070 Ti', 'GeForce GTX 1080': 'GeForce GTX 1080', 'GeForce GTX 1080 Ti': 'GeForce GTX 1080 Ti', 'NVIDIA Titan X': 'TITAN X Pascal', 'NVIDIA Titan Xp': 'TITAN Xp', 'GeForce GTX 1650': 'GeForce GTX 1650', 'GeForce GTX 1650 SUPER': 'GeForce GTX 1650 SUPER', 'GeForce GTX 1660': 'GeForce GTX 1660', 'GeForce GTX 1660 SUPER': 'GeForce GTX 1660 SUPER', 'GeForce GTX 1660 Ti': 'GeForce GTX 1660 Ti', 'GeForce RTX 2060': 'GeForce RTX 2060', 'GeForce RTX 2060 SUPER': 'GeForce RTX 2060 SUPER', 'GeForce RTX 2070': 'GeForce RTX 2070', 'GeForce RTX 2070 SUPER': 'GeForce RTX 2070 SUPER', 'GeForce RTX 2080': 'GeForce RTX 2080', 'GeForce RTX 2080 SUPER': 'GeForce RTX 2080 SUPER', 'GeForce RTX 2080 Ti': 'GeForce RTX 2080 Ti', 'NVIDIA Titan RTX': 'TITAN RTX', 'GeForce RTX 3050 8GB': 'GeForce RTX 3050 8 GB', 'GeForce RTX 3050 6GB': 'GeForce RTX 3050 6 GB', 'GeForce RTX 3060 Ti': 'GeForce RTX 3060 Ti', 'GeForce RTX 3070': 'GeForce RTX 3070', 'GeForce RTX 3070 Ti': 'GeForce RTX 3070 Ti', 'GeForce RTX 3080 10GB': 'GeForce RTX 3080', 'GeForce RTX 3080 12GB': 'GeForce RTX 3080 12 GB', 'GeForce RTX 3080 Ti': 'GeForce RTX 3080 Ti', 'GeForce RTX 3090': 'GeForce RTX 3090', 'GeForce RTX 3090 Ti': 'GeForce RTX 3090 Ti', 'GeForce RTX 4060': 'GeForce RTX 4060', 'GeForce RTX 4060 Ti 8GB': 'GeForce RTX 4060 Ti 8 GB', 'GeForce RTX 4060 Ti 16GB': 'GeForce RTX 4060 Ti 16 GB', 'GeForce RTX 4070': 'GeForce RTX 4070', 'GeForce RTX 4070 SUPER': 'GeForce RTX 4070 SUPER', 'GeForce RTX 4070 Ti': 'GeForce RTX 4070 Ti', 'GeForce RTX 4070 Ti SUPER': 'GeForce RTX 4070 Ti SUPER', 'GeForce RTX 4080': 'GeForce RTX 4080', 'GeForce RTX 4080 SUPER': 'GeForce RTX 4080 SUPER', 'GeForce RTX 4090': 'GeForce RTX 4090', 'GeForce RTX 4090 D': 'GeForce RTX 4090 D'}
2026-08-13 18:05:10.729 | INFO     | eval.evaluation.metric_utils:primary_key_preprocess:246 - primary_key_preprocess result: ```json
{
  "NV1": "NV1",
  "NV3": "NV3",
  "NV4": "NV4",
  "NV5": "NV5",
  "NV10": "NV10",
  "NV15": "NV15",
  "NV11": "NV11",
  "NV20": "NV20",
  "NV17": "NV17",
  "NV25": "NV25",
  "NV34": "NV34",
  "NV31": "NV31",
  "NV36": "NV36",
  "NV30": "NV30",
  "NV35": "NV35",
  "NV38": "NV38",
  "NV43": "NV43",
  "NV40": "NV40",
  "G73": "G73",
  "G70": "G70",
  "G71": "G71",
  "G71×2": "G71",
  "G86": "G86",
  "G84": "G84",
  "G80": "G80",
  "G94": "G94",
  "G92": "G92",
  "G92×2": "G92",
  "GT200": "GT200",
  "GT200B": "GT200B",
  "GT200B×2": "GT200B",
  "GF104": "GF104",
  "GF100": "GF100",
  "GF114": "GF114",
  "GF110": "GF110",
  "GF110×2": "GF110",
  "GK106": "GK106",
  "GK104": "GK104",
  "GK104×2": "GK104",
  "GM107": "GM107",
  "GK110": "GK110",
  "GK110B": "GK110B",
  "GK110B×2": "GK110B",
  "GM206": "GM206",
  "GM204": "GM204",
  "GM200": "GM200",
  "GP107": "GP107",
  "GP106": "GP106",
  "GP104": "GP104",
  "GP102": "GP102",
  "TU117": "TU117",
  "TU116": "TU116",
  "TU106": "TU106",
  "TU104": "TU104",
  "TU102": "TU102",
  "GA106": "GA106",
  "GA107": "GA107",
  "GA104": "GA104",
  "GA102": "GA102",
  "AD107": "AD107",
  "AD106": "AD106",
  "AD104": "AD104",
  "AD103": "AD103",
  "AD102": "AD102",
  "AD102-250": "AD102"
}
```
2026-08-13 18:05:10.729 | INFO     | eval.evaluation.evaluation:evaluate_single_query:223 - col: 芯片名称, primary_key_map {'NV1': 'NV1', 'NV3': 'NV3', 'NV4': 'NV4', 'NV5': 'NV5', 'NV10': 'NV10', 'NV15': 'NV15', 'NV11': 'NV11', 'NV20': 'NV20', 'NV17': 'NV17', 'NV25': 'NV25', 'NV34': 'NV34', 'NV31': 'NV31', 'NV36': 'NV36', 'NV30': 'NV30', 'NV35': 'NV35', 'NV38': 'NV38', 'NV43': 'NV43', 'NV40': 'NV40', 'G73': 'G73', 'G70': 'G70', 'G71': 'G71', 'G71×2': 'G71', 'G86': 'G86', 'G84': 'G84', 'G80': 'G80', 'G94': 'G94', 'G92': 'G92', 'G92×2': 'G92', 'GT200': 'GT200', 'GT200B': 'GT200B', 'GT200B×2': 'GT200B', 'GF104': 'GF104', 'GF100': 'GF100', 'GF114': 'GF114', 'GF110': 'GF110', 'GF110×2': 'GF110', 'GK106': 'GK106', 'GK104': 'GK104', 'GK104×2': 'GK104', 'GM107': 'GM107', 'GK110': 'GK110', 'GK110B': 'GK110B', 'GK110B×2': 'GK110B', 'GM206': 'GM206', 'GM204': 'GM204', 'GM200': 'GM200', 'GP107': 'GP107', 'GP106': 'GP106', 'GP104': 'GP104', 'GP102': 'GP102', 'TU117': 'TU117', 'TU116': 'TU116', 'TU106': 'TU106', 'TU104': 'TU104', 'TU102': 'TU102', 'GA106': 'GA106', 'GA107': 'GA107', 'GA104': 'GA104', 'GA102': 'GA102', 'AD107': 'AD107', 'AD106': 'AD106', 'AD104': 'AD104', 'AD103': 'AD103', 'AD102': 'AD102', 'AD102-250': 'AD102'}
2026-08-13 18:05:18.318 | INFO     | eval.evaluation.metric_utils:primary_key_preprocess:246 - primary_key_preprocess result: ```json
{
  "2 MB": "2 MB",
  "4 MB": "4 MB",
  "8 MB": "8 MB",
  "16 MB": "16 MB",
  "32 MB": "32 MB",
  "64 MB": "64 MB",
  "128 MB": "128 MB",
  "256 MB": "256 MB",
  "512 MB": "512 MB",
  "1 GB": "1024 MB",
  "320 MB": "320 MB",
  "640 MB": "640 MB",
  "768 MB": "768 MB",
  "896 MB": "896 MB",
  "1792 MB": "1792 MB",
  "1280 MB": "1280 MB",
  "1536 MB": "1536 MB",
  "2 GB": "2 GB",
  "3 GB": "3 GB",
  "4 GB": "4 GB",
  "6 GB": "6 GB",
  "8 GB": "8 GB",
  "10 GB": "10 GB",
  "11 GB": "11 GB",
  "12 GB": "12 GB",
  "16 GB": "16 GB",
  "24 GB": "24 GB"
}
```
2026-08-13 18:05:18.318 | INFO     | eval.evaluation.evaluation:evaluate_single_query:223 - col: 显存容量, primary_key_map {'2 MB': '2 MB', '4 MB': '4 MB', '8 MB': '8 MB', '16 MB': '16 MB', '32 MB': '32 MB', '64 MB': '64 MB', '128 MB': '128 MB', '256 MB': '256 MB', '512 MB': '512 MB', '1 GB': '1024 MB', '320 MB': '320 MB', '640 MB': '640 MB', '768 MB': '768 MB', '896 MB': '896 MB', '1792 MB': '1792 MB', '1280 MB': '1280 MB', '1536 MB': '1536 MB', '2 GB': '2 GB', '3 GB': '3 GB', '4 GB': '4 GB', '6 GB': '6 GB', '8 GB': '8 GB', '10 GB': '10 GB', '11 GB': '11 GB', '12 GB': '12 GB', '16 GB': '16 GB', '24 GB': '24 GB'}
2026-08-13 18:05:24.084 | INFO     | eval.evaluation.metric_utils:primary_key_preprocess:246 - primary_key_preprocess result: ```json
{
  "64 bit": " 64 bit",
  "128 bit": " 128 bit",
  "256 bit": " 256 bit",
  "320 bit": " 320 bit",
  "384 bit": " 384 bit",
  "448 bit": " 448 bit",
  "512 bit": " 512 bit",
  "192 bit": " 192 bit",
  "352 bit": " 352 bit",
  "96 bit": " 96 bit"
}
```
2026-08-13 18:05:24.084 | INFO     | eval.evaluation.evaluation:evaluate_single_query:223 - col: 显存位宽, primary_key_map {'64 bit': ' 64 bit', '128 bit': ' 128 bit', '256 bit': ' 256 bit', '320 bit': ' 320 bit', '384 bit': ' 384 bit', '448 bit': ' 448 bit', '512 bit': ' 512 bit', '192 bit': ' 192 bit', '352 bit': ' 352 bit', '96 bit': ' 96 bit'}
2026-08-13 18:05:24.100 | INFO     | eval.evaluation.evaluation:evaluate_single_query:275 - wide2deep_ws_zh_007, df_inner shape: (111, 20), answer_df shape: (513, 10), response_df shape: (138, 14)
2026-08-13 18:05:35.954 | DEBUG    | eval.evaluation.evaluation:evaluate_single_query:321 - wide2deep_ws_zh_007, col 产品系列, metric_func_name llm_judge, score [0, 0, 0, 1, 1, 1, 0, 1, 1, 1, 1, 1, 1, 1, 1, 1, 1, 1, 1, 1, 1, 1, 1, 1, 1, 0, 0, 0, 0, 0, 0, 0, 0, 0, 1, 1, 1, 1, 1, 1, 1, 1, 1, 1, 1, 1, 1, 1, 1, 1, 1, 1, 1, 1, 1, 1, 1, 1, 1, 1, 1, 1, 1, 1, 1, 1, 1, 1, 1, 1, 1, 1, 1, 1, 1, 1, 1, 1, 1, 1, 1, 1, 1, 1, 1, 1, 1, 1, 1, 1, 1, 1, 1, 1, 1, 1, 1, 1, 1, 1, 1, 1, 1, 1, 1, 1, 1, 1, 1, 1, 1]
2026-08-13 18:05:54.803 | DEBUG    | eval.evaluation.evaluation:evaluate_single_query:321 - wide2deep_ws_zh_007, col 发布日期, metric_func_name llm_judge, score [0, 1, 1, 0, 0, 0, 1, 1, 1, 1, 1, 1, 1, 1, 1, 0, 1, 1, 0, 0, 0, 0, 0, 0, 1, 1, 0, 0, 1, 1, 1, 1, 1, 1, 1, 1, 1, 1, 1, 0, 1, 0, 1, 0, 1, 1, 1, 1, 1, 1, 1, 0, 1, 1, 1, 1, 1, 1, 1, 0, 1, 1, 1, 0, 0, 0, 1, 1, 1, 1, 1, 1, 1, 1, 1, 1, 1, 1, 1, 1, 1, 1, 0, 1, 1, 1, 1, 1, 0, 1, 1, 0, 0, 0, 0, 0, 1, 0, 0, 0, 0, 0, 0, 0, 0, 0, 0, 0, 0, 0, 0]
2026-08-13 18:06:05.310 | DEBUG    | eval.evaluation.evaluation:evaluate_single_query:321 - wide2deep_ws_zh_007, col 总线接口, metric_func_name llm_judge, score [0, 1, 1, 1, 1, 1, 1, 1, 1, 1, 1, 1, 1, 1, 1, 1, 1, 1, 1, 1, 1, 1, 1, 1, 1, 1, 1, 0, 0, 0, 0, 0, 0, 0, 0, 0, 0, 0, 1, 1, 1, 1, 1, 1, 1, 1, 1, 1, 1, 1, 1, 1, 1, 1, 1, 1, 1, 1, 1, 1, 1, 1, 1, 1, 1, 1, 1, 1, 1, 1, 1, 1, 1, 1, 1, 1, 1, 1, 1, 1, 1, 1, 1, 1, 1, 1, 1, 1, 1, 1, 1, 1, 1, 1, 1, 1, 1, 1, 1, 1, 1, 1, 1, 1, 1, 1, 1, 1, 1, 1, 1]
2026-08-13 18:06:15.372 | DEBUG    | eval.evaluation.evaluation:evaluate_single_query:321 - wide2deep_ws_zh_007, col 显存类型, metric_func_name llm_judge, score [0, 0, 0, 0, 0, 1, 1, 1, 1, 1, 1, 1, 1, 1, 1, 1, 1, 1, 1, 1, 0, 0, 1, 1, 1, 1, 1, 1, 1, 1, 1, 1, 1, 1, 0, 1, 1, 1, 1, 1, 1, 1, 1, 1, 1, 1, 1, 1, 1, 1, 1, 1, 1, 1, 1, 1, 1, 1, 1, 1, 1, 1, 1, 1, 1, 1, 1, 1, 1, 1, 1, 1, 1, 1, 1, 1, 1, 1, 1, 1, 1, 1, 1, 1, 1, 1, 1, 1, 1, 1, 1, 1, 1, 1, 1, 1, 1, 1, 1, 1, 1, 1, 1, 1, 1, 1, 1, 1, 1, 1, 1]
2026-08-13 18:06:32.453 | DEBUG    | eval.evaluation.evaluation:evaluate_single_query:321 - wide2deep_ws_zh_007, col 核心频率(基础频率), metric_func_name llm_judge, score [1, 1, 1, 1, 1, 1, 1, 1, 1, 1, 1, 1, 1, 1, 1, 1, 1, 1, 1, 1, 1, 1, 1, 1, 1, 1, 0, 1, 1, 1, 1, 0, 1, 1, 0, 1, 0, 1, 1, 1, 1, 1, 1, 1, 1, 1, 0, 0, 0, 1, 1, 1, 1, 1, 1, 1, 1, 1, 1, 0, 1, 1, 1, 1, 0, 1, 1, 1, 0, 1, 1, 1, 1, 1, 0, 1, 1, 1, 1, 1, 1, 1, 1, 1, 1, 1, 1, 1, 1, 1, 1, 1, 1, 1, 1, 1, 1, 1, 1, 1, 1, 1, 1, 1, 1, 1, 1, 1, 1, 1, 1]
2026-08-13 18:06:43.819 | DEBUG    | eval.evaluation.evaluation:evaluate_single_query:321 - wide2deep_ws_zh_007, col 显存频率, metric_func_name llm_judge, score [1, 1, 1, 1, 1, 0, 1, 0, 0, 0, 0, 0, 1, 0, 0, 0, 0, 0, 0, 0, 0, 0, 0, 0, 0, 0, 0, 0, 0, 0, 0, 0, 0, 0, 0, 0, 0, 0, 0, 0, 0, 0, 0, 0, 0, 0, 0, 0, 0, 0, 0, 0, 0, 0, 0, 0, 0, 0, 0, 0, 0, 0, 0, 0, 0, 0, 0, 0, 0, 0, 0, 0, 0, 0, 0, 0, 0, 0, 0, 0, 0, 0, 0, 0, 0, 0, 0, 0, 0, 0, 0, 0, 0, 0, 0, 0, 0, 0, 0, 0, 0, 0, 0, 0, 0, 0, 0, 0, 0, 0, 0]
2026-08-13 18:06:43.848 | INFO     | eval.evaluation.evaluation:evaluate_single_query:380 - wide2deep_ws_zh_007, P/R/F1 by unique_columns: 0.8043/0.2164/0.3410
2026-08-13 18:06:43.849 | INFO     | eval.evaluation.evaluation:evaluate_single_query:383 - wide2deep_ws_zh_007, P/R/F1 by row: 0.0072/0.0019/0.0031
2026-08-13 18:06:43.849 | INFO     | eval.evaluation.evaluation:evaluate_single_query:386 - wide2deep_ws_zh_007, P/R/F1 by item: 0.6667/0.1793/0.2826
2026-08-13 18:06:43.859 | INFO     | eval.evaluation.evaluation:evaluate_single_query:398 - wide2deep_ws_zh_007, final table score: 0.0
{"event": "eval_done", "idx": 1, "instance_id": "wide2deep_ws_zh_007", "score": 0.0, "entity_acc": 1.0, "f1_by_row": 0.003072196620583717, "f1_by_item": 0.282642089093702, "column_f1": 0.3410138248847926, "error": null, "elapsed_seconds": 124.332, "running_n": 1}
2026-08-13 18:06:46.297 | DEBUG    | eval.evaluation.data_loader:extract_dataframe:167 - find markdown_str 
| 医疗机构名称 | 机构地址 | 医疗机构等级 | 联系电话 | 准入技术 |
| --- | --- | --- | -- ...
2026-08-13 18:06:53.967 | INFO     | eval.evaluation.metric_utils:primary_key_preprocess:246 - primary_key_preprocess result: ```json
{
  "北京大学第三医院": "北京大学第三医院",
  "中国医学科学院北京协和医院": "中国医学科学院北京协和医院",
  "国家卫生健康委科学技术研究所": "国家卫生健康委科学技术研究所门诊部",
  "首都医科大学附属北京妇产医院": "首都医科大学附属北京妇产医院",
  "北京大学第一医院": "北京大学第一医院",
  "首都医科大学附属北京朝阳医院": "首都医科大学附属北京朝阳医院",
  "北京市海淀区妇幼保健院": "北京市海淀区妇幼保健院",
  "北京大学人民医院": "北京大学人民医院",
  "中国人民解放军总医院第七医学中心": "解放军总医院第七医学中心",
  "中国人民解放军总医院第六医学中心": "解放军总医院第六医学中心",
  "中国人民解放军总医院第一医学中心": "解放军总医院第一医学中心",
  "空军特色医学中心": "空军特色医学中心",
  "火箭军特色医学中心": "火箭军特色医学中心"
}
```
2026-08-13 18:06:53.968 | INFO     | eval.evaluation.evaluation:evaluate_single_query:223 - col: 医疗机构名称, primary_key_map {'北京大学第三医院': '北京大学第三医院', '中国医学科学院北京协和医院': '中国医学科学院北京协和医院', '国家卫生健康委科学技术研究所': '国家卫生健康委科学技术研究所门诊部', '首都医科大学附属北京妇产医院': '首都医科大学附属北京妇产医院', '北京大学第一医院': '北京大学第一医院', '首都医科大学附属北京朝阳医院': '首都医科大学附属北京朝阳医院', '北京市海淀区妇幼保健院': '北京市海淀区妇幼保健院', '北京大学人民医院': '北京大学人民医院', '中国人民解放军总医院第七医学中心': '解放军总医院第七医学中心', '中国人民解放军总医院第六医学中心': '解放军总医院第六医学中心', '中国人民解放军总医院第一医学中心': '解放军总医院第一医学中心', '空军特色医学中心': '空军特色医学中心', '火箭军特色医学中心': '火箭军特色医学中心'}
2026-08-13 18:06:56.096 | INFO     | eval.evaluation.metric_utils:primary_key_preprocess:246 - primary_key_preprocess result: ```json
{
  "夫精人工授精技术": "夫精人工授精技术",
  "供精人工授精技术": "供精人工授精技术",
  "常规体外受精-胚胎移植技术": "常规体外受精-胚胎移植技术",
  "卵胞浆内单精子显微注射技术": "卵胞浆内单精子显微注射技术",
  "植入前胚胎遗传学诊断技术": "植入前胚胎遗传学诊断技术"
}
```
2026-08-13 18:06:56.096 | INFO     | eval.evaluation.evaluation:evaluate_single_query:223 - col: 准入技术, primary_key_map {'夫精人工授精技术': '夫精人工授精技术', '供精人工授精技术': '供精人工授精技术', '常规体外受精-胚胎移植技术': '常规体外受精-胚胎移植技术', '卵胞浆内单精子显微注射技术': '卵胞浆内单精子显微注射技术', '植入前胚胎遗传学诊断技术': '植入前胚胎遗传学诊断技术'}
2026-08-13 18:06:56.104 | INFO     | eval.evaluation.evaluation:evaluate_single_query:275 - wide2deep_ws_zh_018, df_inner shape: (43, 10), answer_df shape: (58, 5), response_df shape: (45, 7)
2026-08-13 18:07:03.159 | DEBUG    | eval.evaluation.evaluation:evaluate_single_query:321 - wide2deep_ws_zh_018, col 机构地址, metric_func_name llm_judge, score [1, 1, 1, 1, 1, 0, 0, 0, 1, 1, 1, 1, 0, 0, 0, 1, 1, 1, 1, 0, 0, 0, 1, 1, 1, 1, 1, 1, 1, 1, 1, 1, 1, 1, 1, 1, 1, 1, 1, 1, 1, 1, 1]
2026-08-13 18:07:18.954 | DEBUG    | eval.evaluation.evaluation:evaluate_single_query:321 - wide2deep_ws_zh_018, col 医疗机构等级, metric_func_name llm_judge, score [1, 1, 1, 1, 1, 1, 1, 1, 0, 1, 1, 1, 1, 1, 1, 1, 1, 1, 1, 1, 1, 1, 1, 1, 1, 1, 1, 1, 1, 1, 1, 1, 1, 1, 1, 1, 1, 1, 1, 1, 1, 1, 1]
2026-08-13 18:07:25.089 | DEBUG    | eval.evaluation.evaluation:evaluate_single_query:321 - wide2deep_ws_zh_018, col 联系电话, metric_func_name llm_judge, score [1, 1, 1, 1, 1, 0, 0, 0, 0, 0, 0, 0, 1, 1, 1, 0, 0, 0, 0, 1, 1, 1, 1, 1, 1, 1, 1, 1, 1, 1, 1, 1, 1, 0, 0, 0, 0, 1, 1, 1, 1, 1, 1]
2026-08-13 18:07:25.096 | INFO     | eval.evaluation.evaluation:evaluate_single_query:380 - wide2deep_ws_zh_018, P/R/F1 by unique_columns: 0.9556/0.7414/0.8350
2026-08-13 18:07:25.096 | INFO     | eval.evaluation.evaluation:evaluate_single_query:383 - wide2deep_ws_zh_018, P/R/F1 by row: 0.4889/0.3793/0.4272
2026-08-13 18:07:25.096 | INFO     | eval.evaluation.evaluation:evaluate_single_query:386 - wide2deep_ws_zh_018, P/R/F1 by item: 0.8444/0.6552/0.7379
2026-08-13 18:07:25.098 | INFO     | eval.evaluation.evaluation:evaluate_single_query:398 - wide2deep_ws_zh_018, final table score: 0.0
{"event": "eval_done", "idx": 2, "instance_id": "wide2deep_ws_zh_018", "score": 0.0, "entity_acc": 1.0, "f1_by_row": 0.4271844660194175, "f1_by_item": 0.7378640776699029, "column_f1": 0.8349514563106797, "error": null, "elapsed_seconds": 41.202, "running_n": 2}
2026-08-13 18:07:27.568 | DEBUG    | eval.evaluation.data_loader:extract_dataframe:167 - find markdown_str 
| 获奖年份 | 姓名 | 出版作品名称 | 首次出版年份 |
| --- | --- | --- | --- |
| 190 ...
2026-08-13 18:07:37.465 | INFO     | eval.evaluation.metric_utils:primary_key_preprocess:246 - primary_key_preprocess result: ```json
{
  "Gösta Berlings saga": "Gösta Berlings saga",
  "Osynliga länkar": "Osynliga länkar",
  "Antikrists mirakler": "Antikrists mirakler",
  "Nell'azzurro": "Nell'azzuro",
  "Stella d'Oriente": "Stella d'Oriente",
  "Fru Marta Oulie": "Marta Oulie",
  "Den lykkelige alder": "The Happy Age",
  "Fortællingen om Viga-Ljot og Vigdis": "Gunnar's Daughter",
  "Desolación": "Desolación",
  "Lecturas para mujeres": "Lecturas para Mujeres",
  "Legenden und Erzählungen": "Legenden und Erzählungen",
  "In den Wohnungen des Todes": "In den Wohnungen des Todes",
  "Sternverdunkelung": "Sternverdunkelung",
  "Face to Face": "Face to Face",
  "The Lying Days": "The Lying Days",
  "The Bluest Eye": "The Bluest Eye",
  "Sula": "Sula",
  "Dlatego żyjemy": "Dlatego żyjemy",
  "Pytania zadawane sobie": "Pytania zadawane sobie",
  "Wołanie do Yeti": "Wolanie do Yeti",
  "Lisas Schatten": "Lisas Schatten",
  "wir sind lockvögel baby!": "wir sind lockvögel baby!",
  "Michael. Ein Jugendbuch für die Infantilgesellschaft": "Michael. Ein Jugendbuch für die Infantilgesellschaft",
  "The Grass Is Singing": "The Grass Is Singing",
  "This Was the Old Chief's Country": "This Was the Old Chief's Country",
  "Martha Quest": "Martha Quest",
  "Niederungen": "Niederungen",
  "Drückender Tango": "Drückender Tango",
  "Der Mensch ist ein großer Fasan auf der Welt": "Der Mensch ist ein großer Fasan auf der Welt",
  "Dance of the Happy Shades": "Dance of the Happy Shades",
  "Lives of Girls and Women": "Lives of Girls and Women",
  "Something I've Been Meaning to Tell You": "Something I've Been Meaning to Tell You",
  "У войны не женское лицо": "У войны не женское лицо",
  "Последние свидетели": "Последние свидетели: сто недетских колыбельных",
  "Цинковые мальчики": "Zinky Boys Цинковые мальчики",
  "Miasta w lustrach": "Miasto w lustrach",
  "Podróż ludzi Księgi": "Podróż ludzi Księgi",
  "E.E.": "E.E.",
  "Firstborn": "Firstborn",
  "The House on Marshland": "The House on Marshland",
  "Les Armoires vides": "Les Armoires vides",
  "Ce qu'ils disent ou rien": "Ce qu'ils disent ou rien",
  "La Femme gelée": "La Femme gelée",
  "여수의 사랑": "여수의 사랑",
  "검은 사슴": "검은 사슴",
  "내 여자의 열매": "내 여자의 열매"
}
```
2026-08-13 18:07:37.465 | INFO     | eval.evaluation.evaluation:evaluate_single_query:223 - col: 出版作品名称, primary_key_map {'Gösta Berlings saga': 'Gösta Berlings saga', 'Osynliga länkar': 'Osynliga länkar', 'Antikrists mirakler': 'Antikrists mirakler', "Nell'azzurro": "Nell'azzuro", "Stella d'Oriente": "Stella d'Oriente", 'Fru Marta Oulie': 'Marta Oulie', 'Den lykkelige alder': 'The Happy Age', 'Fortællingen om Viga-Ljot og Vigdis': "Gunnar's Daughter", 'Desolación': 'Desolación', 'Lecturas para mujeres': 'Lecturas para Mujeres', 'Legenden und Erzählungen': 'Legenden und Erzählungen', 'In den Wohnungen des Todes': 'In den Wohnungen des Todes', 'Sternverdunkelung': 'Sternverdunkelung', 'Face to Face': 'Face to Face', 'The Lying Days': 'The Lying Days', 'The Bluest Eye': 'The Bluest Eye', 'Sula': 'Sula', 'Dlatego żyjemy': 'Dlatego żyjemy', 'Pytania zadawane sobie': 'Pytania zadawane sobie', 'Wołanie do Yeti': 'Wolanie do Yeti', 'Lisas Schatten': 'Lisas Schatten', 'wir sind lockvögel baby!': 'wir sind lockvögel baby!', 'Michael. Ein Jugendbuch für die Infantilgesellschaft': 'Michael. Ein Jugendbuch für die Infantilgesellschaft', 'The Grass Is Singing': 'The Grass Is Singing', "This Was the Old Chief's Country": "This Was the Old Chief's Country", 'Martha Quest': 'Martha Quest', 'Niederungen': 'Niederungen', 'Drückender Tango': 'Drückender Tango', 'Der Mensch ist ein großer Fasan auf der Welt': 'Der Mensch ist ein großer Fasan auf der Welt', 'Dance of the Happy Shades': 'Dance of the Happy Shades', 'Lives of Girls and Women': 'Lives of Girls and Women', "Something I've Been Meaning to Tell You": "Something I've Been Meaning to Tell You", 'У войны не женское лицо': 'У войны не женское лицо', 'Последние свидетели': 'Последние свидетели: сто недетских колыбельных', 'Цинковые мальчики': 'Zinky Boys Цинковые мальчики', 'Miasta w lustrach': 'Miasto w lustrach', 'Podróż ludzi Księgi': 'Podróż ludzi Księgi', 'E.E.': 'E.E.', 'Firstborn': 'Firstborn', 'The House on Marshland': 'The House on Marshland', 'Les Armoires vides': 'Les Armoires vides', "Ce qu'ils disent ou rien": "Ce qu'ils disent ou rien", 'La Femme gelée': 'La Femme gelée', '여수의 사랑': '여수의 사랑', '검은 사슴': '검은 사슴', '내 여자의 열매': '내 여자의 열매'}
2026-08-13 18:07:37.472 | INFO     | eval.evaluation.evaluation:evaluate_single_query:275 - wide2deep_ws_zh_023, df_inner shape: (46, 8), answer_df shape: (54, 4), response_df shape: (54, 5)
2026-08-13 18:07:37.473 | DEBUG    | eval.evaluation.evaluation:metric_call:77 - metric_func_name exact_match score 1.0 msg exact match, response: 1909, target: 1909
2026-08-13 18:07:37.473 | DEBUG    | eval.evaluation.evaluation:metric_call:77 - metric_func_name exact_match score 1.0 msg exact match, response: 1909, target: 1909
2026-08-13 18:07:37.473 | DEBUG    | eval.evaluation.evaluation:metric_call:77 - metric_func_name exact_match score 1.0 msg exact match, response: 1909, target: 1909
2026-08-13 18:07:37.473 | DEBUG    | eval.evaluation.evaluation:metric_call:77 - metric_func_name exact_match score 1.0 msg exact match, response: 1926, target: 1926
2026-08-13 18:07:37.473 | DEBUG    | eval.evaluation.evaluation:metric_call:77 - metric_func_name exact_match score 1.0 msg exact match, response: 1926, target: 1926
2026-08-13 18:07:37.473 | DEBUG    | eval.evaluation.evaluation:metric_call:77 - metric_func_name exact_match score 1.0 msg exact match, response: 1928, target: 1928
2026-08-13 18:07:37.473 | DEBUG    | eval.evaluation.evaluation:metric_call:77 - metric_func_name exact_match score 1.0 msg exact match, response: 1928, target: 1928
2026-08-13 18:07:37.473 | DEBUG    | eval.evaluation.evaluation:metric_call:77 - metric_func_name exact_match score 1.0 msg exact match, response: 1928, target: 1928
2026-08-13 18:07:37.473 | DEBUG    | eval.evaluation.evaluation:metric_call:77 - metric_func_name exact_match score 1.0 msg exact match, response: 1945, target: 1945
2026-08-13 18:07:37.473 | DEBUG    | eval.evaluation.evaluation:metric_call:77 - metric_func_name exact_match score 1.0 msg exact match, response: 1945, target: 1945
2026-08-13 18:07:37.473 | DEBUG    | eval.evaluation.evaluation:metric_call:77 - metric_func_name exact_match score 1.0 msg exact match, response: 1966, target: 1966
2026-08-13 18:07:37.473 | DEBUG    | eval.evaluation.evaluation:metric_call:77 - metric_func_name exact_match score 1.0 msg exact match, response: 1966, target: 1966
2026-08-13 18:07:37.473 | DEBUG    | eval.evaluation.evaluation:metric_call:77 - metric_func_name exact_match score 1.0 msg exact match, response: 1966, target: 1966
2026-08-13 18:07:37.473 | DEBUG    | eval.evaluation.evaluation:metric_call:77 - metric_func_name exact_match score 1.0 msg exact match, response: 1991, target: 1991
2026-08-13 18:07:37.473 | DEBUG    | eval.evaluation.evaluation:metric_call:77 - metric_func_name exact_match score 1.0 msg exact match, response: 1991, target: 1991
2026-08-13 18:07:37.473 | DEBUG    | eval.evaluation.evaluation:metric_call:77 - metric_func_name exact_match score 1.0 msg exact match, response: 1993, target: 1993
2026-08-13 18:07:37.474 | DEBUG    | eval.evaluation.evaluation:metric_call:77 - metric_func_name exact_match score 1.0 msg exact match, response: 1993, target: 1993
2026-08-13 18:07:37.474 | DEBUG    | eval.evaluation.evaluation:metric_call:77 - metric_func_name exact_match score 1.0 msg exact match, response: 1996, target: 1996
2026-08-13 18:07:37.474 | DEBUG    | eval.evaluation.evaluation:metric_call:77 - metric_func_name exact_match score 1.0 msg exact match, response: 1996, target: 1996
2026-08-13 18:07:37.474 | DEBUG    | eval.evaluation.evaluation:metric_call:77 - metric_func_name exact_match score 1.0 msg exact match, response: 1996, target: 1996
2026-08-13 18:07:37.474 | DEBUG    | eval.evaluation.evaluation:metric_call:77 - metric_func_name exact_match score 1.0 msg exact match, response: 2004, target: 2004
2026-08-13 18:07:37.474 | DEBUG    | eval.evaluation.evaluation:metric_call:77 - metric_func_name exact_match score 1.0 msg exact match, response: 2004, target: 2004
2026-08-13 18:07:37.474 | DEBUG    | eval.evaluation.evaluation:metric_call:77 - metric_func_name exact_match score 1.0 msg exact match, response: 2004, target: 2004
2026-08-13 18:07:37.474 | DEBUG    | eval.evaluation.evaluation:metric_call:77 - metric_func_name exact_match score 1.0 msg exact match, response: 2007, target: 2007
2026-08-13 18:07:37.474 | DEBUG    | eval.evaluation.evaluation:metric_call:77 - metric_func_name exact_match score 1.0 msg exact match, response: 2007, target: 2007
2026-08-13 18:07:37.474 | DEBUG    | eval.evaluation.evaluation:metric_call:77 - metric_func_name exact_match score 1.0 msg exact match, response: 2007, target: 2007
2026-08-13 18:07:37.474 | DEBUG    | eval.evaluation.evaluation:metric_call:77 - metric_func_name exact_match score 1.0 msg exact match, response: 2009, target: 2009
2026-08-13 18:07:37.474 | DEBUG    | eval.evaluation.evaluation:metric_call:77 - metric_func_name exact_match score 1.0 msg exact match, response: 2009, target: 2009
2026-08-13 18:07:37.474 | DEBUG    | eval.evaluation.evaluation:metric_call:77 - metric_func_name exact_match score 1.0 msg exact match, response: 2009, target: 2009
2026-08-13 18:07:37.474 | DEBUG    | eval.evaluation.evaluation:metric_call:77 - metric_func_name exact_match score 1.0 msg exact match, response: 2013, target: 2013
2026-08-13 18:07:37.474 | DEBUG    | eval.evaluation.evaluation:metric_call:77 - metric_func_name exact_match score 1.0 msg exact match, response: 2013, target: 2013
2026-08-13 18:07:37.474 | DEBUG    | eval.evaluation.evaluation:metric_call:77 - metric_func_name exact_match score 1.0 msg exact match, response: 2013, target: 2013
2026-08-13 18:07:37.474 | DEBUG    | eval.evaluation.evaluation:metric_call:77 - metric_func_name exact_match score 1.0 msg exact match, response: 2015, target: 2015
2026-08-13 18:07:37.474 | DEBUG    | eval.evaluation.evaluation:metric_call:77 - metric_func_name exact_match score 1.0 msg exact match, response: 2015, target: 2015
2026-08-13 18:07:37.474 | DEBUG    | eval.evaluation.evaluation:metric_call:77 - metric_func_name exact_match score 1.0 msg exact match, response: 2015, target: 2015
2026-08-13 18:07:37.474 | DEBUG    | eval.evaluation.evaluation:metric_call:77 - metric_func_name exact_match score 1.0 msg exact match, response: 2018, target: 2018
2026-08-13 18:07:37.474 | DEBUG    | eval.evaluation.evaluation:metric_call:77 - metric_func_name exact_match score 1.0 msg exact match, response: 2018, target: 2018
2026-08-13 18:07:37.475 | DEBUG    | eval.evaluation.evaluation:metric_call:77 - metric_func_name exact_match score 1.0 msg exact match, response: 2018, target: 2018
2026-08-13 18:07:37.475 | DEBUG    | eval.evaluation.evaluation:metric_call:77 - metric_func_name exact_match score 1.0 msg exact match, response: 2020, target: 2020
2026-08-13 18:07:37.475 | DEBUG    | eval.evaluation.evaluation:metric_call:77 - metric_func_name exact_match score 1.0 msg exact match, response: 2020, target: 2020
2026-08-13 18:07:37.475 | DEBUG    | eval.evaluation.evaluation:metric_call:77 - metric_func_name exact_match score 1.0 msg exact match, response: 2022, target: 2022
2026-08-13 18:07:37.475 | DEBUG    | eval.evaluation.evaluation:metric_call:77 - metric_func_name exact_match score 1.0 msg exact match, response: 2022, target: 2022
2026-08-13 18:07:37.475 | DEBUG    | eval.evaluation.evaluation:metric_call:77 - metric_func_name exact_match score 1.0 msg exact match, response: 2022, target: 2022
2026-08-13 18:07:37.475 | DEBUG    | eval.evaluation.evaluation:metric_call:77 - metric_func_name exact_match score 1.0 msg exact match, response: 2024, target: 2024
2026-08-13 18:07:37.475 | DEBUG    | eval.evaluation.evaluation:metric_call:77 - metric_func_name exact_match score 1.0 msg exact match, response: 2024, target: 2024
2026-08-13 18:07:37.475 | DEBUG    | eval.evaluation.evaluation:metric_call:77 - metric_func_name exact_match score 1.0 msg exact match, response: 2024, target: 2024
2026-08-13 18:07:37.476 | DEBUG    | eval.evaluation.evaluation:evaluate_single_query:321 - wide2deep_ws_zh_023, col 获奖年份, metric_func_name exact_match, score [1.0, 1.0, 1.0, 1.0, 1.0, 1.0, 1.0, 1.0, 1.0, 1.0, 1.0, 1.0, 1.0, 1.0, 1.0, 1.0, 1.0, 1.0, 1.0, 1.0, 1.0, 1.0, 1.0, 1.0, 1.0, 1.0, 1.0, 1.0, 1.0, 1.0, 1.0, 1.0, 1.0, 1.0, 1.0, 1.0, 1.0, 1.0, 1.0, 1.0, 1.0, 1.0, 1.0, 1.0, 1.0, 1.0]
2026-08-13 18:07:37.476 | DEBUG    | eval.evaluation.evaluation:metric_call:77 - metric_func_name exact_match score 1.0 msg exact match, response: selmalagerlöf, target: selmalagerlöf
2026-08-13 18:07:37.476 | DEBUG    | eval.evaluation.evaluation:metric_call:77 - metric_func_name exact_match score 1.0 msg exact match, response: selmalagerlöf, target: selmalagerlöf
2026-08-13 18:07:37.476 | DEBUG    | eval.evaluation.evaluation:metric_call:77 - metric_func_name exact_match score 1.0 msg exact match, response: selmalagerlöf, target: selmalagerlöf
2026-08-13 18:07:37.476 | DEBUG    | eval.evaluation.evaluation:metric_call:77 - metric_func_name exact_match score 1.0 msg exact match, response: graziadeledda, target: graziadeledda
2026-08-13 18:07:37.476 | DEBUG    | eval.evaluation.evaluation:metric_call:77 - metric_func_name exact_match score 1.0 msg exact match, response: graziadeledda, target: graziadeledda
2026-08-13 18:07:37.476 | DEBUG    | eval.evaluation.evaluation:metric_call:77 - metric_func_name exact_match score 1.0 msg exact match, response: sigridundset, target: sigridundset
2026-08-13 18:07:37.476 | DEBUG    | eval.evaluation.evaluation:metric_call:77 - metric_func_name exact_match score 1.0 msg exact match, response: sigridundset, target: sigridundset
2026-08-13 18:07:37.476 | DEBUG    | eval.evaluation.evaluation:metric_call:77 - metric_func_name exact_match score 1.0 msg exact match, response: sigridundset, target: sigridundset
2026-08-13 18:07:37.476 | DEBUG    | eval.evaluation.evaluation:metric_call:77 - metric_func_name exact_match score 1.0 msg exact match, response: gabrielamistral, target: gabrielamistral
2026-08-13 18:07:37.476 | DEBUG    | eval.evaluation.evaluation:metric_call:77 - metric_func_name exact_match score 1.0 msg exact match, response: gabrielamistral, target: gabrielamistral
2026-08-13 18:07:37.477 | DEBUG    | eval.evaluation.evaluation:metric_call:77 - metric_func_name exact_match score 1.0 msg exact match, response: nellysachs, target: nellysachs
2026-08-13 18:07:37.477 | DEBUG    | eval.evaluation.evaluation:metric_call:77 - metric_func_name exact_match score 1.0 msg exact match, response: nellysachs, target: nellysachs
2026-08-13 18:07:37.477 | DEBUG    | eval.evaluation.evaluation:metric_call:77 - metric_func_name exact_match score 1.0 msg exact match, response: nellysachs, target: nellysachs
2026-08-13 18:07:37.477 | DEBUG    | eval.evaluation.evaluation:metric_call:77 - metric_func_name exact_match score 1.0 msg exact match, response: nadinegordimer, target: nadinegordimer
2026-08-13 18:07:37.477 | DEBUG    | eval.evaluation.evaluation:metric_call:77 - metric_func_name exact_match score 1.0 msg exact match, response: nadinegordimer, target: nadinegordimer
2026-08-13 18:07:37.477 | DEBUG    | eval.evaluation.evaluation:metric_call:77 - metric_func_name exact_match score 1.0 msg exact match, response: tonimorrison, target: tonimorrison
2026-08-13 18:07:37.477 | DEBUG    | eval.evaluation.evaluation:metric_call:77 - metric_func_name exact_match score 1.0 msg exact match, response: tonimorrison, target: tonimorrison
2026-08-13 18:07:37.477 | DEBUG    | eval.evaluation.evaluation:metric_call:77 - metric_func_name exact_match score 0.0 msg exact not match, response: wisławaszymborska, target: wislawaszymborska
2026-08-13 18:07:37.477 | DEBUG    | eval.evaluation.evaluation:metric_call:77 - metric_func_name exact_match score 0.0 msg exact not match, response: wisławaszymborska, target: wislawaszymborska
2026-08-13 18:07:37.477 | DEBUG    | eval.evaluation.evaluation:metric_call:77 - metric_func_name exact_match score 0.0 msg exact not match, response: wisławaszymborska, target: wislawaszymborska
2026-08-13 18:07:37.477 | DEBUG    | eval.evaluation.evaluation:metric_call:77 - metric_func_name exact_match score 1.0 msg exact match, response: elfriedejelinek, target: elfriedejelinek
2026-08-13 18:07:37.477 | DEBUG    | eval.evaluation.evaluation:metric_call:77 - metric_func_name exact_match score 1.0 msg exact match, response: elfriedejelinek, target: elfriedejelinek
2026-08-13 18:07:37.477 | DEBUG    | eval.evaluation.evaluation:metric_call:77 - metric_func_name exact_match score 1.0 msg exact match, response: elfriedejelinek, target: elfriedejelinek
2026-08-13 18:07:37.477 | DEBUG    | eval.evaluation.evaluation:metric_call:77 - metric_func_name exact_match score 1.0 msg exact match, response: dorislessing, target: dorislessing
2026-08-13 18:07:37.477 | DEBUG    | eval.evaluation.evaluation:metric_call:77 - metric_func_name exact_match score 1.0 msg exact match, response: dorislessing, target: dorislessing
2026-08-13 18:07:37.477 | DEBUG    | eval.evaluation.evaluation:metric_call:77 - metric_func_name exact_match score 1.0 msg exact match, response: dorislessing, target: dorislessing
2026-08-13 18:07:37.477 | DEBUG    | eval.evaluation.evaluation:metric_call:77 - metric_func_name exact_match score 1.0 msg exact match, response: hertamüller, target: hertamüller
2026-08-13 18:07:37.477 | DEBUG    | eval.evaluation.evaluation:metric_call:77 - metric_func_name exact_match score 1.0 msg exact match, response: hertamüller, target: hertamüller
2026-08-13 18:07:37.477 | DEBUG    | eval.evaluation.evaluation:metric_call:77 - metric_func_name exact_match score 1.0 msg exact match, response: hertamüller, target: hertamüller
2026-08-13 18:07:37.477 | DEBUG    | eval.evaluation.evaluation:metric_call:77 - metric_func_name exact_match score 1.0 msg exact match, response: alicemunro, target: alicemunro
2026-08-13 18:07:37.478 | DEBUG    | eval.evaluation.evaluation:metric_call:77 - metric_func_name exact_match score 1.0 msg exact match, response: alicemunro, target: alicemunro
2026-08-13 18:07:37.478 | DEBUG    | eval.evaluation.evaluation:metric_call:77 - metric_func_name exact_match score 1.0 msg exact match, response: alicemunro, target: alicemunro
2026-08-13 18:07:37.478 | DEBUG    | eval.evaluation.evaluation:metric_call:77 - metric_func_name exact_match score 0.0 msg exact not match, response: светланаалексиевич, target: svetlanaalexievich
2026-08-13 18:07:37.478 | DEBUG    | eval.evaluation.evaluation:metric_call:77 - metric_func_name exact_match score 0.0 msg exact not match, response: светланаалексиевич, target: svetlanaalexievich
2026-08-13 18:07:37.478 | DEBUG    | eval.evaluation.evaluation:metric_call:77 - metric_func_name exact_match score 0.0 msg exact not match, response: светланаалексиевич, target: svetlanaalexievich
2026-08-13 18:07:37.478 | DEBUG    | eval.evaluation.evaluation:metric_call:77 - metric_func_name exact_match score 1.0 msg exact match, response: olgatokarczuk, target: olgatokarczuk
2026-08-13 18:07:37.478 | DEBUG    | eval.evaluation.evaluation:metric_call:77 - metric_func_name exact_match score 1.0 msg exact match, response: olgatokarczuk, target: olgatokarczuk
2026-08-13 18:07:37.478 | DEBUG    | eval.evaluation.evaluation:metric_call:77 - metric_func_name exact_match score 1.0 msg exact match, response: olgatokarczuk, target: olgatokarczuk
2026-08-13 18:07:37.478 | DEBUG    | eval.evaluation.evaluation:metric_call:77 - metric_func_name exact_match score 1.0 msg exact match, response: louiseglück, target: louiseglück
2026-08-13 18:07:37.478 | DEBUG    | eval.evaluation.evaluation:metric_call:77 - metric_func_name exact_match score 1.0 msg exact match, response: louiseglück, target: louiseglück
2026-08-13 18:07:37.478 | DEBUG    | eval.evaluation.evaluation:metric_call:77 - metric_func_name exact_match score 1.0 msg exact match, response: annieernaux, target: annieernaux
2026-08-13 18:07:37.478 | DEBUG    | eval.evaluation.evaluation:metric_call:77 - metric_func_name exact_match score 1.0 msg exact match, response: annieernaux, target: annieernaux
2026-08-13 18:07:37.478 | DEBUG    | eval.evaluation.evaluation:metric_call:77 - metric_func_name exact_match score 1.0 msg exact match, response: annieernaux, target: annieernaux
2026-08-13 18:07:37.478 | DEBUG    | eval.evaluation.evaluation:metric_call:77 - metric_func_name exact_match score 1.0 msg exact match, response: 한강, target: 한강
2026-08-13 18:07:37.478 | DEBUG    | eval.evaluation.evaluation:metric_call:77 - metric_func_name exact_match score 1.0 msg exact match, response: 한강, target: 한강
2026-08-13 18:07:37.478 | DEBUG    | eval.evaluation.evaluation:metric_call:77 - metric_func_name exact_match score 1.0 msg exact match, response: 한강, target: 한강
2026-08-13 18:07:37.479 | DEBUG    | eval.evaluation.evaluation:evaluate_single_query:321 - wide2deep_ws_zh_023, col 姓名, metric_func_name exact_match, score [1.0, 1.0, 1.0, 1.0, 1.0, 1.0, 1.0, 1.0, 1.0, 1.0, 1.0, 1.0, 1.0, 1.0, 1.0, 1.0, 1.0, 0.0, 0.0, 0.0, 1.0, 1.0, 1.0, 1.0, 1.0, 1.0, 1.0, 1.0, 1.0, 1.0, 1.0, 1.0, 0.0, 0.0, 0.0, 1.0, 1.0, 1.0, 1.0, 1.0, 1.0, 1.0, 1.0, 1.0, 1.0, 1.0]
2026-08-13 18:07:37.479 | DEBUG    | eval.evaluation.evaluation:metric_call:77 - metric_func_name exact_match score 1.0 msg exact match, response: 1891, target: 1891
2026-08-13 18:07:37.480 | DEBUG    | eval.evaluation.evaluation:metric_call:77 - metric_func_name exact_match score 1.0 msg exact match, response: 1894, target: 1894
2026-08-13 18:07:37.480 | DEBUG    | eval.evaluation.evaluation:metric_call:77 - metric_func_name exact_match score 1.0 msg exact match, response: 1897, target: 1897
2026-08-13 18:07:37.480 | DEBUG    | eval.evaluation.evaluation:metric_call:77 - metric_func_name exact_match score 1.0 msg exact match, response: 1890, target: 1890
2026-08-13 18:07:37.480 | DEBUG    | eval.evaluation.evaluation:metric_call:77 - metric_func_name exact_match score 1.0 msg exact match, response: 1890, target: 1890
2026-08-13 18:07:37.480 | DEBUG    | eval.evaluation.evaluation:metric_call:77 - metric_func_name exact_match score 1.0 msg exact match, response: 1907, target: 1907
2026-08-13 18:07:37.480 | DEBUG    | eval.evaluation.evaluation:metric_call:77 - metric_func_name exact_match score 1.0 msg exact match, response: 1908, target: 1908
2026-08-13 18:07:37.480 | DEBUG    | eval.evaluation.evaluation:metric_call:77 - metric_func_name exact_match score 1.0 msg exact match, response: 1909, target: 1909
2026-08-13 18:07:37.480 | DEBUG    | eval.evaluation.evaluation:metric_call:77 - metric_func_name exact_match score 1.0 msg exact match, response: 1922, target: 1922
2026-08-13 18:07:37.480 | DEBUG    | eval.evaluation.evaluation:metric_call:77 - metric_func_name exact_match score 1.0 msg exact match, response: 1923, target: 1923
2026-08-13 18:07:37.480 | DEBUG    | eval.evaluation.evaluation:metric_call:77 - metric_func_name exact_match score 1.0 msg exact match, response: 1921, target: 1921
2026-08-13 18:07:37.480 | DEBUG    | eval.evaluation.evaluation:metric_call:77 - metric_func_name exact_match score 1.0 msg exact match, response: 1947, target: 1947
2026-08-13 18:07:37.480 | DEBUG    | eval.evaluation.evaluation:metric_call:77 - metric_func_name exact_match score 1.0 msg exact match, response: 1949, target: 1949
2026-08-13 18:07:37.480 | DEBUG    | eval.evaluation.evaluation:metric_call:77 - metric_func_name exact_match score 1.0 msg exact match, response: 1949, target: 1949
2026-08-13 18:07:37.480 | DEBUG    | eval.evaluation.evaluation:metric_call:77 - metric_func_name exact_match score 1.0 msg exact match, response: 1953, target: 1953
2026-08-13 18:07:37.480 | DEBUG    | eval.evaluation.evaluation:metric_call:77 - metric_func_name exact_match score 1.0 msg exact match, response: 1970, target: 1970
2026-08-13 18:07:37.480 | DEBUG    | eval.evaluation.evaluation:metric_call:77 - metric_func_name exact_match score 1.0 msg exact match, response: 1973, target: 1973
2026-08-13 18:07:37.480 | DEBUG    | eval.evaluation.evaluation:metric_call:77 - metric_func_name exact_match score 1.0 msg exact match, response: 1952, target: 1952
2026-08-13 18:07:37.480 | DEBUG    | eval.evaluation.evaluation:metric_call:77 - metric_func_name exact_match score 1.0 msg exact match, response: 1954, target: 1954
2026-08-13 18:07:37.480 | DEBUG    | eval.evaluation.evaluation:metric_call:77 - metric_func_name exact_match score 1.0 msg exact match, response: 1957, target: 1957
2026-08-13 18:07:37.481 | DEBUG    | eval.evaluation.evaluation:metric_call:77 - metric_func_name exact_match score 1.0 msg exact match, response: 1967, target: 1967
2026-08-13 18:07:37.481 | DEBUG    | eval.evaluation.evaluation:metric_call:77 - metric_func_name exact_match score 1.0 msg exact match, response: 1970, target: 1970
2026-08-13 18:07:37.481 | DEBUG    | eval.evaluation.evaluation:metric_call:77 - metric_func_name exact_match score 1.0 msg exact match, response: 1972, target: 1972
2026-08-13 18:07:37.481 | DEBUG    | eval.evaluation.evaluation:metric_call:77 - metric_func_name exact_match score 1.0 msg exact match, response: 1950, target: 1950
2026-08-13 18:07:37.481 | DEBUG    | eval.evaluation.evaluation:metric_call:77 - metric_func_name exact_match score 1.0 msg exact match, response: 1951, target: 1951
2026-08-13 18:07:37.481 | DEBUG    | eval.evaluation.evaluation:metric_call:77 - metric_func_name exact_match score 1.0 msg exact match, response: 1952, target: 1952
2026-08-13 18:07:37.481 | DEBUG    | eval.evaluation.evaluation:metric_call:77 - metric_func_name exact_match score 1.0 msg exact match, response: 1982, target: 1982
2026-08-13 18:07:37.481 | DEBUG    | eval.evaluation.evaluation:metric_call:77 - metric_func_name exact_match score 1.0 msg exact match, response: 1984, target: 1984
2026-08-13 18:07:37.481 | DEBUG    | eval.evaluation.evaluation:metric_call:77 - metric_func_name exact_match score 1.0 msg exact match, response: 1986, target: 1986
2026-08-13 18:07:37.481 | DEBUG    | eval.evaluation.evaluation:metric_call:77 - metric_func_name exact_match score 1.0 msg exact match, response: 1968, target: 1968
2026-08-13 18:07:37.481 | DEBUG    | eval.evaluation.evaluation:metric_call:77 - metric_func_name exact_match score 1.0 msg exact match, response: 1971, target: 1971
2026-08-13 18:07:37.481 | DEBUG    | eval.evaluation.evaluation:metric_call:77 - metric_func_name exact_match score 1.0 msg exact match, response: 1974, target: 1974
2026-08-13 18:07:37.481 | DEBUG    | eval.evaluation.evaluation:metric_call:77 - metric_func_name exact_match score 1.0 msg exact match, response: 1985, target: 1985
2026-08-13 18:07:37.481 | DEBUG    | eval.evaluation.evaluation:metric_call:77 - metric_func_name exact_match score 1.0 msg exact match, response: 1985, target: 1985
2026-08-13 18:07:37.481 | DEBUG    | eval.evaluation.evaluation:metric_call:77 - metric_func_name exact_match score 0.0 msg exact not match, response: 1989, target: 1992
2026-08-13 18:07:37.481 | DEBUG    | eval.evaluation.evaluation:metric_call:77 - metric_func_name exact_match score 1.0 msg exact match, response: 1989, target: 1989
2026-08-13 18:07:37.481 | DEBUG    | eval.evaluation.evaluation:metric_call:77 - metric_func_name exact_match score 1.0 msg exact match, response: 1993, target: 1993
2026-08-13 18:07:37.481 | DEBUG    | eval.evaluation.evaluation:metric_call:77 - metric_func_name exact_match score 1.0 msg exact match, response: 1995, target: 1995
2026-08-13 18:07:37.481 | DEBUG    | eval.evaluation.evaluation:metric_call:77 - metric_func_name exact_match score 1.0 msg exact match, response: 1968, target: 1968
2026-08-13 18:07:37.481 | DEBUG    | eval.evaluation.evaluation:metric_call:77 - metric_func_name exact_match score 1.0 msg exact match, response: 1975, target: 1975
2026-08-13 18:07:37.481 | DEBUG    | eval.evaluation.evaluation:metric_call:77 - metric_func_name exact_match score 1.0 msg exact match, response: 1974, target: 1974
2026-08-13 18:07:37.482 | DEBUG    | eval.evaluation.evaluation:metric_call:77 - metric_func_name exact_match score 1.0 msg exact match, response: 1977, target: 1977
2026-08-13 18:07:37.482 | DEBUG    | eval.evaluation.evaluation:metric_call:77 - metric_func_name exact_match score 1.0 msg exact match, response: 1981, target: 1981
2026-08-13 18:07:37.482 | DEBUG    | eval.evaluation.evaluation:metric_call:77 - metric_func_name exact_match score 1.0 msg exact match, response: 1995, target: 1995
2026-08-13 18:07:37.482 | DEBUG    | eval.evaluation.evaluation:metric_call:77 - metric_func_name exact_match score 1.0 msg exact match, response: 1998, target: 1998
2026-08-13 18:07:37.482 | DEBUG    | eval.evaluation.evaluation:metric_call:77 - metric_func_name exact_match score 1.0 msg exact match, response: 2000, target: 2000
2026-08-13 18:07:37.482 | DEBUG    | eval.evaluation.evaluation:evaluate_single_query:321 - wide2deep_ws_zh_023, col 首次出版年份, metric_func_name exact_match, score [1.0, 1.0, 1.0, 1.0, 1.0, 1.0, 1.0, 1.0, 1.0, 1.0, 1.0, 1.0, 1.0, 1.0, 1.0, 1.0, 1.0, 1.0, 1.0, 1.0, 1.0, 1.0, 1.0, 1.0, 1.0, 1.0, 1.0, 1.0, 1.0, 1.0, 1.0, 1.0, 1.0, 1.0, 0.0, 1.0, 1.0, 1.0, 1.0, 1.0, 1.0, 1.0, 1.0, 1.0, 1.0, 1.0]
2026-08-13 18:07:37.487 | INFO     | eval.evaluation.evaluation:evaluate_single_query:380 - wide2deep_ws_zh_023, P/R/F1 by unique_columns: 0.8519/0.8519/0.8519
2026-08-13 18:07:37.487 | INFO     | eval.evaluation.evaluation:evaluate_single_query:383 - wide2deep_ws_zh_023, P/R/F1 by row: 0.7407/0.7407/0.7407
2026-08-13 18:07:37.487 | INFO     | eval.evaluation.evaluation:evaluate_single_query:386 - wide2deep_ws_zh_023, P/R/F1 by item: 0.8194/0.8194/0.8194
2026-08-13 18:07:37.491 | INFO     | eval.evaluation.evaluation:evaluate_single_query:398 - wide2deep_ws_zh_023, final table score: 0.0
{"event": "eval_done", "idx": 3, "instance_id": "wide2deep_ws_zh_023", "score": 0.0, "entity_acc": 1.0, "f1_by_row": 0.7407407407407407, "f1_by_item": 0.8194444444444444, "column_f1": 0.8518518518518519, "error": null, "elapsed_seconds": 12.373, "running_n": 3}
{"event": "eval_done", "idx": 4, "instance_id": "wide2deep_ws_zh_030", "score": 0.0, "entity_acc": 0.0, "f1_by_row": 0.0, "f1_by_item": 0.0, "column_f1": 0.0, "error": null, "elapsed_seconds": 2.538, "running_n": 4}
2026-08-13 18:07:41.147 | DEBUG    | eval.evaluation.data_loader:extract_dataframe:167 - find markdown_str 
| 饭店名称 | 市区 | 星级标牌号 | 具体地址 |
| --- | --- | --- | --- |
| 北京饭店 | ...
2026-08-13 18:07:59.158 | INFO     | eval.evaluation.metric_utils:primary_key_preprocess:246 - primary_key_preprocess result: ```json
{
  "北京饭店": "北京饭店",
  "北京贵宾楼饭店": "北京贵宾楼饭店",
  "北京国际饭店": "北京国际饭店",
  "北京王府半岛酒店": "王府饭店",
  "北京天伦王朝饭店": "北京天伦王朝饭店",
  "北京励骏酒店": "北京励骏酒店",
  "北京金隅喜来登大酒店": "北京金隅喜来登酒店",
  "北京东方君悦大酒店": "北京东方君悦大酒店",
  "北京金融街威斯汀大酒店": "北京威斯汀酒店",
  "北京金融街丽思卡尔顿酒店": "北京金融街丽思卡尔顿酒店",
  "北京国宾酒店": "北京国宾酒店",
  "北京长城饭店": "北京市长城饭店",
  "北京昆仑饭店": "昆仑饭店",
  "北京中国大饭店": "中国大饭店",
  "北京燕莎中心凯宾斯基饭店": "北京燕莎中心有限公司凯宾斯基饭店",
  "北京名人国际大酒店": "北京名人国际大酒店",
  "北京世纪金源大饭店": "北京世纪金源大饭店",
  "北京香格里拉饭店": "北京香格里拉饭店",
  "北京新世纪饭店": "北京新世纪饭店",
  "北京西苑饭店": "西苑饭店",
  "北京中关村皇冠假日酒店": "北京中关村皇冠假日酒店",
  "北京嘉里大酒店": "北京嘉里大酒店",
  "北京富力万丽酒店": "北京富力万丽酒店",
  "北京人卫酒店": "人卫酒店",
  "北京鹏润国际大酒店": "鹏润国际大酒店",
  "北京昆泰嘉华酒店": "北京昆泰嘉华酒店",
  "北京北辰洲际酒店": "北京北辰洲际酒店",
  "北京伯豪瑞廷酒店": "北京伯豪瑞廷酒店",
  "北京新云南皇冠假日酒店": "新云南皇冠假日酒店",
  "北京丰大国际大酒店": "北京丰大国际大酒店",
  "北京辉煌假日度假酒店": "北京辉煌松山度假酒店"
}
```
2026-08-13 18:07:59.158 | INFO     | eval.evaluation.evaluation:evaluate_single_query:223 - col: 饭店名称, primary_key_map {'北京饭店': '北京饭店', '北京贵宾楼饭店': '北京贵宾楼饭店', '北京国际饭店': '北京国际饭店', '北京王府半岛酒店': '王府饭店', '北京天伦王朝饭店': '北京天伦王朝饭店', '北京励骏酒店': '北京励骏酒店', '北京金隅喜来登大酒店': '北京金隅喜来登酒店', '北京东方君悦大酒店': '北京东方君悦大酒店', '北京金融街威斯汀大酒店': '北京威斯汀酒店', '北京金融街丽思卡尔顿酒店': '北京金融街丽思卡尔顿酒店', '北京国宾酒店': '北京国宾酒店', '北京长城饭店': '北京市长城饭店', '北京昆仑饭店': '昆仑饭店', '北京中国大饭店': '中国大饭店', '北京燕莎中心凯宾斯基饭店': '北京燕莎中心有限公司凯宾斯基饭店', '北京名人国际大酒店': '北京名人国际大酒店', '北京世纪金源大饭店': '北京世纪金源大饭店', '北京香格里拉饭店': '北京香格里拉饭店', '北京新世纪饭店': '北京新世纪饭店', '北京西苑饭店': '西苑饭店', '北京中关村皇冠假日酒店': '北京中关村皇冠假日酒店', '北京嘉里大酒店': '北京嘉里大酒店', '北京富力万丽酒店': '北京富力万丽酒店', '北京人卫酒店': '人卫酒店', '北京鹏润国际大酒店': '鹏润国际大酒店', '北京昆泰嘉华酒店': '北京昆泰嘉华酒店', '北京北辰洲际酒店': '北京北辰洲际酒店', '北京伯豪瑞廷酒店': '北京伯豪瑞廷酒店', '北京新云南皇冠假日酒店': '新云南皇冠假日酒店', '北京丰大国际大酒店': '北京丰大国际大酒店', '北京辉煌假日度假酒店': '北京辉煌松山度假酒店'}
2026-08-13 18:07:59.165 | INFO     | eval.evaluation.evaluation:evaluate_single_query:275 - wide2deep_ws_zh_039, df_inner shape: (31, 8), answer_df shape: (57, 4), response_df shape: (54, 5)
2026-08-13 18:07:59.166 | DEBUG    | eval.evaluation.evaluation:metric_call:77 - metric_func_name exact_match score 1.0 msg exact match, response: 东城区, target: 东城区
2026-08-13 18:07:59.166 | DEBUG    | eval.evaluation.evaluation:metric_call:77 - metric_func_name exact_match score 1.0 msg exact match, response: 东城区, target: 东城区
2026-08-13 18:07:59.166 | DEBUG    | eval.evaluation.evaluation:metric_call:77 - metric_func_name exact_match score 1.0 msg exact match, response: 朝阳区, target: 朝阳区
2026-08-13 18:07:59.166 | DEBUG    | eval.evaluation.evaluation:metric_call:77 - metric_func_name exact_match score 1.0 msg exact match, response: 朝阳区, target: 朝阳区
2026-08-13 18:07:59.166 | DEBUG    | eval.evaluation.evaluation:metric_call:77 - metric_func_name exact_match score 1.0 msg exact match, response: 朝阳区, target: 朝阳区
2026-08-13 18:07:59.166 | DEBUG    | eval.evaluation.evaluation:metric_call:77 - metric_func_name exact_match score 1.0 msg exact match, response: 朝阳区, target: 朝阳区
2026-08-13 18:07:59.166 | DEBUG    | eval.evaluation.evaluation:metric_call:77 - metric_func_name exact_match score 1.0 msg exact match, response: 朝阳区, target: 朝阳区
2026-08-13 18:07:59.166 | DEBUG    | eval.evaluation.evaluation:metric_call:77 - metric_func_name exact_match score 1.0 msg exact match, response: 东城区, target: 东城区
2026-08-13 18:07:59.166 | DEBUG    | eval.evaluation.evaluation:metric_call:77 - metric_func_name exact_match score 1.0 msg exact match, response: 海淀区, target: 海淀区
2026-08-13 18:07:59.166 | DEBUG    | eval.evaluation.evaluation:metric_call:77 - metric_func_name exact_match score 1.0 msg exact match, response: 海淀区, target: 海淀区
2026-08-13 18:07:59.166 | DEBUG    | eval.evaluation.evaluation:metric_call:77 - metric_func_name exact_match score 1.0 msg exact match, response: 海淀区, target: 海淀区
2026-08-13 18:07:59.166 | DEBUG    | eval.evaluation.evaluation:metric_call:77 - metric_func_name exact_match score 1.0 msg exact match, response: 海淀区, target: 海淀区
2026-08-13 18:07:59.166 | DEBUG    | eval.evaluation.evaluation:metric_call:77 - metric_func_name exact_match score 1.0 msg exact match, response: 西城区, target: 西城区
2026-08-13 18:07:59.166 | DEBUG    | eval.evaluation.evaluation:metric_call:77 - metric_func_name exact_match score 1.0 msg exact match, response: 东城区, target: 东城区
2026-08-13 18:07:59.166 | DEBUG    | eval.evaluation.evaluation:metric_call:77 - metric_func_name exact_match score 1.0 msg exact match, response: 东城区, target: 东城区
2026-08-13 18:07:59.166 | DEBUG    | eval.evaluation.evaluation:metric_call:77 - metric_func_name exact_match score 1.0 msg exact match, response: 东城区, target: 东城区
2026-08-13 18:07:59.166 | DEBUG    | eval.evaluation.evaluation:metric_call:77 - metric_func_name exact_match score 1.0 msg exact match, response: 朝阳区, target: 朝阳区
2026-08-13 18:07:59.167 | DEBUG    | eval.evaluation.evaluation:metric_call:77 - metric_func_name exact_match score 1.0 msg exact match, response: 西城区, target: 西城区
2026-08-13 18:07:59.167 | DEBUG    | eval.evaluation.evaluation:metric_call:77 - metric_func_name exact_match score 1.0 msg exact match, response: 朝阳区, target: 朝阳区
2026-08-13 18:07:59.167 | DEBUG    | eval.evaluation.evaluation:metric_call:77 - metric_func_name exact_match score 1.0 msg exact match, response: 朝阳区, target: 朝阳区
2026-08-13 18:07:59.167 | DEBUG    | eval.evaluation.evaluation:metric_call:77 - metric_func_name exact_match score 1.0 msg exact match, response: 朝阳区, target: 朝阳区
2026-08-13 18:07:59.167 | DEBUG    | eval.evaluation.evaluation:metric_call:77 - metric_func_name exact_match score 1.0 msg exact match, response: 东城区, target: 东城区
2026-08-13 18:07:59.167 | DEBUG    | eval.evaluation.evaluation:metric_call:77 - metric_func_name exact_match score 0.0 msg exact not match, response: 西城区, target: 朝阳区
2026-08-13 18:07:59.167 | DEBUG    | eval.evaluation.evaluation:metric_call:77 - metric_func_name exact_match score 1.0 msg exact match, response: 海淀区, target: 海淀区
2026-08-13 18:07:59.167 | DEBUG    | eval.evaluation.evaluation:metric_call:77 - metric_func_name exact_match score 1.0 msg exact match, response: 朝阳区, target: 朝阳区
2026-08-13 18:07:59.167 | DEBUG    | eval.evaluation.evaluation:metric_call:77 - metric_func_name exact_match score 1.0 msg exact match, response: 朝阳区, target: 朝阳区
2026-08-13 18:07:59.167 | DEBUG    | eval.evaluation.evaluation:metric_call:77 - metric_func_name exact_match score 0.0 msg exact not match, response: 经开区, target: 大兴区
2026-08-13 18:07:59.167 | DEBUG    | eval.evaluation.evaluation:metric_call:77 - metric_func_name exact_match score 1.0 msg exact match, response: 朝阳区, target: 朝阳区
2026-08-13 18:07:59.167 | DEBUG    | eval.evaluation.evaluation:metric_call:77 - metric_func_name exact_match score 1.0 msg exact match, response: 朝阳区, target: 朝阳区
2026-08-13 18:07:59.167 | DEBUG    | eval.evaluation.evaluation:metric_call:77 - metric_func_name exact_match score 1.0 msg exact match, response: 东城区, target: 东城区
2026-08-13 18:07:59.167 | DEBUG    | eval.evaluation.evaluation:metric_call:77 - metric_func_name exact_match score 1.0 msg exact match, response: 延庆区, target: 延庆区
2026-08-13 18:07:59.168 | DEBUG    | eval.evaluation.evaluation:evaluate_single_query:321 - wide2deep_ws_zh_039, col 市区, metric_func_name exact_match, score [1.0, 1.0, 1.0, 1.0, 1.0, 1.0, 1.0, 1.0, 1.0, 1.0, 1.0, 1.0, 1.0, 1.0, 1.0, 1.0, 1.0, 1.0, 1.0, 1.0, 1.0, 1.0, 0.0, 1.0, 1.0, 1.0, 0.0, 1.0, 1.0, 1.0, 1.0]
2026-08-13 18:07:59.168 | DEBUG    | eval.evaluation.evaluation:metric_call:77 - metric_func_name exact_match score 0.0 msg exact not match, response: 1150019, target: 1150001
2026-08-13 18:07:59.168 | DEBUG    | eval.evaluation.evaluation:metric_call:77 - metric_func_name exact_match score 0.0 msg exact not match, response: 1150021, target: 1150004
2026-08-13 18:07:59.168 | DEBUG    | eval.evaluation.evaluation:metric_call:77 - metric_func_name exact_match score 0.0 msg exact not match, response: 1150003, target: 1150005
2026-08-13 18:07:59.168 | DEBUG    | eval.evaluation.evaluation:metric_call:77 - metric_func_name exact_match score 0.0 msg exact not match, response: 未知, target: 1150008
2026-08-13 18:07:59.168 | DEBUG    | eval.evaluation.evaluation:metric_call:77 - metric_func_name exact_match score 0.0 msg exact not match, response: 1150006, target: 1150010
2026-08-13 18:07:59.168 | DEBUG    | eval.evaluation.evaluation:metric_call:77 - metric_func_name exact_match score 0.0 msg exact not match, response: 未知, target: 1150013
2026-08-13 18:07:59.168 | DEBUG    | eval.evaluation.evaluation:metric_call:77 - metric_func_name exact_match score 0.0 msg exact not match, response: 1150004, target: 1150014
2026-08-13 18:07:59.168 | DEBUG    | eval.evaluation.evaluation:metric_call:77 - metric_func_name exact_match score 0.0 msg exact not match, response: 1150009, target: 1150016
2026-08-13 18:07:59.169 | DEBUG    | eval.evaluation.evaluation:metric_call:77 - metric_func_name exact_match score 0.0 msg exact not match, response: 未知, target: 1150018
2026-08-13 18:07:59.169 | DEBUG    | eval.evaluation.evaluation:metric_call:77 - metric_func_name exact_match score 0.0 msg exact not match, response: 1150007, target: 1150019
2026-08-13 18:07:59.169 | DEBUG    | eval.evaluation.evaluation:metric_call:77 - metric_func_name exact_match score 0.0 msg exact not match, response: 未知, target: 1150020
2026-08-13 18:07:59.169 | DEBUG    | eval.evaluation.evaluation:metric_call:77 - metric_func_name exact_match score 0.0 msg exact not match, response: 未知, target: 1150023
2026-08-13 18:07:59.169 | DEBUG    | eval.evaluation.evaluation:metric_call:77 - metric_func_name exact_match score 0.0 msg exact not match, response: 未知, target: 1150024
2026-08-13 18:07:59.169 | DEBUG    | eval.evaluation.evaluation:metric_call:77 - metric_func_name exact_match score 0.0 msg exact not match, response: 1150001, target: 1150028
2026-08-13 18:07:59.169 | DEBUG    | eval.evaluation.evaluation:metric_call:77 - metric_func_name exact_match score 0.0 msg exact not match, response: 1150002, target: 1150031
2026-08-13 18:07:59.169 | DEBUG    | eval.evaluation.evaluation:metric_call:77 - metric_func_name exact_match score 0.0 msg exact not match, response: 未知, target: 1150032
2026-08-13 18:07:59.169 | DEBUG    | eval.evaluation.evaluation:metric_call:77 - metric_func_name exact_match score 0.0 msg exact not match, response: 未知, target: 1150038
2026-08-13 18:07:59.169 | DEBUG    | eval.evaluation.evaluation:metric_call:77 - metric_func_name exact_match score 0.0 msg exact not match, response: 未知, target: 1150042
2026-08-13 18:07:59.169 | DEBUG    | eval.evaluation.evaluation:metric_call:77 - metric_func_name exact_match score 0.0 msg exact not match, response: 未知, target: 1150047
2026-08-13 18:07:59.169 | DEBUG    | eval.evaluation.evaluation:metric_call:77 - metric_func_name exact_match score 0.0 msg exact not match, response: 未知, target: 1150052
2026-08-13 18:07:59.169 | DEBUG    | eval.evaluation.evaluation:metric_call:77 - metric_func_name exact_match score 0.0 msg exact not match, response: 未知, target: 1150054
2026-08-13 18:07:59.169 | DEBUG    | eval.evaluation.evaluation:metric_call:77 - metric_func_name exact_match score 0.0 msg exact not match, response: 未知, target: 1150059
2026-08-13 18:07:59.169 | DEBUG    | eval.evaluation.evaluation:metric_call:77 - metric_func_name exact_match score 0.0 msg exact not match, response: 未知, target: 1150062
2026-08-13 18:07:59.169 | DEBUG    | eval.evaluation.evaluation:metric_call:77 - metric_func_name exact_match score 0.0 msg exact not match, response: 未知, target: 1150063
2026-08-13 18:07:59.169 | DEBUG    | eval.evaluation.evaluation:metric_call:77 - metric_func_name exact_match score 0.0 msg exact not match, response: 未知, target: 1150065
2026-08-13 18:07:59.169 | DEBUG    | eval.evaluation.evaluation:metric_call:77 - metric_func_name exact_match score 0.0 msg exact not match, response: 未知, target: 1150067
2026-08-13 18:07:59.169 | DEBUG    | eval.evaluation.evaluation:metric_call:77 - metric_func_name exact_match score 0.0 msg exact not match, response: 未知, target: 1150068
2026-08-13 18:07:59.169 | DEBUG    | eval.evaluation.evaluation:metric_call:77 - metric_func_name exact_match score 0.0 msg exact not match, response: 未知, target: 1150069
2026-08-13 18:07:59.169 | DEBUG    | eval.evaluation.evaluation:metric_call:77 - metric_func_name exact_match score 0.0 msg exact not match, response: 未知, target: 1150070
2026-08-13 18:07:59.170 | DEBUG    | eval.evaluation.evaluation:metric_call:77 - metric_func_name exact_match score 0.0 msg exact not match, response: 未知, target: 1150072
2026-08-13 18:07:59.170 | DEBUG    | eval.evaluation.evaluation:metric_call:77 - metric_func_name exact_match score 0.0 msg exact not match, response: 未知, target: 1150077
2026-08-13 18:07:59.170 | DEBUG    | eval.evaluation.evaluation:evaluate_single_query:321 - wide2deep_ws_zh_039, col 星级标牌号, metric_func_name exact_match, score [0.0, 0.0, 0.0, 0.0, 0.0, 0.0, 0.0, 0.0, 0.0, 0.0, 0.0, 0.0, 0.0, 0.0, 0.0, 0.0, 0.0, 0.0, 0.0, 0.0, 0.0, 0.0, 0.0, 0.0, 0.0, 0.0, 0.0, 0.0, 0.0, 0.0, 0.0]
2026-08-13 18:08:14.009 | DEBUG    | eval.evaluation.evaluation:evaluate_single_query:321 - wide2deep_ws_zh_039, col 具体地址, metric_func_name llm_judge, score [1, 1, 1, 1, 1, 1, 1, 1, 1, 1, 1, 1, 1, 1, 1, 1, 0, 1, 1, 1, 1, 1, 0, 1, 1, 1, 1, 1, 1, 1, 1]
2026-08-13 18:08:14.014 | INFO     | eval.evaluation.evaluation:evaluate_single_query:380 - wide2deep_ws_zh_039, P/R/F1 by unique_columns: 0.5741/0.5439/0.5586
2026-08-13 18:08:14.014 | INFO     | eval.evaluation.evaluation:evaluate_single_query:383 - wide2deep_ws_zh_039, P/R/F1 by row: 0.0000/0.0000/0.0000
2026-08-13 18:08:14.014 | INFO     | eval.evaluation.evaluation:evaluate_single_query:386 - wide2deep_ws_zh_039, P/R/F1 by item: 0.4120/0.3904/0.4009
2026-08-13 18:08:14.017 | INFO     | eval.evaluation.evaluation:evaluate_single_query:398 - wide2deep_ws_zh_039, final table score: 0.0
{"event": "eval_done", "idx": 5, "instance_id": "wide2deep_ws_zh_039", "score": 0.0, "entity_acc": 1.0, "f1_by_row": 0.0, "f1_by_item": 0.4009009009009009, "column_f1": 0.5585585585585585, "error": null, "elapsed_seconds": 33.952, "running_n": 5}
2026-08-13 18:08:15.923 | DEBUG    | eval.evaluation.data_loader:extract_dataframe:167 - find markdown_str 
| 作品名称 | 导演 | 类型 | 制片国家/地区 | 片长 |
| --- | --- | --- | --- | --- ...
2026-08-13 18:08:20.470 | INFO     | eval.evaluation.metric_utils:primary_key_preprocess:246 - primary_key_preprocess result: ```json
{
  "小丑（获金狮奖）": "小丑",
  "真相": "真相",
  "关于无尽": "关于无尽 ",
  "星际探索": "星际探索 ",
  "乳牙": "乳牙",
  "等待野蛮人": "等待野蛮人 ",
  "厄玛": "厄玛",
  "世界的胜利": "世界的胜利 ",
  "荣誉之客": "荣誉之客 ",
  "我控诉": "我控诉 ",
  "黑手党不再是从前的样子": "黑手党不再是曾经 ",
  "马丁·伊登": "马丁·伊登 ",
  "马约尔广场的市长": "非常市长 ",
  "婚姻故事": "婚姻故事 ",
  "继园台七号": "继园台七号 ",
  "被涂污的鸟": "被涂污的鸟 ",
  "兰心大剧院": "兰心大剧院",
  "洗钱风云": "自助洗衣店",
  "黄蜂网络": "黄蜂网络 "
}
```
2026-08-13 18:08:20.470 | INFO     | eval.evaluation.evaluation:evaluate_single_query:223 - col: 作品名称, primary_key_map {'小丑（获金狮奖）': '小丑', '真相': '真相', '关于无尽': '关于无尽 ', '星际探索': '星际探索 ', '乳牙': '乳牙', '等待野蛮人': '等待野蛮人 ', '厄玛': '厄玛', '世界的胜利': '世界的胜利 ', '荣誉之客': '荣誉之客 ', '我控诉': '我控诉 ', '黑手党不再是从前的样子': '黑手党不再是曾经 ', '马丁·伊登': '马丁·伊登 ', '马约尔广场的市长': '非常市长 ', '婚姻故事': '婚姻故事 ', '继园台七号': '继园台七号 ', '被涂污的鸟': '被涂污的鸟 ', '兰心大剧院': '兰心大剧院', '洗钱风云': '自助洗衣店', '黄蜂网络': '黄蜂网络 '}
2026-08-13 18:08:20.477 | INFO     | eval.evaluation.evaluation:evaluate_single_query:275 - wide2deep_ws_zh_042, df_inner shape: (19, 10), answer_df shape: (21, 5), response_df shape: (21, 6)
2026-08-13 18:08:24.563 | DEBUG    | eval.evaluation.evaluation:evaluate_single_query:321 - wide2deep_ws_zh_042, col 导演, metric_func_name llm_judge, score [1, 1, 1, 1, 1, 1, 1, 1, 1, 1, 1, 1, 1, 1, 1, 1, 1, 1, 1]
2026-08-13 18:08:30.048 | DEBUG    | eval.evaluation.evaluation:evaluate_single_query:321 - wide2deep_ws_zh_042, col 类型, metric_func_name llm_judge, score [1, 1, 1, 1, 1, 1, 1, 1, 1, 0, 0, 0, 0, 0, 1, 1, 1, 1, 1]
2026-08-13 18:08:35.219 | DEBUG    | eval.evaluation.evaluation:evaluate_single_query:321 - wide2deep_ws_zh_042, col 制片国家/地区, metric_func_name llm_judge, score [1, 1, 1, 1, 1, 1, 1, 1, 1, 1, 1, 1, 1, 1, 1, 1, 1, 1, 1]
2026-08-13 18:08:35.220 | DEBUG    | eval.evaluation.evaluation:metric_call:77 - metric_func_name number_near score 1.0 msg number near in range 10.0%, response: 102.0, target: 102.0
2026-08-13 18:08:35.220 | DEBUG    | eval.evaluation.evaluation:metric_call:77 - metric_func_name number_near score 1.0 msg number near in range 10.0%, response: 105.0, target: 104.0
2026-08-13 18:08:35.220 | DEBUG    | eval.evaluation.evaluation:metric_call:77 - metric_func_name number_near score 1.0 msg number near in range 10.0%, response: 105.0, target: 107.0
2026-08-13 18:08:35.220 | DEBUG    | eval.evaluation.evaluation:metric_call:77 - metric_func_name number_near score 1.0 msg number near in range 10.0%, response: 106.0, target: 106.0
2026-08-13 18:08:35.220 | DEBUG    | eval.evaluation.evaluation:metric_call:77 - metric_func_name number_near score 1.0 msg number near in range 10.0%, response: 107.0, target: 107.0
2026-08-13 18:08:35.220 | DEBUG    | eval.evaluation.evaluation:metric_call:77 - metric_func_name number_near score 1.0 msg number near in range 10.0%, response: 112.0, target: 112.0
2026-08-13 18:08:35.220 | DEBUG    | eval.evaluation.evaluation:metric_call:77 - metric_func_name number_near score 1.0 msg number near in range 10.0%, response: 115.0, target: 118.0
2026-08-13 18:08:35.220 | DEBUG    | eval.evaluation.evaluation:metric_call:77 - metric_func_name number_near score 1.0 msg number near in range 10.0%, response: 122.0, target: 118.0
2026-08-13 18:08:35.220 | DEBUG    | eval.evaluation.evaluation:metric_call:77 - metric_func_name number_near score 1.0 msg number near in range 10.0%, response: 118.0, target: 120.0
2026-08-13 18:08:35.220 | DEBUG    | eval.evaluation.evaluation:metric_call:77 - metric_func_name number_near score 1.0 msg number near in range 10.0%, response: 123.0, target: 123.0
2026-08-13 18:08:35.220 | DEBUG    | eval.evaluation.evaluation:metric_call:77 - metric_func_name number_near score 1.0 msg number near in range 10.0%, response: 123.0, target: 124.0
2026-08-13 18:08:35.220 | DEBUG    | eval.evaluation.evaluation:metric_call:77 - metric_func_name number_near score 1.0 msg number near in range 10.0%, response: 125.0, target: 125.0
2026-08-13 18:08:35.220 | DEBUG    | eval.evaluation.evaluation:metric_call:77 - metric_func_name number_near score 1.0 msg number near in range 10.0%, response: 132.0, target: 132.0
2026-08-13 18:08:35.220 | DEBUG    | eval.evaluation.evaluation:metric_call:77 - metric_func_name number_near score 1.0 msg number near in range 10.0%, response: 126.0, target: 126.0
2026-08-13 18:08:35.221 | DEBUG    | eval.evaluation.evaluation:metric_call:77 - metric_func_name number_near score 1.0 msg number near in range 10.0%, response: 129.0, target: 129.0
2026-08-13 18:08:35.221 | DEBUG    | eval.evaluation.evaluation:metric_call:77 - metric_func_name number_near score 1.0 msg number near in range 10.0%, response: 136.0, target: 135.0
2026-08-13 18:08:35.221 | DEBUG    | eval.evaluation.evaluation:metric_call:77 - metric_func_name number_near score 1.0 msg number near in range 10.0%, response: 169.0, target: 169.0
2026-08-13 18:08:35.221 | DEBUG    | eval.evaluation.evaluation:metric_call:77 - metric_func_name number_near score 1.0 msg number near in range 10.0%, response: 78.0, target: 76.0
2026-08-13 18:08:35.221 | DEBUG    | eval.evaluation.evaluation:metric_call:77 - metric_func_name number_near score 1.0 msg number near in range 10.0%, response: 96.0, target: 96.0
2026-08-13 18:08:35.221 | DEBUG    | eval.evaluation.evaluation:evaluate_single_query:321 - wide2deep_ws_zh_042, col 片长, metric_func_name number_near, score [1.0, 1.0, 1.0, 1.0, 1.0, 1.0, 1.0, 1.0, 1.0, 1.0, 1.0, 1.0, 1.0, 1.0, 1.0, 1.0, 1.0, 1.0, 1.0]
2026-08-13 18:08:35.226 | INFO     | eval.evaluation.evaluation:evaluate_single_query:380 - wide2deep_ws_zh_042, P/R/F1 by unique_columns: 0.9048/0.9048/0.9048
2026-08-13 18:08:35.226 | INFO     | eval.evaluation.evaluation:evaluate_single_query:383 - wide2deep_ws_zh_042, P/R/F1 by row: 0.6667/0.6667/0.6667
2026-08-13 18:08:35.226 | INFO     | eval.evaluation.evaluation:evaluate_single_query:386 - wide2deep_ws_zh_042, P/R/F1 by item: 0.8571/0.8571/0.8571
2026-08-13 18:08:35.228 | INFO     | eval.evaluation.evaluation:evaluate_single_query:398 - wide2deep_ws_zh_042, final table score: 0.0
{"event": "eval_done", "idx": 6, "instance_id": "wide2deep_ws_zh_042", "score": 0.0, "entity_acc": 1.0, "f1_by_row": 0.6666666666666666, "f1_by_item": 0.8571428571428571, "column_f1": 0.9047619047619048, "error": null, "elapsed_seconds": 21.191, "running_n": 6}
{"event": "eval_done", "idx": 7, "instance_id": "wide2deep_ws_zh_050", "score": 0.0, "entity_acc": 0.0, "f1_by_row": 0.0, "f1_by_item": 0.0, "column_f1": 0.0, "error": null, "elapsed_seconds": 2.864, "running_n": 7}
SUMMARY {"n": 7, "valid_n": 7, "errors": 0, "complete": true, "judge_calls_current_process": 29, "score": 0.0, "entity_acc": 0.7142857142857143, "precision_by_row": 0.2719346675868415, "recall_by_row": 0.2555238671391121, "f1_by_row": 0.2625234385782012, "precision_by_item": 0.5142479213907786, "recall_by_item": 0.4144925463631712, "f1_by_item": 0.4425706241788296, "column_precision": 0.5843701731900489, "column_recall": 0.46546099786960565, "column_f1": 0.49873394233825535}
