INFO: Pandarallel will run on 8 workers.
INFO: Pandarallel will use Memory file system to transfer data between the main process and workers.
{"event": "eval_start", "selected": 7, "resume_committed": 0, "committed_errors": 0, "crash_only_resume": false}
{"event": "eval_done", "idx": 1, "instance_id": "deep2wide_result_49_山西省", "score": 0.0, "entity_acc": 0.0, "f1_by_row": 0.0, "f1_by_item": 0.0, "column_f1": 0.0, "error": null, "elapsed_seconds": 1.737, "running_n": 1}
2026-08-09 09:41:01.434 | DEBUG    | eval.evaluation.data_loader:extract_dataframe:167 - find markdown_str 
| 姓名 | 字 | 号 | 祖籍 |
| --- | --- | --- | --- |
| 金农 | 寿门、司农、吉金 | ...
2026-08-09 09:41:04.409 | INFO     | eval.evaluation.metric_utils:primary_key_preprocess:246 - primary_key_preprocess result: ```json
{
  "金农": "金农",
  "郑燮": "郑燮",
  "黄慎": "黄慎",
  "李鱓": "李鱓",
  "李方膺": "李方膺",
  "汪士慎": "汪士慎",
  "罗聘": "罗聘",
  "高翔": "高翔"
}
```
2026-08-09 09:41:04.410 | INFO     | eval.evaluation.evaluation:evaluate_single_query:223 - col: 姓名, primary_key_map {'金农': '金农', '郑燮': '郑燮', '黄慎': '黄慎', '李鱓': '李鱓', '李方膺': '李方膺', '汪士慎': '汪士慎', '罗聘': '罗聘', '高翔': '高翔'}
2026-08-09 09:41:04.416 | INFO     | eval.evaluation.evaluation:evaluate_single_query:275 - deep2wide_result_50_扬州八怪, df_inner shape: (8, 8), answer_df shape: (8, 4), response_df shape: (8, 5)
2026-08-09 09:41:08.127 | DEBUG    | eval.evaluation.evaluation:evaluate_single_query:321 - deep2wide_result_50_扬州八怪, col 字, metric_func_name llm_judge, score [1, 0, 0, 1, 1, 1, 1, 1]
2026-08-09 09:41:12.063 | DEBUG    | eval.evaluation.evaluation:evaluate_single_query:321 - deep2wide_result_50_扬州八怪, col 号, metric_func_name llm_judge, score [1, 1, 1, 1, 1, 1, 1, 1]
2026-08-09 09:41:17.792 | DEBUG    | eval.evaluation.evaluation:evaluate_single_query:321 - deep2wide_result_50_扬州八怪, col 祖籍, metric_func_name llm_judge, score [1, 1, 1, 1, 1, 1, 0, 1]
2026-08-09 09:41:17.798 | INFO     | eval.evaluation.evaluation:evaluate_single_query:380 - deep2wide_result_50_扬州八怪, P/R/F1 by unique_columns: 1.0000/1.0000/1.0000
2026-08-09 09:41:17.798 | INFO     | eval.evaluation.evaluation:evaluate_single_query:383 - deep2wide_result_50_扬州八怪, P/R/F1 by row: 0.6250/0.6250/0.6250
2026-08-09 09:41:17.798 | INFO     | eval.evaluation.evaluation:evaluate_single_query:386 - deep2wide_result_50_扬州八怪, P/R/F1 by item: 0.9062/0.9062/0.9062
2026-08-09 09:41:17.800 | INFO     | eval.evaluation.evaluation:evaluate_single_query:398 - deep2wide_result_50_扬州八怪, final table score: 0.0
{"event": "eval_done", "idx": 2, "instance_id": "deep2wide_result_50_扬州八怪", "score": 0.0, "entity_acc": 1.0, "f1_by_row": 0.625, "f1_by_item": 0.90625, "column_f1": 1.0, "error": null, "elapsed_seconds": 19.39, "running_n": 2}
{"event": "eval_done", "idx": 3, "instance_id": "deep2wide_result_52_乐清市知临中学", "score": 0.0, "entity_acc": 0.0, "f1_by_row": 0.0, "f1_by_item": 0.0, "column_f1": 0.0, "error": null, "elapsed_seconds": 1.547, "running_n": 3}
{"event": "eval_done", "idx": 4, "instance_id": "deep2wide_result_53_潘虹", "score": 0.0, "entity_acc": 0.0, "f1_by_row": 0.0, "f1_by_item": 0.0, "column_f1": 0.0, "error": null, "elapsed_seconds": 3.12, "running_n": 4}
{"event": "eval_done", "idx": 5, "instance_id": "deep2wide_result_54_庞德", "score": 0.0, "entity_acc": 0.0, "f1_by_row": 0.0, "f1_by_item": 0.0, "column_f1": 0.0, "error": null, "elapsed_seconds": 4.535, "running_n": 5}
2026-08-09 09:41:42.598 | DEBUG    | eval.evaluation.data_loader:extract_dataframe:167 - find markdown_str 
| 电视动画名称 | 配音角色 | 导演 |
| --- | --- | --- |
| 《.hack//黄昏的腕轮传说》 | ...
2026-08-09 09:41:47.317 | INFO     | eval.evaluation.metric_utils:primary_key_preprocess:246 - primary_key_preprocess result: ```json
{
  "《MOUSE》": "MOUSE",
  "《百变之星》": "百变之星",
  "《魔侦探洛基 RAGNAROK》": "魔侦探洛基",
  "《妄想科学美少女》": "妄想科学美少女",
  "《拜托了！双子星》": "拜托了双子星",
  "《蒲公英之恋》": "蒲公英",
  "《侦探学园Q》": "侦探学园Q",
  "《魔法咪路咪路 Golden》": "魔法咪路咪路 GOLDEN",
  "《神魂合体 Godannar!!》": "神魂合体",
  "《圆盘皇女 十二月的小夜曲》": "圆盘皇女 十二月的夜想曲",
  "《爱的魔法》": "爱的魔法"
}
```
2026-08-09 09:41:47.318 | INFO     | eval.evaluation.evaluation:evaluate_single_query:223 - col: 电视动画名称, primary_key_map {'《MOUSE》': 'MOUSE', '《百变之星》': '百变之星', '《魔侦探洛基 RAGNAROK》': '魔侦探洛基', '《妄想科学美少女》': '妄想科学美少女', '《拜托了！双子星》': '拜托了双子星', '《蒲公英之恋》': '蒲公英', '《侦探学园Q》': '侦探学园Q', '《魔法咪路咪路 Golden》': '魔法咪路咪路 GOLDEN', '《神魂合体 Godannar!!》': '神魂合体', '《圆盘皇女 十二月的小夜曲》': '圆盘皇女 十二月的夜想曲', '《爱的魔法》': '爱的魔法'}
2026-08-09 09:41:47.323 | INFO     | eval.evaluation.evaluation:evaluate_single_query:275 - deep2wide_result_56_中原麻衣, df_inner shape: (11, 6), answer_df shape: (11, 3), response_df shape: (15, 4)
2026-08-09 09:41:50.878 | DEBUG    | eval.evaluation.evaluation:evaluate_single_query:321 - deep2wide_result_56_中原麻衣, col 配音角色, metric_func_name llm_judge, score [1, 1, 1, 1, 1, 1, 1, 1, 1, 0, 1]
2026-08-09 09:41:53.826 | DEBUG    | eval.evaluation.evaluation:evaluate_single_query:321 - deep2wide_result_56_中原麻衣, col 导演, metric_func_name llm_judge, score [1, 1, 1, 0, 1, 1, 1, 1, 1, 0, 1]
2026-08-09 09:41:53.833 | INFO     | eval.evaluation.evaluation:evaluate_single_query:380 - deep2wide_result_56_中原麻衣, P/R/F1 by unique_columns: 0.7333/1.0000/0.8462
2026-08-09 09:41:53.833 | INFO     | eval.evaluation.evaluation:evaluate_single_query:383 - deep2wide_result_56_中原麻衣, P/R/F1 by row: 0.6000/0.8182/0.6923
2026-08-09 09:41:53.833 | INFO     | eval.evaluation.evaluation:evaluate_single_query:386 - deep2wide_result_56_中原麻衣, P/R/F1 by item: 0.6667/0.9091/0.7692
2026-08-09 09:41:53.834 | INFO     | eval.evaluation.evaluation:evaluate_single_query:398 - deep2wide_result_56_中原麻衣, final table score: 0.0
{"event": "eval_done", "idx": 6, "instance_id": "deep2wide_result_56_中原麻衣", "score": 0.0, "entity_acc": 1.0, "f1_by_row": 0.6923076923076923, "f1_by_item": 0.7692307692307692, "column_f1": 0.846153846153846, "error": null, "elapsed_seconds": 26.767, "running_n": 6}
{"event": "eval_done", "idx": 7, "instance_id": "deep2wide_result_57_GDC", "score": 0.0, "entity_acc": 0.0, "f1_by_row": 0.0, "f1_by_item": 0.0, "column_f1": 0.0, "error": null, "elapsed_seconds": 2.033, "running_n": 7}
SUMMARY {"n": 7, "valid_n": 7, "errors": 0, "complete": true, "judge_calls_current_process": 14, "score": 0.0, "entity_acc": 0.2857142857142857, "precision_by_row": 0.17500000000000002, "recall_by_row": 0.2061688311688312, "f1_by_row": 0.18818681318681318, "precision_by_item": 0.22470238095238093, "recall_by_item": 0.2593344155844156, "f1_by_item": 0.2393543956043956, "column_precision": 0.24761904761904763, "column_recall": 0.2857142857142857, "column_f1": 0.26373626373626374}
