INFO: Pandarallel will run on 8 workers.
INFO: Pandarallel will use Memory file system to transfer data between the main process and workers.
{"event": "eval_start", "selected": 7, "resume_committed": 0, "committed_errors": 0, "crash_only_resume": false}
2026-08-09 09:41:00.432 | DEBUG    | eval.evaluation.data_loader:extract_dataframe:167 - find markdown_str 
| 产品系列 | 产品名称 | 芯片名称 | 发布日期 | 总线接口 | 显存容量 | 显存类型 | 显存位宽 | 核心频率( ...
2026-08-09 09:41:16.552 | INFO     | eval.evaluation.metric_utils:primary_key_preprocess:246 - primary_key_preprocess result: ```json
{
  "NVIDIA NV1": "NV1",
  "NVIDIA RIVA 128": "Riva 128",
  "NVIDIA RIVA 128 ZX": "Riva 128ZX",
  "NVIDIA RIVA TNT": "Riva TNT",
  "NVIDIA RIVA TNT2": "Riva TNT2",
  "NVIDIA RIVA TNT2 Ultra": "Riva TNT2 Ultra",
  "NVIDIA GeForce 256 SDR": "GeForce 256 SDR",
  "NVIDIA GeForce 256 DDR": "GeForce 256 DDR",
  "NVIDIA GeForce2 GTS": "GeForce2 GTS",
  "NVIDIA GeForce2 Ultra": "GeForce2 Ultra",
  "NVIDIA GeForce2 MX": "GeForce2 MX",
  "NVIDIA GeForce3": "GeForce3",
  "NVIDIA GeForce3 Ti 500": "GeForce3 Ti500",
  "NVIDIA GeForce3 Ti 200": "GeForce3 Ti200",
  "NVIDIA GeForce4 Ti 4600": "GeForce4 Ti 4600",
  "NVIDIA GeForce4 Ti 4400": "GeForce4 Ti 4400",
  "NVIDIA GeForce4 Ti 4200": "GeForce4 Ti 4200",
  "NVIDIA GeForce FX 5800 Ultra": "GeForce FX 5800 Ultra",
  "NVIDIA GeForce FX 5900 Ultra": "GeForce FX 5900 Ultra",
  "NVIDIA GeForce FX 5950 Ultra": "GeForce FX 5950 Ultra",
  "NVIDIA GeForce 6800 Ultra": "GeForce 6800 Ultra",
  "NVIDIA GeForce 6600 GT": "GeForce 6600 GT",
  "NVIDIA GeForce 7800 GTX": "GeForce 7800 GTX",
  "NVIDIA GeForce 7800 GTX 512": "GeForce 7800 GTX 512",
  "NVIDIA GeForce 7900 GTX": "GeForce 7900 GTX",
  "NVIDIA GeForce 8800 GTX": "GeForce 8800 GTX",
  "NVIDIA GeForce 8800 Ultra": "GeForce 8800 Ultra",
  "NVIDIA GeForce 9800 GTX": "GeForce 9800 GTX",
  "NVIDIA GeForce 9800 GX2": "GeForce 9800 GX2",
  "NVIDIA GeForce GTX 280": "GeForce GTX 280",
  "NVIDIA GeForce GTX 285": "GeForce GTX 285",
  "NVIDIA GeForce GTX 295": "GeForce GTX 295",
  "NVIDIA GeForce GTX 480": "GeForce GTX 480",
  "NVIDIA GeForce GTX 470": "GeForce GTX 470",
  "NVIDIA GeForce GTX 580": "GeForce GTX 580",
  "NVIDIA GeForce GTX 590": "GeForce GTX 590",
  "NVIDIA GeForce GTX 680": "GeForce GTX 680",
  "NVIDIA GeForce GTX 690": "GeForce GTX 690",
  "NVIDIA GeForce GTX 780": "GeForce GTX 780",
  "NVIDIA GeForce GTX 780 Ti": "GeForce GTX 780 Ti",
  "NVIDIA GeForce GTX TITAN": "GeForce GTX TITAN",
  "NVIDIA GeForce GTX TITAN Black": "GeForce GTX TITAN BLACK",
  "NVIDIA GeForce GTX TITAN Z": "GeForce GTX TITAN Z",
  "NVIDIA GeForce GTX 980": "GeForce GTX 980",
  "NVIDIA GeForce GTX 970": "GeForce GTX 970",
  "NVIDIA GeForce GTX 980 Ti": "GeForce GTX 980 Ti",
  "NVIDIA GeForce GTX TITAN X": "GeForce GTX TITAN X",
  "NVIDIA GeForce GTX 1080": "GeForce GTX 1080",
  "NVIDIA GeForce GTX 1070": "GeForce GTX 1070",
  "NVIDIA GeForce GTX 1060 6GB": "GeForce GTX 1060 6 GB",
  "NVIDIA GeForce GTX 1060 3GB": "GeForce GTX 1060 3 GB",
  "NVIDIA GeForce GTX 1050 Ti": "GeForce GTX 1050 Ti",
  "NVIDIA GeForce GTX 1050": "GeForce GTX 1050",
  "NVIDIA TITAN X（Pascal）": "TITAN X Pascal",
  "NVIDIA GeForce GTX 1080 Ti": "GeForce GTX 1080 Ti",
  "NVIDIA GeForce GTX 1070 Ti": "GeForce GTX 1070 Ti",
  "NVIDIA GeForce GT 1030": "GeForce GT 1030",
  "NVIDIA GeForce GT 1030 DDR4": "GeForce GT 1030 DDR4",
  "NVIDIA TITAN Xp": "TITAN Xp",
  "NVIDIA TITAN V": "TITAN V",
  "NVIDIA GeForce RTX 2080 Ti": "GeForce RTX 2080 Ti",
  "NVIDIA GeForce RTX 2080": "GeForce RTX 2080",
  "NVIDIA GeForce RTX 2070": "GeForce RTX 2070",
  "NVIDIA TITAN RTX": "TITAN RTX",
  "NVIDIA GeForce RTX 2060": "GeForce RTX 2060",
  "NVIDIA GeForce GTX 1660 Ti": "GeForce GTX 1660 Ti",
  "NVIDIA GeForce GTX 1660": "GeForce GTX 1660",
  "NVIDIA GeForce GTX 1650": "GeForce GTX 1650",
  "NVIDIA GeForce RTX 2060 SUPER": "GeForce RTX 2060 SUPER",
  "NVIDIA GeForce RTX 2070 SUPER": "GeForce RTX 2070 SUPER",
  "NVIDIA GeForce RTX 2080 SUPER": "GeForce RTX 2080 SUPER",
  "NVIDIA GeForce GTX 1660 SUPER": "GeForce GTX 1660 SUPER",
  "NVIDIA GeForce GTX 1650 SUPER": "GeForce GTX 1650 SUPER",
  "NVIDIA GeForce RTX 3080 10GB": "GeForce RTX 3080",
  "NVIDIA GeForce RTX 3090": "GeForce RTX 3090",
  "NVIDIA GeForce RTX 3070": "GeForce RTX 3070",
  "NVIDIA GeForce RTX 3060 Ti": "GeForce RTX 3060 Ti",
  "NVIDIA GeForce RTX 3060 12GB": "GeForce RTX 3060 12 GB",
  "NVIDIA GeForce RTX 3080 Ti": "GeForce RTX 3080 Ti",
  "NVIDIA GeForce RTX 3070 Ti": "GeForce RTX 3070 Ti",
  "NVIDIA GeForce RTX 3080 12GB": "GeForce RTX 3080 12 GB",
  "NVIDIA GeForce RTX 3050 8GB": "GeForce RTX 3050 8 GB",
  "NVIDIA GeForce RTX 3090 Ti": "GeForce RTX 3090 Ti",
  "NVIDIA GeForce GTX 1630": "GeForce GTX 1630",
  "NVIDIA GeForce RTX 3060 8GB": "GeForce RTX 3060 8 GB",
  "NVIDIA GeForce RTX 4090": "GeForce RTX 4090",
  "NVIDIA GeForce RTX 4080": "GeForce RTX 4080",
  "NVIDIA GeForce RTX 4070 Ti": "GeForce RTX 4070 Ti",
  "NVIDIA GeForce RTX 4070": "GeForce RTX 4070",
  "NVIDIA GeForce RTX 4060 Ti 8GB": "GeForce RTX 4060 Ti 8 GB",
  "NVIDIA GeForce RTX 4060": "GeForce RTX 4060",
  "NVIDIA GeForce RTX 4060 Ti 16GB": "GeForce RTX 4060 Ti 16 GB",
  "NVIDIA GeForce RTX 4090 D": "GeForce RTX 4090 D",
  "NVIDIA GeForce RTX 4070 SUPER": "GeForce RTX 4070 SUPER",
  "NVIDIA GeForce RTX 4070 Ti SUPER": "GeForce RTX 4070 Ti SUPER",
  "NVIDIA GeForce RTX 4080 SUPER": "GeForce RTX 4080 SUPER",
  "NVIDIA GeForce RTX 3050 6GB": "GeForce RTX 3050 6 GB",
  "NVIDIA GeForce RTX 4070 GDDR6": "GeForce RTX 4070 GDDR6"
}
```
2026-08-09 09:41:16.552 | INFO     | eval.evaluation.evaluation:evaluate_single_query:223 - col: 产品名称, primary_key_map {'NVIDIA NV1': 'NV1', 'NVIDIA RIVA 128': 'Riva 128', 'NVIDIA RIVA 128 ZX': 'Riva 128ZX', 'NVIDIA RIVA TNT': 'Riva TNT', 'NVIDIA RIVA TNT2': 'Riva TNT2', 'NVIDIA RIVA TNT2 Ultra': 'Riva TNT2 Ultra', 'NVIDIA GeForce 256 SDR': 'GeForce 256 SDR', 'NVIDIA GeForce 256 DDR': 'GeForce 256 DDR', 'NVIDIA GeForce2 GTS': 'GeForce2 GTS', 'NVIDIA GeForce2 Ultra': 'GeForce2 Ultra', 'NVIDIA GeForce2 MX': 'GeForce2 MX', 'NVIDIA GeForce3': 'GeForce3', 'NVIDIA GeForce3 Ti 500': 'GeForce3 Ti500', 'NVIDIA GeForce3 Ti 200': 'GeForce3 Ti200', 'NVIDIA GeForce4 Ti 4600': 'GeForce4 Ti 4600', 'NVIDIA GeForce4 Ti 4400': 'GeForce4 Ti 4400', 'NVIDIA GeForce4 Ti 4200': 'GeForce4 Ti 4200', 'NVIDIA GeForce FX 5800 Ultra': 'GeForce FX 5800 Ultra', 'NVIDIA GeForce FX 5900 Ultra': 'GeForce FX 5900 Ultra', 'NVIDIA GeForce FX 5950 Ultra': 'GeForce FX 5950 Ultra', 'NVIDIA GeForce 6800 Ultra': 'GeForce 6800 Ultra', 'NVIDIA GeForce 6600 GT': 'GeForce 6600 GT', 'NVIDIA GeForce 7800 GTX': 'GeForce 7800 GTX', 'NVIDIA GeForce 7800 GTX 512': 'GeForce 7800 GTX 512', 'NVIDIA GeForce 7900 GTX': 'GeForce 7900 GTX', 'NVIDIA GeForce 8800 GTX': 'GeForce 8800 GTX', 'NVIDIA GeForce 8800 Ultra': 'GeForce 8800 Ultra', 'NVIDIA GeForce 9800 GTX': 'GeForce 9800 GTX', 'NVIDIA GeForce 9800 GX2': 'GeForce 9800 GX2', 'NVIDIA GeForce GTX 280': 'GeForce GTX 280', 'NVIDIA GeForce GTX 285': 'GeForce GTX 285', 'NVIDIA GeForce GTX 295': 'GeForce GTX 295', 'NVIDIA GeForce GTX 480': 'GeForce GTX 480', 'NVIDIA GeForce GTX 470': 'GeForce GTX 470', 'NVIDIA GeForce GTX 580': 'GeForce GTX 580', 'NVIDIA GeForce GTX 590': 'GeForce GTX 590', 'NVIDIA GeForce GTX 680': 'GeForce GTX 680', 'NVIDIA GeForce GTX 690': 'GeForce GTX 690', 'NVIDIA GeForce GTX 780': 'GeForce GTX 780', 'NVIDIA GeForce GTX 780 Ti': 'GeForce GTX 780 Ti', 'NVIDIA GeForce GTX TITAN': 'GeForce GTX TITAN', 'NVIDIA GeForce GTX TITAN Black': 'GeForce GTX TITAN BLACK', 'NVIDIA GeForce GTX TITAN Z': 'GeForce GTX TITAN Z', 'NVIDIA GeForce GTX 980': 'GeForce GTX 980', 'NVIDIA GeForce GTX 970': 'GeForce GTX 970', 'NVIDIA GeForce GTX 980 Ti': 'GeForce GTX 980 Ti', 'NVIDIA GeForce GTX TITAN X': 'GeForce GTX TITAN X', 'NVIDIA GeForce GTX 1080': 'GeForce GTX 1080', 'NVIDIA GeForce GTX 1070': 'GeForce GTX 1070', 'NVIDIA GeForce GTX 1060 6GB': 'GeForce GTX 1060 6 GB', 'NVIDIA GeForce GTX 1060 3GB': 'GeForce GTX 1060 3 GB', 'NVIDIA GeForce GTX 1050 Ti': 'GeForce GTX 1050 Ti', 'NVIDIA GeForce GTX 1050': 'GeForce GTX 1050', 'NVIDIA TITAN X（Pascal）': 'TITAN X Pascal', 'NVIDIA GeForce GTX 1080 Ti': 'GeForce GTX 1080 Ti', 'NVIDIA GeForce GTX 1070 Ti': 'GeForce GTX 1070 Ti', 'NVIDIA GeForce GT 1030': 'GeForce GT 1030', 'NVIDIA GeForce GT 1030 DDR4': 'GeForce GT 1030 DDR4', 'NVIDIA TITAN Xp': 'TITAN Xp', 'NVIDIA TITAN V': 'TITAN V', 'NVIDIA GeForce RTX 2080 Ti': 'GeForce RTX 2080 Ti', 'NVIDIA GeForce RTX 2080': 'GeForce RTX 2080', 'NVIDIA GeForce RTX 2070': 'GeForce RTX 2070', 'NVIDIA TITAN RTX': 'TITAN RTX', 'NVIDIA GeForce RTX 2060': 'GeForce RTX 2060', 'NVIDIA GeForce GTX 1660 Ti': 'GeForce GTX 1660 Ti', 'NVIDIA GeForce GTX 1660': 'GeForce GTX 1660', 'NVIDIA GeForce GTX 1650': 'GeForce GTX 1650', 'NVIDIA GeForce RTX 2060 SUPER': 'GeForce RTX 2060 SUPER', 'NVIDIA GeForce RTX 2070 SUPER': 'GeForce RTX 2070 SUPER', 'NVIDIA GeForce RTX 2080 SUPER': 'GeForce RTX 2080 SUPER', 'NVIDIA GeForce GTX 1660 SUPER': 'GeForce GTX 1660 SUPER', 'NVIDIA GeForce GTX 1650 SUPER': 'GeForce GTX 1650 SUPER', 'NVIDIA GeForce RTX 3080 10GB': 'GeForce RTX 3080', 'NVIDIA GeForce RTX 3090': 'GeForce RTX 3090', 'NVIDIA GeForce RTX 3070': 'GeForce RTX 3070', 'NVIDIA GeForce RTX 3060 Ti': 'GeForce RTX 3060 Ti', 'NVIDIA GeForce RTX 3060 12GB': 'GeForce RTX 3060 12 GB', 'NVIDIA GeForce RTX 3080 Ti': 'GeForce RTX 3080 Ti', 'NVIDIA GeForce RTX 3070 Ti': 'GeForce RTX 3070 Ti', 'NVIDIA GeForce RTX 3080 12GB': 'GeForce RTX 3080 12 GB', 'NVIDIA GeForce RTX 3050 8GB': 'GeForce RTX 3050 8 GB', 'NVIDIA GeForce RTX 3090 Ti': 'GeForce RTX 3090 Ti', 'NVIDIA GeForce GTX 1630': 'GeForce GTX 1630', 'NVIDIA GeForce RTX 3060 8GB': 'GeForce RTX 3060 8 GB', 'NVIDIA GeForce RTX 4090': 'GeForce RTX 4090', 'NVIDIA GeForce RTX 4080': 'GeForce RTX 4080', 'NVIDIA GeForce RTX 4070 Ti': 'GeForce RTX 4070 Ti', 'NVIDIA GeForce RTX 4070': 'GeForce RTX 4070', 'NVIDIA GeForce RTX 4060 Ti 8GB': 'GeForce RTX 4060 Ti 8 GB', 'NVIDIA GeForce RTX 4060': 'GeForce RTX 4060', 'NVIDIA GeForce RTX 4060 Ti 16GB': 'GeForce RTX 4060 Ti 16 GB', 'NVIDIA GeForce RTX 4090 D': 'GeForce RTX 4090 D', 'NVIDIA GeForce RTX 4070 SUPER': 'GeForce RTX 4070 SUPER', 'NVIDIA GeForce RTX 4070 Ti SUPER': 'GeForce RTX 4070 Ti SUPER', 'NVIDIA GeForce RTX 4080 SUPER': 'GeForce RTX 4080 SUPER', 'NVIDIA GeForce RTX 3050 6GB': 'GeForce RTX 3050 6 GB', 'NVIDIA GeForce RTX 4070 GDDR6': 'GeForce RTX 4070 GDDR6'}
2026-08-09 09:41:27.222 | INFO     | eval.evaluation.metric_utils:primary_key_preprocess:246 - primary_key_preprocess result: ```json
{
  "NV1（STG2000）": "NV1",
  "NV3": "NV3",
  "NV3T": "NV3",
  "NV4": "NV4",
  "NV5": "NV5",
  "NV10": "NV10",
  "NV15": "NV15",
  "NV11": "NV11",
  "NV20": "NV20",
  "NV25": "NV25",
  "NV30": "NV30",
  "NV35": "NV35",
  "NV38": "NV38",
  "NV40": "NV40",
  "NV43": "NV43",
  "G70": "G70",
  "G71": "G71",
  "G80": "G80",
  "G92": "G92",
  "G92×2": "G92",
  "GT200": "GT200",
  "GT200B": "GT200B",
  "GT200B×2": "GT200B",
  "GF100": "GF100",
  "GF110": "GF110",
  "GF110×2": "GF110",
  "GK104": "GK104",
  "GK104×2": "GK104",
  "GK110": "GK110",
  "GK110B": "GK110B",
  "GK110B×2": "GK110B",
  "GM204": "GM204",
  "GM200": "GM200",
  "GP104-400-A1": "GP104",
  "GP104-200-A1": "GP104",
  "GP106-400-A1": "GP106",
  "GP106-300-A1": "GP106",
  "GP107-400-A1": "GP107",
  "GP107-300-A1": "GP107",
  "GP102-400-A1": "GP102",
  "GP102-350-K1-A1": "GP102",
  "GP104-300-A1": "GP104",
  "GP108-300-A1": "GP108",
  "GP108-310-A1": "GP108",
  "GP102-450-A1": "GP102",
  "GV100-400-A1": "GV100",
  "TU102-300A-K1-A1": "TU102",
  "TU104-400A-A1": "TU104",
  "TU106-400A-A1": "TU106",
  "TU102-400-A1": "TU102",
  "TU106-200A-KA-A1": "TU106",
  "TU116-400-A1": "TU116",
  "TU116-300-A1": "TU116",
  "TU117-300-A1": "TU117",
  "TU106-410-A1": "TU106",
  "TU104-410-A1": "TU104",
  "TU104-450-A1": "TU104",
  "TU116-250-KA-A1": "TU116",
  "GA102-200-KD-A1": "GA102",
  "GA102-300-A1": "GA102",
  "GA104-300-A1": "GA104",
  "GA104-200-A1": "GA104",
  "GA106-300-A1": "GA106",
  "GA102-225-A1": "GA102",
  "GA104-400-A1": "GA104",
  "GA102-220-A1": "GA102",
  "GA106-150-A1": "GA106",
  "GA102-350-A1": "GA102",
  "TU117-150-A1": "TU117",
  "GA106-302-A1": "GA106",
  "AD102-300-A1": "AD102",
  "AD103-300-A1": "AD103",
  "AD104-400-A1": "AD104",
  "AD104-250-A1": "AD104",
  "AD106-350-A1": "AD106",
  "AD107-400-A1": "AD107",
  "AD106-351-A1": "AD106",
  "AD102-250-A1": "AD102",
  "AD104-350-A1": "AD104",
  "AD103-275-A1": "AD103",
  "AD103-400-A1": "AD103",
  "GA107-325-A1": "GA107",
  "AD104-251-A1": "AD104"
}
```
2026-08-09 09:41:27.222 | INFO     | eval.evaluation.evaluation:evaluate_single_query:223 - col: 芯片名称, primary_key_map {'NV1（STG2000）': 'NV1', 'NV3': 'NV3', 'NV3T': 'NV3', 'NV4': 'NV4', 'NV5': 'NV5', 'NV10': 'NV10', 'NV15': 'NV15', 'NV11': 'NV11', 'NV20': 'NV20', 'NV25': 'NV25', 'NV30': 'NV30', 'NV35': 'NV35', 'NV38': 'NV38', 'NV40': 'NV40', 'NV43': 'NV43', 'G70': 'G70', 'G71': 'G71', 'G80': 'G80', 'G92': 'G92', 'G92×2': 'G92', 'GT200': 'GT200', 'GT200B': 'GT200B', 'GT200B×2': 'GT200B', 'GF100': 'GF100', 'GF110': 'GF110', 'GF110×2': 'GF110', 'GK104': 'GK104', 'GK104×2': 'GK104', 'GK110': 'GK110', 'GK110B': 'GK110B', 'GK110B×2': 'GK110B', 'GM204': 'GM204', 'GM200': 'GM200', 'GP104-400-A1': 'GP104', 'GP104-200-A1': 'GP104', 'GP106-400-A1': 'GP106', 'GP106-300-A1': 'GP106', 'GP107-400-A1': 'GP107', 'GP107-300-A1': 'GP107', 'GP102-400-A1': 'GP102', 'GP102-350-K1-A1': 'GP102', 'GP104-300-A1': 'GP104', 'GP108-300-A1': 'GP108', 'GP108-310-A1': 'GP108', 'GP102-450-A1': 'GP102', 'GV100-400-A1': 'GV100', 'TU102-300A-K1-A1': 'TU102', 'TU104-400A-A1': 'TU104', 'TU106-400A-A1': 'TU106', 'TU102-400-A1': 'TU102', 'TU106-200A-KA-A1': 'TU106', 'TU116-400-A1': 'TU116', 'TU116-300-A1': 'TU116', 'TU117-300-A1': 'TU117', 'TU106-410-A1': 'TU106', 'TU104-410-A1': 'TU104', 'TU104-450-A1': 'TU104', 'TU116-250-KA-A1': 'TU116', 'GA102-200-KD-A1': 'GA102', 'GA102-300-A1': 'GA102', 'GA104-300-A1': 'GA104', 'GA104-200-A1': 'GA104', 'GA106-300-A1': 'GA106', 'GA102-225-A1': 'GA102', 'GA104-400-A1': 'GA104', 'GA102-220-A1': 'GA102', 'GA106-150-A1': 'GA106', 'GA102-350-A1': 'GA102', 'TU117-150-A1': 'TU117', 'GA106-302-A1': 'GA106', 'AD102-300-A1': 'AD102', 'AD103-300-A1': 'AD103', 'AD104-400-A1': 'AD104', 'AD104-250-A1': 'AD104', 'AD106-350-A1': 'AD106', 'AD107-400-A1': 'AD107', 'AD106-351-A1': 'AD106', 'AD102-250-A1': 'AD102', 'AD104-350-A1': 'AD104', 'AD103-275-A1': 'AD103', 'AD103-400-A1': 'AD103', 'GA107-325-A1': 'GA107', 'AD104-251-A1': 'AD104'}
2026-08-09 09:41:33.868 | INFO     | eval.evaluation.metric_utils:primary_key_preprocess:246 - primary_key_preprocess result: ```json
{
  "1 MB": "1 MB",
  "4 MB": "4 MB",
  "8 MB": "8 MB",
  "16 MB": "16 MB",
  "32 MB": "32 MB",
  "64 MB": "64 MB",
  "128 MB": "128 MB",
  "256 MB": "256 MB",
  "512 MB": "512 MB",
  "768 MB": "768 MB",
  "640 MB": "640 MB",
  "1 GB（2×512 MB）": "1024 MB",
  "1 GB": "1024 MB",
  "1792 MB（2×896 MB）": "1792 MB",
  "1536 MB": "1536 MB",
  "1280 MB": "1280 MB",
  "3 GB（2×1536 MB）": "3 GB",
  "2 GB": "2 GB",
  "4 GB（2×2 GB）": "4 GB",
  "3 GB": "3 GB",
  "6 GB": "6 GB",
  "12 GB（2×6 GB）": "12 GB",
  "4 GB": "4 GB",
  "12 GB": "12 GB",
  "8 GB": "8 GB",
  "11 GB": "11 GB",
  "24 GB": "24 GB",
  "10 GB": "10 GB",
  "16 GB": "16 GB"
}
```
2026-08-09 09:41:33.868 | INFO     | eval.evaluation.evaluation:evaluate_single_query:223 - col: 显存容量, primary_key_map {'1 MB': '1 MB', '4 MB': '4 MB', '8 MB': '8 MB', '16 MB': '16 MB', '32 MB': '32 MB', '64 MB': '64 MB', '128 MB': '128 MB', '256 MB': '256 MB', '512 MB': '512 MB', '768 MB': '768 MB', '640 MB': '640 MB', '1 GB（2×512 MB）': '1024 MB', '1 GB': '1024 MB', '1792 MB（2×896 MB）': '1792 MB', '1536 MB': '1536 MB', '1280 MB': '1280 MB', '3 GB（2×1536 MB）': '3 GB', '2 GB': '2 GB', '4 GB（2×2 GB）': '4 GB', '3 GB': '3 GB', '6 GB': '6 GB', '12 GB（2×6 GB）': '12 GB', '4 GB': '4 GB', '12 GB': '12 GB', '8 GB': '8 GB', '11 GB': '11 GB', '24 GB': '24 GB', '10 GB': '10 GB', '16 GB': '16 GB'}
2026-08-09 09:41:41.150 | INFO     | eval.evaluation.metric_utils:primary_key_preprocess:246 - primary_key_preprocess result: ```json
{
  "64位": " 64 bit",
  "128位": " 128 bit",
  "256位": " 256 bit",
  "384位": " 384 bit",
  "320位": " 320 bit",
  "512位（2×256位）": " 512 bit",
  "512位": " 512 bit",
  "352位": " 352 bit",
  "192位": " 192 bit",
  "3072位": " 3072 bit",
  "96位": " 96 bit"
}
```
2026-08-09 09:41:41.150 | INFO     | eval.evaluation.evaluation:evaluate_single_query:223 - col: 显存位宽, primary_key_map {'64位': ' 64 bit', '128位': ' 128 bit', '256位': ' 256 bit', '384位': ' 384 bit', '320位': ' 320 bit', '512位（2×256位）': ' 512 bit', '512位': ' 512 bit', '352位': ' 352 bit', '192位': ' 192 bit', '3072位': ' 3072 bit', '96位': ' 96 bit'}
2026-08-09 09:41:41.166 | INFO     | eval.evaluation.evaluation:evaluate_single_query:275 - wide2deep_ws_zh_007, df_inner shape: (90, 20), answer_df shape: (513, 10), response_df shape: (99, 14)
2026-08-09 09:41:51.882 | DEBUG    | eval.evaluation.evaluation:evaluate_single_query:321 - wide2deep_ws_zh_007, col 产品系列, metric_func_name llm_judge, score [1, 1, 1, 1, 1, 0, 1, 1, 1, 1, 1, 1, 1, 1, 1, 1, 1, 0, 0, 0, 0, 0, 1, 1, 1, 1, 1, 1, 1, 1, 1, 1, 1, 0, 0, 1, 1, 1, 0, 1, 1, 1, 1, 1, 1, 1, 1, 1, 1, 0, 0, 0, 1, 1, 1, 1, 1, 1, 1, 1, 1, 1, 1, 1, 1, 0, 1, 1, 1, 1, 1, 1, 1, 1, 1, 1, 1, 1, 1, 1, 1, 1, 1, 1, 1, 1, 1, 1, 1, 1]
2026-08-09 09:41:59.955 | DEBUG    | eval.evaluation.evaluation:evaluate_single_query:321 - wide2deep_ws_zh_007, col 发布日期, metric_func_name llm_judge, score [0, 1, 0, 1, 0, 1, 1, 1, 1, 1, 1, 0, 1, 1, 0, 0, 1, 1, 1, 1, 1, 1, 1, 1, 0, 1, 0, 1, 1, 1, 1, 1, 1, 1, 1, 0, 0, 0, 1, 1, 1, 1, 1, 1, 1, 1, 1, 1, 1, 1, 1, 1, 1, 1, 1, 1, 1, 1, 0, 1, 1, 1, 1, 1, 1, 1, 1, 0, 0, 0, 0, 0, 0, 0, 1, 0, 0, 0, 0, 0, 0, 1, 0, 0, 0, 0, 0, 0, 1, 0]
2026-08-09 09:42:14.283 | DEBUG    | eval.evaluation.evaluation:evaluate_single_query:321 - wide2deep_ws_zh_007, col 总线接口, metric_func_name llm_judge, score [0, 0, 0, 1, 1, 1, 1, 1, 1, 1, 1, 1, 1, 1, 1, 1, 1, 1, 0, 1, 1, 1, 1, 1, 1, 1, 1, 1, 1, 1, 1, 1, 1, 1, 1, 1, 1, 1, 1, 1, 1, 1, 1, 1, 1, 1, 1, 1, 1, 1, 1, 1, 0, 1, 1, 1, 1, 1, 1, 1, 1, 1, 1, 1, 1, 1, 1, 1, 1, 1, 1, 1, 1, 1, 1, 1, 1, 1, 1, 1, 1, 1, 1, 1, 1, 1, 1, 1, 1, 1]
2026-08-09 09:42:21.284 | DEBUG    | eval.evaluation.evaluation:evaluate_single_query:321 - wide2deep_ws_zh_007, col 显存类型, metric_func_name llm_judge, score [0, 0, 1, 1, 1, 0, 1, 1, 1, 1, 1, 1, 1, 1, 0, 1, 1, 1, 1, 1, 1, 1, 1, 1, 1, 1, 1, 1, 1, 1, 1, 1, 1, 1, 1, 1, 1, 1, 1, 1, 1, 1, 1, 1, 1, 1, 1, 1, 1, 1, 1, 1, 1, 1, 1, 1, 1, 1, 1, 1, 1, 1, 1, 1, 1, 1, 1, 1, 1, 1, 1, 1, 1, 1, 1, 1, 1, 1, 1, 1, 1, 1, 1, 1, 1, 1, 1, 1, 1, 1]
2026-08-09 09:42:28.921 | DEBUG    | eval.evaluation.evaluation:evaluate_single_query:321 - wide2deep_ws_zh_007, col 核心频率(基础频率), metric_func_name llm_judge, score [1, 1, 1, 1, 1, 1, 1, 1, 1, 1, 1, 1, 1, 1, 1, 1, 1, 0, 1, 1, 0, 1, 0, 1, 1, 1, 1, 0, 0, 1, 1, 1, 1, 0, 1, 1, 0, 1, 1, 0, 0, 1, 0, 1, 1, 1, 1, 1, 0, 1, 1, 1, 1, 1, 1, 1, 1, 1, 1, 1, 1, 1, 1, 1, 1, 1, 1, 1, 1, 1, 1, 1, 1, 1, 1, 1, 1, 1, 1, 1, 1, 1, 1, 1, 1, 1, 1, 1, 1, 1]
2026-08-09 09:42:40.672 | DEBUG    | eval.evaluation.evaluation:evaluate_single_query:321 - wide2deep_ws_zh_007, col 显存频率, metric_func_name llm_judge, score [1, 1, 1, 1, 1, 1, 1, 1, 1, 1, 1, 1, 1, 1, 1, 1, 1, 1, 1, 1, 0, 1, 1, 1, 1, 1, 1, 1, 1, 1, 1, 1, 1, 1, 1, 1, 1, 1, 1, 1, 1, 1, 1, 1, 1, 1, 1, 1, 1, 1, 1, 1, 1, 1, 1, 1, 1, 1, 1, 1, 1, 1, 1, 1, 1, 1, 1, 1, 1, 1, 1, 1, 1, 1, 1, 1, 1, 1, 1, 1, 1, 1, 1, 1, 1, 1, 1, 1, 1, 1]
2026-08-09 09:42:40.697 | INFO     | eval.evaluation.evaluation:evaluate_single_query:380 - wide2deep_ws_zh_007, P/R/F1 by unique_columns: 0.9091/0.1754/0.2941
2026-08-09 09:42:40.697 | INFO     | eval.evaluation.evaluation:evaluate_single_query:383 - wide2deep_ws_zh_007, P/R/F1 by row: 0.3636/0.0702/0.1176
2026-08-09 09:42:40.697 | INFO     | eval.evaluation.evaluation:evaluate_single_query:386 - wide2deep_ws_zh_007, P/R/F1 by item: 0.8424/0.1626/0.2725
2026-08-09 09:42:40.707 | INFO     | eval.evaluation.evaluation:evaluate_single_query:398 - wide2deep_ws_zh_007, final table score: 0.0
{"event": "eval_done", "idx": 1, "instance_id": "wide2deep_ws_zh_007", "score": 0.0, "entity_acc": 1.0, "f1_by_row": 0.11764705882352941, "f1_by_item": 0.27254901960784317, "column_f1": 0.2941176470588235, "error": null, "elapsed_seconds": 103.646, "running_n": 1}
2026-08-09 09:42:44.848 | DEBUG    | eval.evaluation.data_loader:extract_dataframe:167 - find markdown_str 
| 医疗机构名称 | 机构地址 | 医疗机构等级 | 联系电话 | 准入技术 |
| --- | --- | --- | -- ...
2026-08-09 09:42:51.050 | INFO     | eval.evaluation.metric_utils:primary_key_preprocess:246 - primary_key_preprocess result: ```json
{
  "北京大学第三医院": "北京大学第三医院",
  "中国医学科学院北京协和医院": "中国医学科学院北京协和医院",
  "国家卫生健康委科学技术研究所门诊部": "国家卫生健康委科学技术研究所门诊部",
  "北京家恩德运医院": "北京家恩德运医院",
  "首都医科大学附属北京妇产医院": "首都医科大学附属北京妇产医院",
  "北京大学第一医院": "北京大学第一医院",
  "首都医科大学附属北京朝阳医院": "首都医科大学附属北京朝阳医院",
  "北京市海淀区妇幼保健院": "北京市海淀区妇幼保健院",
  "北京大学人民医院": "北京大学人民医院",
  "中国人民解放军总医院第七医学中心": "解放军总医院第七医学中心",
  "中国人民解放军总医院第六医学中心": "解放军总医院第六医学中心",
  "中国人民解放军总医院第一医学中心": "解放军总医院第一医学中心",
  "北京家圆医院": "北京家圆医院",
  "北京美中宜和北三环妇儿医院": "北京美中宜和北三环妇儿医院"
}
```
2026-08-09 09:42:51.050 | INFO     | eval.evaluation.evaluation:evaluate_single_query:223 - col: 医疗机构名称, primary_key_map {'北京大学第三医院': '北京大学第三医院', '中国医学科学院北京协和医院': '中国医学科学院北京协和医院', '国家卫生健康委科学技术研究所门诊部': '国家卫生健康委科学技术研究所门诊部', '北京家恩德运医院': '北京家恩德运医院', '首都医科大学附属北京妇产医院': '首都医科大学附属北京妇产医院', '北京大学第一医院': '北京大学第一医院', '首都医科大学附属北京朝阳医院': '首都医科大学附属北京朝阳医院', '北京市海淀区妇幼保健院': '北京市海淀区妇幼保健院', '北京大学人民医院': '北京大学人民医院', '中国人民解放军总医院第七医学中心': '解放军总医院第七医学中心', '中国人民解放军总医院第六医学中心': '解放军总医院第六医学中心', '中国人民解放军总医院第一医学中心': '解放军总医院第一医学中心', '北京家圆医院': '北京家圆医院', '北京美中宜和北三环妇儿医院': '北京美中宜和北三环妇儿医院'}
2026-08-09 09:42:53.138 | INFO     | eval.evaluation.metric_utils:primary_key_preprocess:246 - primary_key_preprocess result: ```json
{
  "夫精人工授精技术": "夫精人工授精技术",
  "供精人工授精技术": "供精人工授精技术",
  "常规体外受精-胚胎移植技术": "常规体外受精-胚胎移植技术",
  "卵胞浆内单精子显微注射技术": "卵胞浆内单精子显微注射技术",
  "植入前胚胎遗传学诊断技术": "植入前胚胎遗传学诊断技术"
}
```
2026-08-09 09:42:53.138 | INFO     | eval.evaluation.evaluation:evaluate_single_query:223 - col: 准入技术, primary_key_map {'夫精人工授精技术': '夫精人工授精技术', '供精人工授精技术': '供精人工授精技术', '常规体外受精-胚胎移植技术': '常规体外受精-胚胎移植技术', '卵胞浆内单精子显微注射技术': '卵胞浆内单精子显微注射技术', '植入前胚胎遗传学诊断技术': '植入前胚胎遗传学诊断技术'}
2026-08-09 09:42:53.147 | INFO     | eval.evaluation.evaluation:evaluate_single_query:275 - wide2deep_ws_zh_018, df_inner shape: (47, 10), answer_df shape: (58, 5), response_df shape: (53, 7)
2026-08-09 09:42:59.751 | DEBUG    | eval.evaluation.evaluation:evaluate_single_query:321 - wide2deep_ws_zh_018, col 机构地址, metric_func_name llm_judge, score [1, 1, 1, 1, 1, 0, 0, 0, 1, 1, 0, 0, 0, 0, 0, 0, 1, 1, 1, 1, 0, 0, 0, 1, 1, 1, 1, 1, 1, 1, 1, 1, 1, 1, 1, 1, 1, 1, 1, 1, 1, 1, 1, 1, 1, 1, 1]
2026-08-09 09:43:03.932 | DEBUG    | eval.evaluation.evaluation:evaluate_single_query:321 - wide2deep_ws_zh_018, col 医疗机构等级, metric_func_name llm_judge, score [1, 1, 1, 1, 1, 1, 1, 1, 0, 0, 1, 1, 1, 1, 1, 1, 1, 1, 1, 1, 1, 1, 1, 1, 1, 1, 1, 1, 1, 1, 1, 1, 1, 1, 1, 1, 1, 1, 1, 1, 1, 1, 1, 1, 1, 1, 1]
2026-08-09 09:43:08.693 | DEBUG    | eval.evaluation.evaluation:evaluate_single_query:321 - wide2deep_ws_zh_018, col 联系电话, metric_func_name llm_judge, score [1, 1, 1, 1, 1, 0, 0, 0, 0, 0, 0, 0, 0, 1, 1, 1, 0, 0, 0, 0, 1, 1, 1, 1, 1, 1, 1, 1, 1, 1, 1, 1, 1, 1, 0, 0, 0, 0, 1, 1, 1, 1, 1, 1, 1, 1, 1]
2026-08-09 09:43:08.700 | INFO     | eval.evaluation.evaluation:evaluate_single_query:380 - wide2deep_ws_zh_018, P/R/F1 by unique_columns: 0.8868/0.8103/0.8468
2026-08-09 09:43:08.700 | INFO     | eval.evaluation.evaluation:evaluate_single_query:383 - wide2deep_ws_zh_018, P/R/F1 by row: 0.4717/0.4310/0.4505
2026-08-09 09:43:08.700 | INFO     | eval.evaluation.evaluation:evaluate_single_query:386 - wide2deep_ws_zh_018, P/R/F1 by item: 0.7736/0.7069/0.7387
2026-08-09 09:43:08.703 | INFO     | eval.evaluation.evaluation:evaluate_single_query:398 - wide2deep_ws_zh_018, final table score: 0.0
{"event": "eval_done", "idx": 2, "instance_id": "wide2deep_ws_zh_018", "score": 0.0, "entity_acc": 1.0, "f1_by_row": 0.45045045045045046, "f1_by_item": 0.7387387387387387, "column_f1": 0.8468468468468469, "error": null, "elapsed_seconds": 27.981, "running_n": 2}
2026-08-09 09:43:10.268 | DEBUG    | eval.evaluation.data_loader:extract_dataframe:167 - find markdown_str 
| 获奖年份 | 姓名 | 出版作品名称 | 首次出版年份 |
| --- | --- | --- | --- |
| 190 ...
2026-08-09 09:43:19.849 | INFO     | eval.evaluation.metric_utils:primary_key_preprocess:246 - primary_key_preprocess result: ```json
{
  "Gösta Berlings saga": "Gösta Berlings saga",
  "Osynliga länkar": "Osynliga länkar",
  "Antikrists mirakler": "Antikrists mirakler",
  "Stella d'Oriente": "Stella d'Oriente",
  "Fior di Sardegna": "Fior di Sardegna",
  "Fru Marta Oulie": "Marta Oulie",
  "Den lykkelige alder": "The Happy Age",
  "Fortællingen om Viga-Ljot og Vigdis": "Gunnar's Daughter",
  "Sonetos de la muerte": "Sonetos de la muerte",
  "Desolación": "Desolación",
  "Lecturas para mujeres": "Lecturas para Mujeres",
  "Legenden und Erzählungen": "Legenden und Erzählungen",
  "In den Wohnungen des Todes": "In den Wohnungen des Todes",
  "Sternverdunkelung": "Sternverdunkelung",
  "Face to Face": "Face to Face",
  "The Lying Days": "The Lying Days",
  "The Bluest Eye": "The Bluest Eye",
  "Sula": "Sula",
  "Dlatego żyjemy": "Dlatego żyjemy",
  "Pytania zadawane sobie": "Pytania zadawane sobie",
  "Wołanie do Yeti": "Wolanie do Yeti",
  "Lisas Schatten": "Lisas Schatten",
  "wir sind lockvögel baby!": "wir sind lockvögel baby!",
  "Michael. Ein Jugendbuch für die Infantilgesellschaft": "Michael. Ein Jugendbuch für die Infantilgesellschaft",
  "The Grass Is Singing": "The Grass Is Singing",
  "This Was the Old Chief's Country": "This Was the Old Chief's Country",
  "Martha Quest": "Martha Quest",
  "Niederungen": "Niederungen",
  "Drückender Tango": "Drückender Tango",
  "Der Mensch ist ein großer Fasan auf der Welt": "Der Mensch ist ein großer Fasan auf der Welt",
  "Dance of the Happy Shades": "Dance of the Happy Shades",
  "Lives of Girls and Women": "Lives of Girls and Women",
  "Something I've Been Meaning to Tell You": "Something I've Been Meaning to Tell You",
  "У войны не женское лицо": "У войны не женское лицо",
  "Последние свидетели": "Последние свидетели: сто недетских колыбельных",
  "Цинковые мальчики": "Zinky Boys Цинковые мальчики",
  "Miasta w lustrach": "Miasto w lustrach",
  "Podróż ludzi Księgi": "Podróż ludzi Księgi",
  "E.E.": "E.E.",
  "Firstborn": "Firstborn",
  "The House on Marshland": "The House on Marshland",
  "Les Armoires vides": "Les Armoires vides",
  "Ce qu'ils disent ou rien": "Ce qu'ils disent ou rien",
  "La Femme gelée": "La Femme gelée",
  "여수의 사랑": "여수의 사랑",
  "검은 사슴": "검은 사슴",
  "내 여자의 열매": "내 여자의 열매"
}
```
2026-08-09 09:43:19.849 | INFO     | eval.evaluation.evaluation:evaluate_single_query:223 - col: 出版作品名称, primary_key_map {'Gösta Berlings saga': 'Gösta Berlings saga', 'Osynliga länkar': 'Osynliga länkar', 'Antikrists mirakler': 'Antikrists mirakler', "Stella d'Oriente": "Stella d'Oriente", 'Fior di Sardegna': 'Fior di Sardegna', 'Fru Marta Oulie': 'Marta Oulie', 'Den lykkelige alder': 'The Happy Age', 'Fortællingen om Viga-Ljot og Vigdis': "Gunnar's Daughter", 'Sonetos de la muerte': 'Sonetos de la muerte', 'Desolación': 'Desolación', 'Lecturas para mujeres': 'Lecturas para Mujeres', 'Legenden und Erzählungen': 'Legenden und Erzählungen', 'In den Wohnungen des Todes': 'In den Wohnungen des Todes', 'Sternverdunkelung': 'Sternverdunkelung', 'Face to Face': 'Face to Face', 'The Lying Days': 'The Lying Days', 'The Bluest Eye': 'The Bluest Eye', 'Sula': 'Sula', 'Dlatego żyjemy': 'Dlatego żyjemy', 'Pytania zadawane sobie': 'Pytania zadawane sobie', 'Wołanie do Yeti': 'Wolanie do Yeti', 'Lisas Schatten': 'Lisas Schatten', 'wir sind lockvögel baby!': 'wir sind lockvögel baby!', 'Michael. Ein Jugendbuch für die Infantilgesellschaft': 'Michael. Ein Jugendbuch für die Infantilgesellschaft', 'The Grass Is Singing': 'The Grass Is Singing', "This Was the Old Chief's Country": "This Was the Old Chief's Country", 'Martha Quest': 'Martha Quest', 'Niederungen': 'Niederungen', 'Drückender Tango': 'Drückender Tango', 'Der Mensch ist ein großer Fasan auf der Welt': 'Der Mensch ist ein großer Fasan auf der Welt', 'Dance of the Happy Shades': 'Dance of the Happy Shades', 'Lives of Girls and Women': 'Lives of Girls and Women', "Something I've Been Meaning to Tell You": "Something I've Been Meaning to Tell You", 'У войны не женское лицо': 'У войны не женское лицо', 'Последние свидетели': 'Последние свидетели: сто недетских колыбельных', 'Цинковые мальчики': 'Zinky Boys Цинковые мальчики', 'Miasta w lustrach': 'Miasto w lustrach', 'Podróż ludzi Księgi': 'Podróż ludzi Księgi', 'E.E.': 'E.E.', 'Firstborn': 'Firstborn', 'The House on Marshland': 'The House on Marshland', 'Les Armoires vides': 'Les Armoires vides', "Ce qu'ils disent ou rien": "Ce qu'ils disent ou rien", 'La Femme gelée': 'La Femme gelée', '여수의 사랑': '여수의 사랑', '검은 사슴': '검은 사슴', '내 여자의 열매': '내 여자의 열매'}
2026-08-09 09:43:19.865 | INFO     | eval.evaluation.evaluation:evaluate_single_query:275 - wide2deep_ws_zh_023, df_inner shape: (47, 8), answer_df shape: (54, 4), response_df shape: (54, 5)
2026-08-09 09:43:19.867 | DEBUG    | eval.evaluation.evaluation:metric_call:77 - metric_func_name exact_match score 1.0 msg exact match, response: 1909, target: 1909
2026-08-09 09:43:19.867 | DEBUG    | eval.evaluation.evaluation:metric_call:77 - metric_func_name exact_match score 1.0 msg exact match, response: 1909, target: 1909
2026-08-09 09:43:19.867 | DEBUG    | eval.evaluation.evaluation:metric_call:77 - metric_func_name exact_match score 1.0 msg exact match, response: 1909, target: 1909
2026-08-09 09:43:19.867 | DEBUG    | eval.evaluation.evaluation:metric_call:77 - metric_func_name exact_match score 1.0 msg exact match, response: 1926, target: 1926
2026-08-09 09:43:19.867 | DEBUG    | eval.evaluation.evaluation:metric_call:77 - metric_func_name exact_match score 1.0 msg exact match, response: 1926, target: 1926
2026-08-09 09:43:19.867 | DEBUG    | eval.evaluation.evaluation:metric_call:77 - metric_func_name exact_match score 1.0 msg exact match, response: 1928, target: 1928
2026-08-09 09:43:19.867 | DEBUG    | eval.evaluation.evaluation:metric_call:77 - metric_func_name exact_match score 1.0 msg exact match, response: 1928, target: 1928
2026-08-09 09:43:19.867 | DEBUG    | eval.evaluation.evaluation:metric_call:77 - metric_func_name exact_match score 1.0 msg exact match, response: 1928, target: 1928
2026-08-09 09:43:19.867 | DEBUG    | eval.evaluation.evaluation:metric_call:77 - metric_func_name exact_match score 1.0 msg exact match, response: 1945, target: 1945
2026-08-09 09:43:19.867 | DEBUG    | eval.evaluation.evaluation:metric_call:77 - metric_func_name exact_match score 1.0 msg exact match, response: 1945, target: 1945
2026-08-09 09:43:19.867 | DEBUG    | eval.evaluation.evaluation:metric_call:77 - metric_func_name exact_match score 1.0 msg exact match, response: 1945, target: 1945
2026-08-09 09:43:19.867 | DEBUG    | eval.evaluation.evaluation:metric_call:77 - metric_func_name exact_match score 1.0 msg exact match, response: 1966, target: 1966
2026-08-09 09:43:19.867 | DEBUG    | eval.evaluation.evaluation:metric_call:77 - metric_func_name exact_match score 1.0 msg exact match, response: 1966, target: 1966
2026-08-09 09:43:19.868 | DEBUG    | eval.evaluation.evaluation:metric_call:77 - metric_func_name exact_match score 1.0 msg exact match, response: 1966, target: 1966
2026-08-09 09:43:19.868 | DEBUG    | eval.evaluation.evaluation:metric_call:77 - metric_func_name exact_match score 1.0 msg exact match, response: 1991, target: 1991
2026-08-09 09:43:19.868 | DEBUG    | eval.evaluation.evaluation:metric_call:77 - metric_func_name exact_match score 1.0 msg exact match, response: 1991, target: 1991
2026-08-09 09:43:19.868 | DEBUG    | eval.evaluation.evaluation:metric_call:77 - metric_func_name exact_match score 1.0 msg exact match, response: 1993, target: 1993
2026-08-09 09:43:19.868 | DEBUG    | eval.evaluation.evaluation:metric_call:77 - metric_func_name exact_match score 1.0 msg exact match, response: 1993, target: 1993
2026-08-09 09:43:19.868 | DEBUG    | eval.evaluation.evaluation:metric_call:77 - metric_func_name exact_match score 1.0 msg exact match, response: 1996, target: 1996
2026-08-09 09:43:19.868 | DEBUG    | eval.evaluation.evaluation:metric_call:77 - metric_func_name exact_match score 1.0 msg exact match, response: 1996, target: 1996
2026-08-09 09:43:19.868 | DEBUG    | eval.evaluation.evaluation:metric_call:77 - metric_func_name exact_match score 1.0 msg exact match, response: 1996, target: 1996
2026-08-09 09:43:19.868 | DEBUG    | eval.evaluation.evaluation:metric_call:77 - metric_func_name exact_match score 1.0 msg exact match, response: 2004, target: 2004
2026-08-09 09:43:19.868 | DEBUG    | eval.evaluation.evaluation:metric_call:77 - metric_func_name exact_match score 1.0 msg exact match, response: 2004, target: 2004
2026-08-09 09:43:19.868 | DEBUG    | eval.evaluation.evaluation:metric_call:77 - metric_func_name exact_match score 1.0 msg exact match, response: 2004, target: 2004
2026-08-09 09:43:19.868 | DEBUG    | eval.evaluation.evaluation:metric_call:77 - metric_func_name exact_match score 1.0 msg exact match, response: 2007, target: 2007
2026-08-09 09:43:19.868 | DEBUG    | eval.evaluation.evaluation:metric_call:77 - metric_func_name exact_match score 1.0 msg exact match, response: 2007, target: 2007
2026-08-09 09:43:19.868 | DEBUG    | eval.evaluation.evaluation:metric_call:77 - metric_func_name exact_match score 1.0 msg exact match, response: 2007, target: 2007
2026-08-09 09:43:19.868 | DEBUG    | eval.evaluation.evaluation:metric_call:77 - metric_func_name exact_match score 1.0 msg exact match, response: 2009, target: 2009
2026-08-09 09:43:19.868 | DEBUG    | eval.evaluation.evaluation:metric_call:77 - metric_func_name exact_match score 1.0 msg exact match, response: 2009, target: 2009
2026-08-09 09:43:19.868 | DEBUG    | eval.evaluation.evaluation:metric_call:77 - metric_func_name exact_match score 1.0 msg exact match, response: 2009, target: 2009
2026-08-09 09:43:19.868 | DEBUG    | eval.evaluation.evaluation:metric_call:77 - metric_func_name exact_match score 1.0 msg exact match, response: 2013, target: 2013
2026-08-09 09:43:19.869 | DEBUG    | eval.evaluation.evaluation:metric_call:77 - metric_func_name exact_match score 1.0 msg exact match, response: 2013, target: 2013
2026-08-09 09:43:19.869 | DEBUG    | eval.evaluation.evaluation:metric_call:77 - metric_func_name exact_match score 1.0 msg exact match, response: 2013, target: 2013
2026-08-09 09:43:19.869 | DEBUG    | eval.evaluation.evaluation:metric_call:77 - metric_func_name exact_match score 1.0 msg exact match, response: 2015, target: 2015
2026-08-09 09:43:19.869 | DEBUG    | eval.evaluation.evaluation:metric_call:77 - metric_func_name exact_match score 1.0 msg exact match, response: 2015, target: 2015
2026-08-09 09:43:19.869 | DEBUG    | eval.evaluation.evaluation:metric_call:77 - metric_func_name exact_match score 1.0 msg exact match, response: 2015, target: 2015
2026-08-09 09:43:19.869 | DEBUG    | eval.evaluation.evaluation:metric_call:77 - metric_func_name exact_match score 1.0 msg exact match, response: 2018, target: 2018
2026-08-09 09:43:19.869 | DEBUG    | eval.evaluation.evaluation:metric_call:77 - metric_func_name exact_match score 1.0 msg exact match, response: 2018, target: 2018
2026-08-09 09:43:19.869 | DEBUG    | eval.evaluation.evaluation:metric_call:77 - metric_func_name exact_match score 1.0 msg exact match, response: 2018, target: 2018
2026-08-09 09:43:19.869 | DEBUG    | eval.evaluation.evaluation:metric_call:77 - metric_func_name exact_match score 1.0 msg exact match, response: 2020, target: 2020
2026-08-09 09:43:19.869 | DEBUG    | eval.evaluation.evaluation:metric_call:77 - metric_func_name exact_match score 1.0 msg exact match, response: 2020, target: 2020
2026-08-09 09:43:19.869 | DEBUG    | eval.evaluation.evaluation:metric_call:77 - metric_func_name exact_match score 1.0 msg exact match, response: 2022, target: 2022
2026-08-09 09:43:19.869 | DEBUG    | eval.evaluation.evaluation:metric_call:77 - metric_func_name exact_match score 1.0 msg exact match, response: 2022, target: 2022
2026-08-09 09:43:19.869 | DEBUG    | eval.evaluation.evaluation:metric_call:77 - metric_func_name exact_match score 1.0 msg exact match, response: 2022, target: 2022
2026-08-09 09:43:19.869 | DEBUG    | eval.evaluation.evaluation:metric_call:77 - metric_func_name exact_match score 1.0 msg exact match, response: 2024, target: 2024
2026-08-09 09:43:19.869 | DEBUG    | eval.evaluation.evaluation:metric_call:77 - metric_func_name exact_match score 1.0 msg exact match, response: 2024, target: 2024
2026-08-09 09:43:19.869 | DEBUG    | eval.evaluation.evaluation:metric_call:77 - metric_func_name exact_match score 1.0 msg exact match, response: 2024, target: 2024
2026-08-09 09:43:19.870 | DEBUG    | eval.evaluation.evaluation:evaluate_single_query:321 - wide2deep_ws_zh_023, col 获奖年份, metric_func_name exact_match, score [1.0, 1.0, 1.0, 1.0, 1.0, 1.0, 1.0, 1.0, 1.0, 1.0, 1.0, 1.0, 1.0, 1.0, 1.0, 1.0, 1.0, 1.0, 1.0, 1.0, 1.0, 1.0, 1.0, 1.0, 1.0, 1.0, 1.0, 1.0, 1.0, 1.0, 1.0, 1.0, 1.0, 1.0, 1.0, 1.0, 1.0, 1.0, 1.0, 1.0, 1.0, 1.0, 1.0, 1.0, 1.0, 1.0, 1.0]
2026-08-09 09:43:19.871 | DEBUG    | eval.evaluation.evaluation:metric_call:77 - metric_func_name exact_match score 1.0 msg exact match, response: selmalagerlöf, target: selmalagerlöf
2026-08-09 09:43:19.871 | DEBUG    | eval.evaluation.evaluation:metric_call:77 - metric_func_name exact_match score 1.0 msg exact match, response: selmalagerlöf, target: selmalagerlöf
2026-08-09 09:43:19.871 | DEBUG    | eval.evaluation.evaluation:metric_call:77 - metric_func_name exact_match score 1.0 msg exact match, response: selmalagerlöf, target: selmalagerlöf
2026-08-09 09:43:19.871 | DEBUG    | eval.evaluation.evaluation:metric_call:77 - metric_func_name exact_match score 1.0 msg exact match, response: graziadeledda, target: graziadeledda
2026-08-09 09:43:19.871 | DEBUG    | eval.evaluation.evaluation:metric_call:77 - metric_func_name exact_match score 1.0 msg exact match, response: graziadeledda, target: graziadeledda
2026-08-09 09:43:19.871 | DEBUG    | eval.evaluation.evaluation:metric_call:77 - metric_func_name exact_match score 1.0 msg exact match, response: sigridundset, target: sigridundset
2026-08-09 09:43:19.871 | DEBUG    | eval.evaluation.evaluation:metric_call:77 - metric_func_name exact_match score 1.0 msg exact match, response: sigridundset, target: sigridundset
2026-08-09 09:43:19.871 | DEBUG    | eval.evaluation.evaluation:metric_call:77 - metric_func_name exact_match score 1.0 msg exact match, response: sigridundset, target: sigridundset
2026-08-09 09:43:19.871 | DEBUG    | eval.evaluation.evaluation:metric_call:77 - metric_func_name exact_match score 1.0 msg exact match, response: gabrielamistral, target: gabrielamistral
2026-08-09 09:43:19.871 | DEBUG    | eval.evaluation.evaluation:metric_call:77 - metric_func_name exact_match score 1.0 msg exact match, response: gabrielamistral, target: gabrielamistral
2026-08-09 09:43:19.871 | DEBUG    | eval.evaluation.evaluation:metric_call:77 - metric_func_name exact_match score 1.0 msg exact match, response: gabrielamistral, target: gabrielamistral
2026-08-09 09:43:19.871 | DEBUG    | eval.evaluation.evaluation:metric_call:77 - metric_func_name exact_match score 1.0 msg exact match, response: nellysachs, target: nellysachs
2026-08-09 09:43:19.871 | DEBUG    | eval.evaluation.evaluation:metric_call:77 - metric_func_name exact_match score 1.0 msg exact match, response: nellysachs, target: nellysachs
2026-08-09 09:43:19.871 | DEBUG    | eval.evaluation.evaluation:metric_call:77 - metric_func_name exact_match score 1.0 msg exact match, response: nellysachs, target: nellysachs
2026-08-09 09:43:19.872 | DEBUG    | eval.evaluation.evaluation:metric_call:77 - metric_func_name exact_match score 1.0 msg exact match, response: nadinegordimer, target: nadinegordimer
2026-08-09 09:43:19.872 | DEBUG    | eval.evaluation.evaluation:metric_call:77 - metric_func_name exact_match score 1.0 msg exact match, response: nadinegordimer, target: nadinegordimer
2026-08-09 09:43:19.872 | DEBUG    | eval.evaluation.evaluation:metric_call:77 - metric_func_name exact_match score 1.0 msg exact match, response: tonimorrison, target: tonimorrison
2026-08-09 09:43:19.872 | DEBUG    | eval.evaluation.evaluation:metric_call:77 - metric_func_name exact_match score 1.0 msg exact match, response: tonimorrison, target: tonimorrison
2026-08-09 09:43:19.872 | DEBUG    | eval.evaluation.evaluation:metric_call:77 - metric_func_name exact_match score 0.0 msg exact not match, response: wisławaszymborska, target: wislawaszymborska
2026-08-09 09:43:19.872 | DEBUG    | eval.evaluation.evaluation:metric_call:77 - metric_func_name exact_match score 0.0 msg exact not match, response: wisławaszymborska, target: wislawaszymborska
2026-08-09 09:43:19.872 | DEBUG    | eval.evaluation.evaluation:metric_call:77 - metric_func_name exact_match score 0.0 msg exact not match, response: wisławaszymborska, target: wislawaszymborska
2026-08-09 09:43:19.872 | DEBUG    | eval.evaluation.evaluation:metric_call:77 - metric_func_name exact_match score 1.0 msg exact match, response: elfriedejelinek, target: elfriedejelinek
2026-08-09 09:43:19.872 | DEBUG    | eval.evaluation.evaluation:metric_call:77 - metric_func_name exact_match score 1.0 msg exact match, response: elfriedejelinek, target: elfriedejelinek
2026-08-09 09:43:19.872 | DEBUG    | eval.evaluation.evaluation:metric_call:77 - metric_func_name exact_match score 1.0 msg exact match, response: elfriedejelinek, target: elfriedejelinek
2026-08-09 09:43:19.872 | DEBUG    | eval.evaluation.evaluation:metric_call:77 - metric_func_name exact_match score 1.0 msg exact match, response: dorislessing, target: dorislessing
2026-08-09 09:43:19.872 | DEBUG    | eval.evaluation.evaluation:metric_call:77 - metric_func_name exact_match score 1.0 msg exact match, response: dorislessing, target: dorislessing
2026-08-09 09:43:19.872 | DEBUG    | eval.evaluation.evaluation:metric_call:77 - metric_func_name exact_match score 1.0 msg exact match, response: dorislessing, target: dorislessing
2026-08-09 09:43:19.872 | DEBUG    | eval.evaluation.evaluation:metric_call:77 - metric_func_name exact_match score 1.0 msg exact match, response: hertamüller, target: hertamüller
2026-08-09 09:43:19.872 | DEBUG    | eval.evaluation.evaluation:metric_call:77 - metric_func_name exact_match score 1.0 msg exact match, response: hertamüller, target: hertamüller
2026-08-09 09:43:19.872 | DEBUG    | eval.evaluation.evaluation:metric_call:77 - metric_func_name exact_match score 1.0 msg exact match, response: hertamüller, target: hertamüller
2026-08-09 09:43:19.872 | DEBUG    | eval.evaluation.evaluation:metric_call:77 - metric_func_name exact_match score 1.0 msg exact match, response: alicemunro, target: alicemunro
2026-08-09 09:43:19.872 | DEBUG    | eval.evaluation.evaluation:metric_call:77 - metric_func_name exact_match score 1.0 msg exact match, response: alicemunro, target: alicemunro
2026-08-09 09:43:19.872 | DEBUG    | eval.evaluation.evaluation:metric_call:77 - metric_func_name exact_match score 1.0 msg exact match, response: alicemunro, target: alicemunro
2026-08-09 09:43:19.873 | DEBUG    | eval.evaluation.evaluation:metric_call:77 - metric_func_name exact_match score 0.0 msg exact not match, response: светланаалексиевич, target: svetlanaalexievich
2026-08-09 09:43:19.873 | DEBUG    | eval.evaluation.evaluation:metric_call:77 - metric_func_name exact_match score 0.0 msg exact not match, response: светланаалексиевич, target: svetlanaalexievich
2026-08-09 09:43:19.873 | DEBUG    | eval.evaluation.evaluation:metric_call:77 - metric_func_name exact_match score 0.0 msg exact not match, response: светланаалексиевич, target: svetlanaalexievich
2026-08-09 09:43:19.873 | DEBUG    | eval.evaluation.evaluation:metric_call:77 - metric_func_name exact_match score 1.0 msg exact match, response: olgatokarczuk, target: olgatokarczuk
2026-08-09 09:43:19.873 | DEBUG    | eval.evaluation.evaluation:metric_call:77 - metric_func_name exact_match score 1.0 msg exact match, response: olgatokarczuk, target: olgatokarczuk
2026-08-09 09:43:19.873 | DEBUG    | eval.evaluation.evaluation:metric_call:77 - metric_func_name exact_match score 1.0 msg exact match, response: olgatokarczuk, target: olgatokarczuk
2026-08-09 09:43:19.873 | DEBUG    | eval.evaluation.evaluation:metric_call:77 - metric_func_name exact_match score 1.0 msg exact match, response: louiseglück, target: louiseglück
2026-08-09 09:43:19.873 | DEBUG    | eval.evaluation.evaluation:metric_call:77 - metric_func_name exact_match score 1.0 msg exact match, response: louiseglück, target: louiseglück
2026-08-09 09:43:19.873 | DEBUG    | eval.evaluation.evaluation:metric_call:77 - metric_func_name exact_match score 1.0 msg exact match, response: annieernaux, target: annieernaux
2026-08-09 09:43:19.873 | DEBUG    | eval.evaluation.evaluation:metric_call:77 - metric_func_name exact_match score 1.0 msg exact match, response: annieernaux, target: annieernaux
2026-08-09 09:43:19.873 | DEBUG    | eval.evaluation.evaluation:metric_call:77 - metric_func_name exact_match score 1.0 msg exact match, response: annieernaux, target: annieernaux
2026-08-09 09:43:19.873 | DEBUG    | eval.evaluation.evaluation:metric_call:77 - metric_func_name exact_match score 1.0 msg exact match, response: 한강, target: 한강
2026-08-09 09:43:19.873 | DEBUG    | eval.evaluation.evaluation:metric_call:77 - metric_func_name exact_match score 1.0 msg exact match, response: 한강, target: 한강
2026-08-09 09:43:19.873 | DEBUG    | eval.evaluation.evaluation:metric_call:77 - metric_func_name exact_match score 1.0 msg exact match, response: 한강, target: 한강
2026-08-09 09:43:19.874 | DEBUG    | eval.evaluation.evaluation:evaluate_single_query:321 - wide2deep_ws_zh_023, col 姓名, metric_func_name exact_match, score [1.0, 1.0, 1.0, 1.0, 1.0, 1.0, 1.0, 1.0, 1.0, 1.0, 1.0, 1.0, 1.0, 1.0, 1.0, 1.0, 1.0, 1.0, 0.0, 0.0, 0.0, 1.0, 1.0, 1.0, 1.0, 1.0, 1.0, 1.0, 1.0, 1.0, 1.0, 1.0, 1.0, 0.0, 0.0, 0.0, 1.0, 1.0, 1.0, 1.0, 1.0, 1.0, 1.0, 1.0, 1.0, 1.0, 1.0]
2026-08-09 09:43:19.874 | DEBUG    | eval.evaluation.evaluation:metric_call:77 - metric_func_name exact_match score 1.0 msg exact match, response: 1891, target: 1891
2026-08-09 09:43:19.875 | DEBUG    | eval.evaluation.evaluation:metric_call:77 - metric_func_name exact_match score 1.0 msg exact match, response: 1894, target: 1894
2026-08-09 09:43:19.875 | DEBUG    | eval.evaluation.evaluation:metric_call:77 - metric_func_name exact_match score 1.0 msg exact match, response: 1897, target: 1897
2026-08-09 09:43:19.875 | DEBUG    | eval.evaluation.evaluation:metric_call:77 - metric_func_name exact_match score 1.0 msg exact match, response: 1890, target: 1890
2026-08-09 09:43:19.875 | DEBUG    | eval.evaluation.evaluation:metric_call:77 - metric_func_name exact_match score 0.0 msg exact not match, response: 1892, target: 1891
2026-08-09 09:43:19.875 | DEBUG    | eval.evaluation.evaluation:metric_call:77 - metric_func_name exact_match score 1.0 msg exact match, response: 1907, target: 1907
2026-08-09 09:43:19.875 | DEBUG    | eval.evaluation.evaluation:metric_call:77 - metric_func_name exact_match score 1.0 msg exact match, response: 1908, target: 1908
2026-08-09 09:43:19.875 | DEBUG    | eval.evaluation.evaluation:metric_call:77 - metric_func_name exact_match score 1.0 msg exact match, response: 1909, target: 1909
2026-08-09 09:43:19.875 | DEBUG    | eval.evaluation.evaluation:metric_call:77 - metric_func_name exact_match score 1.0 msg exact match, response: 1914, target: 1914
2026-08-09 09:43:19.875 | DEBUG    | eval.evaluation.evaluation:metric_call:77 - metric_func_name exact_match score 1.0 msg exact match, response: 1922, target: 1922
2026-08-09 09:43:19.875 | DEBUG    | eval.evaluation.evaluation:metric_call:77 - metric_func_name exact_match score 1.0 msg exact match, response: 1923, target: 1923
2026-08-09 09:43:19.875 | DEBUG    | eval.evaluation.evaluation:metric_call:77 - metric_func_name exact_match score 1.0 msg exact match, response: 1921, target: 1921
2026-08-09 09:43:19.875 | DEBUG    | eval.evaluation.evaluation:metric_call:77 - metric_func_name exact_match score 1.0 msg exact match, response: 1947, target: 1947
2026-08-09 09:43:19.875 | DEBUG    | eval.evaluation.evaluation:metric_call:77 - metric_func_name exact_match score 1.0 msg exact match, response: 1949, target: 1949
2026-08-09 09:43:19.875 | DEBUG    | eval.evaluation.evaluation:metric_call:77 - metric_func_name exact_match score 1.0 msg exact match, response: 1949, target: 1949
2026-08-09 09:43:19.875 | DEBUG    | eval.evaluation.evaluation:metric_call:77 - metric_func_name exact_match score 1.0 msg exact match, response: 1953, target: 1953
2026-08-09 09:43:19.875 | DEBUG    | eval.evaluation.evaluation:metric_call:77 - metric_func_name exact_match score 1.0 msg exact match, response: 1970, target: 1970
2026-08-09 09:43:19.875 | DEBUG    | eval.evaluation.evaluation:metric_call:77 - metric_func_name exact_match score 1.0 msg exact match, response: 1973, target: 1973
2026-08-09 09:43:19.875 | DEBUG    | eval.evaluation.evaluation:metric_call:77 - metric_func_name exact_match score 1.0 msg exact match, response: 1952, target: 1952
2026-08-09 09:43:19.876 | DEBUG    | eval.evaluation.evaluation:metric_call:77 - metric_func_name exact_match score 1.0 msg exact match, response: 1954, target: 1954
2026-08-09 09:43:19.876 | DEBUG    | eval.evaluation.evaluation:metric_call:77 - metric_func_name exact_match score 1.0 msg exact match, response: 1957, target: 1957
2026-08-09 09:43:19.876 | DEBUG    | eval.evaluation.evaluation:metric_call:77 - metric_func_name exact_match score 1.0 msg exact match, response: 1967, target: 1967
2026-08-09 09:43:19.876 | DEBUG    | eval.evaluation.evaluation:metric_call:77 - metric_func_name exact_match score 1.0 msg exact match, response: 1970, target: 1970
2026-08-09 09:43:19.876 | DEBUG    | eval.evaluation.evaluation:metric_call:77 - metric_func_name exact_match score 1.0 msg exact match, response: 1972, target: 1972
2026-08-09 09:43:19.876 | DEBUG    | eval.evaluation.evaluation:metric_call:77 - metric_func_name exact_match score 1.0 msg exact match, response: 1950, target: 1950
2026-08-09 09:43:19.876 | DEBUG    | eval.evaluation.evaluation:metric_call:77 - metric_func_name exact_match score 1.0 msg exact match, response: 1951, target: 1951
2026-08-09 09:43:19.876 | DEBUG    | eval.evaluation.evaluation:metric_call:77 - metric_func_name exact_match score 1.0 msg exact match, response: 1952, target: 1952
2026-08-09 09:43:19.876 | DEBUG    | eval.evaluation.evaluation:metric_call:77 - metric_func_name exact_match score 1.0 msg exact match, response: 1982, target: 1982
2026-08-09 09:43:19.876 | DEBUG    | eval.evaluation.evaluation:metric_call:77 - metric_func_name exact_match score 1.0 msg exact match, response: 1984, target: 1984
2026-08-09 09:43:19.876 | DEBUG    | eval.evaluation.evaluation:metric_call:77 - metric_func_name exact_match score 1.0 msg exact match, response: 1986, target: 1986
2026-08-09 09:43:19.876 | DEBUG    | eval.evaluation.evaluation:metric_call:77 - metric_func_name exact_match score 1.0 msg exact match, response: 1968, target: 1968
2026-08-09 09:43:19.876 | DEBUG    | eval.evaluation.evaluation:metric_call:77 - metric_func_name exact_match score 1.0 msg exact match, response: 1971, target: 1971
2026-08-09 09:43:19.876 | DEBUG    | eval.evaluation.evaluation:metric_call:77 - metric_func_name exact_match score 1.0 msg exact match, response: 1974, target: 1974
2026-08-09 09:43:19.876 | DEBUG    | eval.evaluation.evaluation:metric_call:77 - metric_func_name exact_match score 1.0 msg exact match, response: 1985, target: 1985
2026-08-09 09:43:19.876 | DEBUG    | eval.evaluation.evaluation:metric_call:77 - metric_func_name exact_match score 1.0 msg exact match, response: 1985, target: 1985
2026-08-09 09:43:19.876 | DEBUG    | eval.evaluation.evaluation:metric_call:77 - metric_func_name exact_match score 0.0 msg exact not match, response: 1989, target: 1992
2026-08-09 09:43:19.876 | DEBUG    | eval.evaluation.evaluation:metric_call:77 - metric_func_name exact_match score 1.0 msg exact match, response: 1989, target: 1989
2026-08-09 09:43:19.876 | DEBUG    | eval.evaluation.evaluation:metric_call:77 - metric_func_name exact_match score 1.0 msg exact match, response: 1993, target: 1993
2026-08-09 09:43:19.877 | DEBUG    | eval.evaluation.evaluation:metric_call:77 - metric_func_name exact_match score 1.0 msg exact match, response: 1995, target: 1995
2026-08-09 09:43:19.877 | DEBUG    | eval.evaluation.evaluation:metric_call:77 - metric_func_name exact_match score 1.0 msg exact match, response: 1968, target: 1968
2026-08-09 09:43:19.877 | DEBUG    | eval.evaluation.evaluation:metric_call:77 - metric_func_name exact_match score 1.0 msg exact match, response: 1975, target: 1975
2026-08-09 09:43:19.877 | DEBUG    | eval.evaluation.evaluation:metric_call:77 - metric_func_name exact_match score 1.0 msg exact match, response: 1974, target: 1974
2026-08-09 09:43:19.877 | DEBUG    | eval.evaluation.evaluation:metric_call:77 - metric_func_name exact_match score 1.0 msg exact match, response: 1977, target: 1977
2026-08-09 09:43:19.877 | DEBUG    | eval.evaluation.evaluation:metric_call:77 - metric_func_name exact_match score 1.0 msg exact match, response: 1981, target: 1981
2026-08-09 09:43:19.877 | DEBUG    | eval.evaluation.evaluation:metric_call:77 - metric_func_name exact_match score 1.0 msg exact match, response: 1995, target: 1995
2026-08-09 09:43:19.877 | DEBUG    | eval.evaluation.evaluation:metric_call:77 - metric_func_name exact_match score 1.0 msg exact match, response: 1998, target: 1998
2026-08-09 09:43:19.877 | DEBUG    | eval.evaluation.evaluation:metric_call:77 - metric_func_name exact_match score 1.0 msg exact match, response: 2000, target: 2000
2026-08-09 09:43:19.878 | DEBUG    | eval.evaluation.evaluation:evaluate_single_query:321 - wide2deep_ws_zh_023, col 首次出版年份, metric_func_name exact_match, score [1.0, 1.0, 1.0, 1.0, 0.0, 1.0, 1.0, 1.0, 1.0, 1.0, 1.0, 1.0, 1.0, 1.0, 1.0, 1.0, 1.0, 1.0, 1.0, 1.0, 1.0, 1.0, 1.0, 1.0, 1.0, 1.0, 1.0, 1.0, 1.0, 1.0, 1.0, 1.0, 1.0, 1.0, 1.0, 0.0, 1.0, 1.0, 1.0, 1.0, 1.0, 1.0, 1.0, 1.0, 1.0, 1.0, 1.0]
2026-08-09 09:43:19.884 | INFO     | eval.evaluation.evaluation:evaluate_single_query:380 - wide2deep_ws_zh_023, P/R/F1 by unique_columns: 0.8704/0.8704/0.8704
2026-08-09 09:43:19.884 | INFO     | eval.evaluation.evaluation:evaluate_single_query:383 - wide2deep_ws_zh_023, P/R/F1 by row: 0.7407/0.7407/0.7407
2026-08-09 09:43:19.884 | INFO     | eval.evaluation.evaluation:evaluate_single_query:386 - wide2deep_ws_zh_023, P/R/F1 by item: 0.8333/0.8333/0.8333
2026-08-09 09:43:19.889 | INFO     | eval.evaluation.evaluation:evaluate_single_query:398 - wide2deep_ws_zh_023, final table score: 0.0
{"event": "eval_done", "idx": 3, "instance_id": "wide2deep_ws_zh_023", "score": 0.0, "entity_acc": 1.0, "f1_by_row": 0.7407407407407407, "f1_by_item": 0.8333333333333334, "column_f1": 0.8703703703703703, "error": null, "elapsed_seconds": 11.164, "running_n": 3}
2026-08-09 09:43:22.549 | DEBUG    | eval.evaluation.data_loader:extract_dataframe:167 - find markdown_str 
| 歌曲名称 | 填词人 | 编曲人 | 发行时间 | 所属专辑 | 歌曲时长 |
| --- | --- | --- | - ...
2026-08-09 09:43:29.877 | INFO     | eval.evaluation.metric_utils:primary_key_preprocess:246 - primary_key_preprocess result: ```json
{
  "我的地盘": "我的地盘",
  "七里香": "七里香",
  "借口": "借口",
  "外婆": "外婆",
  "将军": "将军",
  "搁浅": "搁浅",
  "乱舞春秋": "乱舞春秋",
  "困兽之斗": "困兽之斗",
  "园游会": "园游会",
  "止战之殇": "止战之殇",
  "夜曲": "夜曲",
  "蓝色风暴": "蓝色风暴",
  "发如雪": "发如雪",
  "黑色毛衣": "黑色毛衣",
  "四面楚歌": "四面楚歌",
  "枫": "枫",
  "浪漫手机": "浪漫手机",
  "逆鳞": "逆鳞",
  "麦芽糖": "麦芽糖",
  "珊瑚海": "珊瑚海",
  "飘移": "飘移",
  "一路向北": "一路向北",
  "夜的第七章": "夜的第七章",
  "听妈妈的话": "听妈妈的话",
  "千里之外": "千里之外",
  "本草纲目": "本草纲目",
  "退后": "退后",
  "红模仿": "红模仿",
  "心雨": "心雨",
  "白色风车": "白色风车",
  "迷迭香": "迷迭香",
  "菊花台": "菊花台",
  "牛仔很忙": "牛仔很忙",
  "彩虹": "彩虹",
  "青花瓷": "青花瓷",
  "阳光宅男": "阳光宅男",
  "蒲公英的约定": "蒲公英的约定",
  "无双": "无双",
  "我不配": "我不配",
  "扯": "扯",
  "甜甜的": "甜甜的",
  "最长的电影": "最长的电影",
  "龙战骑士": "龙战骑士",
  "给我一首歌的时间": "给我一首歌的时间",
  "蛇舞": "蛇舞",
  "花海": "花海",
  "魔术先生": "魔术先生",
  "说好的幸福呢": "说好的幸福呢",
  "兰亭序": "兰亭序",
  "流浪诗人": "流浪诗人",
  "时光机": "时光机",
  "乔克叔叔": "乔克叔叔",
  "稻香": "稻香",
  "跨时代": "跨时代",
  "说了再见": "说了再见",
  "烟花易冷": "烟花易冷",
  "免费教学录影带": "免费教学录影带",
  "好久不见": "好久不见",
  "雨下一整晚": "雨下一整晚",
  "嘻哈空姐": "嘻哈空姐",
  "我落泪·情绪零碎": "我落泪情绪零碎",
  "爱的飞行日记": "爱的飞行日记",
  "自导自演": "自导自演",
  "超人不会飞": "超人不会飞"
}
```
2026-08-09 09:43:29.877 | INFO     | eval.evaluation.evaluation:evaluate_single_query:223 - col: 歌曲名称, primary_key_map {'我的地盘': '我的地盘', '七里香': '七里香', '借口': '借口', '外婆': '外婆', '将军': '将军', '搁浅': '搁浅', '乱舞春秋': '乱舞春秋', '困兽之斗': '困兽之斗', '园游会': '园游会', '止战之殇': '止战之殇', '夜曲': '夜曲', '蓝色风暴': '蓝色风暴', '发如雪': '发如雪', '黑色毛衣': '黑色毛衣', '四面楚歌': '四面楚歌', '枫': '枫', '浪漫手机': '浪漫手机', '逆鳞': '逆鳞', '麦芽糖': '麦芽糖', '珊瑚海': '珊瑚海', '飘移': '飘移', '一路向北': '一路向北', '夜的第七章': '夜的第七章', '听妈妈的话': '听妈妈的话', '千里之外': '千里之外', '本草纲目': '本草纲目', '退后': '退后', '红模仿': '红模仿', '心雨': '心雨', '白色风车': '白色风车', '迷迭香': '迷迭香', '菊花台': '菊花台', '牛仔很忙': '牛仔很忙', '彩虹': '彩虹', '青花瓷': '青花瓷', '阳光宅男': '阳光宅男', '蒲公英的约定': '蒲公英的约定', '无双': '无双', '我不配': '我不配', '扯': '扯', '甜甜的': '甜甜的', '最长的电影': '最长的电影', '龙战骑士': '龙战骑士', '给我一首歌的时间': '给我一首歌的时间', '蛇舞': '蛇舞', '花海': '花海', '魔术先生': '魔术先生', '说好的幸福呢': '说好的幸福呢', '兰亭序': '兰亭序', '流浪诗人': '流浪诗人', '时光机': '时光机', '乔克叔叔': '乔克叔叔', '稻香': '稻香', '跨时代': '跨时代', '说了再见': '说了再见', '烟花易冷': '烟花易冷', '免费教学录影带': '免费教学录影带', '好久不见': '好久不见', '雨下一整晚': '雨下一整晚', '嘻哈空姐': '嘻哈空姐', '我落泪·情绪零碎': '我落泪情绪零碎', '爱的飞行日记': '爱的飞行日记', '自导自演': '自导自演', '超人不会飞': '超人不会飞'}
2026-08-09 09:43:29.884 | INFO     | eval.evaluation.evaluation:evaluate_single_query:275 - wide2deep_ws_zh_030, df_inner shape: (64, 12), answer_df shape: (64, 6), response_df shape: (64, 7)
2026-08-09 09:43:34.720 | DEBUG    | eval.evaluation.evaluation:evaluate_single_query:321 - wide2deep_ws_zh_030, col 填词人, metric_func_name llm_judge, score [1, 1, 1, 1, 1, 1, 1, 1, 1, 1, 1, 1, 1, 1, 1, 1, 1, 1, 1, 1, 1, 1, 1, 1, 1, 1, 1, 1, 1, 1, 1, 1, 1, 1, 1, 1, 1, 1, 1, 1, 1, 1, 1, 1, 1, 1, 1, 1, 1, 1, 1, 1, 1, 1, 1, 1, 1, 1, 1, 1, 1, 1, 1, 1]
2026-08-09 09:43:40.126 | DEBUG    | eval.evaluation.evaluation:evaluate_single_query:321 - wide2deep_ws_zh_030, col 编曲人, metric_func_name llm_judge, score [1, 1, 1, 1, 1, 1, 1, 1, 1, 1, 1, 1, 1, 1, 1, 1, 1, 1, 1, 1, 1, 1, 1, 1, 1, 1, 1, 1, 1, 1, 1, 1, 1, 1, 1, 1, 1, 1, 1, 1, 1, 1, 1, 1, 1, 1, 1, 1, 1, 1, 1, 1, 1, 1, 1, 1, 1, 1, 1, 1, 1, 1, 1, 1]
2026-08-09 09:43:40.126 | DEBUG    | eval.evaluation.evaluation:metric_call:77 - metric_func_name exact_match score 1.0 msg exact match, response: 2004/08/03, target: 2004/08/03
2026-08-09 09:43:40.126 | DEBUG    | eval.evaluation.evaluation:metric_call:77 - metric_func_name exact_match score 1.0 msg exact match, response: 2004/08/03, target: 2004/08/03
2026-08-09 09:43:40.127 | DEBUG    | eval.evaluation.evaluation:metric_call:77 - metric_func_name exact_match score 1.0 msg exact match, response: 2004/08/03, target: 2004/08/03
2026-08-09 09:43:40.127 | DEBUG    | eval.evaluation.evaluation:metric_call:77 - metric_func_name exact_match score 1.0 msg exact match, response: 2004/08/03, target: 2004/08/03
2026-08-09 09:43:40.127 | DEBUG    | eval.evaluation.evaluation:metric_call:77 - metric_func_name exact_match score 1.0 msg exact match, response: 2004/08/03, target: 2004/08/03
2026-08-09 09:43:40.127 | DEBUG    | eval.evaluation.evaluation:metric_call:77 - metric_func_name exact_match score 1.0 msg exact match, response: 2004/08/03, target: 2004/08/03
2026-08-09 09:43:40.127 | DEBUG    | eval.evaluation.evaluation:metric_call:77 - metric_func_name exact_match score 1.0 msg exact match, response: 2004/08/03, target: 2004/08/03
2026-08-09 09:43:40.127 | DEBUG    | eval.evaluation.evaluation:metric_call:77 - metric_func_name exact_match score 1.0 msg exact match, response: 2004/08/03, target: 2004/08/03
2026-08-09 09:43:40.127 | DEBUG    | eval.evaluation.evaluation:metric_call:77 - metric_func_name exact_match score 1.0 msg exact match, response: 2004/08/03, target: 2004/08/03
2026-08-09 09:43:40.127 | DEBUG    | eval.evaluation.evaluation:metric_call:77 - metric_func_name exact_match score 1.0 msg exact match, response: 2004/08/03, target: 2004/08/03
2026-08-09 09:43:40.127 | DEBUG    | eval.evaluation.evaluation:metric_call:77 - metric_func_name exact_match score 1.0 msg exact match, response: 2005/11/01, target: 2005/11/01
2026-08-09 09:43:40.127 | DEBUG    | eval.evaluation.evaluation:metric_call:77 - metric_func_name exact_match score 1.0 msg exact match, response: 2005/11/01, target: 2005/11/01
2026-08-09 09:43:40.128 | DEBUG    | eval.evaluation.evaluation:metric_call:77 - metric_func_name exact_match score 1.0 msg exact match, response: 2005/11/01, target: 2005/11/01
2026-08-09 09:43:40.128 | DEBUG    | eval.evaluation.evaluation:metric_call:77 - metric_func_name exact_match score 1.0 msg exact match, response: 2005/11/01, target: 2005/11/01
2026-08-09 09:43:40.128 | DEBUG    | eval.evaluation.evaluation:metric_call:77 - metric_func_name exact_match score 1.0 msg exact match, response: 2005/11/01, target: 2005/11/01
2026-08-09 09:43:40.128 | DEBUG    | eval.evaluation.evaluation:metric_call:77 - metric_func_name exact_match score 1.0 msg exact match, response: 2005/11/01, target: 2005/11/01
2026-08-09 09:43:40.128 | DEBUG    | eval.evaluation.evaluation:metric_call:77 - metric_func_name exact_match score 1.0 msg exact match, response: 2005/11/01, target: 2005/11/01
2026-08-09 09:43:40.128 | DEBUG    | eval.evaluation.evaluation:metric_call:77 - metric_func_name exact_match score 1.0 msg exact match, response: 2005/11/01, target: 2005/11/01
2026-08-09 09:43:40.128 | DEBUG    | eval.evaluation.evaluation:metric_call:77 - metric_func_name exact_match score 1.0 msg exact match, response: 2005/11/01, target: 2005/11/01
2026-08-09 09:43:40.128 | DEBUG    | eval.evaluation.evaluation:metric_call:77 - metric_func_name exact_match score 1.0 msg exact match, response: 2005/11/01, target: 2005/11/01
2026-08-09 09:43:40.128 | DEBUG    | eval.evaluation.evaluation:metric_call:77 - metric_func_name exact_match score 1.0 msg exact match, response: 2005/11/01, target: 2005/11/01
2026-08-09 09:43:40.128 | DEBUG    | eval.evaluation.evaluation:metric_call:77 - metric_func_name exact_match score 1.0 msg exact match, response: 2005/11/01, target: 2005/11/01
2026-08-09 09:43:40.128 | DEBUG    | eval.evaluation.evaluation:metric_call:77 - metric_func_name exact_match score 1.0 msg exact match, response: 2006/09/05, target: 2006/09/05
2026-08-09 09:43:40.128 | DEBUG    | eval.evaluation.evaluation:metric_call:77 - metric_func_name exact_match score 1.0 msg exact match, response: 2006/09/05, target: 2006/09/05
2026-08-09 09:43:40.128 | DEBUG    | eval.evaluation.evaluation:metric_call:77 - metric_func_name exact_match score 1.0 msg exact match, response: 2006/09/05, target: 2006/09/05
2026-08-09 09:43:40.128 | DEBUG    | eval.evaluation.evaluation:metric_call:77 - metric_func_name exact_match score 1.0 msg exact match, response: 2006/09/05, target: 2006/09/05
2026-08-09 09:43:40.128 | DEBUG    | eval.evaluation.evaluation:metric_call:77 - metric_func_name exact_match score 1.0 msg exact match, response: 2006/09/05, target: 2006/09/05
2026-08-09 09:43:40.128 | DEBUG    | eval.evaluation.evaluation:metric_call:77 - metric_func_name exact_match score 1.0 msg exact match, response: 2006/09/05, target: 2006/09/05
2026-08-09 09:43:40.128 | DEBUG    | eval.evaluation.evaluation:metric_call:77 - metric_func_name exact_match score 1.0 msg exact match, response: 2006/09/05, target: 2006/09/05
2026-08-09 09:43:40.128 | DEBUG    | eval.evaluation.evaluation:metric_call:77 - metric_func_name exact_match score 1.0 msg exact match, response: 2006/09/05, target: 2006/09/05
2026-08-09 09:43:40.128 | DEBUG    | eval.evaluation.evaluation:metric_call:77 - metric_func_name exact_match score 1.0 msg exact match, response: 2006/09/05, target: 2006/09/05
2026-08-09 09:43:40.128 | DEBUG    | eval.evaluation.evaluation:metric_call:77 - metric_func_name exact_match score 1.0 msg exact match, response: 2006/09/05, target: 2006/09/05
2026-08-09 09:43:40.128 | DEBUG    | eval.evaluation.evaluation:metric_call:77 - metric_func_name exact_match score 1.0 msg exact match, response: 2007/11/02, target: 2007/11/02
2026-08-09 09:43:40.129 | DEBUG    | eval.evaluation.evaluation:metric_call:77 - metric_func_name exact_match score 1.0 msg exact match, response: 2007/11/02, target: 2007/11/02
2026-08-09 09:43:40.129 | DEBUG    | eval.evaluation.evaluation:metric_call:77 - metric_func_name exact_match score 1.0 msg exact match, response: 2007/11/02, target: 2007/11/02
2026-08-09 09:43:40.129 | DEBUG    | eval.evaluation.evaluation:metric_call:77 - metric_func_name exact_match score 1.0 msg exact match, response: 2007/11/02, target: 2007/11/02
2026-08-09 09:43:40.129 | DEBUG    | eval.evaluation.evaluation:metric_call:77 - metric_func_name exact_match score 1.0 msg exact match, response: 2007/11/02, target: 2007/11/02
2026-08-09 09:43:40.129 | DEBUG    | eval.evaluation.evaluation:metric_call:77 - metric_func_name exact_match score 1.0 msg exact match, response: 2007/11/02, target: 2007/11/02
2026-08-09 09:43:40.129 | DEBUG    | eval.evaluation.evaluation:metric_call:77 - metric_func_name exact_match score 1.0 msg exact match, response: 2007/11/02, target: 2007/11/02
2026-08-09 09:43:40.129 | DEBUG    | eval.evaluation.evaluation:metric_call:77 - metric_func_name exact_match score 1.0 msg exact match, response: 2007/11/02, target: 2007/11/02
2026-08-09 09:43:40.129 | DEBUG    | eval.evaluation.evaluation:metric_call:77 - metric_func_name exact_match score 1.0 msg exact match, response: 2007/11/02, target: 2007/11/02
2026-08-09 09:43:40.129 | DEBUG    | eval.evaluation.evaluation:metric_call:77 - metric_func_name exact_match score 1.0 msg exact match, response: 2007/11/02, target: 2007/11/02
2026-08-09 09:43:40.129 | DEBUG    | eval.evaluation.evaluation:metric_call:77 - metric_func_name exact_match score 0.0 msg exact not match, response: 2008/10/14, target: 2008/10/15
2026-08-09 09:43:40.129 | DEBUG    | eval.evaluation.evaluation:metric_call:77 - metric_func_name exact_match score 0.0 msg exact not match, response: 2008/10/14, target: 2008/10/15
2026-08-09 09:43:40.129 | DEBUG    | eval.evaluation.evaluation:metric_call:77 - metric_func_name exact_match score 0.0 msg exact not match, response: 2008/10/14, target: 2008/10/15
2026-08-09 09:43:40.129 | DEBUG    | eval.evaluation.evaluation:metric_call:77 - metric_func_name exact_match score 0.0 msg exact not match, response: 2008/10/14, target: 2008/10/15
2026-08-09 09:43:40.129 | DEBUG    | eval.evaluation.evaluation:metric_call:77 - metric_func_name exact_match score 0.0 msg exact not match, response: 2008/10/14, target: 2008/10/15
2026-08-09 09:43:40.129 | DEBUG    | eval.evaluation.evaluation:metric_call:77 - metric_func_name exact_match score 0.0 msg exact not match, response: 2008/10/14, target: 2008/10/15
2026-08-09 09:43:40.129 | DEBUG    | eval.evaluation.evaluation:metric_call:77 - metric_func_name exact_match score 0.0 msg exact not match, response: 2008/10/14, target: 2008/10/15
2026-08-09 09:43:40.129 | DEBUG    | eval.evaluation.evaluation:metric_call:77 - metric_func_name exact_match score 0.0 msg exact not match, response: 2008/10/14, target: 2008/10/15
2026-08-09 09:43:40.129 | DEBUG    | eval.evaluation.evaluation:metric_call:77 - metric_func_name exact_match score 0.0 msg exact not match, response: 2008/10/14, target: 2008/10/15
2026-08-09 09:43:40.129 | DEBUG    | eval.evaluation.evaluation:metric_call:77 - metric_func_name exact_match score 0.0 msg exact not match, response: 2008/10/14, target: 2008/10/15
2026-08-09 09:43:40.129 | DEBUG    | eval.evaluation.evaluation:metric_call:77 - metric_func_name exact_match score 0.0 msg exact not match, response: 2008/10/14, target: 2008/10/15
2026-08-09 09:43:40.129 | DEBUG    | eval.evaluation.evaluation:metric_call:77 - metric_func_name exact_match score 1.0 msg exact match, response: 2010/05/18, target: 2010/05/18
2026-08-09 09:43:40.129 | DEBUG    | eval.evaluation.evaluation:metric_call:77 - metric_func_name exact_match score 1.0 msg exact match, response: 2010/05/18, target: 2010/05/18
2026-08-09 09:43:40.130 | DEBUG    | eval.evaluation.evaluation:metric_call:77 - metric_func_name exact_match score 1.0 msg exact match, response: 2010/05/18, target: 2010/05/18
2026-08-09 09:43:40.130 | DEBUG    | eval.evaluation.evaluation:metric_call:77 - metric_func_name exact_match score 1.0 msg exact match, response: 2010/05/18, target: 2010/05/18
2026-08-09 09:43:40.130 | DEBUG    | eval.evaluation.evaluation:metric_call:77 - metric_func_name exact_match score 1.0 msg exact match, response: 2010/05/18, target: 2010/05/18
2026-08-09 09:43:40.130 | DEBUG    | eval.evaluation.evaluation:metric_call:77 - metric_func_name exact_match score 1.0 msg exact match, response: 2010/05/18, target: 2010/05/18
2026-08-09 09:43:40.130 | DEBUG    | eval.evaluation.evaluation:metric_call:77 - metric_func_name exact_match score 1.0 msg exact match, response: 2010/05/18, target: 2010/05/18
2026-08-09 09:43:40.130 | DEBUG    | eval.evaluation.evaluation:metric_call:77 - metric_func_name exact_match score 1.0 msg exact match, response: 2010/05/18, target: 2010/05/18
2026-08-09 09:43:40.130 | DEBUG    | eval.evaluation.evaluation:metric_call:77 - metric_func_name exact_match score 1.0 msg exact match, response: 2010/05/18, target: 2010/05/18
2026-08-09 09:43:40.130 | DEBUG    | eval.evaluation.evaluation:metric_call:77 - metric_func_name exact_match score 1.0 msg exact match, response: 2010/05/18, target: 2010/05/18
2026-08-09 09:43:40.130 | DEBUG    | eval.evaluation.evaluation:metric_call:77 - metric_func_name exact_match score 1.0 msg exact match, response: 2010/05/18, target: 2010/05/18
2026-08-09 09:43:40.131 | DEBUG    | eval.evaluation.evaluation:evaluate_single_query:321 - wide2deep_ws_zh_030, col 发行时间, metric_func_name exact_match, score [1.0, 1.0, 1.0, 1.0, 1.0, 1.0, 1.0, 1.0, 1.0, 1.0, 1.0, 1.0, 1.0, 1.0, 1.0, 1.0, 1.0, 1.0, 1.0, 1.0, 1.0, 1.0, 1.0, 1.0, 1.0, 1.0, 1.0, 1.0, 1.0, 1.0, 1.0, 1.0, 1.0, 1.0, 1.0, 1.0, 1.0, 1.0, 1.0, 1.0, 1.0, 1.0, 0.0, 0.0, 0.0, 0.0, 0.0, 0.0, 0.0, 0.0, 0.0, 0.0, 0.0, 1.0, 1.0, 1.0, 1.0, 1.0, 1.0, 1.0, 1.0, 1.0, 1.0, 1.0]
2026-08-09 09:43:45.604 | DEBUG    | eval.evaluation.evaluation:evaluate_single_query:321 - wide2deep_ws_zh_030, col 所属专辑, metric_func_name llm_judge, score [1, 1, 1, 1, 1, 1, 1, 1, 1, 1, 1, 1, 1, 1, 1, 1, 1, 1, 1, 1, 1, 1, 1, 1, 1, 1, 1, 1, 1, 1, 1, 1, 1, 1, 1, 1, 1, 1, 1, 1, 1, 1, 1, 1, 1, 1, 1, 1, 1, 1, 1, 1, 1, 1, 1, 1, 1, 1, 1, 1, 1, 1, 1, 1]
2026-08-09 09:43:51.229 | DEBUG    | eval.evaluation.evaluation:evaluate_single_query:321 - wide2deep_ws_zh_030, col 歌曲时长, metric_func_name llm_judge, score [1, 1, 1, 1, 1, 1, 1, 1, 1, 1, 1, 1, 1, 1, 0, 1, 1, 1, 1, 1, 0, 1, 1, 1, 1, 1, 1, 1, 1, 1, 1, 1, 1, 1, 1, 1, 1, 1, 1, 1, 1, 1, 1, 1, 1, 1, 1, 1, 1, 1, 1, 1, 1, 1, 1, 1, 1, 1, 1, 1, 1, 1, 1, 1]
2026-08-09 09:43:51.239 | INFO     | eval.evaluation.evaluation:evaluate_single_query:380 - wide2deep_ws_zh_030, P/R/F1 by unique_columns: 1.0000/1.0000/1.0000
2026-08-09 09:43:51.239 | INFO     | eval.evaluation.evaluation:evaluate_single_query:383 - wide2deep_ws_zh_030, P/R/F1 by row: 0.7969/0.7969/0.7969
2026-08-09 09:43:51.239 | INFO     | eval.evaluation.evaluation:evaluate_single_query:386 - wide2deep_ws_zh_030, P/R/F1 by item: 0.9661/0.9661/0.9661
2026-08-09 09:43:51.243 | INFO     | eval.evaluation.evaluation:evaluate_single_query:398 - wide2deep_ws_zh_030, final table score: 0.0
{"event": "eval_done", "idx": 4, "instance_id": "wide2deep_ws_zh_030", "score": 0.0, "entity_acc": 1.0, "f1_by_row": 0.796875, "f1_by_item": 0.9661458333333334, "column_f1": 1.0, "error": null, "elapsed_seconds": 31.338, "running_n": 4}
2026-08-09 09:43:52.383 | DEBUG    | eval.evaluation.data_loader:extract_dataframe:167 - find markdown_str 
| 饭店名称 | 市区 | 星级标牌号 | 具体地址 |
| --- | --- | --- | --- |
| 北京王府半岛 ...
2026-08-09 09:43:55.791 | INFO     | eval.evaluation.metric_utils:primary_key_preprocess:246 - primary_key_preprocess result: ```json
{
  "北京王府半岛酒店": "王府饭店",
  "北京天伦王朝饭店": "北京天伦王朝饭店",
  "北京中国大饭店": "中国大饭店",
  "北京人卫酒店": "人卫酒店",
  "北京富力万丽酒店": "北京富力万丽酒店",
  "北京鹏润国际大酒店": "鹏润国际大酒店",
  "北京丰大国际大酒店": "北京丰大国际大酒店",
  "北京瑞麟湾温泉度假酒店": "北京瑞麟湾温泉度假酒店"
}
```
2026-08-09 09:43:55.791 | INFO     | eval.evaluation.evaluation:evaluate_single_query:223 - col: 饭店名称, primary_key_map {'北京王府半岛酒店': '王府饭店', '北京天伦王朝饭店': '北京天伦王朝饭店', '北京中国大饭店': '中国大饭店', '北京人卫酒店': '人卫酒店', '北京富力万丽酒店': '北京富力万丽酒店', '北京鹏润国际大酒店': '鹏润国际大酒店', '北京丰大国际大酒店': '北京丰大国际大酒店', '北京瑞麟湾温泉度假酒店': '北京瑞麟湾温泉度假酒店'}
2026-08-09 09:43:55.797 | INFO     | eval.evaluation.evaluation:evaluate_single_query:275 - wide2deep_ws_zh_039, df_inner shape: (8, 8), answer_df shape: (57, 4), response_df shape: (8, 5)
2026-08-09 09:43:55.798 | DEBUG    | eval.evaluation.evaluation:metric_call:77 - metric_func_name exact_match score 1.0 msg exact match, response: 东城区, target: 东城区
2026-08-09 09:43:55.799 | DEBUG    | eval.evaluation.evaluation:metric_call:77 - metric_func_name exact_match score 1.0 msg exact match, response: 东城区, target: 东城区
2026-08-09 09:43:55.799 | DEBUG    | eval.evaluation.evaluation:metric_call:77 - metric_func_name exact_match score 1.0 msg exact match, response: 朝阳区, target: 朝阳区
2026-08-09 09:43:55.799 | DEBUG    | eval.evaluation.evaluation:metric_call:77 - metric_func_name exact_match score 1.0 msg exact match, response: 朝阳区, target: 朝阳区
2026-08-09 09:43:55.799 | DEBUG    | eval.evaluation.evaluation:metric_call:77 - metric_func_name exact_match score 0.0 msg exact not match, response: 经开区, target: 大兴区
2026-08-09 09:43:55.799 | DEBUG    | eval.evaluation.evaluation:metric_call:77 - metric_func_name exact_match score 1.0 msg exact match, response: 朝阳区, target: 朝阳区
2026-08-09 09:43:55.799 | DEBUG    | eval.evaluation.evaluation:metric_call:77 - metric_func_name exact_match score 1.0 msg exact match, response: 朝阳区, target: 朝阳区
2026-08-09 09:43:55.799 | DEBUG    | eval.evaluation.evaluation:metric_call:77 - metric_func_name exact_match score 1.0 msg exact match, response: 顺义区, target: 顺义区
2026-08-09 09:43:55.800 | DEBUG    | eval.evaluation.evaluation:evaluate_single_query:321 - wide2deep_ws_zh_039, col 市区, metric_func_name exact_match, score [1.0, 1.0, 1.0, 1.0, 0.0, 1.0, 1.0, 1.0]
2026-08-09 09:43:55.800 | DEBUG    | eval.evaluation.evaluation:metric_call:77 - metric_func_name exact_match score 0.0 msg exact not match, response: 未知, target: 1150001
2026-08-09 09:43:55.800 | DEBUG    | eval.evaluation.evaluation:metric_call:77 - metric_func_name exact_match score 0.0 msg exact not match, response: 未知, target: 1150004
2026-08-09 09:43:55.800 | DEBUG    | eval.evaluation.evaluation:metric_call:77 - metric_func_name exact_match score 0.0 msg exact not match, response: 未知, target: 1150010
2026-08-09 09:43:55.800 | DEBUG    | eval.evaluation.evaluation:metric_call:77 - metric_func_name exact_match score 0.0 msg exact not match, response: 未知, target: 1150067
2026-08-09 09:43:55.800 | DEBUG    | eval.evaluation.evaluation:metric_call:77 - metric_func_name exact_match score 0.0 msg exact not match, response: 未知, target: 1150068
2026-08-09 09:43:55.800 | DEBUG    | eval.evaluation.evaluation:metric_call:77 - metric_func_name exact_match score 0.0 msg exact not match, response: 未知, target: 1150069
2026-08-09 09:43:55.800 | DEBUG    | eval.evaluation.evaluation:metric_call:77 - metric_func_name exact_match score 0.0 msg exact not match, response: 未知, target: 1150070
2026-08-09 09:43:55.800 | DEBUG    | eval.evaluation.evaluation:metric_call:77 - metric_func_name exact_match score 0.0 msg exact not match, response: 未知, target: 1150071
2026-08-09 09:43:55.801 | DEBUG    | eval.evaluation.evaluation:evaluate_single_query:321 - wide2deep_ws_zh_039, col 星级标牌号, metric_func_name exact_match, score [0.0, 0.0, 0.0, 0.0, 0.0, 0.0, 0.0, 0.0]
2026-08-09 09:44:00.063 | DEBUG    | eval.evaluation.evaluation:evaluate_single_query:321 - wide2deep_ws_zh_039, col 具体地址, metric_func_name llm_judge, score [1, 1, 0, 1, 1, 1, 1, 1]
2026-08-09 09:44:00.070 | INFO     | eval.evaluation.evaluation:evaluate_single_query:380 - wide2deep_ws_zh_039, P/R/F1 by unique_columns: 1.0000/0.1404/0.2462
2026-08-09 09:44:00.070 | INFO     | eval.evaluation.evaluation:evaluate_single_query:383 - wide2deep_ws_zh_039, P/R/F1 by row: 0.0000/0.0000/0.0000
2026-08-09 09:44:00.070 | INFO     | eval.evaluation.evaluation:evaluate_single_query:386 - wide2deep_ws_zh_039, P/R/F1 by item: 0.6875/0.0965/0.1692
2026-08-09 09:44:00.071 | INFO     | eval.evaluation.evaluation:evaluate_single_query:398 - wide2deep_ws_zh_039, final table score: 0.0
{"event": "eval_done", "idx": 5, "instance_id": "wide2deep_ws_zh_039", "score": 0.0, "entity_acc": 1.0, "f1_by_row": 0.0, "f1_by_item": 0.16923076923076924, "column_f1": 0.24615384615384614, "error": null, "elapsed_seconds": 8.81, "running_n": 5}
2026-08-09 09:44:01.785 | DEBUG    | eval.evaluation.data_loader:extract_dataframe:167 - find markdown_str 
| 作品名称 | 导演 | 类型 | 制片国家/地区 | 片长 |
| --- | --- | --- | --- | --- ...
2026-08-09 09:44:05.543 | INFO     | eval.evaluation.metric_utils:primary_key_preprocess:246 - primary_key_preprocess result: ```json
{
  "小丑（获金狮奖）": "小丑",
  "真相": "真相",
  "关于无尽": "关于无尽 ",
  "星际探索": "星际探索 ",
  "乳牙": "乳牙",
  "厄玛": "厄玛",
  "世界的胜利": "世界的胜利 ",
  "荣誉之客": "荣誉之客 ",
  "庄园": "庄园 ",
  "我控诉": "我控诉 ",
  "兰心大剧院": "兰心大剧院",
  "黑手党不再是曾经": "黑手党不再是曾经 ",
  "婚姻故事": "婚姻故事 ",
  "马丁·伊登": "马丁·伊登 ",
  "非常市长": "非常市长 ",
  "被涂污的鸟": "被涂污的鸟 ",
  "完美候选人": "完美候选人",
  "等待野蛮人": "等待野蛮人 ",
  "黄蜂网络": "黄蜂网络 ",
  "继园台七号": "继园台七号 "
}
```
2026-08-09 09:44:05.543 | INFO     | eval.evaluation.evaluation:evaluate_single_query:223 - col: 作品名称, primary_key_map {'小丑（获金狮奖）': '小丑', '真相': '真相', '关于无尽': '关于无尽 ', '星际探索': '星际探索 ', '乳牙': '乳牙', '厄玛': '厄玛', '世界的胜利': '世界的胜利 ', '荣誉之客': '荣誉之客 ', '庄园': '庄园 ', '我控诉': '我控诉 ', '兰心大剧院': '兰心大剧院', '黑手党不再是曾经': '黑手党不再是曾经 ', '婚姻故事': '婚姻故事 ', '马丁·伊登': '马丁·伊登 ', '非常市长': '非常市长 ', '被涂污的鸟': '被涂污的鸟 ', '完美候选人': '完美候选人', '等待野蛮人': '等待野蛮人 ', '黄蜂网络': '黄蜂网络 ', '继园台七号': '继园台七号 '}
2026-08-09 09:44:05.551 | INFO     | eval.evaluation.evaluation:evaluate_single_query:275 - wide2deep_ws_zh_042, df_inner shape: (20, 10), answer_df shape: (21, 5), response_df shape: (21, 6)
2026-08-09 09:44:08.012 | DEBUG    | eval.evaluation.evaluation:evaluate_single_query:321 - wide2deep_ws_zh_042, col 导演, metric_func_name llm_judge, score [1, 1, 1, 1, 1, 1, 1, 1, 1, 1, 1, 1, 1, 1, 1, 1, 1, 1, 1, 1]
2026-08-09 09:44:12.627 | DEBUG    | eval.evaluation.evaluation:evaluate_single_query:321 - wide2deep_ws_zh_042, col 类型, metric_func_name llm_judge, score [1, 1, 1, 1, 1, 1, 1, 1, 1, 0, 0, 0, 0, 1, 1, 1, 1, 1, 1, 1]
2026-08-09 09:44:14.743 | DEBUG    | eval.evaluation.evaluation:evaluate_single_query:321 - wide2deep_ws_zh_042, col 制片国家/地区, metric_func_name llm_judge, score [1, 1, 1, 1, 1, 1, 1, 1, 1, 1, 1, 1, 1, 1, 1, 1, 1, 1, 1, 1]
2026-08-09 09:44:14.744 | DEBUG    | eval.evaluation.evaluation:metric_call:77 - metric_func_name number_near score 1.0 msg number near in range 10.0%, response: 102.0, target: 102.0
2026-08-09 09:44:14.744 | DEBUG    | eval.evaluation.evaluation:metric_call:77 - metric_func_name number_near score 1.0 msg number near in range 10.0%, response: 105.0, target: 104.0
2026-08-09 09:44:14.744 | DEBUG    | eval.evaluation.evaluation:metric_call:77 - metric_func_name number_near score 1.0 msg number near in range 10.0%, response: 105.0, target: 107.0
2026-08-09 09:44:14.744 | DEBUG    | eval.evaluation.evaluation:metric_call:77 - metric_func_name number_near score 1.0 msg number near in range 10.0%, response: 106.0, target: 106.0
2026-08-09 09:44:14.744 | DEBUG    | eval.evaluation.evaluation:metric_call:77 - metric_func_name number_near score 1.0 msg number near in range 10.0%, response: 107.0, target: 107.0
2026-08-09 09:44:14.744 | DEBUG    | eval.evaluation.evaluation:metric_call:77 - metric_func_name number_near score 1.0 msg number near in range 10.0%, response: 112.0, target: 112.0
2026-08-09 09:44:14.744 | DEBUG    | eval.evaluation.evaluation:metric_call:77 - metric_func_name number_near score 1.0 msg number near in range 10.0%, response: 115.0, target: 118.0
2026-08-09 09:44:14.744 | DEBUG    | eval.evaluation.evaluation:metric_call:77 - metric_func_name number_near score 1.0 msg number near in range 10.0%, response: 122.0, target: 118.0
2026-08-09 09:44:14.744 | DEBUG    | eval.evaluation.evaluation:metric_call:77 - metric_func_name number_near score 1.0 msg number near in range 10.0%, response: 118.0, target: 120.0
2026-08-09 09:44:14.744 | DEBUG    | eval.evaluation.evaluation:metric_call:77 - metric_func_name number_near score 1.0 msg number near in range 10.0%, response: 123.0, target: 123.0
2026-08-09 09:44:14.744 | DEBUG    | eval.evaluation.evaluation:metric_call:77 - metric_func_name number_near score 1.0 msg number near in range 10.0%, response: 124.0, target: 124.0
2026-08-09 09:44:14.744 | DEBUG    | eval.evaluation.evaluation:metric_call:77 - metric_func_name number_near score 1.0 msg number near in range 10.0%, response: 125.0, target: 125.0
2026-08-09 09:44:14.744 | DEBUG    | eval.evaluation.evaluation:metric_call:77 - metric_func_name number_near score 1.0 msg number near in range 10.0%, response: 132.0, target: 132.0
2026-08-09 09:44:14.744 | DEBUG    | eval.evaluation.evaluation:metric_call:77 - metric_func_name number_near score 1.0 msg number near in range 10.0%, response: 126.0, target: 126.0
2026-08-09 09:44:14.744 | DEBUG    | eval.evaluation.evaluation:metric_call:77 - metric_func_name number_near score 1.0 msg number near in range 10.0%, response: 129.0, target: 129.0
2026-08-09 09:44:14.745 | DEBUG    | eval.evaluation.evaluation:metric_call:77 - metric_func_name number_near score 1.0 msg number near in range 10.0%, response: 136.0, target: 135.0
2026-08-09 09:44:14.745 | DEBUG    | eval.evaluation.evaluation:metric_call:77 - metric_func_name number_near score 1.0 msg number near in range 10.0%, response: 166.0, target: 164.0
2026-08-09 09:44:14.745 | DEBUG    | eval.evaluation.evaluation:metric_call:77 - metric_func_name number_near score 1.0 msg number near in range 10.0%, response: 169.0, target: 169.0
2026-08-09 09:44:14.745 | DEBUG    | eval.evaluation.evaluation:metric_call:77 - metric_func_name number_near score 1.0 msg number near in range 10.0%, response: 76.0, target: 76.0
2026-08-09 09:44:14.745 | DEBUG    | eval.evaluation.evaluation:metric_call:77 - metric_func_name number_near score 1.0 msg number near in range 10.0%, response: 104.0, target: 101.0
2026-08-09 09:44:14.745 | DEBUG    | eval.evaluation.evaluation:evaluate_single_query:321 - wide2deep_ws_zh_042, col 片长, metric_func_name number_near, score [1.0, 1.0, 1.0, 1.0, 1.0, 1.0, 1.0, 1.0, 1.0, 1.0, 1.0, 1.0, 1.0, 1.0, 1.0, 1.0, 1.0, 1.0, 1.0, 1.0]
2026-08-09 09:44:14.750 | INFO     | eval.evaluation.evaluation:evaluate_single_query:380 - wide2deep_ws_zh_042, P/R/F1 by unique_columns: 0.9524/0.9524/0.9524
2026-08-09 09:44:14.750 | INFO     | eval.evaluation.evaluation:evaluate_single_query:383 - wide2deep_ws_zh_042, P/R/F1 by row: 0.7619/0.7619/0.7619
2026-08-09 09:44:14.750 | INFO     | eval.evaluation.evaluation:evaluate_single_query:386 - wide2deep_ws_zh_042, P/R/F1 by item: 0.9143/0.9143/0.9143
2026-08-09 09:44:14.752 | INFO     | eval.evaluation.evaluation:evaluate_single_query:398 - wide2deep_ws_zh_042, final table score: 0.0
{"event": "eval_done", "idx": 6, "instance_id": "wide2deep_ws_zh_042", "score": 0.0, "entity_acc": 1.0, "f1_by_row": 0.7619047619047619, "f1_by_item": 0.9142857142857143, "column_f1": 0.9523809523809523, "error": null, "elapsed_seconds": 14.663, "running_n": 6}
2026-08-09 09:44:16.938 | DEBUG    | eval.evaluation.data_loader:extract_dataframe:167 - find markdown_str 
| 年份 | 排名 | 歌曲名称 | 歌手 |
| --- | --- | --- | --- |
| 2015 | 1 |  ...
2026-08-09 09:44:20.199 | INFO     | eval.evaluation.metric_utils:primary_key_preprocess:246 - primary_key_preprocess result: ```json
{
  "2015": "2015",
  "2016": "2016",
  "2017": "2017",
  "2018": "2018",
  "2019": "2019",
  "2020": "2020",
  "2021": "2021",
  "2022": "2022",
  "2023": "2023",
  "2024": "2024"
}
```
2026-08-09 09:44:20.200 | INFO     | eval.evaluation.evaluation:evaluate_single_query:223 - col: 年份, primary_key_map {'2015': '2015', '2016': '2016', '2017': '2017', '2018': '2018', '2019': '2019', '2020': '2020', '2021': '2021', '2022': '2022', '2023': '2023', '2024': '2024'}
2026-08-09 09:44:22.907 | INFO     | eval.evaluation.metric_utils:primary_key_preprocess:246 - primary_key_preprocess result: ```json
{
  "1": "1",
  "2": "2",
  "3": "3",
  "4": "4",
  "5": "5",
  "6": "6",
  "7": "7",
  "8": "8",
  "9": "9",
  "10": "10"
}
```
2026-08-09 09:44:22.908 | INFO     | eval.evaluation.evaluation:evaluate_single_query:223 - col: 排名, primary_key_map {'1': '1', '2': '2', '3': '3', '4': '4', '5': '5', '6': '6', '7': '7', '8': '8', '9': '9', '10': '10'}
2026-08-09 09:44:22.916 | INFO     | eval.evaluation.evaluation:evaluate_single_query:275 - wide2deep_ws_zh_050, df_inner shape: (100, 8), answer_df shape: (100, 4), response_df shape: (100, 6)
2026-08-09 09:44:30.541 | DEBUG    | eval.evaluation.evaluation:evaluate_single_query:321 - wide2deep_ws_zh_050, col 歌曲名称, metric_func_name llm_judge, score [1, 1, 1, 1, 1, 1, 1, 1, 1, 1, 1, 1, 1, 1, 1, 1, 1, 1, 1, 1, 1, 0, 1, 1, 1, 1, 1, 1, 1, 1, 1, 1, 1, 1, 1, 1, 1, 1, 1, 1, 1, 1, 1, 1, 1, 1, 1, 1, 0, 0, 1, 1, 1, 1, 1, 1, 1, 1, 1, 1, 1, 1, 1, 1, 1, 1, 1, 1, 1, 1, 1, 1, 1, 1, 1, 1, 1, 1, 1, 1, 1, 1, 1, 1, 1, 1, 1, 1, 1, 1, 1, 1, 1, 1, 1, 1, 1, 1, 1, 1]
2026-08-09 09:44:38.508 | DEBUG    | eval.evaluation.evaluation:evaluate_single_query:321 - wide2deep_ws_zh_050, col 歌手, metric_func_name llm_judge, score [1, 1, 1, 1, 1, 1, 1, 1, 1, 1, 1, 1, 1, 1, 1, 1, 1, 1, 1, 1, 1, 1, 1, 1, 1, 1, 1, 1, 1, 1, 1, 1, 1, 1, 1, 1, 1, 1, 1, 1, 1, 1, 1, 1, 1, 1, 1, 1, 0, 0, 1, 1, 1, 1, 1, 1, 1, 1, 1, 1, 1, 1, 1, 1, 1, 1, 1, 1, 1, 1, 1, 1, 1, 1, 1, 1, 1, 1, 1, 1, 1, 1, 1, 1, 1, 1, 1, 1, 1, 1, 1, 1, 1, 1, 1, 1, 1, 1, 1, 1]
2026-08-09 09:44:38.519 | INFO     | eval.evaluation.evaluation:evaluate_single_query:380 - wide2deep_ws_zh_050, P/R/F1 by unique_columns: 1.0000/1.0000/1.0000
2026-08-09 09:44:38.519 | INFO     | eval.evaluation.evaluation:evaluate_single_query:383 - wide2deep_ws_zh_050, P/R/F1 by row: 0.9700/0.9700/0.9700
2026-08-09 09:44:38.519 | INFO     | eval.evaluation.evaluation:evaluate_single_query:386 - wide2deep_ws_zh_050, P/R/F1 by item: 0.9875/0.9875/0.9875
2026-08-09 09:44:38.524 | INFO     | eval.evaluation.evaluation:evaluate_single_query:398 - wide2deep_ws_zh_050, final table score: 0.0
{"event": "eval_done", "idx": 7, "instance_id": "wide2deep_ws_zh_050", "score": 0.0, "entity_acc": 1.0, "f1_by_row": 0.97, "f1_by_item": 0.9875, "column_f1": 1.0, "error": null, "elapsed_seconds": 23.755, "running_n": 7}
SUMMARY {"n": 7, "valid_n": 7, "errors": 0, "complete": true, "judge_calls_current_process": 38, "score": 0.0, "entity_acc": 1.0, "precision_by_row": 0.5864078542127734, "recall_by_row": 0.5386757748572306, "f1_by_row": 0.548231144559926, "precision_by_item": 0.8578248612910001, "recall_by_item": 0.6667465371659855, "f1_by_item": 0.6973976297899618, "column_precision": 0.9455192406674886, "column_recall": 0.7069836605745342, "column_f1": 0.7442670946872628}
