INFO: Pandarallel will run on 8 workers.
INFO: Pandarallel will use Memory file system to transfer data between the main process and workers.
{"event": "eval_start", "selected": 7, "resume_committed": 0, "committed_errors": 0, "crash_only_resume": false}
{"event": "eval_done", "idx": 1, "instance_id": "wide2deep_ws_zh_062", "score": 0.0, "entity_acc": 0.0, "f1_by_row": 0.0, "f1_by_item": 0.0, "column_f1": 0.0, "error": null, "elapsed_seconds": 1.632, "running_n": 1}
{"event": "eval_done", "idx": 2, "instance_id": "wide2deep_ws_zh_098", "score": 0.0, "entity_acc": 0.0, "f1_by_row": 0.0, "f1_by_item": 0.0, "column_f1": 0.0, "error": null, "elapsed_seconds": 1.669, "running_n": 2}
{"event": "eval_done", "idx": 3, "instance_id": "deep2wide_result_22_橄榄树", "score": 0.0, "entity_acc": 0.0, "f1_by_row": 0.0, "f1_by_item": 0.0, "column_f1": 0.0, "error": null, "elapsed_seconds": 4.149, "running_n": 3}
2026-08-12 23:13:35.432 | DEBUG    | eval.evaluation.data_loader:extract_dataframe:167 - find markdown_str 
| 名称 | 面积 | 政府驻地首府 |
| --- | --- | --- |
| 安达卢西亚自治区 | 87,599平方千 ...
2026-08-12 23:13:38.233 | INFO     | eval.evaluation.metric_utils:primary_key_preprocess:246 - primary_key_preprocess result: ```json
{
  "名称": "名称",
  "面积": "面积",
  "政府驻地首府": "政府驻地/首府"
}
```
2026-08-12 23:13:38.234 | INFO     | eval.evaluation.evaluation:evaluate_single_query:172 - column map: {'名称': '名称', '面积': '面积', '政府驻地首府': '政府驻地/首府'}
2026-08-12 23:13:38.234 | INFO     | eval.evaluation.evaluation:evaluate_single_query:173 - befor mapping: Index(['名称', '面积', '政府驻地首府'], dtype='object')
2026-08-12 23:13:38.234 | INFO     | eval.evaluation.evaluation:evaluate_single_query:175 - after mapping: Index(['名称', '面积', '政府驻地/首府'], dtype='object')
2026-08-12 23:13:41.758 | INFO     | eval.evaluation.metric_utils:primary_key_preprocess:246 - primary_key_preprocess result: ```json
{
  "安达卢西亚自治区": "安达卢西亚自治区",
  "阿拉贡自治区": "阿拉贡自治区",
  "阿斯图里亚斯亲王自治区": "阿斯图里亚斯自治区",
  "巴利阿里群岛自治区": "巴利阿里群岛",
  "巴斯克自治区": "巴斯克自治区",
  "加那利群岛自治区": "加那利群岛",
  "坎塔布里亚自治区": "坎塔布里亚自治区",
  "卡斯蒂利亚-莱昂自治区": "卡斯蒂利亚－莱昂",
  "卡斯蒂利亚-拉曼恰自治区": "卡斯蒂利亚-拉曼恰自治区",
  "加泰罗尼亚自治区": "加泰罗尼亚",
  "埃斯特雷马杜拉自治区": "埃斯特雷马杜拉自治区",
  "加利西亚自治区": "加利西亚自治区",
  "拉里奥哈自治区": "拉里奥哈自治区",
  "马德里自治区": "马德里自治区",
  "穆尔西亚自治区": "穆尔西亚省",
  "纳瓦拉特许自治区": "纳瓦拉自治区",
  "瓦伦西亚自治区": "巴伦西亚省"
}
```
2026-08-12 23:13:41.758 | INFO     | eval.evaluation.evaluation:evaluate_single_query:223 - col: 名称, primary_key_map {'安达卢西亚自治区': '安达卢西亚自治区', '阿拉贡自治区': '阿拉贡自治区', '阿斯图里亚斯亲王自治区': '阿斯图里亚斯自治区', '巴利阿里群岛自治区': '巴利阿里群岛', '巴斯克自治区': '巴斯克自治区', '加那利群岛自治区': '加那利群岛', '坎塔布里亚自治区': '坎塔布里亚自治区', '卡斯蒂利亚-莱昂自治区': '卡斯蒂利亚－莱昂', '卡斯蒂利亚-拉曼恰自治区': '卡斯蒂利亚-拉曼恰自治区', '加泰罗尼亚自治区': '加泰罗尼亚', '埃斯特雷马杜拉自治区': '埃斯特雷马杜拉自治区', '加利西亚自治区': '加利西亚自治区', '拉里奥哈自治区': '拉里奥哈自治区', '马德里自治区': '马德里自治区', '穆尔西亚自治区': '穆尔西亚省', '纳瓦拉特许自治区': '纳瓦拉自治区', '瓦伦西亚自治区': '巴伦西亚省'}
2026-08-12 23:13:41.766 | INFO     | eval.evaluation.evaluation:evaluate_single_query:275 - deep2wide_result_40_西班牙, df_inner shape: (17, 6), answer_df shape: (17, 3), response_df shape: (17, 4)
2026-08-12 23:13:41.767 | DEBUG    | eval.evaluation.evaluation:metric_call:77 - metric_func_name number_near score 1.0 msg number near in range 5.0%, response: 87599.0, target: 87268.0
2026-08-12 23:13:41.768 | DEBUG    | eval.evaluation.evaluation:metric_call:77 - metric_func_name number_near score 1.0 msg number near in range 5.0%, response: 47720.0, target: 47720.0
2026-08-12 23:13:41.768 | DEBUG    | eval.evaluation.evaluation:metric_call:77 - metric_func_name number_near score 0.0 msg number not convertable, response: 10604.0, target: None
2026-08-12 23:13:41.768 | DEBUG    | eval.evaluation.evaluation:metric_call:77 - metric_func_name number_near score 1.0 msg number near in range 5.0%, response: 4992.0, target: 5014.0
2026-08-12 23:13:41.768 | DEBUG    | eval.evaluation.evaluation:metric_call:77 - metric_func_name number_near score 1.0 msg number near in range 5.0%, response: 7234.0, target: 7233.0
2026-08-12 23:13:41.768 | DEBUG    | eval.evaluation.evaluation:metric_call:77 - metric_func_name number_near score 1.0 msg number near in range 5.0%, response: 7447.0, target: 7273.0
2026-08-12 23:13:41.768 | DEBUG    | eval.evaluation.evaluation:metric_call:77 - metric_func_name number_near score 0.0 msg number not convertable, response: 5321.0, target: None
2026-08-12 23:13:41.768 | DEBUG    | eval.evaluation.evaluation:metric_call:77 - metric_func_name number_near score 1.0 msg number near in range 5.0%, response: 94226.0, target: 94223.0
2026-08-12 23:13:41.768 | DEBUG    | eval.evaluation.evaluation:metric_call:77 - metric_func_name number_near score 1.0 msg number near in range 5.0%, response: 79463.0, target: 79409.0
2026-08-12 23:13:41.768 | DEBUG    | eval.evaluation.evaluation:metric_call:77 - metric_func_name number_near score 1.0 msg number near in range 5.0%, response: 32108.0, target: 32108.0
2026-08-12 23:13:41.768 | DEBUG    | eval.evaluation.evaluation:metric_call:77 - metric_func_name number_near score 1.0 msg number near in range 5.0%, response: 41634.0, target: 41634.0
2026-08-12 23:13:41.768 | DEBUG    | eval.evaluation.evaluation:metric_call:77 - metric_func_name number_near score 1.0 msg number near in range 5.0%, response: 29574.0, target: 29574.0
2026-08-12 23:13:41.768 | DEBUG    | eval.evaluation.evaluation:metric_call:77 - metric_func_name number_near score 0.0 msg number not near, response: 8028.0, target: 607.0
2026-08-12 23:13:41.768 | DEBUG    | eval.evaluation.evaluation:metric_call:77 - metric_func_name number_near score 1.0 msg number near in range 5.0%, response: 11314.0, target: 11314.0
2026-08-12 23:13:41.768 | DEBUG    | eval.evaluation.evaluation:metric_call:77 - metric_func_name number_near score 0.0 msg number not convertable, response: 10391.0, target: None
2026-08-12 23:13:41.768 | DEBUG    | eval.evaluation.evaluation:metric_call:77 - metric_func_name number_near score 1.0 msg number near in range 5.0%, response: 5045.0, target: 5045.0
2026-08-12 23:13:41.768 | DEBUG    | eval.evaluation.evaluation:metric_call:77 - metric_func_name number_near score 0.0 msg number not near, response: 23255.0, target: 10.563
2026-08-12 23:13:41.769 | DEBUG    | eval.evaluation.evaluation:evaluate_single_query:321 - deep2wide_result_40_西班牙, col 面积, metric_func_name number_near, score [1.0, 1.0, 0.0, 1.0, 1.0, 1.0, 0.0, 1.0, 1.0, 1.0, 1.0, 1.0, 0.0, 1.0, 0.0, 1.0, 0.0]
2026-08-12 23:13:41.769 | DEBUG    | eval.evaluation.evaluation:metric_call:77 - metric_func_name exact_match score 1.0 msg exact match, response: 塞维利亚, target: 塞维利亚
2026-08-12 23:13:41.769 | DEBUG    | eval.evaluation.evaluation:metric_call:77 - metric_func_name exact_match score 1.0 msg exact match, response: 萨拉戈萨, target: 萨拉戈萨
2026-08-12 23:13:41.770 | DEBUG    | eval.evaluation.evaluation:metric_call:77 - metric_func_name exact_match score 1.0 msg exact match, response: 奥维耶多, target: 奥维耶多
2026-08-12 23:13:41.770 | DEBUG    | eval.evaluation.evaluation:metric_call:77 - metric_func_name exact_match score 1.0 msg exact match, response: 帕尔马, target: 帕尔马
2026-08-12 23:13:41.770 | DEBUG    | eval.evaluation.evaluation:metric_call:77 - metric_func_name exact_match score 0.0 msg exact not match, response: 维多利亚-加斯特伊兹, target: 维多利亚-加斯泰斯
2026-08-12 23:13:41.770 | DEBUG    | eval.evaluation.evaluation:metric_call:77 - metric_func_name exact_match score 1.0 msg exact match, response: 圣克鲁斯-德特内里费、拉斯帕尔马斯, target: 圣克鲁斯-德特内里费、拉斯帕尔马斯
2026-08-12 23:13:41.770 | DEBUG    | eval.evaluation.evaluation:metric_call:77 - metric_func_name exact_match score 1.0 msg exact match, response: 桑坦德, target: 桑坦德
2026-08-12 23:13:41.770 | DEBUG    | eval.evaluation.evaluation:metric_call:77 - metric_func_name exact_match score 0.0 msg exact not match, response: 巴利亚多利德（政府驻地）, target: 巴利亚多利德
2026-08-12 23:13:41.770 | DEBUG    | eval.evaluation.evaluation:metric_call:77 - metric_func_name exact_match score 0.0 msg exact not match, response: 托莱多, target: 托莱多市
2026-08-12 23:13:41.770 | DEBUG    | eval.evaluation.evaluation:metric_call:77 - metric_func_name exact_match score 1.0 msg exact match, response: 巴塞罗那, target: 巴塞罗那
2026-08-12 23:13:41.770 | DEBUG    | eval.evaluation.evaluation:metric_call:77 - metric_func_name exact_match score 1.0 msg exact match, response: 梅里达, target: 梅里达
2026-08-12 23:13:41.770 | DEBUG    | eval.evaluation.evaluation:metric_call:77 - metric_func_name exact_match score 0.0 msg exact not match, response: 圣地亚哥-德孔波斯特拉, target: 圣地亚哥德孔波斯特拉
2026-08-12 23:13:41.770 | DEBUG    | eval.evaluation.evaluation:metric_call:77 - metric_func_name exact_match score 1.0 msg exact match, response: 马德里, target: 马德里
2026-08-12 23:13:41.770 | DEBUG    | eval.evaluation.evaluation:metric_call:77 - metric_func_name exact_match score 1.0 msg exact match, response: 穆尔西亚, target: 穆尔西亚
2026-08-12 23:13:41.770 | DEBUG    | eval.evaluation.evaluation:metric_call:77 - metric_func_name exact_match score 1.0 msg exact match, response: 潘普洛纳, target: 潘普洛纳
2026-08-12 23:13:41.770 | DEBUG    | eval.evaluation.evaluation:metric_call:77 - metric_func_name exact_match score 1.0 msg exact match, response: 洛格罗尼奥, target: 洛格罗尼奥
2026-08-12 23:13:41.770 | DEBUG    | eval.evaluation.evaluation:metric_call:77 - metric_func_name exact_match score 0.0 msg exact not match, response: 瓦伦西亚, target: 巴伦西亚
2026-08-12 23:13:41.771 | DEBUG    | eval.evaluation.evaluation:evaluate_single_query:321 - deep2wide_result_40_西班牙, col 政府驻地/首府, metric_func_name exact_match, score [1.0, 1.0, 1.0, 1.0, 0.0, 1.0, 1.0, 0.0, 0.0, 1.0, 1.0, 0.0, 1.0, 1.0, 1.0, 1.0, 0.0]
2026-08-12 23:13:41.776 | INFO     | eval.evaluation.evaluation:evaluate_single_query:380 - deep2wide_result_40_西班牙, P/R/F1 by unique_columns: 1.0000/1.0000/1.0000
2026-08-12 23:13:41.776 | INFO     | eval.evaluation.evaluation:evaluate_single_query:383 - deep2wide_result_40_西班牙, P/R/F1 by row: 0.4706/0.4706/0.4706
2026-08-12 23:13:41.776 | INFO     | eval.evaluation.evaluation:evaluate_single_query:386 - deep2wide_result_40_西班牙, P/R/F1 by item: 0.8039/0.8039/0.8039
2026-08-12 23:13:41.779 | INFO     | eval.evaluation.evaluation:evaluate_single_query:398 - deep2wide_result_40_西班牙, final table score: 0.0
{"event": "eval_done", "idx": 4, "instance_id": "deep2wide_result_40_西班牙", "score": 0.0, "entity_acc": 1.0, "f1_by_row": 0.47058823529411764, "f1_by_item": 0.8039215686274509, "column_f1": 1.0, "error": null, "elapsed_seconds": 8.848, "running_n": 4}
2026-08-12 23:13:42.856 | DEBUG    | eval.evaluation.data_loader:extract_dataframe:167 - find markdown_str 
| 姓名 | 字 | 籍贯 |
| --- | --- | --- |
| 张仲景 | 仲景 | 南阳郡涅阳县（今河南省邓州市 ...
2026-08-12 23:13:44.883 | INFO     | eval.evaluation.metric_utils:primary_key_preprocess:246 - primary_key_preprocess result: ```json
{
  "张仲景": "张仲景",
  "华佗": "华佗",
  "董奉": "董奉"
}
```
2026-08-12 23:13:44.883 | INFO     | eval.evaluation.evaluation:evaluate_single_query:223 - col: 姓名, primary_key_map {'张仲景': '张仲景', '华佗': '华佗', '董奉': '董奉'}
2026-08-12 23:13:44.888 | INFO     | eval.evaluation.evaluation:evaluate_single_query:275 - deep2wide_result_42_建安三神医, df_inner shape: (3, 6), answer_df shape: (3, 3), response_df shape: (3, 4)
2026-08-12 23:13:47.661 | DEBUG    | eval.evaluation.evaluation:evaluate_single_query:321 - deep2wide_result_42_建安三神医, col 字, metric_func_name llm_judge, score [1, 1, 1]
2026-08-12 23:13:51.288 | DEBUG    | eval.evaluation.evaluation:evaluate_single_query:321 - deep2wide_result_42_建安三神医, col 籍贯, metric_func_name llm_judge, score [0, 1, 1]
2026-08-12 23:13:51.293 | INFO     | eval.evaluation.evaluation:evaluate_single_query:380 - deep2wide_result_42_建安三神医, P/R/F1 by unique_columns: 1.0000/1.0000/1.0000
2026-08-12 23:13:51.293 | INFO     | eval.evaluation.evaluation:evaluate_single_query:383 - deep2wide_result_42_建安三神医, P/R/F1 by row: 0.6667/0.6667/0.6667
2026-08-12 23:13:51.293 | INFO     | eval.evaluation.evaluation:evaluate_single_query:386 - deep2wide_result_42_建安三神医, P/R/F1 by item: 0.8889/0.8889/0.8889
2026-08-12 23:13:51.294 | INFO     | eval.evaluation.evaluation:evaluate_single_query:398 - deep2wide_result_42_建安三神医, final table score: 0.0
{"event": "eval_done", "idx": 5, "instance_id": "deep2wide_result_42_建安三神医", "score": 0.0, "entity_acc": 1.0, "f1_by_row": 0.6666666666666666, "f1_by_item": 0.8888888888888888, "column_f1": 1.0, "error": null, "elapsed_seconds": 9.499, "running_n": 5}
2026-08-12 23:13:55.986 | DEBUG    | eval.evaluation.data_loader:extract_dataframe:167 - find markdown_str 
| 姓名 | 参加年份 | 奖项 |
| --- | --- | --- |
| 郑志伟 | 2009年 | 金牌 |
| 罗 ...
2026-08-12 23:13:58.008 | INFO     | eval.evaluation.metric_utils:primary_key_preprocess:246 - primary_key_preprocess result: ```json
{
  "郑志伟": "郑志伟",
  "叶奇": "叶奇",
  "韩新淼": "韩新淼"
}
```
2026-08-12 23:13:58.008 | INFO     | eval.evaluation.evaluation:evaluate_single_query:223 - col: 姓名, primary_key_map {'郑志伟': '郑志伟', '叶奇': '叶奇', '韩新淼': '韩新淼'}
2026-08-12 23:13:58.127 | INFO     | eval.evaluation.evaluation:evaluate_single_query:275 - deep2wide_result_48_乐清市知临中学, df_inner shape: (3, 6), answer_df shape: (6, 3), response_df shape: (7, 4)
2026-08-12 23:13:58.137 | DEBUG    | eval.evaluation.evaluation:metric_call:77 - metric_func_name date_near score 1.0 msg date near, response: 2012-06-08 00:00:00, target: 2012-06-08 00:00:00
2026-08-12 23:13:58.139 | DEBUG    | eval.evaluation.evaluation:metric_call:77 - metric_func_name date_near score 1.0 msg date near, response: 2012-08-08 00:00:00, target: 2012-08-08 00:00:00
2026-08-12 23:13:58.141 | DEBUG    | eval.evaluation.evaluation:metric_call:77 - metric_func_name date_near score 1.0 msg date near, response: 2012-08-17 00:00:00, target: 2012-08-17 00:00:00
2026-08-12 23:13:58.142 | DEBUG    | eval.evaluation.evaluation:evaluate_single_query:321 - deep2wide_result_48_乐清市知临中学, col 参加年份, metric_func_name date_near, score [1.0, 1.0, 1.0]
2026-08-12 23:13:58.142 | DEBUG    | eval.evaluation.evaluation:metric_call:77 - metric_func_name exact_match score 1.0 msg exact match, response: 金牌, target: 金牌
2026-08-12 23:13:58.142 | DEBUG    | eval.evaluation.evaluation:metric_call:77 - metric_func_name exact_match score 0.0 msg exact not match, response: 金牌, target: 银牌
2026-08-12 23:13:58.142 | DEBUG    | eval.evaluation.evaluation:metric_call:77 - metric_func_name exact_match score 1.0 msg exact match, response: 金牌, target: 金牌
2026-08-12 23:13:58.143 | DEBUG    | eval.evaluation.evaluation:evaluate_single_query:321 - deep2wide_result_48_乐清市知临中学, col 奖项, metric_func_name exact_match, score [1.0, 0.0, 1.0]
2026-08-12 23:13:58.147 | INFO     | eval.evaluation.evaluation:evaluate_single_query:380 - deep2wide_result_48_乐清市知临中学, P/R/F1 by unique_columns: 0.4286/0.5000/0.4615
2026-08-12 23:13:58.147 | INFO     | eval.evaluation.evaluation:evaluate_single_query:383 - deep2wide_result_48_乐清市知临中学, P/R/F1 by row: 0.2857/0.3333/0.3077
2026-08-12 23:13:58.147 | INFO     | eval.evaluation.evaluation:evaluate_single_query:386 - deep2wide_result_48_乐清市知临中学, P/R/F1 by item: 0.3810/0.4444/0.4103
2026-08-12 23:13:58.148 | INFO     | eval.evaluation.evaluation:evaluate_single_query:398 - deep2wide_result_48_乐清市知临中学, final table score: 0.0
{"event": "eval_done", "idx": 6, "instance_id": "deep2wide_result_48_乐清市知临中学", "score": 0.0, "entity_acc": 1.0, "f1_by_row": 0.30769230769230765, "f1_by_item": 0.41025641025641024, "column_f1": 0.4615384615384615, "error": null, "elapsed_seconds": 6.837, "running_n": 6}
{"event": "eval_done", "idx": 7, "instance_id": "deep2wide_result_51_安提帕特王朝", "score": 0.0, "entity_acc": 0.0, "f1_by_row": 0.0, "f1_by_item": 0.0, "column_f1": 0.0, "error": null, "elapsed_seconds": 3.099, "running_n": 7}
SUMMARY {"n": 7, "valid_n": 7, "errors": 0, "complete": true, "judge_calls_current_process": 13, "score": 0.0, "entity_acc": 0.42857142857142855, "precision_by_row": 0.20328131252500997, "recall_by_row": 0.21008403361344535, "f1_by_row": 0.2064210299504417, "precision_by_item": 0.2962518340669601, "recall_by_item": 0.3053221288515406, "f1_by_item": 0.30043812396753566, "column_precision": 0.3469387755102041, "column_recall": 0.35714285714285715, "column_f1": 0.3516483516483517}
