INFO: Pandarallel will run on 8 workers.
INFO: Pandarallel will use Memory file system to transfer data between the main process and workers.
{"event": "eval_start", "selected": 7, "resume_committed": 0, "committed_errors": 0, "crash_only_resume": false}
2026-08-12 23:13:28.648 | DEBUG    | eval.evaluation.data_loader:extract_dataframe:167 - find markdown_str 
| 区域名称 | 省份 | 认定年份 |
| --- | --- | --- |
| 密云古北水镇国际休闲旅游度假区 | 北京 ...
2026-08-12 23:13:41.870 | INFO     | eval.evaluation.metric_utils:primary_key_preprocess:246 - primary_key_preprocess result: ```json
{
  "密云古北水镇国际休闲旅游度假区": "密云古北水镇国际休闲旅游度假区",
  "崇礼冰雪旅游度假区": "崇礼冰雪旅游度假区",
  "秦皇岛市北戴河度假区": "河北省秦皇岛市北戴河度假区",
  "晋城太行锡崖沟旅游度假区": "晋城太行锡崖沟旅游度假区",
  "兴安盟阿尔山旅游度假区": "兴安盟阿尔山旅游度假区",
  "大连长山群岛旅游度假区": "大连长山群岛旅游度假区",
  "长白山旅游度假区": "长白山旅游度假区",
  "长白山华美胜地旅游度假区": "长白山华美胜地旅游度假区",
  "亚布力滑雪旅游度假区": "亚布力滑雪旅游度假区",
  "上海佘山国家旅游度假区": "上海佘山国家旅游度假区",
  "上海国际旅游度假区": "上海市上海国际旅游度假区",
  "南京汤山温泉旅游度假区": "汤山温泉旅游度假区",
  "天目湖旅游度假区": "天目湖旅游度假区",
  "阳澄湖半岛旅游度假区": "阳澄湖半岛旅游度假区",
  "无锡市宜兴阳羡生态旅游度假区": "无锡市宜兴阳羡国家旅游度假区",
  "常州太湖湾旅游度假区": "常州太湖湾旅游度假区",
  "常熟虞山文化旅游度假区": "江苏省常熟虞山文化旅游度假区",
  "宿迁骆马湖旅游度假区": "宿迁骆马湖旅游度假区",
  "苏州吴江东太湖生态旅游度假区": "苏州吴江东太湖生态旅游度假区",
  "宁波东钱湖旅游度假区": "东钱湖旅游度假区",
  "湖州市太湖旅游度假区": "太湖旅游度假区",
  "湘湖旅游度假区": "浙江湘湖旅游度假区",
  "湖州市安吉灵峰旅游度假区": "湖州市安吉灵峰旅游度假区",
  "德清莫干山国际旅游度假区": "德清莫干山国际旅游度假区",
  "淳安千岛湖旅游度假区": "淳安千岛湖旅游度假区",
  "泰顺廊桥—氡泉旅游度假区": "浙江省泰顺廊桥-氡泉旅游度假区",
  "鉴湖旅游度假区": "浙江省鉴湖旅游度假区",
  "湖州吴兴西塞山旅游度假区": "湖州吴兴西塞山旅游度假区",
  "合肥市巢湖半汤温泉养生度假区": "合肥市巢湖半汤温泉养生度假区",
  "黄山黟县国际乡村旅游度假区": "黄山黟县国际乡村旅游度假区",
  "福州市鼓岭旅游度假区": "福州市鼓岭旅游度假区",
  "宜春市明月山温汤旅游度假区": "宜春市明月山温汤旅游度假区",
  "上饶市三清山金沙旅游度假区": "上饶市三清山金沙旅游度假区",
  "新余市仙女湖七夕文化旅游度假区": "江西省新余市仙女湖七夕文化旅游度假区",
  "赣州市大余县丫山旅游度假区": "江西省赣州市大余县丫山旅游度假区",
  "南昌梅岭生态旅游度假区": "南昌梅岭生态旅游度假区",
  "青岛凤凰岛旅游度假区": "凤凰岛旅游度假区",
  "海阳旅游度假区": "海阳旅游度假区",
  "烟台市蓬莱旅游度假区": "烟台市蓬莱旅游度假区",
  "日照山海天旅游度假区": "日照山海天旅游度假区",
  "烟台金沙滩旅游度假区": "山东省烟台金沙滩旅游度假区",
  "荣成好运角旅游度假区": "山东省荣成好运角旅游度假区",
  "德州齐河黄河国际生态城旅游度假区": "德州齐河黄河国际生态城旅游度假区",
  "尧山温泉旅游度假区": "尧山温泉旅游度假区",
  "三门峡市天鹅湖旅游度假区": "河南省三门峡市天鹅湖旅游度假区",
  "郑州银基国际旅游度假区": "郑州银基国际旅游度假区",
  "武当太极湖旅游度假区": "武当山太极湖旅游度假区",
  "神农架木鱼旅游度假区": "湖北省神农架木鱼旅游度假区",
  "武汉黄陂区木兰湖旅游度假区": "武汉黄陂区木兰湖旅游度假区",
  "灰汤温泉旅游度假区": "灰汤温泉旅游度假区",
  "常德柳叶湖旅游度假区": "常德柳叶湖旅游度假区",
  "岳阳洞庭湖旅游度假区": "湖南省岳阳洞庭湖旅游度假区",
  "长沙铜官窑文化旅游度假区": "长沙铜官窑文化旅游度假区",
  "深圳东部华侨城旅游度假区": "东部华侨城旅游度假区",
  "河源巴伐利亚庄园": "河源巴伐利亚庄园",
  "珠海横琴长隆国际海洋度假区": "珠海横琴长隆国际海洋度假区",
  "桂林阳朔遇龙河旅游度假区": "桂林阳朔遇龙河旅游度假区",
  "大新明仕旅游度假区": "广西壮族自治区大新明仕旅游度假区",
  "北海银滩国家旅游度假区": "北海银滩国家旅游度假区",
  "桂林雁山旅游度假区": "桂林雁山旅游度假区",
  "三亚市亚龙湾旅游度假区": "三亚市亚龙湾旅游度假区",
  "琼海博鳌东屿岛旅游度假区": "琼海博鳌东屿岛旅游度假区",
  "万宁石梅湾旅游度假区": "万宁石梅湾旅游度假区",
  "仙女山旅游度假区": "仙女山旅游度假区",
  "重庆丰都南天湖旅游度假区": "重庆丰都南天湖旅游度假区",
  "石柱黄水旅游度假区": "石柱黄水旅游度假区",
  "邛海旅游度假区": "邛海旅游度假区",
  "成都天府青城康养休闲旅游度假区": "成都天府青城康养休闲旅游度假区",
  "峨眉山市峨秀湖旅游度假区": "峨眉山市峨秀湖旅游度假区",
  "宜宾蜀南竹海旅游度假区": "四川省宜宾蜀南竹海旅游度假区",
  "成都西岭雪山—花水湾旅游度假区": "成都西岭雪山-花水湾旅游度假区",
  "遵义市赤水河谷旅游度假区": "赤水市赤水河谷旅游度假区",
  "六盘水市野玉海山地旅游度假区": "六盘水市野玉海山地旅游度假区",
  "阳宗海旅游度假区": "阳宗海旅游度假区",
  "西双版纳旅游度假区": "西双版纳旅游度假区",
  "玉溪抚仙湖旅游度假区": "玉溪抚仙湖旅游度假区",
  "大理古城旅游度假区": "大理古城旅游度假区",
  "德宏芒市孔雀湖旅游度假区": "德宏芒市孔雀湖旅游度假区",
  "林芝市鲁朗小镇旅游度假区": "林芝市鲁朗小镇旅游度假区",
  "宝鸡市太白山温泉旅游度假区": "宝鸡市太白山温泉旅游度假区",
  "商洛市牛背梁旅游度假区": "陕西省商洛市牛背梁旅游度假区",
  "临夏永靖刘家峡旅游度假区": "临夏永靖刘家峡旅游度假区",
  "中卫大漠黄河（沙坡头）旅游度假区": "中卫大漠黄河（沙坡头）旅游度假区",
  "那拉提旅游度假区": "那拉提旅游度假区",
  "五家渠青格达湖旅游度假区": "五家渠青格达湖旅游度假区"
}
```
2026-08-12 23:13:41.871 | INFO     | eval.evaluation.evaluation:evaluate_single_query:223 - col: 区域名称, primary_key_map {'密云古北水镇国际休闲旅游度假区': '密云古北水镇国际休闲旅游度假区', '崇礼冰雪旅游度假区': '崇礼冰雪旅游度假区', '秦皇岛市北戴河度假区': '河北省秦皇岛市北戴河度假区', '晋城太行锡崖沟旅游度假区': '晋城太行锡崖沟旅游度假区', '兴安盟阿尔山旅游度假区': '兴安盟阿尔山旅游度假区', '大连长山群岛旅游度假区': '大连长山群岛旅游度假区', '长白山旅游度假区': '长白山旅游度假区', '长白山华美胜地旅游度假区': '长白山华美胜地旅游度假区', '亚布力滑雪旅游度假区': '亚布力滑雪旅游度假区', '上海佘山国家旅游度假区': '上海佘山国家旅游度假区', '上海国际旅游度假区': '上海市上海国际旅游度假区', '南京汤山温泉旅游度假区': '汤山温泉旅游度假区', '天目湖旅游度假区': '天目湖旅游度假区', '阳澄湖半岛旅游度假区': '阳澄湖半岛旅游度假区', '无锡市宜兴阳羡生态旅游度假区': '无锡市宜兴阳羡国家旅游度假区', '常州太湖湾旅游度假区': '常州太湖湾旅游度假区', '常熟虞山文化旅游度假区': '江苏省常熟虞山文化旅游度假区', '宿迁骆马湖旅游度假区': '宿迁骆马湖旅游度假区', '苏州吴江东太湖生态旅游度假区': '苏州吴江东太湖生态旅游度假区', '宁波东钱湖旅游度假区': '东钱湖旅游度假区', '湖州市太湖旅游度假区': '太湖旅游度假区', '湘湖旅游度假区': '浙江湘湖旅游度假区', '湖州市安吉灵峰旅游度假区': '湖州市安吉灵峰旅游度假区', '德清莫干山国际旅游度假区': '德清莫干山国际旅游度假区', '淳安千岛湖旅游度假区': '淳安千岛湖旅游度假区', '泰顺廊桥—氡泉旅游度假区': '浙江省泰顺廊桥-氡泉旅游度假区', '鉴湖旅游度假区': '浙江省鉴湖旅游度假区', '湖州吴兴西塞山旅游度假区': '湖州吴兴西塞山旅游度假区', '合肥市巢湖半汤温泉养生度假区': '合肥市巢湖半汤温泉养生度假区', '黄山黟县国际乡村旅游度假区': '黄山黟县国际乡村旅游度假区', '福州市鼓岭旅游度假区': '福州市鼓岭旅游度假区', '宜春市明月山温汤旅游度假区': '宜春市明月山温汤旅游度假区', '上饶市三清山金沙旅游度假区': '上饶市三清山金沙旅游度假区', '新余市仙女湖七夕文化旅游度假区': '江西省新余市仙女湖七夕文化旅游度假区', '赣州市大余县丫山旅游度假区': '江西省赣州市大余县丫山旅游度假区', '南昌梅岭生态旅游度假区': '南昌梅岭生态旅游度假区', '青岛凤凰岛旅游度假区': '凤凰岛旅游度假区', '海阳旅游度假区': '海阳旅游度假区', '烟台市蓬莱旅游度假区': '烟台市蓬莱旅游度假区', '日照山海天旅游度假区': '日照山海天旅游度假区', '烟台金沙滩旅游度假区': '山东省烟台金沙滩旅游度假区', '荣成好运角旅游度假区': '山东省荣成好运角旅游度假区', '德州齐河黄河国际生态城旅游度假区': '德州齐河黄河国际生态城旅游度假区', '尧山温泉旅游度假区': '尧山温泉旅游度假区', '三门峡市天鹅湖旅游度假区': '河南省三门峡市天鹅湖旅游度假区', '郑州银基国际旅游度假区': '郑州银基国际旅游度假区', '武当太极湖旅游度假区': '武当山太极湖旅游度假区', '神农架木鱼旅游度假区': '湖北省神农架木鱼旅游度假区', '武汉黄陂区木兰湖旅游度假区': '武汉黄陂区木兰湖旅游度假区', '灰汤温泉旅游度假区': '灰汤温泉旅游度假区', '常德柳叶湖旅游度假区': '常德柳叶湖旅游度假区', '岳阳洞庭湖旅游度假区': '湖南省岳阳洞庭湖旅游度假区', '长沙铜官窑文化旅游度假区': '长沙铜官窑文化旅游度假区', '深圳东部华侨城旅游度假区': '东部华侨城旅游度假区', '河源巴伐利亚庄园': '河源巴伐利亚庄园', '珠海横琴长隆国际海洋度假区': '珠海横琴长隆国际海洋度假区', '桂林阳朔遇龙河旅游度假区': '桂林阳朔遇龙河旅游度假区', '大新明仕旅游度假区': '广西壮族自治区大新明仕旅游度假区', '北海银滩国家旅游度假区': '北海银滩国家旅游度假区', '桂林雁山旅游度假区': '桂林雁山旅游度假区', '三亚市亚龙湾旅游度假区': '三亚市亚龙湾旅游度假区', '琼海博鳌东屿岛旅游度假区': '琼海博鳌东屿岛旅游度假区', '万宁石梅湾旅游度假区': '万宁石梅湾旅游度假区', '仙女山旅游度假区': '仙女山旅游度假区', '重庆丰都南天湖旅游度假区': '重庆丰都南天湖旅游度假区', '石柱黄水旅游度假区': '石柱黄水旅游度假区', '邛海旅游度假区': '邛海旅游度假区', '成都天府青城康养休闲旅游度假区': '成都天府青城康养休闲旅游度假区', '峨眉山市峨秀湖旅游度假区': '峨眉山市峨秀湖旅游度假区', '宜宾蜀南竹海旅游度假区': '四川省宜宾蜀南竹海旅游度假区', '成都西岭雪山—花水湾旅游度假区': '成都西岭雪山-花水湾旅游度假区', '遵义市赤水河谷旅游度假区': '赤水市赤水河谷旅游度假区', '六盘水市野玉海山地旅游度假区': '六盘水市野玉海山地旅游度假区', '阳宗海旅游度假区': '阳宗海旅游度假区', '西双版纳旅游度假区': '西双版纳旅游度假区', '玉溪抚仙湖旅游度假区': '玉溪抚仙湖旅游度假区', '大理古城旅游度假区': '大理古城旅游度假区', '德宏芒市孔雀湖旅游度假区': '德宏芒市孔雀湖旅游度假区', '林芝市鲁朗小镇旅游度假区': '林芝市鲁朗小镇旅游度假区', '宝鸡市太白山温泉旅游度假区': '宝鸡市太白山温泉旅游度假区', '商洛市牛背梁旅游度假区': '陕西省商洛市牛背梁旅游度假区', '临夏永靖刘家峡旅游度假区': '临夏永靖刘家峡旅游度假区', '中卫大漠黄河（沙坡头）旅游度假区': '中卫大漠黄河（沙坡头）旅游度假区', '那拉提旅游度假区': '那拉提旅游度假区', '五家渠青格达湖旅游度假区': '五家渠青格达湖旅游度假区'}
2026-08-12 23:13:41.879 | INFO     | eval.evaluation.evaluation:evaluate_single_query:275 - wide2deep_ws_zh_038, df_inner shape: (85, 6), answer_df shape: (85, 3), response_df shape: (85, 4)
2026-08-12 23:13:47.587 | DEBUG    | eval.evaluation.evaluation:evaluate_single_query:321 - wide2deep_ws_zh_038, col 省份, metric_func_name llm_judge, score [1, 1, 1, 1, 1, 1, 1, 1, 1, 1, 1, 1, 1, 1, 1, 1, 1, 1, 1, 1, 1, 1, 1, 1, 1, 1, 1, 1, 1, 1, 1, 1, 1, 1, 1, 1, 1, 1, 1, 1, 1, 1, 1, 1, 1, 1, 1, 1, 1, 1, 1, 1, 1, 1, 1, 1, 1, 1, 1, 1, 1, 1, 1, 1, 1, 1, 1, 1, 1, 1, 1, 1, 1, 1, 1, 1, 1, 1, 1, 1, 1, 1, 1, 1, 1]
2026-08-12 23:13:47.587 | DEBUG    | eval.evaluation.evaluation:metric_call:77 - metric_func_name number_near score 1.0 msg number near in range 0.0%, response: 2020.0, target: 2020.0
2026-08-12 23:13:47.587 | DEBUG    | eval.evaluation.evaluation:metric_call:77 - metric_func_name number_near score 1.0 msg number near in range 0.0%, response: 2020.0, target: 2020.0
2026-08-12 23:13:47.587 | DEBUG    | eval.evaluation.evaluation:metric_call:77 - metric_func_name number_near score 1.0 msg number near in range 0.0%, response: 2015.0, target: 2015.0
2026-08-12 23:13:47.587 | DEBUG    | eval.evaluation.evaluation:metric_call:77 - metric_func_name number_near score 1.0 msg number near in range 0.0%, response: 2020.0, target: 2020.0
2026-08-12 23:13:47.587 | DEBUG    | eval.evaluation.evaluation:metric_call:77 - metric_func_name number_near score 1.0 msg number near in range 0.0%, response: 2020.0, target: 2020.0
2026-08-12 23:13:47.588 | DEBUG    | eval.evaluation.evaluation:metric_call:77 - metric_func_name number_near score 1.0 msg number near in range 0.0%, response: 2015.0, target: 2015.0
2026-08-12 23:13:47.588 | DEBUG    | eval.evaluation.evaluation:metric_call:77 - metric_func_name number_near score 1.0 msg number near in range 0.0%, response: 2018.0, target: 2018.0
2026-08-12 23:13:47.588 | DEBUG    | eval.evaluation.evaluation:metric_call:77 - metric_func_name number_near score 1.0 msg number near in range 0.0%, response: 2015.0, target: 2015.0
2026-08-12 23:13:47.588 | DEBUG    | eval.evaluation.evaluation:metric_call:77 - metric_func_name number_near score 1.0 msg number near in range 0.0%, response: 2015.0, target: 2015.0
2026-08-12 23:13:47.588 | DEBUG    | eval.evaluation.evaluation:metric_call:77 - metric_func_name number_near score 1.0 msg number near in range 0.0%, response: 2020.0, target: 2020.0
2026-08-12 23:13:47.588 | DEBUG    | eval.evaluation.evaluation:metric_call:77 - metric_func_name number_near score 1.0 msg number near in range 0.0%, response: 2015.0, target: 2015.0
2026-08-12 23:13:47.588 | DEBUG    | eval.evaluation.evaluation:metric_call:77 - metric_func_name number_near score 1.0 msg number near in range 0.0%, response: 2015.0, target: 2015.0
2026-08-12 23:13:47.588 | DEBUG    | eval.evaluation.evaluation:metric_call:77 - metric_func_name number_near score 1.0 msg number near in range 0.0%, response: 2015.0, target: 2015.0
2026-08-12 23:13:47.588 | DEBUG    | eval.evaluation.evaluation:metric_call:77 - metric_func_name number_near score 1.0 msg number near in range 0.0%, response: 2018.0, target: 2018.0
2026-08-12 23:13:47.588 | DEBUG    | eval.evaluation.evaluation:metric_call:77 - metric_func_name number_near score 1.0 msg number near in range 0.0%, response: 2020.0, target: 2020.0
2026-08-12 23:13:47.588 | DEBUG    | eval.evaluation.evaluation:metric_call:77 - metric_func_name number_near score 1.0 msg number near in range 0.0%, response: 2020.0, target: 2020.0
2026-08-12 23:13:47.588 | DEBUG    | eval.evaluation.evaluation:metric_call:77 - metric_func_name number_near score 1.0 msg number near in range 0.0%, response: 2020.0, target: 2020.0
2026-08-12 23:13:47.588 | DEBUG    | eval.evaluation.evaluation:metric_call:77 - metric_func_name number_near score 1.0 msg number near in range 0.0%, response: 2018.0, target: 2018.0
2026-08-12 23:13:47.588 | DEBUG    | eval.evaluation.evaluation:metric_call:77 - metric_func_name number_near score 1.0 msg number near in range 0.0%, response: 2018.0, target: 2018.0
2026-08-12 23:13:47.588 | DEBUG    | eval.evaluation.evaluation:metric_call:77 - metric_func_name number_near score 1.0 msg number near in range 0.0%, response: 2018.0, target: 2018.0
2026-08-12 23:13:47.588 | DEBUG    | eval.evaluation.evaluation:metric_call:77 - metric_func_name number_near score 1.0 msg number near in range 0.0%, response: 2015.0, target: 2015.0
2026-08-12 23:13:47.588 | DEBUG    | eval.evaluation.evaluation:metric_call:77 - metric_func_name number_near score 1.0 msg number near in range 0.0%, response: 2018.0, target: 2018.0
2026-08-12 23:13:47.588 | DEBUG    | eval.evaluation.evaluation:metric_call:77 - metric_func_name number_near score 1.0 msg number near in range 0.0%, response: 2015.0, target: 2015.0
2026-08-12 23:13:47.589 | DEBUG    | eval.evaluation.evaluation:metric_call:77 - metric_func_name number_near score 1.0 msg number near in range 0.0%, response: 2020.0, target: 2020.0
2026-08-12 23:13:47.589 | DEBUG    | eval.evaluation.evaluation:metric_call:77 - metric_func_name number_near score 1.0 msg number near in range 0.0%, response: 2015.0, target: 2015.0
2026-08-12 23:13:47.589 | DEBUG    | eval.evaluation.evaluation:metric_call:77 - metric_func_name number_near score 1.0 msg number near in range 0.0%, response: 2015.0, target: 2015.0
2026-08-12 23:13:47.589 | DEBUG    | eval.evaluation.evaluation:metric_call:77 - metric_func_name number_near score 1.0 msg number near in range 0.0%, response: 2015.0, target: 2015.0
2026-08-12 23:13:47.589 | DEBUG    | eval.evaluation.evaluation:metric_call:77 - metric_func_name number_near score 1.0 msg number near in range 0.0%, response: 2020.0, target: 2020.0
2026-08-12 23:13:47.589 | DEBUG    | eval.evaluation.evaluation:metric_call:77 - metric_func_name number_near score 1.0 msg number near in range 0.0%, response: 2015.0, target: 2015.0
2026-08-12 23:13:47.589 | DEBUG    | eval.evaluation.evaluation:metric_call:77 - metric_func_name number_near score 1.0 msg number near in range 0.0%, response: 2019.0, target: 2019.0
2026-08-12 23:13:47.589 | DEBUG    | eval.evaluation.evaluation:metric_call:77 - metric_func_name number_near score 1.0 msg number near in range 0.0%, response: 2019.0, target: 2019.0
2026-08-12 23:13:47.589 | DEBUG    | eval.evaluation.evaluation:metric_call:77 - metric_func_name number_near score 1.0 msg number near in range 0.0%, response: 2018.0, target: 2018.0
2026-08-12 23:13:47.589 | DEBUG    | eval.evaluation.evaluation:metric_call:77 - metric_func_name number_near score 1.0 msg number near in range 0.0%, response: 2015.0, target: 2015.0
2026-08-12 23:13:47.589 | DEBUG    | eval.evaluation.evaluation:metric_call:77 - metric_func_name number_near score 1.0 msg number near in range 0.0%, response: 2020.0, target: 2020.0
2026-08-12 23:13:47.589 | DEBUG    | eval.evaluation.evaluation:metric_call:77 - metric_func_name number_near score 1.0 msg number near in range 0.0%, response: 2015.0, target: 2015.0
2026-08-12 23:13:47.589 | DEBUG    | eval.evaluation.evaluation:metric_call:77 - metric_func_name number_near score 1.0 msg number near in range 0.0%, response: 2019.0, target: 2019.0
2026-08-12 23:13:47.589 | DEBUG    | eval.evaluation.evaluation:metric_call:77 - metric_func_name number_near score 1.0 msg number near in range 0.0%, response: 2020.0, target: 2020.0
2026-08-12 23:13:47.589 | DEBUG    | eval.evaluation.evaluation:metric_call:77 - metric_func_name number_near score 1.0 msg number near in range 0.0%, response: 2018.0, target: 2018.0
2026-08-12 23:13:47.589 | DEBUG    | eval.evaluation.evaluation:metric_call:77 - metric_func_name number_near score 1.0 msg number near in range 0.0%, response: 2020.0, target: 2020.0
2026-08-12 23:13:47.589 | DEBUG    | eval.evaluation.evaluation:metric_call:77 - metric_func_name number_near score 1.0 msg number near in range 0.0%, response: 2015.0, target: 2015.0
2026-08-12 23:13:47.589 | DEBUG    | eval.evaluation.evaluation:metric_call:77 - metric_func_name number_near score 1.0 msg number near in range 0.0%, response: 2015.0, target: 2015.0
2026-08-12 23:13:47.589 | DEBUG    | eval.evaluation.evaluation:metric_call:77 - metric_func_name number_near score 1.0 msg number near in range 0.0%, response: 2019.0, target: 2019.0
2026-08-12 23:13:47.590 | DEBUG    | eval.evaluation.evaluation:metric_call:77 - metric_func_name number_near score 1.0 msg number near in range 0.0%, response: 2020.0, target: 2020.0
2026-08-12 23:13:47.590 | DEBUG    | eval.evaluation.evaluation:metric_call:77 - metric_func_name number_near score 1.0 msg number near in range 0.0%, response: 2018.0, target: 2018.0
2026-08-12 23:13:47.590 | DEBUG    | eval.evaluation.evaluation:metric_call:77 - metric_func_name number_near score 1.0 msg number near in range 0.0%, response: 2020.0, target: 2020.0
2026-08-12 23:13:47.590 | DEBUG    | eval.evaluation.evaluation:metric_call:77 - metric_func_name number_near score 0.0 msg number not near, response: 2022.0, target: 2023.0
2026-08-12 23:13:47.590 | DEBUG    | eval.evaluation.evaluation:metric_call:77 - metric_func_name number_near score 0.0 msg number not near, response: 2022.0, target: 2023.0
2026-08-12 23:13:47.590 | DEBUG    | eval.evaluation.evaluation:metric_call:77 - metric_func_name number_near score 0.0 msg number not near, response: 2022.0, target: 2023.0
2026-08-12 23:13:47.590 | DEBUG    | eval.evaluation.evaluation:metric_call:77 - metric_func_name number_near score 0.0 msg number not near, response: 2022.0, target: 2023.0
2026-08-12 23:13:47.590 | DEBUG    | eval.evaluation.evaluation:metric_call:77 - metric_func_name number_near score 0.0 msg number not near, response: 2022.0, target: 2023.0
2026-08-12 23:13:47.590 | DEBUG    | eval.evaluation.evaluation:metric_call:77 - metric_func_name number_near score 0.0 msg number not near, response: 2022.0, target: 2023.0
2026-08-12 23:13:47.590 | DEBUG    | eval.evaluation.evaluation:metric_call:77 - metric_func_name number_near score 0.0 msg number not near, response: 2022.0, target: 2023.0
2026-08-12 23:13:47.590 | DEBUG    | eval.evaluation.evaluation:metric_call:77 - metric_func_name number_near score 0.0 msg number not near, response: 2022.0, target: 2023.0
2026-08-12 23:13:47.590 | DEBUG    | eval.evaluation.evaluation:metric_call:77 - metric_func_name number_near score 0.0 msg number not near, response: 2022.0, target: 2023.0
2026-08-12 23:13:47.590 | DEBUG    | eval.evaluation.evaluation:metric_call:77 - metric_func_name number_near score 0.0 msg number not near, response: 2022.0, target: 2023.0
2026-08-12 23:13:47.590 | DEBUG    | eval.evaluation.evaluation:metric_call:77 - metric_func_name number_near score 0.0 msg number not near, response: 2022.0, target: 2023.0
2026-08-12 23:13:47.590 | DEBUG    | eval.evaluation.evaluation:metric_call:77 - metric_func_name number_near score 0.0 msg number not near, response: 2022.0, target: 2023.0
2026-08-12 23:13:47.590 | DEBUG    | eval.evaluation.evaluation:metric_call:77 - metric_func_name number_near score 0.0 msg number not near, response: 2022.0, target: 2023.0
2026-08-12 23:13:47.590 | DEBUG    | eval.evaluation.evaluation:metric_call:77 - metric_func_name number_near score 0.0 msg number not near, response: 2022.0, target: 2023.0
2026-08-12 23:13:47.590 | DEBUG    | eval.evaluation.evaluation:metric_call:77 - metric_func_name number_near score 0.0 msg number not near, response: 2022.0, target: 2023.0
2026-08-12 23:13:47.590 | DEBUG    | eval.evaluation.evaluation:metric_call:77 - metric_func_name number_near score 1.0 msg number near in range 0.0%, response: 2023.0, target: 2023.0
2026-08-12 23:13:47.590 | DEBUG    | eval.evaluation.evaluation:metric_call:77 - metric_func_name number_near score 1.0 msg number near in range 0.0%, response: 2023.0, target: 2023.0
2026-08-12 23:13:47.590 | DEBUG    | eval.evaluation.evaluation:metric_call:77 - metric_func_name number_near score 1.0 msg number near in range 0.0%, response: 2023.0, target: 2023.0
2026-08-12 23:13:47.591 | DEBUG    | eval.evaluation.evaluation:metric_call:77 - metric_func_name number_near score 1.0 msg number near in range 0.0%, response: 2024.0, target: 2024.0
2026-08-12 23:13:47.591 | DEBUG    | eval.evaluation.evaluation:metric_call:77 - metric_func_name number_near score 1.0 msg number near in range 0.0%, response: 2024.0, target: 2024.0
2026-08-12 23:13:47.591 | DEBUG    | eval.evaluation.evaluation:metric_call:77 - metric_func_name number_near score 1.0 msg number near in range 0.0%, response: 2024.0, target: 2024.0
2026-08-12 23:13:47.591 | DEBUG    | eval.evaluation.evaluation:metric_call:77 - metric_func_name number_near score 1.0 msg number near in range 0.0%, response: 2024.0, target: 2024.0
2026-08-12 23:13:47.591 | DEBUG    | eval.evaluation.evaluation:metric_call:77 - metric_func_name number_near score 1.0 msg number near in range 0.0%, response: 2024.0, target: 2024.0
2026-08-12 23:13:47.591 | DEBUG    | eval.evaluation.evaluation:metric_call:77 - metric_func_name number_near score 1.0 msg number near in range 0.0%, response: 2024.0, target: 2024.0
2026-08-12 23:13:47.591 | DEBUG    | eval.evaluation.evaluation:metric_call:77 - metric_func_name number_near score 1.0 msg number near in range 0.0%, response: 2024.0, target: 2024.0
2026-08-12 23:13:47.591 | DEBUG    | eval.evaluation.evaluation:metric_call:77 - metric_func_name number_near score 1.0 msg number near in range 0.0%, response: 2024.0, target: 2024.0
2026-08-12 23:13:47.591 | DEBUG    | eval.evaluation.evaluation:metric_call:77 - metric_func_name number_near score 1.0 msg number near in range 0.0%, response: 2024.0, target: 2024.0
2026-08-12 23:13:47.591 | DEBUG    | eval.evaluation.evaluation:metric_call:77 - metric_func_name number_near score 1.0 msg number near in range 0.0%, response: 2024.0, target: 2024.0
2026-08-12 23:13:47.591 | DEBUG    | eval.evaluation.evaluation:metric_call:77 - metric_func_name number_near score 1.0 msg number near in range 0.0%, response: 2024.0, target: 2024.0
2026-08-12 23:13:47.591 | DEBUG    | eval.evaluation.evaluation:metric_call:77 - metric_func_name number_near score 1.0 msg number near in range 0.0%, response: 2024.0, target: 2024.0
2026-08-12 23:13:47.591 | DEBUG    | eval.evaluation.evaluation:metric_call:77 - metric_func_name number_near score 1.0 msg number near in range 0.0%, response: 2024.0, target: 2024.0
2026-08-12 23:13:47.591 | DEBUG    | eval.evaluation.evaluation:metric_call:77 - metric_func_name number_near score 1.0 msg number near in range 0.0%, response: 2024.0, target: 2024.0
2026-08-12 23:13:47.591 | DEBUG    | eval.evaluation.evaluation:metric_call:77 - metric_func_name number_near score 1.0 msg number near in range 0.0%, response: 2024.0, target: 2024.0
2026-08-12 23:13:47.591 | DEBUG    | eval.evaluation.evaluation:metric_call:77 - metric_func_name number_near score 1.0 msg number near in range 0.0%, response: 2024.0, target: 2024.0
2026-08-12 23:13:47.591 | DEBUG    | eval.evaluation.evaluation:metric_call:77 - metric_func_name number_near score 0.0 msg number not near, response: 2022.0, target: 2024.0
2026-08-12 23:13:47.591 | DEBUG    | eval.evaluation.evaluation:metric_call:77 - metric_func_name number_near score 1.0 msg number near in range 0.0%, response: 2024.0, target: 2024.0
2026-08-12 23:13:47.591 | DEBUG    | eval.evaluation.evaluation:metric_call:77 - metric_func_name number_near score 1.0 msg number near in range 0.0%, response: 2024.0, target: 2024.0
2026-08-12 23:13:47.591 | DEBUG    | eval.evaluation.evaluation:metric_call:77 - metric_func_name number_near score 1.0 msg number near in range 0.0%, response: 2024.0, target: 2024.0
2026-08-12 23:13:47.591 | DEBUG    | eval.evaluation.evaluation:metric_call:77 - metric_func_name number_near score 1.0 msg number near in range 0.0%, response: 2024.0, target: 2024.0
2026-08-12 23:13:47.592 | DEBUG    | eval.evaluation.evaluation:metric_call:77 - metric_func_name number_near score 1.0 msg number near in range 0.0%, response: 2024.0, target: 2024.0
2026-08-12 23:13:47.593 | DEBUG    | eval.evaluation.evaluation:evaluate_single_query:321 - wide2deep_ws_zh_038, col 认定年份, metric_func_name number_near, score [1.0, 1.0, 1.0, 1.0, 1.0, 1.0, 1.0, 1.0, 1.0, 1.0, 1.0, 1.0, 1.0, 1.0, 1.0, 1.0, 1.0, 1.0, 1.0, 1.0, 1.0, 1.0, 1.0, 1.0, 1.0, 1.0, 1.0, 1.0, 1.0, 1.0, 1.0, 1.0, 1.0, 1.0, 1.0, 1.0, 1.0, 1.0, 1.0, 1.0, 1.0, 1.0, 1.0, 1.0, 1.0, 0.0, 0.0, 0.0, 0.0, 0.0, 0.0, 0.0, 0.0, 0.0, 0.0, 0.0, 0.0, 0.0, 0.0, 0.0, 1.0, 1.0, 1.0, 1.0, 1.0, 1.0, 1.0, 1.0, 1.0, 1.0, 1.0, 1.0, 1.0, 1.0, 1.0, 1.0, 1.0, 1.0, 1.0, 0.0, 1.0, 1.0, 1.0, 1.0, 1.0]
2026-08-12 23:13:47.602 | INFO     | eval.evaluation.evaluation:evaluate_single_query:380 - wide2deep_ws_zh_038, P/R/F1 by unique_columns: 1.0000/1.0000/1.0000
2026-08-12 23:13:47.602 | INFO     | eval.evaluation.evaluation:evaluate_single_query:383 - wide2deep_ws_zh_038, P/R/F1 by row: 0.8118/0.8118/0.8118
2026-08-12 23:13:47.602 | INFO     | eval.evaluation.evaluation:evaluate_single_query:386 - wide2deep_ws_zh_038, P/R/F1 by item: 0.9373/0.9373/0.9373
2026-08-12 23:13:47.607 | INFO     | eval.evaluation.evaluation:evaluate_single_query:398 - wide2deep_ws_zh_038, final table score: 0.0
{"event": "eval_done", "idx": 1, "instance_id": "wide2deep_ws_zh_038", "score": 0.0, "entity_acc": 1.0, "f1_by_row": 0.8117647058823529, "f1_by_item": 0.9372549019607843, "column_f1": 1.0, "error": null, "elapsed_seconds": 22.006, "running_n": 1}
2026-08-12 23:13:49.740 | DEBUG    | eval.evaluation.data_loader:extract_dataframe:167 - find markdown_str 
| 演员名称 | 播出年份 | 影视名称 | 角色名 | 搭档演员 | 播放平台 |
| --- | --- | --- |  ...
2026-08-12 23:13:51.405 | INFO     | eval.evaluation.metric_utils:primary_key_preprocess:246 - primary_key_preprocess result: ```json
{
  "刘亦菲": "刘亦菲",
  "杨幂": "杨幂",
  "刘诗诗": "刘诗诗",
  "唐嫣": "唐嫣",
  "赵丽颖": "赵丽颖",
  "Angelababy": "杨颖"
}
```
2026-08-12 23:13:51.405 | INFO     | eval.evaluation.evaluation:evaluate_single_query:223 - col: 演员名称, primary_key_map {'刘亦菲': '刘亦菲', '杨幂': '杨幂', '刘诗诗': '刘诗诗', '唐嫣': '唐嫣', '赵丽颖': '赵丽颖', 'Angelababy': '杨颖'}
2026-08-12 23:13:58.697 | INFO     | eval.evaluation.metric_utils:primary_key_preprocess:246 - primary_key_preprocess result: ```json
{
  "五月之恋": "五月之恋",
  "恋爱大赢家": "恋爱大赢家",
  "四大名捕大结局": "四大名捕大结局",
  "露水红颜": "露水红颜",
  "玫瑰的故事": "玫瑰的故事",
  "红粉世家": "红粉世家",
  "古剑奇谭": "古剑奇谭",
  "微时代": "微时代",
  "分手大师": "分手大师",
  "小时代3：刺金时代": "小时代3：刺金时代",
  "哈尔滨一九四四": "哈尔滨一九四四",
  "狐妖小红娘月红篇": "狐妖小红娘·月红篇",
  "没有一顿火锅解决不了的事": "没有一顿火锅解决不了的事",
  "月影风荷": "月影风荷",
  "步步惊情": "步步惊情",
  "犀利仁师": "犀利仁师",
  "绣春刀": "绣春刀",
  "深夜前的五分钟": "深夜前的五分钟",
  "金玉良缘": "金玉良缘",
  "格子间女人": "格子间女人",
  "妻子的秘密": "妻子的秘密",
  "杉杉来了": "杉杉来了",
  "与凤行": "与凤行",
  "第二十条": "第二十条",
  "乔妍的心事": "乔妍的心事",
  "临时同居": "临时同居",
  "黄飞鸿之英雄有梦": "黄飞鸿之英雄有梦",
  "微爱之渐入佳境": "微爱之渐入佳境"
}
```
2026-08-12 23:13:58.697 | INFO     | eval.evaluation.evaluation:evaluate_single_query:223 - col: 影视名称, primary_key_map {'五月之恋': '五月之恋', '恋爱大赢家': '恋爱大赢家', '四大名捕大结局': '四大名捕大结局', '露水红颜': '露水红颜', '玫瑰的故事': '玫瑰的故事', '红粉世家': '红粉世家', '古剑奇谭': '古剑奇谭', '微时代': '微时代', '分手大师': '分手大师', '小时代3：刺金时代': '小时代3：刺金时代', '哈尔滨一九四四': '哈尔滨一九四四', '狐妖小红娘月红篇': '狐妖小红娘·月红篇', '没有一顿火锅解决不了的事': '没有一顿火锅解决不了的事', '月影风荷': '月影风荷', '步步惊情': '步步惊情', '犀利仁师': '犀利仁师', '绣春刀': '绣春刀', '深夜前的五分钟': '深夜前的五分钟', '金玉良缘': '金玉良缘', '格子间女人': '格子间女人', '妻子的秘密': '妻子的秘密', '杉杉来了': '杉杉来了', '与凤行': '与凤行', '第二十条': '第二十条', '乔妍的心事': '乔妍的心事', '临时同居': '临时同居', '黄飞鸿之英雄有梦': '黄飞鸿之英雄有梦', '微爱之渐入佳境': '微爱之渐入佳境'}
2026-08-12 23:13:58.705 | INFO     | eval.evaluation.evaluation:evaluate_single_query:275 - wide2deep_ws_zh_048, df_inner shape: (29, 12), answer_df shape: (35, 6), response_df shape: (43, 8)
2026-08-12 23:13:58.706 | DEBUG    | eval.evaluation.evaluation:metric_call:77 - metric_func_name exact_match score 1.0 msg exact match, response: 2014年, target: 2014年
2026-08-12 23:13:58.706 | DEBUG    | eval.evaluation.evaluation:metric_call:77 - metric_func_name exact_match score 1.0 msg exact match, response: 2014年, target: 2014年
2026-08-12 23:13:58.706 | DEBUG    | eval.evaluation.evaluation:metric_call:77 - metric_func_name exact_match score 1.0 msg exact match, response: 2014年, target: 2014年
2026-08-12 23:13:58.706 | DEBUG    | eval.evaluation.evaluation:metric_call:77 - metric_func_name exact_match score 1.0 msg exact match, response: 2004年, target: 2004年
2026-08-12 23:13:58.707 | DEBUG    | eval.evaluation.evaluation:metric_call:77 - metric_func_name exact_match score 1.0 msg exact match, response: 2014年, target: 2014年
2026-08-12 23:13:58.707 | DEBUG    | eval.evaluation.evaluation:metric_call:77 - metric_func_name exact_match score 1.0 msg exact match, response: 2014年, target: 2014年
2026-08-12 23:13:58.707 | DEBUG    | eval.evaluation.evaluation:metric_call:77 - metric_func_name exact_match score 1.0 msg exact match, response: 2014年, target: 2014年
2026-08-12 23:13:58.707 | DEBUG    | eval.evaluation.evaluation:metric_call:77 - metric_func_name exact_match score 1.0 msg exact match, response: 2014年, target: 2014年
2026-08-12 23:13:58.707 | DEBUG    | eval.evaluation.evaluation:metric_call:77 - metric_func_name exact_match score 1.0 msg exact match, response: 2014年, target: 2014年
2026-08-12 23:13:58.707 | DEBUG    | eval.evaluation.evaluation:metric_call:77 - metric_func_name exact_match score 1.0 msg exact match, response: 2014年, target: 2014年
2026-08-12 23:13:58.707 | DEBUG    | eval.evaluation.evaluation:metric_call:77 - metric_func_name exact_match score 1.0 msg exact match, response: 2014年, target: 2014年
2026-08-12 23:13:58.707 | DEBUG    | eval.evaluation.evaluation:metric_call:77 - metric_func_name exact_match score 1.0 msg exact match, response: 2004年, target: 2004年
2026-08-12 23:13:58.707 | DEBUG    | eval.evaluation.evaluation:metric_call:77 - metric_func_name exact_match score 1.0 msg exact match, response: 2014年, target: 2014年
2026-08-12 23:13:58.707 | DEBUG    | eval.evaluation.evaluation:metric_call:77 - metric_func_name exact_match score 1.0 msg exact match, response: 2014年, target: 2014年
2026-08-12 23:13:58.707 | DEBUG    | eval.evaluation.evaluation:metric_call:77 - metric_func_name exact_match score 1.0 msg exact match, response: 2014年, target: 2014年
2026-08-12 23:13:58.707 | DEBUG    | eval.evaluation.evaluation:metric_call:77 - metric_func_name exact_match score 1.0 msg exact match, response: 2014年, target: 2014年
2026-08-12 23:13:58.707 | DEBUG    | eval.evaluation.evaluation:metric_call:77 - metric_func_name exact_match score 1.0 msg exact match, response: 2024年, target: 2024年
2026-08-12 23:13:58.707 | DEBUG    | eval.evaluation.evaluation:metric_call:77 - metric_func_name exact_match score 1.0 msg exact match, response: 2024年, target: 2024年
2026-08-12 23:13:58.707 | DEBUG    | eval.evaluation.evaluation:metric_call:77 - metric_func_name exact_match score 1.0 msg exact match, response: 2024年, target: 2024年
2026-08-12 23:13:58.707 | DEBUG    | eval.evaluation.evaluation:metric_call:77 - metric_func_name exact_match score 1.0 msg exact match, response: 2004年, target: 2004年
2026-08-12 23:13:58.707 | DEBUG    | eval.evaluation.evaluation:metric_call:77 - metric_func_name exact_match score 1.0 msg exact match, response: 2004年, target: 2004年
2026-08-12 23:13:58.707 | DEBUG    | eval.evaluation.evaluation:metric_call:77 - metric_func_name exact_match score 1.0 msg exact match, response: 2014年, target: 2014年
2026-08-12 23:13:58.707 | DEBUG    | eval.evaluation.evaluation:metric_call:77 - metric_func_name exact_match score 1.0 msg exact match, response: 2014年, target: 2014年
2026-08-12 23:13:58.707 | DEBUG    | eval.evaluation.evaluation:metric_call:77 - metric_func_name exact_match score 1.0 msg exact match, response: 2024年, target: 2024年
2026-08-12 23:13:58.708 | DEBUG    | eval.evaluation.evaluation:metric_call:77 - metric_func_name exact_match score 1.0 msg exact match, response: 2014年, target: 2014年
2026-08-12 23:13:58.708 | DEBUG    | eval.evaluation.evaluation:metric_call:77 - metric_func_name exact_match score 1.0 msg exact match, response: 2014年, target: 2014年
2026-08-12 23:13:58.708 | DEBUG    | eval.evaluation.evaluation:metric_call:77 - metric_func_name exact_match score 1.0 msg exact match, response: 2024年, target: 2024年
2026-08-12 23:13:58.708 | DEBUG    | eval.evaluation.evaluation:metric_call:77 - metric_func_name exact_match score 1.0 msg exact match, response: 2024年, target: 2024年
2026-08-12 23:13:58.708 | DEBUG    | eval.evaluation.evaluation:metric_call:77 - metric_func_name exact_match score 1.0 msg exact match, response: 2024年, target: 2024年
2026-08-12 23:13:58.708 | DEBUG    | eval.evaluation.evaluation:evaluate_single_query:321 - wide2deep_ws_zh_048, col 播出年份, metric_func_name exact_match, score [1.0, 1.0, 1.0, 1.0, 1.0, 1.0, 1.0, 1.0, 1.0, 1.0, 1.0, 1.0, 1.0, 1.0, 1.0, 1.0, 1.0, 1.0, 1.0, 1.0, 1.0, 1.0, 1.0, 1.0, 1.0, 1.0, 1.0, 1.0, 1.0]
2026-08-12 23:14:04.856 | DEBUG    | eval.evaluation.evaluation:evaluate_single_query:321 - wide2deep_ws_zh_048, col 角色名, metric_func_name llm_judge, score [1, 1, 1, 1, 1, 1, 1, 0, 1, 1, 1, 1, 1, 1, 0, 1, 1, 1, 1, 1, 1, 1, 1, 1, 1, 1, 1, 1, 1]
2026-08-12 23:14:09.399 | DEBUG    | eval.evaluation.evaluation:evaluate_single_query:321 - wide2deep_ws_zh_048, col 搭档演员, metric_func_name llm_judge, score [1, 1, 1, 1, 1, 1, 1, 1, 1, 1, 1, 1, 1, 0, 0, 1, 1, 0, 1, 0, 1, 1, 1, 1, 1, 1, 1, 1, 1]
2026-08-12 23:14:16.041 | DEBUG    | eval.evaluation.evaluation:evaluate_single_query:321 - wide2deep_ws_zh_048, col 播放平台, metric_func_name llm_judge, score [1, 1, 1, 0, 1, 0, 1, 1, 1, 0, 1, 1, 1, 1, 1, 1, 0, 1, 1, 1, 1, 1, 1, 1, 1, 1, 1, 1, 1]
2026-08-12 23:14:16.046 | INFO     | eval.evaluation.evaluation:evaluate_single_query:380 - wide2deep_ws_zh_048, P/R/F1 by unique_columns: 0.6744/0.8286/0.7436
2026-08-12 23:14:16.046 | INFO     | eval.evaluation.evaluation:evaluate_single_query:383 - wide2deep_ws_zh_048, P/R/F1 by row: 0.4651/0.5714/0.5128
2026-08-12 23:14:16.046 | INFO     | eval.evaluation.evaluation:evaluate_single_query:386 - wide2deep_ws_zh_048, P/R/F1 by item: 0.6357/0.7810/0.7009
2026-08-12 23:14:16.049 | INFO     | eval.evaluation.evaluation:evaluate_single_query:398 - wide2deep_ws_zh_048, final table score: 0.0
{"event": "eval_done", "idx": 2, "instance_id": "wide2deep_ws_zh_048", "score": 0.0, "entity_acc": 1.0, "f1_by_row": 0.5128205128205128, "f1_by_item": 0.7008547008547008, "column_f1": 0.7435897435897435, "error": null, "elapsed_seconds": 28.427, "running_n": 2}
2026-08-12 23:14:18.834 | DEBUG    | eval.evaluation.data_loader:extract_dataframe:167 - find markdown_str 
| 调整年份 | 调整生效日期 | 调整前的一年期LPR | 调整后的一年期LPR | 调整前的五年期LPR | 调整后的五年 ...
2026-08-12 23:14:22.474 | INFO     | eval.evaluation.metric_utils:primary_key_preprocess:246 - primary_key_preprocess result: ```json
{
  "2020年": "2020",
  "2021年": "2021",
  "2022年": "2022",
  "2023年": "2023",
  "2024年": "2024",
  "2025年": "2025"
}
```
2026-08-12 23:14:22.474 | INFO     | eval.evaluation.evaluation:evaluate_single_query:223 - col: 调整年份, primary_key_map {'2020年': '2020', '2021年': '2021', '2022年': '2022', '2023年': '2023', '2024年': '2024', '2025年': '2025'}
2026-08-12 23:14:28.748 | INFO     | eval.evaluation.metric_utils:primary_key_preprocess:246 - primary_key_preprocess result: ```json
{
  "2020年1月6日": "1月6日",
  "2020年2月3日": "2月3日",
  "2020年2月20日": "2月20日",
  "2020年3月30日": "3月30日",
  "2020年4月15日": "4月15日",
  "2020年4月20日": "4月20日",
  "2020年5月15日": "5月15日",
  "2021年7月15日": "7月15日",
  "2021年12月15日": "12月15日",
  "2021年12月20日": "12月20日",
  "2022年1月17日": "1月17日",
  "2022年1月20日": "1月20日",
  "2022年4月25日": "4月25日",
  "2022年5月20日": "5月20日",
  "2022年8月15日": "8月15日",
  "2022年8月22日": "8月22日",
  "2022年12月5日": "12月5日",
  "2023年3月27日": "3月27日",
  "2023年6月13日": "6月13日",
  "2023年6月20日": "6月20日",
  "2023年8月15日": "8月15日",
  "2023年8月21日": "8月21日",
  "2023年9月15日": "9月15日",
  "2024年2月5日": "2月5日",
  "2024年2月20日": "2月20日",
  "2024年7月22日": "7月22日",
  "2024年9月27日": "9月27日",
  "2024年10月21日": "10月21日",
  "2025年5月8日": "5月8日",
  "2025年5月15日": "5月15日",
  "2025年5月20日": "5月20日"
}
```
2026-08-12 23:14:28.748 | INFO     | eval.evaluation.evaluation:evaluate_single_query:223 - col: 调整生效日期, primary_key_map {'2020年1月6日': '1月6日', '2020年2月3日': '2月3日', '2020年2月20日': '2月20日', '2020年3月30日': '3月30日', '2020年4月15日': '4月15日', '2020年4月20日': '4月20日', '2020年5月15日': '5月15日', '2021年7月15日': '7月15日', '2021年12月15日': '12月15日', '2021年12月20日': '12月20日', '2022年1月17日': '1月17日', '2022年1月20日': '1月20日', '2022年4月25日': '4月25日', '2022年5月20日': '5月20日', '2022年8月15日': '8月15日', '2022年8月22日': '8月22日', '2022年12月5日': '12月5日', '2023年3月27日': '3月27日', '2023年6月13日': '6月13日', '2023年6月20日': '6月20日', '2023年8月15日': '8月15日', '2023年8月21日': '8月21日', '2023年9月15日': '9月15日', '2024年2月5日': '2月5日', '2024年2月20日': '2月20日', '2024年7月22日': '7月22日', '2024年9月27日': '9月27日', '2024年10月21日': '10月21日', '2025年5月8日': '5月8日', '2025年5月15日': '5月15日', '2025年5月20日': '5月20日'}
2026-08-12 23:14:28.760 | INFO     | eval.evaluation.evaluation:evaluate_single_query:275 - wide2deep_ws_zh_068, df_inner shape: (31, 20), answer_df shape: (32, 10), response_df shape: (32, 12)
2026-08-12 23:14:28.761 | DEBUG    | eval.evaluation.evaluation:metric_call:77 - metric_func_name exact_match score 1.0 msg exact match, response: nan, target: nan
2026-08-12 23:14:28.761 | DEBUG    | eval.evaluation.evaluation:metric_call:77 - metric_func_name exact_match score 1.0 msg exact match, response: nan, target: nan
2026-08-12 23:14:28.761 | DEBUG    | eval.evaluation.evaluation:metric_call:77 - metric_func_name exact_match score 1.0 msg exact match, response: 4.15%, target: 4.15%
2026-08-12 23:14:28.761 | DEBUG    | eval.evaluation.evaluation:metric_call:77 - metric_func_name exact_match score 1.0 msg exact match, response: nan, target: nan
2026-08-12 23:14:28.761 | DEBUG    | eval.evaluation.evaluation:metric_call:77 - metric_func_name exact_match score 1.0 msg exact match, response: nan, target: nan
2026-08-12 23:14:28.761 | DEBUG    | eval.evaluation.evaluation:metric_call:77 - metric_func_name exact_match score 1.0 msg exact match, response: 4.05%, target: 4.05%
2026-08-12 23:14:28.761 | DEBUG    | eval.evaluation.evaluation:metric_call:77 - metric_func_name exact_match score 1.0 msg exact match, response: nan, target: nan
2026-08-12 23:14:28.761 | DEBUG    | eval.evaluation.evaluation:metric_call:77 - metric_func_name exact_match score 1.0 msg exact match, response: nan, target: nan
2026-08-12 23:14:28.761 | DEBUG    | eval.evaluation.evaluation:metric_call:77 - metric_func_name exact_match score 1.0 msg exact match, response: nan, target: nan
2026-08-12 23:14:28.762 | DEBUG    | eval.evaluation.evaluation:metric_call:77 - metric_func_name exact_match score 1.0 msg exact match, response: 3.85%, target: 3.85%
2026-08-12 23:14:28.762 | DEBUG    | eval.evaluation.evaluation:metric_call:77 - metric_func_name exact_match score 1.0 msg exact match, response: nan, target: nan
2026-08-12 23:14:28.762 | DEBUG    | eval.evaluation.evaluation:metric_call:77 - metric_func_name exact_match score 1.0 msg exact match, response: 3.80%, target: 3.80%
2026-08-12 23:14:28.762 | DEBUG    | eval.evaluation.evaluation:metric_call:77 - metric_func_name exact_match score 1.0 msg exact match, response: nan, target: nan
2026-08-12 23:14:28.762 | DEBUG    | eval.evaluation.evaluation:metric_call:77 - metric_func_name exact_match score 1.0 msg exact match, response: 3.70%, target: 3.70%
2026-08-12 23:14:28.762 | DEBUG    | eval.evaluation.evaluation:metric_call:77 - metric_func_name exact_match score 1.0 msg exact match, response: nan, target: nan
2026-08-12 23:14:28.762 | DEBUG    | eval.evaluation.evaluation:metric_call:77 - metric_func_name exact_match score 1.0 msg exact match, response: 3.70%, target: 3.70%
2026-08-12 23:14:28.762 | DEBUG    | eval.evaluation.evaluation:metric_call:77 - metric_func_name exact_match score 1.0 msg exact match, response: nan, target: nan
2026-08-12 23:14:28.762 | DEBUG    | eval.evaluation.evaluation:metric_call:77 - metric_func_name exact_match score 1.0 msg exact match, response: nan, target: nan
2026-08-12 23:14:28.762 | DEBUG    | eval.evaluation.evaluation:metric_call:77 - metric_func_name exact_match score 1.0 msg exact match, response: nan, target: nan
2026-08-12 23:14:28.762 | DEBUG    | eval.evaluation.evaluation:metric_call:77 - metric_func_name exact_match score 1.0 msg exact match, response: 3.65%, target: 3.65%
2026-08-12 23:14:28.762 | DEBUG    | eval.evaluation.evaluation:metric_call:77 - metric_func_name exact_match score 1.0 msg exact match, response: nan, target: nan
2026-08-12 23:14:28.762 | DEBUG    | eval.evaluation.evaluation:metric_call:77 - metric_func_name exact_match score 1.0 msg exact match, response: 3.55%, target: 3.55%
2026-08-12 23:14:28.762 | DEBUG    | eval.evaluation.evaluation:metric_call:77 - metric_func_name exact_match score 1.0 msg exact match, response: nan, target: nan
2026-08-12 23:14:28.762 | DEBUG    | eval.evaluation.evaluation:metric_call:77 - metric_func_name exact_match score 1.0 msg exact match, response: nan, target: nan
2026-08-12 23:14:28.762 | DEBUG    | eval.evaluation.evaluation:metric_call:77 - metric_func_name exact_match score 1.0 msg exact match, response: 3.45%, target: 3.45%
2026-08-12 23:14:28.762 | DEBUG    | eval.evaluation.evaluation:metric_call:77 - metric_func_name exact_match score 1.0 msg exact match, response: 3.45%, target: 3.45%
2026-08-12 23:14:28.762 | DEBUG    | eval.evaluation.evaluation:metric_call:77 - metric_func_name exact_match score 1.0 msg exact match, response: nan, target: nan
2026-08-12 23:14:28.762 | DEBUG    | eval.evaluation.evaluation:metric_call:77 - metric_func_name exact_match score 1.0 msg exact match, response: 3.35%, target: 3.35%
2026-08-12 23:14:28.762 | DEBUG    | eval.evaluation.evaluation:metric_call:77 - metric_func_name exact_match score 1.0 msg exact match, response: nan, target: nan
2026-08-12 23:14:28.762 | DEBUG    | eval.evaluation.evaluation:metric_call:77 - metric_func_name exact_match score 1.0 msg exact match, response: nan, target: nan
2026-08-12 23:14:28.763 | DEBUG    | eval.evaluation.evaluation:metric_call:77 - metric_func_name exact_match score 1.0 msg exact match, response: 3.10%, target: 3.10%
2026-08-12 23:14:28.763 | DEBUG    | eval.evaluation.evaluation:evaluate_single_query:321 - wide2deep_ws_zh_068, col 调整前的一年期lpr, metric_func_name exact_match, score [1.0, 1.0, 1.0, 1.0, 1.0, 1.0, 1.0, 1.0, 1.0, 1.0, 1.0, 1.0, 1.0, 1.0, 1.0, 1.0, 1.0, 1.0, 1.0, 1.0, 1.0, 1.0, 1.0, 1.0, 1.0, 1.0, 1.0, 1.0, 1.0, 1.0, 1.0]
2026-08-12 23:14:28.763 | DEBUG    | eval.evaluation.evaluation:metric_call:77 - metric_func_name exact_match score 1.0 msg exact match, response: nan, target: nan
2026-08-12 23:14:28.763 | DEBUG    | eval.evaluation.evaluation:metric_call:77 - metric_func_name exact_match score 1.0 msg exact match, response: nan, target: nan
2026-08-12 23:14:28.764 | DEBUG    | eval.evaluation.evaluation:metric_call:77 - metric_func_name exact_match score 1.0 msg exact match, response: 4.05%, target: 4.05%
2026-08-12 23:14:28.764 | DEBUG    | eval.evaluation.evaluation:metric_call:77 - metric_func_name exact_match score 1.0 msg exact match, response: nan, target: nan
2026-08-12 23:14:28.764 | DEBUG    | eval.evaluation.evaluation:metric_call:77 - metric_func_name exact_match score 1.0 msg exact match, response: nan, target: nan
2026-08-12 23:14:28.764 | DEBUG    | eval.evaluation.evaluation:metric_call:77 - metric_func_name exact_match score 1.0 msg exact match, response: 3.85%, target: 3.85%
2026-08-12 23:14:28.764 | DEBUG    | eval.evaluation.evaluation:metric_call:77 - metric_func_name exact_match score 1.0 msg exact match, response: nan, target: nan
2026-08-12 23:14:28.764 | DEBUG    | eval.evaluation.evaluation:metric_call:77 - metric_func_name exact_match score 1.0 msg exact match, response: nan, target: nan
2026-08-12 23:14:28.764 | DEBUG    | eval.evaluation.evaluation:metric_call:77 - metric_func_name exact_match score 1.0 msg exact match, response: nan, target: nan
2026-08-12 23:14:28.764 | DEBUG    | eval.evaluation.evaluation:metric_call:77 - metric_func_name exact_match score 1.0 msg exact match, response: 3.80%, target: 3.80%
2026-08-12 23:14:28.764 | DEBUG    | eval.evaluation.evaluation:metric_call:77 - metric_func_name exact_match score 1.0 msg exact match, response: nan, target: nan
2026-08-12 23:14:28.764 | DEBUG    | eval.evaluation.evaluation:metric_call:77 - metric_func_name exact_match score 1.0 msg exact match, response: 3.70%, target: 3.70%
2026-08-12 23:14:28.764 | DEBUG    | eval.evaluation.evaluation:metric_call:77 - metric_func_name exact_match score 1.0 msg exact match, response: nan, target: nan
2026-08-12 23:14:28.764 | DEBUG    | eval.evaluation.evaluation:metric_call:77 - metric_func_name exact_match score 1.0 msg exact match, response: 3.70%, target: 3.70%
2026-08-12 23:14:28.764 | DEBUG    | eval.evaluation.evaluation:metric_call:77 - metric_func_name exact_match score 1.0 msg exact match, response: nan, target: nan
2026-08-12 23:14:28.764 | DEBUG    | eval.evaluation.evaluation:metric_call:77 - metric_func_name exact_match score 1.0 msg exact match, response: 3.65%, target: 3.65%
2026-08-12 23:14:28.764 | DEBUG    | eval.evaluation.evaluation:metric_call:77 - metric_func_name exact_match score 1.0 msg exact match, response: nan, target: nan
2026-08-12 23:14:28.764 | DEBUG    | eval.evaluation.evaluation:metric_call:77 - metric_func_name exact_match score 1.0 msg exact match, response: nan, target: nan
2026-08-12 23:14:28.764 | DEBUG    | eval.evaluation.evaluation:metric_call:77 - metric_func_name exact_match score 1.0 msg exact match, response: nan, target: nan
2026-08-12 23:14:28.764 | DEBUG    | eval.evaluation.evaluation:metric_call:77 - metric_func_name exact_match score 1.0 msg exact match, response: 3.55%, target: 3.55%
2026-08-12 23:14:28.764 | DEBUG    | eval.evaluation.evaluation:metric_call:77 - metric_func_name exact_match score 1.0 msg exact match, response: nan, target: nan
2026-08-12 23:14:28.764 | DEBUG    | eval.evaluation.evaluation:metric_call:77 - metric_func_name exact_match score 1.0 msg exact match, response: 3.45%, target: 3.45%
2026-08-12 23:14:28.765 | DEBUG    | eval.evaluation.evaluation:metric_call:77 - metric_func_name exact_match score 1.0 msg exact match, response: nan, target: nan
2026-08-12 23:14:28.765 | DEBUG    | eval.evaluation.evaluation:metric_call:77 - metric_func_name exact_match score 1.0 msg exact match, response: nan, target: nan
2026-08-12 23:14:28.765 | DEBUG    | eval.evaluation.evaluation:metric_call:77 - metric_func_name exact_match score 1.0 msg exact match, response: 3.45%, target: 3.45%
2026-08-12 23:14:28.765 | DEBUG    | eval.evaluation.evaluation:metric_call:77 - metric_func_name exact_match score 1.0 msg exact match, response: 3.35%, target: 3.35%
2026-08-12 23:14:28.765 | DEBUG    | eval.evaluation.evaluation:metric_call:77 - metric_func_name exact_match score 1.0 msg exact match, response: nan, target: nan
2026-08-12 23:14:28.765 | DEBUG    | eval.evaluation.evaluation:metric_call:77 - metric_func_name exact_match score 1.0 msg exact match, response: 3.10%, target: 3.10%
2026-08-12 23:14:28.765 | DEBUG    | eval.evaluation.evaluation:metric_call:77 - metric_func_name exact_match score 1.0 msg exact match, response: nan, target: nan
2026-08-12 23:14:28.765 | DEBUG    | eval.evaluation.evaluation:metric_call:77 - metric_func_name exact_match score 1.0 msg exact match, response: nan, target: nan
2026-08-12 23:14:28.765 | DEBUG    | eval.evaluation.evaluation:metric_call:77 - metric_func_name exact_match score 1.0 msg exact match, response: 3.00%, target: 3.00%
2026-08-12 23:14:28.766 | DEBUG    | eval.evaluation.evaluation:evaluate_single_query:321 - wide2deep_ws_zh_068, col 调整后的一年期lpr, metric_func_name exact_match, score [1.0, 1.0, 1.0, 1.0, 1.0, 1.0, 1.0, 1.0, 1.0, 1.0, 1.0, 1.0, 1.0, 1.0, 1.0, 1.0, 1.0, 1.0, 1.0, 1.0, 1.0, 1.0, 1.0, 1.0, 1.0, 1.0, 1.0, 1.0, 1.0, 1.0, 1.0]
2026-08-12 23:14:28.766 | DEBUG    | eval.evaluation.evaluation:metric_call:77 - metric_func_name exact_match score 1.0 msg exact match, response: nan, target: nan
2026-08-12 23:14:28.766 | DEBUG    | eval.evaluation.evaluation:metric_call:77 - metric_func_name exact_match score 1.0 msg exact match, response: nan, target: nan
2026-08-12 23:14:28.766 | DEBUG    | eval.evaluation.evaluation:metric_call:77 - metric_func_name exact_match score 1.0 msg exact match, response: 4.80%, target: 4.80%
2026-08-12 23:14:28.766 | DEBUG    | eval.evaluation.evaluation:metric_call:77 - metric_func_name exact_match score 1.0 msg exact match, response: nan, target: nan
2026-08-12 23:14:28.766 | DEBUG    | eval.evaluation.evaluation:metric_call:77 - metric_func_name exact_match score 1.0 msg exact match, response: nan, target: nan
2026-08-12 23:14:28.766 | DEBUG    | eval.evaluation.evaluation:metric_call:77 - metric_func_name exact_match score 1.0 msg exact match, response: 4.75%, target: 4.75%
2026-08-12 23:14:28.766 | DEBUG    | eval.evaluation.evaluation:metric_call:77 - metric_func_name exact_match score 1.0 msg exact match, response: nan, target: nan
2026-08-12 23:14:28.766 | DEBUG    | eval.evaluation.evaluation:metric_call:77 - metric_func_name exact_match score 1.0 msg exact match, response: nan, target: nan
2026-08-12 23:14:28.766 | DEBUG    | eval.evaluation.evaluation:metric_call:77 - metric_func_name exact_match score 1.0 msg exact match, response: nan, target: nan
2026-08-12 23:14:28.766 | DEBUG    | eval.evaluation.evaluation:metric_call:77 - metric_func_name exact_match score 1.0 msg exact match, response: 4.65%, target: 4.65%
2026-08-12 23:14:28.766 | DEBUG    | eval.evaluation.evaluation:metric_call:77 - metric_func_name exact_match score 1.0 msg exact match, response: nan, target: nan
2026-08-12 23:14:28.766 | DEBUG    | eval.evaluation.evaluation:metric_call:77 - metric_func_name exact_match score 1.0 msg exact match, response: 4.65%, target: 4.65%
2026-08-12 23:14:28.766 | DEBUG    | eval.evaluation.evaluation:metric_call:77 - metric_func_name exact_match score 1.0 msg exact match, response: nan, target: nan
2026-08-12 23:14:28.766 | DEBUG    | eval.evaluation.evaluation:metric_call:77 - metric_func_name exact_match score 1.0 msg exact match, response: 4.60%, target: 4.60%
2026-08-12 23:14:28.766 | DEBUG    | eval.evaluation.evaluation:metric_call:77 - metric_func_name exact_match score 1.0 msg exact match, response: nan, target: nan
2026-08-12 23:14:28.766 | DEBUG    | eval.evaluation.evaluation:metric_call:77 - metric_func_name exact_match score 1.0 msg exact match, response: 4.45%, target: 4.45%
2026-08-12 23:14:28.767 | DEBUG    | eval.evaluation.evaluation:metric_call:77 - metric_func_name exact_match score 1.0 msg exact match, response: nan, target: nan
2026-08-12 23:14:28.767 | DEBUG    | eval.evaluation.evaluation:metric_call:77 - metric_func_name exact_match score 1.0 msg exact match, response: nan, target: nan
2026-08-12 23:14:28.767 | DEBUG    | eval.evaluation.evaluation:metric_call:77 - metric_func_name exact_match score 1.0 msg exact match, response: nan, target: nan
2026-08-12 23:14:28.767 | DEBUG    | eval.evaluation.evaluation:metric_call:77 - metric_func_name exact_match score 1.0 msg exact match, response: 4.30%, target: 4.30%
2026-08-12 23:14:28.767 | DEBUG    | eval.evaluation.evaluation:metric_call:77 - metric_func_name exact_match score 1.0 msg exact match, response: nan, target: nan
2026-08-12 23:14:28.767 | DEBUG    | eval.evaluation.evaluation:metric_call:77 - metric_func_name exact_match score 1.0 msg exact match, response: 4.20%, target: 4.20%
2026-08-12 23:14:28.767 | DEBUG    | eval.evaluation.evaluation:metric_call:77 - metric_func_name exact_match score 1.0 msg exact match, response: nan, target: nan
2026-08-12 23:14:28.767 | DEBUG    | eval.evaluation.evaluation:metric_call:77 - metric_func_name exact_match score 1.0 msg exact match, response: nan, target: nan
2026-08-12 23:14:28.767 | DEBUG    | eval.evaluation.evaluation:metric_call:77 - metric_func_name exact_match score 1.0 msg exact match, response: 4.20%, target: 4.20%
2026-08-12 23:14:28.767 | DEBUG    | eval.evaluation.evaluation:metric_call:77 - metric_func_name exact_match score 1.0 msg exact match, response: 3.95%, target: 3.95%
2026-08-12 23:14:28.767 | DEBUG    | eval.evaluation.evaluation:metric_call:77 - metric_func_name exact_match score 1.0 msg exact match, response: nan, target: nan
2026-08-12 23:14:28.767 | DEBUG    | eval.evaluation.evaluation:metric_call:77 - metric_func_name exact_match score 1.0 msg exact match, response: 3.85%, target: 3.85%
2026-08-12 23:14:28.767 | DEBUG    | eval.evaluation.evaluation:metric_call:77 - metric_func_name exact_match score 1.0 msg exact match, response: nan, target: nan
2026-08-12 23:14:28.767 | DEBUG    | eval.evaluation.evaluation:metric_call:77 - metric_func_name exact_match score 1.0 msg exact match, response: nan, target: nan
2026-08-12 23:14:28.767 | DEBUG    | eval.evaluation.evaluation:metric_call:77 - metric_func_name exact_match score 1.0 msg exact match, response: 3.60%, target: 3.60%
2026-08-12 23:14:28.768 | DEBUG    | eval.evaluation.evaluation:evaluate_single_query:321 - wide2deep_ws_zh_068, col 调整前的五年期lpr, metric_func_name exact_match, score [1.0, 1.0, 1.0, 1.0, 1.0, 1.0, 1.0, 1.0, 1.0, 1.0, 1.0, 1.0, 1.0, 1.0, 1.0, 1.0, 1.0, 1.0, 1.0, 1.0, 1.0, 1.0, 1.0, 1.0, 1.0, 1.0, 1.0, 1.0, 1.0, 1.0, 1.0]
2026-08-12 23:14:28.768 | DEBUG    | eval.evaluation.evaluation:metric_call:77 - metric_func_name exact_match score 1.0 msg exact match, response: nan, target: nan
2026-08-12 23:14:28.768 | DEBUG    | eval.evaluation.evaluation:metric_call:77 - metric_func_name exact_match score 1.0 msg exact match, response: nan, target: nan
2026-08-12 23:14:28.768 | DEBUG    | eval.evaluation.evaluation:metric_call:77 - metric_func_name exact_match score 1.0 msg exact match, response: 4.75%, target: 4.75%
2026-08-12 23:14:28.768 | DEBUG    | eval.evaluation.evaluation:metric_call:77 - metric_func_name exact_match score 1.0 msg exact match, response: nan, target: nan
2026-08-12 23:14:28.768 | DEBUG    | eval.evaluation.evaluation:metric_call:77 - metric_func_name exact_match score 1.0 msg exact match, response: nan, target: nan
2026-08-12 23:14:28.768 | DEBUG    | eval.evaluation.evaluation:metric_call:77 - metric_func_name exact_match score 1.0 msg exact match, response: 4.65%, target: 4.65%
2026-08-12 23:14:28.768 | DEBUG    | eval.evaluation.evaluation:metric_call:77 - metric_func_name exact_match score 1.0 msg exact match, response: nan, target: nan
2026-08-12 23:14:28.768 | DEBUG    | eval.evaluation.evaluation:metric_call:77 - metric_func_name exact_match score 1.0 msg exact match, response: nan, target: nan
2026-08-12 23:14:28.768 | DEBUG    | eval.evaluation.evaluation:metric_call:77 - metric_func_name exact_match score 1.0 msg exact match, response: nan, target: nan
2026-08-12 23:14:28.768 | DEBUG    | eval.evaluation.evaluation:metric_call:77 - metric_func_name exact_match score 1.0 msg exact match, response: 4.65%, target: 4.65%
2026-08-12 23:14:28.768 | DEBUG    | eval.evaluation.evaluation:metric_call:77 - metric_func_name exact_match score 1.0 msg exact match, response: nan, target: nan
2026-08-12 23:14:28.769 | DEBUG    | eval.evaluation.evaluation:metric_call:77 - metric_func_name exact_match score 1.0 msg exact match, response: 4.60%, target: 4.60%
2026-08-12 23:14:28.769 | DEBUG    | eval.evaluation.evaluation:metric_call:77 - metric_func_name exact_match score 1.0 msg exact match, response: nan, target: nan
2026-08-12 23:14:28.769 | DEBUG    | eval.evaluation.evaluation:metric_call:77 - metric_func_name exact_match score 1.0 msg exact match, response: 4.45%, target: 4.45%
2026-08-12 23:14:28.769 | DEBUG    | eval.evaluation.evaluation:metric_call:77 - metric_func_name exact_match score 1.0 msg exact match, response: nan, target: nan
2026-08-12 23:14:28.769 | DEBUG    | eval.evaluation.evaluation:metric_call:77 - metric_func_name exact_match score 1.0 msg exact match, response: 4.30%, target: 4.30%
2026-08-12 23:14:28.769 | DEBUG    | eval.evaluation.evaluation:metric_call:77 - metric_func_name exact_match score 1.0 msg exact match, response: nan, target: nan
2026-08-12 23:14:28.769 | DEBUG    | eval.evaluation.evaluation:metric_call:77 - metric_func_name exact_match score 1.0 msg exact match, response: nan, target: nan
2026-08-12 23:14:28.769 | DEBUG    | eval.evaluation.evaluation:metric_call:77 - metric_func_name exact_match score 1.0 msg exact match, response: nan, target: nan
2026-08-12 23:14:28.769 | DEBUG    | eval.evaluation.evaluation:metric_call:77 - metric_func_name exact_match score 1.0 msg exact match, response: 4.20%, target: 4.20%
2026-08-12 23:14:28.769 | DEBUG    | eval.evaluation.evaluation:metric_call:77 - metric_func_name exact_match score 1.0 msg exact match, response: nan, target: nan
2026-08-12 23:14:28.769 | DEBUG    | eval.evaluation.evaluation:metric_call:77 - metric_func_name exact_match score 1.0 msg exact match, response: 4.20%, target: 4.20%
2026-08-12 23:14:28.769 | DEBUG    | eval.evaluation.evaluation:metric_call:77 - metric_func_name exact_match score 1.0 msg exact match, response: nan, target: nan
2026-08-12 23:14:28.769 | DEBUG    | eval.evaluation.evaluation:metric_call:77 - metric_func_name exact_match score 1.0 msg exact match, response: nan, target: nan
2026-08-12 23:14:28.769 | DEBUG    | eval.evaluation.evaluation:metric_call:77 - metric_func_name exact_match score 1.0 msg exact match, response: 3.95%, target: 3.95%
2026-08-12 23:14:28.769 | DEBUG    | eval.evaluation.evaluation:metric_call:77 - metric_func_name exact_match score 1.0 msg exact match, response: 3.85%, target: 3.85%
2026-08-12 23:14:28.769 | DEBUG    | eval.evaluation.evaluation:metric_call:77 - metric_func_name exact_match score 1.0 msg exact match, response: nan, target: nan
2026-08-12 23:14:28.769 | DEBUG    | eval.evaluation.evaluation:metric_call:77 - metric_func_name exact_match score 1.0 msg exact match, response: 3.60%, target: 3.60%
2026-08-12 23:14:28.769 | DEBUG    | eval.evaluation.evaluation:metric_call:77 - metric_func_name exact_match score 1.0 msg exact match, response: nan, target: nan
2026-08-12 23:14:28.769 | DEBUG    | eval.evaluation.evaluation:metric_call:77 - metric_func_name exact_match score 1.0 msg exact match, response: nan, target: nan
2026-08-12 23:14:28.769 | DEBUG    | eval.evaluation.evaluation:metric_call:77 - metric_func_name exact_match score 1.0 msg exact match, response: 3.50%, target: 3.50%
2026-08-12 23:14:28.770 | DEBUG    | eval.evaluation.evaluation:evaluate_single_query:321 - wide2deep_ws_zh_068, col 调整后的五年期lpr, metric_func_name exact_match, score [1.0, 1.0, 1.0, 1.0, 1.0, 1.0, 1.0, 1.0, 1.0, 1.0, 1.0, 1.0, 1.0, 1.0, 1.0, 1.0, 1.0, 1.0, 1.0, 1.0, 1.0, 1.0, 1.0, 1.0, 1.0, 1.0, 1.0, 1.0, 1.0, 1.0, 1.0]
2026-08-12 23:14:28.770 | DEBUG    | eval.evaluation.evaluation:metric_call:77 - metric_func_name exact_match score 1.0 msg exact match, response: nan, target: nan
2026-08-12 23:14:28.770 | DEBUG    | eval.evaluation.evaluation:metric_call:77 - metric_func_name exact_match score 1.0 msg exact match, response: 2.50%, target: 2.50%
2026-08-12 23:14:28.770 | DEBUG    | eval.evaluation.evaluation:metric_call:77 - metric_func_name exact_match score 1.0 msg exact match, response: nan, target: nan
2026-08-12 23:14:28.770 | DEBUG    | eval.evaluation.evaluation:metric_call:77 - metric_func_name exact_match score 1.0 msg exact match, response: 2.40%, target: 2.40%
2026-08-12 23:14:28.770 | DEBUG    | eval.evaluation.evaluation:metric_call:77 - metric_func_name exact_match score 1.0 msg exact match, response: nan, target: nan
2026-08-12 23:14:28.771 | DEBUG    | eval.evaluation.evaluation:metric_call:77 - metric_func_name exact_match score 1.0 msg exact match, response: nan, target: nan
2026-08-12 23:14:28.771 | DEBUG    | eval.evaluation.evaluation:metric_call:77 - metric_func_name exact_match score 1.0 msg exact match, response: nan, target: nan
2026-08-12 23:14:28.771 | DEBUG    | eval.evaluation.evaluation:metric_call:77 - metric_func_name exact_match score 1.0 msg exact match, response: nan, target: nan
2026-08-12 23:14:28.771 | DEBUG    | eval.evaluation.evaluation:metric_call:77 - metric_func_name exact_match score 1.0 msg exact match, response: nan, target: nan
2026-08-12 23:14:28.771 | DEBUG    | eval.evaluation.evaluation:metric_call:77 - metric_func_name exact_match score 1.0 msg exact match, response: nan, target: nan
2026-08-12 23:14:28.771 | DEBUG    | eval.evaluation.evaluation:metric_call:77 - metric_func_name exact_match score 1.0 msg exact match, response: 2.20%, target: 2.20%
2026-08-12 23:14:28.771 | DEBUG    | eval.evaluation.evaluation:metric_call:77 - metric_func_name exact_match score 1.0 msg exact match, response: nan, target: nan
2026-08-12 23:14:28.771 | DEBUG    | eval.evaluation.evaluation:metric_call:77 - metric_func_name exact_match score 1.0 msg exact match, response: nan, target: nan
2026-08-12 23:14:28.771 | DEBUG    | eval.evaluation.evaluation:metric_call:77 - metric_func_name exact_match score 1.0 msg exact match, response: nan, target: nan
2026-08-12 23:14:28.771 | DEBUG    | eval.evaluation.evaluation:metric_call:77 - metric_func_name exact_match score 1.0 msg exact match, response: 2.10%, target: 2.10%
2026-08-12 23:14:28.771 | DEBUG    | eval.evaluation.evaluation:metric_call:77 - metric_func_name exact_match score 1.0 msg exact match, response: nan, target: nan
2026-08-12 23:14:28.771 | DEBUG    | eval.evaluation.evaluation:metric_call:77 - metric_func_name exact_match score 1.0 msg exact match, response: nan, target: nan
2026-08-12 23:14:28.771 | DEBUG    | eval.evaluation.evaluation:metric_call:77 - metric_func_name exact_match score 1.0 msg exact match, response: nan, target: nan
2026-08-12 23:14:28.771 | DEBUG    | eval.evaluation.evaluation:metric_call:77 - metric_func_name exact_match score 1.0 msg exact match, response: 2.00%, target: 2.00%
2026-08-12 23:14:28.771 | DEBUG    | eval.evaluation.evaluation:metric_call:77 - metric_func_name exact_match score 1.0 msg exact match, response: nan, target: nan
2026-08-12 23:14:28.771 | DEBUG    | eval.evaluation.evaluation:metric_call:77 - metric_func_name exact_match score 1.0 msg exact match, response: 1.90%, target: 1.90%
2026-08-12 23:14:28.771 | DEBUG    | eval.evaluation.evaluation:metric_call:77 - metric_func_name exact_match score 1.0 msg exact match, response: nan, target: nan
2026-08-12 23:14:28.771 | DEBUG    | eval.evaluation.evaluation:metric_call:77 - metric_func_name exact_match score 1.0 msg exact match, response: nan, target: nan
2026-08-12 23:14:28.771 | DEBUG    | eval.evaluation.evaluation:metric_call:77 - metric_func_name exact_match score 1.0 msg exact match, response: nan, target: nan
2026-08-12 23:14:28.771 | DEBUG    | eval.evaluation.evaluation:metric_call:77 - metric_func_name exact_match score 1.0 msg exact match, response: nan, target: nan
2026-08-12 23:14:28.771 | DEBUG    | eval.evaluation.evaluation:metric_call:77 - metric_func_name exact_match score 1.0 msg exact match, response: 1.80%, target: 1.80%
2026-08-12 23:14:28.771 | DEBUG    | eval.evaluation.evaluation:metric_call:77 - metric_func_name exact_match score 0.0 msg exact not match, response: 1.70%, target: nan
2026-08-12 23:14:28.772 | DEBUG    | eval.evaluation.evaluation:metric_call:77 - metric_func_name exact_match score 1.0 msg exact match, response: nan, target: nan
2026-08-12 23:14:28.772 | DEBUG    | eval.evaluation.evaluation:metric_call:77 - metric_func_name exact_match score 1.0 msg exact match, response: 1.50%, target: 1.50%
2026-08-12 23:14:28.772 | DEBUG    | eval.evaluation.evaluation:metric_call:77 - metric_func_name exact_match score 1.0 msg exact match, response: nan, target: nan
2026-08-12 23:14:28.772 | DEBUG    | eval.evaluation.evaluation:metric_call:77 - metric_func_name exact_match score 1.0 msg exact match, response: nan, target: nan
2026-08-12 23:14:28.772 | DEBUG    | eval.evaluation.evaluation:evaluate_single_query:321 - wide2deep_ws_zh_068, col 调整前的7天逆回购操作利率, metric_func_name exact_match, score [1.0, 1.0, 1.0, 1.0, 1.0, 1.0, 1.0, 1.0, 1.0, 1.0, 1.0, 1.0, 1.0, 1.0, 1.0, 1.0, 1.0, 1.0, 1.0, 1.0, 1.0, 1.0, 1.0, 1.0, 1.0, 1.0, 0.0, 1.0, 1.0, 1.0, 1.0]
2026-08-12 23:14:28.773 | DEBUG    | eval.evaluation.evaluation:metric_call:77 - metric_func_name exact_match score 1.0 msg exact match, response: nan, target: nan
2026-08-12 23:14:28.773 | DEBUG    | eval.evaluation.evaluation:metric_call:77 - metric_func_name exact_match score 1.0 msg exact match, response: 2.40%, target: 2.40%
2026-08-12 23:14:28.773 | DEBUG    | eval.evaluation.evaluation:metric_call:77 - metric_func_name exact_match score 1.0 msg exact match, response: nan, target: nan
2026-08-12 23:14:28.773 | DEBUG    | eval.evaluation.evaluation:metric_call:77 - metric_func_name exact_match score 1.0 msg exact match, response: 2.20%, target: 2.20%
2026-08-12 23:14:28.773 | DEBUG    | eval.evaluation.evaluation:metric_call:77 - metric_func_name exact_match score 1.0 msg exact match, response: nan, target: nan
2026-08-12 23:14:28.773 | DEBUG    | eval.evaluation.evaluation:metric_call:77 - metric_func_name exact_match score 1.0 msg exact match, response: nan, target: nan
2026-08-12 23:14:28.773 | DEBUG    | eval.evaluation.evaluation:metric_call:77 - metric_func_name exact_match score 1.0 msg exact match, response: nan, target: nan
2026-08-12 23:14:28.773 | DEBUG    | eval.evaluation.evaluation:metric_call:77 - metric_func_name exact_match score 1.0 msg exact match, response: nan, target: nan
2026-08-12 23:14:28.773 | DEBUG    | eval.evaluation.evaluation:metric_call:77 - metric_func_name exact_match score 1.0 msg exact match, response: nan, target: nan
2026-08-12 23:14:28.773 | DEBUG    | eval.evaluation.evaluation:metric_call:77 - metric_func_name exact_match score 1.0 msg exact match, response: nan, target: nan
2026-08-12 23:14:28.773 | DEBUG    | eval.evaluation.evaluation:metric_call:77 - metric_func_name exact_match score 1.0 msg exact match, response: 2.10%, target: 2.10%
2026-08-12 23:14:28.773 | DEBUG    | eval.evaluation.evaluation:metric_call:77 - metric_func_name exact_match score 1.0 msg exact match, response: nan, target: nan
2026-08-12 23:14:28.773 | DEBUG    | eval.evaluation.evaluation:metric_call:77 - metric_func_name exact_match score 1.0 msg exact match, response: nan, target: nan
2026-08-12 23:14:28.773 | DEBUG    | eval.evaluation.evaluation:metric_call:77 - metric_func_name exact_match score 1.0 msg exact match, response: nan, target: nan
2026-08-12 23:14:28.773 | DEBUG    | eval.evaluation.evaluation:metric_call:77 - metric_func_name exact_match score 1.0 msg exact match, response: 2.00%, target: 2.00%
2026-08-12 23:14:28.773 | DEBUG    | eval.evaluation.evaluation:metric_call:77 - metric_func_name exact_match score 1.0 msg exact match, response: nan, target: nan
2026-08-12 23:14:28.773 | DEBUG    | eval.evaluation.evaluation:metric_call:77 - metric_func_name exact_match score 1.0 msg exact match, response: nan, target: nan
2026-08-12 23:14:28.774 | DEBUG    | eval.evaluation.evaluation:metric_call:77 - metric_func_name exact_match score 1.0 msg exact match, response: nan, target: nan
2026-08-12 23:14:28.774 | DEBUG    | eval.evaluation.evaluation:metric_call:77 - metric_func_name exact_match score 1.0 msg exact match, response: 1.90%, target: 1.90%
2026-08-12 23:14:28.774 | DEBUG    | eval.evaluation.evaluation:metric_call:77 - metric_func_name exact_match score 1.0 msg exact match, response: nan, target: nan
2026-08-12 23:14:28.774 | DEBUG    | eval.evaluation.evaluation:metric_call:77 - metric_func_name exact_match score 1.0 msg exact match, response: 1.80%, target: 1.80%
2026-08-12 23:14:28.774 | DEBUG    | eval.evaluation.evaluation:metric_call:77 - metric_func_name exact_match score 1.0 msg exact match, response: nan, target: nan
2026-08-12 23:14:28.774 | DEBUG    | eval.evaluation.evaluation:metric_call:77 - metric_func_name exact_match score 1.0 msg exact match, response: nan, target: nan
2026-08-12 23:14:28.774 | DEBUG    | eval.evaluation.evaluation:metric_call:77 - metric_func_name exact_match score 1.0 msg exact match, response: nan, target: nan
2026-08-12 23:14:28.774 | DEBUG    | eval.evaluation.evaluation:metric_call:77 - metric_func_name exact_match score 1.0 msg exact match, response: nan, target: nan
2026-08-12 23:14:28.774 | DEBUG    | eval.evaluation.evaluation:metric_call:77 - metric_func_name exact_match score 1.0 msg exact match, response: 1.70%, target: 1.70%
2026-08-12 23:14:28.774 | DEBUG    | eval.evaluation.evaluation:metric_call:77 - metric_func_name exact_match score 0.0 msg exact not match, response: 1.50%, target: nan
2026-08-12 23:14:28.774 | DEBUG    | eval.evaluation.evaluation:metric_call:77 - metric_func_name exact_match score 1.0 msg exact match, response: nan, target: nan
2026-08-12 23:14:28.774 | DEBUG    | eval.evaluation.evaluation:metric_call:77 - metric_func_name exact_match score 1.0 msg exact match, response: 1.40%, target: 1.40%
2026-08-12 23:14:28.774 | DEBUG    | eval.evaluation.evaluation:metric_call:77 - metric_func_name exact_match score 1.0 msg exact match, response: nan, target: nan
2026-08-12 23:14:28.774 | DEBUG    | eval.evaluation.evaluation:metric_call:77 - metric_func_name exact_match score 1.0 msg exact match, response: nan, target: nan
2026-08-12 23:14:28.775 | DEBUG    | eval.evaluation.evaluation:evaluate_single_query:321 - wide2deep_ws_zh_068, col 调整后的7天逆回购操作利率, metric_func_name exact_match, score [1.0, 1.0, 1.0, 1.0, 1.0, 1.0, 1.0, 1.0, 1.0, 1.0, 1.0, 1.0, 1.0, 1.0, 1.0, 1.0, 1.0, 1.0, 1.0, 1.0, 1.0, 1.0, 1.0, 1.0, 1.0, 1.0, 0.0, 1.0, 1.0, 1.0, 1.0]
2026-08-12 23:14:28.775 | DEBUG    | eval.evaluation.evaluation:metric_call:77 - metric_func_name exact_match score 0.0 msg exact not match, response: 10.4%, target: 大型金融机构：13.00%
中小型金融机构：11.00%
2026-08-12 23:14:28.775 | DEBUG    | eval.evaluation.evaluation:metric_call:77 - metric_func_name exact_match score 1.0 msg exact match, response: nan, target: nan
2026-08-12 23:14:28.775 | DEBUG    | eval.evaluation.evaluation:metric_call:77 - metric_func_name exact_match score 1.0 msg exact match, response: nan, target: nan
2026-08-12 23:14:28.775 | DEBUG    | eval.evaluation.evaluation:metric_call:77 - metric_func_name exact_match score 1.0 msg exact match, response: nan, target: nan
2026-08-12 23:14:28.775 | DEBUG    | eval.evaluation.evaluation:metric_call:77 - metric_func_name exact_match score 0.0 msg exact not match, response: 9.6%, target: 大型金融机构：12.50%
中小型金融机构：10.50%
2026-08-12 23:14:28.775 | DEBUG    | eval.evaluation.evaluation:metric_call:77 - metric_func_name exact_match score 1.0 msg exact match, response: nan, target: nan
2026-08-12 23:14:28.775 | DEBUG    | eval.evaluation.evaluation:metric_call:77 - metric_func_name exact_match score 0.0 msg exact not match, response: 9.5%, target: 大型金融机构：12.50%
中小型金融机构：10.00%
2026-08-12 23:14:28.775 | DEBUG    | eval.evaluation.evaluation:metric_call:77 - metric_func_name exact_match score 0.0 msg exact not match, response: 9.4%, target: 大型金融机构：12.50%
中小型金融机构：9.50%
2026-08-12 23:14:28.775 | DEBUG    | eval.evaluation.evaluation:metric_call:77 - metric_func_name exact_match score 0.0 msg exact not match, response: 8.9%, target: 大型金融机构：12.00%
中小型金融机构：9.00%
2026-08-12 23:14:28.776 | DEBUG    | eval.evaluation.evaluation:metric_call:77 - metric_func_name exact_match score 1.0 msg exact match, response: nan, target: nan
2026-08-12 23:14:28.776 | DEBUG    | eval.evaluation.evaluation:metric_call:77 - metric_func_name exact_match score 1.0 msg exact match, response: nan, target: nan
2026-08-12 23:14:28.776 | DEBUG    | eval.evaluation.evaluation:metric_call:77 - metric_func_name exact_match score 1.0 msg exact match, response: nan, target: nan
2026-08-12 23:14:28.776 | DEBUG    | eval.evaluation.evaluation:metric_call:77 - metric_func_name exact_match score 0.0 msg exact not match, response: 8.4%, target: 大型金融机构：11.50%
中小型金融机构：8.50%
2026-08-12 23:14:28.776 | DEBUG    | eval.evaluation.evaluation:metric_call:77 - metric_func_name exact_match score 1.0 msg exact match, response: nan, target: nan
2026-08-12 23:14:28.776 | DEBUG    | eval.evaluation.evaluation:metric_call:77 - metric_func_name exact_match score 1.0 msg exact match, response: nan, target: nan
2026-08-12 23:14:28.776 | DEBUG    | eval.evaluation.evaluation:metric_call:77 - metric_func_name exact_match score 1.0 msg exact match, response: nan, target: nan
2026-08-12 23:14:28.776 | DEBUG    | eval.evaluation.evaluation:metric_call:77 - metric_func_name exact_match score 0.0 msg exact not match, response: 8.1%, target: 大型金融机构：11.25%
中小型金融机构：8.25%
2026-08-12 23:14:28.776 | DEBUG    | eval.evaluation.evaluation:metric_call:77 - metric_func_name exact_match score 0.0 msg exact not match, response: 7.8%, target: 大型金融机构：11.00%
中小型金融机构：8.00%
2026-08-12 23:14:28.776 | DEBUG    | eval.evaluation.evaluation:metric_call:77 - metric_func_name exact_match score 1.0 msg exact match, response: nan, target: nan
2026-08-12 23:14:28.776 | DEBUG    | eval.evaluation.evaluation:metric_call:77 - metric_func_name exact_match score 1.0 msg exact match, response: nan, target: nan
2026-08-12 23:14:28.776 | DEBUG    | eval.evaluation.evaluation:metric_call:77 - metric_func_name exact_match score 1.0 msg exact match, response: nan, target: nan
2026-08-12 23:14:28.776 | DEBUG    | eval.evaluation.evaluation:metric_call:77 - metric_func_name exact_match score 1.0 msg exact match, response: nan, target: nan
2026-08-12 23:14:28.776 | DEBUG    | eval.evaluation.evaluation:metric_call:77 - metric_func_name exact_match score 0.0 msg exact not match, response: 7.6%, target: 大型金融机构：10.75%
中小型金融机构：7.75%
2026-08-12 23:14:28.776 | DEBUG    | eval.evaluation.evaluation:metric_call:77 - metric_func_name exact_match score 0.0 msg exact not match, response: 7.4%, target: 大型金融机构：10.50%
中小型金融机构：7.50%
2026-08-12 23:14:28.776 | DEBUG    | eval.evaluation.evaluation:metric_call:77 - metric_func_name exact_match score 1.0 msg exact match, response: nan, target: nan
2026-08-12 23:14:28.776 | DEBUG    | eval.evaluation.evaluation:metric_call:77 - metric_func_name exact_match score 1.0 msg exact match, response: nan, target: nan
2026-08-12 23:14:28.776 | DEBUG    | eval.evaluation.evaluation:metric_call:77 - metric_func_name exact_match score 0.0 msg exact not match, response: 7.0%, target: 大型金融机构：10.00%
中小型金融机构：7.00%
2026-08-12 23:14:28.776 | DEBUG    | eval.evaluation.evaluation:metric_call:77 - metric_func_name exact_match score 1.0 msg exact match, response: nan, target: nan
2026-08-12 23:14:28.776 | DEBUG    | eval.evaluation.evaluation:metric_call:77 - metric_func_name exact_match score 1.0 msg exact match, response: nan, target: nan
2026-08-12 23:14:28.777 | DEBUG    | eval.evaluation.evaluation:metric_call:77 - metric_func_name exact_match score 0.0 msg exact not match, response: 6.6%, target: 大型金融机构：9.50%
中小型金融机构：6.50%
2026-08-12 23:14:28.777 | DEBUG    | eval.evaluation.evaluation:metric_call:77 - metric_func_name exact_match score 1.0 msg exact match, response: nan, target: nan
2026-08-12 23:14:28.777 | DEBUG    | eval.evaluation.evaluation:evaluate_single_query:321 - wide2deep_ws_zh_068, col 调整前的金融机构存款准备金率, metric_func_name exact_match, score [0.0, 1.0, 1.0, 1.0, 0.0, 1.0, 0.0, 0.0, 0.0, 1.0, 1.0, 1.0, 0.0, 1.0, 1.0, 1.0, 0.0, 0.0, 1.0, 1.0, 1.0, 1.0, 0.0, 0.0, 1.0, 1.0, 0.0, 1.0, 1.0, 0.0, 1.0]
2026-08-12 23:14:28.777 | DEBUG    | eval.evaluation.evaluation:metric_call:77 - metric_func_name exact_match score 0.0 msg exact not match, response: 9.9%, target: 大型金融机构：12.50%
中小型金融机构：10.50%
2026-08-12 23:14:28.777 | DEBUG    | eval.evaluation.evaluation:metric_call:77 - metric_func_name exact_match score 1.0 msg exact match, response: nan, target: nan
2026-08-12 23:14:28.778 | DEBUG    | eval.evaluation.evaluation:metric_call:77 - metric_func_name exact_match score 1.0 msg exact match, response: nan, target: nan
2026-08-12 23:14:28.778 | DEBUG    | eval.evaluation.evaluation:metric_call:77 - metric_func_name exact_match score 1.0 msg exact match, response: nan, target: nan
2026-08-12 23:14:28.778 | DEBUG    | eval.evaluation.evaluation:metric_call:77 - metric_func_name exact_match score 0.0 msg exact not match, response: 9.5%, target: 大型金融机构：12.50%
中小型金融机构：10.00%
2026-08-12 23:14:28.778 | DEBUG    | eval.evaluation.evaluation:metric_call:77 - metric_func_name exact_match score 1.0 msg exact match, response: nan, target: nan
2026-08-12 23:14:28.778 | DEBUG    | eval.evaluation.evaluation:metric_call:77 - metric_func_name exact_match score 0.0 msg exact not match, response: 9.4%, target: 大型金融机构：12.50%
中小型金融机构：9.50%
2026-08-12 23:14:28.778 | DEBUG    | eval.evaluation.evaluation:metric_call:77 - metric_func_name exact_match score 0.0 msg exact not match, response: 8.9%, target: 大型金融机构：12.00%
中小型金融机构：9.00%
2026-08-12 23:14:28.778 | DEBUG    | eval.evaluation.evaluation:metric_call:77 - metric_func_name exact_match score 0.0 msg exact not match, response: 8.4%, target: 大型金融机构：11.50%
中小型金融机构：8.50%
2026-08-12 23:14:28.778 | DEBUG    | eval.evaluation.evaluation:metric_call:77 - metric_func_name exact_match score 1.0 msg exact match, response: nan, target: nan
2026-08-12 23:14:28.778 | DEBUG    | eval.evaluation.evaluation:metric_call:77 - metric_func_name exact_match score 1.0 msg exact match, response: nan, target: nan
2026-08-12 23:14:28.778 | DEBUG    | eval.evaluation.evaluation:metric_call:77 - metric_func_name exact_match score 1.0 msg exact match, response: nan, target: nan
2026-08-12 23:14:28.778 | DEBUG    | eval.evaluation.evaluation:metric_call:77 - metric_func_name exact_match score 0.0 msg exact not match, response: 8.1%, target: 大型金融机构：11.25%
中小型金融机构：8.25%
2026-08-12 23:14:28.778 | DEBUG    | eval.evaluation.evaluation:metric_call:77 - metric_func_name exact_match score 1.0 msg exact match, response: nan, target: nan
2026-08-12 23:14:28.778 | DEBUG    | eval.evaluation.evaluation:metric_call:77 - metric_func_name exact_match score 1.0 msg exact match, response: nan, target: nan
2026-08-12 23:14:28.778 | DEBUG    | eval.evaluation.evaluation:metric_call:77 - metric_func_name exact_match score 1.0 msg exact match, response: nan, target: nan
2026-08-12 23:14:28.778 | DEBUG    | eval.evaluation.evaluation:metric_call:77 - metric_func_name exact_match score 0.0 msg exact not match, response: 7.8%, target: 大型金融机构：11.00%
中小型金融机构：8.00%
2026-08-12 23:14:28.778 | DEBUG    | eval.evaluation.evaluation:metric_call:77 - metric_func_name exact_match score 0.0 msg exact not match, response: 7.6%, target: 大型金融机构：10.75%
中小型金融机构：7.75%
2026-08-12 23:14:28.778 | DEBUG    | eval.evaluation.evaluation:metric_call:77 - metric_func_name exact_match score 1.0 msg exact match, response: nan, target: nan
2026-08-12 23:14:28.778 | DEBUG    | eval.evaluation.evaluation:metric_call:77 - metric_func_name exact_match score 1.0 msg exact match, response: nan, target: nan
2026-08-12 23:14:28.778 | DEBUG    | eval.evaluation.evaluation:metric_call:77 - metric_func_name exact_match score 1.0 msg exact match, response: nan, target: nan
2026-08-12 23:14:28.778 | DEBUG    | eval.evaluation.evaluation:metric_call:77 - metric_func_name exact_match score 1.0 msg exact match, response: nan, target: nan
2026-08-12 23:14:28.778 | DEBUG    | eval.evaluation.evaluation:metric_call:77 - metric_func_name exact_match score 0.0 msg exact not match, response: 7.4%, target: 大型金融机构：10.50%
中小型金融机构：7.50%
2026-08-12 23:14:28.779 | DEBUG    | eval.evaluation.evaluation:metric_call:77 - metric_func_name exact_match score 0.0 msg exact not match, response: 7.0%, target: 大型金融机构：10.00%
中小型金融机构：7.00%
2026-08-12 23:14:28.779 | DEBUG    | eval.evaluation.evaluation:metric_call:77 - metric_func_name exact_match score 1.0 msg exact match, response: nan, target: nan
2026-08-12 23:14:28.779 | DEBUG    | eval.evaluation.evaluation:metric_call:77 - metric_func_name exact_match score 1.0 msg exact match, response: nan, target: nan
2026-08-12 23:14:28.779 | DEBUG    | eval.evaluation.evaluation:metric_call:77 - metric_func_name exact_match score 0.0 msg exact not match, response: 6.6%, target: 大型金融机构：9.50%
中小型金融机构：6.50%
2026-08-12 23:14:28.779 | DEBUG    | eval.evaluation.evaluation:metric_call:77 - metric_func_name exact_match score 1.0 msg exact match, response: nan, target: nan
2026-08-12 23:14:28.779 | DEBUG    | eval.evaluation.evaluation:metric_call:77 - metric_func_name exact_match score 1.0 msg exact match, response: nan, target: nan
2026-08-12 23:14:28.779 | DEBUG    | eval.evaluation.evaluation:metric_call:77 - metric_func_name exact_match score 0.0 msg exact not match, response: 6.2%, target: 大型金融机构：9.00%
中小型金融机构：6.00%
2026-08-12 23:14:28.779 | DEBUG    | eval.evaluation.evaluation:metric_call:77 - metric_func_name exact_match score 1.0 msg exact match, response: nan, target: nan
2026-08-12 23:14:28.779 | DEBUG    | eval.evaluation.evaluation:evaluate_single_query:321 - wide2deep_ws_zh_068, col 调整后的金融机构存款准备金率, metric_func_name exact_match, score [0.0, 1.0, 1.0, 1.0, 0.0, 1.0, 0.0, 0.0, 0.0, 1.0, 1.0, 1.0, 0.0, 1.0, 1.0, 1.0, 0.0, 0.0, 1.0, 1.0, 1.0, 1.0, 0.0, 0.0, 1.0, 1.0, 0.0, 1.0, 1.0, 0.0, 1.0]
2026-08-12 23:14:28.784 | INFO     | eval.evaluation.evaluation:evaluate_single_query:380 - wide2deep_ws_zh_068, P/R/F1 by unique_columns: 0.9688/0.9688/0.9688
2026-08-12 23:14:28.785 | INFO     | eval.evaluation.evaluation:evaluate_single_query:383 - wide2deep_ws_zh_068, P/R/F1 by row: 0.5938/0.5938/0.5938
2026-08-12 23:14:28.785 | INFO     | eval.evaluation.evaluation:evaluate_single_query:386 - wide2deep_ws_zh_068, P/R/F1 by item: 0.8875/0.8875/0.8875
2026-08-12 23:14:28.792 | INFO     | eval.evaluation.evaluation:evaluate_single_query:398 - wide2deep_ws_zh_068, final table score: 0.0
{"event": "eval_done", "idx": 3, "instance_id": "wide2deep_ws_zh_068", "score": 0.0, "entity_acc": 1.0, "f1_by_row": 0.59375, "f1_by_item": 0.8875, "column_f1": 0.96875, "error": null, "elapsed_seconds": 12.717, "running_n": 3}
2026-08-12 23:14:30.619 | DEBUG    | eval.evaluation.data_loader:extract_dataframe:167 - find markdown_str 
| National Park Name | State(s) | 2023 Total Visitor Spending(m ...
2026-08-12 23:14:32.079 | INFO     | eval.evaluation.metric_utils:primary_key_preprocess:246 - primary_key_preprocess result: ```json
{}
```
2026-08-12 23:14:32.080 | INFO     | eval.evaluation.evaluation:evaluate_single_query:223 - col: nationalparkname, primary_key_map {}
2026-08-12 23:14:32.087 | INFO     | eval.evaluation.evaluation:evaluate_single_query:275 - wide2deep_ws_en_017, df_inner shape: (0, 14), answer_df shape: (13, 7), response_df shape: (1, 8)
2026-08-12 23:14:36.452 | DEBUG    | eval.evaluation.evaluation:evaluate_single_query:321 - wide2deep_ws_en_017, col state(s), metric_func_name llm_judge, score []
2026-08-12 23:14:36.455 | ERROR    | eval.evaluation.evaluation:evaluate_single_query:401 - evaluator error: 
Traceback (most recent call last):
  File "/home/azureuser/workspace-gzy/zyf/deep/external/Marco-Search-Agent/Marco-DeepResearch-Family/DeepWideSearch/eval/evaluation/evaluation.py", line 315, in evaluate_single_query
    df_inner_score[f"{col}_{metric_func_name}"] = (
    ~~~~~~~~~~~~~~^^^^^^^^^^^^^^^^^^^^^^^^^^^^^
  File "/home/azureuser/workspace-gzy/zyf/deep/.venv-eval/lib/python3.12/site-packages/pandas/core/frame.py", line 4312, in __setitem__
    self._set_item_frame_value(key, value)
  File "/home/azureuser/workspace-gzy/zyf/deep/.venv-eval/lib/python3.12/site-packages/pandas/core/frame.py", line 4470, in _set_item_frame_value
    raise ValueError(
ValueError: Cannot set a DataFrame with multiple columns to the single column 2023totalvisitorspending(milliondollars)_number_near

{"event": "eval_done", "idx": 4, "instance_id": "wide2deep_ws_en_017", "score": null, "entity_acc": null, "f1_by_row": null, "f1_by_item": null, "column_f1": null, "error": "RuntimeError: official evaluator reported an internal error", "elapsed_seconds": 7.647, "running_n": 4}
2026-08-12 23:14:38.116 | DEBUG    | eval.evaluation.data_loader:extract_dataframe:167 - find markdown_str 
| Brand | Worldwide | New York | Detroit | Seattle |
| --- | -- ...
2026-08-12 23:14:41.566 | INFO     | eval.evaluation.metric_utils:primary_key_preprocess:246 - primary_key_preprocess result: ```json
{
  "McDonald's": "McDonald’s",
  "Burger King": "Burger King"
}
```
2026-08-12 23:14:41.567 | INFO     | eval.evaluation.evaluation:evaluate_single_query:223 - col: brand, primary_key_map {"McDonald's": 'McDonald’s', 'Burger King': 'Burger King'}
2026-08-12 23:14:41.573 | INFO     | eval.evaluation.evaluation:evaluate_single_query:275 - wide2deep_ws_en_028, df_inner shape: (2, 10), answer_df shape: (5, 5), response_df shape: (2, 6)
2026-08-12 23:14:41.574 | DEBUG    | eval.evaluation.evaluation:metric_call:77 - metric_func_name number_near score 1.0 msg number near in range 0.0%, response: 43477.0, target: 43477.0
2026-08-12 23:14:41.574 | DEBUG    | eval.evaluation.evaluation:metric_call:77 - metric_func_name number_near score 1.0 msg number near in range 0.0%, response: 19732.0, target: 19732.0
2026-08-12 23:14:41.574 | DEBUG    | eval.evaluation.evaluation:evaluate_single_query:321 - wide2deep_ws_en_028, col worldwide, metric_func_name number_near, score [1.0, 1.0]
2026-08-12 23:14:41.575 | DEBUG    | eval.evaluation.evaluation:metric_call:77 - metric_func_name exact_match score 1.0 msg exact match, response: nan, target: nan
2026-08-12 23:14:41.575 | DEBUG    | eval.evaluation.evaluation:metric_call:77 - metric_func_name exact_match score 1.0 msg exact match, response: nan, target: nan
2026-08-12 23:14:41.575 | DEBUG    | eval.evaluation.evaluation:evaluate_single_query:321 - wide2deep_ws_en_028, col newyork, metric_func_name exact_match, score [1.0, 1.0]
2026-08-12 23:14:41.575 | DEBUG    | eval.evaluation.evaluation:metric_call:77 - metric_func_name exact_match score 1.0 msg exact match, response: nan, target: nan
2026-08-12 23:14:41.575 | DEBUG    | eval.evaluation.evaluation:metric_call:77 - metric_func_name exact_match score 1.0 msg exact match, response: nan, target: nan
2026-08-12 23:14:41.576 | DEBUG    | eval.evaluation.evaluation:evaluate_single_query:321 - wide2deep_ws_en_028, col detroit, metric_func_name exact_match, score [1.0, 1.0]
2026-08-12 23:14:41.576 | DEBUG    | eval.evaluation.evaluation:metric_call:77 - metric_func_name exact_match score 1.0 msg exact match, response: nan, target: nan
2026-08-12 23:14:41.576 | DEBUG    | eval.evaluation.evaluation:metric_call:77 - metric_func_name exact_match score 1.0 msg exact match, response: nan, target: nan
2026-08-12 23:14:41.577 | DEBUG    | eval.evaluation.evaluation:evaluate_single_query:321 - wide2deep_ws_en_028, col seattle, metric_func_name exact_match, score [1.0, 1.0]
2026-08-12 23:14:41.581 | INFO     | eval.evaluation.evaluation:evaluate_single_query:380 - wide2deep_ws_en_028, P/R/F1 by unique_columns: 1.0000/0.4000/0.5714
2026-08-12 23:14:41.581 | INFO     | eval.evaluation.evaluation:evaluate_single_query:383 - wide2deep_ws_en_028, P/R/F1 by row: 1.0000/0.4000/0.5714
2026-08-12 23:14:41.581 | INFO     | eval.evaluation.evaluation:evaluate_single_query:386 - wide2deep_ws_en_028, P/R/F1 by item: 1.0000/0.4000/0.5714
2026-08-12 23:14:41.582 | INFO     | eval.evaluation.evaluation:evaluate_single_query:398 - wide2deep_ws_en_028, final table score: 0.0
{"event": "eval_done", "idx": 5, "instance_id": "wide2deep_ws_en_028", "score": 0.0, "entity_acc": 1.0, "f1_by_row": 0.5714285714285715, "f1_by_item": 0.5714285714285715, "column_f1": 0.5714285714285715, "error": null, "elapsed_seconds": 5.106, "running_n": 5}
2026-08-12 23:14:43.726 | DEBUG    | eval.evaluation.data_loader:extract_dataframe:167 - find markdown_str 
| Case Name | Case Date | Case File Number | Opinion Author | V ...
2026-08-12 23:14:46.628 | INFO     | eval.evaluation.metric_utils:primary_key_preprocess:246 - primary_key_preprocess result: ```json
{
  "casename": "casename",
  "casedate": "casedate",
  "casefilenumber": "docketnumber",
  "opinionauthor": "opinionauthor",
  "verdict": "judgmentoutcome"
}
```
2026-08-12 23:14:46.629 | INFO     | eval.evaluation.evaluation:evaluate_single_query:172 - column map: {'casename': 'casename', 'casedate': 'casedate', 'casefilenumber': 'docketnumber', 'opinionauthor': 'opinionauthor', 'verdict': 'judgmentoutcome'}
2026-08-12 23:14:46.629 | INFO     | eval.evaluation.evaluation:evaluate_single_query:173 - befor mapping: Index(['casename', 'casedate', 'casefilenumber', 'opinionauthor', 'verdict'], dtype='object')
2026-08-12 23:14:46.629 | INFO     | eval.evaluation.evaluation:evaluate_single_query:175 - after mapping: Index(['casename', 'casedate', 'docketnumber', 'opinionauthor',
       'judgmentoutcome'],
      dtype='object')
2026-08-12 23:14:52.695 | INFO     | eval.evaluation.metric_utils:primary_key_preprocess:246 - primary_key_preprocess result: ```json
{
  "Royal Canin U.S.A., Inc. v. Wullschleger": "Royal Canin U.S.A., Inc. v. Wullschleger",
  "E.M.D. Sales, Inc. v. Carrera": "E.M.D. Sales, Inc. v. Carrera",
  "TikTok Inc. v. Garland": "TikTok, Inc. v. Garland (Consolidated with Firebaugh v. Garland)",
  "Wisconsin Bell, Inc. v. United States ex rel. Heath": "Wisconsin Bell, Inc. v. United States, ex rel. Todd Heath",
  "Republic of Hungary v. Simon": "Republic of Hungary v. Simon (2024)",
  "Williams v. Reed": "Williams v. Reed",
  "Lackey v. Stinnie": "Lackey v. Stinnie",
  "Glossip v. Oklahoma": "Glossip v. Oklahoma",
  "Waetzig v. Halliburton Energy Services, Inc.": "Waetzig v. Halliburton Energy Services",
  "Dewberry Group, Inc. v. Dewberry Engineers Inc.": "Dewberry Group, Inc. v. Dewberry Engineers, Inc.",
  "City and County of San Francisco v. Environmental Protection Agency": "City and County of San Francisco v. Environmental Protection Agency",
  "Bufkin v. Collins": "Bufkin v. Collins",
  "Thompson v. United States": "Thompson v. United States",
  "Delligatti v. United States": "Delligatti v. United States",
  "Bondi v. VanDerStok": "Bondi v. VanDerStok",
  "United States v. Miller": "United States v. Miller",
  "Food and Drug Administration v. Wages and White Lion Investments, L.L.C.": "Food and Drug Administration v. Wages and White Lion Investments, LLC",
  "Medical Marijuana, Inc. v. Horn": "Medical Marijuana, Inc. v. Horn",
  "Cunningham v. Cornell University": "Cunningham v. Cornell University",
  "Monsalvo Velázquez v. Bondi": "Velazquez v. Bondi",
  "Advocate Christ Medical Center v. Becerra": "Advocate Christ Medical Center v. Kennedy",
  "Feliciano v. Department of Transportation": "Feliciano v. Department of Transportation",
  "Barnes v. Felix": "Barnes v. Felix",
  "Kousisis v. United States": "Kousisis v. United States",
  "Seven County Infrastructure Coalition v. Eagle County": "Seven County Infrastructure Coalition v. Eagle County, Colorado"
}
```
2026-08-12 23:14:52.695 | INFO     | eval.evaluation.evaluation:evaluate_single_query:223 - col: casename, primary_key_map {'Royal Canin U.S.A., Inc. v. Wullschleger': 'Royal Canin U.S.A., Inc. v. Wullschleger', 'E.M.D. Sales, Inc. v. Carrera': 'E.M.D. Sales, Inc. v. Carrera', 'TikTok Inc. v. Garland': 'TikTok, Inc. v. Garland (Consolidated with Firebaugh v. Garland)', 'Wisconsin Bell, Inc. v. United States ex rel. Heath': 'Wisconsin Bell, Inc. v. United States, ex rel. Todd Heath', 'Republic of Hungary v. Simon': 'Republic of Hungary v. Simon (2024)', 'Williams v. Reed': 'Williams v. Reed', 'Lackey v. Stinnie': 'Lackey v. Stinnie', 'Glossip v. Oklahoma': 'Glossip v. Oklahoma', 'Waetzig v. Halliburton Energy Services, Inc.': 'Waetzig v. Halliburton Energy Services', 'Dewberry Group, Inc. v. Dewberry Engineers Inc.': 'Dewberry Group, Inc. v. Dewberry Engineers, Inc.', 'City and County of San Francisco v. Environmental Protection Agency': 'City and County of San Francisco v. Environmental Protection Agency', 'Bufkin v. Collins': 'Bufkin v. Collins', 'Thompson v. United States': 'Thompson v. United States', 'Delligatti v. United States': 'Delligatti v. United States', 'Bondi v. VanDerStok': 'Bondi v. VanDerStok', 'United States v. Miller': 'United States v. Miller', 'Food and Drug Administration v. Wages and White Lion Investments, L.L.C.': 'Food and Drug Administration v. Wages and White Lion Investments, LLC', 'Medical Marijuana, Inc. v. Horn': 'Medical Marijuana, Inc. v. Horn', 'Cunningham v. Cornell University': 'Cunningham v. Cornell University', 'Monsalvo Velázquez v. Bondi': 'Velazquez v. Bondi', 'Advocate Christ Medical Center v. Becerra': 'Advocate Christ Medical Center v. Kennedy', 'Feliciano v. Department of Transportation': 'Feliciano v. Department of Transportation', 'Barnes v. Felix': 'Barnes v. Felix', 'Kousisis v. United States': 'Kousisis v. United States', 'Seven County Infrastructure Coalition v. Eagle County': 'Seven County Infrastructure Coalition v. Eagle County, Colorado'}
2026-08-12 23:14:52.701 | INFO     | eval.evaluation.evaluation:evaluate_single_query:275 - wide2deep_ws_en_030, df_inner shape: (25, 10), answer_df shape: (25, 5), response_df shape: (25, 6)
2026-08-12 23:14:52.702 | DEBUG    | eval.evaluation.evaluation:metric_call:77 - metric_func_name exact_match score 1.0 msg exact match, response: 2025-01-15, target: 2025-01-15
2026-08-12 23:14:52.702 | DEBUG    | eval.evaluation.evaluation:metric_call:77 - metric_func_name exact_match score 1.0 msg exact match, response: 2025-01-15, target: 2025-01-15
2026-08-12 23:14:52.703 | DEBUG    | eval.evaluation.evaluation:metric_call:77 - metric_func_name exact_match score 1.0 msg exact match, response: 2025-01-17, target: 2025-01-17
2026-08-12 23:14:52.703 | DEBUG    | eval.evaluation.evaluation:metric_call:77 - metric_func_name exact_match score 1.0 msg exact match, response: 2025-02-21, target: 2025-02-21
2026-08-12 23:14:52.703 | DEBUG    | eval.evaluation.evaluation:metric_call:77 - metric_func_name exact_match score 1.0 msg exact match, response: 2025-02-21, target: 2025-02-21
2026-08-12 23:14:52.703 | DEBUG    | eval.evaluation.evaluation:metric_call:77 - metric_func_name exact_match score 1.0 msg exact match, response: 2025-02-21, target: 2025-02-21
2026-08-12 23:14:52.703 | DEBUG    | eval.evaluation.evaluation:metric_call:77 - metric_func_name exact_match score 1.0 msg exact match, response: 2025-02-25, target: 2025-02-25
2026-08-12 23:14:52.703 | DEBUG    | eval.evaluation.evaluation:metric_call:77 - metric_func_name exact_match score 1.0 msg exact match, response: 2025-02-25, target: 2025-02-25
2026-08-12 23:14:52.703 | DEBUG    | eval.evaluation.evaluation:metric_call:77 - metric_func_name exact_match score 1.0 msg exact match, response: 2025-02-26, target: 2025-02-26
2026-08-12 23:14:52.703 | DEBUG    | eval.evaluation.evaluation:metric_call:77 - metric_func_name exact_match score 1.0 msg exact match, response: 2025-02-26, target: 2025-02-26
2026-08-12 23:14:52.703 | DEBUG    | eval.evaluation.evaluation:metric_call:77 - metric_func_name exact_match score 1.0 msg exact match, response: 2025-03-04, target: 2025-03-04
2026-08-12 23:14:52.703 | DEBUG    | eval.evaluation.evaluation:metric_call:77 - metric_func_name exact_match score 1.0 msg exact match, response: 2025-03-05, target: 2025-03-05
2026-08-12 23:14:52.703 | DEBUG    | eval.evaluation.evaluation:metric_call:77 - metric_func_name exact_match score 1.0 msg exact match, response: 2025-03-21, target: 2025-03-21
2026-08-12 23:14:52.703 | DEBUG    | eval.evaluation.evaluation:metric_call:77 - metric_func_name exact_match score 1.0 msg exact match, response: 2025-03-21, target: 2025-03-21
2026-08-12 23:14:52.703 | DEBUG    | eval.evaluation.evaluation:metric_call:77 - metric_func_name exact_match score 1.0 msg exact match, response: 2025-03-26, target: 2025-03-26
2026-08-12 23:14:52.703 | DEBUG    | eval.evaluation.evaluation:metric_call:77 - metric_func_name exact_match score 1.0 msg exact match, response: 2025-03-26, target: 2025-03-26
2026-08-12 23:14:52.703 | DEBUG    | eval.evaluation.evaluation:metric_call:77 - metric_func_name exact_match score 1.0 msg exact match, response: 2025-04-02, target: 2025-04-02
2026-08-12 23:14:52.703 | DEBUG    | eval.evaluation.evaluation:metric_call:77 - metric_func_name exact_match score 1.0 msg exact match, response: 2025-04-02, target: 2025-04-02
2026-08-12 23:14:52.703 | DEBUG    | eval.evaluation.evaluation:metric_call:77 - metric_func_name exact_match score 1.0 msg exact match, response: 2025-04-17, target: 2025-04-17
2026-08-12 23:14:52.703 | DEBUG    | eval.evaluation.evaluation:metric_call:77 - metric_func_name exact_match score 1.0 msg exact match, response: 2025-04-22, target: 2025-04-22
2026-08-12 23:14:52.703 | DEBUG    | eval.evaluation.evaluation:metric_call:77 - metric_func_name exact_match score 1.0 msg exact match, response: 2025-04-29, target: 2025-04-29
2026-08-12 23:14:52.703 | DEBUG    | eval.evaluation.evaluation:metric_call:77 - metric_func_name exact_match score 1.0 msg exact match, response: 2025-04-30, target: 2025-04-30
2026-08-12 23:14:52.703 | DEBUG    | eval.evaluation.evaluation:metric_call:77 - metric_func_name exact_match score 1.0 msg exact match, response: 2025-05-15, target: 2025-05-15
2026-08-12 23:14:52.703 | DEBUG    | eval.evaluation.evaluation:metric_call:77 - metric_func_name exact_match score 1.0 msg exact match, response: 2025-05-22, target: 2025-05-22
2026-08-12 23:14:52.703 | DEBUG    | eval.evaluation.evaluation:metric_call:77 - metric_func_name exact_match score 1.0 msg exact match, response: 2025-05-29, target: 2025-05-29
2026-08-12 23:14:52.704 | DEBUG    | eval.evaluation.evaluation:evaluate_single_query:321 - wide2deep_ws_en_030, col casedate, metric_func_name exact_match, score [1.0, 1.0, 1.0, 1.0, 1.0, 1.0, 1.0, 1.0, 1.0, 1.0, 1.0, 1.0, 1.0, 1.0, 1.0, 1.0, 1.0, 1.0, 1.0, 1.0, 1.0, 1.0, 1.0, 1.0, 1.0]
2026-08-12 23:14:57.528 | DEBUG    | eval.evaluation.evaluation:evaluate_single_query:321 - wide2deep_ws_en_030, col docketnumber, metric_func_name llm_judge, score [1, 1, 0, 1, 1, 1, 1, 1, 1, 1, 1, 1, 1, 1, 1, 1, 1, 1, 1, 1, 1, 1, 1, 1, 1]
2026-08-12 23:15:02.886 | DEBUG    | eval.evaluation.evaluation:evaluate_single_query:321 - wide2deep_ws_en_030, col opinionauthor, metric_func_name llm_judge, score [1, 1, 1, 1, 1, 1, 1, 1, 1, 1, 1, 1, 1, 1, 1, 1, 1, 1, 0, 1, 1, 1, 1, 1, 1]
2026-08-12 23:15:07.588 | DEBUG    | eval.evaluation.evaluation:evaluate_single_query:321 - wide2deep_ws_en_030, col judgmentoutcome, metric_func_name llm_judge, score [0, 0, 1, 1, 1, 0, 1, 0, 1, 1, 0, 1, 1, 0, 0, 0, 0, 1, 0, 0, 1, 0, 1, 1, 1]
2026-08-12 23:15:07.593 | INFO     | eval.evaluation.evaluation:evaluate_single_query:380 - wide2deep_ws_en_030, P/R/F1 by unique_columns: 1.0000/1.0000/1.0000
2026-08-12 23:15:07.593 | INFO     | eval.evaluation.evaluation:evaluate_single_query:383 - wide2deep_ws_en_030, P/R/F1 by row: 0.4800/0.4800/0.4800
2026-08-12 23:15:07.593 | INFO     | eval.evaluation.evaluation:evaluate_single_query:386 - wide2deep_ws_en_030, P/R/F1 by item: 0.8880/0.8880/0.8880
2026-08-12 23:15:07.595 | INFO     | eval.evaluation.evaluation:evaluate_single_query:398 - wide2deep_ws_en_030, final table score: 0.0
{"event": "eval_done", "idx": 6, "instance_id": "wide2deep_ws_en_030", "score": 0.0, "entity_acc": 1.0, "f1_by_row": 0.48, "f1_by_item": 0.888, "column_f1": 1.0, "error": null, "elapsed_seconds": 25.995, "running_n": 6}
{"event": "eval_done", "idx": 7, "instance_id": "wide2deep_ws_en_035", "score": 0.0, "entity_acc": 0.0, "f1_by_row": 0.0, "f1_by_item": 0.0, "column_f1": 0.0, "error": null, "elapsed_seconds": 3.023, "running_n": 7}
SUMMARY {"n": 7, "valid_n": 6, "errors": 1, "complete": false, "judge_calls_current_process": 24, "score": 0.0, "entity_acc": 0.8333333333333334, "precision_by_row": 0.5584384974920201, "recall_by_row": 0.47615721288515406, "f1_by_row": 0.49496063168857285, "precision_by_item": 0.724735636114911, "recall_by_item": 0.6489512138188609, "f1_by_item": 0.6641730290406761, "column_precision": 0.7738614341085271, "column_recall": 0.6995535714285714, "column_f1": 0.7139613858363858}
