INFO: Pandarallel will run on 8 workers.
INFO: Pandarallel will use Memory file system to transfer data between the main process and workers.
{"event": "eval_start", "selected": 7, "resume_committed": 0, "committed_errors": 0, "crash_only_resume": false}
2026-08-18 14:46:08.029 | DEBUG    | eval.evaluation.data_loader:extract_dataframe:167 - find markdown_str 
| Year | Film | Director | Lifetime Gross in Domestic Box Offic ...
2026-08-18 14:46:13.613 | INFO     | eval.evaluation.metric_utils:primary_key_preprocess:246 - primary_key_preprocess result: ```json
{
  "Bad Boys for Life": "Bad Boys for Life",
  "1917": "1917",
  "Sonic the Hedgehog": "Sonic the Hedgehog",
  "Jumanji: The Next Level": "Jumanji: The Next Level",
  "Star Wars: Episode IX – The Rise of Skywalker": "Star Wars: The Rise of Skywalker",
  "Spider-Man: No Way Home": "Spider-Man: No Way Home",
  "Shang-Chi and the Legend of the Ten Rings": "Shang-Chi and the Legend of the Ten Rings",
  "Venom: Let There Be Carnage": "Venom: Let There Be Carnage",
  "Black Widow": "Black Widow",
  "F9: The Fast Saga": "F9: The Fast Saga",
  "Top Gun: Maverick": "Top Gun: Maverick",
  "Black Panther: Wakanda Forever": "Black Panther: Wakanda Forever",
  "Doctor Strange in the Multiverse of Madness": "Doctor Strange in the Multiverse of Madness",
  "Avatar: The Way of Water": "Avatar: The Way of Water",
  "Jurassic World Dominion": "Jurassic World Dominion",
  "Barbie": "Barbie",
  "The Super Mario Bros. Movie": "The Super Mario Bros. Movie",
  "Spider-Man: Across the Spider-Verse": "Spider-Man: Across the Spider-Verse",
  "Guardians of the Galaxy Vol. 3": "Guardians of the Galaxy Vol. 3",
  "Oppenheimer": "Oppenheimer",
  "Inside Out 2": "Inside Out 2",
  "Deadpool & Wolverine": "Deadpool & Wolverine",
  "Wicked": "Wicked",
  "Moana 2": "Moana 2",
  "Despicable Me 4": "Despicable Me 4"
}
```
2026-08-18 14:46:13.613 | INFO     | eval.evaluation.evaluation:evaluate_single_query:223 - col: film, primary_key_map {'Bad Boys for Life': 'Bad Boys for Life', '1917': '1917', 'Sonic the Hedgehog': 'Sonic the Hedgehog', 'Jumanji: The Next Level': 'Jumanji: The Next Level', 'Star Wars: Episode IX – The Rise of Skywalker': 'Star Wars: The Rise of Skywalker', 'Spider-Man: No Way Home': 'Spider-Man: No Way Home', 'Shang-Chi and the Legend of the Ten Rings': 'Shang-Chi and the Legend of the Ten Rings', 'Venom: Let There Be Carnage': 'Venom: Let There Be Carnage', 'Black Widow': 'Black Widow', 'F9: The Fast Saga': 'F9: The Fast Saga', 'Top Gun: Maverick': 'Top Gun: Maverick', 'Black Panther: Wakanda Forever': 'Black Panther: Wakanda Forever', 'Doctor Strange in the Multiverse of Madness': 'Doctor Strange in the Multiverse of Madness', 'Avatar: The Way of Water': 'Avatar: The Way of Water', 'Jurassic World Dominion': 'Jurassic World Dominion', 'Barbie': 'Barbie', 'The Super Mario Bros. Movie': 'The Super Mario Bros. Movie', 'Spider-Man: Across the Spider-Verse': 'Spider-Man: Across the Spider-Verse', 'Guardians of the Galaxy Vol. 3': 'Guardians of the Galaxy Vol. 3', 'Oppenheimer': 'Oppenheimer', 'Inside Out 2': 'Inside Out 2', 'Deadpool & Wolverine': 'Deadpool & Wolverine', 'Wicked': 'Wicked', 'Moana 2': 'Moana 2', 'Despicable Me 4': 'Despicable Me 4'}
2026-08-18 14:46:13.621 | INFO     | eval.evaluation.evaluation:evaluate_single_query:275 - wide2deep_ws_en_069, df_inner shape: (25, 10), answer_df shape: (25, 5), response_df shape: (25, 6)
2026-08-18 14:46:13.622 | DEBUG    | eval.evaluation.evaluation:metric_call:77 - metric_func_name exact_match score 1.0 msg exact match, response: 2020, target: 2020
2026-08-18 14:46:13.622 | DEBUG    | eval.evaluation.evaluation:metric_call:77 - metric_func_name exact_match score 1.0 msg exact match, response: 2020, target: 2020
2026-08-18 14:46:13.622 | DEBUG    | eval.evaluation.evaluation:metric_call:77 - metric_func_name exact_match score 1.0 msg exact match, response: 2020, target: 2020
2026-08-18 14:46:13.622 | DEBUG    | eval.evaluation.evaluation:metric_call:77 - metric_func_name exact_match score 1.0 msg exact match, response: 2020, target: 2020
2026-08-18 14:46:13.622 | DEBUG    | eval.evaluation.evaluation:metric_call:77 - metric_func_name exact_match score 1.0 msg exact match, response: 2020, target: 2020
2026-08-18 14:46:13.622 | DEBUG    | eval.evaluation.evaluation:metric_call:77 - metric_func_name exact_match score 1.0 msg exact match, response: 2021, target: 2021
2026-08-18 14:46:13.622 | DEBUG    | eval.evaluation.evaluation:metric_call:77 - metric_func_name exact_match score 1.0 msg exact match, response: 2021, target: 2021
2026-08-18 14:46:13.622 | DEBUG    | eval.evaluation.evaluation:metric_call:77 - metric_func_name exact_match score 1.0 msg exact match, response: 2021, target: 2021
2026-08-18 14:46:13.622 | DEBUG    | eval.evaluation.evaluation:metric_call:77 - metric_func_name exact_match score 1.0 msg exact match, response: 2021, target: 2021
2026-08-18 14:46:13.622 | DEBUG    | eval.evaluation.evaluation:metric_call:77 - metric_func_name exact_match score 1.0 msg exact match, response: 2021, target: 2021
2026-08-18 14:46:13.622 | DEBUG    | eval.evaluation.evaluation:metric_call:77 - metric_func_name exact_match score 1.0 msg exact match, response: 2022, target: 2022
2026-08-18 14:46:13.622 | DEBUG    | eval.evaluation.evaluation:metric_call:77 - metric_func_name exact_match score 1.0 msg exact match, response: 2022, target: 2022
2026-08-18 14:46:13.622 | DEBUG    | eval.evaluation.evaluation:metric_call:77 - metric_func_name exact_match score 1.0 msg exact match, response: 2022, target: 2022
2026-08-18 14:46:13.623 | DEBUG    | eval.evaluation.evaluation:metric_call:77 - metric_func_name exact_match score 1.0 msg exact match, response: 2022, target: 2022
2026-08-18 14:46:13.623 | DEBUG    | eval.evaluation.evaluation:metric_call:77 - metric_func_name exact_match score 1.0 msg exact match, response: 2022, target: 2022
2026-08-18 14:46:13.623 | DEBUG    | eval.evaluation.evaluation:metric_call:77 - metric_func_name exact_match score 1.0 msg exact match, response: 2023, target: 2023
2026-08-18 14:46:13.623 | DEBUG    | eval.evaluation.evaluation:metric_call:77 - metric_func_name exact_match score 1.0 msg exact match, response: 2023, target: 2023
2026-08-18 14:46:13.623 | DEBUG    | eval.evaluation.evaluation:metric_call:77 - metric_func_name exact_match score 1.0 msg exact match, response: 2023, target: 2023
2026-08-18 14:46:13.623 | DEBUG    | eval.evaluation.evaluation:metric_call:77 - metric_func_name exact_match score 1.0 msg exact match, response: 2023, target: 2023
2026-08-18 14:46:13.623 | DEBUG    | eval.evaluation.evaluation:metric_call:77 - metric_func_name exact_match score 1.0 msg exact match, response: 2023, target: 2023
2026-08-18 14:46:13.623 | DEBUG    | eval.evaluation.evaluation:metric_call:77 - metric_func_name exact_match score 1.0 msg exact match, response: 2024, target: 2024
2026-08-18 14:46:13.623 | DEBUG    | eval.evaluation.evaluation:metric_call:77 - metric_func_name exact_match score 1.0 msg exact match, response: 2024, target: 2024
2026-08-18 14:46:13.623 | DEBUG    | eval.evaluation.evaluation:metric_call:77 - metric_func_name exact_match score 1.0 msg exact match, response: 2024, target: 2024
2026-08-18 14:46:13.623 | DEBUG    | eval.evaluation.evaluation:metric_call:77 - metric_func_name exact_match score 1.0 msg exact match, response: 2024, target: 2024
2026-08-18 14:46:13.623 | DEBUG    | eval.evaluation.evaluation:metric_call:77 - metric_func_name exact_match score 1.0 msg exact match, response: 2024, target: 2024
2026-08-18 14:46:13.624 | DEBUG    | eval.evaluation.evaluation:evaluate_single_query:321 - wide2deep_ws_en_069, col year, metric_func_name exact_match, score [1.0, 1.0, 1.0, 1.0, 1.0, 1.0, 1.0, 1.0, 1.0, 1.0, 1.0, 1.0, 1.0, 1.0, 1.0, 1.0, 1.0, 1.0, 1.0, 1.0, 1.0, 1.0, 1.0, 1.0, 1.0]
2026-08-18 14:46:19.788 | DEBUG    | eval.evaluation.evaluation:evaluate_single_query:321 - wide2deep_ws_en_069, col director, metric_func_name llm_judge, score [1, 1, 0, 1, 1, 1, 1, 1, 1, 1, 1, 1, 1, 1, 1, 1, 1, 1, 1, 1, 1, 1, 1, 1, 0]
2026-08-18 14:46:19.789 | DEBUG    | eval.evaluation.evaluation:metric_call:77 - metric_func_name number_near score 1.0 msg number near in range 5.0%, response: 0.515, target: 0.51
2026-08-18 14:46:19.789 | DEBUG    | eval.evaluation.evaluation:metric_call:77 - metric_func_name number_near score 1.0 msg number near in range 5.0%, response: 0.32, target: 0.32
2026-08-18 14:46:19.789 | DEBUG    | eval.evaluation.evaluation:metric_call:77 - metric_func_name number_near score 1.0 msg number near in range 5.0%, response: 0.206, target: 0.2
2026-08-18 14:46:19.789 | DEBUG    | eval.evaluation.evaluation:metric_call:77 - metric_func_name number_near score 1.0 msg number near in range 5.0%, response: 0.159, target: 0.16
2026-08-18 14:46:19.789 | DEBUG    | eval.evaluation.evaluation:metric_call:77 - metric_func_name number_near score 1.0 msg number near in range 5.0%, response: 0.149, target: 0.15
2026-08-18 14:46:19.789 | DEBUG    | eval.evaluation.evaluation:metric_call:77 - metric_func_name number_near score 1.0 msg number near in range 5.0%, response: 0.814, target: 0.8
2026-08-18 14:46:19.789 | DEBUG    | eval.evaluation.evaluation:metric_call:77 - metric_func_name number_near score 1.0 msg number near in range 5.0%, response: 0.225, target: 0.22
2026-08-18 14:46:19.789 | DEBUG    | eval.evaluation.evaluation:metric_call:77 - metric_func_name number_near score 1.0 msg number near in range 5.0%, response: 0.214, target: 0.21
2026-08-18 14:46:19.789 | DEBUG    | eval.evaluation.evaluation:metric_call:77 - metric_func_name number_near score 1.0 msg number near in range 5.0%, response: 0.184, target: 0.18
2026-08-18 14:46:19.789 | DEBUG    | eval.evaluation.evaluation:metric_call:77 - metric_func_name number_near score 1.0 msg number near in range 5.0%, response: 0.173, target: 0.17
2026-08-18 14:46:19.789 | DEBUG    | eval.evaluation.evaluation:metric_call:77 - metric_func_name number_near score 1.0 msg number near in range 5.0%, response: 0.719, target: 0.71
2026-08-18 14:46:19.789 | DEBUG    | eval.evaluation.evaluation:metric_call:77 - metric_func_name number_near score 1.0 msg number near in range 5.0%, response: 0.684, target: 0.68
2026-08-18 14:46:19.789 | DEBUG    | eval.evaluation.evaluation:metric_call:77 - metric_func_name number_near score 1.0 msg number near in range 5.0%, response: 0.411, target: 0.41
2026-08-18 14:46:19.789 | DEBUG    | eval.evaluation.evaluation:metric_call:77 - metric_func_name number_near score 1.0 msg number near in range 5.0%, response: 0.454, target: 0.45
2026-08-18 14:46:19.789 | DEBUG    | eval.evaluation.evaluation:metric_call:77 - metric_func_name number_near score 1.0 msg number near in range 5.0%, response: 0.377, target: 0.38
2026-08-18 14:46:19.789 | DEBUG    | eval.evaluation.evaluation:metric_call:77 - metric_func_name number_near score 1.0 msg number near in range 5.0%, response: 0.636, target: 0.64
2026-08-18 14:46:19.789 | DEBUG    | eval.evaluation.evaluation:metric_call:77 - metric_func_name number_near score 1.0 msg number near in range 5.0%, response: 0.575, target: 0.57
2026-08-18 14:46:19.789 | DEBUG    | eval.evaluation.evaluation:metric_call:77 - metric_func_name number_near score 1.0 msg number near in range 5.0%, response: 0.381, target: 0.38
2026-08-18 14:46:19.789 | DEBUG    | eval.evaluation.evaluation:metric_call:77 - metric_func_name number_near score 1.0 msg number near in range 5.0%, response: 0.359, target: 0.36
2026-08-18 14:46:19.790 | DEBUG    | eval.evaluation.evaluation:metric_call:77 - metric_func_name number_near score 1.0 msg number near in range 5.0%, response: 0.33, target: 0.33
2026-08-18 14:46:19.790 | DEBUG    | eval.evaluation.evaluation:metric_call:77 - metric_func_name number_near score 1.0 msg number near in range 5.0%, response: 0.653, target: 0.65
2026-08-18 14:46:19.790 | DEBUG    | eval.evaluation.evaluation:metric_call:77 - metric_func_name number_near score 1.0 msg number near in range 5.0%, response: 0.637, target: 0.64
2026-08-18 14:46:19.790 | DEBUG    | eval.evaluation.evaluation:metric_call:77 - metric_func_name number_near score 1.0 msg number near in range 5.0%, response: 0.475, target: 0.47
2026-08-18 14:46:19.790 | DEBUG    | eval.evaluation.evaluation:metric_call:77 - metric_func_name number_near score 1.0 msg number near in range 5.0%, response: 0.46, target: 0.46
2026-08-18 14:46:19.790 | DEBUG    | eval.evaluation.evaluation:metric_call:77 - metric_func_name number_near score 1.0 msg number near in range 5.0%, response: 0.361, target: 0.36
2026-08-18 14:46:19.791 | DEBUG    | eval.evaluation.evaluation:evaluate_single_query:321 - wide2deep_ws_en_069, col lifetimegrossindomesticboxoffice(usdbillion), metric_func_name number_near, score [1.0, 1.0, 1.0, 1.0, 1.0, 1.0, 1.0, 1.0, 1.0, 1.0, 1.0, 1.0, 1.0, 1.0, 1.0, 1.0, 1.0, 1.0, 1.0, 1.0, 1.0, 1.0, 1.0, 1.0, 1.0]
2026-08-18 14:46:27.566 | DEBUG    | eval.evaluation.evaluation:evaluate_single_query:321 - wide2deep_ws_en_069, col genre, metric_func_name llm_judge, score [1, 1, 1, 1, 1, 1, 1, 1, 1, 1, 1, 1, 1, 1, 1, 1, 1, 1, 1, 1, 1, 1, 1, 1, 1]
2026-08-18 14:46:27.574 | INFO     | eval.evaluation.evaluation:evaluate_single_query:380 - wide2deep_ws_en_069, P/R/F1 by unique_columns: 1.0000/1.0000/1.0000
2026-08-18 14:46:27.574 | INFO     | eval.evaluation.evaluation:evaluate_single_query:383 - wide2deep_ws_en_069, P/R/F1 by row: 0.9200/0.9200/0.9200
2026-08-18 14:46:27.574 | INFO     | eval.evaluation.evaluation:evaluate_single_query:386 - wide2deep_ws_en_069, P/R/F1 by item: 0.9840/0.9840/0.9840
2026-08-18 14:46:27.577 | INFO     | eval.evaluation.evaluation:evaluate_single_query:398 - wide2deep_ws_en_069, final table score: 0.0
{"event": "eval_done", "idx": 1, "instance_id": "wide2deep_ws_en_069", "score": 0.0, "entity_acc": 1.0, "f1_by_row": 0.92, "f1_by_item": 0.984, "column_f1": 1.0, "error": null, "elapsed_seconds": 26.873, "running_n": 1}
2026-08-18 14:46:31.243 | DEBUG    | eval.evaluation.data_loader:extract_dataframe:167 - find markdown_str 
| 年份 | 姓名 | 党派 | 民众票数 | 团票数 |
| --- | --- | --- | --- | --- |
| ...
2026-08-18 14:46:37.381 | INFO     | eval.evaluation.metric_utils:primary_key_preprocess:246 - primary_key_preprocess result: ```json
{
  "1789": "1789",
  "1792": "1792",
  "1796": "1796",
  "1800": "1800",
  "1804": "1804",
  "1808": "1808",
  "1812": "1812",
  "1816": "1816",
  "1820": "1820",
  "1824": "1824",
  "1828": "1828",
  "1832": "1832",
  "1836": "1836",
  "1840": "1840",
  "1844": "1844",
  "1848": "1848",
  "1852": "1852",
  "1856": "1856",
  "1860": "1860",
  "1864": "1864",
  "1868": "1868",
  "1872": "1872",
  "1876": "1876",
  "1880": "1880",
  "1884": "1884",
  "1888": "1888",
  "1892": "1892",
  "1896": "1896",
  "1900": "1900",
  "1904": "1904",
  "1908": "1908",
  "1912": "1912",
  "1916": "1916",
  "1920": "1920",
  "1924": "1924",
  "1928": "1928",
  "1932": "1932",
  "1936": "1936",
  "1940": "1940",
  "1944": "1944",
  "1948": "1948",
  "1952": "1952",
  "1956": "1956",
  "1960": "1960",
  "1964": "1964",
  "1968": "1968",
  "1972": "1972",
  "1976": "1976",
  "1980": "1980",
  "1984": "1984",
  "1988": "1988",
  "1992": "1992",
  "1996": "1996",
  "2000": "2000",
  "2004": "2004",
  "2008": "2008",
  "2012": "2012",
  "2016": "2016",
  "2020": "2020",
  "2024": "2024"
}
```
2026-08-18 14:46:37.381 | INFO     | eval.evaluation.evaluation:evaluate_single_query:223 - col: 年份, primary_key_map {'1789': '1789', '1792': '1792', '1796': '1796', '1800': '1800', '1804': '1804', '1808': '1808', '1812': '1812', '1816': '1816', '1820': '1820', '1824': '1824', '1828': '1828', '1832': '1832', '1836': '1836', '1840': '1840', '1844': '1844', '1848': '1848', '1852': '1852', '1856': '1856', '1860': '1860', '1864': '1864', '1868': '1868', '1872': '1872', '1876': '1876', '1880': '1880', '1884': '1884', '1888': '1888', '1892': '1892', '1896': '1896', '1900': '1900', '1904': '1904', '1908': '1908', '1912': '1912', '1916': '1916', '1920': '1920', '1924': '1924', '1928': '1928', '1932': '1932', '1936': '1936', '1940': '1940', '1944': '1944', '1948': '1948', '1952': '1952', '1956': '1956', '1960': '1960', '1964': '1964', '1968': '1968', '1972': '1972', '1976': '1976', '1980': '1980', '1984': '1984', '1988': '1988', '1992': '1992', '1996': '1996', '2000': '2000', '2004': '2004', '2008': '2008', '2012': '2012', '2016': '2016', '2020': '2020', '2024': '2024'}
2026-08-18 14:46:51.603 | INFO     | eval.evaluation.metric_utils:primary_key_preprocess:246 - primary_key_preprocess result: ```json
{
  "乔治·华盛顿": "乔治・华盛顿",
  "约翰·亚当斯": "约翰・亚当斯",
  "托马斯·杰斐逊": "托马斯・杰弗逊",
  "詹姆斯·麦迪逊": "詹姆斯・麦迪逊",
  "詹姆斯·门罗": "詹姆斯・门罗",
  "约翰·昆西·亚当斯": "约翰・昆西・亚当斯",
  "安德鲁·杰克逊": "安德鲁・杰克逊",
  "马丁·范布伦": "马丁・范布伦",
  "威廉·亨利·哈里森": "威廉・亨利・哈里森",
  "詹姆斯·诺克斯·波尔克": "詹姆斯・诺克斯・波尔克",
  "扎卡里·泰勒": "扎卡里・泰勒",
  "富兰克林·皮尔斯": "富兰克林・皮尔斯",
  "詹姆斯·布坎南": "詹姆斯・布坎南",
  "亚伯拉罕·林肯": "亚伯拉罕・林肯",
  "尤利西斯·辛普森·格兰特": "尤利西斯・格兰特",
  "拉瑟福德·伯查德·海斯": "拉瑟福德・伯查德・海斯",
  "詹姆斯·艾布拉姆·加菲尔德": "詹姆斯・加菲尔德",
  "格罗弗·克利夫兰": "格罗弗・克利夫兰",
  "本杰明·哈里森": "本杰明・哈里森",
  "威廉·麦金莱": "威廉・麦金莱",
  "西奥多·罗斯福": "西奥多・罗斯福",
  "威廉·霍华德·塔夫脱": "威廉・霍华德・塔夫脱",
  "伍德罗·威尔逊": "伍德罗・威尔逊",
  "沃伦·甘梅利尔·哈定": "沃伦・盖玛利尔・哈定",
  "卡尔文·柯立芝": "卡尔文・柯立芝",
  "赫伯特·胡佛": "赫伯特・胡佛",
  "富兰克林·德拉诺·罗斯福": "富兰克林・德拉诺・罗斯福",
  "哈里·杜鲁门": "哈利・杜鲁门",
  "德怀特·戴维·艾森豪威尔": "德怀特・艾森豪威尔",
  "约翰·肯尼迪": "约翰・肯尼迪",
  "林登·约翰逊": "林登・约翰逊",
  "理查德·尼克松": "理查德・尼克松",
  "吉米·卡特": "吉米・卡特",
  "罗纳德·里根": "罗纳德・里根",
  "乔治·赫伯特·沃克·布什": "乔治・赫伯特・沃克・布什（老布什）",
  "比尔·克林顿": "比尔・克林顿",
  "乔治·沃克·布什": "乔治・沃克・布什（小布什）",
  "贝拉克·奥巴马": "巴拉克・奥巴马",
  "唐纳德·特朗普": "唐纳德・特朗普",
  "乔·拜登": "乔・拜登"
}
```
2026-08-18 14:46:51.603 | INFO     | eval.evaluation.evaluation:evaluate_single_query:223 - col: 姓名, primary_key_map {'乔治·华盛顿': '乔治・华盛顿', '约翰·亚当斯': '约翰・亚当斯', '托马斯·杰斐逊': '托马斯・杰弗逊', '詹姆斯·麦迪逊': '詹姆斯・麦迪逊', '詹姆斯·门罗': '詹姆斯・门罗', '约翰·昆西·亚当斯': '约翰・昆西・亚当斯', '安德鲁·杰克逊': '安德鲁・杰克逊', '马丁·范布伦': '马丁・范布伦', '威廉·亨利·哈里森': '威廉・亨利・哈里森', '詹姆斯·诺克斯·波尔克': '詹姆斯・诺克斯・波尔克', '扎卡里·泰勒': '扎卡里・泰勒', '富兰克林·皮尔斯': '富兰克林・皮尔斯', '詹姆斯·布坎南': '詹姆斯・布坎南', '亚伯拉罕·林肯': '亚伯拉罕・林肯', '尤利西斯·辛普森·格兰特': '尤利西斯・格兰特', '拉瑟福德·伯查德·海斯': '拉瑟福德・伯查德・海斯', '詹姆斯·艾布拉姆·加菲尔德': '詹姆斯・加菲尔德', '格罗弗·克利夫兰': '格罗弗・克利夫兰', '本杰明·哈里森': '本杰明・哈里森', '威廉·麦金莱': '威廉・麦金莱', '西奥多·罗斯福': '西奥多・罗斯福', '威廉·霍华德·塔夫脱': '威廉・霍华德・塔夫脱', '伍德罗·威尔逊': '伍德罗・威尔逊', '沃伦·甘梅利尔·哈定': '沃伦・盖玛利尔・哈定', '卡尔文·柯立芝': '卡尔文・柯立芝', '赫伯特·胡佛': '赫伯特・胡佛', '富兰克林·德拉诺·罗斯福': '富兰克林・德拉诺・罗斯福', '哈里·杜鲁门': '哈利・杜鲁门', '德怀特·戴维·艾森豪威尔': '德怀特・艾森豪威尔', '约翰·肯尼迪': '约翰・肯尼迪', '林登·约翰逊': '林登・约翰逊', '理查德·尼克松': '理查德・尼克松', '吉米·卡特': '吉米・卡特', '罗纳德·里根': '罗纳德・里根', '乔治·赫伯特·沃克·布什': '乔治・赫伯特・沃克・布什（老布什）', '比尔·克林顿': '比尔・克林顿', '乔治·沃克·布什': '乔治・沃克・布什（小布什）', '贝拉克·奥巴马': '巴拉克・奥巴马', '唐纳德·特朗普': '唐纳德・特朗普', '乔·拜登': '乔・拜登'}
2026-08-18 14:46:51.610 | INFO     | eval.evaluation.evaluation:evaluate_single_query:275 - wide2deep_ws_zh_005, df_inner shape: (60, 10), answer_df shape: (60, 5), response_df shape: (60, 7)
2026-08-18 14:46:51.611 | DEBUG    | eval.evaluation.evaluation:metric_call:77 - metric_func_name exact_match score 1.0 msg exact match, response: 无党派, target: 无党派
2026-08-18 14:46:51.612 | DEBUG    | eval.evaluation.evaluation:metric_call:77 - metric_func_name exact_match score 1.0 msg exact match, response: 无党派, target: 无党派
2026-08-18 14:46:51.612 | DEBUG    | eval.evaluation.evaluation:metric_call:77 - metric_func_name exact_match score 1.0 msg exact match, response: 联邦党, target: 联邦党
2026-08-18 14:46:51.612 | DEBUG    | eval.evaluation.evaluation:metric_call:77 - metric_func_name exact_match score 1.0 msg exact match, response: 民主共和党, target: 民主共和党
2026-08-18 14:46:51.612 | DEBUG    | eval.evaluation.evaluation:metric_call:77 - metric_func_name exact_match score 1.0 msg exact match, response: 民主共和党, target: 民主共和党
2026-08-18 14:46:51.612 | DEBUG    | eval.evaluation.evaluation:metric_call:77 - metric_func_name exact_match score 1.0 msg exact match, response: 民主共和党, target: 民主共和党
2026-08-18 14:46:51.612 | DEBUG    | eval.evaluation.evaluation:metric_call:77 - metric_func_name exact_match score 1.0 msg exact match, response: 民主共和党, target: 民主共和党
2026-08-18 14:46:51.612 | DEBUG    | eval.evaluation.evaluation:metric_call:77 - metric_func_name exact_match score 1.0 msg exact match, response: 民主共和党, target: 民主共和党
2026-08-18 14:46:51.612 | DEBUG    | eval.evaluation.evaluation:metric_call:77 - metric_func_name exact_match score 1.0 msg exact match, response: 民主共和党, target: 民主共和党
2026-08-18 14:46:51.612 | DEBUG    | eval.evaluation.evaluation:metric_call:77 - metric_func_name exact_match score 1.0 msg exact match, response: 民主共和党, target: 民主共和党
2026-08-18 14:46:51.612 | DEBUG    | eval.evaluation.evaluation:metric_call:77 - metric_func_name exact_match score 1.0 msg exact match, response: 民主党, target: 民主党
2026-08-18 14:46:51.612 | DEBUG    | eval.evaluation.evaluation:metric_call:77 - metric_func_name exact_match score 1.0 msg exact match, response: 民主党, target: 民主党
2026-08-18 14:46:51.612 | DEBUG    | eval.evaluation.evaluation:metric_call:77 - metric_func_name exact_match score 1.0 msg exact match, response: 民主党, target: 民主党
2026-08-18 14:46:51.612 | DEBUG    | eval.evaluation.evaluation:metric_call:77 - metric_func_name exact_match score 1.0 msg exact match, response: 辉格党, target: 辉格党
2026-08-18 14:46:51.612 | DEBUG    | eval.evaluation.evaluation:metric_call:77 - metric_func_name exact_match score 1.0 msg exact match, response: 民主党, target: 民主党
2026-08-18 14:46:51.612 | DEBUG    | eval.evaluation.evaluation:metric_call:77 - metric_func_name exact_match score 1.0 msg exact match, response: 辉格党, target: 辉格党
2026-08-18 14:46:51.612 | DEBUG    | eval.evaluation.evaluation:metric_call:77 - metric_func_name exact_match score 1.0 msg exact match, response: 民主党, target: 民主党
2026-08-18 14:46:51.612 | DEBUG    | eval.evaluation.evaluation:metric_call:77 - metric_func_name exact_match score 1.0 msg exact match, response: 民主党, target: 民主党
2026-08-18 14:46:51.612 | DEBUG    | eval.evaluation.evaluation:metric_call:77 - metric_func_name exact_match score 1.0 msg exact match, response: 共和党, target: 共和党
2026-08-18 14:46:51.612 | DEBUG    | eval.evaluation.evaluation:metric_call:77 - metric_func_name exact_match score 0.0 msg exact not match, response: 全国联盟党, target: 共和党
2026-08-18 14:46:51.612 | DEBUG    | eval.evaluation.evaluation:metric_call:77 - metric_func_name exact_match score 1.0 msg exact match, response: 共和党, target: 共和党
2026-08-18 14:46:51.612 | DEBUG    | eval.evaluation.evaluation:metric_call:77 - metric_func_name exact_match score 1.0 msg exact match, response: 共和党, target: 共和党
2026-08-18 14:46:51.612 | DEBUG    | eval.evaluation.evaluation:metric_call:77 - metric_func_name exact_match score 1.0 msg exact match, response: 共和党, target: 共和党
2026-08-18 14:46:51.612 | DEBUG    | eval.evaluation.evaluation:metric_call:77 - metric_func_name exact_match score 1.0 msg exact match, response: 共和党, target: 共和党
2026-08-18 14:46:51.613 | DEBUG    | eval.evaluation.evaluation:metric_call:77 - metric_func_name exact_match score 1.0 msg exact match, response: 民主党, target: 民主党
2026-08-18 14:46:51.613 | DEBUG    | eval.evaluation.evaluation:metric_call:77 - metric_func_name exact_match score 1.0 msg exact match, response: 共和党, target: 共和党
2026-08-18 14:46:51.613 | DEBUG    | eval.evaluation.evaluation:metric_call:77 - metric_func_name exact_match score 1.0 msg exact match, response: 民主党, target: 民主党
2026-08-18 14:46:51.613 | DEBUG    | eval.evaluation.evaluation:metric_call:77 - metric_func_name exact_match score 1.0 msg exact match, response: 共和党, target: 共和党
2026-08-18 14:46:51.613 | DEBUG    | eval.evaluation.evaluation:metric_call:77 - metric_func_name exact_match score 1.0 msg exact match, response: 共和党, target: 共和党
2026-08-18 14:46:51.613 | DEBUG    | eval.evaluation.evaluation:metric_call:77 - metric_func_name exact_match score 1.0 msg exact match, response: 共和党, target: 共和党
2026-08-18 14:46:51.613 | DEBUG    | eval.evaluation.evaluation:metric_call:77 - metric_func_name exact_match score 1.0 msg exact match, response: 共和党, target: 共和党
2026-08-18 14:46:51.613 | DEBUG    | eval.evaluation.evaluation:metric_call:77 - metric_func_name exact_match score 1.0 msg exact match, response: 民主党, target: 民主党
2026-08-18 14:46:51.613 | DEBUG    | eval.evaluation.evaluation:metric_call:77 - metric_func_name exact_match score 1.0 msg exact match, response: 民主党, target: 民主党
2026-08-18 14:46:51.613 | DEBUG    | eval.evaluation.evaluation:metric_call:77 - metric_func_name exact_match score 1.0 msg exact match, response: 共和党, target: 共和党
2026-08-18 14:46:51.613 | DEBUG    | eval.evaluation.evaluation:metric_call:77 - metric_func_name exact_match score 1.0 msg exact match, response: 共和党, target: 共和党
2026-08-18 14:46:51.613 | DEBUG    | eval.evaluation.evaluation:metric_call:77 - metric_func_name exact_match score 1.0 msg exact match, response: 共和党, target: 共和党
2026-08-18 14:46:51.613 | DEBUG    | eval.evaluation.evaluation:metric_call:77 - metric_func_name exact_match score 1.0 msg exact match, response: 民主党, target: 民主党
2026-08-18 14:46:51.613 | DEBUG    | eval.evaluation.evaluation:metric_call:77 - metric_func_name exact_match score 1.0 msg exact match, response: 民主党, target: 民主党
2026-08-18 14:46:51.613 | DEBUG    | eval.evaluation.evaluation:metric_call:77 - metric_func_name exact_match score 1.0 msg exact match, response: 民主党, target: 民主党
2026-08-18 14:46:51.613 | DEBUG    | eval.evaluation.evaluation:metric_call:77 - metric_func_name exact_match score 1.0 msg exact match, response: 民主党, target: 民主党
2026-08-18 14:46:51.613 | DEBUG    | eval.evaluation.evaluation:metric_call:77 - metric_func_name exact_match score 1.0 msg exact match, response: 民主党, target: 民主党
2026-08-18 14:46:51.613 | DEBUG    | eval.evaluation.evaluation:metric_call:77 - metric_func_name exact_match score 1.0 msg exact match, response: 共和党, target: 共和党
2026-08-18 14:46:51.613 | DEBUG    | eval.evaluation.evaluation:metric_call:77 - metric_func_name exact_match score 1.0 msg exact match, response: 共和党, target: 共和党
2026-08-18 14:46:51.613 | DEBUG    | eval.evaluation.evaluation:metric_call:77 - metric_func_name exact_match score 1.0 msg exact match, response: 民主党, target: 民主党
2026-08-18 14:46:51.613 | DEBUG    | eval.evaluation.evaluation:metric_call:77 - metric_func_name exact_match score 1.0 msg exact match, response: 民主党, target: 民主党
2026-08-18 14:46:51.613 | DEBUG    | eval.evaluation.evaluation:metric_call:77 - metric_func_name exact_match score 1.0 msg exact match, response: 共和党, target: 共和党
2026-08-18 14:46:51.613 | DEBUG    | eval.evaluation.evaluation:metric_call:77 - metric_func_name exact_match score 1.0 msg exact match, response: 共和党, target: 共和党
2026-08-18 14:46:51.613 | DEBUG    | eval.evaluation.evaluation:metric_call:77 - metric_func_name exact_match score 1.0 msg exact match, response: 民主党, target: 民主党
2026-08-18 14:46:51.613 | DEBUG    | eval.evaluation.evaluation:metric_call:77 - metric_func_name exact_match score 1.0 msg exact match, response: 共和党, target: 共和党
2026-08-18 14:46:51.613 | DEBUG    | eval.evaluation.evaluation:metric_call:77 - metric_func_name exact_match score 1.0 msg exact match, response: 共和党, target: 共和党
2026-08-18 14:46:51.613 | DEBUG    | eval.evaluation.evaluation:metric_call:77 - metric_func_name exact_match score 1.0 msg exact match, response: 共和党, target: 共和党
2026-08-18 14:46:51.613 | DEBUG    | eval.evaluation.evaluation:metric_call:77 - metric_func_name exact_match score 1.0 msg exact match, response: 民主党, target: 民主党
2026-08-18 14:46:51.614 | DEBUG    | eval.evaluation.evaluation:metric_call:77 - metric_func_name exact_match score 1.0 msg exact match, response: 民主党, target: 民主党
2026-08-18 14:46:51.614 | DEBUG    | eval.evaluation.evaluation:metric_call:77 - metric_func_name exact_match score 1.0 msg exact match, response: 共和党, target: 共和党
2026-08-18 14:46:51.614 | DEBUG    | eval.evaluation.evaluation:metric_call:77 - metric_func_name exact_match score 1.0 msg exact match, response: 共和党, target: 共和党
2026-08-18 14:46:51.614 | DEBUG    | eval.evaluation.evaluation:metric_call:77 - metric_func_name exact_match score 1.0 msg exact match, response: 民主党, target: 民主党
2026-08-18 14:46:51.614 | DEBUG    | eval.evaluation.evaluation:metric_call:77 - metric_func_name exact_match score 1.0 msg exact match, response: 民主党, target: 民主党
2026-08-18 14:46:51.614 | DEBUG    | eval.evaluation.evaluation:metric_call:77 - metric_func_name exact_match score 1.0 msg exact match, response: 共和党, target: 共和党
2026-08-18 14:46:51.614 | DEBUG    | eval.evaluation.evaluation:metric_call:77 - metric_func_name exact_match score 1.0 msg exact match, response: 民主党, target: 民主党
2026-08-18 14:46:51.614 | DEBUG    | eval.evaluation.evaluation:metric_call:77 - metric_func_name exact_match score 1.0 msg exact match, response: 共和党, target: 共和党
2026-08-18 14:46:51.614 | DEBUG    | eval.evaluation.evaluation:evaluate_single_query:321 - wide2deep_ws_zh_005, col 党派, metric_func_name exact_match, score [1.0, 1.0, 1.0, 1.0, 1.0, 1.0, 1.0, 1.0, 1.0, 1.0, 1.0, 1.0, 1.0, 1.0, 1.0, 1.0, 1.0, 1.0, 1.0, 0.0, 1.0, 1.0, 1.0, 1.0, 1.0, 1.0, 1.0, 1.0, 1.0, 1.0, 1.0, 1.0, 1.0, 1.0, 1.0, 1.0, 1.0, 1.0, 1.0, 1.0, 1.0, 1.0, 1.0, 1.0, 1.0, 1.0, 1.0, 1.0, 1.0, 1.0, 1.0, 1.0, 1.0, 1.0, 1.0, 1.0, 1.0, 1.0, 1.0, 1.0]
2026-08-18 14:46:51.615 | DEBUG    | eval.evaluation.evaluation:metric_call:77 - metric_func_name number_near score 0.0 msg number not convertable, response: 43782.0, target: None
2026-08-18 14:46:51.615 | DEBUG    | eval.evaluation.evaluation:metric_call:77 - metric_func_name number_near score 0.0 msg number not convertable, response: 28579.0, target: None
2026-08-18 14:46:51.615 | DEBUG    | eval.evaluation.evaluation:metric_call:77 - metric_func_name number_near score 0.0 msg number not convertable, response: 35726.0, target: None
2026-08-18 14:46:51.615 | DEBUG    | eval.evaluation.evaluation:metric_call:77 - metric_func_name number_near score 0.0 msg number not convertable, response: 45467.0, target: None
2026-08-18 14:46:51.615 | DEBUG    | eval.evaluation.evaluation:metric_call:77 - metric_func_name number_near score 0.0 msg number not convertable, response: 104110.0, target: None
2026-08-18 14:46:51.615 | DEBUG    | eval.evaluation.evaluation:metric_call:77 - metric_func_name number_near score 0.0 msg number not convertable, response: 124732.0, target: None
2026-08-18 14:46:51.615 | DEBUG    | eval.evaluation.evaluation:metric_call:77 - metric_func_name number_near score 0.0 msg number not convertable, response: 140431.0, target: None
2026-08-18 14:46:51.615 | DEBUG    | eval.evaluation.evaluation:metric_call:77 - metric_func_name number_near score 0.0 msg number not convertable, response: 76592.0, target: None
2026-08-18 14:46:51.615 | DEBUG    | eval.evaluation.evaluation:metric_call:77 - metric_func_name number_near score 0.0 msg number not convertable, response: 87343.0, target: None
2026-08-18 14:46:51.615 | DEBUG    | eval.evaluation.evaluation:metric_call:77 - metric_func_name number_near score 1.0 msg number near in range 5.0%, response: 113122.0, target: 108740.0
2026-08-18 14:46:51.615 | DEBUG    | eval.evaluation.evaluation:metric_call:77 - metric_func_name number_near score 1.0 msg number near in range 5.0%, response: 642553.0, target: 647286.0
2026-08-18 14:46:51.615 | DEBUG    | eval.evaluation.evaluation:metric_call:77 - metric_func_name number_near score 1.0 msg number near in range 5.0%, response: 701780.0, target: 687502.0
2026-08-18 14:46:51.615 | DEBUG    | eval.evaluation.evaluation:metric_call:77 - metric_func_name number_near score 1.0 msg number near in range 5.0%, response: 764176.0, target: 762678.0
2026-08-18 14:46:51.615 | DEBUG    | eval.evaluation.evaluation:metric_call:77 - metric_func_name number_near score 1.0 msg number near in range 5.0%, response: 1275390.0, target: 1275016.0
2026-08-18 14:46:51.615 | DEBUG    | eval.evaluation.evaluation:metric_call:77 - metric_func_name number_near score 1.0 msg number near in range 5.0%, response: 1339494.0, target: 1337243.0
2026-08-18 14:46:51.615 | DEBUG    | eval.evaluation.evaluation:metric_call:77 - metric_func_name number_near score 1.0 msg number near in range 5.0%, response: 1361393.0, target: 1360099.0
2026-08-18 14:46:51.615 | DEBUG    | eval.evaluation.evaluation:metric_call:77 - metric_func_name number_near score 1.0 msg number near in range 5.0%, response: 1607510.0, target: 1601274.0
2026-08-18 14:46:51.615 | DEBUG    | eval.evaluation.evaluation:metric_call:77 - metric_func_name number_near score 1.0 msg number near in range 5.0%, response: 1836072.0, target: 1838169.0
2026-08-18 14:46:51.615 | DEBUG    | eval.evaluation.evaluation:metric_call:77 - metric_func_name number_near score 1.0 msg number near in range 5.0%, response: 1865908.0, target: 1866452.0
2026-08-18 14:46:51.615 | DEBUG    | eval.evaluation.evaluation:metric_call:77 - metric_func_name number_near score 1.0 msg number near in range 5.0%, response: 2218388.0, target: 2213665.0
2026-08-18 14:46:51.615 | DEBUG    | eval.evaluation.evaluation:metric_call:77 - metric_func_name number_near score 1.0 msg number near in range 5.0%, response: 3013421.0, target: 3012833.0
2026-08-18 14:46:51.615 | DEBUG    | eval.evaluation.evaluation:metric_call:77 - metric_func_name number_near score 1.0 msg number near in range 5.0%, response: 3598235.0, target: 3597132.0
2026-08-18 14:46:51.616 | DEBUG    | eval.evaluation.evaluation:metric_call:77 - metric_func_name number_near score 1.0 msg number near in range 5.0%, response: 4034142.0, target: 4036298.0
2026-08-18 14:46:51.616 | DEBUG    | eval.evaluation.evaluation:metric_call:77 - metric_func_name number_near score 1.0 msg number near in range 5.0%, response: 4446158.0, target: 4454416.0
2026-08-18 14:46:51.616 | DEBUG    | eval.evaluation.evaluation:metric_call:77 - metric_func_name number_near score 1.0 msg number near in range 5.0%, response: 4914482.0, target: 4874986.0
2026-08-18 14:46:51.616 | DEBUG    | eval.evaluation.evaluation:metric_call:77 - metric_func_name number_near score 1.0 msg number near in range 5.0%, response: 5443892.0, target: 5439853.0
2026-08-18 14:46:51.616 | DEBUG    | eval.evaluation.evaluation:metric_call:77 - metric_func_name number_near score 1.0 msg number near in range 5.0%, response: 5556918.0, target: 5556918.0
2026-08-18 14:46:51.616 | DEBUG    | eval.evaluation.evaluation:metric_call:77 - metric_func_name number_near score 1.0 msg number near in range 5.0%, response: 7112138.0, target: 7104779.0
2026-08-18 14:46:51.616 | DEBUG    | eval.evaluation.evaluation:metric_call:77 - metric_func_name number_near score 1.0 msg number near in range 5.0%, response: 7228864.0, target: 7219530.0
2026-08-18 14:46:51.616 | DEBUG    | eval.evaluation.evaluation:metric_call:77 - metric_func_name number_near score 1.0 msg number near in range 5.0%, response: 7630457.0, target: 7628461.0
2026-08-18 14:46:51.616 | DEBUG    | eval.evaluation.evaluation:metric_call:77 - metric_func_name number_near score 1.0 msg number near in range 5.0%, response: 7678395.0, target: 7679006.0
2026-08-18 14:46:51.616 | DEBUG    | eval.evaluation.evaluation:metric_call:77 - metric_func_name number_near score 1.0 msg number near in range 5.0%, response: 6296284.0, target: 6293120.0
2026-08-18 14:46:51.616 | DEBUG    | eval.evaluation.evaluation:metric_call:77 - metric_func_name number_near score 1.0 msg number near in range 5.0%, response: 9126868.0, target: 9129606.0
2026-08-18 14:46:51.616 | DEBUG    | eval.evaluation.evaluation:metric_call:77 - metric_func_name number_near score 1.0 msg number near in range 5.0%, response: 16144093.0, target: 16152200.0
2026-08-18 14:46:51.616 | DEBUG    | eval.evaluation.evaluation:metric_call:77 - metric_func_name number_near score 1.0 msg number near in range 5.0%, response: 15723789.0, target: 15725016.0
2026-08-18 14:46:51.616 | DEBUG    | eval.evaluation.evaluation:metric_call:77 - metric_func_name number_near score 1.0 msg number near in range 5.0%, response: 21427123.0, target: 21392190.0
2026-08-18 14:46:51.616 | DEBUG    | eval.evaluation.evaluation:metric_call:77 - metric_func_name number_near score 1.0 msg number near in range 5.0%, response: 22821277.0, target: 22809638.0
2026-08-18 14:46:51.616 | DEBUG    | eval.evaluation.evaluation:metric_call:77 - metric_func_name number_near score 1.0 msg number near in range 5.0%, response: 27747636.0, target: 27751612.0
2026-08-18 14:46:51.616 | DEBUG    | eval.evaluation.evaluation:metric_call:77 - metric_func_name number_near score 1.0 msg number near in range 5.0%, response: 27313945.0, target: 27313945.0
2026-08-18 14:46:51.616 | DEBUG    | eval.evaluation.evaluation:metric_call:77 - metric_func_name number_near score 1.0 msg number near in range 5.0%, response: 25612916.0, target: 25602504.0
2026-08-18 14:46:51.616 | DEBUG    | eval.evaluation.evaluation:metric_call:77 - metric_func_name number_near score 1.0 msg number near in range 5.0%, response: 24179347.0, target: 24178347.0
2026-08-18 14:46:51.616 | DEBUG    | eval.evaluation.evaluation:metric_call:77 - metric_func_name number_near score 1.0 msg number near in range 5.0%, response: 34075529.0, target: 34075529.0
2026-08-18 14:46:51.616 | DEBUG    | eval.evaluation.evaluation:metric_call:77 - metric_func_name number_near score 1.0 msg number near in range 5.0%, response: 35579180.0, target: 35590472.0
2026-08-18 14:46:51.616 | DEBUG    | eval.evaluation.evaluation:metric_call:77 - metric_func_name number_near score 1.0 msg number near in range 5.0%, response: 34220984.0, target: 34227096.0
2026-08-18 14:46:51.616 | DEBUG    | eval.evaluation.evaluation:metric_call:77 - metric_func_name number_near score 1.0 msg number near in range 5.0%, response: 43127041.0, target: 43128958.0
2026-08-18 14:46:51.616 | DEBUG    | eval.evaluation.evaluation:metric_call:77 - metric_func_name number_near score 1.0 msg number near in range 5.0%, response: 31783783.0, target: 31783783.0
2026-08-18 14:46:51.616 | DEBUG    | eval.evaluation.evaluation:metric_call:77 - metric_func_name number_near score 1.0 msg number near in range 5.0%, response: 47168710.0, target: 47169911.0
2026-08-18 14:46:51.616 | DEBUG    | eval.evaluation.evaluation:metric_call:77 - metric_func_name number_near score 1.0 msg number near in range 5.0%, response: 40831881.0, target: 40828587.0
2026-08-18 14:46:51.617 | DEBUG    | eval.evaluation.evaluation:metric_call:77 - metric_func_name number_near score 1.0 msg number near in range 5.0%, response: 43903230.0, target: 43904153.0
2026-08-18 14:46:51.617 | DEBUG    | eval.evaluation.evaluation:metric_call:77 - metric_func_name number_near score 1.0 msg number near in range 5.0%, response: 54455472.0, target: 54455074.0
2026-08-18 14:46:51.617 | DEBUG    | eval.evaluation.evaluation:metric_call:77 - metric_func_name number_near score 1.0 msg number near in range 5.0%, response: 48886597.0, target: 48886097.0
2026-08-18 14:46:51.617 | DEBUG    | eval.evaluation.evaluation:metric_call:77 - metric_func_name number_near score 1.0 msg number near in range 5.0%, response: 44909889.0, target: 44908254.0
2026-08-18 14:46:51.617 | DEBUG    | eval.evaluation.evaluation:metric_call:77 - metric_func_name number_near score 1.0 msg number near in range 5.0%, response: 47401185.0, target: 47402357.0
2026-08-18 14:46:51.617 | DEBUG    | eval.evaluation.evaluation:metric_call:77 - metric_func_name number_near score 1.0 msg number near in range 5.0%, response: 50456002.0, target: 50465062.0
2026-08-18 14:46:51.617 | DEBUG    | eval.evaluation.evaluation:metric_call:77 - metric_func_name number_near score 1.0 msg number near in range 5.0%, response: 62040610.0, target: 62040610.0
2026-08-18 14:46:51.617 | DEBUG    | eval.evaluation.evaluation:metric_call:77 - metric_func_name number_near score 1.0 msg number near in range 5.0%, response: 69498516.0, target: 69498516.0
2026-08-18 14:46:51.617 | DEBUG    | eval.evaluation.evaluation:metric_call:77 - metric_func_name number_near score 1.0 msg number near in range 5.0%, response: 65915795.0, target: 65915795.0
2026-08-18 14:46:51.617 | DEBUG    | eval.evaluation.evaluation:metric_call:77 - metric_func_name number_near score 1.0 msg number near in range 5.0%, response: 62984828.0, target: 62984828.0
2026-08-18 14:46:51.617 | DEBUG    | eval.evaluation.evaluation:metric_call:77 - metric_func_name number_near score 1.0 msg number near in range 5.0%, response: 81283501.0, target: 81283501.0
2026-08-18 14:46:51.617 | DEBUG    | eval.evaluation.evaluation:metric_call:77 - metric_func_name number_near score 1.0 msg number near in range 5.0%, response: 77302580.0, target: 77302580.0
2026-08-18 14:46:51.618 | DEBUG    | eval.evaluation.evaluation:evaluate_single_query:321 - wide2deep_ws_zh_005, col 民众票数, metric_func_name number_near, score [0.0, 0.0, 0.0, 0.0, 0.0, 0.0, 0.0, 0.0, 0.0, 1.0, 1.0, 1.0, 1.0, 1.0, 1.0, 1.0, 1.0, 1.0, 1.0, 1.0, 1.0, 1.0, 1.0, 1.0, 1.0, 1.0, 1.0, 1.0, 1.0, 1.0, 1.0, 1.0, 1.0, 1.0, 1.0, 1.0, 1.0, 1.0, 1.0, 1.0, 1.0, 1.0, 1.0, 1.0, 1.0, 1.0, 1.0, 1.0, 1.0, 1.0, 1.0, 1.0, 1.0, 1.0, 1.0, 1.0, 1.0, 1.0, 1.0, 1.0]
2026-08-18 14:46:51.618 | DEBUG    | eval.evaluation.evaluation:metric_call:77 - metric_func_name exact_match score 1.0 msg exact match, response: 69, target: 69
2026-08-18 14:46:51.618 | DEBUG    | eval.evaluation.evaluation:metric_call:77 - metric_func_name exact_match score 1.0 msg exact match, response: 132, target: 132
2026-08-18 14:46:51.618 | DEBUG    | eval.evaluation.evaluation:metric_call:77 - metric_func_name exact_match score 1.0 msg exact match, response: 71, target: 71
2026-08-18 14:46:51.618 | DEBUG    | eval.evaluation.evaluation:metric_call:77 - metric_func_name exact_match score 1.0 msg exact match, response: 73, target: 73
2026-08-18 14:46:51.618 | DEBUG    | eval.evaluation.evaluation:metric_call:77 - metric_func_name exact_match score 1.0 msg exact match, response: 162, target: 162
2026-08-18 14:46:51.618 | DEBUG    | eval.evaluation.evaluation:metric_call:77 - metric_func_name exact_match score 1.0 msg exact match, response: 122, target: 122
2026-08-18 14:46:51.618 | DEBUG    | eval.evaluation.evaluation:metric_call:77 - metric_func_name exact_match score 1.0 msg exact match, response: 128, target: 128
2026-08-18 14:46:51.618 | DEBUG    | eval.evaluation.evaluation:metric_call:77 - metric_func_name exact_match score 1.0 msg exact match, response: 183, target: 183
2026-08-18 14:46:51.618 | DEBUG    | eval.evaluation.evaluation:metric_call:77 - metric_func_name exact_match score 1.0 msg exact match, response: 231, target: 231
2026-08-18 14:46:51.618 | DEBUG    | eval.evaluation.evaluation:metric_call:77 - metric_func_name exact_match score 1.0 msg exact match, response: 84, target: 84
2026-08-18 14:46:51.618 | DEBUG    | eval.evaluation.evaluation:metric_call:77 - metric_func_name exact_match score 1.0 msg exact match, response: 178, target: 178
2026-08-18 14:46:51.618 | DEBUG    | eval.evaluation.evaluation:metric_call:77 - metric_func_name exact_match score 1.0 msg exact match, response: 219, target: 219
2026-08-18 14:46:51.618 | DEBUG    | eval.evaluation.evaluation:metric_call:77 - metric_func_name exact_match score 1.0 msg exact match, response: 170, target: 170
2026-08-18 14:46:51.618 | DEBUG    | eval.evaluation.evaluation:metric_call:77 - metric_func_name exact_match score 1.0 msg exact match, response: 234, target: 234
2026-08-18 14:46:51.618 | DEBUG    | eval.evaluation.evaluation:metric_call:77 - metric_func_name exact_match score 1.0 msg exact match, response: 170, target: 170
2026-08-18 14:46:51.618 | DEBUG    | eval.evaluation.evaluation:metric_call:77 - metric_func_name exact_match score 1.0 msg exact match, response: 163, target: 163
2026-08-18 14:46:51.618 | DEBUG    | eval.evaluation.evaluation:metric_call:77 - metric_func_name exact_match score 1.0 msg exact match, response: 254, target: 254
2026-08-18 14:46:51.618 | DEBUG    | eval.evaluation.evaluation:metric_call:77 - metric_func_name exact_match score 1.0 msg exact match, response: 174, target: 174
2026-08-18 14:46:51.618 | DEBUG    | eval.evaluation.evaluation:metric_call:77 - metric_func_name exact_match score 1.0 msg exact match, response: 180, target: 180
2026-08-18 14:46:51.618 | DEBUG    | eval.evaluation.evaluation:metric_call:77 - metric_func_name exact_match score 1.0 msg exact match, response: 212, target: 212
2026-08-18 14:46:51.618 | DEBUG    | eval.evaluation.evaluation:metric_call:77 - metric_func_name exact_match score 1.0 msg exact match, response: 214, target: 214
2026-08-18 14:46:51.619 | DEBUG    | eval.evaluation.evaluation:metric_call:77 - metric_func_name exact_match score 1.0 msg exact match, response: 286, target: 286
2026-08-18 14:46:51.619 | DEBUG    | eval.evaluation.evaluation:metric_call:77 - metric_func_name exact_match score 1.0 msg exact match, response: 185, target: 185
2026-08-18 14:46:51.619 | DEBUG    | eval.evaluation.evaluation:metric_call:77 - metric_func_name exact_match score 1.0 msg exact match, response: 214, target: 214
2026-08-18 14:46:51.619 | DEBUG    | eval.evaluation.evaluation:metric_call:77 - metric_func_name exact_match score 1.0 msg exact match, response: 219, target: 219
2026-08-18 14:46:51.619 | DEBUG    | eval.evaluation.evaluation:metric_call:77 - metric_func_name exact_match score 1.0 msg exact match, response: 233, target: 233
2026-08-18 14:46:51.619 | DEBUG    | eval.evaluation.evaluation:metric_call:77 - metric_func_name exact_match score 1.0 msg exact match, response: 277, target: 277
2026-08-18 14:46:51.619 | DEBUG    | eval.evaluation.evaluation:metric_call:77 - metric_func_name exact_match score 1.0 msg exact match, response: 271, target: 271
2026-08-18 14:46:51.619 | DEBUG    | eval.evaluation.evaluation:metric_call:77 - metric_func_name exact_match score 1.0 msg exact match, response: 292, target: 292
2026-08-18 14:46:51.619 | DEBUG    | eval.evaluation.evaluation:metric_call:77 - metric_func_name exact_match score 1.0 msg exact match, response: 336, target: 336
2026-08-18 14:46:51.619 | DEBUG    | eval.evaluation.evaluation:metric_call:77 - metric_func_name exact_match score 1.0 msg exact match, response: 321, target: 321
2026-08-18 14:46:51.619 | DEBUG    | eval.evaluation.evaluation:metric_call:77 - metric_func_name exact_match score 1.0 msg exact match, response: 435, target: 435
2026-08-18 14:46:51.619 | DEBUG    | eval.evaluation.evaluation:metric_call:77 - metric_func_name exact_match score 1.0 msg exact match, response: 277, target: 277
2026-08-18 14:46:51.619 | DEBUG    | eval.evaluation.evaluation:metric_call:77 - metric_func_name exact_match score 1.0 msg exact match, response: 404, target: 404
2026-08-18 14:46:51.619 | DEBUG    | eval.evaluation.evaluation:metric_call:77 - metric_func_name exact_match score 1.0 msg exact match, response: 382, target: 382
2026-08-18 14:46:51.619 | DEBUG    | eval.evaluation.evaluation:metric_call:77 - metric_func_name exact_match score 1.0 msg exact match, response: 444, target: 444
2026-08-18 14:46:51.619 | DEBUG    | eval.evaluation.evaluation:metric_call:77 - metric_func_name exact_match score 1.0 msg exact match, response: 472, target: 472
2026-08-18 14:46:51.619 | DEBUG    | eval.evaluation.evaluation:metric_call:77 - metric_func_name exact_match score 1.0 msg exact match, response: 523, target: 523
2026-08-18 14:46:51.619 | DEBUG    | eval.evaluation.evaluation:metric_call:77 - metric_func_name exact_match score 1.0 msg exact match, response: 449, target: 449
2026-08-18 14:46:51.619 | DEBUG    | eval.evaluation.evaluation:metric_call:77 - metric_func_name exact_match score 1.0 msg exact match, response: 432, target: 432
2026-08-18 14:46:51.619 | DEBUG    | eval.evaluation.evaluation:metric_call:77 - metric_func_name exact_match score 1.0 msg exact match, response: 303, target: 303
2026-08-18 14:46:51.619 | DEBUG    | eval.evaluation.evaluation:metric_call:77 - metric_func_name exact_match score 1.0 msg exact match, response: 442, target: 442
2026-08-18 14:46:51.619 | DEBUG    | eval.evaluation.evaluation:metric_call:77 - metric_func_name exact_match score 1.0 msg exact match, response: 457, target: 457
2026-08-18 14:46:51.619 | DEBUG    | eval.evaluation.evaluation:metric_call:77 - metric_func_name exact_match score 1.0 msg exact match, response: 303, target: 303
2026-08-18 14:46:51.619 | DEBUG    | eval.evaluation.evaluation:metric_call:77 - metric_func_name exact_match score 1.0 msg exact match, response: 486, target: 486
2026-08-18 14:46:51.619 | DEBUG    | eval.evaluation.evaluation:metric_call:77 - metric_func_name exact_match score 1.0 msg exact match, response: 301, target: 301
2026-08-18 14:46:51.619 | DEBUG    | eval.evaluation.evaluation:metric_call:77 - metric_func_name exact_match score 1.0 msg exact match, response: 520, target: 520
2026-08-18 14:46:51.619 | DEBUG    | eval.evaluation.evaluation:metric_call:77 - metric_func_name exact_match score 1.0 msg exact match, response: 297, target: 297
2026-08-18 14:46:51.619 | DEBUG    | eval.evaluation.evaluation:metric_call:77 - metric_func_name exact_match score 1.0 msg exact match, response: 489, target: 489
2026-08-18 14:46:51.619 | DEBUG    | eval.evaluation.evaluation:metric_call:77 - metric_func_name exact_match score 1.0 msg exact match, response: 525, target: 525
2026-08-18 14:46:51.619 | DEBUG    | eval.evaluation.evaluation:metric_call:77 - metric_func_name exact_match score 1.0 msg exact match, response: 426, target: 426
2026-08-18 14:46:51.620 | DEBUG    | eval.evaluation.evaluation:metric_call:77 - metric_func_name exact_match score 1.0 msg exact match, response: 370, target: 370
2026-08-18 14:46:51.620 | DEBUG    | eval.evaluation.evaluation:metric_call:77 - metric_func_name exact_match score 1.0 msg exact match, response: 379, target: 379
2026-08-18 14:46:51.620 | DEBUG    | eval.evaluation.evaluation:metric_call:77 - metric_func_name exact_match score 1.0 msg exact match, response: 271, target: 271
2026-08-18 14:46:51.620 | DEBUG    | eval.evaluation.evaluation:metric_call:77 - metric_func_name exact_match score 1.0 msg exact match, response: 286, target: 286
2026-08-18 14:46:51.620 | DEBUG    | eval.evaluation.evaluation:metric_call:77 - metric_func_name exact_match score 1.0 msg exact match, response: 365, target: 365
2026-08-18 14:46:51.620 | DEBUG    | eval.evaluation.evaluation:metric_call:77 - metric_func_name exact_match score 1.0 msg exact match, response: 332, target: 332
2026-08-18 14:46:51.620 | DEBUG    | eval.evaluation.evaluation:metric_call:77 - metric_func_name exact_match score 1.0 msg exact match, response: 304, target: 304
2026-08-18 14:46:51.620 | DEBUG    | eval.evaluation.evaluation:metric_call:77 - metric_func_name exact_match score 1.0 msg exact match, response: 306, target: 306
2026-08-18 14:46:51.620 | DEBUG    | eval.evaluation.evaluation:metric_call:77 - metric_func_name exact_match score 1.0 msg exact match, response: 312, target: 312
2026-08-18 14:46:51.621 | DEBUG    | eval.evaluation.evaluation:evaluate_single_query:321 - wide2deep_ws_zh_005, col 团票数, metric_func_name exact_match, score [1.0, 1.0, 1.0, 1.0, 1.0, 1.0, 1.0, 1.0, 1.0, 1.0, 1.0, 1.0, 1.0, 1.0, 1.0, 1.0, 1.0, 1.0, 1.0, 1.0, 1.0, 1.0, 1.0, 1.0, 1.0, 1.0, 1.0, 1.0, 1.0, 1.0, 1.0, 1.0, 1.0, 1.0, 1.0, 1.0, 1.0, 1.0, 1.0, 1.0, 1.0, 1.0, 1.0, 1.0, 1.0, 1.0, 1.0, 1.0, 1.0, 1.0, 1.0, 1.0, 1.0, 1.0, 1.0, 1.0, 1.0, 1.0, 1.0, 1.0]
2026-08-18 14:46:51.626 | INFO     | eval.evaluation.evaluation:evaluate_single_query:380 - wide2deep_ws_zh_005, P/R/F1 by unique_columns: 1.0000/1.0000/1.0000
2026-08-18 14:46:51.627 | INFO     | eval.evaluation.evaluation:evaluate_single_query:383 - wide2deep_ws_zh_005, P/R/F1 by row: 0.8333/0.8333/0.8333
2026-08-18 14:46:51.627 | INFO     | eval.evaluation.evaluation:evaluate_single_query:386 - wide2deep_ws_zh_005, P/R/F1 by item: 0.9667/0.9667/0.9667
2026-08-18 14:46:51.633 | INFO     | eval.evaluation.evaluation:evaluate_single_query:398 - wide2deep_ws_zh_005, final table score: 0.0
{"event": "eval_done", "idx": 2, "instance_id": "wide2deep_ws_zh_005", "score": 0.0, "entity_acc": 1.0, "f1_by_row": 0.8333333333333334, "f1_by_item": 0.9666666666666667, "column_f1": 1.0, "error": null, "elapsed_seconds": 24.032, "running_n": 2}
2026-08-18 14:46:56.105 | DEBUG    | eval.evaluation.data_loader:extract_dataframe:167 - find markdown_str 
| 时间 | 赛事名称 | 级别 | 项目 | 赛事成绩 | 1/16赛-对手 | 1/16赛-比分 | 1/16赛-胜负 | ...
2026-08-18 14:47:09.161 | INFO     | eval.evaluation.metric_utils:primary_key_preprocess:246 - primary_key_preprocess result: ```json
{
  "广州亚洲运动会": "第十六届亚运会羽毛球赛｜单项",
  "仁川亚洲运动会": "第十七届亚运会羽毛球赛｜单项",
  "雅加达—巨港亚洲运动会": "第十八届亚运会羽毛球赛｜团体"
}
```
2026-08-18 14:47:09.161 | INFO     | eval.evaluation.evaluation:evaluate_single_query:223 - col: 赛事名称, primary_key_map {'广州亚洲运动会': '第十六届亚运会羽毛球赛｜单项', '仁川亚洲运动会': '第十七届亚运会羽毛球赛｜单项', '雅加达—巨港亚洲运动会': '第十八届亚运会羽毛球赛｜团体'}
2026-08-18 14:47:09.174 | INFO     | eval.evaluation.evaluation:evaluate_single_query:275 - wide2deep_ws_zh_010, df_inner shape: (3, 40), answer_df shape: (132, 20), response_df shape: (3, 21)
2026-08-18 14:47:09.174 | DEBUG    | eval.evaluation.evaluation:metric_call:77 - metric_func_name exact_match score 1.0 msg exact match, response: 2018年, target: 2018年
2026-08-18 14:47:09.174 | DEBUG    | eval.evaluation.evaluation:metric_call:77 - metric_func_name exact_match score 1.0 msg exact match, response: 2014年, target: 2014年
2026-08-18 14:47:09.174 | DEBUG    | eval.evaluation.evaluation:metric_call:77 - metric_func_name exact_match score 1.0 msg exact match, response: 2010年, target: 2010年
2026-08-18 14:47:09.175 | DEBUG    | eval.evaluation.evaluation:evaluate_single_query:321 - wide2deep_ws_zh_010, col 时间, metric_func_name exact_match, score [1.0, 1.0, 1.0]
2026-08-18 14:47:16.723 | DEBUG    | eval.evaluation.evaluation:evaluate_single_query:321 - wide2deep_ws_zh_010, col 级别, metric_func_name llm_judge, score [1, 1, 1]
2026-08-18 14:47:22.265 | DEBUG    | eval.evaluation.evaluation:evaluate_single_query:321 - wide2deep_ws_zh_010, col 项目, metric_func_name llm_judge, score [0, 1, 1]
2026-08-18 14:47:27.471 | DEBUG    | eval.evaluation.evaluation:evaluate_single_query:321 - wide2deep_ws_zh_010, col 赛事成绩, metric_func_name llm_judge, score [0, 1, 1]
2026-08-18 14:47:32.056 | DEBUG    | eval.evaluation.evaluation:evaluate_single_query:321 - wide2deep_ws_zh_010, col 1/16赛-对手, metric_func_name llm_judge, score [0, 0, 0]
2026-08-18 14:47:39.003 | DEBUG    | eval.evaluation.evaluation:evaluate_single_query:321 - wide2deep_ws_zh_010, col 1/16赛-比分, metric_func_name llm_judge, score [0, 0, 0]
2026-08-18 14:47:45.291 | DEBUG    | eval.evaluation.evaluation:evaluate_single_query:321 - wide2deep_ws_zh_010, col 1/16赛-胜负, metric_func_name llm_judge, score [0, 1, 1]
{"event": "judge_retry", "status": 429, "attempt": 1, "delay_seconds": 8.0}
{"event": "judge_retry", "status": 429, "attempt": 2, "delay_seconds": 1.0}
2026-08-18 14:48:01.356 | DEBUG    | eval.evaluation.evaluation:evaluate_single_query:321 - wide2deep_ws_zh_010, col 1/8赛-对手, metric_func_name llm_judge, score [1, 0, 0]
2026-08-18 14:48:04.370 | DEBUG    | eval.evaluation.evaluation:evaluate_single_query:321 - wide2deep_ws_zh_010, col 1/8赛-比分, metric_func_name llm_judge, score [1, 1, 1]
2026-08-18 14:48:09.845 | DEBUG    | eval.evaluation.evaluation:evaluate_single_query:321 - wide2deep_ws_zh_010, col 1/8赛-胜负, metric_func_name llm_judge, score [0, 1, 1]
2026-08-18 14:48:13.838 | DEBUG    | eval.evaluation.evaluation:evaluate_single_query:321 - wide2deep_ws_zh_010, col 1/4赛-对手, metric_func_name llm_judge, score [0, 0, 0]
2026-08-18 14:48:20.100 | DEBUG    | eval.evaluation.evaluation:evaluate_single_query:321 - wide2deep_ws_zh_010, col 1/4赛-比分, metric_func_name llm_judge, score [1, 0, 0]
{"event": "judge_retry", "status": 429, "attempt": 1, "delay_seconds": 10.0}
2026-08-18 14:48:37.516 | DEBUG    | eval.evaluation.evaluation:evaluate_single_query:321 - wide2deep_ws_zh_010, col 1/4赛-胜负, metric_func_name llm_judge, score [1, 1, 1]
2026-08-18 14:48:40.929 | DEBUG    | eval.evaluation.evaluation:evaluate_single_query:321 - wide2deep_ws_zh_010, col 半决赛-对手, metric_func_name llm_judge, score [0, 1, 0]
2026-08-18 14:48:45.850 | DEBUG    | eval.evaluation.evaluation:evaluate_single_query:321 - wide2deep_ws_zh_010, col 半决赛-比分, metric_func_name llm_judge, score [1, 1, 0]
2026-08-18 14:48:53.237 | DEBUG    | eval.evaluation.evaluation:evaluate_single_query:321 - wide2deep_ws_zh_010, col 半决赛-胜负, metric_func_name llm_judge, score [1, 1, 1]
2026-08-18 14:48:56.113 | DEBUG    | eval.evaluation.evaluation:evaluate_single_query:321 - wide2deep_ws_zh_010, col 决赛-对手, metric_func_name llm_judge, score [0, 1, 1]
2026-08-18 14:49:00.072 | DEBUG    | eval.evaluation.evaluation:evaluate_single_query:321 - wide2deep_ws_zh_010, col 决赛-比分, metric_func_name llm_judge, score [1, 1, 1]
{"event": "judge_retry", "status": 429, "attempt": 1, "delay_seconds": 6.0}
2026-08-18 14:49:11.098 | DEBUG    | eval.evaluation.evaluation:evaluate_single_query:321 - wide2deep_ws_zh_010, col 决赛-胜负, metric_func_name llm_judge, score [1, 1, 1]
2026-08-18 14:49:11.107 | INFO     | eval.evaluation.evaluation:evaluate_single_query:380 - wide2deep_ws_zh_010, P/R/F1 by unique_columns: 1.0000/0.0227/0.0444
2026-08-18 14:49:11.107 | INFO     | eval.evaluation.evaluation:evaluate_single_query:383 - wide2deep_ws_zh_010, P/R/F1 by row: 0.0000/0.0000/0.0000
2026-08-18 14:49:11.107 | INFO     | eval.evaluation.evaluation:evaluate_single_query:386 - wide2deep_ws_zh_010, P/R/F1 by item: 0.6500/0.0148/0.0289
2026-08-18 14:49:11.109 | INFO     | eval.evaluation.evaluation:evaluate_single_query:398 - wide2deep_ws_zh_010, final table score: 0.0
{"event": "eval_done", "idx": 3, "instance_id": "wide2deep_ws_zh_010", "score": 0.0, "entity_acc": 1.0, "f1_by_row": 0.0, "f1_by_item": 0.028888888888888888, "column_f1": 0.044444444444444446, "error": null, "elapsed_seconds": 139.457, "running_n": 3}
2026-08-18 14:49:12.484 | DEBUG    | eval.evaluation.data_loader:extract_dataframe:167 - find markdown_str 
| 官员名字 | 职位 | 上任日期 | 离任日期 | 继任者 |
| --- | --- | --- | --- | --- ...
2026-08-18 14:49:18.713 | INFO     | eval.evaluation.metric_utils:primary_key_preprocess:246 - primary_key_preprocess result: ```json
{
  "赖因斯·普里巴斯/Reince Priebus": "雷恩斯·普利巴斯/Reince Priebus",
  "约翰·凯利/John F. Kelly": "约翰·凯利/John F. Kelly",
  "汤姆·普赖斯/Tom Price": "汤姆·普莱斯/Tom Price",
  "雷克斯·蒂勒森/Rex Tillerson": "雷克斯·蒂勒森/Rex Tillerson",
  "戴维·舒尔金/David Shulkin": "大卫·舒尔金/David Shulkin",
  "迈克·蓬佩奥/Mike Pompeo": "迈克·蓬佩奥/Mike Pompeo",
  "斯科特·普鲁伊特/Scott Pruitt": "斯科特·普鲁特/Scott Pruitt",
  "杰夫·塞申斯/Jeff Sessions": "杰夫·塞申斯/Jeff Sessions",
  "妮基·黑利/Nikki Haley": "妮基·黑利/Nikki Haley",
  "詹姆斯·马蒂斯/James Mattis": "吉姆·马蒂斯/Jim Mattis",
  "瑞安·津克/Ryan Zinke": "瑞恩·辛克/Ryan Zinke",
  "克尔斯滕·尼尔森/Kirstjen Nielsen": "基尔斯滕·尼尔森/Kirstjen Nielsen",
  "琳达·麦克马洪/Linda McMahon": "琳达·麦克马洪/Linda McMahon",
  "亚历山大·阿科斯塔/Alexander Acosta": "亚历山大·阿斯克塔/Alexander Acosta",
  "丹·科茨/Dan Coats": "丹·科茨/Dan Coats",
  "里克·佩里/Rick Perry": "莱克·佩里/Rick Perry",
  "米克·马尔瓦尼/Mick Mulvaney": "迈克·马瓦尼/Mick Mulvaney",
  "马克·埃斯珀/Mark Esper": "马克·埃斯珀/Mark Esper",
  "威廉·巴尔/William Barr": "威廉·巴尔/William Barr",
  "贝琪·德沃斯/Betsy DeVos": "贝斯特·德沃斯/Betsy DeVos",
  "赵小兰/Elaine Chao": "赵小兰/Elaine Chao"
}
```
2026-08-18 14:49:18.716 | INFO     | eval.evaluation.evaluation:evaluate_single_query:223 - col: 官员名字, primary_key_map {'赖因斯·普里巴斯/Reince Priebus': '雷恩斯·普利巴斯/Reince Priebus', '约翰·凯利/John F. Kelly': '约翰·凯利/John F. Kelly', '汤姆·普赖斯/Tom Price': '汤姆·普莱斯/Tom Price', '雷克斯·蒂勒森/Rex Tillerson': '雷克斯·蒂勒森/Rex Tillerson', '戴维·舒尔金/David Shulkin': '大卫·舒尔金/David Shulkin', '迈克·蓬佩奥/Mike Pompeo': '迈克·蓬佩奥/Mike Pompeo', '斯科特·普鲁伊特/Scott Pruitt': '斯科特·普鲁特/Scott Pruitt', '杰夫·塞申斯/Jeff Sessions': '杰夫·塞申斯/Jeff Sessions', '妮基·黑利/Nikki Haley': '妮基·黑利/Nikki Haley', '詹姆斯·马蒂斯/James Mattis': '吉姆·马蒂斯/Jim Mattis', '瑞安·津克/Ryan Zinke': '瑞恩·辛克/Ryan Zinke', '克尔斯滕·尼尔森/Kirstjen Nielsen': '基尔斯滕·尼尔森/Kirstjen Nielsen', '琳达·麦克马洪/Linda McMahon': '琳达·麦克马洪/Linda McMahon', '亚历山大·阿科斯塔/Alexander Acosta': '亚历山大·阿斯克塔/Alexander Acosta', '丹·科茨/Dan Coats': '丹·科茨/Dan Coats', '里克·佩里/Rick Perry': '莱克·佩里/Rick Perry', '米克·马尔瓦尼/Mick Mulvaney': '迈克·马瓦尼/Mick Mulvaney', '马克·埃斯珀/Mark Esper': '马克·埃斯珀/Mark Esper', '威廉·巴尔/William Barr': '威廉·巴尔/William Barr', '贝琪·德沃斯/Betsy DeVos': '贝斯特·德沃斯/Betsy DeVos', '赵小兰/Elaine Chao': '赵小兰/Elaine Chao'}
2026-08-18 14:49:27.395 | INFO     | eval.evaluation.metric_utils:primary_key_preprocess:246 - primary_key_preprocess result: ```json
{
  "白宫办公厅主任（内阁级）": "白宫办公厅主任",
  "国土安全部长": "国土安全部部长",
  "卫生与公众服务部长": "美国卫生与公众服务部",
  "国务卿": "国务卿",
  "退伍军人事务部长": "退休军人事务部部长",
  "中央情报局局长（内阁级）": "中央情报局局长",
  "环境保护署署长（内阁级）": "国家环境保护局局长",
  "司法部长": "司法部长",
  "常驻联合国代表（内阁级）": "美国常驻联合国代表",
  "国防部长": "国防部长",
  "内政部长": "内政部长",
  "小企业管理局局长（内阁级）": "小企业管理局局长",
  "劳工部长": "劳动部长",
  "国家情报总监（内阁级）": "国家情报总监",
  "能源部长": "能源部长",
  "行政管理和预算局局长（内阁级）": "行政管理和预算局局长",
  "教育部长": "教育部长",
  "交通部长": "交通部长"
}
```
2026-08-18 14:49:27.396 | INFO     | eval.evaluation.evaluation:evaluate_single_query:223 - col: 职位, primary_key_map {'白宫办公厅主任（内阁级）': '白宫办公厅主任', '国土安全部长': '国土安全部部长', '卫生与公众服务部长': '美国卫生与公众服务部', '国务卿': '国务卿', '退伍军人事务部长': '退休军人事务部部长', '中央情报局局长（内阁级）': '中央情报局局长', '环境保护署署长（内阁级）': '国家环境保护局局长', '司法部长': '司法部长', '常驻联合国代表（内阁级）': '美国常驻联合国代表', '国防部长': '国防部长', '内政部长': '内政部长', '小企业管理局局长（内阁级）': '小企业管理局局长', '劳工部长': '劳动部长', '国家情报总监（内阁级）': '国家情报总监', '能源部长': '能源部长', '行政管理和预算局局长（内阁级）': '行政管理和预算局局长', '教育部长': '教育部长', '交通部长': '交通部长'}
2026-08-18 14:49:27.535 | INFO     | eval.evaluation.evaluation:evaluate_single_query:275 - wide2deep_ws_zh_022, df_inner shape: (22, 10), answer_df shape: (25, 5), response_df shape: (23, 7)
2026-08-18 14:49:27.538 | DEBUG    | eval.evaluation.evaluation:metric_call:77 - metric_func_name date_near score 1.0 msg date near, response: 2017-01-20 00:00:00, target: 2017-01-20 00:00:00
2026-08-18 14:49:27.541 | DEBUG    | eval.evaluation.evaluation:metric_call:77 - metric_func_name date_near score 1.0 msg date near, response: 2017-01-20 00:00:00, target: 2017-01-20 00:00:00
2026-08-18 14:49:27.543 | DEBUG    | eval.evaluation.evaluation:metric_call:77 - metric_func_name date_near score 1.0 msg date near, response: 2017-01-20 00:00:00, target: 2017-01-20 00:00:00
2026-08-18 14:49:27.545 | DEBUG    | eval.evaluation.evaluation:metric_call:77 - metric_func_name date_near score 1.0 msg date near, response: 2017-01-23 00:00:00, target: 2017-01-23 00:00:00
2026-08-18 14:49:27.547 | DEBUG    | eval.evaluation.evaluation:metric_call:77 - metric_func_name date_near score 1.0 msg date near, response: 2017-01-27 00:00:00, target: 2017-01-27 00:00:00
2026-08-18 14:49:27.549 | DEBUG    | eval.evaluation.evaluation:metric_call:77 - metric_func_name date_near score 1.0 msg date near, response: 2017-01-31 00:00:00, target: 2017-01-31 00:00:00
2026-08-18 14:49:27.551 | DEBUG    | eval.evaluation.evaluation:metric_call:77 - metric_func_name date_near score 1.0 msg date near, response: 2017-02-01 00:00:00, target: 2017-02-01 00:00:00
2026-08-18 14:49:27.553 | DEBUG    | eval.evaluation.evaluation:metric_call:77 - metric_func_name date_near score 1.0 msg date near, response: 2017-02-07 00:00:00, target: 2017-02-07 00:00:00
2026-08-18 14:49:27.555 | DEBUG    | eval.evaluation.evaluation:metric_call:77 - metric_func_name date_near score 1.0 msg date near, response: 2017-02-09 00:00:00, target: 2017-02-09 00:00:00
2026-08-18 14:49:27.558 | DEBUG    | eval.evaluation.evaluation:metric_call:77 - metric_func_name date_near score 1.0 msg date near, response: 2017-02-10 00:00:00, target: 2017-02-10 00:00:00
2026-08-18 14:49:27.560 | DEBUG    | eval.evaluation.evaluation:metric_call:77 - metric_func_name date_near score 1.0 msg date near, response: 2017-02-14 00:00:00, target: 2017-02-14 00:00:00
2026-08-18 14:49:27.562 | DEBUG    | eval.evaluation.evaluation:metric_call:77 - metric_func_name date_near score 1.0 msg date near, response: 2017-02-14 00:00:00, target: 2017-02-14 00:00:00
2026-08-18 14:49:27.564 | DEBUG    | eval.evaluation.evaluation:metric_call:77 - metric_func_name date_near score 1.0 msg date near, response: 2017-02-16 00:00:00, target: 2017-02-16 00:00:00
2026-08-18 14:49:27.566 | DEBUG    | eval.evaluation.evaluation:metric_call:77 - metric_func_name date_near score 1.0 msg date near, response: 2017-02-17 00:00:00, target: 2017-02-17 00:00:00
2026-08-18 14:49:27.568 | DEBUG    | eval.evaluation.evaluation:metric_call:77 - metric_func_name date_near score 1.0 msg date near, response: 2017-03-01 00:00:00, target: 2017-03-01 00:00:00
2026-08-18 14:49:27.570 | DEBUG    | eval.evaluation.evaluation:metric_call:77 - metric_func_name date_near score 1.0 msg date near, response: 2017-03-02 00:00:00, target: 2017-03-02 00:00:00
2026-08-18 14:49:27.572 | DEBUG    | eval.evaluation.evaluation:metric_call:77 - metric_func_name date_near score 1.0 msg date near, response: 2017-03-16 00:00:00, target: 2017-03-16 00:00:00
2026-08-18 14:49:27.574 | DEBUG    | eval.evaluation.evaluation:metric_call:77 - metric_func_name date_near score 1.0 msg date near, response: 2017-04-28 00:00:00, target: 2017-04-28 00:00:00
2026-08-18 14:49:27.576 | DEBUG    | eval.evaluation.evaluation:metric_call:77 - metric_func_name date_near score 1.0 msg date near, response: 2017-07-31 00:00:00, target: 2017-07-31 00:00:00
2026-08-18 14:49:27.578 | DEBUG    | eval.evaluation.evaluation:metric_call:77 - metric_func_name date_near score 1.0 msg date near, response: 2017-12-06 00:00:00, target: 2017-12-06 00:00:00
2026-08-18 14:49:27.581 | DEBUG    | eval.evaluation.evaluation:metric_call:77 - metric_func_name date_near score 1.0 msg date near, response: 2019-02-14 00:00:00, target: 2019-02-14 00:00:00
2026-08-18 14:49:27.583 | DEBUG    | eval.evaluation.evaluation:metric_call:77 - metric_func_name date_near score 1.0 msg date near, response: 2019-07-23 00:00:00, target: 2019-06-24 00:00:00
2026-08-18 14:49:27.584 | DEBUG    | eval.evaluation.evaluation:evaluate_single_query:321 - wide2deep_ws_zh_022, col 上任日期, metric_func_name date_near, score [1.0, 1.0, 1.0, 1.0, 1.0, 1.0, 1.0, 1.0, 1.0, 1.0, 1.0, 1.0, 1.0, 1.0, 1.0, 1.0, 1.0, 1.0, 1.0, 1.0, 1.0, 1.0]
2026-08-18 14:49:27.586 | DEBUG    | eval.evaluation.evaluation:metric_call:77 - metric_func_name date_near score 1.0 msg date near, response: 2017-07-31 00:00:00, target: 2017-07-31 00:00:00
2026-08-18 14:49:27.588 | DEBUG    | eval.evaluation.evaluation:metric_call:77 - metric_func_name date_near score 1.0 msg date near, response: 2019-01-01 00:00:00, target: 2018-12-20 00:00:00
2026-08-18 14:49:27.590 | DEBUG    | eval.evaluation.evaluation:metric_call:77 - metric_func_name date_near score 1.0 msg date near, response: 2017-07-31 00:00:00, target: 2017-07-31 00:00:00
2026-08-18 14:49:27.592 | DEBUG    | eval.evaluation.evaluation:metric_call:77 - metric_func_name date_near score 1.0 msg date near, response: 2018-04-26 00:00:00, target: 2018-04-26 00:00:00
2026-08-18 14:49:27.594 | DEBUG    | eval.evaluation.evaluation:metric_call:77 - metric_func_name date_near score 1.0 msg date near, response: 2018-12-31 00:00:00, target: 2018-12-31 00:00:00
2026-08-18 14:49:27.596 | DEBUG    | eval.evaluation.evaluation:metric_call:77 - metric_func_name date_near score 1.0 msg date near, response: 2021-01-11 00:00:00, target: 2021-01-11 00:00:00
2026-08-18 14:49:27.599 | DEBUG    | eval.evaluation.evaluation:metric_call:77 - metric_func_name date_near score 1.0 msg date near, response: 2018-03-31 00:00:00, target: 2018-03-13 00:00:00
2026-08-18 14:49:27.601 | DEBUG    | eval.evaluation.evaluation:metric_call:77 - metric_func_name date_near score 1.0 msg date near, response: 2021-01-08 00:00:00, target: 2021-01-07 00:00:00
2026-08-18 14:49:27.603 | DEBUG    | eval.evaluation.evaluation:metric_call:77 - metric_func_name date_near score 1.0 msg date near, response: 2018-11-07 00:00:00, target: 2018-11-07 00:00:00
2026-08-18 14:49:27.605 | DEBUG    | eval.evaluation.evaluation:metric_call:77 - metric_func_name date_near score 1.0 msg date near, response: 2017-09-29 00:00:00, target: 2017-09-29 00:00:00
2026-08-18 14:49:27.607 | DEBUG    | eval.evaluation.evaluation:metric_call:77 - metric_func_name date_near score 1.0 msg date near, response: 2019-04-12 00:00:00, target: 2019-04-12 00:00:00
2026-08-18 14:49:27.609 | DEBUG    | eval.evaluation.evaluation:metric_call:77 - metric_func_name date_near score 1.0 msg date near, response: 2018-03-28 00:00:00, target: 2018-03-28 00:00:00
2026-08-18 14:49:27.611 | DEBUG    | eval.evaluation.evaluation:metric_call:77 - metric_func_name date_near score 1.0 msg date near, response: 2020-03-31 00:00:00, target: 2020-03-31 00:00:00
2026-08-18 14:49:27.613 | DEBUG    | eval.evaluation.evaluation:metric_call:77 - metric_func_name date_near score 1.0 msg date near, response: 2018-07-06 00:00:00, target: 2018-07-06 00:00:00
2026-08-18 14:49:27.615 | DEBUG    | eval.evaluation.evaluation:metric_call:77 - metric_func_name date_near score 1.0 msg date near, response: 2019-01-02 00:00:00, target: 2018-12-25 00:00:00
2026-08-18 14:49:27.618 | DEBUG    | eval.evaluation.evaluation:metric_call:77 - metric_func_name date_near score 1.0 msg date near, response: 2019-12-01 00:00:00, target: 2019-12-01 00:00:00
2026-08-18 14:49:27.620 | DEBUG    | eval.evaluation.evaluation:metric_call:77 - metric_func_name date_near score 1.0 msg date near, response: 2019-08-15 00:00:00, target: 2019-08-15 00:00:00
2026-08-18 14:49:27.622 | DEBUG    | eval.evaluation.evaluation:metric_call:77 - metric_func_name date_near score 1.0 msg date near, response: 2019-07-19 00:00:00, target: 2019-07-12 00:00:00
2026-08-18 14:49:27.624 | DEBUG    | eval.evaluation.evaluation:metric_call:77 - metric_func_name date_near score 1.0 msg date near, response: 2019-01-02 00:00:00, target: 2019-01-02 00:00:00
2026-08-18 14:49:27.626 | DEBUG    | eval.evaluation.evaluation:metric_call:77 - metric_func_name date_near score 1.0 msg date near, response: 2019-04-10 00:00:00, target: 2019-04-07 00:00:00
2026-08-18 14:49:27.628 | DEBUG    | eval.evaluation.evaluation:metric_call:77 - metric_func_name date_near score 1.0 msg date near, response: 2020-12-23 00:00:00, target: 2020-12-23 00:00:00
2026-08-18 14:49:27.630 | DEBUG    | eval.evaluation.evaluation:metric_call:77 - metric_func_name date_near score 1.0 msg date near, response: 2020-11-09 00:00:00, target: 2020-11-09 00:00:00
2026-08-18 14:49:27.631 | DEBUG    | eval.evaluation.evaluation:evaluate_single_query:321 - wide2deep_ws_zh_022, col 离任日期, metric_func_name date_near, score [1.0, 1.0, 1.0, 1.0, 1.0, 1.0, 1.0, 1.0, 1.0, 1.0, 1.0, 1.0, 1.0, 1.0, 1.0, 1.0, 1.0, 1.0, 1.0, 1.0, 1.0, 1.0]
{"event": "judge_retry", "status": 429, "attempt": 1, "delay_seconds": 2.0}
{"event": "judge_retry", "status": 429, "attempt": 2, "delay_seconds": 6.0}
2026-08-18 14:49:42.389 | DEBUG    | eval.evaluation.evaluation:evaluate_single_query:321 - wide2deep_ws_zh_022, col 继任者, metric_func_name llm_judge, score [1, 1, 1, 1, 1, 1, 1, 1, 1, 1, 1, 1, 1, 1, 1, 1, 1, 1, 1, 1, 1, 1]
2026-08-18 14:49:42.394 | INFO     | eval.evaluation.evaluation:evaluate_single_query:380 - wide2deep_ws_zh_022, P/R/F1 by unique_columns: 0.9565/0.8800/0.9167
2026-08-18 14:49:42.394 | INFO     | eval.evaluation.evaluation:evaluate_single_query:383 - wide2deep_ws_zh_022, P/R/F1 by row: 0.9565/0.8800/0.9167
2026-08-18 14:49:42.394 | INFO     | eval.evaluation.evaluation:evaluate_single_query:386 - wide2deep_ws_zh_022, P/R/F1 by item: 0.9565/0.8800/0.9167
2026-08-18 14:49:42.397 | INFO     | eval.evaluation.evaluation:evaluate_single_query:398 - wide2deep_ws_zh_022, final table score: 0.0
{"event": "eval_done", "idx": 4, "instance_id": "wide2deep_ws_zh_022", "score": 0.0, "entity_acc": 1.0, "f1_by_row": 0.9166666666666666, "f1_by_item": 0.9166666666666666, "column_f1": 0.9166666666666666, "error": null, "elapsed_seconds": 31.265, "running_n": 4}
2026-08-18 14:49:44.765 | DEBUG    | eval.evaluation.data_loader:extract_dataframe:167 - find markdown_str 
| 举办时期 | 展会全称 | 展馆名称 | 展馆详细地址 | 主办单位 | 承办单位 |
| --- | --- | --- ...
2026-08-18 14:49:54.229 | INFO     | eval.evaluation.metric_utils:primary_key_preprocess:246 - primary_key_preprocess result: ```json
{
  "第二十七届中国北京国际科技产业博览会": "2025第二十七届中国北京国际科技产业博览会",
  "2025第十三届中国国际房车展览会": "2025中国国际房车展览会",
  "2025第十九届北京国际工业自动化展览会": "2025第十九届北京国际工业自动化展览会",
  "第十一届北京国际印刷技术展览会": "2025第十一届北京国际印刷技术展览会",
  "2025第十一届中国国际养老服务业博览会": "2025第十一届中国国际养老服务业博览会",
  "2025第27届北京国际幼教用品及幼儿园配套设备展览会": "2025第27届北京国际幼教用品及幼儿园配套设备展览会",
  "2025第十届中国（北京）军事智能技术装备博览会": "第十届中国（北京）军事智能技术装备博览会",
  "2025第五届北京国际酒业博览会": "2025第五届北京国际酒业博览会",
  "2025第二十六届中国国际照相机械影像器材与技术博览会": "2025第二十六届中国北京国际照相机械影像器材与技术博览会"
}
```
2026-08-18 14:49:54.229 | INFO     | eval.evaluation.evaluation:evaluate_single_query:223 - col: 展会全称, primary_key_map {'第二十七届中国北京国际科技产业博览会': '2025第二十七届中国北京国际科技产业博览会', '2025第十三届中国国际房车展览会': '2025中国国际房车展览会', '2025第十九届北京国际工业自动化展览会': '2025第十九届北京国际工业自动化展览会', '第十一届北京国际印刷技术展览会': '2025第十一届北京国际印刷技术展览会', '2025第十一届中国国际养老服务业博览会': '2025第十一届中国国际养老服务业博览会', '2025第27届北京国际幼教用品及幼儿园配套设备展览会': '2025第27届北京国际幼教用品及幼儿园配套设备展览会', '2025第十届中国（北京）军事智能技术装备博览会': '第十届中国（北京）军事智能技术装备博览会', '2025第五届北京国际酒业博览会': '2025第五届北京国际酒业博览会', '2025第二十六届中国国际照相机械影像器材与技术博览会': '2025第二十六届中国北京国际照相机械影像器材与技术博览会'}
2026-08-18 14:49:54.236 | INFO     | eval.evaluation.evaluation:evaluate_single_query:275 - wide2deep_ws_zh_044, df_inner shape: (9, 12), answer_df shape: (38, 6), response_df shape: (10, 7)
{"event": "judge_retry", "status": 429, "attempt": 1, "delay_seconds": 14.0}
2026-08-18 14:50:14.811 | DEBUG    | eval.evaluation.evaluation:evaluate_single_query:321 - wide2deep_ws_zh_044, col 举办时期, metric_func_name llm_judge, score [1, 1, 1, 1, 1, 1, 1, 1, 1]
2026-08-18 14:50:24.923 | DEBUG    | eval.evaluation.evaluation:evaluate_single_query:321 - wide2deep_ws_zh_044, col 展馆名称, metric_func_name llm_judge, score [1, 1, 1, 1, 0, 1, 1, 1, 1]
2026-08-18 14:50:29.587 | DEBUG    | eval.evaluation.evaluation:evaluate_single_query:321 - wide2deep_ws_zh_044, col 展馆详细地址, metric_func_name llm_judge, score [1, 1, 1, 1, 0, 1, 1, 1, 1]
{"event": "judge_retry", "status": 429, "attempt": 1, "delay_seconds": 7.0}
2026-08-18 14:50:45.881 | DEBUG    | eval.evaluation.evaluation:evaluate_single_query:321 - wide2deep_ws_zh_044, col 主办单位, metric_func_name llm_judge, score [1, 0, 0, 1, 1, 0, 1, 1, 1]
2026-08-18 14:50:53.724 | DEBUG    | eval.evaluation.evaluation:evaluate_single_query:321 - wide2deep_ws_zh_044, col 承办单位, metric_func_name llm_judge, score [1, 0, 1, 1, 0, 1, 0, 1, 1]
2026-08-18 14:50:53.729 | INFO     | eval.evaluation.evaluation:evaluate_single_query:380 - wide2deep_ws_zh_044, P/R/F1 by unique_columns: 0.9000/0.2368/0.3750
2026-08-18 14:50:53.729 | INFO     | eval.evaluation.evaluation:evaluate_single_query:383 - wide2deep_ws_zh_044, P/R/F1 by row: 0.4000/0.1053/0.1667
2026-08-18 14:50:53.729 | INFO     | eval.evaluation.evaluation:evaluate_single_query:386 - wide2deep_ws_zh_044, P/R/F1 by item: 0.7667/0.2018/0.3194
2026-08-18 14:50:53.730 | INFO     | eval.evaluation.evaluation:evaluate_single_query:398 - wide2deep_ws_zh_044, final table score: 0.0
{"event": "eval_done", "idx": 5, "instance_id": "wide2deep_ws_zh_044", "score": 0.0, "entity_acc": 1.0, "f1_by_row": 0.16666666666666666, "f1_by_item": 0.3194444444444444, "column_f1": 0.375, "error": null, "elapsed_seconds": 71.31, "running_n": 5}
2026-08-18 14:50:56.828 | DEBUG    | eval.evaluation.data_loader:extract_dataframe:167 - find markdown_str 
| 公司名称 | 出道年份 | 团体英文名 | 初一位时间 | 初一位歌曲名称 |
| --- | --- | --- | - ...
2026-08-18 14:50:59.782 | INFO     | eval.evaluation.metric_utils:primary_key_preprocess:246 - primary_key_preprocess result: ```json
{
  "M.I.L.K.": "M.I.L.K",
  "Black Beat": "Black Beat",
  "Isak N Jiyeon": "Isak N Jiyeon",
  "Shinvi": "SHINVI",
  "TVXQ": "TVXQ",
  "TRAX": "Trax",
  "Super Junior": "Super Junior",
  "The Grace": "The Grace",
  "Girls' Generation": "Girls' Generation",
  "SHINee": "SHINee",
  "f(x)": "f(x)",
  "EXO": "EXO",
  "Red Velvet": "Red Velvet",
  "SuperM": "SuperM",
  "aespa": "aespa",
  "RIIZE": "RIIZE"
}
```
2026-08-18 14:50:59.782 | INFO     | eval.evaluation.evaluation:evaluate_single_query:223 - col: 团体英文名, primary_key_map {'M.I.L.K.': 'M.I.L.K', 'Black Beat': 'Black Beat', 'Isak N Jiyeon': 'Isak N Jiyeon', 'Shinvi': 'SHINVI', 'TVXQ': 'TVXQ', 'TRAX': 'Trax', 'Super Junior': 'Super Junior', 'The Grace': 'The Grace', "Girls' Generation": "Girls' Generation", 'SHINee': 'SHINee', 'f(x)': 'f(x)', 'EXO': 'EXO', 'Red Velvet': 'Red Velvet', 'SuperM': 'SuperM', 'aespa': 'aespa', 'RIIZE': 'RIIZE'}
2026-08-18 14:50:59.789 | INFO     | eval.evaluation.evaluation:evaluate_single_query:275 - wide2deep_ws_zh_063, df_inner shape: (16, 10), answer_df shape: (36, 5), response_df shape: (16, 6)
2026-08-18 14:51:03.987 | DEBUG    | eval.evaluation.evaluation:evaluate_single_query:321 - wide2deep_ws_zh_063, col 公司名称, metric_func_name llm_judge, score [1, 1, 1, 1, 1, 1, 1, 1, 1, 1, 1, 1, 1, 1, 1, 1]
2026-08-18 14:51:03.987 | DEBUG    | eval.evaluation.evaluation:metric_call:77 - metric_func_name exact_match score 1.0 msg exact match, response: 2001, target: 2001
2026-08-18 14:51:03.987 | DEBUG    | eval.evaluation.evaluation:metric_call:77 - metric_func_name exact_match score 1.0 msg exact match, response: 2002, target: 2002
2026-08-18 14:51:03.987 | DEBUG    | eval.evaluation.evaluation:metric_call:77 - metric_func_name exact_match score 1.0 msg exact match, response: 2002, target: 2002
2026-08-18 14:51:03.987 | DEBUG    | eval.evaluation.evaluation:metric_call:77 - metric_func_name exact_match score 1.0 msg exact match, response: 2002, target: 2002
2026-08-18 14:51:03.987 | DEBUG    | eval.evaluation.evaluation:metric_call:77 - metric_func_name exact_match score 1.0 msg exact match, response: 2003, target: 2003
2026-08-18 14:51:03.987 | DEBUG    | eval.evaluation.evaluation:metric_call:77 - metric_func_name exact_match score 1.0 msg exact match, response: 2004, target: 2004
2026-08-18 14:51:03.987 | DEBUG    | eval.evaluation.evaluation:metric_call:77 - metric_func_name exact_match score 1.0 msg exact match, response: 2005, target: 2005
2026-08-18 14:51:03.987 | DEBUG    | eval.evaluation.evaluation:metric_call:77 - metric_func_name exact_match score 1.0 msg exact match, response: 2005, target: 2005
2026-08-18 14:51:03.987 | DEBUG    | eval.evaluation.evaluation:metric_call:77 - metric_func_name exact_match score 1.0 msg exact match, response: 2007, target: 2007
2026-08-18 14:51:03.987 | DEBUG    | eval.evaluation.evaluation:metric_call:77 - metric_func_name exact_match score 1.0 msg exact match, response: 2008, target: 2008
2026-08-18 14:51:03.987 | DEBUG    | eval.evaluation.evaluation:metric_call:77 - metric_func_name exact_match score 1.0 msg exact match, response: 2009, target: 2009
2026-08-18 14:51:03.987 | DEBUG    | eval.evaluation.evaluation:metric_call:77 - metric_func_name exact_match score 1.0 msg exact match, response: 2012, target: 2012
2026-08-18 14:51:03.987 | DEBUG    | eval.evaluation.evaluation:metric_call:77 - metric_func_name exact_match score 1.0 msg exact match, response: 2014, target: 2014
2026-08-18 14:51:03.987 | DEBUG    | eval.evaluation.evaluation:metric_call:77 - metric_func_name exact_match score 1.0 msg exact match, response: 2019, target: 2019
2026-08-18 14:51:03.987 | DEBUG    | eval.evaluation.evaluation:metric_call:77 - metric_func_name exact_match score 1.0 msg exact match, response: 2020, target: 2020
2026-08-18 14:51:03.988 | DEBUG    | eval.evaluation.evaluation:metric_call:77 - metric_func_name exact_match score 1.0 msg exact match, response: 2023, target: 2023
2026-08-18 14:51:03.988 | DEBUG    | eval.evaluation.evaluation:evaluate_single_query:321 - wide2deep_ws_zh_063, col 出道年份, metric_func_name exact_match, score [1.0, 1.0, 1.0, 1.0, 1.0, 1.0, 1.0, 1.0, 1.0, 1.0, 1.0, 1.0, 1.0, 1.0, 1.0, 1.0]
2026-08-18 14:51:09.117 | DEBUG    | eval.evaluation.evaluation:evaluate_single_query:321 - wide2deep_ws_zh_063, col 初一位时间, metric_func_name llm_judge, score [1, 1, 1, 1, 1, 1, 1, 1, 0, 1, 1, 1, 1, 1, 1, 1]
{"event": "judge_retry", "status": 429, "attempt": 1, "delay_seconds": 1.0}
2026-08-18 14:51:19.161 | DEBUG    | eval.evaluation.evaluation:evaluate_single_query:321 - wide2deep_ws_zh_063, col 初一位歌曲名称, metric_func_name llm_judge, score [1, 1, 1, 1, 1, 1, 1, 1, 0, 1, 1, 1, 1, 1, 1, 1]
2026-08-18 14:51:19.167 | INFO     | eval.evaluation.evaluation:evaluate_single_query:380 - wide2deep_ws_zh_063, P/R/F1 by unique_columns: 1.0000/0.4444/0.6154
2026-08-18 14:51:19.167 | INFO     | eval.evaluation.evaluation:evaluate_single_query:383 - wide2deep_ws_zh_063, P/R/F1 by row: 0.9375/0.4167/0.5769
2026-08-18 14:51:19.167 | INFO     | eval.evaluation.evaluation:evaluate_single_query:386 - wide2deep_ws_zh_063, P/R/F1 by item: 0.9750/0.4333/0.6000
2026-08-18 14:51:19.169 | INFO     | eval.evaluation.evaluation:evaluate_single_query:398 - wide2deep_ws_zh_063, final table score: 0.0
{"event": "eval_done", "idx": 6, "instance_id": "wide2deep_ws_zh_063", "score": 0.0, "entity_acc": 1.0, "f1_by_row": 0.5769230769230769, "f1_by_item": 0.6, "column_f1": 0.6153846153846153, "error": null, "elapsed_seconds": 25.289, "running_n": 6}
2026-08-18 14:51:24.074 | DEBUG    | eval.evaluation.data_loader:extract_dataframe:167 - find markdown_str 
| 作品名称 | 开播时间 | 作品导演 | 作品集数 | 作品相关获奖记录 |
| --- | --- | --- | -- ...
2026-08-18 14:51:32.942 | INFO     | eval.evaluation.metric_utils:primary_key_preprocess:246 - primary_key_preprocess result: ```json
{
  "《遗赠的秘密》": "遗赠的秘密",
  "《杀人者的难堪》": "杀人者的难堪",
  "《炸鸡奇遇记》": "炸鸡块奇遇记",
  "《末日愚者》": "末日愚者",
  "《The 8 Show》": "The 8 Show(第8个秀)",
  "《名校的阶梯》": "名校的阶梯(校园阶级)",
  "《甜蜜家园3》": "甜蜜家园3",
  "《无声蛙鸣》": "无声蛙鸣",
  "《京城怪物2》": "京城怪物2",
  "《地狱公使2》": "地狱公使第二季",
  "《浮游先生》": "浮游先生",
  "《一箱情缘》": "一箱情缘",
  "《鱿鱼游戏2》": "鱿鱼游戏第二季"
}
```
2026-08-18 14:51:32.942 | INFO     | eval.evaluation.evaluation:evaluate_single_query:223 - col: 作品名称, primary_key_map {'《遗赠的秘密》': '遗赠的秘密', '《杀人者的难堪》': '杀人者的难堪', '《炸鸡奇遇记》': '炸鸡块奇遇记', '《末日愚者》': '末日愚者', '《The 8 Show》': 'The 8 Show(第8个秀)', '《名校的阶梯》': '名校的阶梯(校园阶级)', '《甜蜜家园3》': '甜蜜家园3', '《无声蛙鸣》': '无声蛙鸣', '《京城怪物2》': '京城怪物2', '《地狱公使2》': '地狱公使第二季', '《浮游先生》': '浮游先生', '《一箱情缘》': '一箱情缘', '《鱿鱼游戏2》': '鱿鱼游戏第二季'}
{"event": "judge_retry", "status": 429, "attempt": 1, "delay_seconds": 7.0}
{"event": "judge_retry", "status": 429, "attempt": 2, "delay_seconds": 3.0}
2026-08-18 14:51:52.154 | INFO     | eval.evaluation.metric_utils:primary_key_preprocess:246 - primary_key_preprocess result: ```json
{
  "2024年1月19日": "2024-01-19",
  "2024年2月9日": "2024-02-09",
  "2024年3月15日": "2024-03-15",
  "2024年4月26日": "2024-04-26",
  "2024年5月17日": "2024-05-17",
  "2024年6月7日": "2024-06-07",
  "2024年7月19日": "2024-07-19",
  "2024年8月23日": "2024-08-23",
  "2024年9月27日": "2024-09-27",
  "2024年10月25日": "2024-10-25",
  "2024年11月8日": "2024-11-08",
  "2024年11月29日": "2024-11-29",
  "2024年12月26日": "2024-12-26"
}
```
2026-08-18 14:51:52.154 | INFO     | eval.evaluation.evaluation:evaluate_single_query:223 - col: 开播时间, primary_key_map {'2024年1月19日': '2024-01-19', '2024年2月9日': '2024-02-09', '2024年3月15日': '2024-03-15', '2024年4月26日': '2024-04-26', '2024年5月17日': '2024-05-17', '2024年6月7日': '2024-06-07', '2024年7月19日': '2024-07-19', '2024年8月23日': '2024-08-23', '2024年9月27日': '2024-09-27', '2024年10月25日': '2024-10-25', '2024年11月8日': '2024-11-08', '2024年11月29日': '2024-11-29', '2024年12月26日': '2024-12-26'}
2026-08-18 14:51:52.161 | INFO     | eval.evaluation.evaluation:evaluate_single_query:275 - wide2deep_ws_zh_075, df_inner shape: (13, 10), answer_df shape: (38, 5), response_df shape: (13, 7)
2026-08-18 14:52:00.015 | DEBUG    | eval.evaluation.evaluation:evaluate_single_query:321 - wide2deep_ws_zh_075, col 作品导演, metric_func_name llm_judge, score [1, 1, 1, 1, 1, 1, 1, 1, 1, 1, 1, 1, 1]
2026-08-18 14:52:03.660 | DEBUG    | eval.evaluation.evaluation:evaluate_single_query:321 - wide2deep_ws_zh_075, col 作品集数, metric_func_name llm_judge, score [1, 1, 1, 1, 1, 1, 1, 1, 1, 1, 1, 1, 1]
2026-08-18 14:52:13.356 | DEBUG    | eval.evaluation.evaluation:evaluate_single_query:321 - wide2deep_ws_zh_075, col 作品相关获奖记录, metric_func_name llm_judge, score [0, 0, 1, 0, 0, 1, 0, 0, 0, 1, 0, 1, 0]
2026-08-18 14:52:13.361 | INFO     | eval.evaluation.evaluation:evaluate_single_query:380 - wide2deep_ws_zh_075, P/R/F1 by unique_columns: 1.0000/0.3421/0.5098
2026-08-18 14:52:13.361 | INFO     | eval.evaluation.evaluation:evaluate_single_query:383 - wide2deep_ws_zh_075, P/R/F1 by row: 0.3077/0.1053/0.1569
2026-08-18 14:52:13.361 | INFO     | eval.evaluation.evaluation:evaluate_single_query:386 - wide2deep_ws_zh_075, P/R/F1 by item: 0.8615/0.2947/0.4392
2026-08-18 14:52:13.363 | INFO     | eval.evaluation.evaluation:evaluate_single_query:398 - wide2deep_ws_zh_075, final table score: 0.0
{"event": "eval_done", "idx": 7, "instance_id": "wide2deep_ws_zh_075", "score": 0.0, "entity_acc": 1.0, "f1_by_row": 0.1568627450980392, "f1_by_item": 0.4392156862745098, "column_f1": 0.5098039215686275, "error": null, "elapsed_seconds": 54.174, "running_n": 7}
SUMMARY {"n": 7, "valid_n": 7, "errors": 0, "complete": true, "judge_calls_current_process": 49, "score": 0.0, "entity_acc": 1.0, "precision_by_row": 0.6221496257365823, "recall_by_row": 0.46578947368421053, "f1_by_row": 0.5100646412411118, "precision_by_item": 0.8800562191431757, "recall_by_item": 0.5393234221918433, "f1_by_item": 0.6078403361344538, "column_precision": 0.9795031055900622, "column_recall": 0.5608741550846814, "column_f1": 0.6373285211520505}
