INFO: Pandarallel will run on 8 workers.
INFO: Pandarallel will use Memory file system to transfer data between the main process and workers.
{"event": "eval_start", "selected": 7, "resume_committed": 0, "committed_errors": 0, "crash_only_resume": false}
2026-08-09 08:28:43.254 | DEBUG    | eval.evaluation.data_loader:extract_dataframe:167 - find markdown_str 
| 职务 | 姓名 | 出生日期 | 出生地 |
| --- | --- | --- | --- |
| 澳门特别行政区行政长 ...
2026-08-09 08:28:47.365 | INFO     | eval.evaluation.metric_utils:primary_key_preprocess:246 - primary_key_preprocess result: ```json
{
  "岑浩辉": "岑浩辉",
  "张永春": "张永春",
  "戴建业": "戴建业",
  "黄少泽": "黄少泽",
  "柯岚": "柯岚",
  "谭伟文": "谭伟文",
  "欧阳湘": "欧阳湘",
  "欧阳瑜": "欧阳瑜",
  "陈子劲": "陈子劲",
  "梁文昌": "梁文昌"
}
```
2026-08-09 08:28:47.365 | INFO     | eval.evaluation.evaluation:evaluate_single_query:223 - col: 姓名, primary_key_map {'岑浩辉': '岑浩辉', '张永春': '张永春', '戴建业': '戴建业', '黄少泽': '黄少泽', '柯岚': '柯岚', '谭伟文': '谭伟文', '欧阳湘': '欧阳湘', '欧阳瑜': '欧阳瑜', '陈子劲': '陈子劲', '梁文昌': '梁文昌'}
2026-08-09 08:28:47.511 | INFO     | eval.evaluation.evaluation:evaluate_single_query:275 - deep2wide_result_27_澳门, df_inner shape: (10, 8), answer_df shape: (13, 4), response_df shape: (11, 5)
2026-08-09 08:28:50.025 | DEBUG    | eval.evaluation.evaluation:evaluate_single_query:321 - deep2wide_result_27_澳门, col 职务, metric_func_name llm_judge, score [1, 1, 1, 1, 1, 1, 1, 1, 1, 1]
2026-08-09 08:28:50.028 | DEBUG    | eval.evaluation.evaluation:metric_call:77 - metric_func_name date_near score 0.0 msg date not near, response: 1962-08-01 00:00:00, target: 1962-05-01 00:00:00
2026-08-09 08:28:50.030 | DEBUG    | eval.evaluation.evaluation:metric_call:77 - metric_func_name date_near score 1.0 msg date near, response: 1966-09-10 00:00:00, target: 1966-09-01 00:00:00
2026-08-09 08:28:50.033 | DEBUG    | eval.evaluation.evaluation:metric_call:77 - metric_func_name date_near score 0.0 msg date not near, response: 1968-08-01 00:00:00, target: 2058-08-09 00:00:00
2026-08-09 08:28:50.037 | DEBUG    | eval.evaluation.evaluation:metric_call:77 - metric_func_name date_near score 1.0 msg date near, response: 1968-09-01 00:00:00, target: 1968-09-01 00:00:00
2026-08-09 08:28:50.039 | DEBUG    | eval.evaluation.evaluation:metric_call:77 - metric_func_name date_near score 0.0 msg date not near, response: 1972-08-01 00:00:00, target: 2052-08-09 00:00:00
2026-08-09 08:28:50.041 | DEBUG    | eval.evaluation.evaluation:metric_call:77 - metric_func_name date_near score 0.0 msg date not near, response: 1963-08-01 00:00:00, target: 2066-08-09 00:00:00
2026-08-09 08:28:50.043 | DEBUG    | eval.evaluation.evaluation:metric_call:77 - metric_func_name date_near score 0.0 msg date not near, response: 1967-08-01 00:00:00, target: 2042-08-09 00:00:00
2026-08-09 08:28:50.045 | DEBUG    | eval.evaluation.evaluation:metric_call:77 - metric_func_name date_near score 0.0 msg date not near, response: 1968-07-26 00:00:00, target: 1968-09-01 00:00:00
2026-08-09 08:28:50.048 | DEBUG    | eval.evaluation.evaluation:metric_call:77 - metric_func_name date_near score 0.0 msg date not near, response: 1964-08-01 00:00:00, target: 2062-08-09 00:00:00
2026-08-09 08:28:50.050 | DEBUG    | eval.evaluation.evaluation:metric_call:77 - metric_func_name date_near score 0.0 msg date not near, response: 1964-08-01 00:00:00, target: 2056-08-09 00:00:00
2026-08-09 08:28:50.051 | DEBUG    | eval.evaluation.evaluation:evaluate_single_query:321 - deep2wide_result_27_澳门, col 出生日期, metric_func_name date_near, score [0.0, 1.0, 0.0, 1.0, 0.0, 0.0, 0.0, 0.0, 0.0, 0.0]
2026-08-09 08:28:52.907 | DEBUG    | eval.evaluation.evaluation:evaluate_single_query:321 - deep2wide_result_27_澳门, col 出生地, metric_func_name llm_judge, score [1, 1, 1, 1, 0, 1, 1, 1, 1, 0]
2026-08-09 08:28:52.914 | INFO     | eval.evaluation.evaluation:evaluate_single_query:380 - deep2wide_result_27_澳门, P/R/F1 by unique_columns: 0.9091/0.7692/0.8333
2026-08-09 08:28:52.915 | INFO     | eval.evaluation.evaluation:evaluate_single_query:383 - deep2wide_result_27_澳门, P/R/F1 by row: 0.1818/0.1538/0.1667
2026-08-09 08:28:52.915 | INFO     | eval.evaluation.evaluation:evaluate_single_query:386 - deep2wide_result_27_澳门, P/R/F1 by item: 0.6818/0.5769/0.6250
2026-08-09 08:28:52.917 | INFO     | eval.evaluation.evaluation:evaluate_single_query:398 - deep2wide_result_27_澳门, final table score: 0.0
{"event": "eval_done", "idx": 1, "instance_id": "deep2wide_result_27_澳门", "score": 0.0, "entity_acc": 1.0, "f1_by_row": 0.16666666666666669, "f1_by_item": 0.6249999999999999, "column_f1": 0.8333333333333333, "error": null, "elapsed_seconds": 18.449, "running_n": 1}
{"event": "eval_done", "idx": 2, "instance_id": "deep2wide_result_28_延边朝鲜族自治州", "score": 0.0, "entity_acc": 0.0, "f1_by_row": 0.0, "f1_by_item": 0.0, "column_f1": 0.0, "error": null, "elapsed_seconds": 1.929, "running_n": 2}
{"event": "eval_done", "idx": 3, "instance_id": "deep2wide_result_29_浙江省东阳市", "score": 0.0, "entity_acc": 0.0, "f1_by_row": 0.0, "f1_by_item": 0.0, "column_f1": 0.0, "error": null, "elapsed_seconds": 1.419, "running_n": 3}
{"event": "eval_done", "idx": 4, "instance_id": "deep2wide_result_30_犹格索托斯的庭院", "score": 0.0, "entity_acc": 0.0, "f1_by_row": 0.0, "f1_by_item": 0.0, "column_f1": 0.0, "error": null, "elapsed_seconds": 3.6, "running_n": 4}
{"event": "eval_done", "idx": 5, "instance_id": "deep2wide_result_31_四川省九大高原湖泊", "score": 0.0, "entity_acc": 0.0, "f1_by_row": 0.0, "f1_by_item": 0.0, "column_f1": 0.0, "error": null, "elapsed_seconds": 2.327, "running_n": 5}
2026-08-09 08:29:04.817 | DEBUG    | eval.evaluation.data_loader:extract_dataframe:167 - find markdown_str 
| 自然保护地名称 | 保护类型 | 面积单位公顷 | 设立时间 | 所属区域 |
| --- | --- | --- | - ...
2026-08-09 08:29:08.529 | INFO     | eval.evaluation.metric_utils:primary_key_preprocess:246 - primary_key_preprocess result: ```json
{
  "自然保护地名称": "自然保护地名称",
  "保护类型": "保护类型",
  "面积单位公顷": "面积（单位：公顷）",
  "设立时间": "设立时间",
  "所属区域": "所属区域"
}
```
2026-08-09 08:29:08.529 | INFO     | eval.evaluation.evaluation:evaluate_single_query:172 - column map: {'自然保护地名称': '自然保护地名称', '保护类型': '保护类型', '面积单位公顷': '面积（单位：公顷）', '设立时间': '设立时间', '所属区域': '所属区域'}
2026-08-09 08:29:08.530 | INFO     | eval.evaluation.evaluation:evaluate_single_query:173 - befor mapping: Index(['自然保护地名称', '保护类型', '面积单位公顷', '设立时间', '所属区域'], dtype='object')
2026-08-09 08:29:08.531 | INFO     | eval.evaluation.evaluation:evaluate_single_query:175 - after mapping: Index(['自然保护地名称', '保护类型', '面积（单位：公顷）', '设立时间', '所属区域'], dtype='object')
2026-08-09 08:29:10.793 | INFO     | eval.evaluation.metric_utils:primary_key_preprocess:246 - primary_key_preprocess result: ```json
{
  "海南热带雨林国家公园": "海南热带雨林国家公园",
  "海南东寨港国家级自然保护区": "海南东寨港国家级自然保护区",
  "海南大田国家级自然保护区": "海南大田国家级自然保护区"
}
```
2026-08-09 08:29:10.793 | INFO     | eval.evaluation.evaluation:evaluate_single_query:223 - col: 自然保护地名称, primary_key_map {'海南热带雨林国家公园': '海南热带雨林国家公园', '海南东寨港国家级自然保护区': '海南东寨港国家级自然保护区', '海南大田国家级自然保护区': '海南大田国家级自然保护区'}
2026-08-09 08:29:10.822 | INFO     | eval.evaluation.evaluation:evaluate_single_query:275 - deep2wide_result_32_海南省, df_inner shape: (3, 10), answer_df shape: (10, 5), response_df shape: (11, 6)
2026-08-09 08:29:10.823 | DEBUG    | eval.evaluation.evaluation:metric_call:77 - metric_func_name exact_match score 0.0 msg exact not match, response: 国家级自然保护区, target: 自然保护区
2026-08-09 08:29:10.824 | DEBUG    | eval.evaluation.evaluation:metric_call:77 - metric_func_name exact_match score 0.0 msg exact not match, response: 国家级自然保护区, target: 自然保护区
2026-08-09 08:29:10.824 | DEBUG    | eval.evaluation.evaluation:metric_call:77 - metric_func_name exact_match score 1.0 msg exact match, response: 国家公园, target: 国家公园
2026-08-09 08:29:10.824 | DEBUG    | eval.evaluation.evaluation:evaluate_single_query:321 - deep2wide_result_32_海南省, col 保护类型, metric_func_name exact_match, score [0.0, 0.0, 1.0]
2026-08-09 08:29:10.825 | DEBUG    | eval.evaluation.evaluation:metric_call:77 - metric_func_name number_near score 1.0 msg number near in range 5.0%, response: 1314.0, target: 1308.57
2026-08-09 08:29:10.825 | DEBUG    | eval.evaluation.evaluation:metric_call:77 - metric_func_name number_near score 1.0 msg number near in range 5.0%, response: 3337.6, target: 3421.32
2026-08-09 08:29:10.825 | DEBUG    | eval.evaluation.evaluation:metric_call:77 - metric_func_name number_near score 1.0 msg number near in range 5.0%, response: 426900.0, target: 426853.88
2026-08-09 08:29:10.825 | DEBUG    | eval.evaluation.evaluation:evaluate_single_query:321 - deep2wide_result_32_海南省, col 面积（单位：公顷）, metric_func_name number_near, score [1.0, 1.0, 1.0]
2026-08-09 08:29:10.828 | DEBUG    | eval.evaluation.evaluation:metric_call:77 - metric_func_name date_near score 0.0 msg date not near, response: 1986-08-01 00:00:00, target: 2040-08-09 00:00:00
2026-08-09 08:29:10.830 | DEBUG    | eval.evaluation.evaluation:metric_call:77 - metric_func_name date_near score 0.0 msg date not near, response: 1986-08-01 00:00:00, target: 2046-08-09 00:00:00
2026-08-09 08:29:10.832 | DEBUG    | eval.evaluation.evaluation:metric_call:77 - metric_func_name date_near score 0.0 msg date not near, response: 2021-10-12 00:00:00, target: 2009-07-08 00:00:00
2026-08-09 08:29:10.833 | DEBUG    | eval.evaluation.evaluation:evaluate_single_query:321 - deep2wide_result_32_海南省, col 设立时间, metric_func_name date_near, score [0.0, 0.0, 0.0]
2026-08-09 08:29:14.589 | DEBUG    | eval.evaluation.evaluation:evaluate_single_query:321 - deep2wide_result_32_海南省, col 所属区域, metric_func_name llm_judge, score [1, 1, 0]
2026-08-09 08:29:14.594 | INFO     | eval.evaluation.evaluation:evaluate_single_query:380 - deep2wide_result_32_海南省, P/R/F1 by unique_columns: 0.2727/0.3000/0.2857
2026-08-09 08:29:14.594 | INFO     | eval.evaluation.evaluation:evaluate_single_query:383 - deep2wide_result_32_海南省, P/R/F1 by row: 0.0000/0.0000/0.0000
2026-08-09 08:29:14.594 | INFO     | eval.evaluation.evaluation:evaluate_single_query:386 - deep2wide_result_32_海南省, P/R/F1 by item: 0.1636/0.1800/0.1714
2026-08-09 08:29:14.595 | INFO     | eval.evaluation.evaluation:evaluate_single_query:398 - deep2wide_result_32_海南省, final table score: 0.0
{"event": "eval_done", "idx": 6, "instance_id": "deep2wide_result_32_海南省", "score": 0.0, "entity_acc": 1.0, "f1_by_row": 0.0, "f1_by_item": 0.17142857142857143, "column_f1": 0.28571428571428564, "error": null, "elapsed_seconds": 12.32, "running_n": 6}
2026-08-09 08:29:17.407 | DEBUG    | eval.evaluation.data_loader:extract_dataframe:167 - find markdown_str 
| 名称 | 行政类别 | 面积 | 政府驻地 | 火车站 |
| --- | --- | --- | --- | --- | ...
2026-08-09 08:29:20.307 | INFO     | eval.evaluation.metric_utils:primary_key_preprocess:246 - primary_key_preprocess result: ```json
{
  "蕉城区": "蕉城区",
  "霞浦县": "霞浦县",
  "古田县": "古田县",
  "屏南县": "屏南县",
  "寿宁县": "寿宁县",
  "周宁县": "周宁县",
  "柘荣县": "柘荣县",
  "福安市": "福安市",
  "福鼎市": "福鼎市"
}
```
2026-08-09 08:29:20.307 | INFO     | eval.evaluation.evaluation:evaluate_single_query:223 - col: 名称, primary_key_map {'蕉城区': '蕉城区', '霞浦县': '霞浦县', '古田县': '古田县', '屏南县': '屏南县', '寿宁县': '寿宁县', '周宁县': '周宁县', '柘荣县': '柘荣县', '福安市': '福安市', '福鼎市': '福鼎市'}
2026-08-09 08:29:20.313 | INFO     | eval.evaluation.evaluation:evaluate_single_query:275 - deep2wide_result_33_宁德市, df_inner shape: (9, 10), answer_df shape: (9, 5), response_df shape: (9, 6)
2026-08-09 08:29:20.314 | DEBUG    | eval.evaluation.evaluation:metric_call:77 - metric_func_name exact_match score 1.0 msg exact match, response: 县, target: 县
2026-08-09 08:29:20.314 | DEBUG    | eval.evaluation.evaluation:metric_call:77 - metric_func_name exact_match score 1.0 msg exact match, response: 县, target: 县
2026-08-09 08:29:20.315 | DEBUG    | eval.evaluation.evaluation:metric_call:77 - metric_func_name exact_match score 1.0 msg exact match, response: 县, target: 县
2026-08-09 08:29:20.315 | DEBUG    | eval.evaluation.evaluation:metric_call:77 - metric_func_name exact_match score 1.0 msg exact match, response: 县, target: 县
2026-08-09 08:29:20.315 | DEBUG    | eval.evaluation.evaluation:metric_call:77 - metric_func_name exact_match score 1.0 msg exact match, response: 县, target: 县
2026-08-09 08:29:20.315 | DEBUG    | eval.evaluation.evaluation:metric_call:77 - metric_func_name exact_match score 1.0 msg exact match, response: 县, target: 县
2026-08-09 08:29:20.315 | DEBUG    | eval.evaluation.evaluation:metric_call:77 - metric_func_name exact_match score 1.0 msg exact match, response: 市辖区, target: 市辖区
2026-08-09 08:29:20.315 | DEBUG    | eval.evaluation.evaluation:metric_call:77 - metric_func_name exact_match score 1.0 msg exact match, response: 县级市, target: 县级市
2026-08-09 08:29:20.315 | DEBUG    | eval.evaluation.evaluation:metric_call:77 - metric_func_name exact_match score 1.0 msg exact match, response: 县级市, target: 县级市
2026-08-09 08:29:20.315 | DEBUG    | eval.evaluation.evaluation:evaluate_single_query:321 - deep2wide_result_33_宁德市, col 行政类别, metric_func_name exact_match, score [1.0, 1.0, 1.0, 1.0, 1.0, 1.0, 1.0, 1.0, 1.0]
2026-08-09 08:29:20.316 | DEBUG    | eval.evaluation.evaluation:metric_call:77 - metric_func_name number_near score 0.0 msg number not near, response: 1716.0, target: 1489.6
2026-08-09 08:29:20.316 | DEBUG    | eval.evaluation.evaluation:metric_call:77 - metric_func_name number_near score 1.0 msg number near in range 5.0%, response: 2385.0, target: 2373.0
2026-08-09 08:29:20.316 | DEBUG    | eval.evaluation.evaluation:metric_call:77 - metric_func_name number_near score 1.0 msg number near in range 5.0%, response: 1487.0, target: 1487.0
2026-08-09 08:29:20.316 | DEBUG    | eval.evaluation.evaluation:metric_call:77 - metric_func_name number_near score 1.0 msg number near in range 5.0%, response: 1433.0, target: 1432.97
2026-08-09 08:29:20.316 | DEBUG    | eval.evaluation.evaluation:metric_call:77 - metric_func_name number_near score 1.0 msg number near in range 5.0%, response: 1047.0, target: 1035.0
2026-08-09 08:29:20.316 | DEBUG    | eval.evaluation.evaluation:metric_call:77 - metric_func_name number_near score 1.0 msg number near in range 5.0%, response: 538.0, target: 543.9
2026-08-09 08:29:20.316 | DEBUG    | eval.evaluation.evaluation:metric_call:77 - metric_func_name number_near score 0.0 msg number not near, response: 1664.0, target: 1505.0
2026-08-09 08:29:20.316 | DEBUG    | eval.evaluation.evaluation:metric_call:77 - metric_func_name number_near score 1.0 msg number near in range 5.0%, response: 1880.0, target: 1880.0
2026-08-09 08:29:20.316 | DEBUG    | eval.evaluation.evaluation:metric_call:77 - metric_func_name number_near score 1.0 msg number near in range 5.0%, response: 1526.0, target: 1526.31
2026-08-09 08:29:20.317 | DEBUG    | eval.evaluation.evaluation:evaluate_single_query:321 - deep2wide_result_33_宁德市, col 面积, metric_func_name number_near, score [0.0, 1.0, 1.0, 1.0, 1.0, 1.0, 0.0, 1.0, 1.0]
2026-08-09 08:29:29.307 | DEBUG    | eval.evaluation.evaluation:evaluate_single_query:321 - deep2wide_result_33_宁德市, col 政府驻地, metric_func_name llm_judge, score [1, 1, 1, 1, 1, 1, 0, 1, 1]
2026-08-09 08:29:34.587 | DEBUG    | eval.evaluation.evaluation:evaluate_single_query:321 - deep2wide_result_33_宁德市, col 火车站, metric_func_name llm_judge, score [1, 1, 1, 0, 1, 0, 0, 0, 1]
2026-08-09 08:29:34.591 | INFO     | eval.evaluation.evaluation:evaluate_single_query:380 - deep2wide_result_33_宁德市, P/R/F1 by unique_columns: 1.0000/1.0000/1.0000
2026-08-09 08:29:34.591 | INFO     | eval.evaluation.evaluation:evaluate_single_query:383 - deep2wide_result_33_宁德市, P/R/F1 by row: 0.4444/0.4444/0.4444
2026-08-09 08:29:34.591 | INFO     | eval.evaluation.evaluation:evaluate_single_query:386 - deep2wide_result_33_宁德市, P/R/F1 by item: 0.8444/0.8444/0.8444
2026-08-09 08:29:34.593 | INFO     | eval.evaluation.evaluation:evaluate_single_query:398 - deep2wide_result_33_宁德市, final table score: 0.0
{"event": "eval_done", "idx": 7, "instance_id": "deep2wide_result_33_宁德市", "score": 0.0, "entity_acc": 1.0, "f1_by_row": 0.4444444444444444, "f1_by_item": 0.8444444444444444, "column_f1": 1.0, "error": null, "elapsed_seconds": 19.976, "running_n": 7}
SUMMARY {"n": 7, "valid_n": 7, "errors": 0, "complete": true, "judge_calls_current_process": 16, "score": 0.0, "entity_acc": 0.42857142857142855, "precision_by_row": 0.08946608946608947, "recall_by_row": 0.08547008547008547, "f1_by_row": 0.08730158730158731, "precision_by_item": 0.2414141414141414, "recall_by_item": 0.22876678876678877, "f1_by_item": 0.23441043083900226, "column_precision": 0.3116883116883117, "column_recall": 0.2956043956043956, "column_f1": 0.30272108843537415}
