INFO: Pandarallel will run on 8 workers.
INFO: Pandarallel will use Memory file system to transfer data between the main process and workers.
{"event": "eval_start", "selected": 7, "resume_committed": 0, "committed_errors": 0, "crash_only_resume": false}
2026-08-07 13:42:04.026 | DEBUG    | eval.evaluation.data_loader:extract_dataframe:167 - find markdown_str 
| 论文题目 | 作者 | 发表时间 | 发表刊物 | 关键词 | DOI号 | 基金资助 |
| --- | --- | - ...
2026-08-07 13:42:06.656 | INFO     | eval.evaluation.metric_utils:primary_key_preprocess:246 - primary_key_preprocess result: ```json
{
  "生成式人工智能的法律定位与分层治理": "生成式人工智能的法律定位与分层治理"
}
```
2026-08-07 13:42:06.656 | INFO     | eval.evaluation.evaluation:evaluate_single_query:223 - col: 论文题目, primary_key_map {'生成式人工智能的法律定位与分层治理': '生成式人工智能的法律定位与分层治理'}
2026-08-07 13:42:06.665 | INFO     | eval.evaluation.evaluation:evaluate_single_query:275 - wide2deep_ws_zh_077, df_inner shape: (1, 14), answer_df shape: (26, 7), response_df shape: (1, 8)
2026-08-07 13:42:08.259 | DEBUG    | eval.evaluation.evaluation:evaluate_single_query:321 - wide2deep_ws_zh_077, col 作者, metric_func_name llm_judge, score [1]
2026-08-07 13:42:08.259 | DEBUG    | eval.evaluation.evaluation:metric_call:77 - metric_func_name exact_match score 0.0 msg exact not match, response: 2023/07/15, target: 2023/7/15
2026-08-07 13:42:08.260 | DEBUG    | eval.evaluation.evaluation:evaluate_single_query:321 - wide2deep_ws_zh_077, col 发表时间, metric_func_name exact_match, score [0.0]
2026-08-07 13:42:11.089 | DEBUG    | eval.evaluation.evaluation:evaluate_single_query:321 - wide2deep_ws_zh_077, col 发表刊物, metric_func_name llm_judge, score [1]
2026-08-07 13:42:14.490 | DEBUG    | eval.evaluation.evaluation:evaluate_single_query:321 - wide2deep_ws_zh_077, col 关键词, metric_func_name llm_judge, score [0]
2026-08-07 13:42:14.490 | DEBUG    | eval.evaluation.evaluation:metric_call:77 - metric_func_name exact_match score 0.0 msg exact not match, response: 10.3969/j.issn.1001-2397.2023.04.007, target: nan
2026-08-07 13:42:14.491 | DEBUG    | eval.evaluation.evaluation:evaluate_single_query:321 - wide2deep_ws_zh_077, col doi号, metric_func_name exact_match, score [0.0]
2026-08-07 13:42:17.965 | DEBUG    | eval.evaluation.evaluation:evaluate_single_query:321 - wide2deep_ws_zh_077, col 基金资助, metric_func_name llm_judge, score [0]
2026-08-07 13:42:17.974 | INFO     | eval.evaluation.evaluation:evaluate_single_query:380 - wide2deep_ws_zh_077, P/R/F1 by unique_columns: 1.0000/0.0385/0.0741
2026-08-07 13:42:17.974 | INFO     | eval.evaluation.evaluation:evaluate_single_query:383 - wide2deep_ws_zh_077, P/R/F1 by row: 0.0000/0.0000/0.0000
2026-08-07 13:42:17.974 | INFO     | eval.evaluation.evaluation:evaluate_single_query:386 - wide2deep_ws_zh_077, P/R/F1 by item: 0.4286/0.0165/0.0317
2026-08-07 13:42:17.976 | INFO     | eval.evaluation.evaluation:evaluate_single_query:398 - wide2deep_ws_zh_077, final table score: 0.0
{"event": "eval_done", "idx": 1, "instance_id": "wide2deep_ws_zh_077", "score": 0.0, "entity_acc": 1.0, "f1_by_row": 0.0, "f1_by_item": 0.031746031746031744, "column_f1": 0.07407407407407407, "error": null, "elapsed_seconds": 18.814, "running_n": 1}
{"event": "eval_done", "idx": 2, "instance_id": "wide2deep_ws_zh_093", "score": 0.0, "entity_acc": 0.0, "f1_by_row": 0.0, "f1_by_item": 0.0, "column_f1": 0.0, "error": null, "elapsed_seconds": 2.304, "running_n": 2}
{"event": "eval_done", "idx": 3, "instance_id": "wide2deep_ws_zh_097", "score": 0.0, "entity_acc": 0.0, "f1_by_row": 0.0, "f1_by_item": 0.0, "column_f1": 0.0, "error": null, "elapsed_seconds": 2.784, "running_n": 3}
2026-08-07 13:42:25.553 | DEBUG    | eval.evaluation.data_loader:extract_dataframe:167 - find markdown_str 
| Subject | University | emphasizes reputation assessment as a  ...
2026-08-07 13:42:29.486 | INFO     | eval.evaluation.metric_utils:primary_key_preprocess:246 - primary_key_preprocess result: ```json
{
  "subject": "subject",
  "university": "university",
  "qsworlduniversityrankings2025": "qsworlduniversityrankings2025",
  "timeshighereducationworlduniversityrankings2025": "timeshighereducationworlduniversityrankings2025",
  "homepage": "homepage",
  "applicationdeadline": "applicationdeadline",
  "applicationfee": "applicationfee"
}
```
2026-08-07 13:42:29.486 | INFO     | eval.evaluation.evaluation:evaluate_single_query:172 - column map: {'subject': 'subject', 'university': 'university', 'qsworlduniversityrankings2025': 'qsworlduniversityrankings2025', 'timeshighereducationworlduniversityrankings2025': 'timeshighereducationworlduniversityrankings2025', 'homepage': 'homepage', 'applicationdeadline': 'applicationdeadline', 'applicationfee': 'applicationfee'}
2026-08-07 13:42:29.486 | INFO     | eval.evaluation.evaluation:evaluate_single_query:173 - befor mapping: Index(['subject', 'university', 'emphasizesreputationassessmentasacoreelement',
       'qsworlduniversityrankings2025',
       'timeshighereducationworlduniversityrankings2025', 'homepage',
       'applicationdeadline', 'applicationfee'],
      dtype='object')
2026-08-07 13:42:29.487 | INFO     | eval.evaluation.evaluation:evaluate_single_query:175 - after mapping: Index(['subject', 'university', 'emphasizesreputationassessmentasacoreelement',
       'qsworlduniversityrankings2025',
       'timeshighereducationworlduniversityrankings2025', 'homepage',
       'applicationdeadline', 'applicationfee'],
      dtype='object')
2026-08-07 13:42:29.487 | INFO     | eval.evaluation.evaluation:evaluate_single_query:179 - instance_id: wide2deep_ws_en_001, msg: required_columns ['subject', 'university', 'qsworlduniversityrankingsbysubject2025', 'qsworlduniversityrankings2025', 'timeshighereducationworlduniversityrankings2025', 'homepage', 'applicationdeadline', 'applicationfee'] != response_df Index(['subject', 'university', 'emphasizesreputationassessmentasacoreelement',
       'qsworlduniversityrankings2025',
       'timeshighereducationworlduniversityrankings2025', 'homepage',
       'applicationdeadline', 'applicationfee'],
      dtype='object')
{"event": "eval_done", "idx": 4, "instance_id": "wide2deep_ws_en_001", "score": 0.0, "entity_acc": 1.0, "f1_by_row": 0.0, "f1_by_item": 0.0, "column_f1": 0.0, "error": null, "elapsed_seconds": 6.361, "running_n": 4}
2026-08-07 13:42:32.759 | DEBUG    | eval.evaluation.data_loader:extract_dataframe:167 - find markdown_str 
| Date | Event Name | Level | Discipline | Result | Top 3 Playe ...
2026-08-07 13:42:38.659 | INFO     | eval.evaluation.metric_utils:primary_key_preprocess:246 - primary_key_preprocess result: ```json
{
  "2018-02": "2018-02",
  "2019-01": "2019-01",
  "2019-09": "2019-09",
  "2019-12": "2019-12",
  "2020-01": "2020-01",
  "2020-02": "2020-02",
  "2020-11": "2020-11",
  "2021-01": "2021-01",
  "2021-03": "2021-03",
  "2021-12": "2021-12",
  "2022-01": "2022-01",
  "2022-02": "2022-02",
  "2023-01": "2023-01",
  "2023-12": "2023-12",
  "2024-01": "2024-01",
  "2024-02": "2024-02",
  "2024-09": "2024-09",
  "2024-10": "2024-10",
  "2024-12": "2024-12",
  "2025-01": "2025-01"
}
```
2026-08-07 13:42:38.659 | INFO     | eval.evaluation.evaluation:evaluate_single_query:223 - col: date, primary_key_map {'2018-02': '2018-02', '2019-01': '2019-01', '2019-09': '2019-09', '2019-12': '2019-12', '2020-01': '2020-01', '2020-02': '2020-02', '2020-11': '2020-11', '2021-01': '2021-01', '2021-03': '2021-03', '2021-12': '2021-12', '2022-01': '2022-01', '2022-02': '2022-02', '2023-01': '2023-01', '2023-12': '2023-12', '2024-01': '2024-01', '2024-02': '2024-02', '2024-09': '2024-09', '2024-10': '2024-10', '2024-12': '2024-12', '2025-01': '2025-01'}
2026-08-07 13:42:42.877 | INFO     | eval.evaluation.metric_utils:primary_key_preprocess:246 - primary_key_preprocess result: ```json
{
  "Women’s halfpipe": "Women’s Halfpipe",
  "Women’s slopestyle": "Women’s Slopestyle",
  "Women’s big air": "Women’s Big Air",
  "Women’s ski big air": "Women’s Big Air",
  "Women’s ski slopestyle": "Women’s Slopestyle",
  "Women’s ski SuperPipe": "Women’s Superpipe",
  "Women’s freeski halfpipe": "Women’s Halfpipe",
  "Women’s freeski slopestyle": "Women’s Slopestyle",
  "Women’s freeski big air": "Women’s Big Air"
}
```
2026-08-07 13:42:42.877 | INFO     | eval.evaluation.evaluation:evaluate_single_query:223 - col: discipline, primary_key_map {'Women’s halfpipe': 'Women’s Halfpipe', 'Women’s slopestyle': 'Women’s Slopestyle', 'Women’s big air': 'Women’s Big Air', 'Women’s ski big air': 'Women’s Big Air', 'Women’s ski slopestyle': 'Women’s Slopestyle', 'Women’s ski SuperPipe': 'Women’s Superpipe', 'Women’s freeski halfpipe': 'Women’s Halfpipe', 'Women’s freeski slopestyle': 'Women’s Slopestyle', 'Women’s freeski big air': 'Women’s Big Air'}
2026-08-07 13:42:51.291 | INFO     | eval.evaluation.metric_utils:primary_key_preprocess:246 - primary_key_preprocess result: ```json
{
  "Aspen Snowmass Open": " FIS Freestyle Skiing Nor Am Cup",
  "FIS Freeski World Cup, Font-Romeu": "FIS Freestyle Ski World Cup - France Stop",
  "FIS Freeski World Cup, Cardrona": " FIS Freestyle Skiing World Cup Cardrona stop",
  "FIS Freeski World Cup, Secret Garden": " FIS Freestyle Skiing World Cup Zhangjiakou stop",
  "Winter Youth Olympic Games, Lausanne/Leysin": "Freestyle Skiing  Lausanne 2020 Winter Youth Olympics ",
  "FIS Freeski World Cup, Calgary—Event 1": " FIS Freestyle Skiing World Cup Calgary stop",
  "FIS Freeski World Cup, Calgary—Event 2": " FIS Freestyle Skiing World Cup Calgary stop",
  "FIS Freeski World Cup, Stubai": " FIS Freestyle Skiing World Cup Stubai stop",
  "FIS Freeski World Cup, Kreischberg": " FIS Freestyle Skiing World Cup Austria stop",
  "Winter X Games Aspen": "Winter X Games  ",
  "FIS Freestyle Ski and Snowboard World Championships, Aspen": "FIS Freestyle Skiing World Championships",
  "FIS Freeski World Cup, Steamboat": " FIS Freestyle Skiing World Cup Steamboat stop",
  "FIS Freeski World Cup, Copper Mountain": " FIS Freestyle Skiing World Cup Copper Mountain stop",
  "FIS Freeski World Cup, Mammoth Mountain": " FIS Freestyle Skiing World Cup- Mammoth Mountain stop",
  "Beijing Winter Olympic Games": "Freestyle Skiing Winter Olympic Games",
  "FIS Freeski World Cup, Laax Open": " FIS Freestyle Skiing World Cup Laax stop"
}
```
2026-08-07 13:42:51.292 | INFO     | eval.evaluation.evaluation:evaluate_single_query:223 - col: eventname, primary_key_map {'Aspen Snowmass Open': ' FIS Freestyle Skiing Nor Am Cup', 'FIS Freeski World Cup, Font-Romeu': 'FIS Freestyle Ski World Cup - France Stop', 'FIS Freeski World Cup, Cardrona': ' FIS Freestyle Skiing World Cup Cardrona stop', 'FIS Freeski World Cup, Secret Garden': ' FIS Freestyle Skiing World Cup Zhangjiakou stop', 'Winter Youth Olympic Games, Lausanne/Leysin': 'Freestyle Skiing  Lausanne 2020 Winter Youth Olympics ', 'FIS Freeski World Cup, Calgary—Event 1': ' FIS Freestyle Skiing World Cup Calgary stop', 'FIS Freeski World Cup, Calgary—Event 2': ' FIS Freestyle Skiing World Cup Calgary stop', 'FIS Freeski World Cup, Stubai': ' FIS Freestyle Skiing World Cup Stubai stop', 'FIS Freeski World Cup, Kreischberg': ' FIS Freestyle Skiing World Cup Austria stop', 'Winter X Games Aspen': 'Winter X Games  ', 'FIS Freestyle Ski and Snowboard World Championships, Aspen': 'FIS Freestyle Skiing World Championships', 'FIS Freeski World Cup, Steamboat': ' FIS Freestyle Skiing World Cup Steamboat stop', 'FIS Freeski World Cup, Copper Mountain': ' FIS Freestyle Skiing World Cup Copper Mountain stop', 'FIS Freeski World Cup, Mammoth Mountain': ' FIS Freestyle Skiing World Cup- Mammoth Mountain stop', 'Beijing Winter Olympic Games': 'Freestyle Skiing Winter Olympic Games', 'FIS Freeski World Cup, Laax Open': ' FIS Freestyle Skiing World Cup Laax stop'}
2026-08-07 13:42:51.299 | INFO     | eval.evaluation.evaluation:evaluate_single_query:275 - wide2deep_ws_en_003, df_inner shape: (31, 12), answer_df shape: (56, 6), response_df shape: (38, 9)
2026-08-07 13:42:56.417 | DEBUG    | eval.evaluation.evaluation:evaluate_single_query:321 - wide2deep_ws_en_003, col level, metric_func_name llm_judge, score [0, 1, 1, 1, 1, 1, 1, 1, 1, 1, 1, 1, 1, 1, 1, 1, 1, 1, 1, 1, 1, 1, 1, 1, 1, 1, 1, 1, 1, 1, 1]
2026-08-07 13:43:01.544 | DEBUG    | eval.evaluation.evaluation:evaluate_single_query:321 - wide2deep_ws_en_003, col result, metric_func_name llm_judge, score [0, 1, 1, 1, 1, 1, 1, 1, 1, 1, 1, 1, 1, 1, 1, 1, 1, 1, 1, 1, 1, 1, 1, 1, 1, 1, 1, 1, 1, 1, 0]
2026-08-07 13:43:10.328 | DEBUG    | eval.evaluation.evaluation:evaluate_single_query:321 - wide2deep_ws_en_003, col top3players, metric_func_name llm_judge, score [0, 0, 0, 0, 0, 0, 0, 0, 0, 1, 1, 1, 0, 0, 0, 0, 0, 1, 1, 1, 0, 0, 0, 0, 1, 0, 0, 0, 0, 0, 0]
2026-08-07 13:43:10.334 | INFO     | eval.evaluation.evaluation:evaluate_single_query:380 - wide2deep_ws_en_003, P/R/F1 by unique_columns: 0.8158/0.5536/0.6596
2026-08-07 13:43:10.334 | INFO     | eval.evaluation.evaluation:evaluate_single_query:383 - wide2deep_ws_en_003, P/R/F1 by row: 0.1842/0.1250/0.1489
2026-08-07 13:43:10.334 | INFO     | eval.evaluation.evaluation:evaluate_single_query:386 - wide2deep_ws_en_003, P/R/F1 by item: 0.6974/0.4732/0.5638
2026-08-07 13:43:10.337 | INFO     | eval.evaluation.evaluation:evaluate_single_query:398 - wide2deep_ws_en_003, final table score: 0.0
{"event": "eval_done", "idx": 5, "instance_id": "wide2deep_ws_en_003", "score": 0.0, "entity_acc": 1.0, "f1_by_row": 0.14893617021276595, "f1_by_item": 0.5638297872340425, "column_f1": 0.6595744680851064, "error": null, "elapsed_seconds": 40.831, "running_n": 5}
2026-08-07 13:43:13.351 | DEBUG    | eval.evaluation.data_loader:extract_dataframe:167 - find markdown_str 
| Series | Base model | U.S. release date |
| --- | --- | --- | ...
2026-08-07 13:43:16.655 | INFO     | eval.evaluation.metric_utils:primary_key_preprocess:246 - primary_key_preprocess result: ```json
{
  "basemodel": "modelname",
  "u.s.releasedate": "releasedate"
}
```
2026-08-07 13:43:16.655 | INFO     | eval.evaluation.evaluation:evaluate_single_query:172 - column map: {'basemodel': 'modelname', 'u.s.releasedate': 'releasedate'}
2026-08-07 13:43:16.655 | INFO     | eval.evaluation.evaluation:evaluate_single_query:173 - befor mapping: Index(['series', 'basemodel', 'u.s.releasedate'], dtype='object')
2026-08-07 13:43:16.655 | INFO     | eval.evaluation.evaluation:evaluate_single_query:175 - after mapping: Index(['series', 'modelname', 'releasedate'], dtype='object')
2026-08-07 13:43:16.656 | INFO     | eval.evaluation.evaluation:evaluate_single_query:179 - instance_id: wide2deep_ws_en_004, msg: required_columns ['modelname', 'releasedate', 'pre-installedos', 'processorbrand', 'cpumodel', 'cpumanufacturingprocess', 'cpucorecount', 'screensize', 'resolution', 'batterycapacity', 'ramsize', 'storagesize', 'highestcameraresolution', 'launchprice(usd)'] != response_df Index(['series', 'modelname', 'releasedate'], dtype='object')
{"event": "eval_done", "idx": 6, "instance_id": "wide2deep_ws_en_004", "score": 0.0, "entity_acc": 1.0, "f1_by_row": 0.0, "f1_by_item": 0.0, "column_f1": 0.0, "error": null, "elapsed_seconds": 6.298, "running_n": 6}
2026-08-07 13:43:20.966 | DEBUG    | eval.evaluation.data_loader:extract_dataframe:167 - find markdown_str 
| Restaurant | Main Cuisine Style | Address |
| --- | --- | --- ...
2026-08-07 13:43:24.416 | INFO     | eval.evaluation.metric_utils:primary_key_preprocess:246 - primary_key_preprocess result: ```json
{
  "Alléno Paris au Pavillon Ledoyen": "Alléno Paris au Pavillon Ledoyen",
  "Arpège": "Arpège",
  "Épicure": "Épicure",
  "Kei": "Kei",
  "L’Ambroisie": "L'Ambroisie",
  "Le Cinq": "Le Cinq",
  "Le Gabriel": "Le Gabriel-La Reserve Paris",
  "Le Pré Catelan": "Le Pré Catelan",
  "Pierre Gagnaire": "Pierre Gagnaire",
  "Plénitude – Cheval Blanc Paris": "Plénitude"
}
```
2026-08-07 13:43:24.416 | INFO     | eval.evaluation.evaluation:evaluate_single_query:223 - col: restaurant, primary_key_map {'Alléno Paris au Pavillon Ledoyen': 'Alléno Paris au Pavillon Ledoyen', 'Arpège': 'Arpège', 'Épicure': 'Épicure', 'Kei': 'Kei', 'L’Ambroisie': "L'Ambroisie", 'Le Cinq': 'Le Cinq', 'Le Gabriel': 'Le Gabriel-La Reserve Paris', 'Le Pré Catelan': 'Le Pré Catelan', 'Pierre Gagnaire': 'Pierre Gagnaire', 'Plénitude – Cheval Blanc Paris': 'Plénitude'}
2026-08-07 13:43:24.422 | INFO     | eval.evaluation.evaluation:evaluate_single_query:275 - wide2deep_ws_en_021, df_inner shape: (10, 6), answer_df shape: (10, 3), response_df shape: (10, 4)
2026-08-07 13:43:29.595 | DEBUG    | eval.evaluation.evaluation:evaluate_single_query:321 - wide2deep_ws_en_021, col maincuisinestyle, metric_func_name llm_judge, score [0, 1, 1, 1, 1, 1, 1, 0, 1, 1]
2026-08-07 13:43:34.142 | DEBUG    | eval.evaluation.evaluation:evaluate_single_query:321 - wide2deep_ws_en_021, col address, metric_func_name llm_judge, score [1, 1, 1, 1, 1, 1, 1, 1, 1, 1]
2026-08-07 13:43:34.147 | INFO     | eval.evaluation.evaluation:evaluate_single_query:380 - wide2deep_ws_en_021, P/R/F1 by unique_columns: 1.0000/1.0000/1.0000
2026-08-07 13:43:34.147 | INFO     | eval.evaluation.evaluation:evaluate_single_query:383 - wide2deep_ws_en_021, P/R/F1 by row: 0.8000/0.8000/0.8000
2026-08-07 13:43:34.147 | INFO     | eval.evaluation.evaluation:evaluate_single_query:386 - wide2deep_ws_en_021, P/R/F1 by item: 0.9333/0.9333/0.9333
2026-08-07 13:43:34.148 | INFO     | eval.evaluation.evaluation:evaluate_single_query:398 - wide2deep_ws_en_021, final table score: 0.0
{"event": "eval_done", "idx": 7, "instance_id": "wide2deep_ws_en_021", "score": 0.0, "entity_acc": 1.0, "f1_by_row": 0.8000000000000002, "f1_by_item": 0.9333333333333333, "column_f1": 1.0, "error": null, "elapsed_seconds": 17.472, "running_n": 7}
SUMMARY {"n": 7, "valid_n": 7, "errors": 0, "complete": true, "judge_calls_current_process": 23, "score": 0.0, "entity_acc": 0.7142857142857143, "precision_by_row": 0.1406015037593985, "recall_by_row": 0.13214285714285715, "f1_by_row": 0.13556231003039515, "precision_by_item": 0.29418188327962763, "recall_by_item": 0.20329016221873367, "f1_by_item": 0.21841559318762968, "column_precision": 0.40225563909774437, "column_recall": 0.22743328100470958, "column_f1": 0.2476640774513115}
