INFO: Pandarallel will run on 8 workers.
INFO: Pandarallel will use Memory file system to transfer data between the main process and workers.
{"event": "eval_start", "selected": 7, "resume_committed": 0, "committed_errors": 0, "crash_only_resume": false}
2026-08-12 15:26:00.297 | DEBUG    | eval.evaluation.data_loader:extract_dataframe:167 - find markdown_str 
| Year | Film | Director | Lifetime Gross in Domestic Box Offic ...
2026-08-12 15:26:05.692 | INFO     | eval.evaluation.metric_utils:primary_key_preprocess:246 - primary_key_preprocess result: ```json
{
  "Bad Boys for Life": "Bad Boys for Life",
  "1917": "1917",
  "Sonic the Hedgehog": "Sonic the Hedgehog",
  "Jumanji: The Next Level": "Jumanji: The Next Level",
  "Star Wars: Episode IX – The Rise of Skywalker": "Star Wars: The Rise of Skywalker",
  "Spider-Man: No Way Home": "Spider-Man: No Way Home",
  "Shang-Chi and the Legend of the Ten Rings": "Shang-Chi and the Legend of the Ten Rings",
  "Venom: Let There Be Carnage": "Venom: Let There Be Carnage",
  "Black Widow": "Black Widow",
  "F9: The Fast Saga": "F9: The Fast Saga",
  "Top Gun: Maverick": "Top Gun: Maverick",
  "Black Panther: Wakanda Forever": "Black Panther: Wakanda Forever",
  "Doctor Strange in the Multiverse of Madness": "Doctor Strange in the Multiverse of Madness",
  "Avatar: The Way of Water": "Avatar: The Way of Water",
  "Jurassic World Dominion": "Jurassic World Dominion",
  "Barbie": "Barbie",
  "The Super Mario Bros. Movie": "The Super Mario Bros. Movie",
  "Spider-Man: Across the Spider-Verse": "Spider-Man: Across the Spider-Verse",
  "Guardians of the Galaxy Vol. 3": "Guardians of the Galaxy Vol. 3",
  "Oppenheimer": "Oppenheimer",
  "Inside Out 2": "Inside Out 2",
  "Deadpool & Wolverine": "Deadpool & Wolverine",
  "Wicked": "Wicked",
  "Moana 2": "Moana 2",
  "Despicable Me 4": "Despicable Me 4"
}
```
2026-08-12 15:26:05.693 | INFO     | eval.evaluation.evaluation:evaluate_single_query:223 - col: film, primary_key_map {'Bad Boys for Life': 'Bad Boys for Life', '1917': '1917', 'Sonic the Hedgehog': 'Sonic the Hedgehog', 'Jumanji: The Next Level': 'Jumanji: The Next Level', 'Star Wars: Episode IX – The Rise of Skywalker': 'Star Wars: The Rise of Skywalker', 'Spider-Man: No Way Home': 'Spider-Man: No Way Home', 'Shang-Chi and the Legend of the Ten Rings': 'Shang-Chi and the Legend of the Ten Rings', 'Venom: Let There Be Carnage': 'Venom: Let There Be Carnage', 'Black Widow': 'Black Widow', 'F9: The Fast Saga': 'F9: The Fast Saga', 'Top Gun: Maverick': 'Top Gun: Maverick', 'Black Panther: Wakanda Forever': 'Black Panther: Wakanda Forever', 'Doctor Strange in the Multiverse of Madness': 'Doctor Strange in the Multiverse of Madness', 'Avatar: The Way of Water': 'Avatar: The Way of Water', 'Jurassic World Dominion': 'Jurassic World Dominion', 'Barbie': 'Barbie', 'The Super Mario Bros. Movie': 'The Super Mario Bros. Movie', 'Spider-Man: Across the Spider-Verse': 'Spider-Man: Across the Spider-Verse', 'Guardians of the Galaxy Vol. 3': 'Guardians of the Galaxy Vol. 3', 'Oppenheimer': 'Oppenheimer', 'Inside Out 2': 'Inside Out 2', 'Deadpool & Wolverine': 'Deadpool & Wolverine', 'Wicked': 'Wicked', 'Moana 2': 'Moana 2', 'Despicable Me 4': 'Despicable Me 4'}
2026-08-12 15:26:05.701 | INFO     | eval.evaluation.evaluation:evaluate_single_query:275 - wide2deep_ws_en_069, df_inner shape: (25, 10), answer_df shape: (25, 5), response_df shape: (25, 6)
2026-08-12 15:26:05.702 | DEBUG    | eval.evaluation.evaluation:metric_call:77 - metric_func_name exact_match score 1.0 msg exact match, response: 2020, target: 2020
2026-08-12 15:26:05.702 | DEBUG    | eval.evaluation.evaluation:metric_call:77 - metric_func_name exact_match score 1.0 msg exact match, response: 2020, target: 2020
2026-08-12 15:26:05.702 | DEBUG    | eval.evaluation.evaluation:metric_call:77 - metric_func_name exact_match score 1.0 msg exact match, response: 2020, target: 2020
2026-08-12 15:26:05.702 | DEBUG    | eval.evaluation.evaluation:metric_call:77 - metric_func_name exact_match score 1.0 msg exact match, response: 2020, target: 2020
2026-08-12 15:26:05.702 | DEBUG    | eval.evaluation.evaluation:metric_call:77 - metric_func_name exact_match score 1.0 msg exact match, response: 2020, target: 2020
2026-08-12 15:26:05.702 | DEBUG    | eval.evaluation.evaluation:metric_call:77 - metric_func_name exact_match score 1.0 msg exact match, response: 2021, target: 2021
2026-08-12 15:26:05.702 | DEBUG    | eval.evaluation.evaluation:metric_call:77 - metric_func_name exact_match score 1.0 msg exact match, response: 2021, target: 2021
2026-08-12 15:26:05.702 | DEBUG    | eval.evaluation.evaluation:metric_call:77 - metric_func_name exact_match score 1.0 msg exact match, response: 2021, target: 2021
2026-08-12 15:26:05.702 | DEBUG    | eval.evaluation.evaluation:metric_call:77 - metric_func_name exact_match score 1.0 msg exact match, response: 2021, target: 2021
2026-08-12 15:26:05.702 | DEBUG    | eval.evaluation.evaluation:metric_call:77 - metric_func_name exact_match score 1.0 msg exact match, response: 2021, target: 2021
2026-08-12 15:26:05.702 | DEBUG    | eval.evaluation.evaluation:metric_call:77 - metric_func_name exact_match score 1.0 msg exact match, response: 2022, target: 2022
2026-08-12 15:26:05.702 | DEBUG    | eval.evaluation.evaluation:metric_call:77 - metric_func_name exact_match score 1.0 msg exact match, response: 2022, target: 2022
2026-08-12 15:26:05.702 | DEBUG    | eval.evaluation.evaluation:metric_call:77 - metric_func_name exact_match score 1.0 msg exact match, response: 2022, target: 2022
2026-08-12 15:26:05.702 | DEBUG    | eval.evaluation.evaluation:metric_call:77 - metric_func_name exact_match score 1.0 msg exact match, response: 2022, target: 2022
2026-08-12 15:26:05.702 | DEBUG    | eval.evaluation.evaluation:metric_call:77 - metric_func_name exact_match score 1.0 msg exact match, response: 2022, target: 2022
2026-08-12 15:26:05.702 | DEBUG    | eval.evaluation.evaluation:metric_call:77 - metric_func_name exact_match score 1.0 msg exact match, response: 2023, target: 2023
2026-08-12 15:26:05.702 | DEBUG    | eval.evaluation.evaluation:metric_call:77 - metric_func_name exact_match score 1.0 msg exact match, response: 2023, target: 2023
2026-08-12 15:26:05.703 | DEBUG    | eval.evaluation.evaluation:metric_call:77 - metric_func_name exact_match score 1.0 msg exact match, response: 2023, target: 2023
2026-08-12 15:26:05.703 | DEBUG    | eval.evaluation.evaluation:metric_call:77 - metric_func_name exact_match score 1.0 msg exact match, response: 2023, target: 2023
2026-08-12 15:26:05.703 | DEBUG    | eval.evaluation.evaluation:metric_call:77 - metric_func_name exact_match score 1.0 msg exact match, response: 2023, target: 2023
2026-08-12 15:26:05.703 | DEBUG    | eval.evaluation.evaluation:metric_call:77 - metric_func_name exact_match score 1.0 msg exact match, response: 2024, target: 2024
2026-08-12 15:26:05.703 | DEBUG    | eval.evaluation.evaluation:metric_call:77 - metric_func_name exact_match score 1.0 msg exact match, response: 2024, target: 2024
2026-08-12 15:26:05.703 | DEBUG    | eval.evaluation.evaluation:metric_call:77 - metric_func_name exact_match score 1.0 msg exact match, response: 2024, target: 2024
2026-08-12 15:26:05.703 | DEBUG    | eval.evaluation.evaluation:metric_call:77 - metric_func_name exact_match score 1.0 msg exact match, response: 2024, target: 2024
2026-08-12 15:26:05.703 | DEBUG    | eval.evaluation.evaluation:metric_call:77 - metric_func_name exact_match score 1.0 msg exact match, response: 2024, target: 2024
2026-08-12 15:26:05.704 | DEBUG    | eval.evaluation.evaluation:evaluate_single_query:321 - wide2deep_ws_en_069, col year, metric_func_name exact_match, score [1.0, 1.0, 1.0, 1.0, 1.0, 1.0, 1.0, 1.0, 1.0, 1.0, 1.0, 1.0, 1.0, 1.0, 1.0, 1.0, 1.0, 1.0, 1.0, 1.0, 1.0, 1.0, 1.0, 1.0, 1.0]
2026-08-12 15:26:10.505 | DEBUG    | eval.evaluation.evaluation:evaluate_single_query:321 - wide2deep_ws_en_069, col director, metric_func_name llm_judge, score [1, 1, 0, 1, 1, 1, 1, 1, 1, 1, 1, 1, 1, 1, 1, 1, 1, 1, 1, 1, 1, 1, 1, 1, 0]
2026-08-12 15:26:10.505 | DEBUG    | eval.evaluation.evaluation:metric_call:77 - metric_func_name number_near score 1.0 msg number near in range 5.0%, response: 0.515203, target: 0.51
2026-08-12 15:26:10.505 | DEBUG    | eval.evaluation.evaluation:metric_call:77 - metric_func_name number_near score 1.0 msg number near in range 5.0%, response: 0.320315, target: 0.32
2026-08-12 15:26:10.505 | DEBUG    | eval.evaluation.evaluation:metric_call:77 - metric_func_name number_near score 1.0 msg number near in range 5.0%, response: 0.206305, target: 0.2
2026-08-12 15:26:10.505 | DEBUG    | eval.evaluation.evaluation:metric_call:77 - metric_func_name number_near score 1.0 msg number near in range 5.0%, response: 0.159228, target: 0.16
2026-08-12 15:26:10.505 | DEBUG    | eval.evaluation.evaluation:metric_call:77 - metric_func_name number_near score 1.0 msg number near in range 5.0%, response: 0.148975, target: 0.15
2026-08-12 15:26:10.505 | DEBUG    | eval.evaluation.evaluation:metric_call:77 - metric_func_name number_near score 1.0 msg number near in range 5.0%, response: 0.804793, target: 0.8
2026-08-12 15:26:10.505 | DEBUG    | eval.evaluation.evaluation:metric_call:77 - metric_func_name number_near score 1.0 msg number near in range 5.0%, response: 0.224543, target: 0.22
2026-08-12 15:26:10.505 | DEBUG    | eval.evaluation.evaluation:metric_call:77 - metric_func_name number_near score 1.0 msg number near in range 5.0%, response: 0.21355, target: 0.21
2026-08-12 15:26:10.505 | DEBUG    | eval.evaluation.evaluation:metric_call:77 - metric_func_name number_near score 1.0 msg number near in range 5.0%, response: 0.183652, target: 0.18
2026-08-12 15:26:10.506 | DEBUG    | eval.evaluation.evaluation:metric_call:77 - metric_func_name number_near score 1.0 msg number near in range 5.0%, response: 0.173006, target: 0.17
2026-08-12 15:26:10.506 | DEBUG    | eval.evaluation.evaluation:metric_call:77 - metric_func_name number_near score 1.0 msg number near in range 5.0%, response: 0.718733, target: 0.71
2026-08-12 15:26:10.506 | DEBUG    | eval.evaluation.evaluation:metric_call:77 - metric_func_name number_near score 1.0 msg number near in range 5.0%, response: 0.684076, target: 0.68
2026-08-12 15:26:10.506 | DEBUG    | eval.evaluation.evaluation:metric_call:77 - metric_func_name number_near score 1.0 msg number near in range 5.0%, response: 0.411332, target: 0.41
2026-08-12 15:26:10.506 | DEBUG    | eval.evaluation.evaluation:metric_call:77 - metric_func_name number_near score 1.0 msg number near in range 5.0%, response: 0.453829, target: 0.45
2026-08-12 15:26:10.506 | DEBUG    | eval.evaluation.evaluation:metric_call:77 - metric_func_name number_near score 1.0 msg number near in range 5.0%, response: 0.376851, target: 0.38
2026-08-12 15:26:10.506 | DEBUG    | eval.evaluation.evaluation:metric_call:77 - metric_func_name number_near score 1.0 msg number near in range 5.0%, response: 0.636238, target: 0.64
2026-08-12 15:26:10.506 | DEBUG    | eval.evaluation.evaluation:metric_call:77 - metric_func_name number_near score 1.0 msg number near in range 5.0%, response: 0.574934, target: 0.57
2026-08-12 15:26:10.506 | DEBUG    | eval.evaluation.evaluation:metric_call:77 - metric_func_name number_near score 1.0 msg number near in range 5.0%, response: 0.381311, target: 0.38
2026-08-12 15:26:10.506 | DEBUG    | eval.evaluation.evaluation:metric_call:77 - metric_func_name number_near score 1.0 msg number near in range 5.0%, response: 0.358996, target: 0.36
2026-08-12 15:26:10.506 | DEBUG    | eval.evaluation.evaluation:metric_call:77 - metric_func_name number_near score 1.0 msg number near in range 5.0%, response: 0.330078, target: 0.33
2026-08-12 15:26:10.506 | DEBUG    | eval.evaluation.evaluation:metric_call:77 - metric_func_name number_near score 1.0 msg number near in range 5.0%, response: 0.652981, target: 0.65
2026-08-12 15:26:10.506 | DEBUG    | eval.evaluation.evaluation:metric_call:77 - metric_func_name number_near score 1.0 msg number near in range 5.0%, response: 0.636746, target: 0.64
2026-08-12 15:26:10.506 | DEBUG    | eval.evaluation.evaluation:metric_call:77 - metric_func_name number_near score 1.0 msg number near in range 5.0%, response: 0.474958, target: 0.47
2026-08-12 15:26:10.506 | DEBUG    | eval.evaluation.evaluation:metric_call:77 - metric_func_name number_near score 1.0 msg number near in range 5.0%, response: 0.46044, target: 0.46
2026-08-12 15:26:10.506 | DEBUG    | eval.evaluation.evaluation:metric_call:77 - metric_func_name number_near score 1.0 msg number near in range 5.0%, response: 0.361004, target: 0.36
2026-08-12 15:26:10.507 | DEBUG    | eval.evaluation.evaluation:evaluate_single_query:321 - wide2deep_ws_en_069, col lifetimegrossindomesticboxoffice(usdbillion), metric_func_name number_near, score [1.0, 1.0, 1.0, 1.0, 1.0, 1.0, 1.0, 1.0, 1.0, 1.0, 1.0, 1.0, 1.0, 1.0, 1.0, 1.0, 1.0, 1.0, 1.0, 1.0, 1.0, 1.0, 1.0, 1.0, 1.0]
2026-08-12 15:26:16.096 | DEBUG    | eval.evaluation.evaluation:evaluate_single_query:321 - wide2deep_ws_en_069, col genre, metric_func_name llm_judge, score [1, 1, 1, 1, 1, 1, 1, 1, 1, 1, 1, 1, 1, 1, 1, 1, 1, 1, 1, 1, 1, 1, 1, 1, 1]
2026-08-12 15:26:16.102 | INFO     | eval.evaluation.evaluation:evaluate_single_query:380 - wide2deep_ws_en_069, P/R/F1 by unique_columns: 1.0000/1.0000/1.0000
2026-08-12 15:26:16.103 | INFO     | eval.evaluation.evaluation:evaluate_single_query:383 - wide2deep_ws_en_069, P/R/F1 by row: 0.9200/0.9200/0.9200
2026-08-12 15:26:16.103 | INFO     | eval.evaluation.evaluation:evaluate_single_query:386 - wide2deep_ws_en_069, P/R/F1 by item: 0.9840/0.9840/0.9840
2026-08-12 15:26:16.106 | INFO     | eval.evaluation.evaluation:evaluate_single_query:398 - wide2deep_ws_en_069, final table score: 0.0
{"event": "eval_done", "idx": 1, "instance_id": "wide2deep_ws_en_069", "score": 0.0, "entity_acc": 1.0, "f1_by_row": 0.92, "f1_by_item": 0.984, "column_f1": 1.0, "error": null, "elapsed_seconds": 21.577, "running_n": 1}
2026-08-12 15:26:19.079 | DEBUG    | eval.evaluation.data_loader:extract_dataframe:167 - find markdown_str 
| 年份 | 姓名 | 党派 | 民众票数 | 团票数 |
| --- | --- | --- | --- | --- |
| ...
2026-08-12 15:26:26.055 | INFO     | eval.evaluation.metric_utils:primary_key_preprocess:246 - primary_key_preprocess result: ```json
{
  "1789": "1789",
  "1792": "1792",
  "1796": "1796",
  "1800": "1800",
  "1804": "1804",
  "1808": "1808",
  "1812": "1812",
  "1816": "1816",
  "1820": "1820",
  "1824": "1824",
  "1828": "1828",
  "1832": "1832",
  "1836": "1836",
  "1840": "1840",
  "1844": "1844",
  "1848": "1848",
  "1852": "1852",
  "1856": "1856",
  "1860": "1860",
  "1864": "1864",
  "1868": "1868",
  "1872": "1872",
  "1876": "1876",
  "1880": "1880",
  "1884": "1884",
  "1888": "1888",
  "1892": "1892",
  "1896": "1896",
  "1900": "1900",
  "1904": "1904",
  "1908": "1908",
  "1912": "1912",
  "1916": "1916",
  "1920": "1920",
  "1924": "1924",
  "1928": "1928",
  "1932": "1932",
  "1936": "1936",
  "1940": "1940",
  "1944": "1944",
  "1948": "1948",
  "1952": "1952",
  "1956": "1956",
  "1960": "1960",
  "1964": "1964",
  "1968": "1968",
  "1972": "1972",
  "1976": "1976",
  "1980": "1980",
  "1984": "1984",
  "1988": "1988",
  "1992": "1992",
  "1996": "1996",
  "2000": "2000",
  "2004": "2004",
  "2008": "2008",
  "2012": "2012",
  "2016": "2016",
  "2020": "2020",
  "2024": "2024"
}
```
2026-08-12 15:26:26.055 | INFO     | eval.evaluation.evaluation:evaluate_single_query:223 - col: 年份, primary_key_map {'1789': '1789', '1792': '1792', '1796': '1796', '1800': '1800', '1804': '1804', '1808': '1808', '1812': '1812', '1816': '1816', '1820': '1820', '1824': '1824', '1828': '1828', '1832': '1832', '1836': '1836', '1840': '1840', '1844': '1844', '1848': '1848', '1852': '1852', '1856': '1856', '1860': '1860', '1864': '1864', '1868': '1868', '1872': '1872', '1876': '1876', '1880': '1880', '1884': '1884', '1888': '1888', '1892': '1892', '1896': '1896', '1900': '1900', '1904': '1904', '1908': '1908', '1912': '1912', '1916': '1916', '1920': '1920', '1924': '1924', '1928': '1928', '1932': '1932', '1936': '1936', '1940': '1940', '1944': '1944', '1948': '1948', '1952': '1952', '1956': '1956', '1960': '1960', '1964': '1964', '1968': '1968', '1972': '1972', '1976': '1976', '1980': '1980', '1984': '1984', '1988': '1988', '1992': '1992', '1996': '1996', '2000': '2000', '2004': '2004', '2008': '2008', '2012': '2012', '2016': '2016', '2020': '2020', '2024': '2024'}
2026-08-12 15:26:33.930 | INFO     | eval.evaluation.metric_utils:primary_key_preprocess:246 - primary_key_preprocess result: ```json
{
  "乔治·华盛顿": "乔治・华盛顿",
  "约翰·亚当斯": "约翰・亚当斯",
  "托马斯·杰斐逊": "托马斯・杰弗逊",
  "詹姆斯·麦迪逊": "詹姆斯・麦迪逊",
  "詹姆斯·门罗": "詹姆斯・门罗",
  "约翰·昆西·亚当斯": "约翰・昆西・亚当斯",
  "安德鲁·杰克逊": "安德鲁・杰克逊",
  "马丁·范布伦": "马丁・范布伦",
  "威廉·亨利·哈里森": "威廉・亨利・哈里森",
  "詹姆斯·诺克斯·波尔克": "詹姆斯・诺克斯・波尔克",
  "扎卡里·泰勒": "扎卡里・泰勒",
  "富兰克林·皮尔斯": "富兰克林・皮尔斯",
  "詹姆斯·布坎南": "詹姆斯・布坎南",
  "亚伯拉罕·林肯": "亚伯拉罕・林肯",
  "尤利西斯·辛普森·格兰特": "尤利西斯・格兰特",
  "拉瑟福德·伯查德·海斯": "拉瑟福德・伯查德・海斯",
  "詹姆斯·艾布拉姆·加菲尔德": "詹姆斯・加菲尔德",
  "格罗弗·克利夫兰": "格罗弗・克利夫兰",
  "本杰明·哈里森": "本杰明・哈里森",
  "威廉·麦金莱": "威廉・麦金莱",
  "西奥多·罗斯福": "西奥多・罗斯福",
  "威廉·霍华德·塔夫脱": "威廉・霍华德・塔夫脱",
  "伍德罗·威尔逊": "伍德罗・威尔逊",
  "沃伦·甘梅利尔·哈定": "沃伦・盖玛利尔・哈定",
  "卡尔文·柯立芝": "卡尔文・柯立芝",
  "赫伯特·胡佛": "赫伯特・胡佛",
  "富兰克林·德拉诺·罗斯福": "富兰克林・德拉诺・罗斯福",
  "哈里·杜鲁门": "哈利・杜鲁门",
  "德怀特·戴维·艾森豪威尔": "德怀特・艾森豪威尔",
  "约翰·菲茨杰拉德·肯尼迪": "约翰・肯尼迪",
  "林登·贝恩斯·约翰逊": "林登・约翰逊",
  "理查德·尼克松": "理查德・尼克松",
  "吉米·卡特": "吉米・卡特",
  "罗纳德·里根": "罗纳德・里根",
  "乔治·赫伯特·沃克·布什": "乔治・赫伯特・沃克・布什（老布什）",
  "比尔·克林顿": "比尔・克林顿",
  "乔治·沃克·布什": "乔治・沃克・布什（小布什）",
  "贝拉克·奥巴马": "巴拉克・奥巴马",
  "唐纳德·特朗普": "唐纳德・特朗普",
  "乔·拜登": "乔・拜登"
}
```
2026-08-12 15:26:33.930 | INFO     | eval.evaluation.evaluation:evaluate_single_query:223 - col: 姓名, primary_key_map {'乔治·华盛顿': '乔治・华盛顿', '约翰·亚当斯': '约翰・亚当斯', '托马斯·杰斐逊': '托马斯・杰弗逊', '詹姆斯·麦迪逊': '詹姆斯・麦迪逊', '詹姆斯·门罗': '詹姆斯・门罗', '约翰·昆西·亚当斯': '约翰・昆西・亚当斯', '安德鲁·杰克逊': '安德鲁・杰克逊', '马丁·范布伦': '马丁・范布伦', '威廉·亨利·哈里森': '威廉・亨利・哈里森', '詹姆斯·诺克斯·波尔克': '詹姆斯・诺克斯・波尔克', '扎卡里·泰勒': '扎卡里・泰勒', '富兰克林·皮尔斯': '富兰克林・皮尔斯', '詹姆斯·布坎南': '詹姆斯・布坎南', '亚伯拉罕·林肯': '亚伯拉罕・林肯', '尤利西斯·辛普森·格兰特': '尤利西斯・格兰特', '拉瑟福德·伯查德·海斯': '拉瑟福德・伯查德・海斯', '詹姆斯·艾布拉姆·加菲尔德': '詹姆斯・加菲尔德', '格罗弗·克利夫兰': '格罗弗・克利夫兰', '本杰明·哈里森': '本杰明・哈里森', '威廉·麦金莱': '威廉・麦金莱', '西奥多·罗斯福': '西奥多・罗斯福', '威廉·霍华德·塔夫脱': '威廉・霍华德・塔夫脱', '伍德罗·威尔逊': '伍德罗・威尔逊', '沃伦·甘梅利尔·哈定': '沃伦・盖玛利尔・哈定', '卡尔文·柯立芝': '卡尔文・柯立芝', '赫伯特·胡佛': '赫伯特・胡佛', '富兰克林·德拉诺·罗斯福': '富兰克林・德拉诺・罗斯福', '哈里·杜鲁门': '哈利・杜鲁门', '德怀特·戴维·艾森豪威尔': '德怀特・艾森豪威尔', '约翰·菲茨杰拉德·肯尼迪': '约翰・肯尼迪', '林登·贝恩斯·约翰逊': '林登・约翰逊', '理查德·尼克松': '理查德・尼克松', '吉米·卡特': '吉米・卡特', '罗纳德·里根': '罗纳德・里根', '乔治·赫伯特·沃克·布什': '乔治・赫伯特・沃克・布什（老布什）', '比尔·克林顿': '比尔・克林顿', '乔治·沃克·布什': '乔治・沃克・布什（小布什）', '贝拉克·奥巴马': '巴拉克・奥巴马', '唐纳德·特朗普': '唐纳德・特朗普', '乔·拜登': '乔・拜登'}
2026-08-12 15:26:33.938 | INFO     | eval.evaluation.evaluation:evaluate_single_query:275 - wide2deep_ws_zh_005, df_inner shape: (60, 10), answer_df shape: (60, 5), response_df shape: (60, 7)
2026-08-12 15:26:33.940 | DEBUG    | eval.evaluation.evaluation:metric_call:77 - metric_func_name exact_match score 1.0 msg exact match, response: 无党派, target: 无党派
2026-08-12 15:26:33.940 | DEBUG    | eval.evaluation.evaluation:metric_call:77 - metric_func_name exact_match score 1.0 msg exact match, response: 无党派, target: 无党派
2026-08-12 15:26:33.940 | DEBUG    | eval.evaluation.evaluation:metric_call:77 - metric_func_name exact_match score 1.0 msg exact match, response: 联邦党, target: 联邦党
2026-08-12 15:26:33.940 | DEBUG    | eval.evaluation.evaluation:metric_call:77 - metric_func_name exact_match score 1.0 msg exact match, response: 民主共和党, target: 民主共和党
2026-08-12 15:26:33.940 | DEBUG    | eval.evaluation.evaluation:metric_call:77 - metric_func_name exact_match score 1.0 msg exact match, response: 民主共和党, target: 民主共和党
2026-08-12 15:26:33.940 | DEBUG    | eval.evaluation.evaluation:metric_call:77 - metric_func_name exact_match score 1.0 msg exact match, response: 民主共和党, target: 民主共和党
2026-08-12 15:26:33.940 | DEBUG    | eval.evaluation.evaluation:metric_call:77 - metric_func_name exact_match score 1.0 msg exact match, response: 民主共和党, target: 民主共和党
2026-08-12 15:26:33.940 | DEBUG    | eval.evaluation.evaluation:metric_call:77 - metric_func_name exact_match score 1.0 msg exact match, response: 民主共和党, target: 民主共和党
2026-08-12 15:26:33.940 | DEBUG    | eval.evaluation.evaluation:metric_call:77 - metric_func_name exact_match score 1.0 msg exact match, response: 民主共和党, target: 民主共和党
2026-08-12 15:26:33.940 | DEBUG    | eval.evaluation.evaluation:metric_call:77 - metric_func_name exact_match score 1.0 msg exact match, response: 民主共和党, target: 民主共和党
2026-08-12 15:26:33.940 | DEBUG    | eval.evaluation.evaluation:metric_call:77 - metric_func_name exact_match score 1.0 msg exact match, response: 民主党, target: 民主党
2026-08-12 15:26:33.940 | DEBUG    | eval.evaluation.evaluation:metric_call:77 - metric_func_name exact_match score 1.0 msg exact match, response: 民主党, target: 民主党
2026-08-12 15:26:33.940 | DEBUG    | eval.evaluation.evaluation:metric_call:77 - metric_func_name exact_match score 1.0 msg exact match, response: 民主党, target: 民主党
2026-08-12 15:26:33.940 | DEBUG    | eval.evaluation.evaluation:metric_call:77 - metric_func_name exact_match score 1.0 msg exact match, response: 辉格党, target: 辉格党
2026-08-12 15:26:33.940 | DEBUG    | eval.evaluation.evaluation:metric_call:77 - metric_func_name exact_match score 1.0 msg exact match, response: 民主党, target: 民主党
2026-08-12 15:26:33.940 | DEBUG    | eval.evaluation.evaluation:metric_call:77 - metric_func_name exact_match score 1.0 msg exact match, response: 辉格党, target: 辉格党
2026-08-12 15:26:33.940 | DEBUG    | eval.evaluation.evaluation:metric_call:77 - metric_func_name exact_match score 1.0 msg exact match, response: 民主党, target: 民主党
2026-08-12 15:26:33.940 | DEBUG    | eval.evaluation.evaluation:metric_call:77 - metric_func_name exact_match score 1.0 msg exact match, response: 民主党, target: 民主党
2026-08-12 15:26:33.941 | DEBUG    | eval.evaluation.evaluation:metric_call:77 - metric_func_name exact_match score 1.0 msg exact match, response: 共和党, target: 共和党
2026-08-12 15:26:33.941 | DEBUG    | eval.evaluation.evaluation:metric_call:77 - metric_func_name exact_match score 0.0 msg exact not match, response: 全国联盟党, target: 共和党
2026-08-12 15:26:33.941 | DEBUG    | eval.evaluation.evaluation:metric_call:77 - metric_func_name exact_match score 1.0 msg exact match, response: 共和党, target: 共和党
2026-08-12 15:26:33.941 | DEBUG    | eval.evaluation.evaluation:metric_call:77 - metric_func_name exact_match score 1.0 msg exact match, response: 共和党, target: 共和党
2026-08-12 15:26:33.941 | DEBUG    | eval.evaluation.evaluation:metric_call:77 - metric_func_name exact_match score 1.0 msg exact match, response: 共和党, target: 共和党
2026-08-12 15:26:33.941 | DEBUG    | eval.evaluation.evaluation:metric_call:77 - metric_func_name exact_match score 1.0 msg exact match, response: 共和党, target: 共和党
2026-08-12 15:26:33.941 | DEBUG    | eval.evaluation.evaluation:metric_call:77 - metric_func_name exact_match score 1.0 msg exact match, response: 民主党, target: 民主党
2026-08-12 15:26:33.941 | DEBUG    | eval.evaluation.evaluation:metric_call:77 - metric_func_name exact_match score 1.0 msg exact match, response: 共和党, target: 共和党
2026-08-12 15:26:33.941 | DEBUG    | eval.evaluation.evaluation:metric_call:77 - metric_func_name exact_match score 1.0 msg exact match, response: 民主党, target: 民主党
2026-08-12 15:26:33.941 | DEBUG    | eval.evaluation.evaluation:metric_call:77 - metric_func_name exact_match score 1.0 msg exact match, response: 共和党, target: 共和党
2026-08-12 15:26:33.941 | DEBUG    | eval.evaluation.evaluation:metric_call:77 - metric_func_name exact_match score 1.0 msg exact match, response: 共和党, target: 共和党
2026-08-12 15:26:33.941 | DEBUG    | eval.evaluation.evaluation:metric_call:77 - metric_func_name exact_match score 1.0 msg exact match, response: 共和党, target: 共和党
2026-08-12 15:26:33.941 | DEBUG    | eval.evaluation.evaluation:metric_call:77 - metric_func_name exact_match score 1.0 msg exact match, response: 共和党, target: 共和党
2026-08-12 15:26:33.941 | DEBUG    | eval.evaluation.evaluation:metric_call:77 - metric_func_name exact_match score 1.0 msg exact match, response: 民主党, target: 民主党
2026-08-12 15:26:33.941 | DEBUG    | eval.evaluation.evaluation:metric_call:77 - metric_func_name exact_match score 1.0 msg exact match, response: 民主党, target: 民主党
2026-08-12 15:26:33.941 | DEBUG    | eval.evaluation.evaluation:metric_call:77 - metric_func_name exact_match score 1.0 msg exact match, response: 共和党, target: 共和党
2026-08-12 15:26:33.941 | DEBUG    | eval.evaluation.evaluation:metric_call:77 - metric_func_name exact_match score 1.0 msg exact match, response: 共和党, target: 共和党
2026-08-12 15:26:33.941 | DEBUG    | eval.evaluation.evaluation:metric_call:77 - metric_func_name exact_match score 1.0 msg exact match, response: 共和党, target: 共和党
2026-08-12 15:26:33.941 | DEBUG    | eval.evaluation.evaluation:metric_call:77 - metric_func_name exact_match score 1.0 msg exact match, response: 民主党, target: 民主党
2026-08-12 15:26:33.941 | DEBUG    | eval.evaluation.evaluation:metric_call:77 - metric_func_name exact_match score 1.0 msg exact match, response: 民主党, target: 民主党
2026-08-12 15:26:33.941 | DEBUG    | eval.evaluation.evaluation:metric_call:77 - metric_func_name exact_match score 1.0 msg exact match, response: 民主党, target: 民主党
2026-08-12 15:26:33.942 | DEBUG    | eval.evaluation.evaluation:metric_call:77 - metric_func_name exact_match score 1.0 msg exact match, response: 民主党, target: 民主党
2026-08-12 15:26:33.942 | DEBUG    | eval.evaluation.evaluation:metric_call:77 - metric_func_name exact_match score 1.0 msg exact match, response: 民主党, target: 民主党
2026-08-12 15:26:33.942 | DEBUG    | eval.evaluation.evaluation:metric_call:77 - metric_func_name exact_match score 1.0 msg exact match, response: 共和党, target: 共和党
2026-08-12 15:26:33.942 | DEBUG    | eval.evaluation.evaluation:metric_call:77 - metric_func_name exact_match score 1.0 msg exact match, response: 共和党, target: 共和党
2026-08-12 15:26:33.942 | DEBUG    | eval.evaluation.evaluation:metric_call:77 - metric_func_name exact_match score 1.0 msg exact match, response: 民主党, target: 民主党
2026-08-12 15:26:33.942 | DEBUG    | eval.evaluation.evaluation:metric_call:77 - metric_func_name exact_match score 1.0 msg exact match, response: 民主党, target: 民主党
2026-08-12 15:26:33.942 | DEBUG    | eval.evaluation.evaluation:metric_call:77 - metric_func_name exact_match score 1.0 msg exact match, response: 共和党, target: 共和党
2026-08-12 15:26:33.942 | DEBUG    | eval.evaluation.evaluation:metric_call:77 - metric_func_name exact_match score 1.0 msg exact match, response: 共和党, target: 共和党
2026-08-12 15:26:33.942 | DEBUG    | eval.evaluation.evaluation:metric_call:77 - metric_func_name exact_match score 1.0 msg exact match, response: 民主党, target: 民主党
2026-08-12 15:26:33.942 | DEBUG    | eval.evaluation.evaluation:metric_call:77 - metric_func_name exact_match score 1.0 msg exact match, response: 共和党, target: 共和党
2026-08-12 15:26:33.942 | DEBUG    | eval.evaluation.evaluation:metric_call:77 - metric_func_name exact_match score 1.0 msg exact match, response: 共和党, target: 共和党
2026-08-12 15:26:33.942 | DEBUG    | eval.evaluation.evaluation:metric_call:77 - metric_func_name exact_match score 1.0 msg exact match, response: 共和党, target: 共和党
2026-08-12 15:26:33.942 | DEBUG    | eval.evaluation.evaluation:metric_call:77 - metric_func_name exact_match score 1.0 msg exact match, response: 民主党, target: 民主党
2026-08-12 15:26:33.942 | DEBUG    | eval.evaluation.evaluation:metric_call:77 - metric_func_name exact_match score 1.0 msg exact match, response: 民主党, target: 民主党
2026-08-12 15:26:33.942 | DEBUG    | eval.evaluation.evaluation:metric_call:77 - metric_func_name exact_match score 1.0 msg exact match, response: 共和党, target: 共和党
2026-08-12 15:26:33.942 | DEBUG    | eval.evaluation.evaluation:metric_call:77 - metric_func_name exact_match score 1.0 msg exact match, response: 共和党, target: 共和党
2026-08-12 15:26:33.942 | DEBUG    | eval.evaluation.evaluation:metric_call:77 - metric_func_name exact_match score 1.0 msg exact match, response: 民主党, target: 民主党
2026-08-12 15:26:33.942 | DEBUG    | eval.evaluation.evaluation:metric_call:77 - metric_func_name exact_match score 1.0 msg exact match, response: 民主党, target: 民主党
2026-08-12 15:26:33.942 | DEBUG    | eval.evaluation.evaluation:metric_call:77 - metric_func_name exact_match score 1.0 msg exact match, response: 共和党, target: 共和党
2026-08-12 15:26:33.942 | DEBUG    | eval.evaluation.evaluation:metric_call:77 - metric_func_name exact_match score 1.0 msg exact match, response: 民主党, target: 民主党
2026-08-12 15:26:33.942 | DEBUG    | eval.evaluation.evaluation:metric_call:77 - metric_func_name exact_match score 1.0 msg exact match, response: 共和党, target: 共和党
2026-08-12 15:26:33.943 | DEBUG    | eval.evaluation.evaluation:evaluate_single_query:321 - wide2deep_ws_zh_005, col 党派, metric_func_name exact_match, score [1.0, 1.0, 1.0, 1.0, 1.0, 1.0, 1.0, 1.0, 1.0, 1.0, 1.0, 1.0, 1.0, 1.0, 1.0, 1.0, 1.0, 1.0, 1.0, 0.0, 1.0, 1.0, 1.0, 1.0, 1.0, 1.0, 1.0, 1.0, 1.0, 1.0, 1.0, 1.0, 1.0, 1.0, 1.0, 1.0, 1.0, 1.0, 1.0, 1.0, 1.0, 1.0, 1.0, 1.0, 1.0, 1.0, 1.0, 1.0, 1.0, 1.0, 1.0, 1.0, 1.0, 1.0, 1.0, 1.0, 1.0, 1.0, 1.0, 1.0]
2026-08-12 15:26:33.943 | DEBUG    | eval.evaluation.evaluation:metric_call:77 - metric_func_name number_near score 1.0 msg number equal, response: NULL, target: NULL
2026-08-12 15:26:33.944 | DEBUG    | eval.evaluation.evaluation:metric_call:77 - metric_func_name number_near score 1.0 msg number equal, response: NULL, target: NULL
2026-08-12 15:26:33.944 | DEBUG    | eval.evaluation.evaluation:metric_call:77 - metric_func_name number_near score 1.0 msg number equal, response: NULL, target: NULL
2026-08-12 15:26:33.944 | DEBUG    | eval.evaluation.evaluation:metric_call:77 - metric_func_name number_near score 1.0 msg number equal, response: NULL, target: NULL
2026-08-12 15:26:33.944 | DEBUG    | eval.evaluation.evaluation:metric_call:77 - metric_func_name number_near score 1.0 msg number equal, response: NULL, target: NULL
2026-08-12 15:26:33.944 | DEBUG    | eval.evaluation.evaluation:metric_call:77 - metric_func_name number_near score 1.0 msg number equal, response: NULL, target: NULL
2026-08-12 15:26:33.944 | DEBUG    | eval.evaluation.evaluation:metric_call:77 - metric_func_name number_near score 1.0 msg number equal, response: NULL, target: NULL
2026-08-12 15:26:33.944 | DEBUG    | eval.evaluation.evaluation:metric_call:77 - metric_func_name number_near score 1.0 msg number equal, response: NULL, target: NULL
2026-08-12 15:26:33.944 | DEBUG    | eval.evaluation.evaluation:metric_call:77 - metric_func_name number_near score 1.0 msg number equal, response: NULL, target: NULL
2026-08-12 15:26:33.944 | DEBUG    | eval.evaluation.evaluation:metric_call:77 - metric_func_name number_near score 1.0 msg number near in range 5.0%, response: 113122.0, target: 108740.0
2026-08-12 15:26:33.944 | DEBUG    | eval.evaluation.evaluation:metric_call:77 - metric_func_name number_near score 1.0 msg number near in range 5.0%, response: 642806.0, target: 647286.0
2026-08-12 15:26:33.944 | DEBUG    | eval.evaluation.evaluation:metric_call:77 - metric_func_name number_near score 1.0 msg number near in range 5.0%, response: 702735.0, target: 687502.0
2026-08-12 15:26:33.944 | DEBUG    | eval.evaluation.evaluation:metric_call:77 - metric_func_name number_near score 1.0 msg number near in range 5.0%, response: 763291.0, target: 762678.0
2026-08-12 15:26:33.944 | DEBUG    | eval.evaluation.evaluation:metric_call:77 - metric_func_name number_near score 1.0 msg number near in range 5.0%, response: 1275390.0, target: 1275016.0
2026-08-12 15:26:33.944 | DEBUG    | eval.evaluation.evaluation:metric_call:77 - metric_func_name number_near score 1.0 msg number near in range 5.0%, response: 1339494.0, target: 1337243.0
2026-08-12 15:26:33.944 | DEBUG    | eval.evaluation.evaluation:metric_call:77 - metric_func_name number_near score 1.0 msg number near in range 5.0%, response: 1361393.0, target: 1360099.0
2026-08-12 15:26:33.944 | DEBUG    | eval.evaluation.evaluation:metric_call:77 - metric_func_name number_near score 1.0 msg number near in range 5.0%, response: 1607510.0, target: 1601274.0
2026-08-12 15:26:33.944 | DEBUG    | eval.evaluation.evaluation:metric_call:77 - metric_func_name number_near score 1.0 msg number near in range 5.0%, response: 1836072.0, target: 1838169.0
2026-08-12 15:26:33.944 | DEBUG    | eval.evaluation.evaluation:metric_call:77 - metric_func_name number_near score 1.0 msg number near in range 5.0%, response: 1865908.0, target: 1866452.0
2026-08-12 15:26:33.944 | DEBUG    | eval.evaluation.evaluation:metric_call:77 - metric_func_name number_near score 1.0 msg number near in range 5.0%, response: 2218388.0, target: 2213665.0
2026-08-12 15:26:33.945 | DEBUG    | eval.evaluation.evaluation:metric_call:77 - metric_func_name number_near score 1.0 msg number near in range 5.0%, response: 3013421.0, target: 3012833.0
2026-08-12 15:26:33.945 | DEBUG    | eval.evaluation.evaluation:metric_call:77 - metric_func_name number_near score 1.0 msg number near in range 5.0%, response: 3598235.0, target: 3597132.0
2026-08-12 15:26:33.945 | DEBUG    | eval.evaluation.evaluation:metric_call:77 - metric_func_name number_near score 1.0 msg number near in range 5.0%, response: 4034142.0, target: 4036298.0
2026-08-12 15:26:33.945 | DEBUG    | eval.evaluation.evaluation:metric_call:77 - metric_func_name number_near score 1.0 msg number near in range 5.0%, response: 4446158.0, target: 4454416.0
2026-08-12 15:26:33.945 | DEBUG    | eval.evaluation.evaluation:metric_call:77 - metric_func_name number_near score 1.0 msg number near in range 5.0%, response: 4914482.0, target: 4874986.0
2026-08-12 15:26:33.945 | DEBUG    | eval.evaluation.evaluation:metric_call:77 - metric_func_name number_near score 1.0 msg number near in range 5.0%, response: 5443892.0, target: 5439853.0
2026-08-12 15:26:33.945 | DEBUG    | eval.evaluation.evaluation:metric_call:77 - metric_func_name number_near score 1.0 msg number near in range 5.0%, response: 5556918.0, target: 5556918.0
2026-08-12 15:26:33.945 | DEBUG    | eval.evaluation.evaluation:metric_call:77 - metric_func_name number_near score 1.0 msg number near in range 5.0%, response: 7112138.0, target: 7104779.0
2026-08-12 15:26:33.945 | DEBUG    | eval.evaluation.evaluation:metric_call:77 - metric_func_name number_near score 1.0 msg number near in range 5.0%, response: 7228864.0, target: 7219530.0
2026-08-12 15:26:33.945 | DEBUG    | eval.evaluation.evaluation:metric_call:77 - metric_func_name number_near score 1.0 msg number near in range 5.0%, response: 7630457.0, target: 7628461.0
2026-08-12 15:26:33.945 | DEBUG    | eval.evaluation.evaluation:metric_call:77 - metric_func_name number_near score 1.0 msg number near in range 5.0%, response: 7678395.0, target: 7679006.0
2026-08-12 15:26:33.945 | DEBUG    | eval.evaluation.evaluation:metric_call:77 - metric_func_name number_near score 1.0 msg number near in range 5.0%, response: 6296284.0, target: 6293120.0
2026-08-12 15:26:33.945 | DEBUG    | eval.evaluation.evaluation:metric_call:77 - metric_func_name number_near score 1.0 msg number near in range 5.0%, response: 9126868.0, target: 9129606.0
2026-08-12 15:26:33.945 | DEBUG    | eval.evaluation.evaluation:metric_call:77 - metric_func_name number_near score 1.0 msg number near in range 5.0%, response: 16144093.0, target: 16152200.0
2026-08-12 15:26:33.945 | DEBUG    | eval.evaluation.evaluation:metric_call:77 - metric_func_name number_near score 1.0 msg number near in range 5.0%, response: 15723789.0, target: 15725016.0
2026-08-12 15:26:33.945 | DEBUG    | eval.evaluation.evaluation:metric_call:77 - metric_func_name number_near score 1.0 msg number near in range 5.0%, response: 21427123.0, target: 21392190.0
2026-08-12 15:26:33.945 | DEBUG    | eval.evaluation.evaluation:metric_call:77 - metric_func_name number_near score 1.0 msg number near in range 5.0%, response: 22821277.0, target: 22809638.0
2026-08-12 15:26:33.945 | DEBUG    | eval.evaluation.evaluation:metric_call:77 - metric_func_name number_near score 1.0 msg number near in range 5.0%, response: 27752648.0, target: 27751612.0
2026-08-12 15:26:33.945 | DEBUG    | eval.evaluation.evaluation:metric_call:77 - metric_func_name number_near score 1.0 msg number near in range 5.0%, response: 27313945.0, target: 27313945.0
2026-08-12 15:26:33.945 | DEBUG    | eval.evaluation.evaluation:metric_call:77 - metric_func_name number_near score 1.0 msg number near in range 5.0%, response: 25612916.0, target: 25602504.0
2026-08-12 15:26:33.945 | DEBUG    | eval.evaluation.evaluation:metric_call:77 - metric_func_name number_near score 1.0 msg number near in range 5.0%, response: 24179347.0, target: 24178347.0
2026-08-12 15:26:33.945 | DEBUG    | eval.evaluation.evaluation:metric_call:77 - metric_func_name number_near score 1.0 msg number near in range 5.0%, response: 34075529.0, target: 34075529.0
2026-08-12 15:26:33.946 | DEBUG    | eval.evaluation.evaluation:metric_call:77 - metric_func_name number_near score 1.0 msg number near in range 5.0%, response: 35579180.0, target: 35590472.0
2026-08-12 15:26:33.946 | DEBUG    | eval.evaluation.evaluation:metric_call:77 - metric_func_name number_near score 1.0 msg number near in range 5.0%, response: 34220984.0, target: 34227096.0
2026-08-12 15:26:33.946 | DEBUG    | eval.evaluation.evaluation:metric_call:77 - metric_func_name number_near score 1.0 msg number near in range 5.0%, response: 43127041.0, target: 43128958.0
2026-08-12 15:26:33.946 | DEBUG    | eval.evaluation.evaluation:metric_call:77 - metric_func_name number_near score 1.0 msg number near in range 5.0%, response: 31783783.0, target: 31783783.0
2026-08-12 15:26:33.946 | DEBUG    | eval.evaluation.evaluation:metric_call:77 - metric_func_name number_near score 1.0 msg number near in range 5.0%, response: 47168710.0, target: 47169911.0
2026-08-12 15:26:33.946 | DEBUG    | eval.evaluation.evaluation:metric_call:77 - metric_func_name number_near score 1.0 msg number near in range 5.0%, response: 40831881.0, target: 40828587.0
2026-08-12 15:26:33.946 | DEBUG    | eval.evaluation.evaluation:metric_call:77 - metric_func_name number_near score 1.0 msg number near in range 5.0%, response: 43903230.0, target: 43904153.0
2026-08-12 15:26:33.946 | DEBUG    | eval.evaluation.evaluation:metric_call:77 - metric_func_name number_near score 1.0 msg number near in range 5.0%, response: 54455472.0, target: 54455074.0
2026-08-12 15:26:33.946 | DEBUG    | eval.evaluation.evaluation:metric_call:77 - metric_func_name number_near score 1.0 msg number near in range 5.0%, response: 48886597.0, target: 48886097.0
2026-08-12 15:26:33.946 | DEBUG    | eval.evaluation.evaluation:metric_call:77 - metric_func_name number_near score 1.0 msg number near in range 5.0%, response: 44909889.0, target: 44908254.0
2026-08-12 15:26:33.946 | DEBUG    | eval.evaluation.evaluation:metric_call:77 - metric_func_name number_near score 1.0 msg number near in range 5.0%, response: 47401185.0, target: 47402357.0
2026-08-12 15:26:33.946 | DEBUG    | eval.evaluation.evaluation:metric_call:77 - metric_func_name number_near score 1.0 msg number near in range 5.0%, response: 50456002.0, target: 50465062.0
2026-08-12 15:26:33.946 | DEBUG    | eval.evaluation.evaluation:metric_call:77 - metric_func_name number_near score 1.0 msg number near in range 5.0%, response: 62040610.0, target: 62040610.0
2026-08-12 15:26:33.946 | DEBUG    | eval.evaluation.evaluation:metric_call:77 - metric_func_name number_near score 1.0 msg number near in range 5.0%, response: 69498516.0, target: 69498516.0
2026-08-12 15:26:33.946 | DEBUG    | eval.evaluation.evaluation:metric_call:77 - metric_func_name number_near score 1.0 msg number near in range 5.0%, response: 65915795.0, target: 65915795.0
2026-08-12 15:26:33.946 | DEBUG    | eval.evaluation.evaluation:metric_call:77 - metric_func_name number_near score 1.0 msg number near in range 5.0%, response: 62984828.0, target: 62984828.0
2026-08-12 15:26:33.946 | DEBUG    | eval.evaluation.evaluation:metric_call:77 - metric_func_name number_near score 1.0 msg number near in range 5.0%, response: 81283501.0, target: 81283501.0
2026-08-12 15:26:33.946 | DEBUG    | eval.evaluation.evaluation:metric_call:77 - metric_func_name number_near score 1.0 msg number near in range 5.0%, response: 77302580.0, target: 77302580.0
2026-08-12 15:26:33.947 | DEBUG    | eval.evaluation.evaluation:evaluate_single_query:321 - wide2deep_ws_zh_005, col 民众票数, metric_func_name number_near, score [1.0, 1.0, 1.0, 1.0, 1.0, 1.0, 1.0, 1.0, 1.0, 1.0, 1.0, 1.0, 1.0, 1.0, 1.0, 1.0, 1.0, 1.0, 1.0, 1.0, 1.0, 1.0, 1.0, 1.0, 1.0, 1.0, 1.0, 1.0, 1.0, 1.0, 1.0, 1.0, 1.0, 1.0, 1.0, 1.0, 1.0, 1.0, 1.0, 1.0, 1.0, 1.0, 1.0, 1.0, 1.0, 1.0, 1.0, 1.0, 1.0, 1.0, 1.0, 1.0, 1.0, 1.0, 1.0, 1.0, 1.0, 1.0, 1.0, 1.0]
2026-08-12 15:26:33.947 | DEBUG    | eval.evaluation.evaluation:metric_call:77 - metric_func_name exact_match score 1.0 msg exact match, response: 69, target: 69
2026-08-12 15:26:33.947 | DEBUG    | eval.evaluation.evaluation:metric_call:77 - metric_func_name exact_match score 1.0 msg exact match, response: 132, target: 132
2026-08-12 15:26:33.947 | DEBUG    | eval.evaluation.evaluation:metric_call:77 - metric_func_name exact_match score 1.0 msg exact match, response: 71, target: 71
2026-08-12 15:26:33.947 | DEBUG    | eval.evaluation.evaluation:metric_call:77 - metric_func_name exact_match score 1.0 msg exact match, response: 73, target: 73
2026-08-12 15:26:33.947 | DEBUG    | eval.evaluation.evaluation:metric_call:77 - metric_func_name exact_match score 1.0 msg exact match, response: 162, target: 162
2026-08-12 15:26:33.948 | DEBUG    | eval.evaluation.evaluation:metric_call:77 - metric_func_name exact_match score 1.0 msg exact match, response: 122, target: 122
2026-08-12 15:26:33.948 | DEBUG    | eval.evaluation.evaluation:metric_call:77 - metric_func_name exact_match score 1.0 msg exact match, response: 128, target: 128
2026-08-12 15:26:33.948 | DEBUG    | eval.evaluation.evaluation:metric_call:77 - metric_func_name exact_match score 1.0 msg exact match, response: 183, target: 183
2026-08-12 15:26:33.948 | DEBUG    | eval.evaluation.evaluation:metric_call:77 - metric_func_name exact_match score 1.0 msg exact match, response: 231, target: 231
2026-08-12 15:26:33.948 | DEBUG    | eval.evaluation.evaluation:metric_call:77 - metric_func_name exact_match score 1.0 msg exact match, response: 84, target: 84
2026-08-12 15:26:33.948 | DEBUG    | eval.evaluation.evaluation:metric_call:77 - metric_func_name exact_match score 1.0 msg exact match, response: 178, target: 178
2026-08-12 15:26:33.948 | DEBUG    | eval.evaluation.evaluation:metric_call:77 - metric_func_name exact_match score 1.0 msg exact match, response: 219, target: 219
2026-08-12 15:26:33.948 | DEBUG    | eval.evaluation.evaluation:metric_call:77 - metric_func_name exact_match score 1.0 msg exact match, response: 170, target: 170
2026-08-12 15:26:33.948 | DEBUG    | eval.evaluation.evaluation:metric_call:77 - metric_func_name exact_match score 1.0 msg exact match, response: 234, target: 234
2026-08-12 15:26:33.948 | DEBUG    | eval.evaluation.evaluation:metric_call:77 - metric_func_name exact_match score 1.0 msg exact match, response: 170, target: 170
2026-08-12 15:26:33.948 | DEBUG    | eval.evaluation.evaluation:metric_call:77 - metric_func_name exact_match score 1.0 msg exact match, response: 163, target: 163
2026-08-12 15:26:33.948 | DEBUG    | eval.evaluation.evaluation:metric_call:77 - metric_func_name exact_match score 1.0 msg exact match, response: 254, target: 254
2026-08-12 15:26:33.948 | DEBUG    | eval.evaluation.evaluation:metric_call:77 - metric_func_name exact_match score 1.0 msg exact match, response: 174, target: 174
2026-08-12 15:26:33.948 | DEBUG    | eval.evaluation.evaluation:metric_call:77 - metric_func_name exact_match score 1.0 msg exact match, response: 180, target: 180
2026-08-12 15:26:33.948 | DEBUG    | eval.evaluation.evaluation:metric_call:77 - metric_func_name exact_match score 1.0 msg exact match, response: 212, target: 212
2026-08-12 15:26:33.948 | DEBUG    | eval.evaluation.evaluation:metric_call:77 - metric_func_name exact_match score 1.0 msg exact match, response: 214, target: 214
2026-08-12 15:26:33.948 | DEBUG    | eval.evaluation.evaluation:metric_call:77 - metric_func_name exact_match score 1.0 msg exact match, response: 286, target: 286
2026-08-12 15:26:33.948 | DEBUG    | eval.evaluation.evaluation:metric_call:77 - metric_func_name exact_match score 1.0 msg exact match, response: 185, target: 185
2026-08-12 15:26:33.948 | DEBUG    | eval.evaluation.evaluation:metric_call:77 - metric_func_name exact_match score 1.0 msg exact match, response: 214, target: 214
2026-08-12 15:26:33.948 | DEBUG    | eval.evaluation.evaluation:metric_call:77 - metric_func_name exact_match score 1.0 msg exact match, response: 219, target: 219
2026-08-12 15:26:33.948 | DEBUG    | eval.evaluation.evaluation:metric_call:77 - metric_func_name exact_match score 1.0 msg exact match, response: 233, target: 233
2026-08-12 15:26:33.949 | DEBUG    | eval.evaluation.evaluation:metric_call:77 - metric_func_name exact_match score 1.0 msg exact match, response: 277, target: 277
2026-08-12 15:26:33.949 | DEBUG    | eval.evaluation.evaluation:metric_call:77 - metric_func_name exact_match score 1.0 msg exact match, response: 271, target: 271
2026-08-12 15:26:33.949 | DEBUG    | eval.evaluation.evaluation:metric_call:77 - metric_func_name exact_match score 1.0 msg exact match, response: 292, target: 292
2026-08-12 15:26:33.949 | DEBUG    | eval.evaluation.evaluation:metric_call:77 - metric_func_name exact_match score 1.0 msg exact match, response: 336, target: 336
2026-08-12 15:26:33.949 | DEBUG    | eval.evaluation.evaluation:metric_call:77 - metric_func_name exact_match score 1.0 msg exact match, response: 321, target: 321
2026-08-12 15:26:33.949 | DEBUG    | eval.evaluation.evaluation:metric_call:77 - metric_func_name exact_match score 1.0 msg exact match, response: 435, target: 435
2026-08-12 15:26:33.949 | DEBUG    | eval.evaluation.evaluation:metric_call:77 - metric_func_name exact_match score 1.0 msg exact match, response: 277, target: 277
2026-08-12 15:26:33.949 | DEBUG    | eval.evaluation.evaluation:metric_call:77 - metric_func_name exact_match score 1.0 msg exact match, response: 404, target: 404
2026-08-12 15:26:33.949 | DEBUG    | eval.evaluation.evaluation:metric_call:77 - metric_func_name exact_match score 1.0 msg exact match, response: 382, target: 382
2026-08-12 15:26:33.949 | DEBUG    | eval.evaluation.evaluation:metric_call:77 - metric_func_name exact_match score 1.0 msg exact match, response: 444, target: 444
2026-08-12 15:26:33.949 | DEBUG    | eval.evaluation.evaluation:metric_call:77 - metric_func_name exact_match score 1.0 msg exact match, response: 472, target: 472
2026-08-12 15:26:33.949 | DEBUG    | eval.evaluation.evaluation:metric_call:77 - metric_func_name exact_match score 1.0 msg exact match, response: 523, target: 523
2026-08-12 15:26:33.949 | DEBUG    | eval.evaluation.evaluation:metric_call:77 - metric_func_name exact_match score 1.0 msg exact match, response: 449, target: 449
2026-08-12 15:26:33.949 | DEBUG    | eval.evaluation.evaluation:metric_call:77 - metric_func_name exact_match score 1.0 msg exact match, response: 432, target: 432
2026-08-12 15:26:33.949 | DEBUG    | eval.evaluation.evaluation:metric_call:77 - metric_func_name exact_match score 1.0 msg exact match, response: 303, target: 303
2026-08-12 15:26:33.949 | DEBUG    | eval.evaluation.evaluation:metric_call:77 - metric_func_name exact_match score 1.0 msg exact match, response: 442, target: 442
2026-08-12 15:26:33.949 | DEBUG    | eval.evaluation.evaluation:metric_call:77 - metric_func_name exact_match score 1.0 msg exact match, response: 457, target: 457
2026-08-12 15:26:33.949 | DEBUG    | eval.evaluation.evaluation:metric_call:77 - metric_func_name exact_match score 1.0 msg exact match, response: 303, target: 303
2026-08-12 15:26:33.949 | DEBUG    | eval.evaluation.evaluation:metric_call:77 - metric_func_name exact_match score 1.0 msg exact match, response: 486, target: 486
2026-08-12 15:26:33.949 | DEBUG    | eval.evaluation.evaluation:metric_call:77 - metric_func_name exact_match score 1.0 msg exact match, response: 301, target: 301
2026-08-12 15:26:33.949 | DEBUG    | eval.evaluation.evaluation:metric_call:77 - metric_func_name exact_match score 1.0 msg exact match, response: 520, target: 520
2026-08-12 15:26:33.949 | DEBUG    | eval.evaluation.evaluation:metric_call:77 - metric_func_name exact_match score 1.0 msg exact match, response: 297, target: 297
2026-08-12 15:26:33.949 | DEBUG    | eval.evaluation.evaluation:metric_call:77 - metric_func_name exact_match score 1.0 msg exact match, response: 489, target: 489
2026-08-12 15:26:33.950 | DEBUG    | eval.evaluation.evaluation:metric_call:77 - metric_func_name exact_match score 1.0 msg exact match, response: 525, target: 525
2026-08-12 15:26:33.950 | DEBUG    | eval.evaluation.evaluation:metric_call:77 - metric_func_name exact_match score 1.0 msg exact match, response: 426, target: 426
2026-08-12 15:26:33.950 | DEBUG    | eval.evaluation.evaluation:metric_call:77 - metric_func_name exact_match score 1.0 msg exact match, response: 370, target: 370
2026-08-12 15:26:33.950 | DEBUG    | eval.evaluation.evaluation:metric_call:77 - metric_func_name exact_match score 1.0 msg exact match, response: 379, target: 379
2026-08-12 15:26:33.950 | DEBUG    | eval.evaluation.evaluation:metric_call:77 - metric_func_name exact_match score 1.0 msg exact match, response: 271, target: 271
2026-08-12 15:26:33.950 | DEBUG    | eval.evaluation.evaluation:metric_call:77 - metric_func_name exact_match score 1.0 msg exact match, response: 286, target: 286
2026-08-12 15:26:33.950 | DEBUG    | eval.evaluation.evaluation:metric_call:77 - metric_func_name exact_match score 1.0 msg exact match, response: 365, target: 365
2026-08-12 15:26:33.950 | DEBUG    | eval.evaluation.evaluation:metric_call:77 - metric_func_name exact_match score 1.0 msg exact match, response: 332, target: 332
2026-08-12 15:26:33.950 | DEBUG    | eval.evaluation.evaluation:metric_call:77 - metric_func_name exact_match score 1.0 msg exact match, response: 304, target: 304
2026-08-12 15:26:33.950 | DEBUG    | eval.evaluation.evaluation:metric_call:77 - metric_func_name exact_match score 1.0 msg exact match, response: 306, target: 306
2026-08-12 15:26:33.950 | DEBUG    | eval.evaluation.evaluation:metric_call:77 - metric_func_name exact_match score 1.0 msg exact match, response: 312, target: 312
2026-08-12 15:26:33.951 | DEBUG    | eval.evaluation.evaluation:evaluate_single_query:321 - wide2deep_ws_zh_005, col 团票数, metric_func_name exact_match, score [1.0, 1.0, 1.0, 1.0, 1.0, 1.0, 1.0, 1.0, 1.0, 1.0, 1.0, 1.0, 1.0, 1.0, 1.0, 1.0, 1.0, 1.0, 1.0, 1.0, 1.0, 1.0, 1.0, 1.0, 1.0, 1.0, 1.0, 1.0, 1.0, 1.0, 1.0, 1.0, 1.0, 1.0, 1.0, 1.0, 1.0, 1.0, 1.0, 1.0, 1.0, 1.0, 1.0, 1.0, 1.0, 1.0, 1.0, 1.0, 1.0, 1.0, 1.0, 1.0, 1.0, 1.0, 1.0, 1.0, 1.0, 1.0, 1.0, 1.0]
2026-08-12 15:26:33.958 | INFO     | eval.evaluation.evaluation:evaluate_single_query:380 - wide2deep_ws_zh_005, P/R/F1 by unique_columns: 1.0000/1.0000/1.0000
2026-08-12 15:26:33.958 | INFO     | eval.evaluation.evaluation:evaluate_single_query:383 - wide2deep_ws_zh_005, P/R/F1 by row: 0.9833/0.9833/0.9833
2026-08-12 15:26:33.958 | INFO     | eval.evaluation.evaluation:evaluate_single_query:386 - wide2deep_ws_zh_005, P/R/F1 by item: 0.9967/0.9967/0.9967
2026-08-12 15:26:33.964 | INFO     | eval.evaluation.evaluation:evaluate_single_query:398 - wide2deep_ws_zh_005, final table score: 0.0
{"event": "eval_done", "idx": 2, "instance_id": "wide2deep_ws_zh_005", "score": 0.0, "entity_acc": 1.0, "f1_by_row": 0.9833333333333333, "f1_by_item": 0.9966666666666667, "column_f1": 1.0, "error": null, "elapsed_seconds": 17.84, "running_n": 2}
2026-08-12 15:26:36.936 | DEBUG    | eval.evaluation.data_loader:extract_dataframe:167 - find markdown_str 
| 时间 | 赛事名称 | 级别 | 项目 | 赛事成绩 | 1/16赛-对手 | 1/16赛-比分 | 1/16赛-胜负 | ...
2026-08-12 15:26:44.788 | INFO     | eval.evaluation.metric_utils:primary_key_preprocess:246 - primary_key_preprocess result: ```json
{
  "广州亚洲运动会": "第十六届亚运会羽毛球赛｜单项",
  "伦敦奥林匹克运动会": "2012年伦敦奥运会羽毛球赛",
  "仁川亚洲运动会": "第十七届亚运会羽毛球赛｜单项",
  "里约热内卢奥林匹克运动会": "2016年里约奥运会羽毛球赛"
}
```
2026-08-12 15:26:44.789 | INFO     | eval.evaluation.evaluation:evaluate_single_query:223 - col: 赛事名称, primary_key_map {'广州亚洲运动会': '第十六届亚运会羽毛球赛｜单项', '伦敦奥林匹克运动会': '2012年伦敦奥运会羽毛球赛', '仁川亚洲运动会': '第十七届亚运会羽毛球赛｜单项', '里约热内卢奥林匹克运动会': '2016年里约奥运会羽毛球赛'}
2026-08-12 15:26:44.802 | INFO     | eval.evaluation.evaluation:evaluate_single_query:275 - wide2deep_ws_zh_010, df_inner shape: (4, 40), answer_df shape: (132, 20), response_df shape: (6, 21)
2026-08-12 15:26:44.802 | DEBUG    | eval.evaluation.evaluation:metric_call:77 - metric_func_name exact_match score 1.0 msg exact match, response: 2016年, target: 2016年
2026-08-12 15:26:44.802 | DEBUG    | eval.evaluation.evaluation:metric_call:77 - metric_func_name exact_match score 1.0 msg exact match, response: 2014年, target: 2014年
2026-08-12 15:26:44.802 | DEBUG    | eval.evaluation.evaluation:metric_call:77 - metric_func_name exact_match score 1.0 msg exact match, response: 2012年, target: 2012年
2026-08-12 15:26:44.802 | DEBUG    | eval.evaluation.evaluation:metric_call:77 - metric_func_name exact_match score 1.0 msg exact match, response: 2010年, target: 2010年
2026-08-12 15:26:44.803 | DEBUG    | eval.evaluation.evaluation:evaluate_single_query:321 - wide2deep_ws_zh_010, col 时间, metric_func_name exact_match, score [1.0, 1.0, 1.0, 1.0]
2026-08-12 15:26:48.878 | DEBUG    | eval.evaluation.evaluation:evaluate_single_query:321 - wide2deep_ws_zh_010, col 级别, metric_func_name llm_judge, score [0, 1, 0, 1]
2026-08-12 15:26:51.495 | DEBUG    | eval.evaluation.evaluation:evaluate_single_query:321 - wide2deep_ws_zh_010, col 项目, metric_func_name llm_judge, score [1, 1, 1, 1]
2026-08-12 15:26:59.571 | DEBUG    | eval.evaluation.evaluation:evaluate_single_query:321 - wide2deep_ws_zh_010, col 赛事成绩, metric_func_name llm_judge, score [0, 1, 1, 1]
2026-08-12 15:27:03.275 | DEBUG    | eval.evaluation.evaluation:evaluate_single_query:321 - wide2deep_ws_zh_010, col 1/16赛-对手, metric_func_name llm_judge, score [1, 0, 1, 0]
2026-08-12 15:27:07.396 | DEBUG    | eval.evaluation.evaluation:evaluate_single_query:321 - wide2deep_ws_zh_010, col 1/16赛-比分, metric_func_name llm_judge, score [1, 0, 1, 0]
2026-08-12 15:27:09.412 | DEBUG    | eval.evaluation.evaluation:evaluate_single_query:321 - wide2deep_ws_zh_010, col 1/16赛-胜负, metric_func_name llm_judge, score [1, 1, 1, 1]
2026-08-12 15:27:11.465 | DEBUG    | eval.evaluation.evaluation:evaluate_single_query:321 - wide2deep_ws_zh_010, col 1/8赛-对手, metric_func_name llm_judge, score [1, 0, 1, 0]
2026-08-12 15:27:13.519 | DEBUG    | eval.evaluation.evaluation:evaluate_single_query:321 - wide2deep_ws_zh_010, col 1/8赛-比分, metric_func_name llm_judge, score [1, 0, 1, 0]
2026-08-12 15:27:15.322 | DEBUG    | eval.evaluation.evaluation:evaluate_single_query:321 - wide2deep_ws_zh_010, col 1/8赛-胜负, metric_func_name llm_judge, score [1, 1, 1, 1]
2026-08-12 15:27:19.114 | DEBUG    | eval.evaluation.evaluation:evaluate_single_query:321 - wide2deep_ws_zh_010, col 1/4赛-对手, metric_func_name llm_judge, score [1, 0, 1, 0]
2026-08-12 15:27:22.606 | DEBUG    | eval.evaluation.evaluation:evaluate_single_query:321 - wide2deep_ws_zh_010, col 1/4赛-比分, metric_func_name llm_judge, score [1, 0, 1, 0]
2026-08-12 15:27:25.668 | DEBUG    | eval.evaluation.evaluation:evaluate_single_query:321 - wide2deep_ws_zh_010, col 1/4赛-胜负, metric_func_name llm_judge, score [1, 1, 1, 1]
2026-08-12 15:27:28.764 | DEBUG    | eval.evaluation.evaluation:evaluate_single_query:321 - wide2deep_ws_zh_010, col 半决赛-对手, metric_func_name llm_judge, score [1, 1, 1, 1]
2026-08-12 15:27:34.742 | DEBUG    | eval.evaluation.evaluation:evaluate_single_query:321 - wide2deep_ws_zh_010, col 半决赛-比分, metric_func_name llm_judge, score [1, 1, 1, 0]
2026-08-12 15:27:36.799 | DEBUG    | eval.evaluation.evaluation:evaluate_single_query:321 - wide2deep_ws_zh_010, col 半决赛-胜负, metric_func_name llm_judge, score [1, 1, 1, 1]
2026-08-12 15:27:38.904 | DEBUG    | eval.evaluation.evaluation:evaluate_single_query:321 - wide2deep_ws_zh_010, col 决赛-对手, metric_func_name llm_judge, score [1, 1, 1, 1]
2026-08-12 15:27:41.195 | DEBUG    | eval.evaluation.evaluation:evaluate_single_query:321 - wide2deep_ws_zh_010, col 决赛-比分, metric_func_name llm_judge, score [1, 1, 1, 1]
2026-08-12 15:27:44.880 | DEBUG    | eval.evaluation.evaluation:evaluate_single_query:321 - wide2deep_ws_zh_010, col 决赛-胜负, metric_func_name llm_judge, score [1, 1, 1, 1]
2026-08-12 15:27:44.894 | INFO     | eval.evaluation.evaluation:evaluate_single_query:380 - wide2deep_ws_zh_010, P/R/F1 by unique_columns: 0.6667/0.0303/0.0580
2026-08-12 15:27:44.894 | INFO     | eval.evaluation.evaluation:evaluate_single_query:383 - wide2deep_ws_zh_010, P/R/F1 by row: 0.0000/0.0000/0.0000
2026-08-12 15:27:44.894 | INFO     | eval.evaluation.evaluation:evaluate_single_query:386 - wide2deep_ws_zh_010, P/R/F1 by item: 0.5333/0.0242/0.0464
2026-08-12 15:27:44.897 | INFO     | eval.evaluation.evaluation:evaluate_single_query:398 - wide2deep_ws_zh_010, final table score: 0.0
{"event": "eval_done", "idx": 3, "instance_id": "wide2deep_ws_zh_010", "score": 0.0, "entity_acc": 1.0, "f1_by_row": 0.0, "f1_by_item": 0.04637681159420289, "column_f1": 0.057971014492753624, "error": null, "elapsed_seconds": 70.891, "running_n": 3}
2026-08-12 15:27:46.116 | DEBUG    | eval.evaluation.data_loader:extract_dataframe:167 - find markdown_str 
| 官员名字 | 职位 | 上任日期 | 离任日期 | 继任者 |
| --- | --- | --- | --- | --- ...
2026-08-12 15:27:51.539 | INFO     | eval.evaluation.metric_utils:primary_key_preprocess:246 - primary_key_preprocess result: ```json
{
  "约翰·F·凯利/John F. Kelly": "约翰·凯利/John F. Kelly",
  "赖因斯·普里伯斯/Reince Priebus": "雷恩斯·普利巴斯/Reince Priebus",
  "汤姆·普赖斯/Tom Price": "汤姆·普莱斯/Tom Price",
  "迈克·蓬佩奥/Mike Pompeo": "迈克·蓬佩奥/Mike Pompeo",
  "雷克斯·蒂勒森/Rex Tillerson": "雷克斯·蒂勒森/Rex Tillerson",
  "戴维·舒尔金/David Shulkin": "大卫·舒尔金/David Shulkin",
  "斯科特·普鲁伊特/Scott Pruitt": "斯科特·普鲁特/Scott Pruitt",
  "妮基·黑利/Nikki Haley": "妮基·黑利/Nikki Haley",
  "杰夫·塞申斯/Jeff Sessions": "杰夫·塞申斯/Jeff Sessions",
  "米克·马尔瓦尼/Mick Mulvaney": "迈克·马瓦尼/Mick Mulvaney",
  "瑞安·津克/Ryan Zinke": "瑞恩·辛克/Ryan Zinke",
  "詹姆斯·马蒂斯/James Mattis": "吉姆·马蒂斯/Jim Mattis",
  "琳达·麦克马洪/Linda McMahon": "琳达·麦克马洪/Linda McMahon",
  "克尔斯滕·尼尔森/Kirstjen Nielsen": "基尔斯滕·尼尔森/Kirstjen Nielsen",
  "亚历山大·阿科斯塔/Alexander Acosta": "亚历山大·阿斯克塔/Alexander Acosta",
  "丹·科茨/Dan Coats": "丹·科茨/Dan Coats",
  "里克·佩里/Rick Perry": "莱克·佩里/Rick Perry",
  "马克·埃斯珀/Mark Esper": "马克·埃斯珀/Mark Esper",
  "威廉·巴尔/William Barr": "威廉·巴尔/William Barr",
  "贝琪·德沃斯/Betsy DeVos": "贝斯特·德沃斯/Betsy DeVos",
  "赵小兰/Elaine Chao": "赵小兰/Elaine Chao"
}
```
2026-08-12 15:27:51.539 | INFO     | eval.evaluation.evaluation:evaluate_single_query:223 - col: 官员名字, primary_key_map {'约翰·F·凯利/John F. Kelly': '约翰·凯利/John F. Kelly', '赖因斯·普里伯斯/Reince Priebus': '雷恩斯·普利巴斯/Reince Priebus', '汤姆·普赖斯/Tom Price': '汤姆·普莱斯/Tom Price', '迈克·蓬佩奥/Mike Pompeo': '迈克·蓬佩奥/Mike Pompeo', '雷克斯·蒂勒森/Rex Tillerson': '雷克斯·蒂勒森/Rex Tillerson', '戴维·舒尔金/David Shulkin': '大卫·舒尔金/David Shulkin', '斯科特·普鲁伊特/Scott Pruitt': '斯科特·普鲁特/Scott Pruitt', '妮基·黑利/Nikki Haley': '妮基·黑利/Nikki Haley', '杰夫·塞申斯/Jeff Sessions': '杰夫·塞申斯/Jeff Sessions', '米克·马尔瓦尼/Mick Mulvaney': '迈克·马瓦尼/Mick Mulvaney', '瑞安·津克/Ryan Zinke': '瑞恩·辛克/Ryan Zinke', '詹姆斯·马蒂斯/James Mattis': '吉姆·马蒂斯/Jim Mattis', '琳达·麦克马洪/Linda McMahon': '琳达·麦克马洪/Linda McMahon', '克尔斯滕·尼尔森/Kirstjen Nielsen': '基尔斯滕·尼尔森/Kirstjen Nielsen', '亚历山大·阿科斯塔/Alexander Acosta': '亚历山大·阿斯克塔/Alexander Acosta', '丹·科茨/Dan Coats': '丹·科茨/Dan Coats', '里克·佩里/Rick Perry': '莱克·佩里/Rick Perry', '马克·埃斯珀/Mark Esper': '马克·埃斯珀/Mark Esper', '威廉·巴尔/William Barr': '威廉·巴尔/William Barr', '贝琪·德沃斯/Betsy DeVos': '贝斯特·德沃斯/Betsy DeVos', '赵小兰/Elaine Chao': '赵小兰/Elaine Chao'}
2026-08-12 15:28:02.260 | INFO     | eval.evaluation.metric_utils:primary_key_preprocess:246 - primary_key_preprocess result: ```json
{
  "国土安全部长": "国土安全部部长",
  "白宫办公厅主任": "白宫办公厅主任",
  "卫生与公众服务部长": "美国卫生与公众服务部",
  "中央情报局局长": "中央情报局局长",
  "国务卿": "国务卿",
  "退伍军人事务部长": "退休军人事务部部长",
  "环境保护署署长": "国家环境保护局局长",
  "美国常驻联合国代表": "美国常驻联合国代表",
  "司法部长": "司法部长",
  "管理和预算办公室主任": "行政管理和预算局局长",
  "内政部长": "内政部长",
  "国防部长": "国防部长",
  "小型企业管理局局长": "小企业管理局局长",
  "劳工部长": "劳动部长",
  "国家情报总监": "国家情报总监",
  "能源部长": "能源部长",
  "教育部长": "教育部长",
  "运输部长": "交通部长"
}
```
2026-08-12 15:28:02.260 | INFO     | eval.evaluation.evaluation:evaluate_single_query:223 - col: 职位, primary_key_map {'国土安全部长': '国土安全部部长', '白宫办公厅主任': '白宫办公厅主任', '卫生与公众服务部长': '美国卫生与公众服务部', '中央情报局局长': '中央情报局局长', '国务卿': '国务卿', '退伍军人事务部长': '退休军人事务部部长', '环境保护署署长': '国家环境保护局局长', '美国常驻联合国代表': '美国常驻联合国代表', '司法部长': '司法部长', '管理和预算办公室主任': '行政管理和预算局局长', '内政部长': '内政部长', '国防部长': '国防部长', '小型企业管理局局长': '小企业管理局局长', '劳工部长': '劳动部长', '国家情报总监': '国家情报总监', '能源部长': '能源部长', '教育部长': '教育部长', '运输部长': '交通部长'}
2026-08-12 15:28:02.449 | INFO     | eval.evaluation.evaluation:evaluate_single_query:275 - wide2deep_ws_zh_022, df_inner shape: (22, 10), answer_df shape: (25, 5), response_df shape: (23, 7)
2026-08-12 15:28:02.453 | DEBUG    | eval.evaluation.evaluation:metric_call:77 - metric_func_name date_near score 1.0 msg date near, response: 2017-01-20 00:00:00, target: 2017-01-20 00:00:00
2026-08-12 15:28:02.455 | DEBUG    | eval.evaluation.evaluation:metric_call:77 - metric_func_name date_near score 1.0 msg date near, response: 2017-01-20 00:00:00, target: 2017-01-20 00:00:00
2026-08-12 15:28:02.457 | DEBUG    | eval.evaluation.evaluation:metric_call:77 - metric_func_name date_near score 1.0 msg date near, response: 2017-01-20 00:00:00, target: 2017-01-20 00:00:00
2026-08-12 15:28:02.459 | DEBUG    | eval.evaluation.evaluation:metric_call:77 - metric_func_name date_near score 1.0 msg date near, response: 2017-01-23 00:00:00, target: 2017-01-23 00:00:00
2026-08-12 15:28:02.461 | DEBUG    | eval.evaluation.evaluation:metric_call:77 - metric_func_name date_near score 1.0 msg date near, response: 2017-01-27 00:00:00, target: 2017-01-27 00:00:00
2026-08-12 15:28:02.463 | DEBUG    | eval.evaluation.evaluation:metric_call:77 - metric_func_name date_near score 1.0 msg date near, response: 2017-01-31 00:00:00, target: 2017-01-31 00:00:00
2026-08-12 15:28:02.466 | DEBUG    | eval.evaluation.evaluation:metric_call:77 - metric_func_name date_near score 1.0 msg date near, response: 2017-02-01 00:00:00, target: 2017-02-01 00:00:00
2026-08-12 15:28:02.468 | DEBUG    | eval.evaluation.evaluation:metric_call:77 - metric_func_name date_near score 1.0 msg date near, response: 2017-02-07 00:00:00, target: 2017-02-07 00:00:00
2026-08-12 15:28:02.470 | DEBUG    | eval.evaluation.evaluation:metric_call:77 - metric_func_name date_near score 1.0 msg date near, response: 2017-02-09 00:00:00, target: 2017-02-09 00:00:00
2026-08-12 15:28:02.472 | DEBUG    | eval.evaluation.evaluation:metric_call:77 - metric_func_name date_near score 1.0 msg date near, response: 2017-02-10 00:00:00, target: 2017-02-10 00:00:00
2026-08-12 15:28:02.474 | DEBUG    | eval.evaluation.evaluation:metric_call:77 - metric_func_name date_near score 1.0 msg date near, response: 2017-02-14 00:00:00, target: 2017-02-14 00:00:00
2026-08-12 15:28:02.476 | DEBUG    | eval.evaluation.evaluation:metric_call:77 - metric_func_name date_near score 1.0 msg date near, response: 2017-02-14 00:00:00, target: 2017-02-14 00:00:00
2026-08-12 15:28:02.479 | DEBUG    | eval.evaluation.evaluation:metric_call:77 - metric_func_name date_near score 1.0 msg date near, response: 2017-02-16 00:00:00, target: 2017-02-16 00:00:00
2026-08-12 15:28:02.481 | DEBUG    | eval.evaluation.evaluation:metric_call:77 - metric_func_name date_near score 1.0 msg date near, response: 2017-02-17 00:00:00, target: 2017-02-17 00:00:00
2026-08-12 15:28:02.483 | DEBUG    | eval.evaluation.evaluation:metric_call:77 - metric_func_name date_near score 1.0 msg date near, response: 2017-03-01 00:00:00, target: 2017-03-01 00:00:00
2026-08-12 15:28:02.485 | DEBUG    | eval.evaluation.evaluation:metric_call:77 - metric_func_name date_near score 1.0 msg date near, response: 2017-03-02 00:00:00, target: 2017-03-02 00:00:00
2026-08-12 15:28:02.487 | DEBUG    | eval.evaluation.evaluation:metric_call:77 - metric_func_name date_near score 1.0 msg date near, response: 2017-03-16 00:00:00, target: 2017-03-16 00:00:00
2026-08-12 15:28:02.490 | DEBUG    | eval.evaluation.evaluation:metric_call:77 - metric_func_name date_near score 1.0 msg date near, response: 2017-04-28 00:00:00, target: 2017-04-28 00:00:00
2026-08-12 15:28:02.492 | DEBUG    | eval.evaluation.evaluation:metric_call:77 - metric_func_name date_near score 1.0 msg date near, response: 2017-07-31 00:00:00, target: 2017-07-31 00:00:00
2026-08-12 15:28:02.494 | DEBUG    | eval.evaluation.evaluation:metric_call:77 - metric_func_name date_near score 1.0 msg date near, response: 2017-12-06 00:00:00, target: 2017-12-06 00:00:00
2026-08-12 15:28:02.496 | DEBUG    | eval.evaluation.evaluation:metric_call:77 - metric_func_name date_near score 1.0 msg date near, response: 2019-02-14 00:00:00, target: 2019-02-14 00:00:00
2026-08-12 15:28:02.500 | DEBUG    | eval.evaluation.evaluation:metric_call:77 - metric_func_name date_near score 1.0 msg date near, response: 2019-07-23 00:00:00, target: 2019-06-24 00:00:00
2026-08-12 15:28:02.502 | DEBUG    | eval.evaluation.evaluation:evaluate_single_query:321 - wide2deep_ws_zh_022, col 上任日期, metric_func_name date_near, score [1.0, 1.0, 1.0, 1.0, 1.0, 1.0, 1.0, 1.0, 1.0, 1.0, 1.0, 1.0, 1.0, 1.0, 1.0, 1.0, 1.0, 1.0, 1.0, 1.0, 1.0, 1.0]
2026-08-12 15:28:02.504 | DEBUG    | eval.evaluation.evaluation:metric_call:77 - metric_func_name date_near score 1.0 msg date near, response: 2017-07-31 00:00:00, target: 2017-07-31 00:00:00
2026-08-12 15:28:02.507 | DEBUG    | eval.evaluation.evaluation:metric_call:77 - metric_func_name date_near score 1.0 msg date near, response: 2019-01-01 00:00:00, target: 2018-12-20 00:00:00
2026-08-12 15:28:02.509 | DEBUG    | eval.evaluation.evaluation:metric_call:77 - metric_func_name date_near score 1.0 msg date near, response: 2017-07-31 00:00:00, target: 2017-07-31 00:00:00
2026-08-12 15:28:02.511 | DEBUG    | eval.evaluation.evaluation:metric_call:77 - metric_func_name date_near score 1.0 msg date near, response: 2018-04-26 00:00:00, target: 2018-04-26 00:00:00
2026-08-12 15:28:02.513 | DEBUG    | eval.evaluation.evaluation:metric_call:77 - metric_func_name date_near score 1.0 msg date near, response: 2018-12-31 00:00:00, target: 2018-12-31 00:00:00
2026-08-12 15:28:02.515 | DEBUG    | eval.evaluation.evaluation:metric_call:77 - metric_func_name date_near score 1.0 msg date near, response: 2021-01-11 00:00:00, target: 2021-01-11 00:00:00
2026-08-12 15:28:02.517 | DEBUG    | eval.evaluation.evaluation:metric_call:77 - metric_func_name date_near score 1.0 msg date near, response: 2018-03-31 00:00:00, target: 2018-03-13 00:00:00
2026-08-12 15:28:02.520 | DEBUG    | eval.evaluation.evaluation:metric_call:77 - metric_func_name date_near score 1.0 msg date near, response: 2021-01-08 00:00:00, target: 2021-01-07 00:00:00
2026-08-12 15:28:02.522 | DEBUG    | eval.evaluation.evaluation:metric_call:77 - metric_func_name date_near score 1.0 msg date near, response: 2018-11-07 00:00:00, target: 2018-11-07 00:00:00
2026-08-12 15:28:02.524 | DEBUG    | eval.evaluation.evaluation:metric_call:77 - metric_func_name date_near score 1.0 msg date near, response: 2017-09-29 00:00:00, target: 2017-09-29 00:00:00
2026-08-12 15:28:02.526 | DEBUG    | eval.evaluation.evaluation:metric_call:77 - metric_func_name date_near score 1.0 msg date near, response: 2019-04-12 00:00:00, target: 2019-04-12 00:00:00
2026-08-12 15:28:02.528 | DEBUG    | eval.evaluation.evaluation:metric_call:77 - metric_func_name date_near score 1.0 msg date near, response: 2018-03-28 00:00:00, target: 2018-03-28 00:00:00
2026-08-12 15:28:02.530 | DEBUG    | eval.evaluation.evaluation:metric_call:77 - metric_func_name date_near score 1.0 msg date near, response: 2020-03-31 00:00:00, target: 2020-03-31 00:00:00
2026-08-12 15:28:02.533 | DEBUG    | eval.evaluation.evaluation:metric_call:77 - metric_func_name date_near score 1.0 msg date near, response: 2018-07-06 00:00:00, target: 2018-07-06 00:00:00
2026-08-12 15:28:02.535 | DEBUG    | eval.evaluation.evaluation:metric_call:77 - metric_func_name date_near score 1.0 msg date near, response: 2019-01-02 00:00:00, target: 2018-12-25 00:00:00
2026-08-12 15:28:02.537 | DEBUG    | eval.evaluation.evaluation:metric_call:77 - metric_func_name date_near score 1.0 msg date near, response: 2019-12-01 00:00:00, target: 2019-12-01 00:00:00
2026-08-12 15:28:02.539 | DEBUG    | eval.evaluation.evaluation:metric_call:77 - metric_func_name date_near score 1.0 msg date near, response: 2019-08-15 00:00:00, target: 2019-08-15 00:00:00
2026-08-12 15:28:02.541 | DEBUG    | eval.evaluation.evaluation:metric_call:77 - metric_func_name date_near score 1.0 msg date near, response: 2019-07-19 00:00:00, target: 2019-07-12 00:00:00
2026-08-12 15:28:02.544 | DEBUG    | eval.evaluation.evaluation:metric_call:77 - metric_func_name date_near score 1.0 msg date near, response: 2019-01-02 00:00:00, target: 2019-01-02 00:00:00
2026-08-12 15:28:02.546 | DEBUG    | eval.evaluation.evaluation:metric_call:77 - metric_func_name date_near score 1.0 msg date near, response: 2019-04-10 00:00:00, target: 2019-04-07 00:00:00
2026-08-12 15:28:02.548 | DEBUG    | eval.evaluation.evaluation:metric_call:77 - metric_func_name date_near score 1.0 msg date near, response: 2020-12-23 00:00:00, target: 2020-12-23 00:00:00
2026-08-12 15:28:02.550 | DEBUG    | eval.evaluation.evaluation:metric_call:77 - metric_func_name date_near score 1.0 msg date near, response: 2020-11-09 00:00:00, target: 2020-11-09 00:00:00
2026-08-12 15:28:02.551 | DEBUG    | eval.evaluation.evaluation:evaluate_single_query:321 - wide2deep_ws_zh_022, col 离任日期, metric_func_name date_near, score [1.0, 1.0, 1.0, 1.0, 1.0, 1.0, 1.0, 1.0, 1.0, 1.0, 1.0, 1.0, 1.0, 1.0, 1.0, 1.0, 1.0, 1.0, 1.0, 1.0, 1.0, 1.0]
2026-08-12 15:28:06.609 | DEBUG    | eval.evaluation.evaluation:evaluate_single_query:321 - wide2deep_ws_zh_022, col 继任者, metric_func_name llm_judge, score [1, 1, 1, 1, 1, 1, 1, 1, 1, 1, 1, 1, 1, 1, 1, 1, 1, 1, 1, 1, 1, 1]
2026-08-12 15:28:06.614 | INFO     | eval.evaluation.evaluation:evaluate_single_query:380 - wide2deep_ws_zh_022, P/R/F1 by unique_columns: 0.9565/0.8800/0.9167
2026-08-12 15:28:06.614 | INFO     | eval.evaluation.evaluation:evaluate_single_query:383 - wide2deep_ws_zh_022, P/R/F1 by row: 0.9565/0.8800/0.9167
2026-08-12 15:28:06.614 | INFO     | eval.evaluation.evaluation:evaluate_single_query:386 - wide2deep_ws_zh_022, P/R/F1 by item: 0.9565/0.8800/0.9167
2026-08-12 15:28:06.617 | INFO     | eval.evaluation.evaluation:evaluate_single_query:398 - wide2deep_ws_zh_022, final table score: 0.0
{"event": "eval_done", "idx": 4, "instance_id": "wide2deep_ws_zh_022", "score": 0.0, "entity_acc": 1.0, "f1_by_row": 0.9166666666666666, "f1_by_item": 0.9166666666666666, "column_f1": 0.9166666666666666, "error": null, "elapsed_seconds": 21.703, "running_n": 4}
2026-08-12 15:28:09.456 | DEBUG    | eval.evaluation.data_loader:extract_dataframe:167 - find markdown_str 
| 举办时期 | 展会全称 | 展馆名称 | 展馆详细地址 | 主办单位 | 承办单位 |
| --- | --- | --- ...
2026-08-12 15:28:17.161 | INFO     | eval.evaluation.metric_utils:primary_key_preprocess:246 - primary_key_preprocess result: ```json
{
  "第二十七届中国北京国际科技产业博览会": "2025第二十七届中国北京国际科技产业博览会",
  "2025第十三届中国国际房车展览会": "2025中国国际房车展览会",
  "2025第27届北京国际幼教用品及幼儿园配套设备展览会": "2025第27届北京国际幼教用品及幼儿园配套设备展览会",
  "2025第十三届中国指挥控制大会暨第十届中国（北京）军事智能技术装备博览会": "第十届中国（北京）军事智能技术装备博览会",
  "第十一届北京国际印刷技术展览会": "2025第十一届北京国际印刷技术展览会",
  "2025第五届北京国际酒业博览会": "2025第五届北京国际酒业博览会",
  "2025第二十六届中国国际照相机械影像器材与技术博览会": "2025第二十六届中国北京国际照相机械影像器材与技术博览会",
  "2025第十九届北京国际智能制造装备产业展览会": "2025第十九届北京国际智能制造装备产业展览会",
  "2025第十九届北京国际工业自动化展览会": "2025第十九届北京国际工业自动化展览会",
  "2025第十一届中国国际养老服务业博览会": "2025第十一届中国国际养老服务业博览会",
  "2025亚洲（北京）国际食品饮料博览会、餐饮食材预制菜博览会": "2025亚洲(北京)国际食品饮料博览会、餐饮食材预制菜博览会",
  "2025北京国际智慧民航技术装备展览会": "2025北京国际智慧民航技术装备展览会",
  "2025中国（北京）国际低空经济产业展览会": "2025中国（北京）国际低空经济产业博览会",
  "2025第三十四届中国国际玻璃工业技术展览会": "2025第三十四届中国国际玻璃工业技术展览会",
  "CRFE2025北京国际餐饮连锁加盟展览会": "CRFE2025北京国际餐饮连锁加盟展览会",
  "2025第十九届证卡票签安全技术展览会暨高峰论坛": "2025第十九届证卡票签安全技术展览会暨高峰论坛"
}
```
2026-08-12 15:28:17.161 | INFO     | eval.evaluation.evaluation:evaluate_single_query:223 - col: 展会全称, primary_key_map {'第二十七届中国北京国际科技产业博览会': '2025第二十七届中国北京国际科技产业博览会', '2025第十三届中国国际房车展览会': '2025中国国际房车展览会', '2025第27届北京国际幼教用品及幼儿园配套设备展览会': '2025第27届北京国际幼教用品及幼儿园配套设备展览会', '2025第十三届中国指挥控制大会暨第十届中国（北京）军事智能技术装备博览会': '第十届中国（北京）军事智能技术装备博览会', '第十一届北京国际印刷技术展览会': '2025第十一届北京国际印刷技术展览会', '2025第五届北京国际酒业博览会': '2025第五届北京国际酒业博览会', '2025第二十六届中国国际照相机械影像器材与技术博览会': '2025第二十六届中国北京国际照相机械影像器材与技术博览会', '2025第十九届北京国际智能制造装备产业展览会': '2025第十九届北京国际智能制造装备产业展览会', '2025第十九届北京国际工业自动化展览会': '2025第十九届北京国际工业自动化展览会', '2025第十一届中国国际养老服务业博览会': '2025第十一届中国国际养老服务业博览会', '2025亚洲（北京）国际食品饮料博览会、餐饮食材预制菜博览会': '2025亚洲(北京)国际食品饮料博览会、餐饮食材预制菜博览会', '2025北京国际智慧民航技术装备展览会': '2025北京国际智慧民航技术装备展览会', '2025中国（北京）国际低空经济产业展览会': '2025中国（北京）国际低空经济产业博览会', '2025第三十四届中国国际玻璃工业技术展览会': '2025第三十四届中国国际玻璃工业技术展览会', 'CRFE2025北京国际餐饮连锁加盟展览会': 'CRFE2025北京国际餐饮连锁加盟展览会', '2025第十九届证卡票签安全技术展览会暨高峰论坛': '2025第十九届证卡票签安全技术展览会暨高峰论坛'}
2026-08-12 15:28:17.168 | INFO     | eval.evaluation.evaluation:evaluate_single_query:275 - wide2deep_ws_zh_044, df_inner shape: (16, 12), answer_df shape: (38, 6), response_df shape: (17, 7)
2026-08-12 15:28:19.979 | DEBUG    | eval.evaluation.evaluation:evaluate_single_query:321 - wide2deep_ws_zh_044, col 举办时期, metric_func_name llm_judge, score [1, 1, 1, 1, 0, 1, 1, 1, 1, 1, 1, 1, 1, 0, 1, 1]
2026-08-12 15:28:28.896 | DEBUG    | eval.evaluation.evaluation:evaluate_single_query:321 - wide2deep_ws_zh_044, col 展馆名称, metric_func_name llm_judge, score [1, 1, 1, 1, 1, 0, 1, 1, 1, 1, 1, 1, 1, 1, 1, 1]
2026-08-12 15:28:32.268 | DEBUG    | eval.evaluation.evaluation:evaluate_single_query:321 - wide2deep_ws_zh_044, col 展馆详细地址, metric_func_name llm_judge, score [1, 1, 1, 1, 1, 0, 1, 1, 1, 1, 1, 1, 1, 1, 1, 1]
2026-08-12 15:28:38.590 | DEBUG    | eval.evaluation.evaluation:evaluate_single_query:321 - wide2deep_ws_zh_044, col 主办单位, metric_func_name llm_judge, score [1, 0, 0, 1, 0, 1, 1, 1, 1, 1, 1, 0, 1, 0, 0, 0]
2026-08-12 15:28:46.547 | DEBUG    | eval.evaluation.evaluation:evaluate_single_query:321 - wide2deep_ws_zh_044, col 承办单位, metric_func_name llm_judge, score [0, 0, 0, 1, 0, 0, 1, 0, 1, 1, 0, 0, 0, 1, 1, 0]
2026-08-12 15:28:46.552 | INFO     | eval.evaluation.evaluation:evaluate_single_query:380 - wide2deep_ws_zh_044, P/R/F1 by unique_columns: 0.9412/0.4211/0.5818
2026-08-12 15:28:46.552 | INFO     | eval.evaluation.evaluation:evaluate_single_query:383 - wide2deep_ws_zh_044, P/R/F1 by row: 0.2353/0.1053/0.1455
2026-08-12 15:28:46.552 | INFO     | eval.evaluation.evaluation:evaluate_single_query:386 - wide2deep_ws_zh_044, P/R/F1 by item: 0.7353/0.3289/0.4545
2026-08-12 15:28:46.554 | INFO     | eval.evaluation.evaluation:evaluate_single_query:398 - wide2deep_ws_zh_044, final table score: 0.0
{"event": "eval_done", "idx": 5, "instance_id": "wide2deep_ws_zh_044", "score": 0.0, "entity_acc": 1.0, "f1_by_row": 0.14545454545454545, "f1_by_item": 0.4545454545454546, "column_f1": 0.5818181818181818, "error": null, "elapsed_seconds": 39.92, "running_n": 5}
2026-08-12 15:28:47.822 | DEBUG    | eval.evaluation.data_loader:extract_dataframe:167 - find markdown_str 
| 公司名称 | 出道年份 | 团体英文名 | 初一位时间 | 初一位歌曲名称 |
| --- | --- | --- | - ...
2026-08-12 15:28:53.567 | INFO     | eval.evaluation.metric_utils:primary_key_preprocess:246 - primary_key_preprocess result: ```json
{
  "M.I.L.K.": "M.I.L.K",
  "Shinvi": "SHINVI",
  "Black Beat": "Black Beat",
  "Isak N Jiyeon": "Isak N Jiyeon",
  "TVXQ": "TVXQ",
  "TRAX": "Trax",
  "The Grace": "The Grace",
  "Super Junior": "Super Junior",
  "Girls' Generation": "Girls' Generation",
  "SHINee": "SHINee",
  "f(x)": "f(x)",
  "EXO": "EXO",
  "Red Velvet": "Red Velvet",
  "SuperM": "SuperM",
  "aespa": "aespa",
  "RIIZE": "RIIZE"
}
```
2026-08-12 15:28:53.567 | INFO     | eval.evaluation.evaluation:evaluate_single_query:223 - col: 团体英文名, primary_key_map {'M.I.L.K.': 'M.I.L.K', 'Shinvi': 'SHINVI', 'Black Beat': 'Black Beat', 'Isak N Jiyeon': 'Isak N Jiyeon', 'TVXQ': 'TVXQ', 'TRAX': 'Trax', 'The Grace': 'The Grace', 'Super Junior': 'Super Junior', "Girls' Generation": "Girls' Generation", 'SHINee': 'SHINee', 'f(x)': 'f(x)', 'EXO': 'EXO', 'Red Velvet': 'Red Velvet', 'SuperM': 'SuperM', 'aespa': 'aespa', 'RIIZE': 'RIIZE'}
2026-08-12 15:28:53.574 | INFO     | eval.evaluation.evaluation:evaluate_single_query:275 - wide2deep_ws_zh_063, df_inner shape: (16, 10), answer_df shape: (36, 5), response_df shape: (16, 6)
2026-08-12 15:28:57.213 | DEBUG    | eval.evaluation.evaluation:evaluate_single_query:321 - wide2deep_ws_zh_063, col 公司名称, metric_func_name llm_judge, score [1, 1, 1, 1, 1, 1, 1, 1, 1, 1, 1, 1, 1, 1, 1, 1]
2026-08-12 15:28:57.213 | DEBUG    | eval.evaluation.evaluation:metric_call:77 - metric_func_name exact_match score 1.0 msg exact match, response: 2001, target: 2001
2026-08-12 15:28:57.213 | DEBUG    | eval.evaluation.evaluation:metric_call:77 - metric_func_name exact_match score 1.0 msg exact match, response: 2002, target: 2002
2026-08-12 15:28:57.213 | DEBUG    | eval.evaluation.evaluation:metric_call:77 - metric_func_name exact_match score 1.0 msg exact match, response: 2002, target: 2002
2026-08-12 15:28:57.213 | DEBUG    | eval.evaluation.evaluation:metric_call:77 - metric_func_name exact_match score 1.0 msg exact match, response: 2002, target: 2002
2026-08-12 15:28:57.214 | DEBUG    | eval.evaluation.evaluation:metric_call:77 - metric_func_name exact_match score 1.0 msg exact match, response: 2003, target: 2003
2026-08-12 15:28:57.214 | DEBUG    | eval.evaluation.evaluation:metric_call:77 - metric_func_name exact_match score 1.0 msg exact match, response: 2004, target: 2004
2026-08-12 15:28:57.214 | DEBUG    | eval.evaluation.evaluation:metric_call:77 - metric_func_name exact_match score 1.0 msg exact match, response: 2005, target: 2005
2026-08-12 15:28:57.214 | DEBUG    | eval.evaluation.evaluation:metric_call:77 - metric_func_name exact_match score 1.0 msg exact match, response: 2005, target: 2005
2026-08-12 15:28:57.214 | DEBUG    | eval.evaluation.evaluation:metric_call:77 - metric_func_name exact_match score 1.0 msg exact match, response: 2007, target: 2007
2026-08-12 15:28:57.214 | DEBUG    | eval.evaluation.evaluation:metric_call:77 - metric_func_name exact_match score 1.0 msg exact match, response: 2008, target: 2008
2026-08-12 15:28:57.214 | DEBUG    | eval.evaluation.evaluation:metric_call:77 - metric_func_name exact_match score 1.0 msg exact match, response: 2009, target: 2009
2026-08-12 15:28:57.214 | DEBUG    | eval.evaluation.evaluation:metric_call:77 - metric_func_name exact_match score 1.0 msg exact match, response: 2012, target: 2012
2026-08-12 15:28:57.214 | DEBUG    | eval.evaluation.evaluation:metric_call:77 - metric_func_name exact_match score 1.0 msg exact match, response: 2014, target: 2014
2026-08-12 15:28:57.214 | DEBUG    | eval.evaluation.evaluation:metric_call:77 - metric_func_name exact_match score 1.0 msg exact match, response: 2019, target: 2019
2026-08-12 15:28:57.214 | DEBUG    | eval.evaluation.evaluation:metric_call:77 - metric_func_name exact_match score 1.0 msg exact match, response: 2020, target: 2020
2026-08-12 15:28:57.214 | DEBUG    | eval.evaluation.evaluation:metric_call:77 - metric_func_name exact_match score 1.0 msg exact match, response: 2023, target: 2023
2026-08-12 15:28:57.215 | DEBUG    | eval.evaluation.evaluation:evaluate_single_query:321 - wide2deep_ws_zh_063, col 出道年份, metric_func_name exact_match, score [1.0, 1.0, 1.0, 1.0, 1.0, 1.0, 1.0, 1.0, 1.0, 1.0, 1.0, 1.0, 1.0, 1.0, 1.0, 1.0]
2026-08-12 15:29:00.834 | DEBUG    | eval.evaluation.evaluation:evaluate_single_query:321 - wide2deep_ws_zh_063, col 初一位时间, metric_func_name llm_judge, score [1, 1, 1, 1, 1, 1, 1, 1, 1, 0, 1, 1, 1, 1, 1, 1]
2026-08-12 15:29:05.332 | DEBUG    | eval.evaluation.evaluation:evaluate_single_query:321 - wide2deep_ws_zh_063, col 初一位歌曲名称, metric_func_name llm_judge, score [1, 1, 1, 1, 1, 1, 1, 1, 0, 0, 1, 1, 1, 1, 1, 1]
2026-08-12 15:29:05.337 | INFO     | eval.evaluation.evaluation:evaluate_single_query:380 - wide2deep_ws_zh_063, P/R/F1 by unique_columns: 1.0000/0.4444/0.6154
2026-08-12 15:29:05.337 | INFO     | eval.evaluation.evaluation:evaluate_single_query:383 - wide2deep_ws_zh_063, P/R/F1 by row: 0.8750/0.3889/0.5385
2026-08-12 15:29:05.337 | INFO     | eval.evaluation.evaluation:evaluate_single_query:386 - wide2deep_ws_zh_063, P/R/F1 by item: 0.9625/0.4278/0.5923
2026-08-12 15:29:05.339 | INFO     | eval.evaluation.evaluation:evaluate_single_query:398 - wide2deep_ws_zh_063, final table score: 0.0
{"event": "eval_done", "idx": 6, "instance_id": "wide2deep_ws_zh_063", "score": 0.0, "entity_acc": 1.0, "f1_by_row": 0.5384615384615385, "f1_by_item": 0.5923076923076923, "column_f1": 0.6153846153846153, "error": null, "elapsed_seconds": 18.766, "running_n": 6}
2026-08-12 15:29:06.362 | DEBUG    | eval.evaluation.data_loader:extract_dataframe:167 - find markdown_str 
| 作品名称 | 开播时间 | 作品导演 | 作品集数 | 作品相关获奖记录 |
| --- | --- | --- | -- ...
2026-08-12 15:29:14.233 | INFO     | eval.evaluation.metric_utils:primary_key_preprocess:246 - primary_key_preprocess result: ```json
{
  "遗赠的秘密": "遗赠的秘密",
  "杀人者的难堪": "杀人者的难堪",
  "炸鸡块奇遇记": "炸鸡块奇遇记",
  "寄生兽：灰色部队": "寄生兽：灰色部队",
  "末日愚者": "末日愚者",
  "The 8 Show": "The 8 Show(第8个秀)",
  "名校的阶梯": "名校的阶梯(校园阶级)",
  "政坛旋风": "政坛旋风",
  "甜蜜家园3": "甜蜜家园3",
  "无声蛙鸣": "无声蛙鸣",
  "京城怪物2": "京城怪物2",
  "地狱公使2": "地狱公使第二季",
  "浮游先生": "浮游先生",
  "一箱情缘": "一箱情缘",
  "鱿鱼游戏 第二季": "鱿鱼游戏第二季"
}
```
2026-08-12 15:29:14.233 | INFO     | eval.evaluation.evaluation:evaluate_single_query:223 - col: 作品名称, primary_key_map {'遗赠的秘密': '遗赠的秘密', '杀人者的难堪': '杀人者的难堪', '炸鸡块奇遇记': '炸鸡块奇遇记', '寄生兽：灰色部队': '寄生兽：灰色部队', '末日愚者': '末日愚者', 'The 8 Show': 'The 8 Show(第8个秀)', '名校的阶梯': '名校的阶梯(校园阶级)', '政坛旋风': '政坛旋风', '甜蜜家园3': '甜蜜家园3', '无声蛙鸣': '无声蛙鸣', '京城怪物2': '京城怪物2', '地狱公使2': '地狱公使第二季', '浮游先生': '浮游先生', '一箱情缘': '一箱情缘', '鱿鱼游戏 第二季': '鱿鱼游戏第二季'}
2026-08-12 15:29:19.161 | INFO     | eval.evaluation.metric_utils:primary_key_preprocess:246 - primary_key_preprocess result: ```json
{
  "2024年1月19日": "2024-01-19",
  "2024年2月9日": "2024-02-09",
  "2024年3月15日": "2024-03-15",
  "2024年4月5日": "2024-04-05",
  "2024年4月26日": "2024-04-26",
  "2024年5月17日": "2024-05-17",
  "2024年6月7日": "2024-06-07",
  "2024年6月28日": "2024-06-28",
  "2024年7月19日": "2024-07-19",
  "2024年8月23日": "2024-08-23",
  "2024年9月27日": "2024-09-27",
  "2024年10月25日": "2024-10-25",
  "2024年11月8日": "2024-11-08",
  "2024年11月29日": "2024-11-29",
  "2024年12月26日": "2024-12-26"
}
```
2026-08-12 15:29:19.162 | INFO     | eval.evaluation.evaluation:evaluate_single_query:223 - col: 开播时间, primary_key_map {'2024年1月19日': '2024-01-19', '2024年2月9日': '2024-02-09', '2024年3月15日': '2024-03-15', '2024年4月5日': '2024-04-05', '2024年4月26日': '2024-04-26', '2024年5月17日': '2024-05-17', '2024年6月7日': '2024-06-07', '2024年6月28日': '2024-06-28', '2024年7月19日': '2024-07-19', '2024年8月23日': '2024-08-23', '2024年9月27日': '2024-09-27', '2024年10月25日': '2024-10-25', '2024年11月8日': '2024-11-08', '2024年11月29日': '2024-11-29', '2024年12月26日': '2024-12-26'}
2026-08-12 15:29:19.168 | INFO     | eval.evaluation.evaluation:evaluate_single_query:275 - wide2deep_ws_zh_075, df_inner shape: (15, 10), answer_df shape: (38, 5), response_df shape: (15, 7)
2026-08-12 15:29:23.430 | DEBUG    | eval.evaluation.evaluation:evaluate_single_query:321 - wide2deep_ws_zh_075, col 作品导演, metric_func_name llm_judge, score [1, 1, 1, 1, 1, 1, 1, 1, 1, 1, 1, 1, 1, 1, 1]
2026-08-12 15:29:26.534 | DEBUG    | eval.evaluation.evaluation:evaluate_single_query:321 - wide2deep_ws_zh_075, col 作品集数, metric_func_name llm_judge, score [1, 1, 1, 1, 1, 1, 1, 1, 1, 1, 1, 1, 1, 1, 1]
2026-08-12 15:29:32.479 | DEBUG    | eval.evaluation.evaluation:evaluate_single_query:321 - wide2deep_ws_zh_075, col 作品相关获奖记录, metric_func_name llm_judge, score [0, 0, 1, 0, 0, 0, 1, 0, 0, 0, 1, 1, 0, 1, 0]
2026-08-12 15:29:32.484 | INFO     | eval.evaluation.evaluation:evaluate_single_query:380 - wide2deep_ws_zh_075, P/R/F1 by unique_columns: 1.0000/0.3947/0.5660
2026-08-12 15:29:32.484 | INFO     | eval.evaluation.evaluation:evaluate_single_query:383 - wide2deep_ws_zh_075, P/R/F1 by row: 0.3333/0.1316/0.1887
2026-08-12 15:29:32.485 | INFO     | eval.evaluation.evaluation:evaluate_single_query:386 - wide2deep_ws_zh_075, P/R/F1 by item: 0.8667/0.3421/0.4906
2026-08-12 15:29:32.486 | INFO     | eval.evaluation.evaluation:evaluate_single_query:398 - wide2deep_ws_zh_075, final table score: 0.0
{"event": "eval_done", "idx": 7, "instance_id": "wide2deep_ws_zh_075", "score": 0.0, "entity_acc": 1.0, "f1_by_row": 0.18867924528301885, "f1_by_item": 0.4905660377358491, "column_f1": 0.5660377358490566, "error": null, "elapsed_seconds": 27.129, "running_n": 7}
SUMMARY {"n": 7, "valid_n": 7, "errors": 0, "complete": true, "judge_calls_current_process": 49, "score": 0.0, "entity_acc": 1.0, "precision_by_row": 0.61478321763488, "recall_by_row": 0.48700918964076856, "f1_by_row": 0.5275136184570147, "precision_by_item": 0.8621403604920229, "recall_by_item": 0.5691056428951166, "f1_by_item": 0.6401613327880761, "column_precision": 0.937766410912191, "column_recall": 0.5957909926330979, "column_f1": 0.6768397448873248}
