INFO: Pandarallel will run on 8 workers.
INFO: Pandarallel will use Memory file system to transfer data between the main process and workers.
{"event": "eval_start", "selected": 7, "resume_committed": 0, "committed_errors": 0, "crash_only_resume": false}
2026-08-12 15:25:58.711 | DEBUG    | eval.evaluation.data_loader:extract_dataframe:167 - find markdown_str 
| 场景名称 | 具体事项 | 实施方式 | 牵头部门 | 配合部门 | 完成时限 |
| --- | --- | --- | ...
2026-08-12 15:26:13.965 | INFO     | eval.evaluation.metric_utils:primary_key_preprocess:246 - primary_key_preprocess result: ```json
{
  "就业创业证申领": "就业创业证申领",
  "无雇工个体工商户及灵活就业人员参加养老保险登记": "无雇工个体工商户及灵活就业人员参加养老保险登记",
  "创业补贴申领": "创业补贴申领",
  "经营主体登记注册": "经营主体登记注册",
  "纳税人信息确认": "纳税人信息确认",
  "内地居民婚姻登记": "内地居民婚姻登记",
  "户口登记项目变更（婚姻状况）": "户口登记项目变更（婚姻状况）",
  "户口迁移（夫妻投靠落户）": "户口迁移（夫妻投靠落户）",
  "外国人来华工作许可签发、变更、延期": "外国人来华工作许可签发/变更/延期",
  "外国人来华工作社会保险登记": "外国人来华工作社会保险登记",
  "外国人来华工作职称评审": "外国人来华工作职称评审",
  "外国人居留证件签发、变更、延期": "外国人居留证件签发/变更/延期",
  "家电以旧换新补贴资格核验与申请": "家电以旧换新和手机等购新补贴资格校验",
  "手机、平板、智能手表（手环）购新补贴资格核验与申请": "家电以旧换新和手机等购新补贴资格校验",
  "申请人身份信息核验": "个人身份信息核验",
  "汽车报废更新补贴申请": "汽车报废更新补贴申请",
  "出具死亡证明（正常死亡）": "出具死亡证明（正常死亡）",
  "出具死亡证明（非正常死亡）": "出具死亡证明（非正常死亡）",
  "死亡户口注销": "户口注销",
  "住房公积金提取（死亡）": "住房公积金提取（死亡）",
  "遗属待遇申领": "遗属待遇申领",
  "清税信息核验": "清税信息核验",
  "个体工商户转型为企业变更登记": "个体工商户转型为企业变更登记",
  "企业印章刻制": "企业印章刻制",
  "基本账户开立或账户信息变更": "基本账户开立或账户信息变更",
  "社会保险登记或参保信息变更": "社会保险登记或参保信息变更",
  "住房公积金企业缴存登记或信息变更": "住房公积金企业缴存登记或信息变更",
  "合格境外投资者资格审批": "合格境外投资者资格审批",
  "经营证券期货业务许可证核发": "经营证券期货业务许可证核发",
  "证券账户开立": "证券账户开立",
  "期货账户开立": "期货账户开立",
  "外汇登记": "外汇登记",
  "基本账户开立": "基本账户开立",
  "科技成果查新": "科技成果查新",
  "科技成果登记": "科技成果登记",
  "科技成果转化专项资金申请": "科技成果转化专项资金申请",
  "知识产权支持资金申请": "知识产权支持资金申请",
  "现行相关税收优惠政策宣传辅导": "现行相关税收优惠政策宣传辅导",
  "企业投资（含外商投资）项目核准或备案": "企业投资（含外商投资）项目核准/备案",
  "固定资产投资项目节能审查": "固定资产投资项目节能审查",
  "建设项目用地预审与选址意见书核发": "建设项目用地预审与选址意见书核发",
  "建设项目环境影响评价": "建设项目环境影响评价",
  "机动车注册登记": "机动车注册登记",
  "机动车合格证信息核查": "机动车合格证信息核查",
  "进口车强制性产品认证（CCC认证）信息核查": "进口车强制性产品认证（CCC 认证）信息核查",
  "企业营业执照信息核验": "企业营业执照信息核验",
  "车辆购置税完税证明和机动车销售统一发票信息共享核查": "车辆购置税完税证明和机动车销售统一发票信息共享核查",
  "交强险信息核查": "交强险信息核查",
  "社会团体、民办非企业单位和基金会登记证书信息核查": "社会团体、民办非企业单位和基金会登记证书信息核查",
  "建筑工程施工许可证核发": "建筑工程施工许可证核发",
  "建设工程消防设计审查": "建设工程消防设计审查",
  "建设工程质量监督手续办理": "建设工程质量监督手续办理",
  "城市建筑垃圾处置核准": "城市建筑垃圾处置核准",
  "城镇污水排入排水管网许可（临时）": "城镇污水排入排水管网许可（临时）"
}
```
2026-08-12 15:26:13.965 | INFO     | eval.evaluation.evaluation:evaluate_single_query:223 - col: 具体事项, primary_key_map {'就业创业证申领': '就业创业证申领', '无雇工个体工商户及灵活就业人员参加养老保险登记': '无雇工个体工商户及灵活就业人员参加养老保险登记', '创业补贴申领': '创业补贴申领', '经营主体登记注册': '经营主体登记注册', '纳税人信息确认': '纳税人信息确认', '内地居民婚姻登记': '内地居民婚姻登记', '户口登记项目变更（婚姻状况）': '户口登记项目变更（婚姻状况）', '户口迁移（夫妻投靠落户）': '户口迁移（夫妻投靠落户）', '外国人来华工作许可签发、变更、延期': '外国人来华工作许可签发/变更/延期', '外国人来华工作社会保险登记': '外国人来华工作社会保险登记', '外国人来华工作职称评审': '外国人来华工作职称评审', '外国人居留证件签发、变更、延期': '外国人居留证件签发/变更/延期', '家电以旧换新补贴资格核验与申请': '家电以旧换新和手机等购新补贴资格校验', '手机、平板、智能手表（手环）购新补贴资格核验与申请': '家电以旧换新和手机等购新补贴资格校验', '申请人身份信息核验': '个人身份信息核验', '汽车报废更新补贴申请': '汽车报废更新补贴申请', '出具死亡证明（正常死亡）': '出具死亡证明（正常死亡）', '出具死亡证明（非正常死亡）': '出具死亡证明（非正常死亡）', '死亡户口注销': '户口注销', '住房公积金提取（死亡）': '住房公积金提取（死亡）', '遗属待遇申领': '遗属待遇申领', '清税信息核验': '清税信息核验', '个体工商户转型为企业变更登记': '个体工商户转型为企业变更登记', '企业印章刻制': '企业印章刻制', '基本账户开立或账户信息变更': '基本账户开立或账户信息变更', '社会保险登记或参保信息变更': '社会保险登记或参保信息变更', '住房公积金企业缴存登记或信息变更': '住房公积金企业缴存登记或信息变更', '合格境外投资者资格审批': '合格境外投资者资格审批', '经营证券期货业务许可证核发': '经营证券期货业务许可证核发', '证券账户开立': '证券账户开立', '期货账户开立': '期货账户开立', '外汇登记': '外汇登记', '基本账户开立': '基本账户开立', '科技成果查新': '科技成果查新', '科技成果登记': '科技成果登记', '科技成果转化专项资金申请': '科技成果转化专项资金申请', '知识产权支持资金申请': '知识产权支持资金申请', '现行相关税收优惠政策宣传辅导': '现行相关税收优惠政策宣传辅导', '企业投资（含外商投资）项目核准或备案': '企业投资（含外商投资）项目核准/备案', '固定资产投资项目节能审查': '固定资产投资项目节能审查', '建设项目用地预审与选址意见书核发': '建设项目用地预审与选址意见书核发', '建设项目环境影响评价': '建设项目环境影响评价', '机动车注册登记': '机动车注册登记', '机动车合格证信息核查': '机动车合格证信息核查', '进口车强制性产品认证（CCC认证）信息核查': '进口车强制性产品认证（CCC 认证）信息核查', '企业营业执照信息核验': '企业营业执照信息核验', '车辆购置税完税证明和机动车销售统一发票信息共享核查': '车辆购置税完税证明和机动车销售统一发票信息共享核查', '交强险信息核查': '交强险信息核查', '社会团体、民办非企业单位和基金会登记证书信息核查': '社会团体、民办非企业单位和基金会登记证书信息核查', '建筑工程施工许可证核发': '建筑工程施工许可证核发', '建设工程消防设计审查': '建设工程消防设计审查', '建设工程质量监督手续办理': '建设工程质量监督手续办理', '城市建筑垃圾处置核准': '城市建筑垃圾处置核准', '城镇污水排入排水管网许可（临时）': '城镇污水排入排水管网许可（临时）'}
2026-08-12 15:26:13.973 | INFO     | eval.evaluation.evaluation:evaluate_single_query:275 - wide2deep_ws_zh_062, df_inner shape: (54, 12), answer_df shape: (128, 6), response_df shape: (61, 7)
2026-08-12 15:26:19.509 | DEBUG    | eval.evaluation.evaluation:evaluate_single_query:321 - wide2deep_ws_zh_062, col 场景名称, metric_func_name llm_judge, score [1, 1, 1, 1, 1, 1, 1, 1, 1, 1, 1, 1, 1, 1, 1, 1, 1, 1, 1, 1, 1, 1, 1, 1, 1, 1, 1, 1, 1, 1, 1, 1, 1, 1, 1, 1, 1, 1, 1, 1, 1, 1, 1, 1, 1, 1, 1, 1, 1, 1, 1, 1, 1, 1]
2026-08-12 15:26:19.509 | DEBUG    | eval.evaluation.evaluation:metric_call:77 - metric_func_name exact_match score 0.0 msg exact not match, response: 以北京市实施为主，线上线下集成办理, target: 优化
2026-08-12 15:26:19.509 | DEBUG    | eval.evaluation.evaluation:metric_call:77 - metric_func_name exact_match score 0.0 msg exact not match, response: 以北京市实施为主，线上线下集成办理, target: 优化
2026-08-12 15:26:19.510 | DEBUG    | eval.evaluation.evaluation:metric_call:77 - metric_func_name exact_match score 0.0 msg exact not match, response: 以北京市实施为主，跨部门联办, target: 优化
2026-08-12 15:26:19.510 | DEBUG    | eval.evaluation.evaluation:metric_call:77 - metric_func_name exact_match score 0.0 msg exact not match, response: 以北京市实施为主，跨部门联办, target: 优化
2026-08-12 15:26:19.510 | DEBUG    | eval.evaluation.evaluation:metric_call:77 - metric_func_name exact_match score 0.0 msg exact not match, response: 以北京市实施为主，跨部门联办, target: 优化
2026-08-12 15:26:19.510 | DEBUG    | eval.evaluation.evaluation:metric_call:77 - metric_func_name exact_match score 0.0 msg exact not match, response: 以北京市实施为主，跨部门联办, target: 优化
2026-08-12 15:26:19.510 | DEBUG    | eval.evaluation.evaluation:metric_call:77 - metric_func_name exact_match score 0.0 msg exact not match, response: 以国务院部门实施为主，线上集成办理, target: 新建
2026-08-12 15:26:19.510 | DEBUG    | eval.evaluation.evaluation:metric_call:77 - metric_func_name exact_match score 0.0 msg exact not match, response: 以国务院部门实施为主，线上集成办理, target: 新建
2026-08-12 15:26:19.510 | DEBUG    | eval.evaluation.evaluation:metric_call:77 - metric_func_name exact_match score 0.0 msg exact not match, response: 以国务院部门实施为主，线上集成办理, target: 新建
2026-08-12 15:26:19.510 | DEBUG    | eval.evaluation.evaluation:metric_call:77 - metric_func_name exact_match score 0.0 msg exact not match, response: 以国务院部门实施为主，线上集成办理, target: 新建
2026-08-12 15:26:19.510 | DEBUG    | eval.evaluation.evaluation:metric_call:77 - metric_func_name exact_match score 0.0 msg exact not match, response: 以国务院部门实施为主，线上集成办理, target: 新建
2026-08-12 15:26:19.510 | DEBUG    | eval.evaluation.evaluation:metric_call:77 - metric_func_name exact_match score 0.0 msg exact not match, response: 以国务院部门实施为主，线上集成办理, target: 新建
2026-08-12 15:26:19.510 | DEBUG    | eval.evaluation.evaluation:metric_call:77 - metric_func_name exact_match score 0.0 msg exact not match, response: 以北京市实施为主，线上线下集成办理, target: 新建
2026-08-12 15:26:19.510 | DEBUG    | eval.evaluation.evaluation:metric_call:77 - metric_func_name exact_match score 0.0 msg exact not match, response: 以北京市实施为主，线上线下集成办理, target: 新建
2026-08-12 15:26:19.510 | DEBUG    | eval.evaluation.evaluation:metric_call:77 - metric_func_name exact_match score 0.0 msg exact not match, response: 以北京市实施为主，线上线下集成办理, target: 新建
2026-08-12 15:26:19.510 | DEBUG    | eval.evaluation.evaluation:metric_call:77 - metric_func_name exact_match score 0.0 msg exact not match, response: 以北京市实施为主，跨部门联办, target: 新建
2026-08-12 15:26:19.510 | DEBUG    | eval.evaluation.evaluation:metric_call:77 - metric_func_name exact_match score 0.0 msg exact not match, response: 以北京市实施为主，线上线下协同服务, target: 新建
2026-08-12 15:26:19.510 | DEBUG    | eval.evaluation.evaluation:metric_call:77 - metric_func_name exact_match score 0.0 msg exact not match, response: 以北京市实施为主，线上并联审批, target: 新建
2026-08-12 15:26:19.510 | DEBUG    | eval.evaluation.evaluation:metric_call:77 - metric_func_name exact_match score 0.0 msg exact not match, response: 以北京市实施为主，线上并联审批, target: 新建
2026-08-12 15:26:19.510 | DEBUG    | eval.evaluation.evaluation:metric_call:77 - metric_func_name exact_match score 0.0 msg exact not match, response: 以北京市实施为主，线上并联审批, target: 新建
2026-08-12 15:26:19.511 | DEBUG    | eval.evaluation.evaluation:metric_call:77 - metric_func_name exact_match score 0.0 msg exact not match, response: 以北京市实施为主，线上并联审批, target: 新建
2026-08-12 15:26:19.511 | DEBUG    | eval.evaluation.evaluation:metric_call:77 - metric_func_name exact_match score 0.0 msg exact not match, response: 以北京市实施为主，线上线下集成办理, target: 新建
2026-08-12 15:26:19.511 | DEBUG    | eval.evaluation.evaluation:metric_call:77 - metric_func_name exact_match score 0.0 msg exact not match, response: 以北京市实施为主，数据共享核验, target: 新建
2026-08-12 15:26:19.511 | DEBUG    | eval.evaluation.evaluation:metric_call:77 - metric_func_name exact_match score 0.0 msg exact not match, response: 以北京市实施为主，数据共享核验, target: 新建
2026-08-12 15:26:19.511 | DEBUG    | eval.evaluation.evaluation:metric_call:77 - metric_func_name exact_match score 0.0 msg exact not match, response: 以北京市实施为主，数据共享核验, target: 新建
2026-08-12 15:26:19.511 | DEBUG    | eval.evaluation.evaluation:metric_call:77 - metric_func_name exact_match score 0.0 msg exact not match, response: 以北京市实施为主，数据共享核验, target: 新建
2026-08-12 15:26:19.511 | DEBUG    | eval.evaluation.evaluation:metric_call:77 - metric_func_name exact_match score 0.0 msg exact not match, response: 以北京市实施为主，数据共享核验, target: 新建
2026-08-12 15:26:19.511 | DEBUG    | eval.evaluation.evaluation:metric_call:77 - metric_func_name exact_match score 0.0 msg exact not match, response: 以北京市实施为主，数据共享核验, target: 新建
2026-08-12 15:26:19.511 | DEBUG    | eval.evaluation.evaluation:metric_call:77 - metric_func_name exact_match score 0.0 msg exact not match, response: 以北京市实施为主，线上并联审批, target: 新建
2026-08-12 15:26:19.511 | DEBUG    | eval.evaluation.evaluation:metric_call:77 - metric_func_name exact_match score 0.0 msg exact not match, response: 以北京市实施为主，线上并联审批, target: 新建
2026-08-12 15:26:19.511 | DEBUG    | eval.evaluation.evaluation:metric_call:77 - metric_func_name exact_match score 0.0 msg exact not match, response: 以北京市实施为主，线上并联办理, target: 新建
2026-08-12 15:26:19.511 | DEBUG    | eval.evaluation.evaluation:metric_call:77 - metric_func_name exact_match score 0.0 msg exact not match, response: 以北京市实施为主，线上并联审批, target: 新建
2026-08-12 15:26:19.511 | DEBUG    | eval.evaluation.evaluation:metric_call:77 - metric_func_name exact_match score 0.0 msg exact not match, response: 以北京市实施为主，线上并联审批, target: 新建
2026-08-12 15:26:19.511 | DEBUG    | eval.evaluation.evaluation:metric_call:77 - metric_func_name exact_match score 0.0 msg exact not match, response: 以北京市实施为主，线上线下集成办理, target: 优化
2026-08-12 15:26:19.511 | DEBUG    | eval.evaluation.evaluation:metric_call:77 - metric_func_name exact_match score 0.0 msg exact not match, response: 以北京市实施为主，线上线下集成办理, target: 优化
2026-08-12 15:26:19.511 | DEBUG    | eval.evaluation.evaluation:metric_call:77 - metric_func_name exact_match score 0.0 msg exact not match, response: 以北京市实施为主，线上线下集成办理, target: 优化
2026-08-12 15:26:19.511 | DEBUG    | eval.evaluation.evaluation:metric_call:77 - metric_func_name exact_match score 0.0 msg exact not match, response: 以北京市实施为主，线上线下集成办理, target: 优化
2026-08-12 15:26:19.511 | DEBUG    | eval.evaluation.evaluation:metric_call:77 - metric_func_name exact_match score 0.0 msg exact not match, response: 以北京市实施为主，线上线下集成办理, target: 优化
2026-08-12 15:26:19.511 | DEBUG    | eval.evaluation.evaluation:metric_call:77 - metric_func_name exact_match score 0.0 msg exact not match, response: 以北京市实施为主，线上线下集成办理, target: 优化
2026-08-12 15:26:19.511 | DEBUG    | eval.evaluation.evaluation:metric_call:77 - metric_func_name exact_match score 0.0 msg exact not match, response: 以北京市实施为主，线上线下集成办理, target: 优化
2026-08-12 15:26:19.512 | DEBUG    | eval.evaluation.evaluation:metric_call:77 - metric_func_name exact_match score 0.0 msg exact not match, response: 以北京市实施为主，线上线下集成办理, target: 优化
2026-08-12 15:26:19.512 | DEBUG    | eval.evaluation.evaluation:metric_call:77 - metric_func_name exact_match score 0.0 msg exact not match, response: 以北京市实施为主，线上线下集成办理, target: 新建
2026-08-12 15:26:19.512 | DEBUG    | eval.evaluation.evaluation:metric_call:77 - metric_func_name exact_match score 0.0 msg exact not match, response: 以北京市实施为主，线上线下集成办理, target: 新建
2026-08-12 15:26:19.512 | DEBUG    | eval.evaluation.evaluation:metric_call:77 - metric_func_name exact_match score 0.0 msg exact not match, response: 以北京市实施为主，线上线下集成办理, target: 新建
2026-08-12 15:26:19.512 | DEBUG    | eval.evaluation.evaluation:metric_call:77 - metric_func_name exact_match score 0.0 msg exact not match, response: 以北京市实施为主，线上线下集成办理, target: 新建
2026-08-12 15:26:19.512 | DEBUG    | eval.evaluation.evaluation:metric_call:77 - metric_func_name exact_match score 0.0 msg exact not match, response: 线上申报、资格核验、补贴审核兑付, target: 新建
2026-08-12 15:26:19.512 | DEBUG    | eval.evaluation.evaluation:metric_call:77 - metric_func_name exact_match score 0.0 msg exact not match, response: 线上申报、资格核验、补贴审核兑付, target: 新建
2026-08-12 15:26:19.512 | DEBUG    | eval.evaluation.evaluation:metric_call:77 - metric_func_name exact_match score 0.0 msg exact not match, response: 跨部门数据共享、免提交核验, target: 新建
2026-08-12 15:26:19.512 | DEBUG    | eval.evaluation.evaluation:metric_call:77 - metric_func_name exact_match score 0.0 msg exact not match, response: 线上申报、并联核验、补贴审核兑付, target: 新建
2026-08-12 15:26:19.512 | DEBUG    | eval.evaluation.evaluation:metric_call:77 - metric_func_name exact_match score 0.0 msg exact not match, response: 以北京市实施为主，线上线下集成办理, target: 优化
2026-08-12 15:26:19.512 | DEBUG    | eval.evaluation.evaluation:metric_call:77 - metric_func_name exact_match score 0.0 msg exact not match, response: 以北京市实施为主，线上线下集成办理, target: 优化
2026-08-12 15:26:19.512 | DEBUG    | eval.evaluation.evaluation:metric_call:77 - metric_func_name exact_match score 0.0 msg exact not match, response: 以北京市实施为主，跨部门联办, target: 优化
2026-08-12 15:26:19.512 | DEBUG    | eval.evaluation.evaluation:metric_call:77 - metric_func_name exact_match score 0.0 msg exact not match, response: 以北京市实施为主，跨部门联办, target: 优化
2026-08-12 15:26:19.512 | DEBUG    | eval.evaluation.evaluation:metric_call:77 - metric_func_name exact_match score 0.0 msg exact not match, response: 以北京市实施为主，跨部门联办, target: 优化
2026-08-12 15:26:19.513 | DEBUG    | eval.evaluation.evaluation:evaluate_single_query:321 - wide2deep_ws_zh_062, col 实施方式, metric_func_name exact_match, score [0.0, 0.0, 0.0, 0.0, 0.0, 0.0, 0.0, 0.0, 0.0, 0.0, 0.0, 0.0, 0.0, 0.0, 0.0, 0.0, 0.0, 0.0, 0.0, 0.0, 0.0, 0.0, 0.0, 0.0, 0.0, 0.0, 0.0, 0.0, 0.0, 0.0, 0.0, 0.0, 0.0, 0.0, 0.0, 0.0, 0.0, 0.0, 0.0, 0.0, 0.0, 0.0, 0.0, 0.0, 0.0, 0.0, 0.0, 0.0, 0.0, 0.0, 0.0, 0.0, 0.0, 0.0]
2026-08-12 15:26:19.513 | DEBUG    | eval.evaluation.evaluation:metric_call:77 - metric_func_name exact_match score 0.0 msg exact not match, response: 北京市市场监管局, target: 市市场监管局
2026-08-12 15:26:19.513 | DEBUG    | eval.evaluation.evaluation:metric_call:77 - metric_func_name exact_match score 0.0 msg exact not match, response: 北京市市场监管局, target: 市市场监管局
2026-08-12 15:26:19.513 | DEBUG    | eval.evaluation.evaluation:metric_call:77 - metric_func_name exact_match score 0.0 msg exact not match, response: 北京市市场监管局, target: 市市场监管局
2026-08-12 15:26:19.513 | DEBUG    | eval.evaluation.evaluation:metric_call:77 - metric_func_name exact_match score 0.0 msg exact not match, response: 北京市市场监管局, target: 市市场监管局
2026-08-12 15:26:19.514 | DEBUG    | eval.evaluation.evaluation:metric_call:77 - metric_func_name exact_match score 0.0 msg exact not match, response: 北京市市场监管局, target: 市市场监管局
2026-08-12 15:26:19.514 | DEBUG    | eval.evaluation.evaluation:metric_call:77 - metric_func_name exact_match score 0.0 msg exact not match, response: 北京市市场监管局, target: 市市场监管局
2026-08-12 15:26:19.514 | DEBUG    | eval.evaluation.evaluation:metric_call:77 - metric_func_name exact_match score 0.0 msg exact not match, response: 中国证监会及其派出机构, target: 北京证监局
2026-08-12 15:26:19.514 | DEBUG    | eval.evaluation.evaluation:metric_call:77 - metric_func_name exact_match score 0.0 msg exact not match, response: 中国证监会及其派出机构, target: 北京证监局
2026-08-12 15:26:19.514 | DEBUG    | eval.evaluation.evaluation:metric_call:77 - metric_func_name exact_match score 0.0 msg exact not match, response: 中国证监会及其派出机构, target: 北京证监局
2026-08-12 15:26:19.514 | DEBUG    | eval.evaluation.evaluation:metric_call:77 - metric_func_name exact_match score 0.0 msg exact not match, response: 中国证监会及其派出机构, target: 北京证监局
2026-08-12 15:26:19.514 | DEBUG    | eval.evaluation.evaluation:metric_call:77 - metric_func_name exact_match score 0.0 msg exact not match, response: 中国证监会及其派出机构, target: 北京证监局
2026-08-12 15:26:19.514 | DEBUG    | eval.evaluation.evaluation:metric_call:77 - metric_func_name exact_match score 0.0 msg exact not match, response: 中国证监会及其派出机构, target: 北京证监局
2026-08-12 15:26:19.514 | DEBUG    | eval.evaluation.evaluation:metric_call:77 - metric_func_name exact_match score 0.0 msg exact not match, response: 北京市科学技术委员会、中关村科技园区管理委员会, target: 市科委、中关村管委会
2026-08-12 15:26:19.514 | DEBUG    | eval.evaluation.evaluation:metric_call:77 - metric_func_name exact_match score 0.0 msg exact not match, response: 北京市科学技术委员会、中关村科技园区管理委员会, target: 市科委、中关村管委会
2026-08-12 15:26:19.514 | DEBUG    | eval.evaluation.evaluation:metric_call:77 - metric_func_name exact_match score 0.0 msg exact not match, response: 北京市科学技术委员会、中关村科技园区管理委员会, target: 市科委、中关村管委会
2026-08-12 15:26:19.514 | DEBUG    | eval.evaluation.evaluation:metric_call:77 - metric_func_name exact_match score 0.0 msg exact not match, response: 北京市科学技术委员会、中关村科技园区管理委员会, target: 市科委、中关村管委会
2026-08-12 15:26:19.514 | DEBUG    | eval.evaluation.evaluation:metric_call:77 - metric_func_name exact_match score 0.0 msg exact not match, response: 北京市科学技术委员会、中关村科技园区管理委员会, target: 市科委、中关村管委会
2026-08-12 15:26:19.514 | DEBUG    | eval.evaluation.evaluation:metric_call:77 - metric_func_name exact_match score 0.0 msg exact not match, response: 北京市发展改革委, target: 市发展改革委
2026-08-12 15:26:19.514 | DEBUG    | eval.evaluation.evaluation:metric_call:77 - metric_func_name exact_match score 0.0 msg exact not match, response: 北京市发展改革委, target: 市发展改革委
2026-08-12 15:26:19.514 | DEBUG    | eval.evaluation.evaluation:metric_call:77 - metric_func_name exact_match score 0.0 msg exact not match, response: 北京市发展改革委, target: 市发展改革委
2026-08-12 15:26:19.514 | DEBUG    | eval.evaluation.evaluation:metric_call:77 - metric_func_name exact_match score 0.0 msg exact not match, response: 北京市发展改革委, target: 市发展改革委
2026-08-12 15:26:19.514 | DEBUG    | eval.evaluation.evaluation:metric_call:77 - metric_func_name exact_match score 0.0 msg exact not match, response: 北京市公安局, target: 市公安局
2026-08-12 15:26:19.514 | DEBUG    | eval.evaluation.evaluation:metric_call:77 - metric_func_name exact_match score 0.0 msg exact not match, response: 北京市公安局, target: 市公安局
2026-08-12 15:26:19.515 | DEBUG    | eval.evaluation.evaluation:metric_call:77 - metric_func_name exact_match score 0.0 msg exact not match, response: 北京市公安局, target: 市公安局
2026-08-12 15:26:19.515 | DEBUG    | eval.evaluation.evaluation:metric_call:77 - metric_func_name exact_match score 0.0 msg exact not match, response: 北京市公安局, target: 市公安局
2026-08-12 15:26:19.515 | DEBUG    | eval.evaluation.evaluation:metric_call:77 - metric_func_name exact_match score 0.0 msg exact not match, response: 北京市公安局, target: 市公安局
2026-08-12 15:26:19.515 | DEBUG    | eval.evaluation.evaluation:metric_call:77 - metric_func_name exact_match score 0.0 msg exact not match, response: 北京市公安局, target: 市公安局
2026-08-12 15:26:19.515 | DEBUG    | eval.evaluation.evaluation:metric_call:77 - metric_func_name exact_match score 0.0 msg exact not match, response: 北京市公安局, target: 市公安局
2026-08-12 15:26:19.515 | DEBUG    | eval.evaluation.evaluation:metric_call:77 - metric_func_name exact_match score 0.0 msg exact not match, response: 北京市住房城乡建设委, target: 市住房城乡建设委
2026-08-12 15:26:19.515 | DEBUG    | eval.evaluation.evaluation:metric_call:77 - metric_func_name exact_match score 0.0 msg exact not match, response: 北京市住房城乡建设委, target: 市住房城乡建设委
2026-08-12 15:26:19.515 | DEBUG    | eval.evaluation.evaluation:metric_call:77 - metric_func_name exact_match score 0.0 msg exact not match, response: 北京市住房城乡建设委, target: 市住房城乡建设委
2026-08-12 15:26:19.515 | DEBUG    | eval.evaluation.evaluation:metric_call:77 - metric_func_name exact_match score 0.0 msg exact not match, response: 北京市住房城乡建设委, target: 市住房城乡建设委
2026-08-12 15:26:19.515 | DEBUG    | eval.evaluation.evaluation:metric_call:77 - metric_func_name exact_match score 0.0 msg exact not match, response: 北京市住房城乡建设委, target: 市住房城乡建设委
2026-08-12 15:26:19.515 | DEBUG    | eval.evaluation.evaluation:metric_call:77 - metric_func_name exact_match score 0.0 msg exact not match, response: 北京市人力资源社会保障局, target: 市人力资源社会保障局
2026-08-12 15:26:19.515 | DEBUG    | eval.evaluation.evaluation:metric_call:77 - metric_func_name exact_match score 0.0 msg exact not match, response: 北京市人力资源社会保障局, target: 市人力资源社会保障局
2026-08-12 15:26:19.515 | DEBUG    | eval.evaluation.evaluation:metric_call:77 - metric_func_name exact_match score 0.0 msg exact not match, response: 北京市人力资源社会保障局, target: 市人力资源社会保障局
2026-08-12 15:26:19.515 | DEBUG    | eval.evaluation.evaluation:metric_call:77 - metric_func_name exact_match score 0.0 msg exact not match, response: 北京市人力资源社会保障局, target: 市人力资源社会保障局
2026-08-12 15:26:19.515 | DEBUG    | eval.evaluation.evaluation:metric_call:77 - metric_func_name exact_match score 0.0 msg exact not match, response: 北京市人力资源社会保障局, target: 市人力资源社会保障局
2026-08-12 15:26:19.515 | DEBUG    | eval.evaluation.evaluation:metric_call:77 - metric_func_name exact_match score 0.0 msg exact not match, response: 北京市民政局, target: 市民政局
2026-08-12 15:26:19.515 | DEBUG    | eval.evaluation.evaluation:metric_call:77 - metric_func_name exact_match score 0.0 msg exact not match, response: 北京市民政局, target: 市民政局
2026-08-12 15:26:19.515 | DEBUG    | eval.evaluation.evaluation:metric_call:77 - metric_func_name exact_match score 0.0 msg exact not match, response: 北京市民政局, target: 市民政局
2026-08-12 15:26:19.515 | DEBUG    | eval.evaluation.evaluation:metric_call:77 - metric_func_name exact_match score 0.0 msg exact not match, response: 北京市科学技术委员会、中关村科技园区管理委员会（外国专家工作管理部门）, target: 市科委、中关村管委会
2026-08-12 15:26:19.515 | DEBUG    | eval.evaluation.evaluation:metric_call:77 - metric_func_name exact_match score 0.0 msg exact not match, response: 北京市科学技术委员会、中关村科技园区管理委员会（外国专家工作管理部门）, target: 市科委、中关村管委会
2026-08-12 15:26:19.516 | DEBUG    | eval.evaluation.evaluation:metric_call:77 - metric_func_name exact_match score 0.0 msg exact not match, response: 北京市科学技术委员会、中关村科技园区管理委员会（外国专家工作管理部门）, target: 市科委、中关村管委会
2026-08-12 15:26:19.516 | DEBUG    | eval.evaluation.evaluation:metric_call:77 - metric_func_name exact_match score 0.0 msg exact not match, response: 北京市科学技术委员会、中关村科技园区管理委员会（外国专家工作管理部门）, target: 市科委、中关村管委会
2026-08-12 15:26:19.516 | DEBUG    | eval.evaluation.evaluation:metric_call:77 - metric_func_name exact_match score 0.0 msg exact not match, response: 北京市商务局, target: 市商务局
2026-08-12 15:26:19.516 | DEBUG    | eval.evaluation.evaluation:metric_call:77 - metric_func_name exact_match score 0.0 msg exact not match, response: 北京市商务局, target: 市商务局
2026-08-12 15:26:19.516 | DEBUG    | eval.evaluation.evaluation:metric_call:77 - metric_func_name exact_match score 0.0 msg exact not match, response: 北京市商务局, target: 市商务局
2026-08-12 15:26:19.516 | DEBUG    | eval.evaluation.evaluation:metric_call:77 - metric_func_name exact_match score 0.0 msg exact not match, response: 北京市商务局, target: 市商务局
2026-08-12 15:26:19.516 | DEBUG    | eval.evaluation.evaluation:metric_call:77 - metric_func_name exact_match score 0.0 msg exact not match, response: 北京市民政局, target: 市公安局、市卫生健康委
2026-08-12 15:26:19.516 | DEBUG    | eval.evaluation.evaluation:metric_call:77 - metric_func_name exact_match score 0.0 msg exact not match, response: 北京市民政局, target: 市公安局、市卫生健康委
2026-08-12 15:26:19.516 | DEBUG    | eval.evaluation.evaluation:metric_call:77 - metric_func_name exact_match score 0.0 msg exact not match, response: 北京市民政局, target: 市公安局、市卫生健康委
2026-08-12 15:26:19.516 | DEBUG    | eval.evaluation.evaluation:metric_call:77 - metric_func_name exact_match score 0.0 msg exact not match, response: 北京市民政局, target: 市公安局、市卫生健康委
2026-08-12 15:26:19.516 | DEBUG    | eval.evaluation.evaluation:metric_call:77 - metric_func_name exact_match score 0.0 msg exact not match, response: 北京市民政局, target: 市公安局、市卫生健康委
2026-08-12 15:26:19.517 | DEBUG    | eval.evaluation.evaluation:evaluate_single_query:321 - wide2deep_ws_zh_062, col 牵头部门, metric_func_name exact_match, score [0.0, 0.0, 0.0, 0.0, 0.0, 0.0, 0.0, 0.0, 0.0, 0.0, 0.0, 0.0, 0.0, 0.0, 0.0, 0.0, 0.0, 0.0, 0.0, 0.0, 0.0, 0.0, 0.0, 0.0, 0.0, 0.0, 0.0, 0.0, 0.0, 0.0, 0.0, 0.0, 0.0, 0.0, 0.0, 0.0, 0.0, 0.0, 0.0, 0.0, 0.0, 0.0, 0.0, 0.0, 0.0, 0.0, 0.0, 0.0, 0.0, 0.0, 0.0, 0.0, 0.0, 0.0]
2026-08-12 15:26:31.001 | DEBUG    | eval.evaluation.evaluation:evaluate_single_query:321 - wide2deep_ws_zh_062, col 配合部门, metric_func_name llm_judge, score [1, 1, 1, 0, 1, 1, 0, 0, 0, 0, 1, 0, 0, 0, 0, 1, 1, 1, 0, 1, 1, 1, 1, 1, 1, 1, 0, 1, 1, 0, 0, 1, 1, 1, 1, 1, 1, 1, 1, 1, 1, 1, 1, 1, 1, 0, 0, 1, 0, 0, 0, 0, 1, 1]
2026-08-12 15:26:31.002 | DEBUG    | eval.evaluation.evaluation:metric_call:77 - metric_func_name exact_match score 0.0 msg exact not match, response: 2025年底前, target: 2025年7月底
2026-08-12 15:26:31.002 | DEBUG    | eval.evaluation.evaluation:metric_call:77 - metric_func_name exact_match score 0.0 msg exact not match, response: 2025年底前, target: 2025年7月底
2026-08-12 15:26:31.002 | DEBUG    | eval.evaluation.evaluation:metric_call:77 - metric_func_name exact_match score 0.0 msg exact not match, response: 2025年底前, target: 2025年7月底
2026-08-12 15:26:31.002 | DEBUG    | eval.evaluation.evaluation:metric_call:77 - metric_func_name exact_match score 0.0 msg exact not match, response: 2025年底前, target: 2025年7月底
2026-08-12 15:26:31.002 | DEBUG    | eval.evaluation.evaluation:metric_call:77 - metric_func_name exact_match score 0.0 msg exact not match, response: 2025年底前, target: 2025年7月底
2026-08-12 15:26:31.002 | DEBUG    | eval.evaluation.evaluation:metric_call:77 - metric_func_name exact_match score 0.0 msg exact not match, response: 2025年底前, target: 2025年7月底
2026-08-12 15:26:31.002 | DEBUG    | eval.evaluation.evaluation:metric_call:77 - metric_func_name exact_match score 0.0 msg exact not match, response: 2025年底前, target: 2025年8月底
2026-08-12 15:26:31.002 | DEBUG    | eval.evaluation.evaluation:metric_call:77 - metric_func_name exact_match score 0.0 msg exact not match, response: 2025年底前, target: 2025年8月底
2026-08-12 15:26:31.002 | DEBUG    | eval.evaluation.evaluation:metric_call:77 - metric_func_name exact_match score 0.0 msg exact not match, response: 2025年底前, target: 2025年8月底
2026-08-12 15:26:31.002 | DEBUG    | eval.evaluation.evaluation:metric_call:77 - metric_func_name exact_match score 0.0 msg exact not match, response: 2025年底前, target: 2025年8月底
2026-08-12 15:26:31.003 | DEBUG    | eval.evaluation.evaluation:metric_call:77 - metric_func_name exact_match score 0.0 msg exact not match, response: 2025年底前, target: 2025年8月底
2026-08-12 15:26:31.003 | DEBUG    | eval.evaluation.evaluation:metric_call:77 - metric_func_name exact_match score 0.0 msg exact not match, response: 2025年底前, target: 2025年8月底
2026-08-12 15:26:31.003 | DEBUG    | eval.evaluation.evaluation:metric_call:77 - metric_func_name exact_match score 0.0 msg exact not match, response: 2025年底前, target: 2025年7月底
2026-08-12 15:26:31.003 | DEBUG    | eval.evaluation.evaluation:metric_call:77 - metric_func_name exact_match score 0.0 msg exact not match, response: 2025年底前, target: 2025年7月底
2026-08-12 15:26:31.003 | DEBUG    | eval.evaluation.evaluation:metric_call:77 - metric_func_name exact_match score 0.0 msg exact not match, response: 2025年底前, target: 2025年7月底
2026-08-12 15:26:31.003 | DEBUG    | eval.evaluation.evaluation:metric_call:77 - metric_func_name exact_match score 0.0 msg exact not match, response: 2025年底前, target: 2025年7月底
2026-08-12 15:26:31.003 | DEBUG    | eval.evaluation.evaluation:metric_call:77 - metric_func_name exact_match score 0.0 msg exact not match, response: 2025年底前, target: 2025年7月底
2026-08-12 15:26:31.003 | DEBUG    | eval.evaluation.evaluation:metric_call:77 - metric_func_name exact_match score 0.0 msg exact not match, response: 2025年底前, target: 2025年7月底
2026-08-12 15:26:31.003 | DEBUG    | eval.evaluation.evaluation:metric_call:77 - metric_func_name exact_match score 0.0 msg exact not match, response: 2025年底前, target: 2025年7月底
2026-08-12 15:26:31.004 | DEBUG    | eval.evaluation.evaluation:metric_call:77 - metric_func_name exact_match score 0.0 msg exact not match, response: 2025年底前, target: 2025年7月底
2026-08-12 15:26:31.004 | DEBUG    | eval.evaluation.evaluation:metric_call:77 - metric_func_name exact_match score 0.0 msg exact not match, response: 2025年底前, target: 2025年7月底
2026-08-12 15:26:31.004 | DEBUG    | eval.evaluation.evaluation:metric_call:77 - metric_func_name exact_match score 0.0 msg exact not match, response: 2025年底前, target: 2025年7月底
2026-08-12 15:26:31.004 | DEBUG    | eval.evaluation.evaluation:metric_call:77 - metric_func_name exact_match score 0.0 msg exact not match, response: 2025年底前, target: 2025年7月底
2026-08-12 15:26:31.004 | DEBUG    | eval.evaluation.evaluation:metric_call:77 - metric_func_name exact_match score 0.0 msg exact not match, response: 2025年底前, target: 2025年7月底
2026-08-12 15:26:31.004 | DEBUG    | eval.evaluation.evaluation:metric_call:77 - metric_func_name exact_match score 0.0 msg exact not match, response: 2025年底前, target: 2025年7月底
2026-08-12 15:26:31.004 | DEBUG    | eval.evaluation.evaluation:metric_call:77 - metric_func_name exact_match score 0.0 msg exact not match, response: 2025年底前, target: 2025年7月底
2026-08-12 15:26:31.004 | DEBUG    | eval.evaluation.evaluation:metric_call:77 - metric_func_name exact_match score 0.0 msg exact not match, response: 2025年底前, target: 2025年7月底
2026-08-12 15:26:31.004 | DEBUG    | eval.evaluation.evaluation:metric_call:77 - metric_func_name exact_match score 0.0 msg exact not match, response: 2025年底前, target: 2025年7月底
2026-08-12 15:26:31.004 | DEBUG    | eval.evaluation.evaluation:metric_call:77 - metric_func_name exact_match score 0.0 msg exact not match, response: 2025年底前, target: 2025年7月底
2026-08-12 15:26:31.004 | DEBUG    | eval.evaluation.evaluation:metric_call:77 - metric_func_name exact_match score 0.0 msg exact not match, response: 2025年底前, target: 2025年7月底
2026-08-12 15:26:31.005 | DEBUG    | eval.evaluation.evaluation:metric_call:77 - metric_func_name exact_match score 0.0 msg exact not match, response: 2025年底前, target: 2025年7月底
2026-08-12 15:26:31.005 | DEBUG    | eval.evaluation.evaluation:metric_call:77 - metric_func_name exact_match score 0.0 msg exact not match, response: 2025年底前, target: 2025年7月底
2026-08-12 15:26:31.005 | DEBUG    | eval.evaluation.evaluation:metric_call:77 - metric_func_name exact_match score 0.0 msg exact not match, response: 2025年底前, target: 2025年7月底
2026-08-12 15:26:31.005 | DEBUG    | eval.evaluation.evaluation:metric_call:77 - metric_func_name exact_match score 0.0 msg exact not match, response: 2025年底前, target: 2025年7月底
2026-08-12 15:26:31.005 | DEBUG    | eval.evaluation.evaluation:metric_call:77 - metric_func_name exact_match score 0.0 msg exact not match, response: 2025年底前, target: 2025年7月底
2026-08-12 15:26:31.005 | DEBUG    | eval.evaluation.evaluation:metric_call:77 - metric_func_name exact_match score 0.0 msg exact not match, response: 2025年底前, target: 2025年7月底
2026-08-12 15:26:31.005 | DEBUG    | eval.evaluation.evaluation:metric_call:77 - metric_func_name exact_match score 0.0 msg exact not match, response: 2025年底前, target: 2025年7月底
2026-08-12 15:26:31.005 | DEBUG    | eval.evaluation.evaluation:metric_call:77 - metric_func_name exact_match score 0.0 msg exact not match, response: 2025年底前, target: 2025年7月底
2026-08-12 15:26:31.005 | DEBUG    | eval.evaluation.evaluation:metric_call:77 - metric_func_name exact_match score 0.0 msg exact not match, response: 2025年底前, target: 2025年7月底
2026-08-12 15:26:31.005 | DEBUG    | eval.evaluation.evaluation:metric_call:77 - metric_func_name exact_match score 0.0 msg exact not match, response: 2025年底前, target: 2025年7月底
2026-08-12 15:26:31.005 | DEBUG    | eval.evaluation.evaluation:metric_call:77 - metric_func_name exact_match score 0.0 msg exact not match, response: 2025年底前, target: 2025年7月底
2026-08-12 15:26:31.006 | DEBUG    | eval.evaluation.evaluation:metric_call:77 - metric_func_name exact_match score 0.0 msg exact not match, response: 2025年底前, target: 2025年8月底
2026-08-12 15:26:31.006 | DEBUG    | eval.evaluation.evaluation:metric_call:77 - metric_func_name exact_match score 0.0 msg exact not match, response: 2025年底前, target: 2025年8月底
2026-08-12 15:26:31.006 | DEBUG    | eval.evaluation.evaluation:metric_call:77 - metric_func_name exact_match score 0.0 msg exact not match, response: 2025年底前, target: 2025年8月底
2026-08-12 15:26:31.006 | DEBUG    | eval.evaluation.evaluation:metric_call:77 - metric_func_name exact_match score 0.0 msg exact not match, response: 2025年底前, target: 2025年8月底
2026-08-12 15:26:31.006 | DEBUG    | eval.evaluation.evaluation:metric_call:77 - metric_func_name exact_match score 0.0 msg exact not match, response: 2025年度政策执行期内, target: 2025年7月底
2026-08-12 15:26:31.006 | DEBUG    | eval.evaluation.evaluation:metric_call:77 - metric_func_name exact_match score 0.0 msg exact not match, response: 2025年度政策执行期内, target: 2025年7月底
2026-08-12 15:26:31.006 | DEBUG    | eval.evaluation.evaluation:metric_call:77 - metric_func_name exact_match score 0.0 msg exact not match, response: 2025年度政策执行期内, target: 2025年7月底
2026-08-12 15:26:31.006 | DEBUG    | eval.evaluation.evaluation:metric_call:77 - metric_func_name exact_match score 0.0 msg exact not match, response: 2025年度政策执行期内, target: 2025年7月底
2026-08-12 15:26:31.006 | DEBUG    | eval.evaluation.evaluation:metric_call:77 - metric_func_name exact_match score 0.0 msg exact not match, response: 2025年底前, target: 2025年7月底
2026-08-12 15:26:31.006 | DEBUG    | eval.evaluation.evaluation:metric_call:77 - metric_func_name exact_match score 0.0 msg exact not match, response: 2025年底前, target: 2025年7月底
2026-08-12 15:26:31.006 | DEBUG    | eval.evaluation.evaluation:metric_call:77 - metric_func_name exact_match score 0.0 msg exact not match, response: 2025年底前, target: 2025年7月底
2026-08-12 15:26:31.007 | DEBUG    | eval.evaluation.evaluation:metric_call:77 - metric_func_name exact_match score 0.0 msg exact not match, response: 2025年底前, target: 2025年7月底
2026-08-12 15:26:31.007 | DEBUG    | eval.evaluation.evaluation:metric_call:77 - metric_func_name exact_match score 0.0 msg exact not match, response: 2025年底前, target: 2025年7月底
2026-08-12 15:26:31.007 | DEBUG    | eval.evaluation.evaluation:evaluate_single_query:321 - wide2deep_ws_zh_062, col 完成时限, metric_func_name exact_match, score [0.0, 0.0, 0.0, 0.0, 0.0, 0.0, 0.0, 0.0, 0.0, 0.0, 0.0, 0.0, 0.0, 0.0, 0.0, 0.0, 0.0, 0.0, 0.0, 0.0, 0.0, 0.0, 0.0, 0.0, 0.0, 0.0, 0.0, 0.0, 0.0, 0.0, 0.0, 0.0, 0.0, 0.0, 0.0, 0.0, 0.0, 0.0, 0.0, 0.0, 0.0, 0.0, 0.0, 0.0, 0.0, 0.0, 0.0, 0.0, 0.0, 0.0, 0.0, 0.0, 0.0, 0.0]
2026-08-12 15:26:31.016 | INFO     | eval.evaluation.evaluation:evaluate_single_query:380 - wide2deep_ws_zh_062, P/R/F1 by unique_columns: 0.8852/0.4219/0.5714
2026-08-12 15:26:31.016 | INFO     | eval.evaluation.evaluation:evaluate_single_query:383 - wide2deep_ws_zh_062, P/R/F1 by row: 0.0000/0.0000/0.0000
2026-08-12 15:26:31.016 | INFO     | eval.evaluation.evaluation:evaluate_single_query:386 - wide2deep_ws_zh_062, P/R/F1 by item: 0.3907/0.1862/0.2522
2026-08-12 15:26:31.022 | INFO     | eval.evaluation.evaluation:evaluate_single_query:398 - wide2deep_ws_zh_062, final table score: 0.0
{"event": "eval_done", "idx": 1, "instance_id": "wide2deep_ws_zh_062", "score": 0.0, "entity_acc": 1.0, "f1_by_row": 0.0, "f1_by_item": 0.25220458553791886, "column_f1": 0.5714285714285714, "error": null, "elapsed_seconds": 36.335, "running_n": 1}
2026-08-12 15:26:34.493 | DEBUG    | eval.evaluation.data_loader:extract_dataframe:167 - find markdown_str 
| 期刊名称 | 论文名称 | 论文关键词 | 论文作者 |
| --- | --- | --- | --- |
| 体育科学 ...
2026-08-12 15:26:38.611 | INFO     | eval.evaluation.metric_utils:primary_key_preprocess:246 - primary_key_preprocess result: ```json
{}
```
2026-08-12 15:26:38.611 | INFO     | eval.evaluation.evaluation:evaluate_single_query:223 - col: 论文名称, primary_key_map {}
2026-08-12 15:26:38.618 | INFO     | eval.evaluation.evaluation:evaluate_single_query:275 - wide2deep_ws_zh_098, df_inner shape: (0, 8), answer_df shape: (208, 4), response_df shape: (1, 5)
2026-08-12 15:26:41.682 | DEBUG    | eval.evaluation.evaluation:evaluate_single_query:321 - wide2deep_ws_zh_098, col 期刊名称, metric_func_name llm_judge, score []
2026-08-12 15:26:43.513 | DEBUG    | eval.evaluation.evaluation:evaluate_single_query:321 - wide2deep_ws_zh_098, col 论文关键词, metric_func_name llm_judge, score []
2026-08-12 15:26:48.299 | DEBUG    | eval.evaluation.evaluation:evaluate_single_query:321 - wide2deep_ws_zh_098, col 论文作者, metric_func_name llm_judge, score []
2026-08-12 15:26:48.306 | INFO     | eval.evaluation.evaluation:evaluate_single_query:380 - wide2deep_ws_zh_098, P/R/F1 by unique_columns: 0.0000/0.0000/0.0000
2026-08-12 15:26:48.306 | INFO     | eval.evaluation.evaluation:evaluate_single_query:383 - wide2deep_ws_zh_098, P/R/F1 by row: 0.0000/0.0000/0.0000
2026-08-12 15:26:48.306 | INFO     | eval.evaluation.evaluation:evaluate_single_query:386 - wide2deep_ws_zh_098, P/R/F1 by item: 0.0000/0.0000/0.0000
2026-08-12 15:26:48.306 | INFO     | eval.evaluation.evaluation:evaluate_single_query:398 - wide2deep_ws_zh_098, final table score: 0.0
{"event": "eval_done", "idx": 2, "instance_id": "wide2deep_ws_zh_098", "score": 0.0, "entity_acc": 1.0, "f1_by_row": 0.0, "f1_by_item": 0.0, "column_f1": 0.0, "error": null, "elapsed_seconds": 17.259, "running_n": 2}
{"event": "eval_done", "idx": 3, "instance_id": "deep2wide_result_22_橄榄树", "score": 0.0, "entity_acc": 0.0, "f1_by_row": 0.0, "f1_by_item": 0.0, "column_f1": 0.0, "error": null, "elapsed_seconds": 1.958, "running_n": 3}
{"event": "eval_done", "idx": 4, "instance_id": "deep2wide_result_40_西班牙", "score": 0.0, "entity_acc": 0.0, "f1_by_row": 0.0, "f1_by_item": 0.0, "column_f1": 0.0, "error": null, "elapsed_seconds": 1.163, "running_n": 4}
{"event": "eval_done", "idx": 5, "instance_id": "deep2wide_result_42_建安三神医", "score": 0.0, "entity_acc": 0.0, "f1_by_row": 0.0, "f1_by_item": 0.0, "column_f1": 0.0, "error": null, "elapsed_seconds": 2.826, "running_n": 5}
2026-08-12 15:26:59.016 | DEBUG    | eval.evaluation.data_loader:extract_dataframe:167 - find markdown_str 
| 姓名 | 参加年份 | 奖项 |
| --- | --- | --- |
| 黄嘉威 | 2010年 | 金牌 |
| 林 ...
2026-08-12 15:26:59.987 | INFO     | eval.evaluation.metric_utils:primary_key_preprocess:246 - primary_key_preprocess result: ```json
{
  "叶奇": "叶奇",
  "韩新淼": "韩新淼"
}
```
2026-08-12 15:26:59.987 | INFO     | eval.evaluation.evaluation:evaluate_single_query:223 - col: 姓名, primary_key_map {'叶奇': '叶奇', '韩新淼': '韩新淼'}
2026-08-12 15:27:00.109 | INFO     | eval.evaluation.evaluation:evaluate_single_query:275 - deep2wide_result_48_乐清市知临中学, df_inner shape: (2, 6), answer_df shape: (6, 3), response_df shape: (4, 4)
2026-08-12 15:27:00.120 | DEBUG    | eval.evaluation.evaluation:metric_call:77 - metric_func_name date_near score 1.0 msg date near, response: 2012-06-08 00:00:00, target: 2012-06-08 00:00:00
2026-08-12 15:27:00.122 | DEBUG    | eval.evaluation.evaluation:metric_call:77 - metric_func_name date_near score 1.0 msg date near, response: 2012-08-08 00:00:00, target: 2012-08-08 00:00:00
2026-08-12 15:27:00.123 | DEBUG    | eval.evaluation.evaluation:evaluate_single_query:321 - deep2wide_result_48_乐清市知临中学, col 参加年份, metric_func_name date_near, score [1.0, 1.0]
2026-08-12 15:27:00.123 | DEBUG    | eval.evaluation.evaluation:metric_call:77 - metric_func_name exact_match score 1.0 msg exact match, response: 金牌, target: 金牌
2026-08-12 15:27:00.123 | DEBUG    | eval.evaluation.evaluation:metric_call:77 - metric_func_name exact_match score 1.0 msg exact match, response: 银牌, target: 银牌
2026-08-12 15:27:00.124 | DEBUG    | eval.evaluation.evaluation:evaluate_single_query:321 - deep2wide_result_48_乐清市知临中学, col 奖项, metric_func_name exact_match, score [1.0, 1.0]
2026-08-12 15:27:00.128 | INFO     | eval.evaluation.evaluation:evaluate_single_query:380 - deep2wide_result_48_乐清市知临中学, P/R/F1 by unique_columns: 0.5000/0.3333/0.4000
2026-08-12 15:27:00.128 | INFO     | eval.evaluation.evaluation:evaluate_single_query:383 - deep2wide_result_48_乐清市知临中学, P/R/F1 by row: 0.5000/0.3333/0.4000
2026-08-12 15:27:00.128 | INFO     | eval.evaluation.evaluation:evaluate_single_query:386 - deep2wide_result_48_乐清市知临中学, P/R/F1 by item: 0.5000/0.3333/0.4000
2026-08-12 15:27:00.129 | INFO     | eval.evaluation.evaluation:evaluate_single_query:398 - deep2wide_result_48_乐清市知临中学, final table score: 0.0
{"event": "eval_done", "idx": 6, "instance_id": "deep2wide_result_48_乐清市知临中学", "score": 0.0, "entity_acc": 1.0, "f1_by_row": 0.4, "f1_by_item": 0.4, "column_f1": 0.4, "error": null, "elapsed_seconds": 5.798, "running_n": 6}
{"event": "eval_done", "idx": 7, "instance_id": "deep2wide_result_51_安提帕特王朝", "score": 0.0, "entity_acc": 0.0, "f1_by_row": 0.0, "f1_by_item": 0.0, "column_f1": 0.0, "error": null, "elapsed_seconds": 1.804, "running_n": 7}
SUMMARY {"n": 7, "valid_n": 7, "errors": 0, "complete": true, "judge_calls_current_process": 15, "score": 0.0, "entity_acc": 0.42857142857142855, "precision_by_row": 0.07142857142857142, "recall_by_row": 0.047619047619047616, "f1_by_row": 0.05714285714285715, "precision_by_item": 0.12724434035909446, "recall_by_item": 0.07421875, "f1_by_item": 0.09317208364827412, "column_precision": 0.1978922716627635, "column_recall": 0.10788690476190475, "column_f1": 0.13877551020408163}
