INFO: Pandarallel will run on 8 workers.
INFO: Pandarallel will use Memory file system to transfer data between the main process and workers.
{"event": "eval_start", "selected": 7, "resume_committed": 0, "committed_errors": 0, "crash_only_resume": false}
{"event": "eval_done", "idx": 1, "instance_id": "deep2wide_result_58_《近月少女的礼仪》", "score": 0.0, "entity_acc": 0.0, "f1_by_row": 0.0, "f1_by_item": 0.0, "column_f1": 0.0, "error": null, "elapsed_seconds": 2.562, "running_n": 1}
{"event": "eval_done", "idx": 2, "instance_id": "deep2wide_result_59_《魔女之泉》", "score": 0.0, "entity_acc": 0.0, "f1_by_row": 0.0, "f1_by_item": 0.0, "column_f1": 0.0, "error": null, "elapsed_seconds": 1.062, "running_n": 2}
2026-08-12 15:25:59.927 | DEBUG    | eval.evaluation.data_loader:extract_dataframe:167 - find markdown_str 
| 中文名称 | 外文名称 | 移动速度 |
| --- | --- | --- |
| 普通僵尸 | Zombie | 普通 ...
2026-08-12 15:26:07.933 | INFO     | eval.evaluation.metric_utils:primary_key_preprocess:246 - primary_key_preprocess result: ```json
{
  "普通僵尸": "普通僵尸",
  "旗帜僵尸": "旗子僵尸",
  "路障僵尸": "路障僵尸",
  "撑杆僵尸": "撑杆僵尸",
  "铁桶僵尸": "铁桶僵尸",
  "读报僵尸": "报纸僵尸",
  "铁栅门僵尸": "铁门僵尸",
  "橄榄球僵尸": "橄榄球僵尸",
  "舞王僵尸": "舞王僵尸",
  "伴舞僵尸": "伴舞僵尸",
  "鸭子救生圈僵尸": "鸭子救生圈僵尸",
  "潜水僵尸": "潜水僵尸",
  "雪橇车僵尸小队": "雪橇车僵尸",
  "海豚骑士僵尸": "海豚骑士僵尸",
  "玩偶匣僵尸": "小丑僵尸",
  "气球僵尸": "气球僵尸",
  "矿工僵尸": "矿工僵尸",
  "跳跳僵尸": "蹦蹦僵尸",
  "雪人僵尸": "僵尸雪人",
  "蹦极僵尸": "蹦极僵尸",
  "扶梯僵尸": "梯子僵尸",
  "投石车僵尸": "投石车僵尸",
  "巨人僵尸": "巨人僵尸",
  "小鬼僵尸": "小鬼僵尸",
  "僵王博士": "埃德加·乔治·僵王博士"
}
```
2026-08-12 15:26:07.933 | INFO     | eval.evaluation.evaluation:evaluate_single_query:223 - col: 中文名称, primary_key_map {'普通僵尸': '普通僵尸', '旗帜僵尸': '旗子僵尸', '路障僵尸': '路障僵尸', '撑杆僵尸': '撑杆僵尸', '铁桶僵尸': '铁桶僵尸', '读报僵尸': '报纸僵尸', '铁栅门僵尸': '铁门僵尸', '橄榄球僵尸': '橄榄球僵尸', '舞王僵尸': '舞王僵尸', '伴舞僵尸': '伴舞僵尸', '鸭子救生圈僵尸': '鸭子救生圈僵尸', '潜水僵尸': '潜水僵尸', '雪橇车僵尸小队': '雪橇车僵尸', '海豚骑士僵尸': '海豚骑士僵尸', '玩偶匣僵尸': '小丑僵尸', '气球僵尸': '气球僵尸', '矿工僵尸': '矿工僵尸', '跳跳僵尸': '蹦蹦僵尸', '雪人僵尸': '僵尸雪人', '蹦极僵尸': '蹦极僵尸', '扶梯僵尸': '梯子僵尸', '投石车僵尸': '投石车僵尸', '巨人僵尸': '巨人僵尸', '小鬼僵尸': '小鬼僵尸', '僵王博士': '埃德加·乔治·僵王博士'}
2026-08-12 15:26:07.940 | INFO     | eval.evaluation.evaluation:evaluate_single_query:275 - deep2wide_result_61_植物大战僵尸, df_inner shape: (25, 6), answer_df shape: (33, 3), response_df shape: (26, 4)
2026-08-12 15:26:13.414 | DEBUG    | eval.evaluation.evaluation:evaluate_single_query:321 - deep2wide_result_61_植物大战僵尸, col 外文名称, metric_func_name llm_judge, score [1, 1, 1, 1, 1, 1, 1, 1, 1, 1, 1, 0, 1, 1, 1, 1, 1, 1, 1, 1, 1, 1, 1, 1, 0]
2026-08-12 15:26:13.415 | DEBUG    | eval.evaluation.evaluation:metric_call:77 - metric_func_name number_near score 1.0 msg number near in range 5.0%, response: 4.7, target: 4.7
2026-08-12 15:26:13.415 | DEBUG    | eval.evaluation.evaluation:metric_call:77 - metric_func_name number_near score 0.0 msg number not near, response: 4.7, target: 3.7
2026-08-12 15:26:13.415 | DEBUG    | eval.evaluation.evaluation:metric_call:77 - metric_func_name number_near score 1.0 msg number near in range 5.0%, response: 4.7, target: 4.7
2026-08-12 15:26:13.415 | DEBUG    | eval.evaluation.evaluation:metric_call:77 - metric_func_name number_near score 0.0 msg number not convertable, response: None, target: 2.5
2026-08-12 15:26:13.415 | DEBUG    | eval.evaluation.evaluation:metric_call:77 - metric_func_name number_near score 1.0 msg number near in range 5.0%, response: 4.7, target: 4.7
2026-08-12 15:26:13.415 | DEBUG    | eval.evaluation.evaluation:metric_call:77 - metric_func_name number_near score 0.0 msg number not convertable, response: None, target: 4.7
2026-08-12 15:26:13.415 | DEBUG    | eval.evaluation.evaluation:metric_call:77 - metric_func_name number_near score 1.0 msg number near in range 5.0%, response: 2.5, target: 2.5
2026-08-12 15:26:13.415 | DEBUG    | eval.evaluation.evaluation:metric_call:77 - metric_func_name number_near score 0.0 msg number not near, response: 2.5, target: 1.2
2026-08-12 15:26:13.415 | DEBUG    | eval.evaluation.evaluation:metric_call:77 - metric_func_name number_near score 0.0 msg number not near, response: 4.7, target: 5.5
2026-08-12 15:26:13.416 | DEBUG    | eval.evaluation.evaluation:metric_call:77 - metric_func_name number_near score 1.0 msg number near in range 5.0%, response: 4.7, target: 4.7
2026-08-12 15:26:13.416 | DEBUG    | eval.evaluation.evaluation:metric_call:77 - metric_func_name number_near score 0.0 msg number not near, response: 4.7, target: 4.0
2026-08-12 15:26:13.416 | DEBUG    | eval.evaluation.evaluation:metric_call:77 - metric_func_name number_near score 0.0 msg number not convertable, response: None, target: 3.0
2026-08-12 15:26:13.416 | DEBUG    | eval.evaluation.evaluation:metric_call:77 - metric_func_name number_near score 0.0 msg number not convertable, response: None, target: 0.8
2026-08-12 15:26:13.416 | DEBUG    | eval.evaluation.evaluation:metric_call:77 - metric_func_name number_near score 1.0 msg number near in range 5.0%, response: 2.5, target: 2.5
2026-08-12 15:26:13.416 | DEBUG    | eval.evaluation.evaluation:metric_call:77 - metric_func_name number_near score 0.0 msg number not convertable, response: None, target: 1.2
2026-08-12 15:26:13.416 | DEBUG    | eval.evaluation.evaluation:metric_call:77 - metric_func_name number_near score 0.0 msg number not convertable, response: None, target: 5.0
2026-08-12 15:26:13.416 | DEBUG    | eval.evaluation.evaluation:metric_call:77 - metric_func_name number_near score 0.0 msg number not near, response: 6.0, target: 2.5
2026-08-12 15:26:13.416 | DEBUG    | eval.evaluation.evaluation:metric_call:77 - metric_func_name number_near score 1.0 msg number near in range 5.0%, response: 4.7, target: 4.7
2026-08-12 15:26:13.416 | DEBUG    | eval.evaluation.evaluation:metric_call:77 - metric_func_name number_near score 0.0 msg number not near, response: 4.7, target: 1.9
2026-08-12 15:26:13.416 | DEBUG    | eval.evaluation.evaluation:metric_call:77 - metric_func_name number_near score 1.0 msg number equal, response: NULL, target: NULL
2026-08-12 15:26:13.416 | DEBUG    | eval.evaluation.evaluation:metric_call:77 - metric_func_name number_near score 1.0 msg number equal, response: NULL, target: NULL
2026-08-12 15:26:13.416 | DEBUG    | eval.evaluation.evaluation:metric_call:77 - metric_func_name number_near score 0.0 msg number not near, response: 2.5, target: 1.9
2026-08-12 15:26:13.416 | DEBUG    | eval.evaluation.evaluation:metric_call:77 - metric_func_name number_near score 0.0 msg number not convertable, response: None, target: 2.0
2026-08-12 15:26:13.416 | DEBUG    | eval.evaluation.evaluation:metric_call:77 - metric_func_name number_near score 0.0 msg number not convertable, response: 4.7, target: None
2026-08-12 15:26:13.416 | DEBUG    | eval.evaluation.evaluation:metric_call:77 - metric_func_name number_near score 0.0 msg number not near, response: 4.7, target: 33.0
2026-08-12 15:26:13.417 | DEBUG    | eval.evaluation.evaluation:evaluate_single_query:321 - deep2wide_result_61_植物大战僵尸, col 移动速度, metric_func_name number_near, score [1.0, 0.0, 1.0, 0.0, 1.0, 0.0, 1.0, 0.0, 0.0, 1.0, 0.0, 0.0, 0.0, 1.0, 0.0, 0.0, 0.0, 1.0, 0.0, 1.0, 1.0, 0.0, 0.0, 0.0, 0.0]
2026-08-12 15:26:13.422 | INFO     | eval.evaluation.evaluation:evaluate_single_query:380 - deep2wide_result_61_植物大战僵尸, P/R/F1 by unique_columns: 0.9615/0.7576/0.8475
2026-08-12 15:26:13.422 | INFO     | eval.evaluation.evaluation:evaluate_single_query:383 - deep2wide_result_61_植物大战僵尸, P/R/F1 by row: 0.3462/0.2727/0.3051
2026-08-12 15:26:13.423 | INFO     | eval.evaluation.evaluation:evaluate_single_query:386 - deep2wide_result_61_植物大战僵尸, P/R/F1 by item: 0.7308/0.5758/0.6441
2026-08-12 15:26:13.425 | INFO     | eval.evaluation.evaluation:evaluate_single_query:398 - deep2wide_result_61_植物大战僵尸, final table score: 0.0
{"event": "eval_done", "idx": 3, "instance_id": "deep2wide_result_61_植物大战僵尸", "score": 0.0, "entity_acc": 1.0, "f1_by_row": 0.3050847457627119, "f1_by_item": 0.6440677966101696, "column_f1": 0.8474576271186441, "error": null, "elapsed_seconds": 15.235, "running_n": 3}
{"event": "eval_done", "idx": 4, "instance_id": "deep2wide_result_63_常春藤联盟", "score": 0.0, "entity_acc": 0.0, "f1_by_row": 0.0, "f1_by_item": 0.0, "column_f1": 0.0, "error": null, "elapsed_seconds": 2.768, "running_n": 4}
2026-08-12 15:26:18.949 | DEBUG    | eval.evaluation.data_loader:extract_dataframe:167 - find markdown_str 
| 名字 | 出生日期 | 军衔 | 祖籍 |
| --- | --- | --- | --- |
| 张又侠 | Jul 0 ...
2026-08-12 15:26:22.928 | INFO     | eval.evaluation.metric_utils:primary_key_preprocess:246 - primary_key_preprocess result: ```json
{}
```
2026-08-12 15:26:22.928 | INFO     | eval.evaluation.evaluation:evaluate_single_query:223 - col: 名字, primary_key_map {}
2026-08-12 15:26:24.032 | INFO     | eval.evaluation.evaluation:evaluate_single_query:275 - deep2wide_result_64_哈尔滨工业大学, df_inner shape: (0, 8), answer_df shape: (12, 4), response_df shape: (24, 5)
2026-08-12 15:26:24.033 | DEBUG    | eval.evaluation.evaluation:metric_call:77 - metric_func_name date_near score 1.0 msg date near, response: nan, target: nan
2026-08-12 15:26:24.034 | DEBUG    | eval.evaluation.evaluation:evaluate_single_query:321 - deep2wide_result_64_哈尔滨工业大学, col 出生日期, metric_func_name date_near, score []
2026-08-12 15:26:24.037 | ERROR    | eval.evaluation.evaluation:evaluate_single_query:401 - evaluator error: 
Traceback (most recent call last):
  File "/home/azureuser/workspace-gzy/zyf/deep/external/Marco-Search-Agent/Marco-DeepResearch-Family/DeepWideSearch/eval/evaluation/evaluation.py", line 315, in evaluate_single_query
    df_inner_score[f"{col}_{metric_func_name}"] = (
    ~~~~~~~~~~~~~~^^^^^^^^^^^^^^^^^^^^^^^^^^^^^
  File "/home/azureuser/workspace-gzy/zyf/deep/.venv-eval/lib/python3.12/site-packages/pandas/core/frame.py", line 4312, in __setitem__
    self._set_item_frame_value(key, value)
  File "/home/azureuser/workspace-gzy/zyf/deep/.venv-eval/lib/python3.12/site-packages/pandas/core/frame.py", line 4470, in _set_item_frame_value
    raise ValueError(
ValueError: Cannot set a DataFrame with multiple columns to the single column 军衔_exact_match

{"event": "eval_done", "idx": 5, "instance_id": "deep2wide_result_64_哈尔滨工业大学", "score": null, "entity_acc": null, "f1_by_row": null, "f1_by_item": null, "column_f1": null, "error": "RuntimeError: official evaluator reported an internal error", "elapsed_seconds": 7.578, "running_n": 5}
{"event": "eval_done", "idx": 6, "instance_id": "deep2wide_result_66_中国科学技术大学", "score": 0.0, "entity_acc": 0.0, "f1_by_row": 0.0, "f1_by_item": 0.0, "column_f1": 0.0, "error": null, "elapsed_seconds": 3.226, "running_n": 6}
2026-08-12 15:26:32.163 | DEBUG    | eval.evaluation.data_loader:extract_dataframe:167 - find markdown_str 
| 时间 | 荣誉表彰 | 授予单位 | 任教单位 | 社会任职 |
| --- | --- | --- | --- | -- ...
2026-08-12 15:26:34.848 | INFO     | eval.evaluation.metric_utils:primary_key_preprocess:246 - primary_key_preprocess result: ```json
{
  "朱利叶斯·埃德加·利林菲尔德奖（Julius Edgar Lilienfeld Prize）": "朱利叶斯·埃德加·利连菲尔德奖",
  "当选美国哲学学会会员": "美国哲学学会会士"
}
```
2026-08-12 15:26:34.848 | INFO     | eval.evaluation.evaluation:evaluate_single_query:223 - col: 荣誉表彰, primary_key_map {'朱利叶斯·埃德加·利林菲尔德奖（Julius Edgar Lilienfeld Prize）': '朱利叶斯·埃德加·利连菲尔德奖', '当选美国哲学学会会员': '美国哲学学会会士'}
2026-08-12 15:26:34.872 | INFO     | eval.evaluation.evaluation:evaluate_single_query:275 - deep2wide_result_67_基普·索恩, df_inner shape: (2, 10), answer_df shape: (7, 5), response_df shape: (4, 6)
2026-08-12 15:26:34.875 | DEBUG    | eval.evaluation.evaluation:metric_call:77 - metric_func_name date_near score 0.0 msg date not near, response: 1996-08-01 00:00:00, target: 2012-08-30 00:00:00
2026-08-12 15:26:34.877 | DEBUG    | eval.evaluation.evaluation:metric_call:77 - metric_func_name date_near score 0.0 msg date not near, response: 1999-08-01 00:00:00, target: 2012-08-27 00:00:00
2026-08-12 15:26:34.878 | DEBUG    | eval.evaluation.evaluation:evaluate_single_query:321 - deep2wide_result_67_基普·索恩, col 时间, metric_func_name date_near, score [0.0, 0.0]
2026-08-12 15:26:38.933 | DEBUG    | eval.evaluation.evaluation:evaluate_single_query:321 - deep2wide_result_67_基普·索恩, col 授予单位, metric_func_name llm_judge, score [1, 1]
2026-08-12 15:26:42.254 | DEBUG    | eval.evaluation.evaluation:evaluate_single_query:321 - deep2wide_result_67_基普·索恩, col 任教单位, metric_func_name llm_judge, score [0, 0]
2026-08-12 15:26:46.176 | DEBUG    | eval.evaluation.evaluation:evaluate_single_query:321 - deep2wide_result_67_基普·索恩, col 社会任职, metric_func_name llm_judge, score [0, 0]
2026-08-12 15:26:46.181 | INFO     | eval.evaluation.evaluation:evaluate_single_query:380 - deep2wide_result_67_基普·索恩, P/R/F1 by unique_columns: 0.5000/0.2857/0.3636
2026-08-12 15:26:46.181 | INFO     | eval.evaluation.evaluation:evaluate_single_query:383 - deep2wide_result_67_基普·索恩, P/R/F1 by row: 0.0000/0.0000/0.0000
2026-08-12 15:26:46.181 | INFO     | eval.evaluation.evaluation:evaluate_single_query:386 - deep2wide_result_67_基普·索恩, P/R/F1 by item: 0.2000/0.1143/0.1455
2026-08-12 15:26:46.182 | INFO     | eval.evaluation.evaluation:evaluate_single_query:398 - deep2wide_result_67_基普·索恩, final table score: 0.0
{"event": "eval_done", "idx": 7, "instance_id": "deep2wide_result_67_基普·索恩", "score": 0.0, "entity_acc": 1.0, "f1_by_row": 0.0, "f1_by_item": 0.14545454545454545, "column_f1": 0.36363636363636365, "error": null, "elapsed_seconds": 18.876, "running_n": 7}
SUMMARY {"n": 7, "valid_n": 6, "errors": 1, "complete": false, "judge_calls_current_process": 14, "score": 0.0, "entity_acc": 0.3333333333333333, "precision_by_row": 0.05769230769230769, "recall_by_row": 0.04545454545454545, "f1_by_row": 0.05084745762711865, "precision_by_item": 0.15512820512820513, "recall_by_item": 0.11500721500721502, "f1_by_item": 0.13158705701078585, "column_precision": 0.2435897435897436, "column_recall": 0.1738816738816739, "column_f1": 0.20184899845916796}
